Archive member included to satisfy reference by file (symbol)

/opt/gcc-arm-none-eabi-7-2017-q4-major/bin/../lib/gcc/arm-none-eabi/7.2.1/../../../../arm-none-eabi/lib/thumb/v7e-m/fpv4-sp/hard/libc.a(lib_a-init.o)
                              obj/Debug/src/stm32_libs/stm32f4xx/cmsis/startup_stm32f410xx.o (__libc_init_array)

Discarded input sections

 .group         0x0000000000000000        0xc obj/Debug/src/actors/act_hw.o
 .group         0x0000000000000000        0xc obj/Debug/src/actors/act_hw.o
 .group         0x0000000000000000        0xc obj/Debug/src/actors/act_hw.o
 .group         0x0000000000000000        0xc obj/Debug/src/actors/act_hw.o
 .group         0x0000000000000000        0xc obj/Debug/src/actors/act_hw.o
 .group         0x0000000000000000        0xc obj/Debug/src/actors/act_hw.o
 .group         0x0000000000000000        0xc obj/Debug/src/actors/act_hw.o
 .group         0x0000000000000000        0xc obj/Debug/src/actors/act_hw.o
 .group         0x0000000000000000        0xc obj/Debug/src/actors/act_hw.o
 .group         0x0000000000000000        0xc obj/Debug/src/actors/act_hw.o
 .group         0x0000000000000000        0xc obj/Debug/src/actors/act_hw.o
 .group         0x0000000000000000        0xc obj/Debug/src/actors/act_hw.o
 .group         0x0000000000000000        0xc obj/Debug/src/actors/act_hw.o
 .group         0x0000000000000000        0xc obj/Debug/src/actors/act_hw.o
 .group         0x0000000000000000        0xc obj/Debug/src/actors/act_hw.o
 .group         0x0000000000000000        0xc obj/Debug/src/actors/act_hw.o
 .group         0x0000000000000000        0xc obj/Debug/src/actors/act_hw.o
 .group         0x0000000000000000        0xc obj/Debug/src/actors/act_hw.o
 .group         0x0000000000000000        0xc obj/Debug/src/actors/act_hw.o
 .group         0x0000000000000000        0xc obj/Debug/src/actors/act_hw.o
 .group         0x0000000000000000        0xc obj/Debug/src/actors/act_hw.o
 .group         0x0000000000000000        0xc obj/Debug/src/actors/act_hw.o
 .group         0x0000000000000000        0xc obj/Debug/src/actors/act_hw.o
 .group         0x0000000000000000        0xc obj/Debug/src/actors/act_hw.o
 .group         0x0000000000000000        0xc obj/Debug/src/actors/act_hw.o
 .group         0x0000000000000000        0xc obj/Debug/src/actors/act_hw.o
 .group         0x0000000000000000        0xc obj/Debug/src/actors/act_hw.o
 .group         0x0000000000000000        0xc obj/Debug/src/actors/act_hw.o
 .group         0x0000000000000000        0xc obj/Debug/src/actors/act_hw.o
 .group         0x0000000000000000        0xc obj/Debug/src/actors/act_hw.o
 .group         0x0000000000000000        0xc obj/Debug/src/actors/act_hw.o
 .group         0x0000000000000000        0xc obj/Debug/src/actors/act_hw.o
 .group         0x0000000000000000        0xc obj/Debug/src/actors/act_hw.o
 .group         0x0000000000000000        0xc obj/Debug/src/actors/act_hw.o
 .group         0x0000000000000000        0xc obj/Debug/src/actors/act_hw.o
 .group         0x0000000000000000        0xc obj/Debug/src/actors/act_hw.o
 .group         0x0000000000000000        0xc obj/Debug/src/actors/act_hw.o
 .group         0x0000000000000000        0xc obj/Debug/src/actors/act_hw.o
 .group         0x0000000000000000        0xc obj/Debug/src/actors/act_hw.o
 .group         0x0000000000000000        0xc obj/Debug/src/actors/act_hw.o
 .group         0x0000000000000000        0xc obj/Debug/src/actors/act_hw.o
 .group         0x0000000000000000        0xc obj/Debug/src/actors/act_hw.o
 .group         0x0000000000000000        0xc obj/Debug/src/actors/act_hw.o
 .group         0x0000000000000000        0xc obj/Debug/src/actors/act_hw.o
 .group         0x0000000000000000        0xc obj/Debug/src/actors/act_hw.o
 .group         0x0000000000000000        0xc obj/Debug/src/actors/act_hw.o
 .group         0x0000000000000000        0xc obj/Debug/src/actors/act_hw.o
 .group         0x0000000000000000        0xc obj/Debug/src/actors/act_hw.o
 .group         0x0000000000000000        0xc obj/Debug/src/actors/act_hw.o
 .group         0x0000000000000000        0xc obj/Debug/src/actors/act_hw.o
 .group         0x0000000000000000        0xc obj/Debug/src/actors/act_hw.o
 .group         0x0000000000000000        0xc obj/Debug/src/actors/act_hw.o
 .group         0x0000000000000000        0xc obj/Debug/src/actors/act_hw.o
 .group         0x0000000000000000        0xc obj/Debug/src/actors/act_hw.o
 .text          0x0000000000000000        0x0 obj/Debug/src/actors/act_hw.o
 .data          0x0000000000000000        0x0 obj/Debug/src/actors/act_hw.o
 .bss           0x0000000000000000        0x0 obj/Debug/src/actors/act_hw.o
 .text.set_act1
                0x0000000000000000       0x34 obj/Debug/src/actors/act_hw.o
 .text.set_act2
                0x0000000000000000       0x34 obj/Debug/src/actors/act_hw.o
 .text.init_act_hw
                0x0000000000000000       0x54 obj/Debug/src/actors/act_hw.o
[...]
Memory Configuration

Name             Origin             Length             Attributes
FLASH            0x0000000008000000 0x0000000000020000 xr
RAM              0x0000000020000000 0x0000000000008000 xrw
MEMORY_B1        0x0000000060000000 0x0000000000000000 xr
*default*        0x0000000000000000 0xffffffffffffffff

Linker script and memory map

LOAD obj/Debug/src/actors/act_hw.o
LOAD obj/Debug/src/actors/act_logic.o
LOAD obj/Debug/src/com/serial_monitor.o
LOAD obj/Debug/src/com/Tuareg_console.o
LOAD obj/Debug/src/com/TunerStudio.o
LOAD obj/Debug/src/com/TunerStudio_outChannel.o
LOAD obj/Debug/src/com/TunerStudio_service.o
LOAD obj/Debug/src/com/uart.o
LOAD obj/Debug/src/com/uart_printf.o
LOAD obj/Debug/src/dash/dash_hw.o
LOAD obj/Debug/src/dash/dash_logic.o
LOAD obj/Debug/src/debug/debug.o
LOAD obj/Debug/src/debug/debug_port_messages.o
LOAD obj/Debug/src/debug/dwt.o
LOAD obj/Debug/src/decoder/decoder_cis.o
LOAD obj/Debug/src/decoder/decoder_config.o
LOAD obj/Debug/src/decoder/decoder_debug.o
LOAD obj/Debug/src/decoder/decoder_diag.o
LOAD obj/Debug/src/decoder/decoder_hw.o
LOAD obj/Debug/src/decoder/decoder_logic.o
LOAD obj/Debug/src/decoder/Tuareg_decoder.o
LOAD obj/Debug/src/diagnostics/diagnostics.o
LOAD obj/Debug/src/diagnostics/fault_log.o
LOAD obj/Debug/src/diagnostics/highspeed_loggers.o
LOAD obj/Debug/src/diagnostics/syslog.o
LOAD obj/Debug/src/fueling/fueling_config.o
LOAD obj/Debug/src/fueling/fueling_diag.o
LOAD obj/Debug/src/fueling/fueling_hw.o
LOAD obj/Debug/src/fueling/fueling_logic.o
LOAD obj/Debug/src/fueling/Tuareg_fueling.o
LOAD obj/Debug/src/fueling/Tuareg_fueling_controls.o
LOAD obj/Debug/src/ignition/ignition_config.o
LOAD obj/Debug/src/ignition/ignition_diag.o
LOAD obj/Debug/src/ignition/ignition_hw.o
LOAD obj/Debug/src/ignition/Tuareg_ignition.o
LOAD obj/Debug/src/ignition/Tuareg_ignition_controls.o
LOAD obj/Debug/src/main/main.o
LOAD obj/Debug/src/main/Tuareg.o
LOAD obj/Debug/src/main/Tuareg_config.o
LOAD obj/Debug/src/main/Tuareg_diag.o
LOAD obj/Debug/src/main/Tuareg_errors.o
LOAD obj/Debug/src/main/Tuareg_ID.o
LOAD obj/Debug/src/main/Tuareg_process_data.o
LOAD obj/Debug/src/main/Tuareg_service_functions.o
LOAD obj/Debug/src/main/Tuareg_types.o
LOAD obj/Debug/src/module_test/module_test.o
LOAD obj/Debug/src/process_table/process_table.o
LOAD obj/Debug/src/sensors/analog_sensors.o
LOAD obj/Debug/src/sensors/digital_sensors.o
LOAD obj/Debug/src/sensors/knock_sensor.o
LOAD obj/Debug/src/sensors/sensor_calibration.o
LOAD obj/Debug/src/sensors/sensors_diag.o
LOAD obj/Debug/src/sensors/Tuareg_sensors.o
LOAD obj/Debug/src/stm32_libs/stm32f4xx/boctok/stm32f4xx_adc.o
LOAD obj/Debug/src/stm32_libs/stm32f4xx/boctok/stm32f4xx_fault_handler.o
LOAD obj/Debug/src/stm32_libs/stm32f4xx/boctok/stm32f4xx_gpio.o
LOAD obj/Debug/src/stm32_libs/stm32f4xx/cmsis/startup_stm32f410xx.o
LOAD obj/Debug/src/stm32_libs/stm32f4xx/cmsis/system_hse100_stm32f410.o
LOAD obj/Debug/src/stm32_libs/stm32f4xx/spl/misc.o
LOAD obj/Debug/src/stm32_libs/stm32f4xx/spl/stm32f4xx_dma.o
LOAD obj/Debug/src/stm32_libs/stm32f4xx/spl/stm32f4xx_i2c.o
LOAD obj/Debug/src/stm32_libs/stm32f4xx/spl/stm32f4xx_rcc.o
LOAD obj/Debug/src/stm32_libs/stm32f4xx/spl/stm32f4xx_usart.o
LOAD obj/Debug/src/storage/eeprom.o
LOAD obj/Debug/src/storage/table.o
LOAD obj/Debug/src/timing/lowprio_scheduler.o
LOAD obj/Debug/src/timing/scheduler.o
LOAD obj/Debug/src/timing/scheduler_diag.o
LOAD obj/Debug/src/timing/systick_timer.o
LOAD obj/Debug/src/utils/base_calc.o
LOAD obj/Debug/src/utils/bitfields.o
LOAD obj/Debug/src/utils/conversion.o
                0x0000000020008000                _estack = 0x20008000
                0x0000000000000000                _Min_Heap_Size = 0x0
                0x0000000000000100                _Min_Stack_Size = 0x100

.isr_vector     0x0000000008000000      0x1c8
                0x0000000008000000                . = ALIGN (0x4)
 *(.isr_vector)
 .isr_vector    0x0000000008000000      0x1c8 obj/Debug/src/stm32_libs/stm32f4xx/cmsis/startup_stm32f410xx.o
                0x0000000008000000                g_pfnVectors
                0x00000000080001c8                . = ALIGN (0x4)

.text           0x00000000080001c8    0x10584
                0x00000000080001c8                . = ALIGN (0x4)
 *(.text)
 *(.text*)
 .text.Tuareg_update_console
                0x00000000080001c8      0x324 obj/Debug/src/com/Tuareg_console.o
                0x00000000080001c8                Tuareg_update_console
 .text.cli_showPage
                0x00000000080004ec      0x194 obj/Debug/src/com/Tuareg_console.o
                0x00000000080004ec                cli_showPage
 .text.cli_checkPermissions
                0x0000000008000680      0x154 obj/Debug/src/com/Tuareg_console.o
                0x0000000008000680                cli_checkPermissions
 .text.cli_show_help
                0x00000000080007d4      0x11c obj/Debug/src/com/Tuareg_console.o
                0x00000000080007d4                cli_show_help
 .text.cli_cyclic_update
                0x00000000080008f0       0x24 obj/Debug/src/com/Tuareg_console.o
                0x00000000080008f0                cli_cyclic_update
 .text.Tuareg_init_console
                0x0000000008000914       0x18 obj/Debug/src/com/Tuareg_console.o
                0x0000000008000914                Tuareg_init_console
 .text.ts_readPage
                0x000000000800092c      0x108 obj/Debug/src/com/TunerStudio.o
                0x000000000800092c                ts_readPage
 .text.ts_valueWrite
                0x0000000008000a34      0x308 obj/Debug/src/com/TunerStudio.o
                0x0000000008000a34                ts_valueWrite
 .text.ts_burnPage
                0x0000000008000d3c      0x120 obj/Debug/src/com/TunerStudio.o
                0x0000000008000d3c                ts_burnPage
 .text.ts_sendOutputChannels
                0x0000000008000e5c      0x1e4 obj/Debug/src/com/TunerStudio_outChannel.o
                0x0000000008000e5c                ts_sendOutputChannels
 .text.ts_tuareg_bits
                0x0000000008001040      0x27c obj/Debug/src/com/TunerStudio_outChannel.o
                0x0000000008001040                ts_tuareg_bits
 .text.NVIC_SystemReset
                0x00000000080012bc       0x24 obj/Debug/src/com/TunerStudio_service.o
 .text.ts_debug_features
                0x00000000080012e0       0xe4 obj/Debug/src/com/TunerStudio_service.o
                0x00000000080012e0                ts_debug_features
 .text.ts_debug_info
                0x00000000080013c4      0x104 obj/Debug/src/com/TunerStudio_service.o
                0x00000000080013c4                ts_debug_info
 .text.cli_show_process_data
                0x00000000080014c8       0xd4 obj/Debug/src/com/TunerStudio_service.o
                0x00000000080014c8                cli_show_process_data
 .text.cli_show_ignition_controls
                0x000000000800159c      0x15c obj/Debug/src/com/TunerStudio_service.o
                0x000000000800159c                cli_show_ignition_controls
 .text.cli_show_decoder_interface
                0x00000000080016f8      0x180 obj/Debug/src/com/TunerStudio_service.o
                0x00000000080016f8                cli_show_decoder_interface
 .text.cli_print_sensor_data
                0x0000000008001878      0x294 obj/Debug/src/com/TunerStudio_service.o
                0x0000000008001878                cli_print_sensor_data
 .text.NVIC_EnableIRQ
                0x0000000008001b0c       0x2c obj/Debug/src/com/uart.o
 .text.NVIC_SetPriority
                0x0000000008001b38       0x50 obj/Debug/src/com/uart.o
 .text.UART_TS_PORT_Init
                0x0000000008001b88       0xc8 obj/Debug/src/com/uart.o
                0x0000000008001b88                UART_TS_PORT_Init
 .text.UART_DEBUG_PORT_Init
                0x0000000008001c50       0x84 obj/Debug/src/com/uart.o
                0x0000000008001c50                UART_DEBUG_PORT_Init
 .text.UART_Tx  0x0000000008001cd4       0x44 obj/Debug/src/com/uart.o
                0x0000000008001cd4                UART_Tx
 .text.UART_Tx_n
                0x0000000008001d18       0x36 obj/Debug/src/com/uart.o
                0x0000000008001d18                UART_Tx_n
 *fill*         0x0000000008001d4e        0x2 
 .text.UART_TS_PORT_NEXT_LINE
                0x0000000008001d50       0x24 obj/Debug/src/com/uart.o
                0x0000000008001d50                UART_TS_PORT_NEXT_LINE
 .text.UART_TS_PORT_reset_char_count
                0x0000000008001d74       0x10 obj/Debug/src/com/uart.o
                0x0000000008001d74                UART_TS_PORT_reset_char_count
 .text.UART_TS_PORT_get_char_count
                0x0000000008001d84        0xc obj/Debug/src/com/uart.o
                0x0000000008001d84                UART_TS_PORT_get_char_count
 .text.UART_available
                0x0000000008001d90        0xc obj/Debug/src/com/uart.o
                0x0000000008001d90                UART_available
 .text.UART_getRX
                0x0000000008001d9c       0x20 obj/Debug/src/com/uart.o
                0x0000000008001d9c                UART_getRX
 .text.serial_buffer_push
                0x0000000008001dbc       0x58 obj/Debug/src/com/uart.o
                0x0000000008001dbc                serial_buffer_push
 .text.serial_buffer_pull
                0x0000000008001e14       0x56 obj/Debug/src/com/uart.o
                0x0000000008001e14                serial_buffer_pull
 .text.UART_send_data
                0x0000000008001e6a       0x3e obj/Debug/src/com/uart.o
                0x0000000008001e6a                UART_send_data
 .text.USART1_IRQHandler
                0x0000000008001ea8       0x48 obj/Debug/src/com/uart.o
                0x0000000008001ea8                USART1_IRQHandler
 .text.printf_U
                0x0000000008001ef0      0x254 obj/Debug/src/com/uart_printf.o
                0x0000000008001ef0                printf_U
 .text.printf_F32
                0x0000000008002144      0x18c obj/Debug/src/com/uart_printf.o
                0x0000000008002144                printf_F32
 .text.printf_crkpos
                0x00000000080022d0       0xc4 obj/Debug/src/com/uart_printf.o
                0x00000000080022d0                printf_crkpos
 .text.printf_phase
                0x0000000008002394       0x54 obj/Debug/src/com/uart_printf.o
                0x0000000008002394                printf_phase
 .text.printf_decoder_sensing
                0x00000000080023e8       0x94 obj/Debug/src/com/uart_printf.o
                0x00000000080023e8                printf_decoder_sensing
 .text.print    0x000000000800247c       0x2c obj/Debug/src/com/uart_printf.o
                0x000000000800247c                print
 .text.print_flash
                0x00000000080024a8       0x2c obj/Debug/src/com/uart_printf.o
                0x00000000080024a8                print_flash
 .text.set_tachometer
                0x00000000080024d4       0x48 obj/Debug/src/dash/dash_hw.o
                0x00000000080024d4                set_tachometer
 .text.set_mil  0x000000000800251c       0x64 obj/Debug/src/dash/dash_hw.o
                0x000000000800251c                set_mil
 .text.init_dash_hw
                0x0000000008002580       0x54 obj/Debug/src/dash/dash_hw.o
                0x0000000008002580                init_dash_hw
 .text.init_dash
                0x00000000080025d4       0x16 obj/Debug/src/dash/dash_logic.o
                0x00000000080025d4                init_dash
 .text.dash_set_tachometer
                0x00000000080025ea        0xe obj/Debug/src/dash/dash_logic.o
                0x00000000080025ea                dash_set_tachometer
 .text.dash_set_mil
                0x00000000080025f8       0x38 obj/Debug/src/dash/dash_logic.o
                0x00000000080025f8                dash_set_mil
 .text.DebugMsg_Error
                0x0000000008002630       0x28 obj/Debug/src/debug/debug_port_messages.o
                0x0000000008002630                DebugMsg_Error
 .text.decoder_update_cis
                0x0000000008002658      0x234 obj/Debug/src/decoder/decoder_cis.o
                0x0000000008002658                decoder_update_cis
 .text.decoder_cis_handler
                0x000000000800288c       0xcc obj/Debug/src/decoder/decoder_cis.o
                0x000000000800288c                decoder_cis_handler
 .text.decoder_cis_noisefilter_handler
                0x0000000008002958        0xa obj/Debug/src/decoder/decoder_cis.o
                0x0000000008002958                decoder_cis_noisefilter_handler
 *fill*         0x0000000008002962        0x2 
 .text.enable_cis
                0x0000000008002964       0x54 obj/Debug/src/decoder/decoder_cis.o
                0x0000000008002964                enable_cis
 .text.disable_cis
                0x00000000080029b8        0xe obj/Debug/src/decoder/decoder_cis.o
                0x00000000080029b8                disable_cis
 *fill*         0x00000000080029c6        0x2 
 .text.load_Decoder_Setup
                0x00000000080029c8       0x20 obj/Debug/src/decoder/decoder_config.o
                0x00000000080029c8                load_Decoder_Setup
 .text.load_essential_Decoder_Setup
                0x00000000080029e8       0x64 obj/Debug/src/decoder/decoder_config.o
                0x00000000080029e8                load_essential_Decoder_Setup
 .text.store_Decoder_Setup
                0x0000000008002a4c       0x1c obj/Debug/src/decoder/decoder_config.o
                0x0000000008002a4c                store_Decoder_Setup
 .text.show_Decoder_Setup
                0x0000000008002a68      0x1b4 obj/Debug/src/decoder/decoder_config.o
                0x0000000008002a68                show_Decoder_Setup
 .text.modify_Decoder_Setup
                0x0000000008002c1c       0x2c obj/Debug/src/decoder/decoder_config.o
                0x0000000008002c1c                modify_Decoder_Setup
 .text.send_Decoder_Setup
                0x0000000008002c48       0x20 obj/Debug/src/decoder/decoder_config.o
                0x0000000008002c48                send_Decoder_Setup
 .text.decoder_diag_log_event
                0x0000000008002c68       0x44 obj/Debug/src/decoder/decoder_diag.o
                0x0000000008002c68                decoder_diag_log_event
 .text.print_decoder_diag
                0x0000000008002cac       0x84 obj/Debug/src/decoder/decoder_diag.o
                0x0000000008002cac                print_decoder_diag
 .text.NVIC_EnableIRQ
                0x0000000008002d30       0x2c obj/Debug/src/decoder/decoder_hw.o
 .text.NVIC_ClearPendingIRQ
                0x0000000008002d5c       0x30 obj/Debug/src/decoder/decoder_hw.o
 .text.NVIC_SetPriority
                0x0000000008002d8c       0x50 obj/Debug/src/decoder/decoder_hw.o
 .text.decoder_start_timer
                0x0000000008002ddc       0x84 obj/Debug/src/decoder/decoder_hw.o
                0x0000000008002ddc                decoder_start_timer
 .text.decoder_set_timer_prescaler
                0x0000000008002e60       0x38 obj/Debug/src/decoder/decoder_hw.o
                0x0000000008002e60                decoder_set_timer_prescaler
 .text.decoder_stop_timer
                0x0000000008002e98       0x24 obj/Debug/src/decoder/decoder_hw.o
                0x0000000008002e98                decoder_stop_timer
 .text.update_crank_noisefilter
                0x0000000008002ebc       0x54 obj/Debug/src/decoder/decoder_hw.o
                0x0000000008002ebc                update_crank_noisefilter
 .text.update_cam_noisefilter
                0x0000000008002f10       0x54 obj/Debug/src/decoder/decoder_hw.o
                0x0000000008002f10                update_cam_noisefilter
 .text.decoder_mask_crank_irq
                0x0000000008002f64       0x14 obj/Debug/src/decoder/decoder_hw.o
                0x0000000008002f64                decoder_mask_crank_irq
 .text.decoder_unmask_crank_irq
                0x0000000008002f78       0x1c obj/Debug/src/decoder/decoder_hw.o
                0x0000000008002f78                decoder_unmask_crank_irq
 .text.decoder_mask_cis_irq
                0x0000000008002f94       0x14 obj/Debug/src/decoder/decoder_hw.o
                0x0000000008002f94                decoder_mask_cis_irq
 .text.decoder_unmask_cis_irq
                0x0000000008002fa8       0x1c obj/Debug/src/decoder/decoder_hw.o
                0x0000000008002fa8                decoder_unmask_cis_irq
 .text.set_crank_pickup_sensing_rise
                0x0000000008002fc4       0x2c obj/Debug/src/decoder/decoder_hw.o
                0x0000000008002fc4                set_crank_pickup_sensing_rise
 .text.set_crank_pickup_sensing_fall
                0x0000000008002ff0       0x2c obj/Debug/src/decoder/decoder_hw.o
                0x0000000008002ff0                set_crank_pickup_sensing_fall
 .text.set_crank_pickup_sensing_disabled
                0x000000000800301c       0x2c obj/Debug/src/decoder/decoder_hw.o
                0x000000000800301c                set_crank_pickup_sensing_disabled
 .text.set_cis_sensing_rise
                0x0000000008003048       0x2c obj/Debug/src/decoder/decoder_hw.o
                0x0000000008003048                set_cis_sensing_rise
 .text.set_cis_sensing_fall
                0x0000000008003074       0x2c obj/Debug/src/decoder/decoder_hw.o
                0x0000000008003074                set_cis_sensing_fall
 .text.decoder_set_crank_pickup_sensing
                0x00000000080030a0       0x64 obj/Debug/src/decoder/decoder_hw.o
                0x00000000080030a0                decoder_set_crank_pickup_sensing
 .text.decoder_set_cis_sensing
                0x0000000008003104       0x64 obj/Debug/src/decoder/decoder_hw.o
                0x0000000008003104                decoder_set_cis_sensing
 .text.trigger_decoder_irq
                0x0000000008003168       0x18 obj/Debug/src/decoder/decoder_hw.o
                0x0000000008003168                trigger_decoder_irq
 .text.init_decoder_hw
                0x0000000008003180      0x108 obj/Debug/src/decoder/decoder_hw.o
                0x0000000008003180                init_decoder_hw
 .text.decoder_get_timestamp
                0x0000000008003288        0xc obj/Debug/src/decoder/decoder_hw.o
                0x0000000008003288                decoder_get_timestamp
 .text.decoder_set_timer_continuous_mode_on
                0x0000000008003294       0x2c obj/Debug/src/decoder/decoder_hw.o
                0x0000000008003294                decoder_set_timer_continuous_mode_on
 .text.decoder_set_timer_continuous_mode_off
                0x00000000080032c0       0x2c obj/Debug/src/decoder/decoder_hw.o
                0x00000000080032c0                decoder_set_timer_continuous_mode_off
 .text.decoder_request_timer_reset
                0x00000000080032ec       0x14 obj/Debug/src/decoder/decoder_hw.o
                0x00000000080032ec                decoder_request_timer_reset
 .text.EXTI0_IRQHandler
                0x0000000008003300       0x88 obj/Debug/src/decoder/decoder_hw.o
                0x0000000008003300                EXTI0_IRQHandler
 .text.TIM1_BRK_TIM9_IRQHandler
                0x0000000008003388       0xb0 obj/Debug/src/decoder/decoder_hw.o
                0x0000000008003388                TIM1_BRK_TIM9_IRQHandler
 .text.EXTI1_IRQHandler
                0x0000000008003438       0x1c obj/Debug/src/decoder/decoder_hw.o
                0x0000000008003438                EXTI1_IRQHandler
 .text.reset_timeout_counter
                0x0000000008003454       0x18 obj/Debug/src/decoder/decoder_logic.o
                0x0000000008003454                reset_timeout_counter
 .text.reset_timing_output
                0x000000000800346c       0x3c obj/Debug/src/decoder/decoder_logic.o
                0x000000000800346c                reset_timing_output
 .text.reset_position_data
                0x00000000080034a8       0x38 obj/Debug/src/decoder/decoder_logic.o
                0x00000000080034a8                reset_position_data
 .text.reset_internal_data
                0x00000000080034e0       0x18 obj/Debug/src/decoder/decoder_logic.o
                0x00000000080034e0                reset_internal_data
 .text.decoder_set_state
                0x00000000080034f8       0x38 obj/Debug/src/decoder/decoder_logic.o
                0x00000000080034f8                decoder_set_state
 .text.check_sync_ratio
                0x0000000008003530       0xb8 obj/Debug/src/decoder/decoder_logic.o
                0x0000000008003530                check_sync_ratio
 .text.check_sync_ratio_async
                0x00000000080035e8       0x8c obj/Debug/src/decoder/decoder_logic.o
                0x00000000080035e8                check_sync_ratio_async
 .text.update_timing_data
                0x0000000008003674      0x118 obj/Debug/src/decoder/decoder_logic.o
                0x0000000008003674                update_timing_data
 .text.init_decoder_logic
                0x000000000800378c       0x24 obj/Debug/src/decoder/decoder_logic.o
                0x000000000800378c                init_decoder_logic
 .text.decoder_crank_handler
                0x00000000080037b0      0x1ac obj/Debug/src/decoder/decoder_logic.o
                0x00000000080037b0                decoder_crank_handler
 .text.decoder_crank_noisefilter_handler
                0x000000000800395c        0xa obj/Debug/src/decoder/decoder_logic.o
                0x000000000800395c                decoder_crank_noisefilter_handler
 *fill*         0x0000000008003966        0x2 
 .text.decoder_crank_timeout_handler
                0x0000000008003968       0x44 obj/Debug/src/decoder/decoder_logic.o
                0x0000000008003968                decoder_crank_timeout_handler
 .text.init_Decoder
                0x00000000080039ac       0x7c obj/Debug/src/decoder/Tuareg_decoder.o
                0x00000000080039ac                init_Decoder
 .text.decoder_get_position_data_age_us
                0x0000000008003a28       0x54 obj/Debug/src/decoder/Tuareg_decoder.o
                0x0000000008003a28                decoder_get_position_data_age_us
 .text.copy_diag_data
                0x0000000008003a7c       0x6c obj/Debug/src/diagnostics/diagnostics.o
                0x0000000008003a7c                copy_diag_data
 .text.get_diag_data
                0x0000000008003ae8       0x30 obj/Debug/src/diagnostics/diagnostics.o
                0x0000000008003ae8                get_diag_data
 .text.release_diag_shadow
                0x0000000008003b18       0x10 obj/Debug/src/diagnostics/diagnostics.o
                0x0000000008003b18                release_diag_shadow
 .text.init_Fault_Log
                0x0000000008003b28       0x5c obj/Debug/src/diagnostics/fault_log.o
                0x0000000008003b28                init_Fault_Log
 .text.log_Fault
                0x0000000008003b84       0xa8 obj/Debug/src/diagnostics/fault_log.o
                0x0000000008003b84                log_Fault
 .text.Erase_Fault_Log
                0x0000000008003c2c       0x4c obj/Debug/src/diagnostics/fault_log.o
                0x0000000008003c2c                Erase_Fault_Log
 .text.load_Fault_Log
                0x0000000008003c78       0x20 obj/Debug/src/diagnostics/fault_log.o
                0x0000000008003c78                load_Fault_Log
 .text.load_void_Fault_Log
                0x0000000008003c98       0x2c obj/Debug/src/diagnostics/fault_log.o
                0x0000000008003c98                load_void_Fault_Log
 .text.store_Fault_Log
                0x0000000008003cc4       0x1c obj/Debug/src/diagnostics/fault_log.o
                0x0000000008003cc4                store_Fault_Log
 .text.show_Fault_Log
                0x0000000008003ce0       0xa0 obj/Debug/src/diagnostics/fault_log.o
                0x0000000008003ce0                show_Fault_Log
 .text.clear_Fault_Log
                0x0000000008003d80       0x2c obj/Debug/src/diagnostics/fault_log.o
                0x0000000008003d80                clear_Fault_Log
 .text.send_Fault_Log
                0x0000000008003dac       0x20 obj/Debug/src/diagnostics/fault_log.o
                0x0000000008003dac                send_Fault_Log
 .text.highspeedlog_init
                0x0000000008003dcc       0x1c obj/Debug/src/diagnostics/highspeed_loggers.o
                0x0000000008003dcc                highspeedlog_init
 .text.clear_highspeedlog
                0x0000000008003de8       0x18 obj/Debug/src/diagnostics/highspeed_loggers.o
                0x0000000008003de8                clear_highspeedlog
 .text.highspeedlog_register_error
                0x0000000008003e00        0x4 obj/Debug/src/diagnostics/highspeed_loggers.o
                0x0000000008003e00                highspeedlog_register_error
 .text.highspeedlog_write
                0x0000000008003e04      0x11c obj/Debug/src/diagnostics/highspeed_loggers.o
                0x0000000008003e04                highspeedlog_write
 .text.highspeedlog_register_crankpos
                0x0000000008003f20        0xc obj/Debug/src/diagnostics/highspeed_loggers.o
                0x0000000008003f20                highspeedlog_register_crankpos
 .text.highspeedlog_register_cis_lobe_begin
                0x0000000008003f2c       0x18 obj/Debug/src/diagnostics/highspeed_loggers.o
                0x0000000008003f2c                highspeedlog_register_cis_lobe_begin
 .text.highspeedlog_register_cis_lobe_end
                0x0000000008003f44       0x18 obj/Debug/src/diagnostics/highspeed_loggers.o
                0x0000000008003f44                highspeedlog_register_cis_lobe_end
 .text.highspeedlog_register_coil1_power
                0x0000000008003f5c        0xc obj/Debug/src/diagnostics/highspeed_loggers.o
                0x0000000008003f5c                highspeedlog_register_coil1_power
 .text.highspeedlog_register_coil1_unpower
                0x0000000008003f68        0xc obj/Debug/src/diagnostics/highspeed_loggers.o
                0x0000000008003f68                highspeedlog_register_coil1_unpower
 .text.highspeedlog_register_coil2_power
                0x0000000008003f74        0xc obj/Debug/src/diagnostics/highspeed_loggers.o
                0x0000000008003f74                highspeedlog_register_coil2_power
 .text.highspeedlog_register_coil2_unpower
                0x0000000008003f80        0xc obj/Debug/src/diagnostics/highspeed_loggers.o
                0x0000000008003f80                highspeedlog_register_coil2_unpower
 .text.highspeedlog_register_injector1_power
                0x0000000008003f8c        0xc obj/Debug/src/diagnostics/highspeed_loggers.o
                0x0000000008003f8c                highspeedlog_register_injector1_power
 .text.highspeedlog_register_injector1_unpower
                0x0000000008003f98        0xc obj/Debug/src/diagnostics/highspeed_loggers.o
                0x0000000008003f98                highspeedlog_register_injector1_unpower
 .text.highspeedlog_register_injector2_power
                0x0000000008003fa4        0xc obj/Debug/src/diagnostics/highspeed_loggers.o
                0x0000000008003fa4                highspeedlog_register_injector2_power
 .text.highspeedlog_register_injector2_unpower
                0x0000000008003fb0        0xc obj/Debug/src/diagnostics/highspeed_loggers.o
                0x0000000008003fb0                highspeedlog_register_injector2_unpower
 .text.send_highspeedlog
                0x0000000008003fbc      0x120 obj/Debug/src/diagnostics/highspeed_loggers.o
                0x0000000008003fbc                send_highspeedlog
 .text.show_highspeedlog
                0x00000000080040dc      0x1c4 obj/Debug/src/diagnostics/highspeed_loggers.o
                0x00000000080040dc                show_highspeedlog
 .text.Syslog_init
                0x00000000080042a0       0x14 obj/Debug/src/diagnostics/syslog.o
                0x00000000080042a0                Syslog_init
 .text.clear_syslog
                0x00000000080042b4       0x4c obj/Debug/src/diagnostics/syslog.o
                0x00000000080042b4                clear_syslog
 .text.clear_datalog
                0x0000000008004300       0x48 obj/Debug/src/diagnostics/syslog.o
                0x0000000008004300                clear_datalog
 .text.Syslog_Error
                0x0000000008004348       0x9c obj/Debug/src/diagnostics/syslog.o
                0x0000000008004348                Syslog_Error
 .text.Syslog_Warning
                0x00000000080043e4       0xcc obj/Debug/src/diagnostics/syslog.o
                0x00000000080043e4                Syslog_Warning
 .text.Syslog_Info
                0x00000000080044b0       0xc4 obj/Debug/src/diagnostics/syslog.o
                0x00000000080044b0                Syslog_Info
 .text.show_syslog
                0x0000000008004574      0x14c obj/Debug/src/diagnostics/syslog.o
                0x0000000008004574                show_syslog
 .text.send_syslog
                0x00000000080046c0       0x2c obj/Debug/src/diagnostics/syslog.o
                0x00000000080046c0                send_syslog
 .text.load_Fueling_Config
                0x00000000080046ec      0x12c obj/Debug/src/fueling/fueling_config.o
                0x00000000080046ec                load_Fueling_Config
 .text.load_essential_Fueling_Config
                0x0000000008004818       0xe0 obj/Debug/src/fueling/fueling_config.o
                0x0000000008004818                load_essential_Fueling_Config
 .text.store_Fueling_Setup
                0x00000000080048f8       0x1c obj/Debug/src/fueling/fueling_config.o
                0x00000000080048f8                store_Fueling_Setup
 .text.show_Fueling_Setup
                0x0000000008004914      0x390 obj/Debug/src/fueling/fueling_config.o
                0x0000000008004914                show_Fueling_Setup
 .text.modify_Fueling_Setup
                0x0000000008004ca4       0x2c obj/Debug/src/fueling/fueling_config.o
                0x0000000008004ca4                modify_Fueling_Setup
 .text.send_Fueling_Setup
                0x0000000008004cd0       0x20 obj/Debug/src/fueling/fueling_config.o
                0x0000000008004cd0                send_Fueling_Setup
 .text.store_VeTable_TPS
                0x0000000008004cf0       0x18 obj/Debug/src/fueling/fueling_config.o
                0x0000000008004cf0                store_VeTable_TPS
 .text.show_VeTable_TPS
                0x0000000008004d08       0x2c obj/Debug/src/fueling/fueling_config.o
                0x0000000008004d08                show_VeTable_TPS
 .text.modify_VeTable_TPS
                0x0000000008004d34       0x20 obj/Debug/src/fueling/fueling_config.o
                0x0000000008004d34                modify_VeTable_TPS
 .text.send_VeTable_TPS
                0x0000000008004d54       0x1c obj/Debug/src/fueling/fueling_config.o
                0x0000000008004d54                send_VeTable_TPS
 .text.getValue_VeTable_TPS
                0x0000000008004d70       0x34 obj/Debug/src/fueling/fueling_config.o
                0x0000000008004d70                getValue_VeTable_TPS
 .text.store_VeTable_MAP
                0x0000000008004da4       0x18 obj/Debug/src/fueling/fueling_config.o
                0x0000000008004da4                store_VeTable_MAP
 .text.show_VeTable_MAP
                0x0000000008004dbc       0x2c obj/Debug/src/fueling/fueling_config.o
                0x0000000008004dbc                show_VeTable_MAP
 .text.modify_VeTable_MAP
                0x0000000008004de8       0x20 obj/Debug/src/fueling/fueling_config.o
                0x0000000008004de8                modify_VeTable_MAP
 .text.send_VeTable_MAP
                0x0000000008004e08       0x1c obj/Debug/src/fueling/fueling_config.o
                0x0000000008004e08                send_VeTable_MAP
 .text.getValue_VeTable_MAP
                0x0000000008004e24       0x34 obj/Debug/src/fueling/fueling_config.o
                0x0000000008004e24                getValue_VeTable_MAP
 .text.store_AfrTable_MAP
                0x0000000008004e58       0x18 obj/Debug/src/fueling/fueling_config.o
                0x0000000008004e58                store_AfrTable_MAP
 .text.show_AfrTable_MAP
                0x0000000008004e70       0x2c obj/Debug/src/fueling/fueling_config.o
                0x0000000008004e70                show_AfrTable_MAP
 .text.modify_AfrTable_MAP
                0x0000000008004e9c       0x20 obj/Debug/src/fueling/fueling_config.o
                0x0000000008004e9c                modify_AfrTable_MAP
 .text.send_AfrTable_MAP
                0x0000000008004ebc       0x1c obj/Debug/src/fueling/fueling_config.o
                0x0000000008004ebc                send_AfrTable_MAP
 .text.getValue_AfrTable_MAP
                0x0000000008004ed8       0x40 obj/Debug/src/fueling/fueling_config.o
                0x0000000008004ed8                getValue_AfrTable_MAP
 .text.store_AfrTable_TPS
                0x0000000008004f18       0x18 obj/Debug/src/fueling/fueling_config.o
                0x0000000008004f18                store_AfrTable_TPS
 .text.show_AfrTable_TPS
                0x0000000008004f30       0x2c obj/Debug/src/fueling/fueling_config.o
                0x0000000008004f30                show_AfrTable_TPS
 .text.modify_AfrTable_TPS
                0x0000000008004f5c       0x20 obj/Debug/src/fueling/fueling_config.o
                0x0000000008004f5c                modify_AfrTable_TPS
 .text.send_AfrTable_TPS
                0x0000000008004f7c       0x1c obj/Debug/src/fueling/fueling_config.o
                0x0000000008004f7c                send_AfrTable_TPS
 .text.getValue_AfrTable_TPS
                0x0000000008004f98       0x40 obj/Debug/src/fueling/fueling_config.o
                0x0000000008004f98                getValue_AfrTable_TPS
 .text.store_AccelCompTableTPS
                0x0000000008004fd8       0x18 obj/Debug/src/fueling/fueling_config.o
                0x0000000008004fd8                store_AccelCompTableTPS
 .text.show_AccelCompTableTPS
                0x0000000008004ff0       0x2c obj/Debug/src/fueling/fueling_config.o
                0x0000000008004ff0                show_AccelCompTableTPS
 .text.modify_AccelCompTableTPS
                0x000000000800501c       0x20 obj/Debug/src/fueling/fueling_config.o
                0x000000000800501c                modify_AccelCompTableTPS
 .text.send_AccelCompTableTPS
                0x000000000800503c       0x1c obj/Debug/src/fueling/fueling_config.o
                0x000000000800503c                send_AccelCompTableTPS
 .text.getValue_AccelCompTableTPS
                0x0000000008005058       0x2c obj/Debug/src/fueling/fueling_config.o
                0x0000000008005058                getValue_AccelCompTableTPS
 .text.store_AccelCompTableMAP
                0x0000000008005084       0x18 obj/Debug/src/fueling/fueling_config.o
                0x0000000008005084                store_AccelCompTableMAP
 .text.show_AccelCompTableMAP
                0x000000000800509c       0x2c obj/Debug/src/fueling/fueling_config.o
                0x000000000800509c                show_AccelCompTableMAP
 .text.modify_AccelCompTableMAP
                0x00000000080050c8       0x20 obj/Debug/src/fueling/fueling_config.o
                0x00000000080050c8                modify_AccelCompTableMAP
 .text.send_AccelCompTableMAP
                0x00000000080050e8       0x1c obj/Debug/src/fueling/fueling_config.o
                0x00000000080050e8                send_AccelCompTableMAP
 .text.getValue_AccelCompTableMAP
                0x0000000008005104       0x2c obj/Debug/src/fueling/fueling_config.o
                0x0000000008005104                getValue_AccelCompTableMAP
 .text.store_WarmUpCompTable
                0x0000000008005130       0x18 obj/Debug/src/fueling/fueling_config.o
                0x0000000008005130                store_WarmUpCompTable
 .text.show_WarmUpCompTable
                0x0000000008005148       0x2c obj/Debug/src/fueling/fueling_config.o
                0x0000000008005148                show_WarmUpCompTable
 .text.modify_WarmUpCompTable
                0x0000000008005174       0x20 obj/Debug/src/fueling/fueling_config.o
                0x0000000008005174                modify_WarmUpCompTable
 .text.send_WarmUpCompTable
                0x0000000008005194       0x1c obj/Debug/src/fueling/fueling_config.o
                0x0000000008005194                send_WarmUpCompTable
 .text.getValue_WarmUpCompTable
                0x00000000080051b0       0x2c obj/Debug/src/fueling/fueling_config.o
                0x00000000080051b0                getValue_WarmUpCompTable
 .text.store_InjectorTimingTable
                0x00000000080051dc       0x18 obj/Debug/src/fueling/fueling_config.o
                0x00000000080051dc                store_InjectorTimingTable
 .text.show_InjectorTimingTable
                0x00000000080051f4       0x2c obj/Debug/src/fueling/fueling_config.o
                0x00000000080051f4                show_InjectorTimingTable
 .text.modify_InjectorTimingTable
                0x0000000008005220       0x20 obj/Debug/src/fueling/fueling_config.o
                0x0000000008005220                modify_InjectorTimingTable
 .text.send_InjectorTimingTable
                0x0000000008005240       0x1c obj/Debug/src/fueling/fueling_config.o
                0x0000000008005240                send_InjectorTimingTable
 .text.getValue_InjectorTimingTable
                0x000000000800525c       0x44 obj/Debug/src/fueling/fueling_config.o
                0x000000000800525c                getValue_InjectorTimingTable
 .text.store_CrankingFuelTable
                0x00000000080052a0       0x18 obj/Debug/src/fueling/fueling_config.o
                0x00000000080052a0                store_CrankingFuelTable
 .text.show_CrankingFuelTable
                0x00000000080052b8       0x2c obj/Debug/src/fueling/fueling_config.o
                0x00000000080052b8                show_CrankingFuelTable
 .text.modify_CrankingFuelTable
                0x00000000080052e4       0x20 obj/Debug/src/fueling/fueling_config.o
                0x00000000080052e4                modify_CrankingFuelTable
 .text.send_CrankingFuelTable
                0x0000000008005304       0x1c obj/Debug/src/fueling/fueling_config.o
                0x0000000008005304                send_CrankingFuelTable
 .text.getValue_CrankingFuelTable
                0x0000000008005320       0x3c obj/Debug/src/fueling/fueling_config.o
                0x0000000008005320                getValue_CrankingFuelTable
 .text.store_InjectorPhaseTable
                0x000000000800535c       0x18 obj/Debug/src/fueling/fueling_config.o
                0x000000000800535c                store_InjectorPhaseTable
 .text.show_InjectorPhaseTable
                0x0000000008005374       0x2c obj/Debug/src/fueling/fueling_config.o
                0x0000000008005374                show_InjectorPhaseTable
 .text.modify_InjectorPhaseTable
                0x00000000080053a0       0x20 obj/Debug/src/fueling/fueling_config.o
                0x00000000080053a0                modify_InjectorPhaseTable
 .text.send_InjectorPhaseTable
                0x00000000080053c0       0x1c obj/Debug/src/fueling/fueling_config.o
                0x00000000080053c0                send_InjectorPhaseTable
 .text.getValue_InjectorPhaseTable
                0x00000000080053dc       0x30 obj/Debug/src/fueling/fueling_config.o
                0x00000000080053dc                getValue_InjectorPhaseTable
 .text.fueling_diag_log_event
                0x000000000800540c       0x44 obj/Debug/src/fueling/fueling_diag.o
                0x000000000800540c                fueling_diag_log_event
 .text.print_fueling_diag
                0x0000000008005450       0x84 obj/Debug/src/fueling/fueling_diag.o
                0x0000000008005450                print_fueling_diag
 .text.set_injector1_powered
                0x00000000080054d4       0x24 obj/Debug/src/fueling/fueling_hw.o
                0x00000000080054d4                set_injector1_powered
 .text.set_injector1_unpowered
                0x00000000080054f8       0x2c obj/Debug/src/fueling/fueling_hw.o
                0x00000000080054f8                set_injector1_unpowered
 .text.set_injector2_powered
                0x0000000008005524       0x24 obj/Debug/src/fueling/fueling_hw.o
                0x0000000008005524                set_injector2_powered
 .text.set_injector2_unpowered
                0x0000000008005548       0x2c obj/Debug/src/fueling/fueling_hw.o
                0x0000000008005548                set_injector2_unpowered
 .text.set_fuel_pump_powered
                0x0000000008005574       0x24 obj/Debug/src/fueling/fueling_hw.o
                0x0000000008005574                set_fuel_pump_powered
 .text.set_fuel_pump_unpowered
                0x0000000008005598       0x24 obj/Debug/src/fueling/fueling_hw.o
                0x0000000008005598                set_fuel_pump_unpowered
 .text.set_injector1
                0x00000000080055bc       0x2c obj/Debug/src/fueling/fueling_hw.o
                0x00000000080055bc                set_injector1
 .text.set_injector2
                0x00000000080055e8       0x2c obj/Debug/src/fueling/fueling_hw.o
                0x00000000080055e8                set_injector2
 .text.set_fuel_pump
                0x0000000008005614       0x24 obj/Debug/src/fueling/fueling_hw.o
                0x0000000008005614                set_fuel_pump
 .text.init_fueling_hw
                0x0000000008005638       0x68 obj/Debug/src/fueling/fueling_hw.o
                0x0000000008005638                init_fueling_hw
 .text.init_Fueling
                0x00000000080056a0       0x74 obj/Debug/src/fueling/Tuareg_fueling.o
                0x00000000080056a0                init_Fueling
 .text.Tuareg_fueling_update_crankpos_handler
                0x0000000008005714      0x1e4 obj/Debug/src/fueling/Tuareg_fueling.o
                0x0000000008005714                Tuareg_fueling_update_crankpos_handler
 .text.Tuareg_update_fueling_controls
                0x00000000080058f8      0x1c0 obj/Debug/src/fueling/Tuareg_fueling_controls.o
                0x00000000080058f8                Tuareg_update_fueling_controls
 .text.invalid_fueling_controls
                0x0000000008005ab8       0x5c obj/Debug/src/fueling/Tuareg_fueling_controls.o
                0x0000000008005ab8                invalid_fueling_controls
 .text.update_mode
                0x0000000008005b14       0x7c obj/Debug/src/fueling/Tuareg_fueling_controls.o
                0x0000000008005b14                update_mode
 .text.update_strategy
                0x0000000008005b90       0x90 obj/Debug/src/fueling/Tuareg_fueling_controls.o
                0x0000000008005b90                update_strategy
 .text.update_volumetric_efficiency
                0x0000000008005c20       0xbc obj/Debug/src/fueling/Tuareg_fueling_controls.o
                0x0000000008005c20                update_volumetric_efficiency
 .text.update_air_density
                0x0000000008005cdc       0x64 obj/Debug/src/fueling/Tuareg_fueling_controls.o
                0x0000000008005cdc                update_air_density
 .text.update_AFR_target
                0x0000000008005d40       0xb8 obj/Debug/src/fueling/Tuareg_fueling_controls.o
                0x0000000008005d40                update_AFR_target
 .text.update_base_fuel_mass
                0x0000000008005df8       0x68 obj/Debug/src/fueling/Tuareg_fueling_controls.o
                0x0000000008005df8                update_base_fuel_mass
 .text.update_base_fuel_mass_cranking
                0x0000000008005e60       0xbc obj/Debug/src/fueling/Tuareg_fueling_controls.o
                0x0000000008005e60                update_base_fuel_mass_cranking
 .text.update_airflowrate
                0x0000000008005f1c       0xac obj/Debug/src/fueling/Tuareg_fueling_controls.o
                0x0000000008005f1c                update_airflowrate
 .text.update_fuel_mass_accel_correction
                0x0000000008005fc8      0x2b8 obj/Debug/src/fueling/Tuareg_fueling_controls.o
                0x0000000008005fc8                update_fuel_mass_accel_correction
 .text.disable_fuel_mass_accel_correction
                0x0000000008006280       0x26 obj/Debug/src/fueling/Tuareg_fueling_controls.o
                0x0000000008006280                disable_fuel_mass_accel_correction
 *fill*         0x00000000080062a6        0x2 
 .text.update_fuel_mass_afterstart_correction
                0x00000000080062a8       0xe0 obj/Debug/src/fueling/Tuareg_fueling_controls.o
                0x00000000080062a8                update_fuel_mass_afterstart_correction
 .text.disable_fuel_mass_afterstart_correction
                0x0000000008006388       0x26 obj/Debug/src/fueling/Tuareg_fueling_controls.o
                0x0000000008006388                disable_fuel_mass_afterstart_correction
 *fill*         0x00000000080063ae        0x2 
 .text.update_fuel_mass_warmup_correction
                0x00000000080063b0       0xa4 obj/Debug/src/fueling/Tuareg_fueling_controls.o
                0x00000000080063b0                update_fuel_mass_warmup_correction
 .text.update_target_fuel_mass
                0x0000000008006454      0x16c obj/Debug/src/fueling/Tuareg_fueling_controls.o
                0x0000000008006454                update_target_fuel_mass
 .text.update_injector_deadtime
                0x00000000080065c0       0x64 obj/Debug/src/fueling/Tuareg_fueling_controls.o
                0x00000000080065c0                update_injector_deadtime
 .text.update_injector_intervals_sequential
                0x0000000008006624      0x100 obj/Debug/src/fueling/Tuareg_fueling_controls.o
                0x0000000008006624                update_injector_intervals_sequential
 .text.update_injector_intervals_batch
                0x0000000008006724       0xfc obj/Debug/src/fueling/Tuareg_fueling_controls.o
                0x0000000008006724                update_injector_intervals_batch
 .text.update_injection_begin_batch
                0x0000000008006820       0x48 obj/Debug/src/fueling/Tuareg_fueling_controls.o
                0x0000000008006820                update_injection_begin_batch
 .text.update_injection_begin_sequential
                0x0000000008006868      0x178 obj/Debug/src/fueling/Tuareg_fueling_controls.o
                0x0000000008006868                update_injection_begin_sequential
 .text.load_Ignition_Config
                0x00000000080069e0       0x5c obj/Debug/src/ignition/ignition_config.o
                0x00000000080069e0                load_Ignition_Config
 .text.load_essential_Ignition_Config
                0x0000000008006a3c        0x4 obj/Debug/src/ignition/ignition_config.o
                0x0000000008006a3c                load_essential_Ignition_Config
 .text.store_Ignition_Setup
                0x0000000008006a40       0x1c obj/Debug/src/ignition/ignition_config.o
                0x0000000008006a40                store_Ignition_Setup
 .text.show_Ignition_Setup
                0x0000000008006a5c      0x1f0 obj/Debug/src/ignition/ignition_config.o
                0x0000000008006a5c                show_Ignition_Setup
 .text.modify_Ignition_Setup
                0x0000000008006c4c       0x2c obj/Debug/src/ignition/ignition_config.o
                0x0000000008006c4c                modify_Ignition_Setup
 .text.send_Ignition_Setup
                0x0000000008006c78       0x20 obj/Debug/src/ignition/ignition_config.o
                0x0000000008006c78                send_Ignition_Setup
 .text.store_ignAdvTable_TPS
                0x0000000008006c98       0x18 obj/Debug/src/ignition/ignition_config.o
                0x0000000008006c98                store_ignAdvTable_TPS
 .text.show_ignAdvTable_TPS
                0x0000000008006cb0       0x2c obj/Debug/src/ignition/ignition_config.o
                0x0000000008006cb0                show_ignAdvTable_TPS
 .text.modify_ignAdvTable_TPS
                0x0000000008006cdc       0x20 obj/Debug/src/ignition/ignition_config.o
                0x0000000008006cdc                modify_ignAdvTable_TPS
 .text.send_ignAdvTable_TPS
                0x0000000008006cfc       0x1c obj/Debug/src/ignition/ignition_config.o
                0x0000000008006cfc                send_ignAdvTable_TPS
 .text.getValue_ignAdvTable_TPS
                0x0000000008006d18       0x38 obj/Debug/src/ignition/ignition_config.o
                0x0000000008006d18                getValue_ignAdvTable_TPS
 .text.store_ignDwellTable
                0x0000000008006d50       0x18 obj/Debug/src/ignition/ignition_config.o
                0x0000000008006d50                store_ignDwellTable
 .text.show_ignDwellTable
                0x0000000008006d68       0x2c obj/Debug/src/ignition/ignition_config.o
                0x0000000008006d68                show_ignDwellTable
 .text.modify_ignDwellTable
                0x0000000008006d94       0x20 obj/Debug/src/ignition/ignition_config.o
                0x0000000008006d94                modify_ignDwellTable
 .text.send_ignDwellTable
                0x0000000008006db4       0x1c obj/Debug/src/ignition/ignition_config.o
                0x0000000008006db4                send_ignDwellTable
 .text.getValue_ignDwellTable
                0x0000000008006dd0       0x34 obj/Debug/src/ignition/ignition_config.o
                0x0000000008006dd0                getValue_ignDwellTable
 .text.ignition_diag_log_event
                0x0000000008006e04       0x44 obj/Debug/src/ignition/ignition_diag.o
                0x0000000008006e04                ignition_diag_log_event
 .text.print_ignition_diag
                0x0000000008006e48       0x84 obj/Debug/src/ignition/ignition_diag.o
                0x0000000008006e48                print_ignition_diag
 .text.NVIC_EnableIRQ
                0x0000000008006ecc       0x2c obj/Debug/src/ignition/ignition_hw.o
 .text.NVIC_ClearPendingIRQ
                0x0000000008006ef8       0x30 obj/Debug/src/ignition/ignition_hw.o
 .text.NVIC_SetPriority
                0x0000000008006f28       0x50 obj/Debug/src/ignition/ignition_hw.o
 .text.set_coil1_powered
                0x0000000008006f78       0x24 obj/Debug/src/ignition/ignition_hw.o
                0x0000000008006f78                set_coil1_powered
 .text.set_coil1_unpowered
                0x0000000008006f9c       0x24 obj/Debug/src/ignition/ignition_hw.o
                0x0000000008006f9c                set_coil1_unpowered
 .text.set_coil2_powered
                0x0000000008006fc0       0x24 obj/Debug/src/ignition/ignition_hw.o
                0x0000000008006fc0                set_coil2_powered
 .text.set_coil2_unpowered
                0x0000000008006fe4       0x24 obj/Debug/src/ignition/ignition_hw.o
                0x0000000008006fe4                set_coil2_unpowered
 .text.set_ignition_ch1
                0x0000000008007008       0x2c obj/Debug/src/ignition/ignition_hw.o
                0x0000000008007008                set_ignition_ch1
 .text.set_ignition_ch2
                0x0000000008007034       0x2c obj/Debug/src/ignition/ignition_hw.o
                0x0000000008007034                set_ignition_ch2
 .text.init_ignition_hw
                0x0000000008007060       0x74 obj/Debug/src/ignition/ignition_hw.o
                0x0000000008007060                init_ignition_hw
 .text.init_Ignition
                0x00000000080070d4       0x78 obj/Debug/src/ignition/Tuareg_ignition.o
                0x00000000080070d4                init_Ignition
 .text.Tuareg_ignition_update_crankpos_handler
                0x000000000800714c      0x1dc obj/Debug/src/ignition/Tuareg_ignition.o
                0x000000000800714c                Tuareg_ignition_update_crankpos_handler
 .text.Tuareg_update_ignition_controls
                0x0000000008007328      0x100 obj/Debug/src/ignition/Tuareg_ignition_controls.o
                0x0000000008007328                Tuareg_update_ignition_controls
 .text.default_ignition_controls
                0x0000000008007428       0x40 obj/Debug/src/ignition/Tuareg_ignition_controls.o
                0x0000000008007428                default_ignition_controls
 .text.revlimiter_ignition_controls
                0x0000000008007468       0x3e obj/Debug/src/ignition/Tuareg_ignition_controls.o
                0x0000000008007468                revlimiter_ignition_controls
 *fill*         0x00000000080074a6        0x2 
 .text.cranking_ignition_controls
                0x00000000080074a8       0x50 obj/Debug/src/ignition/Tuareg_ignition_controls.o
                0x00000000080074a8                cranking_ignition_controls
 .text.dynamic_ignition_controls
                0x00000000080074f8      0x26c obj/Debug/src/ignition/Tuareg_ignition_controls.o
                0x00000000080074f8                dynamic_ignition_controls
 .text.main     0x0000000008007764       0xb0 obj/Debug/src/main/main.o
                0x0000000008007764                main
 .text.EXTI2_IRQHandler
                0x0000000008007814       0x64 obj/Debug/src/main/main.o
                0x0000000008007814                EXTI2_IRQHandler
 .text.EXTI3_IRQHandler
                0x0000000008007878       0x18 obj/Debug/src/main/main.o
                0x0000000008007878                EXTI3_IRQHandler
 .text.Tuareg_Init
                0x0000000008007890       0xc4 obj/Debug/src/main/Tuareg.o
                0x0000000008007890                Tuareg_Init
 .text.Tuareg_load_config
                0x0000000008007954       0x94 obj/Debug/src/main/Tuareg.o
                0x0000000008007954                Tuareg_load_config
 .text.Tuareg_update
                0x00000000080079e8       0x7c obj/Debug/src/main/Tuareg.o
                0x00000000080079e8                Tuareg_update
 .text.Tuareg_update_run_inhibit
                0x0000000008007a64      0x1a0 obj/Debug/src/main/Tuareg.o
                0x0000000008007a64                Tuareg_update_run_inhibit
 .text.Tuareg_update_limited_op
                0x0000000008007c04       0x4c obj/Debug/src/main/Tuareg.o
                0x0000000008007c04                Tuareg_update_limited_op
 .text.Tuareg_update_rev_limiter
                0x0000000008007c50       0x9c obj/Debug/src/main/Tuareg.o
                0x0000000008007c50                Tuareg_update_rev_limiter
 .text.Tuareg_update_standby
                0x0000000008007cec      0x158 obj/Debug/src/main/Tuareg.o
                0x0000000008007cec                Tuareg_update_standby
 .text.Tuareg_update_fuel_pump_control
                0x0000000008007e44       0x98 obj/Debug/src/main/Tuareg.o
                0x0000000008007e44                Tuareg_update_fuel_pump_control
 .text.Tuareg_deactivate_vital_actors
                0x0000000008007edc       0x74 obj/Debug/src/main/Tuareg.o
                0x0000000008007edc                Tuareg_deactivate_vital_actors
 .text.Tuareg_update_trip
                0x0000000008007f50       0x30 obj/Debug/src/main/Tuareg.o
                0x0000000008007f50                Tuareg_update_trip
 .text.Tuareg_update_consumption_data
                0x0000000008007f80       0x30 obj/Debug/src/main/Tuareg.o
                0x0000000008007f80                Tuareg_update_consumption_data
 .text.load_Tuareg_Setup
                0x0000000008007fb0       0x18 obj/Debug/src/main/Tuareg_config.o
                0x0000000008007fb0                load_Tuareg_Setup
 .text.load_essential_Tuareg_Setup
                0x0000000008007fc8      0x144 obj/Debug/src/main/Tuareg_config.o
                0x0000000008007fc8                load_essential_Tuareg_Setup
 .text.store_Tuareg_Setup
                0x000000000800810c       0x18 obj/Debug/src/main/Tuareg_config.o
                0x000000000800810c                store_Tuareg_Setup
 .text.show_Tuareg_Setup
                0x0000000008008124      0x228 obj/Debug/src/main/Tuareg_config.o
                0x0000000008008124                show_Tuareg_Setup
 .text.modify_Tuareg_Setup
                0x000000000800834c       0x2c obj/Debug/src/main/Tuareg_config.o
                0x000000000800834c                modify_Tuareg_Setup
 .text.send_Tuareg_Setup
                0x0000000008008378       0x20 obj/Debug/src/main/Tuareg_config.o
                0x0000000008008378                send_Tuareg_Setup
 .text.tuareg_diag_log_event
                0x0000000008008398       0x44 obj/Debug/src/main/Tuareg_diag.o
                0x0000000008008398                tuareg_diag_log_event
 .text.print_tuareg_diag
                0x00000000080083dc       0x84 obj/Debug/src/main/Tuareg_diag.o
                0x00000000080083dc                print_tuareg_diag
 .text.Fatal    0x0000000008008460       0x8c obj/Debug/src/main/Tuareg_errors.o
                0x0000000008008460                Fatal
 .text.Assert   0x00000000080084ec       0x3c obj/Debug/src/main/Tuareg_errors.o
                0x00000000080084ec                Assert
 .text.Limp     0x0000000008008528       0x80 obj/Debug/src/main/Tuareg_errors.o
                0x0000000008008528                Limp
 .text.print_Tuareg_ID_label
                0x00000000080085a8       0x48 obj/Debug/src/main/Tuareg_ID.o
                0x00000000080085a8                print_Tuareg_ID_label
 .text.Tuareg_update_process_data
                0x00000000080085f0      0x1c8 obj/Debug/src/main/Tuareg_process_data.o
                0x00000000080085f0                Tuareg_update_process_data
 .text.request_service_mode
                0x00000000080087b8       0x2c obj/Debug/src/main/Tuareg_service_functions.o
                0x00000000080087b8                request_service_mode
 .text.request_service_activation
                0x00000000080087e4       0xdc obj/Debug/src/main/Tuareg_service_functions.o
                0x00000000080087e4                request_service_activation
 .text.service_functions_periodic_update
                0x00000000080088c0       0x40 obj/Debug/src/main/Tuareg_service_functions.o
                0x00000000080088c0                service_functions_periodic_update
 .text.activate_fuel_pump
                0x0000000008008900       0x70 obj/Debug/src/main/Tuareg_service_functions.o
                0x0000000008008900                activate_fuel_pump
 .text.deactivate_fuel_pump
                0x0000000008008970       0x2c obj/Debug/src/main/Tuareg_service_functions.o
                0x0000000008008970                deactivate_fuel_pump
 .text.fuel_pump_periodic_update
                0x000000000800899c       0x30 obj/Debug/src/main/Tuareg_service_functions.o
                0x000000000800899c                fuel_pump_periodic_update
 .text.activate_injector1
                0x00000000080089cc       0xa0 obj/Debug/src/main/Tuareg_service_functions.o
                0x00000000080089cc                activate_injector1
 .text.deactivate_injector1
                0x0000000008008a6c       0x2c obj/Debug/src/main/Tuareg_service_functions.o
                0x0000000008008a6c                deactivate_injector1
 .text.injector1_periodic_update
                0x0000000008008a98       0x84 obj/Debug/src/main/Tuareg_service_functions.o
                0x0000000008008a98                injector1_periodic_update
 .text.activate_injector2
                0x0000000008008b1c       0xa0 obj/Debug/src/main/Tuareg_service_functions.o
                0x0000000008008b1c                activate_injector2
 .text.deactivate_injector2
                0x0000000008008bbc       0x2c obj/Debug/src/main/Tuareg_service_functions.o
                0x0000000008008bbc                deactivate_injector2
 .text.injector2_periodic_update
                0x0000000008008be8       0x84 obj/Debug/src/main/Tuareg_service_functions.o
                0x0000000008008be8                injector2_periodic_update
 .text.activate_coil1
                0x0000000008008c6c       0xb0 obj/Debug/src/main/Tuareg_service_functions.o
                0x0000000008008c6c                activate_coil1
 .text.deactivate_coil1
                0x0000000008008d1c       0x2c obj/Debug/src/main/Tuareg_service_functions.o
                0x0000000008008d1c                deactivate_coil1
 .text.coil1_periodic_update
                0x0000000008008d48       0x80 obj/Debug/src/main/Tuareg_service_functions.o
                0x0000000008008d48                coil1_periodic_update
 .text.activate_coil2
                0x0000000008008dc8       0xb0 obj/Debug/src/main/Tuareg_service_functions.o
                0x0000000008008dc8                activate_coil2
 .text.deactivate_coil2
                0x0000000008008e78       0x2c obj/Debug/src/main/Tuareg_service_functions.o
                0x0000000008008e78                deactivate_coil2
 .text.coil2_periodic_update
                0x0000000008008ea4       0x80 obj/Debug/src/main/Tuareg_service_functions.o
                0x0000000008008ea4                coil2_periodic_update
 .text.update_process_table
                0x0000000008008f24      0x124 obj/Debug/src/process_table/process_table.o
                0x0000000008008f24                update_process_table
 .text.get_position_from_index
                0x0000000008009048       0x88 obj/Debug/src/process_table/process_table.o
                0x0000000008009048                get_position_from_index
 .text.get_index_from_position
                0x00000000080090d0       0x70 obj/Debug/src/process_table/process_table.o
                0x00000000080090d0                get_index_from_position
 .text.find_process_position_before
                0x0000000008009140       0x88 obj/Debug/src/process_table/process_table.o
                0x0000000008009140                find_process_position_before
 .text.get_process_advance
                0x00000000080091c8       0x5c obj/Debug/src/process_table/process_table.o
                0x00000000080091c8                get_process_advance
 .text.print_process_table_fancy
                0x0000000008009224      0x280 obj/Debug/src/process_table/process_table.o
                0x0000000008009224                print_process_table_fancy
 .text.NVIC_EnableIRQ
                0x00000000080094a4       0x2c obj/Debug/src/sensors/analog_sensors.o
 .text.NVIC_ClearPendingIRQ
                0x00000000080094d0       0x30 obj/Debug/src/sensors/analog_sensors.o
 .text.NVIC_SetPriority
                0x0000000008009500       0x50 obj/Debug/src/sensors/analog_sensors.o
 .text.init_sensor_inputs
                0x0000000008009550      0x314 obj/Debug/src/sensors/analog_sensors.o
                0x0000000008009550                init_sensor_inputs
 .text.sensors_start_regular_group_conversion
                0x0000000008009864       0x10 obj/Debug/src/sensors/analog_sensors.o
                0x0000000008009864                sensors_start_regular_group_conversion
 .text.sensors_start_injected_group_conversion
                0x0000000008009874       0x10 obj/Debug/src/sensors/analog_sensors.o
                0x0000000008009874                sensors_start_injected_group_conversion
 .text.reset_integrator
                0x0000000008009884       0x16 obj/Debug/src/sensors/analog_sensors.o
                0x0000000008009884                reset_integrator
 .text.update_analog_sensor
                0x000000000800989a      0x102 obj/Debug/src/sensors/analog_sensors.o
                0x000000000800989a                update_analog_sensor
 .text.ADC_IRQHandler
                0x000000000800999c       0x6c obj/Debug/src/sensors/analog_sensors.o
                0x000000000800999c                ADC_IRQHandler
 .text.DMA2_Stream0_IRQHandler
                0x0000000008009a08       0xa0 obj/Debug/src/sensors/analog_sensors.o
                0x0000000008009a08                DMA2_Stream0_IRQHandler
 .text.reset_dsensor_integrator
                0x0000000008009aa8       0x34 obj/Debug/src/sensors/digital_sensors.o
                0x0000000008009aa8                reset_dsensor_integrator
 .text.init_digital_sensors
                0x0000000008009adc       0xa0 obj/Debug/src/sensors/digital_sensors.o
                0x0000000008009adc                init_digital_sensors
 .text.read_dsensors
                0x0000000008009b7c       0x8c obj/Debug/src/sensors/digital_sensors.o
                0x0000000008009b7c                read_dsensors
 .text.update_digital_sensors
                0x0000000008009c08       0x78 obj/Debug/src/sensors/digital_sensors.o
                0x0000000008009c08                update_digital_sensors
 .text.load_Sensor_Calibration
                0x0000000008009c80       0x1c obj/Debug/src/sensors/sensor_calibration.o
                0x0000000008009c80                load_Sensor_Calibration
 .text.store_Sensor_Calibration
                0x0000000008009c9c       0x18 obj/Debug/src/sensors/sensor_calibration.o
                0x0000000008009c9c                store_Sensor_Calibration
 .text.show_Sensor_Calibration
                0x0000000008009cb4       0x38 obj/Debug/src/sensors/sensor_calibration.o
                0x0000000008009cb4                show_Sensor_Calibration
 .text.modify_Sensor_Calibration
                0x0000000008009cec       0x2c obj/Debug/src/sensors/sensor_calibration.o
                0x0000000008009cec                modify_Sensor_Calibration
 .text.send_Sensor_Calibration
                0x0000000008009d18       0x20 obj/Debug/src/sensors/sensor_calibration.o
                0x0000000008009d18                send_Sensor_Calibration
 .text.sensors_diag_log_event
                0x0000000008009d38       0x44 obj/Debug/src/sensors/sensors_diag.o
                0x0000000008009d38                sensors_diag_log_event
 .text.print_sensors_diag
                0x0000000008009d7c       0x84 obj/Debug/src/sensors/sensors_diag.o
                0x0000000008009d7c                print_sensors_diag
 .text.init_Sensors
                0x0000000008009e00       0xc8 obj/Debug/src/sensors/Tuareg_sensors.o
                0x0000000008009e00                init_Sensors
 .text.Tuareg_update_MAP_sensor
                0x0000000008009ec8       0x6c obj/Debug/src/sensors/Tuareg_sensors.o
                0x0000000008009ec8                Tuareg_update_MAP_sensor
 .text.Tuareg_update_O2_sensor
                0x0000000008009f34       0x68 obj/Debug/src/sensors/Tuareg_sensors.o
                0x0000000008009f34                Tuareg_update_O2_sensor
 .text.Tuareg_update_TPS_sensor
                0x0000000008009f9c       0x68 obj/Debug/src/sensors/Tuareg_sensors.o
                0x0000000008009f9c                Tuareg_update_TPS_sensor
 .text.Tuareg_update_IAT_sensor
                0x000000000800a004       0x74 obj/Debug/src/sensors/Tuareg_sensors.o
                0x000000000800a004                Tuareg_update_IAT_sensor
 .text.Tuareg_update_CLT_sensor
                0x000000000800a078       0x78 obj/Debug/src/sensors/Tuareg_sensors.o
                0x000000000800a078                Tuareg_update_CLT_sensor
 .text.Tuareg_update_VBAT_sensor
                0x000000000800a0f0       0x68 obj/Debug/src/sensors/Tuareg_sensors.o
                0x000000000800a0f0                Tuareg_update_VBAT_sensor
 .text.Tuareg_update_BARO_sensor
                0x000000000800a158       0x6c obj/Debug/src/sensors/Tuareg_sensors.o
                0x000000000800a158                Tuareg_update_BARO_sensor
 .text.Tuareg_update_GEAR_sensor
                0x000000000800a1c4       0x88 obj/Debug/src/sensors/Tuareg_sensors.o
                0x000000000800a1c4                Tuareg_update_GEAR_sensor
 .text.adc_set_regular_group
                0x000000000800a24c       0xe0 obj/Debug/src/stm32_libs/stm32f4xx/boctok/stm32f4xx_adc.o
                0x000000000800a24c                adc_set_regular_group
 .text.adc_set_regular_group_length
                0x000000000800a32c       0x36 obj/Debug/src/stm32_libs/stm32f4xx/boctok/stm32f4xx_adc.o
                0x000000000800a32c                adc_set_regular_group_length
 .text.adc_set_sample_time
                0x000000000800a362       0x94 obj/Debug/src/stm32_libs/stm32f4xx/boctok/stm32f4xx_adc.o
                0x000000000800a362                adc_set_sample_time
 .text.adc_start_regular_group
                0x000000000800a3f6       0x16 obj/Debug/src/stm32_libs/stm32f4xx/boctok/stm32f4xx_adc.o
                0x000000000800a3f6                adc_start_regular_group
 .text.adc_start_injected_group
                0x000000000800a40c       0x16 obj/Debug/src/stm32_libs/stm32f4xx/boctok/stm32f4xx_adc.o
                0x000000000800a40c                adc_start_injected_group
 *fill*         0x000000000800a422        0x2 
 .text.getScbDump
                0x000000000800a424       0x30 obj/Debug/src/stm32_libs/stm32f4xx/boctok/stm32f4xx_fault_handler.o
                0x000000000800a424                getScbDump
 .text.getStackRegisters
                0x000000000800a454       0x54 obj/Debug/src/stm32_libs/stm32f4xx/boctok/stm32f4xx_fault_handler.o
                0x000000000800a454                getStackRegisters
 .text.HardFault_Handler
                0x000000000800a4a8       0x28 obj/Debug/src/stm32_libs/stm32f4xx/boctok/stm32f4xx_fault_handler.o
                0x000000000800a4a8                HardFault_Handler
 .text.NMI_Handler
                0x000000000800a4d0       0x28 obj/Debug/src/stm32_libs/stm32f4xx/boctok/stm32f4xx_fault_handler.o
                0x000000000800a4d0                NMI_Handler
 .text.MemManage_Handler
                0x000000000800a4f8       0x28 obj/Debug/src/stm32_libs/stm32f4xx/boctok/stm32f4xx_fault_handler.o
                0x000000000800a4f8                MemManage_Handler
 .text.BusFault_Handler
                0x000000000800a520       0x28 obj/Debug/src/stm32_libs/stm32f4xx/boctok/stm32f4xx_fault_handler.o
                0x000000000800a520                BusFault_Handler
 .text.UsageFault_Handler
                0x000000000800a548       0x28 obj/Debug/src/stm32_libs/stm32f4xx/boctok/stm32f4xx_fault_handler.o
                0x000000000800a548                UsageFault_Handler
 .text.SVC_Handler
                0x000000000800a570       0x28 obj/Debug/src/stm32_libs/stm32f4xx/boctok/stm32f4xx_fault_handler.o
                0x000000000800a570                SVC_Handler
 .text.DebugMon_Handler
                0x000000000800a598       0x28 obj/Debug/src/stm32_libs/stm32f4xx/boctok/stm32f4xx_fault_handler.o
                0x000000000800a598                DebugMon_Handler
 .text.PendSV_Handler
                0x000000000800a5c0       0x28 obj/Debug/src/stm32_libs/stm32f4xx/boctok/stm32f4xx_fault_handler.o
                0x000000000800a5c0                PendSV_Handler
 .text.WWDG_IRQHandler
                0x000000000800a5e8       0x28 obj/Debug/src/stm32_libs/stm32f4xx/boctok/stm32f4xx_fault_handler.o
                0x000000000800a5e8                WWDG_IRQHandler
 .text.FPU_IRQHandler
                0x000000000800a610       0x28 obj/Debug/src/stm32_libs/stm32f4xx/boctok/stm32f4xx_fault_handler.o
                0x000000000800a610                FPU_IRQHandler
 .text.GPIO_configure
                0x000000000800a638       0xda obj/Debug/src/stm32_libs/stm32f4xx/boctok/stm32f4xx_gpio.o
                0x000000000800a638                GPIO_configure
 *fill*         0x000000000800a712        0x2 
 .text.SYSCFG_map_EXTI
                0x000000000800a714       0xfc obj/Debug/src/stm32_libs/stm32f4xx/boctok/stm32f4xx_gpio.o
                0x000000000800a714                SYSCFG_map_EXTI
 .text.gpio_set_pin_high
                0x000000000800a810       0x1a obj/Debug/src/stm32_libs/stm32f4xx/boctok/stm32f4xx_gpio.o
                0x000000000800a810                gpio_set_pin_high
 .text.gpio_set_pin_low
                0x000000000800a82a       0x1c obj/Debug/src/stm32_libs/stm32f4xx/boctok/stm32f4xx_gpio.o
                0x000000000800a82a                gpio_set_pin_low
 .text.gpio_get_pin
                0x000000000800a846       0x2e obj/Debug/src/stm32_libs/stm32f4xx/boctok/stm32f4xx_gpio.o
                0x000000000800a846                gpio_get_pin
 .text.gpio_set_pin
                0x000000000800a874       0x6e obj/Debug/src/stm32_libs/stm32f4xx/boctok/stm32f4xx_gpio.o
                0x000000000800a874                gpio_set_pin
 .text.GPIO_SetAF
                0x000000000800a8e2       0x9a obj/Debug/src/stm32_libs/stm32f4xx/boctok/stm32f4xx_gpio.o
                0x000000000800a8e2                GPIO_SetAF
 .text.Reset_Handler
                0x000000000800a97c       0x50 obj/Debug/src/stm32_libs/stm32f4xx/cmsis/startup_stm32f410xx.o
                0x000000000800a97c                Reset_Handler
 .text.Default_Handler
                0x000000000800a9cc        0x2 obj/Debug/src/stm32_libs/stm32f4xx/cmsis/startup_stm32f410xx.o
                0x000000000800a9cc                RTC_Alarm_IRQHandler
                0x000000000800a9cc                FMPI2C1_EV_IRQHandler
                0x000000000800a9cc                TIM1_CC_IRQHandler
                0x000000000800a9cc                DMA2_Stream5_IRQHandler
                0x000000000800a9cc                DMA1_Stream5_IRQHandler
                0x000000000800a9cc                PVD_IRQHandler
                0x000000000800a9cc                TAMP_STAMP_IRQHandler
                0x000000000800a9cc                I2C2_EV_IRQHandler
                0x000000000800a9cc                DMA1_Stream2_IRQHandler
                0x000000000800a9cc                DMA2_Stream2_IRQHandler
                0x000000000800a9cc                SPI1_IRQHandler
                0x000000000800a9cc                TIM6_DAC_IRQHandler
                0x000000000800a9cc                DMA2_Stream3_IRQHandler
                0x000000000800a9cc                USART6_IRQHandler
                0x000000000800a9cc                I2C1_EV_IRQHandler
                0x000000000800a9cc                DMA1_Stream6_IRQHandler
                0x000000000800a9cc                DMA1_Stream1_IRQHandler
                0x000000000800a9cc                RCC_IRQHandler
                0x000000000800a9cc                Default_Handler
                0x000000000800a9cc                EXTI15_10_IRQHandler
                0x000000000800a9cc                DMA1_Stream7_IRQHandler
                0x000000000800a9cc                SPI5_IRQHandler
                0x000000000800a9cc                DMA2_Stream7_IRQHandler
                0x000000000800a9cc                EXTI9_5_IRQHandler
                0x000000000800a9cc                RTC_WKUP_IRQHandler
                0x000000000800a9cc                SPI2_IRQHandler
                0x000000000800a9cc                DMA1_Stream0_IRQHandler
                0x000000000800a9cc                FMPI2C1_ER_IRQHandler
                0x000000000800a9cc                EXTI4_IRQHandler
                0x000000000800a9cc                RNG_IRQHandler
                0x000000000800a9cc                TIM1_UP_IRQHandler
                0x000000000800a9cc                USART2_IRQHandler
                0x000000000800a9cc                I2C2_ER_IRQHandler
                0x000000000800a9cc                DMA2_Stream1_IRQHandler
                0x000000000800a9cc                FLASH_IRQHandler
                0x000000000800a9cc                DMA2_Stream4_IRQHandler
                0x000000000800a9cc                DMA1_Stream4_IRQHandler
                0x000000000800a9cc                I2C1_ER_IRQHandler
                0x000000000800a9cc                LPTIM1_IRQHandler
                0x000000000800a9cc                DMA2_Stream6_IRQHandler
                0x000000000800a9cc                DMA1_Stream3_IRQHandler
 .text._init    0x000000000800a9ce        0x4 obj/Debug/src/stm32_libs/stm32f4xx/cmsis/system_hse100_stm32f410.o
                0x000000000800a9ce                _init
 *fill*         0x000000000800a9d2        0x2 
 .text.SystemInit
                0x000000000800a9d4       0x68 obj/Debug/src/stm32_libs/stm32f4xx/cmsis/system_hse100_stm32f410.o
                0x000000000800a9d4                SystemInit
 .text.SetSysClock
                0x000000000800aa3c       0xe8 obj/Debug/src/stm32_libs/stm32f4xx/cmsis/system_hse100_stm32f410.o
 .text.NVIC_PriorityGroupConfig
                0x000000000800ab24       0x1c obj/Debug/src/stm32_libs/stm32f4xx/spl/misc.o
                0x000000000800ab24                NVIC_PriorityGroupConfig
 .text.DMA_Init
                0x000000000800ab40       0xa4 obj/Debug/src/stm32_libs/stm32f4xx/spl/stm32f4xx_dma.o
                0x000000000800ab40                DMA_Init
 .text.DMA_StructInit
                0x000000000800abe4       0x64 obj/Debug/src/stm32_libs/stm32f4xx/spl/stm32f4xx_dma.o
                0x000000000800abe4                DMA_StructInit
 .text.I2C_Init
                0x000000000800ac48      0x1cc obj/Debug/src/stm32_libs/stm32f4xx/spl/stm32f4xx_i2c.o
                0x000000000800ac48                I2C_Init
 .text.I2C_Cmd  0x000000000800ae14       0x3a obj/Debug/src/stm32_libs/stm32f4xx/spl/stm32f4xx_i2c.o
                0x000000000800ae14                I2C_Cmd
 .text.I2C_GenerateSTART
                0x000000000800ae4e       0x3a obj/Debug/src/stm32_libs/stm32f4xx/spl/stm32f4xx_i2c.o
                0x000000000800ae4e                I2C_GenerateSTART
 .text.I2C_GenerateSTOP
                0x000000000800ae88       0x3a obj/Debug/src/stm32_libs/stm32f4xx/spl/stm32f4xx_i2c.o
                0x000000000800ae88                I2C_GenerateSTOP
 .text.I2C_Send7bitAddress
                0x000000000800aec2       0x42 obj/Debug/src/stm32_libs/stm32f4xx/spl/stm32f4xx_i2c.o
                0x000000000800aec2                I2C_Send7bitAddress
 .text.I2C_AcknowledgeConfig
                0x000000000800af04       0x3a obj/Debug/src/stm32_libs/stm32f4xx/spl/stm32f4xx_i2c.o
                0x000000000800af04                I2C_AcknowledgeConfig
 .text.I2C_SendData
                0x000000000800af3e       0x1a obj/Debug/src/stm32_libs/stm32f4xx/spl/stm32f4xx_i2c.o
                0x000000000800af3e                I2C_SendData
 .text.I2C_ReceiveData
                0x000000000800af58       0x12 obj/Debug/src/stm32_libs/stm32f4xx/spl/stm32f4xx_i2c.o
                0x000000000800af58                I2C_ReceiveData
 .text.I2C_CheckEvent
                0x000000000800af6a       0x5e obj/Debug/src/stm32_libs/stm32f4xx/spl/stm32f4xx_i2c.o
                0x000000000800af6a                I2C_CheckEvent
 .text.I2C_GetFlagStatus
                0x000000000800afc8       0x64 obj/Debug/src/stm32_libs/stm32f4xx/spl/stm32f4xx_i2c.o
                0x000000000800afc8                I2C_GetFlagStatus
 .text.I2C_ClearFlag
                0x000000000800b02c       0x24 obj/Debug/src/stm32_libs/stm32f4xx/spl/stm32f4xx_i2c.o
                0x000000000800b02c                I2C_ClearFlag
 .text.RCC_GetClocksFreq
                0x000000000800b050      0x148 obj/Debug/src/stm32_libs/stm32f4xx/spl/stm32f4xx_rcc.o
                0x000000000800b050                RCC_GetClocksFreq
 .text.USART_Init
                0x000000000800b198      0x170 obj/Debug/src/stm32_libs/stm32f4xx/spl/stm32f4xx_usart.o
                0x000000000800b198                USART_Init
 .text.USART_Cmd
                0x000000000800b308       0x3a obj/Debug/src/stm32_libs/stm32f4xx/spl/stm32f4xx_usart.o
                0x000000000800b308                USART_Cmd
 .text.USART_ReceiveData
                0x000000000800b342       0x16 obj/Debug/src/stm32_libs/stm32f4xx/spl/stm32f4xx_usart.o
                0x000000000800b342                USART_ReceiveData
 .text.USART_ITConfig
                0x000000000800b358       0x90 obj/Debug/src/stm32_libs/stm32f4xx/spl/stm32f4xx_usart.o
                0x000000000800b358                USART_ITConfig
 .text.Eeprom_init
                0x000000000800b3e8       0xc0 obj/Debug/src/storage/eeprom.o
                0x000000000800b3e8                Eeprom_init
 .text.eeprom_write_byte
                0x000000000800b4a8      0x15c obj/Debug/src/storage/eeprom.o
                0x000000000800b4a8                eeprom_write_byte
 .text.eeprom_read_byte
                0x000000000800b604      0x1f4 obj/Debug/src/storage/eeprom.o
                0x000000000800b604                eeprom_read_byte
 .text.eeprom_wait
                0x000000000800b7f8       0xe4 obj/Debug/src/storage/eeprom.o
                0x000000000800b7f8                eeprom_wait
 .text.eeprom_update_byte
                0x000000000800b8dc       0x9c obj/Debug/src/storage/eeprom.o
                0x000000000800b8dc                eeprom_update_byte
 .text.Eeprom_load_data
                0x000000000800b978       0x6c obj/Debug/src/storage/eeprom.o
                0x000000000800b978                Eeprom_load_data
 .text.Eeprom_update_data
                0x000000000800b9e4       0x64 obj/Debug/src/storage/eeprom.o
                0x000000000800b9e4                Eeprom_update_data
 .text.getValue_t2D
                0x000000000800ba48      0x18c obj/Debug/src/storage/table.o
                0x000000000800ba48                getValue_t2D
 .text.getValue_t3D
                0x000000000800bbd4      0x5ce obj/Debug/src/storage/table.o
                0x000000000800bbd4                getValue_t3D
 .text.load_t2D_data
                0x000000000800c1a2       0x24 obj/Debug/src/storage/table.o
                0x000000000800c1a2                load_t2D_data
 .text.load_t3D_data
                0x000000000800c1c6       0x26 obj/Debug/src/storage/table.o
                0x000000000800c1c6                load_t3D_data
 .text.store_t2D_data
                0x000000000800c1ec       0x22 obj/Debug/src/storage/table.o
                0x000000000800c1ec                store_t2D_data
 .text.store_t3D_data
                0x000000000800c20e       0x24 obj/Debug/src/storage/table.o
                0x000000000800c20e                store_t3D_data
 *fill*         0x000000000800c232        0x2 
 .text.show_t3D_data
                0x000000000800c234       0xd8 obj/Debug/src/storage/table.o
                0x000000000800c234                show_t3D_data
 .text.show_t2D_data
                0x000000000800c30c       0x6c obj/Debug/src/storage/table.o
                0x000000000800c30c                show_t2D_data
 .text.modify_t2D_data
                0x000000000800c378       0x2c obj/Debug/src/storage/table.o
                0x000000000800c378                modify_t2D_data
 .text.modify_t3D_data
                0x000000000800c3a4       0x2e obj/Debug/src/storage/table.o
                0x000000000800c3a4                modify_t3D_data
 .text.send_t2D_data
                0x000000000800c3d2       0x20 obj/Debug/src/storage/table.o
                0x000000000800c3d2                send_t2D_data
 .text.send_t3D_data
                0x000000000800c3f2       0x22 obj/Debug/src/storage/table.o
                0x000000000800c3f2                send_t3D_data
 .text.NVIC_EnableIRQ
                0x000000000800c414       0x2c obj/Debug/src/timing/lowprio_scheduler.o
 .text.NVIC_ClearPendingIRQ
                0x000000000800c440       0x30 obj/Debug/src/timing/lowprio_scheduler.o
 .text.NVIC_SetPriority
                0x000000000800c470       0x50 obj/Debug/src/timing/lowprio_scheduler.o
 .text.safe_callback
                0x000000000800c4c0        0xe obj/Debug/src/timing/lowprio_scheduler.o
 *fill*         0x000000000800c4ce        0x2 
 .text.init_lowprio_scheduler
                0x000000000800c4d0       0xac obj/Debug/src/timing/lowprio_scheduler.o
                0x000000000800c4d0                init_lowprio_scheduler
 .text.lowprio_scheduler_set_channel
                0x000000000800c57c      0x384 obj/Debug/src/timing/lowprio_scheduler.o
                0x000000000800c57c                lowprio_scheduler_set_channel
 .text.TIM1_TRG_COM_TIM11_IRQHandler
                0x000000000800c900      0x2d4 obj/Debug/src/timing/lowprio_scheduler.o
                0x000000000800c900                TIM1_TRG_COM_TIM11_IRQHandler
 .text.NVIC_EnableIRQ
                0x000000000800cbd4       0x2c obj/Debug/src/timing/scheduler.o
 .text.NVIC_ClearPendingIRQ
                0x000000000800cc00       0x30 obj/Debug/src/timing/scheduler.o
 .text.NVIC_SetPriority
                0x000000000800cc30       0x50 obj/Debug/src/timing/scheduler.o
 .text.allocate_timer_channel_1
                0x000000000800cc80       0x6c obj/Debug/src/timing/scheduler.o
                0x000000000800cc80                allocate_timer_channel_1
 .text.reset_timer_channel_1
                0x000000000800ccec       0x38 obj/Debug/src/timing/scheduler.o
                0x000000000800ccec                reset_timer_channel_1
 .text.allocate_timer_channel_2
                0x000000000800cd24       0x6c obj/Debug/src/timing/scheduler.o
                0x000000000800cd24                allocate_timer_channel_2
 .text.reset_timer_channel_2
                0x000000000800cd90       0x38 obj/Debug/src/timing/scheduler.o
                0x000000000800cd90                reset_timer_channel_2
 .text.allocate_timer_channel_3
                0x000000000800cdc8       0x6c obj/Debug/src/timing/scheduler.o
                0x000000000800cdc8                allocate_timer_channel_3
 .text.reset_timer_channel_3
                0x000000000800ce34       0x38 obj/Debug/src/timing/scheduler.o
                0x000000000800ce34                reset_timer_channel_3
 .text.allocate_timer_channel_4
                0x000000000800ce6c       0x6c obj/Debug/src/timing/scheduler.o
                0x000000000800ce6c                allocate_timer_channel_4
 .text.reset_timer_channel_4
                0x000000000800ced8       0x38 obj/Debug/src/timing/scheduler.o
                0x000000000800ced8                reset_timer_channel_4
 .text.init_Vital_Scheduler
                0x000000000800cf10      0x108 obj/Debug/src/timing/scheduler.o
                0x000000000800cf10                init_Vital_Scheduler
 .text.scheduler_set_channel
                0x000000000800d018      0x1a4 obj/Debug/src/timing/scheduler.o
                0x000000000800d018                scheduler_set_channel
 .text.scheduler_reset_channel
                0x000000000800d1bc       0x7c obj/Debug/src/timing/scheduler.o
                0x000000000800d1bc                scheduler_reset_channel
 .text.allocate_channel
                0x000000000800d238      0x108 obj/Debug/src/timing/scheduler.o
                0x000000000800d238                allocate_channel
 .text.TIM5_IRQHandler
                0x000000000800d340      0x1c0 obj/Debug/src/timing/scheduler.o
                0x000000000800d340                TIM5_IRQHandler
 .text.scheduler_diag_log_event
                0x000000000800d500       0x44 obj/Debug/src/timing/scheduler_diag.o
                0x000000000800d500                scheduler_diag_log_event
 .text.print_scheduler_diag
                0x000000000800d544       0x84 obj/Debug/src/timing/scheduler_diag.o
                0x000000000800d544                print_scheduler_diag
 .text.NVIC_SetPriority
                0x000000000800d5c8       0x50 obj/Debug/src/timing/systick_timer.o
 .text.init_systick_timer
                0x000000000800d618       0x30 obj/Debug/src/timing/systick_timer.o
                0x000000000800d618                init_systick_timer
 .text.get_timestamp_fraction_us
                0x000000000800d648       0x2c obj/Debug/src/timing/systick_timer.o
                0x000000000800d648                get_timestamp_fraction_us
 .text.SysTick_Handler
                0x000000000800d674      0x200 obj/Debug/src/timing/systick_timer.o
                0x000000000800d674                SysTick_Handler
 .text.calc_rot_duration_us
                0x000000000800d874       0x24 obj/Debug/src/utils/base_calc.o
                0x000000000800d874                calc_rot_duration_us
 .text.calc_rot_angle_deg
                0x000000000800d898       0x36 obj/Debug/src/utils/base_calc.o
                0x000000000800d898                calc_rot_angle_deg
 *fill*         0x000000000800d8ce        0x2 
 .text.calc_rpm
                0x000000000800d8d0       0x30 obj/Debug/src/utils/base_calc.o
                0x000000000800d8d0                calc_rpm
 .text.sub_VU32
                0x000000000800d900       0x2a obj/Debug/src/utils/base_calc.o
                0x000000000800d900                sub_VU32
 .text.subtract_VU32
                0x000000000800d92a       0x1e obj/Debug/src/utils/base_calc.o
                0x000000000800d92a                subtract_VU32
 .text.divide_VU32
                0x000000000800d948       0x2a obj/Debug/src/utils/base_calc.o
                0x000000000800d948                divide_VU32
 *fill*         0x000000000800d972        0x2 
 .text.divide_VF32
                0x000000000800d974       0x48 obj/Debug/src/utils/base_calc.o
                0x000000000800d974                divide_VF32
 .text.divide_float
                0x000000000800d9bc       0x48 obj/Debug/src/utils/base_calc.o
                0x000000000800d9bc                divide_float
 .text.crank_position_after
                0x000000000800da04       0x2e obj/Debug/src/utils/base_calc.o
                0x000000000800da04                crank_position_after
 .text.opposite_phase
                0x000000000800da32       0x2c obj/Debug/src/utils/base_calc.o
                0x000000000800da32                opposite_phase
 .text.solve_linear
                0x000000000800da5e       0x56 obj/Debug/src/utils/base_calc.o
                0x000000000800da5e                solve_linear
 .text.calc_ema
                0x000000000800dab4       0x8c obj/Debug/src/utils/base_calc.o
                0x000000000800dab4                calc_ema
 .text.calc_derivative_s
                0x000000000800db40       0x68 obj/Debug/src/utils/base_calc.o
                0x000000000800db40                calc_derivative_s
 .text.getBit_BF8
                0x000000000800dba8       0x46 obj/Debug/src/utils/bitfields.o
                0x000000000800dba8                getBit_BF8
 *fill*         0x000000000800dbee        0x2 
 .text.__libc_init_array
                0x000000000800dbf0       0x48 /opt/gcc-arm-none-eabi-7-2017-q4-major/bin/../lib/gcc/arm-none-eabi/7.2.1/../../../../arm-none-eabi/lib/thumb/v7e-m/fpv4-sp/hard/libc.a(lib_a-init.o)
                0x000000000800dbf0                __libc_init_array
 *(.rodata)
 .rodata        0x000000000800dc38      0x6a2 obj/Debug/src/com/Tuareg_console.o
                0x000000000800dc38                Tuareg_Version
 *fill*         0x000000000800e2da        0x2 
 .rodata        0x000000000800e2dc      0x2ac obj/Debug/src/com/TunerStudio_service.o
 .rodata        0x000000000800e588       0x5f obj/Debug/src/com/uart_printf.o
 *fill*         0x000000000800e5e7        0x1 
 .rodata        0x000000000800e5e8       0x16 obj/Debug/src/debug/debug_port_messages.o
 *fill*         0x000000000800e5fe        0x2 
 .rodata        0x000000000800e600      0x15f obj/Debug/src/decoder/decoder_config.o
 *fill*         0x000000000800e75f        0x1 
 .rodata        0x000000000800e760      0x227 obj/Debug/src/decoder/decoder_diag.o
                0x000000000800e760                decoder_diag_legend
 *fill*         0x000000000800e987        0x1 
 .rodata        0x000000000800e988       0x32 obj/Debug/src/diagnostics/fault_log.o
 *fill*         0x000000000800e9ba        0x2 
 .rodata        0x000000000800e9bc       0x76 obj/Debug/src/diagnostics/highspeed_loggers.o
 *fill*         0x000000000800ea32        0x2 
 .rodata        0x000000000800ea34       0x6c obj/Debug/src/diagnostics/syslog.o
 .rodata        0x000000000800eaa0      0x58c obj/Debug/src/fueling/fueling_config.o
 .rodata        0x000000000800f02c      0x34b obj/Debug/src/fueling/fueling_diag.o
                0x000000000800f02c                fueling_diag_legend
 *fill*         0x000000000800f377        0x1 
 .rodata        0x000000000800f378      0x1d8 obj/Debug/src/ignition/ignition_config.o
 .rodata        0x000000000800f550      0x1c7 obj/Debug/src/ignition/ignition_diag.o
                0x000000000800f550                ignition_diag_legend
 *fill*         0x000000000800f717        0x1 
 .rodata        0x000000000800f718        0xb obj/Debug/src/main/main.o
 *fill*         0x000000000800f723        0x1 
 .rodata        0x000000000800f724      0x15d obj/Debug/src/main/Tuareg_config.o
 *fill*         0x000000000800f881        0x3 
 .rodata        0x000000000800f884      0x28b obj/Debug/src/main/Tuareg_diag.o
                0x000000000800f884                tuareg_diag_legend
 *fill*         0x000000000800fb0f        0x1 
 .rodata        0x000000000800fb10       0x15 obj/Debug/src/main/Tuareg_errors.o
 *fill*         0x000000000800fb25        0x3 
 .rodata        0x000000000800fb28      0x5a0 obj/Debug/src/main/Tuareg_ID.o
                0x000000000800fb28                Tuareg_ID_labels
 .rodata        0x00000000080100c8       0x73 obj/Debug/src/process_table/process_table.o
 *fill*         0x000000000801013b        0x1 
 .rodata        0x000000000801013c       0x24 obj/Debug/src/sensors/sensor_calibration.o
 .rodata        0x0000000008010160       0x9f obj/Debug/src/sensors/sensors_diag.o
                0x0000000008010160                sensors_diag_legend
 *fill*         0x00000000080101ff        0x1 
 .rodata        0x0000000008010200       0xe5 obj/Debug/src/storage/table.o
 *fill*         0x00000000080102e5        0x3 
 .rodata        0x00000000080102e8      0x457 obj/Debug/src/timing/scheduler_diag.o
                0x00000000080102e8                scheduler_diag_legend
 *(.rodata*)
 *fill*         0x000000000801073f        0x1 
 .rodata.cKelvin_offset
                0x0000000008010740        0x4 obj/Debug/src/main/Tuareg_types.o
                0x0000000008010740                cKelvin_offset
 .rodata.cR_gas
                0x0000000008010744        0x4 obj/Debug/src/main/Tuareg_types.o
                0x0000000008010744                cR_gas
 .rodata.cM_air
                0x0000000008010748        0x4 obj/Debug/src/main/Tuareg_types.o
                0x0000000008010748                cM_air
 *(.glue_7)
 .glue_7        0x000000000801074c        0x0 linker stubs
 *(.glue_7t)
 .glue_7t       0x000000000801074c        0x0 linker stubs
 *(.init)
 *(.fini)
                0x000000000801074c                . = ALIGN (0x4)
                0x000000000801074c                _etext = .

.vfp11_veneer   0x000000000801074c        0x0
 .vfp11_veneer  0x000000000801074c        0x0 linker stubs

.v4_bx          0x000000000801074c        0x0
 .v4_bx         0x000000000801074c        0x0 linker stubs

.iplt           0x000000000801074c        0x0
 .iplt          0x000000000801074c        0x0 obj/Debug/src/com/Tuareg_console.o

.rel.dyn        0x000000000801074c        0x0
 .rel.iplt      0x000000000801074c        0x0 obj/Debug/src/com/Tuareg_console.o

.ARM.extab
 *(.ARM.extab* .gnu.linkonce.armextab.*)
