Archive member included to satisfy reference by file (symbol)

/opt/gcc-arm-none-eabi-7-2017-q4-major/bin/../lib/gcc/arm-none-eabi/7.2.1/../../../../arm-none-eabi/lib/thumb/v7e-m/fpv4-sp/hard/libc.a(lib_a-init.o)
                              obj/Debug/src/stm32_libs/stm32f4xx/cmsis/startup_stm32f410xx.o (__libc_init_array)

Discarded input sections

 .group         0x0000000000000000        0xc obj/Debug/src/actors/act_hw.o
 .group         0x0000000000000000        0xc obj/Debug/src/actors/act_hw.o
 .group         0x0000000000000000        0xc obj/Debug/src/actors/act_hw.o
 .group         0x0000000000000000        0xc obj/Debug/src/actors/act_hw.o
 .group         0x0000000000000000        0xc obj/Debug/src/actors/act_hw.o
 .group         0x0000000000000000        0xc obj/Debug/src/actors/act_hw.o
 .group         0x0000000000000000        0xc obj/Debug/src/actors/act_hw.o
 .group         0x0000000000000000        0xc obj/Debug/src/actors/act_hw.o
 .group         0x0000000000000000        0xc obj/Debug/src/actors/act_hw.o
 .group         0x0000000000000000        0xc obj/Debug/src/actors/act_hw.o
 .group         0x0000000000000000        0xc obj/Debug/src/actors/act_hw.o
 .group         0x0000000000000000        0xc obj/Debug/src/actors/act_hw.o
 .group         0x0000000000000000        0xc obj/Debug/src/actors/act_hw.o
 .group         0x0000000000000000        0xc obj/Debug/src/actors/act_hw.o
 .group         0x0000000000000000        0xc obj/Debug/src/actors/act_hw.o
 .group         0x0000000000000000        0xc obj/Debug/src/actors/act_hw.o
 .group         0x0000000000000000        0xc obj/Debug/src/actors/act_hw.o
 .group         0x0000000000000000        0xc obj/Debug/src/actors/act_hw.o
 .group         0x0000000000000000        0xc obj/Debug/src/actors/act_hw.o
 .group         0x0000000000000000        0xc obj/Debug/src/actors/act_hw.o
 .group         0x0000000000000000        0xc obj/Debug/src/actors/act_hw.o
 .group         0x0000000000000000        0xc obj/Debug/src/actors/act_hw.o
 .group         0x0000000000000000        0xc obj/Debug/src/actors/act_hw.o
 .group         0x0000000000000000        0xc obj/Debug/src/actors/act_hw.o
 .group         0x0000000000000000        0xc obj/Debug/src/actors/act_hw.o
 .group         0x0000000000000000        0xc obj/Debug/src/actors/act_hw.o
 .group         0x0000000000000000        0xc obj/Debug/src/actors/act_hw.o
 .group         0x0000000000000000        0xc obj/Debug/src/actors/act_hw.o
 .group         0x0000000000000000        0xc obj/Debug/src/actors/act_hw.o
 .group         0x0000000000000000        0xc obj/Debug/src/actors/act_hw.o
 .group         0x0000000000000000        0xc obj/Debug/src/actors/act_hw.o
 .group         0x0000000000000000        0xc obj/Debug/src/actors/act_hw.o
 .group         0x0000000000000000        0xc obj/Debug/src/actors/act_hw.o
 .group         0x0000000000000000        0xc obj/Debug/src/actors/act_hw.o
 .group         0x0000000000000000        0xc obj/Debug/src/actors/act_hw.o
 .group         0x0000000000000000        0xc obj/Debug/src/actors/act_hw.o
 .group         0x0000000000000000        0xc obj/Debug/src/actors/act_hw.o
 .group         0x0000000000000000        0xc obj/Debug/src/actors/act_hw.o
 .group         0x0000000000000000        0xc obj/Debug/src/actors/act_hw.o
 .group         0x0000000000000000        0xc obj/Debug/src/actors/act_hw.o
 .group         0x0000000000000000        0xc obj/Debug/src/actors/act_hw.o
 .group         0x0000000000000000        0xc obj/Debug/src/actors/act_hw.o
 .group         0x0000000000000000        0xc obj/Debug/src/actors/act_hw.o
 .group         0x0000000000000000        0xc obj/Debug/src/actors/act_hw.o
 .group         0x0000000000000000        0xc obj/Debug/src/actors/act_hw.o
 .group         0x0000000000000000        0xc obj/Debug/src/actors/act_hw.o
 .group         0x0000000000000000        0xc obj/Debug/src/actors/act_hw.o
 .group         0x0000000000000000        0xc obj/Debug/src/actors/act_hw.o
 .group         0x0000000000000000        0xc obj/Debug/src/actors/act_hw.o
 .group         0x0000000000000000        0xc obj/Debug/src/actors/act_hw.o
 .group         0x0000000000000000        0xc obj/Debug/src/actors/act_hw.o
 .group         0x0000000000000000        0xc obj/Debug/src/actors/act_hw.o
 .group         0x0000000000000000        0xc obj/Debug/src/actors/act_hw.o
 .group         0x0000000000000000        0xc obj/Debug/src/actors/act_hw.o
 .text          0x0000000000000000        0x0 obj/Debug/src/actors/act_hw.o
 .data          0x0000000000000000        0x0 obj/Debug/src/actors/act_hw.o
 .bss           0x0000000000000000        0x0 obj/Debug/src/actors/act_hw.o
 .text.set_act1
                0x0000000000000000       0x34 obj/Debug/src/actors/act_hw.o
 .text.set_act2
                0x0000000000000000       0x34 obj/Debug/src/actors/act_hw.o
 .text.init_act_hw
                0x0000000000000000       0x54 obj/Debug/src/actors/act_hw.o
[...]
Memory Configuration

Name             Origin             Length             Attributes
FLASH            0x0000000008000000 0x0000000000020000 xr
RAM              0x0000000020000000 0x0000000000008000 xrw
MEMORY_B1        0x0000000060000000 0x0000000000000000 xr
*default*        0x0000000000000000 0xffffffffffffffff

Linker script and memory map

LOAD obj/Debug/src/actors/act_hw.o
LOAD obj/Debug/src/actors/act_logic.o
LOAD obj/Debug/src/com/serial_monitor.o
LOAD obj/Debug/src/com/Tuareg_console.o
LOAD obj/Debug/src/com/TunerStudio.o
LOAD obj/Debug/src/com/TunerStudio_outChannel.o
LOAD obj/Debug/src/com/TunerStudio_service.o
LOAD obj/Debug/src/com/uart.o
LOAD obj/Debug/src/com/uart_printf.o
LOAD obj/Debug/src/dash/dash_hw.o
LOAD obj/Debug/src/dash/dash_logic.o
LOAD obj/Debug/src/debug/debug.o
LOAD obj/Debug/src/debug/debug_port_messages.o
LOAD obj/Debug/src/debug/dwt.o
LOAD obj/Debug/src/decoder/decoder_cis.o
LOAD obj/Debug/src/decoder/decoder_config.o
LOAD obj/Debug/src/decoder/decoder_debug.o
LOAD obj/Debug/src/decoder/decoder_diag.o
LOAD obj/Debug/src/decoder/decoder_hw.o
LOAD obj/Debug/src/decoder/decoder_logic.o
LOAD obj/Debug/src/decoder/Tuareg_decoder.o
LOAD obj/Debug/src/diagnostics/diagnostics.o
LOAD obj/Debug/src/diagnostics/fault_log.o
LOAD obj/Debug/src/diagnostics/highspeed_loggers.o
LOAD obj/Debug/src/diagnostics/syslog.o
LOAD obj/Debug/src/fueling/fueling_config.o
LOAD obj/Debug/src/fueling/fueling_diag.o
LOAD obj/Debug/src/fueling/fueling_hw.o
LOAD obj/Debug/src/fueling/fueling_logic.o
LOAD obj/Debug/src/fueling/Tuareg_fueling.o
LOAD obj/Debug/src/fueling/Tuareg_fueling_controls.o
LOAD obj/Debug/src/ignition/ignition_config.o
LOAD obj/Debug/src/ignition/ignition_diag.o
LOAD obj/Debug/src/ignition/ignition_hw.o
LOAD obj/Debug/src/ignition/Tuareg_ignition.o
LOAD obj/Debug/src/ignition/Tuareg_ignition_controls.o
LOAD obj/Debug/src/main/main.o
LOAD obj/Debug/src/main/Tuareg.o
LOAD obj/Debug/src/main/Tuareg_config.o
LOAD obj/Debug/src/main/Tuareg_diag.o
LOAD obj/Debug/src/main/Tuareg_errors.o
LOAD obj/Debug/src/main/Tuareg_ID.o
LOAD obj/Debug/src/main/Tuareg_process_data.o
LOAD obj/Debug/src/main/Tuareg_service_functions.o
LOAD obj/Debug/src/main/Tuareg_types.o
LOAD obj/Debug/src/module_test/module_test.o
LOAD obj/Debug/src/process_table/process_table.o
LOAD obj/Debug/src/sensors/analog_sensors.o
LOAD obj/Debug/src/sensors/digital_sensors.o
LOAD obj/Debug/src/sensors/knock_sensor.o
LOAD obj/Debug/src/sensors/sensor_calibration.o
LOAD obj/Debug/src/sensors/sensors_diag.o
LOAD obj/Debug/src/sensors/Tuareg_sensors.o
LOAD obj/Debug/src/stm32_libs/stm32f4xx/boctok/stm32f4xx_adc.o
LOAD obj/Debug/src/stm32_libs/stm32f4xx/boctok/stm32f4xx_fault_handler.o
LOAD obj/Debug/src/stm32_libs/stm32f4xx/boctok/stm32f4xx_gpio.o
LOAD obj/Debug/src/stm32_libs/stm32f4xx/cmsis/startup_stm32f410xx.o
LOAD obj/Debug/src/stm32_libs/stm32f4xx/cmsis/system_hse100_stm32f410.o
LOAD obj/Debug/src/stm32_libs/stm32f4xx/spl/misc.o
LOAD obj/Debug/src/stm32_libs/stm32f4xx/spl/stm32f4xx_dma.o
LOAD obj/Debug/src/stm32_libs/stm32f4xx/spl/stm32f4xx_i2c.o
LOAD obj/Debug/src/stm32_libs/stm32f4xx/spl/stm32f4xx_rcc.o
LOAD obj/Debug/src/stm32_libs/stm32f4xx/spl/stm32f4xx_usart.o
LOAD obj/Debug/src/storage/eeprom.o
LOAD obj/Debug/src/storage/table.o
LOAD obj/Debug/src/timing/lowprio_scheduler.o
LOAD obj/Debug/src/timing/scheduler.o
LOAD obj/Debug/src/timing/scheduler_diag.o
LOAD obj/Debug/src/timing/systick_timer.o
LOAD obj/Debug/src/utils/base_calc.o
LOAD obj/Debug/src/utils/bitfields.o
LOAD obj/Debug/src/utils/conversion.o
                0x0000000020008000                _estack = 0x20008000
                0x0000000000000000                _Min_Heap_Size = 0x0
                0x0000000000000100                _Min_Stack_Size = 0x100

.isr_vector     0x0000000008000000      0x1c8
                0x0000000008000000                . = ALIGN (0x4)
 *(.isr_vector)
 .isr_vector    0x0000000008000000      0x1c8 obj/Debug/src/stm32_libs/stm32f4xx/cmsis/startup_stm32f410xx.o
                0x0000000008000000                g_pfnVectors
                0x00000000080001c8                . = ALIGN (0x4)

.text           0x00000000080001c8    0x10ebc
                0x00000000080001c8                . = ALIGN (0x4)
 *(.text)
 *(.text*)
 .text.Tuareg_update_console
                0x00000000080001c8      0x4d0 obj/Debug/src/com/Tuareg_console.o
                0x00000000080001c8                Tuareg_update_console
 .text.cli_showPage
                0x0000000008000698      0x1a0 obj/Debug/src/com/Tuareg_console.o
                0x0000000008000698                cli_showPage
 .text.cli_checkPermissions
                0x0000000008000838      0x1a4 obj/Debug/src/com/Tuareg_console.o
                0x0000000008000838                cli_checkPermissions
 .text.cli_show_help
                0x00000000080009dc      0x11c obj/Debug/src/com/Tuareg_console.o
                0x00000000080009dc                cli_show_help
 .text.cli_cyclic_update
                0x0000000008000af8       0x20 obj/Debug/src/com/Tuareg_console.o
                0x0000000008000af8                cli_cyclic_update
 .text.Tuareg_init_console
                0x0000000008000b18       0x18 obj/Debug/src/com/Tuareg_console.o
                0x0000000008000b18                Tuareg_init_console
 .text.ts_readPage
                0x0000000008000b30      0x114 obj/Debug/src/com/TunerStudio.o
                0x0000000008000b30                ts_readPage
 .text.ts_valueWrite
                0x0000000008000c44      0x334 obj/Debug/src/com/TunerStudio.o
                0x0000000008000c44                ts_valueWrite
 .text.ts_burnPage
                0x0000000008000f78      0x12c obj/Debug/src/com/TunerStudio.o
                0x0000000008000f78                ts_burnPage
 .text.ts_sendOutputChannels
                0x00000000080010a4      0x1e4 obj/Debug/src/com/TunerStudio_outChannel.o
                0x00000000080010a4                ts_sendOutputChannels
 .text.ts_tuareg_bits
                0x0000000008001288      0x27c obj/Debug/src/com/TunerStudio_outChannel.o
                0x0000000008001288                ts_tuareg_bits
 .text.NVIC_SystemReset
                0x0000000008001504       0x24 obj/Debug/src/com/TunerStudio_service.o
 .text.ts_debug_features
                0x0000000008001528       0xe4 obj/Debug/src/com/TunerStudio_service.o
                0x0000000008001528                ts_debug_features
 .text.ts_debug_info
                0x000000000800160c      0x104 obj/Debug/src/com/TunerStudio_service.o
                0x000000000800160c                ts_debug_info
 .text.cli_show_process_data
                0x0000000008001710       0xd4 obj/Debug/src/com/TunerStudio_service.o
                0x0000000008001710                cli_show_process_data
 .text.cli_show_ignition_controls
                0x00000000080017e4      0x15c obj/Debug/src/com/TunerStudio_service.o
                0x00000000080017e4                cli_show_ignition_controls
 .text.cli_show_decoder_interface
                0x0000000008001940      0x180 obj/Debug/src/com/TunerStudio_service.o
                0x0000000008001940                cli_show_decoder_interface
 .text.cli_print_sensor_data
                0x0000000008001ac0      0x294 obj/Debug/src/com/TunerStudio_service.o
                0x0000000008001ac0                cli_print_sensor_data
 .text.NVIC_EnableIRQ
                0x0000000008001d54       0x2c obj/Debug/src/com/uart.o
 .text.NVIC_SetPriority
                0x0000000008001d80       0x50 obj/Debug/src/com/uart.o
 .text.UART_TS_PORT_Init
                0x0000000008001dd0       0xc8 obj/Debug/src/com/uart.o
                0x0000000008001dd0                UART_TS_PORT_Init
 .text.UART_DEBUG_PORT_Init
                0x0000000008001e98       0x84 obj/Debug/src/com/uart.o
                0x0000000008001e98                UART_DEBUG_PORT_Init
 .text.UART_Tx  0x0000000008001f1c       0x44 obj/Debug/src/com/uart.o
                0x0000000008001f1c                UART_Tx
 .text.UART_Tx_n
                0x0000000008001f60       0x36 obj/Debug/src/com/uart.o
                0x0000000008001f60                UART_Tx_n
 *fill*         0x0000000008001f96        0x2 
 .text.UART_TS_PORT_NEXT_LINE
                0x0000000008001f98       0x24 obj/Debug/src/com/uart.o
                0x0000000008001f98                UART_TS_PORT_NEXT_LINE
 .text.UART_TS_PORT_reset_char_count
                0x0000000008001fbc       0x10 obj/Debug/src/com/uart.o
                0x0000000008001fbc                UART_TS_PORT_reset_char_count
 .text.UART_TS_PORT_get_char_count
                0x0000000008001fcc        0xc obj/Debug/src/com/uart.o
                0x0000000008001fcc                UART_TS_PORT_get_char_count
 .text.UART_available
                0x0000000008001fd8        0xc obj/Debug/src/com/uart.o
                0x0000000008001fd8                UART_available
 .text.UART_getRX
                0x0000000008001fe4       0x28 obj/Debug/src/com/uart.o
                0x0000000008001fe4                UART_getRX
 .text.serial_buffer_push
                0x000000000800200c       0x58 obj/Debug/src/com/uart.o
                0x000000000800200c                serial_buffer_push
 .text.serial_buffer_pull
                0x0000000008002064       0x56 obj/Debug/src/com/uart.o
                0x0000000008002064                serial_buffer_pull
 .text.UART_send_data
                0x00000000080020ba       0x3e obj/Debug/src/com/uart.o
                0x00000000080020ba                UART_send_data
 .text.USART1_IRQHandler
                0x00000000080020f8       0x48 obj/Debug/src/com/uart.o
                0x00000000080020f8                USART1_IRQHandler
 .text.printf_U
                0x0000000008002140      0x254 obj/Debug/src/com/uart_printf.o
                0x0000000008002140                printf_U
 .text.printf_F32
                0x0000000008002394      0x18c obj/Debug/src/com/uart_printf.o
                0x0000000008002394                printf_F32
 .text.printf_nib_hex
                0x0000000008002520       0x28 obj/Debug/src/com/uart_printf.o
                0x0000000008002520                printf_nib_hex
 .text.printf_U32hex
                0x0000000008002548       0x50 obj/Debug/src/com/uart_printf.o
                0x0000000008002548                printf_U32hex
 .text.printf_crkpos
                0x0000000008002598       0xc4 obj/Debug/src/com/uart_printf.o
                0x0000000008002598                printf_crkpos
 .text.printf_phase
                0x000000000800265c       0x54 obj/Debug/src/com/uart_printf.o
                0x000000000800265c                printf_phase
 .text.printf_decoder_sensing
                0x00000000080026b0       0x94 obj/Debug/src/com/uart_printf.o
                0x00000000080026b0                printf_decoder_sensing
 .text.print    0x0000000008002744       0x2c obj/Debug/src/com/uart_printf.o
                0x0000000008002744                print
 .text.print_flash
                0x0000000008002770       0x2c obj/Debug/src/com/uart_printf.o
                0x0000000008002770                print_flash
 .text.set_tachometer
                0x000000000800279c       0x48 obj/Debug/src/dash/dash_hw.o
                0x000000000800279c                set_tachometer
 .text.set_mil  0x00000000080027e4       0x64 obj/Debug/src/dash/dash_hw.o
                0x00000000080027e4                set_mil
 .text.init_dash_hw
                0x0000000008002848       0x54 obj/Debug/src/dash/dash_hw.o
                0x0000000008002848                init_dash_hw
 .text.init_dash
                0x000000000800289c       0x16 obj/Debug/src/dash/dash_logic.o
                0x000000000800289c                init_dash
 .text.dash_set_tachometer
                0x00000000080028b2        0xe obj/Debug/src/dash/dash_logic.o
                0x00000000080028b2                dash_set_tachometer
 .text.dash_set_mil
                0x00000000080028c0       0x38 obj/Debug/src/dash/dash_logic.o
                0x00000000080028c0                dash_set_mil
 .text.DebugMsg_Error
                0x00000000080028f8       0x28 obj/Debug/src/debug/debug_port_messages.o
                0x00000000080028f8                DebugMsg_Error
 .text.DebugMsg_Warning
                0x0000000008002920       0x28 obj/Debug/src/debug/debug_port_messages.o
                0x0000000008002920                DebugMsg_Warning
 .text.DebugMsg_Info
                0x0000000008002948       0x28 obj/Debug/src/debug/debug_port_messages.o
                0x0000000008002948                DebugMsg_Info
 .text.decoder_update_cis
                0x0000000008002970      0x234 obj/Debug/src/decoder/decoder_cis.o
                0x0000000008002970                decoder_update_cis
 .text.decoder_cis_handler
                0x0000000008002ba4       0xcc obj/Debug/src/decoder/decoder_cis.o
                0x0000000008002ba4                decoder_cis_handler
 .text.decoder_cis_noisefilter_handler
                0x0000000008002c70        0xa obj/Debug/src/decoder/decoder_cis.o
                0x0000000008002c70                decoder_cis_noisefilter_handler
 *fill*         0x0000000008002c7a        0x2 
 .text.enable_cis
                0x0000000008002c7c       0x54 obj/Debug/src/decoder/decoder_cis.o
                0x0000000008002c7c                enable_cis
 .text.disable_cis
                0x0000000008002cd0        0xe obj/Debug/src/decoder/decoder_cis.o
                0x0000000008002cd0                disable_cis
 *fill*         0x0000000008002cde        0x2 
 .text.load_Decoder_Setup
                0x0000000008002ce0       0x20 obj/Debug/src/decoder/decoder_config.o
                0x0000000008002ce0                load_Decoder_Setup
 .text.load_essential_Decoder_Setup
                0x0000000008002d00       0x64 obj/Debug/src/decoder/decoder_config.o
                0x0000000008002d00                load_essential_Decoder_Setup
 .text.store_Decoder_Setup
                0x0000000008002d64       0x1c obj/Debug/src/decoder/decoder_config.o
                0x0000000008002d64                store_Decoder_Setup
 .text.show_Decoder_Setup
                0x0000000008002d80      0x1b4 obj/Debug/src/decoder/decoder_config.o
                0x0000000008002d80                show_Decoder_Setup
 .text.modify_Decoder_Setup
                0x0000000008002f34       0x2c obj/Debug/src/decoder/decoder_config.o
                0x0000000008002f34                modify_Decoder_Setup
 .text.send_Decoder_Setup
                0x0000000008002f60       0x20 obj/Debug/src/decoder/decoder_config.o
                0x0000000008002f60                send_Decoder_Setup
 .text.decoder_diag_log_event
                0x0000000008002f80       0x44 obj/Debug/src/decoder/decoder_diag.o
                0x0000000008002f80                decoder_diag_log_event
 .text.print_decoder_diag
                0x0000000008002fc4       0x84 obj/Debug/src/decoder/decoder_diag.o
                0x0000000008002fc4                print_decoder_diag
 .text.NVIC_EnableIRQ
                0x0000000008003048       0x2c obj/Debug/src/decoder/decoder_hw.o
 .text.NVIC_DisableIRQ
                0x0000000008003074       0x30 obj/Debug/src/decoder/decoder_hw.o
 .text.NVIC_ClearPendingIRQ
                0x00000000080030a4       0x30 obj/Debug/src/decoder/decoder_hw.o
 .text.NVIC_SetPriority
                0x00000000080030d4       0x50 obj/Debug/src/decoder/decoder_hw.o
 .text.decoder_start_timer
                0x0000000008003124       0x84 obj/Debug/src/decoder/decoder_hw.o
                0x0000000008003124                decoder_start_timer
 .text.decoder_set_timer_prescaler
                0x00000000080031a8       0x38 obj/Debug/src/decoder/decoder_hw.o
                0x00000000080031a8                decoder_set_timer_prescaler
 .text.decoder_stop_timer
                0x00000000080031e0       0x24 obj/Debug/src/decoder/decoder_hw.o
                0x00000000080031e0                decoder_stop_timer
 .text.update_crank_noisefilter
                0x0000000008003204       0x54 obj/Debug/src/decoder/decoder_hw.o
                0x0000000008003204                update_crank_noisefilter
 .text.update_cam_noisefilter
                0x0000000008003258       0x54 obj/Debug/src/decoder/decoder_hw.o
                0x0000000008003258                update_cam_noisefilter
 .text.decoder_mask_crank_irq
                0x00000000080032ac       0x14 obj/Debug/src/decoder/decoder_hw.o
                0x00000000080032ac                decoder_mask_crank_irq
 .text.decoder_unmask_crank_irq
                0x00000000080032c0       0x1c obj/Debug/src/decoder/decoder_hw.o
                0x00000000080032c0                decoder_unmask_crank_irq
 .text.decoder_mask_cis_irq
                0x00000000080032dc       0x14 obj/Debug/src/decoder/decoder_hw.o
                0x00000000080032dc                decoder_mask_cis_irq
 .text.decoder_unmask_cis_irq
                0x00000000080032f0       0x1c obj/Debug/src/decoder/decoder_hw.o
                0x00000000080032f0                decoder_unmask_cis_irq
 .text.set_crank_pickup_sensing_rise
                0x000000000800330c       0x2c obj/Debug/src/decoder/decoder_hw.o
                0x000000000800330c                set_crank_pickup_sensing_rise
 .text.set_crank_pickup_sensing_fall
                0x0000000008003338       0x2c obj/Debug/src/decoder/decoder_hw.o
                0x0000000008003338                set_crank_pickup_sensing_fall
 .text.set_crank_pickup_sensing_disabled
                0x0000000008003364       0x2c obj/Debug/src/decoder/decoder_hw.o
                0x0000000008003364                set_crank_pickup_sensing_disabled
 .text.set_cis_sensing_rise
                0x0000000008003390       0x2c obj/Debug/src/decoder/decoder_hw.o
                0x0000000008003390                set_cis_sensing_rise
 .text.set_cis_sensing_fall
                0x00000000080033bc       0x2c obj/Debug/src/decoder/decoder_hw.o
                0x00000000080033bc                set_cis_sensing_fall
 .text.set_cis_sensing_disabled
                0x00000000080033e8       0x2c obj/Debug/src/decoder/decoder_hw.o
                0x00000000080033e8                set_cis_sensing_disabled
 .text.decoder_set_crank_pickup_sensing
                0x0000000008003414       0x64 obj/Debug/src/decoder/decoder_hw.o
                0x0000000008003414                decoder_set_crank_pickup_sensing
 .text.decoder_set_cis_sensing
                0x0000000008003478       0x64 obj/Debug/src/decoder/decoder_hw.o
                0x0000000008003478                decoder_set_cis_sensing
 .text.trigger_decoder_irq
                0x00000000080034dc       0x18 obj/Debug/src/decoder/decoder_hw.o
                0x00000000080034dc                trigger_decoder_irq
 .text.init_decoder_hw
                0x00000000080034f4      0x108 obj/Debug/src/decoder/decoder_hw.o
                0x00000000080034f4                init_decoder_hw
 .text.decoder_get_timestamp
                0x00000000080035fc        0xc obj/Debug/src/decoder/decoder_hw.o
                0x00000000080035fc                decoder_get_timestamp
 .text.decoder_set_timer_continuous_mode_on
                0x0000000008003608       0x2c obj/Debug/src/decoder/decoder_hw.o
                0x0000000008003608                decoder_set_timer_continuous_mode_on
 .text.decoder_set_timer_continuous_mode_off
                0x0000000008003634       0x2c obj/Debug/src/decoder/decoder_hw.o
                0x0000000008003634                decoder_set_timer_continuous_mode_off
 .text.decoder_request_timer_reset
                0x0000000008003660       0x14 obj/Debug/src/decoder/decoder_hw.o
                0x0000000008003660                decoder_request_timer_reset
 .text.disable_decoder_hw
                0x0000000008003674       0x32 obj/Debug/src/decoder/decoder_hw.o
                0x0000000008003674                disable_decoder_hw
 *fill*         0x00000000080036a6        0x2 
 .text.EXTI0_IRQHandler
                0x00000000080036a8       0x88 obj/Debug/src/decoder/decoder_hw.o
                0x00000000080036a8                EXTI0_IRQHandler
 .text.TIM1_BRK_TIM9_IRQHandler
                0x0000000008003730       0xb0 obj/Debug/src/decoder/decoder_hw.o
                0x0000000008003730                TIM1_BRK_TIM9_IRQHandler
 .text.EXTI1_IRQHandler
                0x00000000080037e0       0x1c obj/Debug/src/decoder/decoder_hw.o
                0x00000000080037e0                EXTI1_IRQHandler
 .text.reset_timeout_counter
                0x00000000080037fc       0x18 obj/Debug/src/decoder/decoder_logic.o
                0x00000000080037fc                reset_timeout_counter
 .text.reset_timing_output
                0x0000000008003814       0x3c obj/Debug/src/decoder/decoder_logic.o
                0x0000000008003814                reset_timing_output
 .text.reset_position_data
                0x0000000008003850       0x38 obj/Debug/src/decoder/decoder_logic.o
                0x0000000008003850                reset_position_data
 .text.reset_internal_data
                0x0000000008003888       0x18 obj/Debug/src/decoder/decoder_logic.o
                0x0000000008003888                reset_internal_data
 .text.decoder_set_state
                0x00000000080038a0       0x38 obj/Debug/src/decoder/decoder_logic.o
                0x00000000080038a0                decoder_set_state
 .text.check_sync_ratio
                0x00000000080038d8       0xb8 obj/Debug/src/decoder/decoder_logic.o
                0x00000000080038d8                check_sync_ratio
 .text.check_sync_ratio_async
                0x0000000008003990       0x8c obj/Debug/src/decoder/decoder_logic.o
                0x0000000008003990                check_sync_ratio_async
 .text.update_timing_data
                0x0000000008003a1c      0x118 obj/Debug/src/decoder/decoder_logic.o
                0x0000000008003a1c                update_timing_data
 .text.init_decoder_logic
                0x0000000008003b34       0x24 obj/Debug/src/decoder/decoder_logic.o
                0x0000000008003b34                init_decoder_logic
 .text.disable_decoder_logic
                0x0000000008003b58       0x18 obj/Debug/src/decoder/decoder_logic.o
                0x0000000008003b58                disable_decoder_logic
 .text.decoder_crank_handler
                0x0000000008003b70      0x1ac obj/Debug/src/decoder/decoder_logic.o
                0x0000000008003b70                decoder_crank_handler
 .text.decoder_crank_noisefilter_handler
                0x0000000008003d1c        0xa obj/Debug/src/decoder/decoder_logic.o
                0x0000000008003d1c                decoder_crank_noisefilter_handler
 *fill*         0x0000000008003d26        0x2 
 .text.decoder_crank_timeout_handler
                0x0000000008003d28       0x44 obj/Debug/src/decoder/decoder_logic.o
                0x0000000008003d28                decoder_crank_timeout_handler
 .text.init_Decoder
                0x0000000008003d6c       0x7c obj/Debug/src/decoder/Tuareg_decoder.o
                0x0000000008003d6c                init_Decoder
 .text.disable_Decoder
                0x0000000008003de8       0x24 obj/Debug/src/decoder/Tuareg_decoder.o
                0x0000000008003de8                disable_Decoder
 .text.decoder_get_position_data_age_us
                0x0000000008003e0c       0x54 obj/Debug/src/decoder/Tuareg_decoder.o
                0x0000000008003e0c                decoder_get_position_data_age_us
 .text.copy_diag_data
                0x0000000008003e60       0x6c obj/Debug/src/diagnostics/diagnostics.o
                0x0000000008003e60                copy_diag_data
 .text.get_diag_data
                0x0000000008003ecc       0x30 obj/Debug/src/diagnostics/diagnostics.o
                0x0000000008003ecc                get_diag_data
 .text.release_diag_shadow
                0x0000000008003efc       0x10 obj/Debug/src/diagnostics/diagnostics.o
                0x0000000008003efc                release_diag_shadow
 .text.init_Fault_Log
                0x0000000008003f0c       0x5c obj/Debug/src/diagnostics/fault_log.o
                0x0000000008003f0c                init_Fault_Log
 .text.log_Fault
                0x0000000008003f68       0xa8 obj/Debug/src/diagnostics/fault_log.o
                0x0000000008003f68                log_Fault
 .text.Erase_Fault_Log
                0x0000000008004010       0x4c obj/Debug/src/diagnostics/fault_log.o
                0x0000000008004010                Erase_Fault_Log
 .text.load_Fault_Log
                0x000000000800405c       0x20 obj/Debug/src/diagnostics/fault_log.o
                0x000000000800405c                load_Fault_Log
 .text.load_void_Fault_Log
                0x000000000800407c       0x2c obj/Debug/src/diagnostics/fault_log.o
                0x000000000800407c                load_void_Fault_Log
 .text.store_Fault_Log
                0x00000000080040a8       0x1c obj/Debug/src/diagnostics/fault_log.o
                0x00000000080040a8                store_Fault_Log
 .text.show_Fault_Log
                0x00000000080040c4       0xa0 obj/Debug/src/diagnostics/fault_log.o
                0x00000000080040c4                show_Fault_Log
 .text.clear_Fault_Log
                0x0000000008004164       0x2c obj/Debug/src/diagnostics/fault_log.o
                0x0000000008004164                clear_Fault_Log
 .text.send_Fault_Log
                0x0000000008004190       0x20 obj/Debug/src/diagnostics/fault_log.o
                0x0000000008004190                send_Fault_Log
 .text.highspeedlog_init
                0x00000000080041b0       0x1c obj/Debug/src/diagnostics/highspeed_loggers.o
                0x00000000080041b0                highspeedlog_init
 .text.clear_highspeedlog
                0x00000000080041cc       0x18 obj/Debug/src/diagnostics/highspeed_loggers.o
                0x00000000080041cc                clear_highspeedlog
 .text.highspeedlog_register_error
                0x00000000080041e4        0x4 obj/Debug/src/diagnostics/highspeed_loggers.o
                0x00000000080041e4                highspeedlog_register_error
 .text.highspeedlog_write
                0x00000000080041e8      0x11c obj/Debug/src/diagnostics/highspeed_loggers.o
                0x00000000080041e8                highspeedlog_write
 .text.highspeedlog_register_crankpos
                0x0000000008004304        0xc obj/Debug/src/diagnostics/highspeed_loggers.o
                0x0000000008004304                highspeedlog_register_crankpos
 .text.highspeedlog_register_cis_lobe_begin
                0x0000000008004310       0x18 obj/Debug/src/diagnostics/highspeed_loggers.o
                0x0000000008004310                highspeedlog_register_cis_lobe_begin
 .text.highspeedlog_register_cis_lobe_end
                0x0000000008004328       0x18 obj/Debug/src/diagnostics/highspeed_loggers.o
                0x0000000008004328                highspeedlog_register_cis_lobe_end
 .text.highspeedlog_register_coil1_power
                0x0000000008004340        0xc obj/Debug/src/diagnostics/highspeed_loggers.o
                0x0000000008004340                highspeedlog_register_coil1_power
 .text.highspeedlog_register_coil1_unpower
                0x000000000800434c        0xc obj/Debug/src/diagnostics/highspeed_loggers.o
                0x000000000800434c                highspeedlog_register_coil1_unpower
 .text.highspeedlog_register_coil2_power
                0x0000000008004358        0xc obj/Debug/src/diagnostics/highspeed_loggers.o
                0x0000000008004358                highspeedlog_register_coil2_power
 .text.highspeedlog_register_coil2_unpower
                0x0000000008004364        0xc obj/Debug/src/diagnostics/highspeed_loggers.o
                0x0000000008004364                highspeedlog_register_coil2_unpower
 .text.highspeedlog_register_injector1_power
                0x0000000008004370        0xc obj/Debug/src/diagnostics/highspeed_loggers.o
                0x0000000008004370                highspeedlog_register_injector1_power
 .text.highspeedlog_register_injector1_unpower
                0x000000000800437c        0xc obj/Debug/src/diagnostics/highspeed_loggers.o
                0x000000000800437c                highspeedlog_register_injector1_unpower
 .text.highspeedlog_register_injector2_power
                0x0000000008004388        0xc obj/Debug/src/diagnostics/highspeed_loggers.o
                0x0000000008004388                highspeedlog_register_injector2_power
 .text.highspeedlog_register_injector2_unpower
                0x0000000008004394        0xc obj/Debug/src/diagnostics/highspeed_loggers.o
                0x0000000008004394                highspeedlog_register_injector2_unpower
 .text.send_highspeedlog
                0x00000000080043a0      0x120 obj/Debug/src/diagnostics/highspeed_loggers.o
                0x00000000080043a0                send_highspeedlog
 .text.show_highspeedlog
                0x00000000080044c0      0x1c4 obj/Debug/src/diagnostics/highspeed_loggers.o
                0x00000000080044c0                show_highspeedlog
 .text.Syslog_init
                0x0000000008004684       0x14 obj/Debug/src/diagnostics/syslog.o
                0x0000000008004684                Syslog_init
 .text.clear_syslog
                0x0000000008004698       0x4c obj/Debug/src/diagnostics/syslog.o
                0x0000000008004698                clear_syslog
 .text.clear_datalog
                0x00000000080046e4       0x48 obj/Debug/src/diagnostics/syslog.o
                0x00000000080046e4                clear_datalog
 .text.Syslog_Error
                0x000000000800472c       0x9c obj/Debug/src/diagnostics/syslog.o
                0x000000000800472c                Syslog_Error
 .text.Syslog_Warning
                0x00000000080047c8       0xcc obj/Debug/src/diagnostics/syslog.o
                0x00000000080047c8                Syslog_Warning
 .text.Syslog_Info
                0x0000000008004894       0xc4 obj/Debug/src/diagnostics/syslog.o
                0x0000000008004894                Syslog_Info
 .text.show_syslog
                0x0000000008004958      0x14c obj/Debug/src/diagnostics/syslog.o
                0x0000000008004958                show_syslog
 .text.send_syslog
                0x0000000008004aa4       0x2c obj/Debug/src/diagnostics/syslog.o
                0x0000000008004aa4                send_syslog
 .text.load_Fueling_Config
                0x0000000008004ad0      0x12c obj/Debug/src/fueling/fueling_config.o
                0x0000000008004ad0                load_Fueling_Config
 .text.load_essential_Fueling_Config
                0x0000000008004bfc      0x128 obj/Debug/src/fueling/fueling_config.o
                0x0000000008004bfc                load_essential_Fueling_Config
 .text.store_Fueling_Setup
                0x0000000008004d24       0x1c obj/Debug/src/fueling/fueling_config.o
                0x0000000008004d24                store_Fueling_Setup
 .text.show_Fueling_Setup
                0x0000000008004d40      0x3d4 obj/Debug/src/fueling/fueling_config.o
                0x0000000008004d40                show_Fueling_Setup
 .text.modify_Fueling_Setup
                0x0000000008005114       0x2c obj/Debug/src/fueling/fueling_config.o
                0x0000000008005114                modify_Fueling_Setup
 .text.send_Fueling_Setup
                0x0000000008005140       0x20 obj/Debug/src/fueling/fueling_config.o
                0x0000000008005140                send_Fueling_Setup
 .text.store_VeTable_TPS
                0x0000000008005160       0x18 obj/Debug/src/fueling/fueling_config.o
                0x0000000008005160                store_VeTable_TPS
 .text.show_VeTable_TPS
                0x0000000008005178       0x2c obj/Debug/src/fueling/fueling_config.o
                0x0000000008005178                show_VeTable_TPS
 .text.modify_VeTable_TPS
                0x00000000080051a4       0x20 obj/Debug/src/fueling/fueling_config.o
                0x00000000080051a4                modify_VeTable_TPS
 .text.send_VeTable_TPS
                0x00000000080051c4       0x1c obj/Debug/src/fueling/fueling_config.o
                0x00000000080051c4                send_VeTable_TPS
 .text.getValue_VeTable_TPS
                0x00000000080051e0       0x34 obj/Debug/src/fueling/fueling_config.o
                0x00000000080051e0                getValue_VeTable_TPS
 .text.store_VeTable_MAP
                0x0000000008005214       0x18 obj/Debug/src/fueling/fueling_config.o
                0x0000000008005214                store_VeTable_MAP
 .text.show_VeTable_MAP
                0x000000000800522c       0x2c obj/Debug/src/fueling/fueling_config.o
                0x000000000800522c                show_VeTable_MAP
 .text.modify_VeTable_MAP
                0x0000000008005258       0x20 obj/Debug/src/fueling/fueling_config.o
                0x0000000008005258                modify_VeTable_MAP
 .text.send_VeTable_MAP
                0x0000000008005278       0x1c obj/Debug/src/fueling/fueling_config.o
                0x0000000008005278                send_VeTable_MAP
 .text.getValue_VeTable_MAP
                0x0000000008005294       0x34 obj/Debug/src/fueling/fueling_config.o
                0x0000000008005294                getValue_VeTable_MAP
 .text.store_AfrTable_MAP
                0x00000000080052c8       0x18 obj/Debug/src/fueling/fueling_config.o
                0x00000000080052c8                store_AfrTable_MAP
 .text.show_AfrTable_MAP
                0x00000000080052e0       0x2c obj/Debug/src/fueling/fueling_config.o
                0x00000000080052e0                show_AfrTable_MAP
 .text.modify_AfrTable_MAP
                0x000000000800530c       0x20 obj/Debug/src/fueling/fueling_config.o
                0x000000000800530c                modify_AfrTable_MAP
 .text.send_AfrTable_MAP
                0x000000000800532c       0x1c obj/Debug/src/fueling/fueling_config.o
                0x000000000800532c                send_AfrTable_MAP
 .text.getValue_AfrTable_MAP
                0x0000000008005348       0x40 obj/Debug/src/fueling/fueling_config.o
                0x0000000008005348                getValue_AfrTable_MAP
 .text.store_AfrTable_TPS
                0x0000000008005388       0x18 obj/Debug/src/fueling/fueling_config.o
                0x0000000008005388                store_AfrTable_TPS
 .text.show_AfrTable_TPS
                0x00000000080053a0       0x2c obj/Debug/src/fueling/fueling_config.o
                0x00000000080053a0                show_AfrTable_TPS
 .text.modify_AfrTable_TPS
                0x00000000080053cc       0x20 obj/Debug/src/fueling/fueling_config.o
                0x00000000080053cc                modify_AfrTable_TPS
 .text.send_AfrTable_TPS
                0x00000000080053ec       0x1c obj/Debug/src/fueling/fueling_config.o
                0x00000000080053ec                send_AfrTable_TPS
 .text.getValue_AfrTable_TPS
                0x0000000008005408       0x40 obj/Debug/src/fueling/fueling_config.o
                0x0000000008005408                getValue_AfrTable_TPS
 .text.store_AccelCompTableTPS
                0x0000000008005448       0x18 obj/Debug/src/fueling/fueling_config.o
                0x0000000008005448                store_AccelCompTableTPS
 .text.show_AccelCompTableTPS
                0x0000000008005460       0x2c obj/Debug/src/fueling/fueling_config.o
                0x0000000008005460                show_AccelCompTableTPS
 .text.modify_AccelCompTableTPS
                0x000000000800548c       0x20 obj/Debug/src/fueling/fueling_config.o
                0x000000000800548c                modify_AccelCompTableTPS
 .text.send_AccelCompTableTPS
                0x00000000080054ac       0x1c obj/Debug/src/fueling/fueling_config.o
                0x00000000080054ac                send_AccelCompTableTPS
 .text.getValue_AccelCompTableTPS
                0x00000000080054c8       0x3c obj/Debug/src/fueling/fueling_config.o
                0x00000000080054c8                getValue_AccelCompTableTPS
 .text.store_AccelCompTableMAP
                0x0000000008005504       0x18 obj/Debug/src/fueling/fueling_config.o
                0x0000000008005504                store_AccelCompTableMAP
 .text.show_AccelCompTableMAP
                0x000000000800551c       0x2c obj/Debug/src/fueling/fueling_config.o
                0x000000000800551c                show_AccelCompTableMAP
 .text.modify_AccelCompTableMAP
                0x0000000008005548       0x20 obj/Debug/src/fueling/fueling_config.o
                0x0000000008005548                modify_AccelCompTableMAP
 .text.send_AccelCompTableMAP
                0x0000000008005568       0x1c obj/Debug/src/fueling/fueling_config.o
                0x0000000008005568                send_AccelCompTableMAP
 .text.getValue_AccelCompTableMAP
                0x0000000008005584       0x3c obj/Debug/src/fueling/fueling_config.o
                0x0000000008005584                getValue_AccelCompTableMAP
 .text.store_WarmUpCompTable
                0x00000000080055c0       0x18 obj/Debug/src/fueling/fueling_config.o
                0x00000000080055c0                store_WarmUpCompTable
 .text.show_WarmUpCompTable
                0x00000000080055d8       0x2c obj/Debug/src/fueling/fueling_config.o
                0x00000000080055d8                show_WarmUpCompTable
 .text.modify_WarmUpCompTable
                0x0000000008005604       0x20 obj/Debug/src/fueling/fueling_config.o
                0x0000000008005604                modify_WarmUpCompTable
 .text.send_WarmUpCompTable
                0x0000000008005624       0x1c obj/Debug/src/fueling/fueling_config.o
                0x0000000008005624                send_WarmUpCompTable
 .text.getValue_WarmUpCompTable
                0x0000000008005640       0x2c obj/Debug/src/fueling/fueling_config.o
                0x0000000008005640                getValue_WarmUpCompTable
 .text.store_InjectorTimingTable
                0x000000000800566c       0x18 obj/Debug/src/fueling/fueling_config.o
                0x000000000800566c                store_InjectorTimingTable
 .text.show_InjectorTimingTable
                0x0000000008005684       0x2c obj/Debug/src/fueling/fueling_config.o
                0x0000000008005684                show_InjectorTimingTable
 .text.modify_InjectorTimingTable
                0x00000000080056b0       0x20 obj/Debug/src/fueling/fueling_config.o
                0x00000000080056b0                modify_InjectorTimingTable
 .text.send_InjectorTimingTable
                0x00000000080056d0       0x1c obj/Debug/src/fueling/fueling_config.o
                0x00000000080056d0                send_InjectorTimingTable
 .text.getValue_InjectorTimingTable
                0x00000000080056ec       0x44 obj/Debug/src/fueling/fueling_config.o
                0x00000000080056ec                getValue_InjectorTimingTable
 .text.store_CrankingFuelTable
                0x0000000008005730       0x18 obj/Debug/src/fueling/fueling_config.o
                0x0000000008005730                store_CrankingFuelTable
 .text.show_CrankingFuelTable
                0x0000000008005748       0x2c obj/Debug/src/fueling/fueling_config.o
                0x0000000008005748                show_CrankingFuelTable
 .text.modify_CrankingFuelTable
                0x0000000008005774       0x20 obj/Debug/src/fueling/fueling_config.o
                0x0000000008005774                modify_CrankingFuelTable
 .text.send_CrankingFuelTable
                0x0000000008005794       0x1c obj/Debug/src/fueling/fueling_config.o
                0x0000000008005794                send_CrankingFuelTable
 .text.getValue_CrankingFuelTable
                0x00000000080057b0       0x3c obj/Debug/src/fueling/fueling_config.o
                0x00000000080057b0                getValue_CrankingFuelTable
 .text.store_InjectorPhaseTable
                0x00000000080057ec       0x18 obj/Debug/src/fueling/fueling_config.o
                0x00000000080057ec                store_InjectorPhaseTable
 .text.show_InjectorPhaseTable
                0x0000000008005804       0x2c obj/Debug/src/fueling/fueling_config.o
                0x0000000008005804                show_InjectorPhaseTable
 .text.modify_InjectorPhaseTable
                0x0000000008005830       0x20 obj/Debug/src/fueling/fueling_config.o
                0x0000000008005830                modify_InjectorPhaseTable
 .text.send_InjectorPhaseTable
                0x0000000008005850       0x1c obj/Debug/src/fueling/fueling_config.o
                0x0000000008005850                send_InjectorPhaseTable
 .text.getValue_InjectorPhaseTable
                0x000000000800586c       0x30 obj/Debug/src/fueling/fueling_config.o
                0x000000000800586c                getValue_InjectorPhaseTable
 .text.fueling_diag_log_event
                0x000000000800589c       0x44 obj/Debug/src/fueling/fueling_diag.o
                0x000000000800589c                fueling_diag_log_event
 .text.print_fueling_diag
                0x00000000080058e0       0x84 obj/Debug/src/fueling/fueling_diag.o
                0x00000000080058e0                print_fueling_diag
 .text.set_injector1_powered
                0x0000000008005964       0x34 obj/Debug/src/fueling/fueling_hw.o
                0x0000000008005964                set_injector1_powered
 .text.set_injector1_unpowered
                0x0000000008005998       0x2c obj/Debug/src/fueling/fueling_hw.o
                0x0000000008005998                set_injector1_unpowered
 .text.set_injector2_powered
                0x00000000080059c4       0x34 obj/Debug/src/fueling/fueling_hw.o
                0x00000000080059c4                set_injector2_powered
 .text.set_injector2_unpowered
                0x00000000080059f8       0x2c obj/Debug/src/fueling/fueling_hw.o
                0x00000000080059f8                set_injector2_unpowered
 .text.set_fuel_pump_powered
                0x0000000008005a24       0x34 obj/Debug/src/fueling/fueling_hw.o
                0x0000000008005a24                set_fuel_pump_powered
 .text.set_fuel_pump_unpowered
                0x0000000008005a58       0x24 obj/Debug/src/fueling/fueling_hw.o
                0x0000000008005a58                set_fuel_pump_unpowered
 .text.set_injector1
                0x0000000008005a7c       0x2c obj/Debug/src/fueling/fueling_hw.o
                0x0000000008005a7c                set_injector1
 .text.set_injector2
                0x0000000008005aa8       0x2c obj/Debug/src/fueling/fueling_hw.o
                0x0000000008005aa8                set_injector2
 .text.set_fuel_pump
                0x0000000008005ad4       0x24 obj/Debug/src/fueling/fueling_hw.o
                0x0000000008005ad4                set_fuel_pump
 .text.init_fueling_hw
                0x0000000008005af8       0x68 obj/Debug/src/fueling/fueling_hw.o
                0x0000000008005af8                init_fueling_hw
 .text.init_Fueling
                0x0000000008005b60       0x74 obj/Debug/src/fueling/Tuareg_fueling.o
                0x0000000008005b60                init_Fueling
 .text.Tuareg_fueling_update_crankpos_handler
                0x0000000008005bd4      0x1e4 obj/Debug/src/fueling/Tuareg_fueling.o
                0x0000000008005bd4                Tuareg_fueling_update_crankpos_handler
 .text.Tuareg_update_fueling_controls
                0x0000000008005db8      0x1c0 obj/Debug/src/fueling/Tuareg_fueling_controls.o
                0x0000000008005db8                Tuareg_update_fueling_controls
 .text.invalid_fueling_controls
                0x0000000008005f78       0x5c obj/Debug/src/fueling/Tuareg_fueling_controls.o
                0x0000000008005f78                invalid_fueling_controls
 .text.update_mode
                0x0000000008005fd4       0x7c obj/Debug/src/fueling/Tuareg_fueling_controls.o
                0x0000000008005fd4                update_mode
 .text.update_strategy
                0x0000000008006050       0x90 obj/Debug/src/fueling/Tuareg_fueling_controls.o
                0x0000000008006050                update_strategy
 .text.update_volumetric_efficiency
                0x00000000080060e0       0xbc obj/Debug/src/fueling/Tuareg_fueling_controls.o
                0x00000000080060e0                update_volumetric_efficiency
 .text.update_air_density
                0x000000000800619c       0x64 obj/Debug/src/fueling/Tuareg_fueling_controls.o
                0x000000000800619c                update_air_density
 .text.update_AFR_target
                0x0000000008006200       0xb8 obj/Debug/src/fueling/Tuareg_fueling_controls.o
                0x0000000008006200                update_AFR_target
 .text.update_base_fuel_mass
                0x00000000080062b8       0x68 obj/Debug/src/fueling/Tuareg_fueling_controls.o
                0x00000000080062b8                update_base_fuel_mass
 .text.update_base_fuel_mass_cranking
                0x0000000008006320       0xbc obj/Debug/src/fueling/Tuareg_fueling_controls.o
                0x0000000008006320                update_base_fuel_mass_cranking
 .text.update_airflowrate
                0x00000000080063dc       0xac obj/Debug/src/fueling/Tuareg_fueling_controls.o
                0x00000000080063dc                update_airflowrate
 .text.update_fuel_mass_accel_correction
                0x0000000008006488      0x3a8 obj/Debug/src/fueling/Tuareg_fueling_controls.o
                0x0000000008006488                update_fuel_mass_accel_correction
 .text.disable_fuel_mass_accel_correction
                0x0000000008006830       0x40 obj/Debug/src/fueling/Tuareg_fueling_controls.o
                0x0000000008006830                disable_fuel_mass_accel_correction
 .text.update_fuel_mass_afterstart_correction
                0x0000000008006870       0xe0 obj/Debug/src/fueling/Tuareg_fueling_controls.o
                0x0000000008006870                update_fuel_mass_afterstart_correction
 .text.disable_fuel_mass_afterstart_correction
                0x0000000008006950       0x26 obj/Debug/src/fueling/Tuareg_fueling_controls.o
                0x0000000008006950                disable_fuel_mass_afterstart_correction
 *fill*         0x0000000008006976        0x2 
 .text.update_fuel_mass_warmup_correction
                0x0000000008006978       0xa4 obj/Debug/src/fueling/Tuareg_fueling_controls.o
                0x0000000008006978                update_fuel_mass_warmup_correction
 .text.update_target_fuel_mass
                0x0000000008006a1c      0x184 obj/Debug/src/fueling/Tuareg_fueling_controls.o
                0x0000000008006a1c                update_target_fuel_mass
 .text.update_injector_deadtime
                0x0000000008006ba0       0x64 obj/Debug/src/fueling/Tuareg_fueling_controls.o
                0x0000000008006ba0                update_injector_deadtime
 .text.update_injector_intervals_sequential
                0x0000000008006c04      0x100 obj/Debug/src/fueling/Tuareg_fueling_controls.o
                0x0000000008006c04                update_injector_intervals_sequential
 .text.update_injector_intervals_batch
                0x0000000008006d04       0xfc obj/Debug/src/fueling/Tuareg_fueling_controls.o
                0x0000000008006d04                update_injector_intervals_batch
 .text.update_injection_begin_batch
                0x0000000008006e00       0x48 obj/Debug/src/fueling/Tuareg_fueling_controls.o
                0x0000000008006e00                update_injection_begin_batch
 .text.update_injection_begin_sequential
                0x0000000008006e48      0x178 obj/Debug/src/fueling/Tuareg_fueling_controls.o
                0x0000000008006e48                update_injection_begin_sequential
 .text.load_Ignition_Config
                0x0000000008006fc0       0x5c obj/Debug/src/ignition/ignition_config.o
                0x0000000008006fc0                load_Ignition_Config
 .text.load_essential_Ignition_Config
                0x000000000800701c        0x4 obj/Debug/src/ignition/ignition_config.o
                0x000000000800701c                load_essential_Ignition_Config
 .text.store_Ignition_Setup
                0x0000000008007020       0x1c obj/Debug/src/ignition/ignition_config.o
                0x0000000008007020                store_Ignition_Setup
 .text.show_Ignition_Setup
                0x000000000800703c      0x1f0 obj/Debug/src/ignition/ignition_config.o
                0x000000000800703c                show_Ignition_Setup
 .text.modify_Ignition_Setup
                0x000000000800722c       0x2c obj/Debug/src/ignition/ignition_config.o
                0x000000000800722c                modify_Ignition_Setup
 .text.send_Ignition_Setup
                0x0000000008007258       0x20 obj/Debug/src/ignition/ignition_config.o
                0x0000000008007258                send_Ignition_Setup
 .text.store_ignAdvTable_TPS
                0x0000000008007278       0x18 obj/Debug/src/ignition/ignition_config.o
                0x0000000008007278                store_ignAdvTable_TPS
 .text.show_ignAdvTable_TPS
                0x0000000008007290       0x2c obj/Debug/src/ignition/ignition_config.o
                0x0000000008007290                show_ignAdvTable_TPS
 .text.modify_ignAdvTable_TPS
                0x00000000080072bc       0x20 obj/Debug/src/ignition/ignition_config.o
                0x00000000080072bc                modify_ignAdvTable_TPS
 .text.send_ignAdvTable_TPS
                0x00000000080072dc       0x1c obj/Debug/src/ignition/ignition_config.o
                0x00000000080072dc                send_ignAdvTable_TPS
 .text.getValue_ignAdvTable_TPS
                0x00000000080072f8       0x38 obj/Debug/src/ignition/ignition_config.o
                0x00000000080072f8                getValue_ignAdvTable_TPS
 .text.store_ignDwellTable
                0x0000000008007330       0x18 obj/Debug/src/ignition/ignition_config.o
                0x0000000008007330                store_ignDwellTable
 .text.show_ignDwellTable
                0x0000000008007348       0x2c obj/Debug/src/ignition/ignition_config.o
                0x0000000008007348                show_ignDwellTable
 .text.modify_ignDwellTable
                0x0000000008007374       0x20 obj/Debug/src/ignition/ignition_config.o
                0x0000000008007374                modify_ignDwellTable
 .text.send_ignDwellTable
                0x0000000008007394       0x1c obj/Debug/src/ignition/ignition_config.o
                0x0000000008007394                send_ignDwellTable
 .text.getValue_ignDwellTable
                0x00000000080073b0       0x34 obj/Debug/src/ignition/ignition_config.o
                0x00000000080073b0                getValue_ignDwellTable
 .text.ignition_diag_log_event
                0x00000000080073e4       0x44 obj/Debug/src/ignition/ignition_diag.o
                0x00000000080073e4                ignition_diag_log_event
 .text.print_ignition_diag
                0x0000000008007428       0x84 obj/Debug/src/ignition/ignition_diag.o
                0x0000000008007428                print_ignition_diag
 .text.NVIC_EnableIRQ
                0x00000000080074ac       0x2c obj/Debug/src/ignition/ignition_hw.o
 .text.NVIC_ClearPendingIRQ
                0x00000000080074d8       0x30 obj/Debug/src/ignition/ignition_hw.o
 .text.NVIC_SetPriority
                0x0000000008007508       0x50 obj/Debug/src/ignition/ignition_hw.o
 .text.set_coil1_powered
                0x0000000008007558       0x34 obj/Debug/src/ignition/ignition_hw.o
                0x0000000008007558                set_coil1_powered
 .text.set_coil1_unpowered
                0x000000000800758c       0x24 obj/Debug/src/ignition/ignition_hw.o
                0x000000000800758c                set_coil1_unpowered
 .text.set_coil2_powered
                0x00000000080075b0       0x34 obj/Debug/src/ignition/ignition_hw.o
                0x00000000080075b0                set_coil2_powered
 .text.set_coil2_unpowered
                0x00000000080075e4       0x24 obj/Debug/src/ignition/ignition_hw.o
                0x00000000080075e4                set_coil2_unpowered
 .text.set_ignition_ch1
                0x0000000008007608       0x2c obj/Debug/src/ignition/ignition_hw.o
                0x0000000008007608                set_ignition_ch1
 .text.set_ignition_ch2
                0x0000000008007634       0x2c obj/Debug/src/ignition/ignition_hw.o
                0x0000000008007634                set_ignition_ch2
 .text.init_ignition_hw
                0x0000000008007660       0x74 obj/Debug/src/ignition/ignition_hw.o
                0x0000000008007660                init_ignition_hw
 .text.init_Ignition
                0x00000000080076d4       0x78 obj/Debug/src/ignition/Tuareg_ignition.o
                0x00000000080076d4                init_Ignition
 .text.Tuareg_ignition_update_crankpos_handler
                0x000000000800774c      0x1dc obj/Debug/src/ignition/Tuareg_ignition.o
                0x000000000800774c                Tuareg_ignition_update_crankpos_handler
 .text.Tuareg_update_ignition_controls
                0x0000000008007928      0x100 obj/Debug/src/ignition/Tuareg_ignition_controls.o
                0x0000000008007928                Tuareg_update_ignition_controls
 .text.default_ignition_controls
                0x0000000008007a28       0x40 obj/Debug/src/ignition/Tuareg_ignition_controls.o
                0x0000000008007a28                default_ignition_controls
 .text.revlimiter_ignition_controls
                0x0000000008007a68       0x3e obj/Debug/src/ignition/Tuareg_ignition_controls.o
                0x0000000008007a68                revlimiter_ignition_controls
 *fill*         0x0000000008007aa6        0x2 
 .text.cranking_ignition_controls
                0x0000000008007aa8       0x50 obj/Debug/src/ignition/Tuareg_ignition_controls.o
                0x0000000008007aa8                cranking_ignition_controls
 .text.dynamic_ignition_controls
                0x0000000008007af8      0x26c obj/Debug/src/ignition/Tuareg_ignition_controls.o
                0x0000000008007af8                dynamic_ignition_controls
 .text.main     0x0000000008007d64       0xa4 obj/Debug/src/main/main.o
                0x0000000008007d64                main
 .text.EXTI2_IRQHandler
                0x0000000008007e08       0x74 obj/Debug/src/main/main.o
                0x0000000008007e08                EXTI2_IRQHandler
 .text.Tuareg_Init
                0x0000000008007e7c       0xc4 obj/Debug/src/main/Tuareg.o
                0x0000000008007e7c                Tuareg_Init
 .text.Tuareg_load_config
                0x0000000008007f40       0x94 obj/Debug/src/main/Tuareg.o
                0x0000000008007f40                Tuareg_load_config
 .text.Tuareg_update
                0x0000000008007fd4       0x7c obj/Debug/src/main/Tuareg.o
                0x0000000008007fd4                Tuareg_update
 .text.Tuareg_update_run_inhibit
                0x0000000008008050      0x1b0 obj/Debug/src/main/Tuareg.o
                0x0000000008008050                Tuareg_update_run_inhibit
 .text.Tuareg_update_limited_op
                0x0000000008008200       0x4c obj/Debug/src/main/Tuareg.o
                0x0000000008008200                Tuareg_update_limited_op
 .text.Tuareg_update_rev_limiter
                0x000000000800824c       0x9c obj/Debug/src/main/Tuareg.o
                0x000000000800824c                Tuareg_update_rev_limiter
 .text.Tuareg_update_standby
                0x00000000080082e8      0x158 obj/Debug/src/main/Tuareg.o
                0x00000000080082e8                Tuareg_update_standby
 .text.Tuareg_update_fuel_pump_control
                0x0000000008008440       0x98 obj/Debug/src/main/Tuareg.o
                0x0000000008008440                Tuareg_update_fuel_pump_control
 .text.Tuareg_deactivate_vital_actors
                0x00000000080084d8       0x74 obj/Debug/src/main/Tuareg.o
                0x00000000080084d8                Tuareg_deactivate_vital_actors
 .text.Tuareg_update_trip
                0x000000000800854c       0x30 obj/Debug/src/main/Tuareg.o
                0x000000000800854c                Tuareg_update_trip
 .text.Tuareg_update_consumption_data
                0x000000000800857c       0x30 obj/Debug/src/main/Tuareg.o
                0x000000000800857c                Tuareg_update_consumption_data
 .text.load_Tuareg_Setup
                0x00000000080085ac       0x18 obj/Debug/src/main/Tuareg_config.o
                0x00000000080085ac                load_Tuareg_Setup
 .text.load_essential_Tuareg_Setup
                0x00000000080085c4      0x154 obj/Debug/src/main/Tuareg_config.o
                0x00000000080085c4                load_essential_Tuareg_Setup
 .text.store_Tuareg_Setup
                0x0000000008008718       0x18 obj/Debug/src/main/Tuareg_config.o
                0x0000000008008718                store_Tuareg_Setup
 .text.show_Tuareg_Setup
                0x0000000008008730      0x288 obj/Debug/src/main/Tuareg_config.o
                0x0000000008008730                show_Tuareg_Setup
 .text.modify_Tuareg_Setup
                0x00000000080089b8       0x2c obj/Debug/src/main/Tuareg_config.o
                0x00000000080089b8                modify_Tuareg_Setup
 .text.send_Tuareg_Setup
                0x00000000080089e4       0x20 obj/Debug/src/main/Tuareg_config.o
                0x00000000080089e4                send_Tuareg_Setup
 .text.tuareg_diag_log_event
                0x0000000008008a04       0x44 obj/Debug/src/main/Tuareg_diag.o
                0x0000000008008a04                tuareg_diag_log_event
 .text.print_tuareg_diag
                0x0000000008008a48       0x84 obj/Debug/src/main/Tuareg_diag.o
                0x0000000008008a48                print_tuareg_diag
 .text.Fatal    0x0000000008008acc       0xe4 obj/Debug/src/main/Tuareg_errors.o
                0x0000000008008acc                Fatal
 .text.VitalAssert
                0x0000000008008bb0       0x3c obj/Debug/src/main/Tuareg_errors.o
                0x0000000008008bb0                VitalAssert
 .text.Limp     0x0000000008008bec       0xb4 obj/Debug/src/main/Tuareg_errors.o
                0x0000000008008bec                Limp
 .text.print_Tuareg_ID_label
                0x0000000008008ca0       0x48 obj/Debug/src/main/Tuareg_ID.o
                0x0000000008008ca0                print_Tuareg_ID_label
 .text.Tuareg_update_process_data
                0x0000000008008ce8      0x1c8 obj/Debug/src/main/Tuareg_process_data.o
                0x0000000008008ce8                Tuareg_update_process_data
 .text.request_service_mode
                0x0000000008008eb0       0x2c obj/Debug/src/main/Tuareg_service_functions.o
                0x0000000008008eb0                request_service_mode
 .text.request_service_activation
                0x0000000008008edc       0xdc obj/Debug/src/main/Tuareg_service_functions.o
                0x0000000008008edc                request_service_activation
 .text.service_functions_periodic_update
                0x0000000008008fb8       0x50 obj/Debug/src/main/Tuareg_service_functions.o
                0x0000000008008fb8                service_functions_periodic_update
 .text.activate_fuel_pump
                0x0000000008009008       0x70 obj/Debug/src/main/Tuareg_service_functions.o
                0x0000000008009008                activate_fuel_pump
 .text.deactivate_fuel_pump
                0x0000000008009078       0x2c obj/Debug/src/main/Tuareg_service_functions.o
                0x0000000008009078                deactivate_fuel_pump
 .text.fuel_pump_periodic_update
                0x00000000080090a4       0x30 obj/Debug/src/main/Tuareg_service_functions.o
                0x00000000080090a4                fuel_pump_periodic_update
 .text.activate_injector1
                0x00000000080090d4       0xa0 obj/Debug/src/main/Tuareg_service_functions.o
                0x00000000080090d4                activate_injector1
 .text.deactivate_injector1
                0x0000000008009174       0x2c obj/Debug/src/main/Tuareg_service_functions.o
                0x0000000008009174                deactivate_injector1
 .text.injector1_periodic_update
                0x00000000080091a0       0x84 obj/Debug/src/main/Tuareg_service_functions.o
                0x00000000080091a0                injector1_periodic_update
 .text.activate_injector2
                0x0000000008009224       0xa0 obj/Debug/src/main/Tuareg_service_functions.o
                0x0000000008009224                activate_injector2
 .text.deactivate_injector2
                0x00000000080092c4       0x2c obj/Debug/src/main/Tuareg_service_functions.o
                0x00000000080092c4                deactivate_injector2
 .text.injector2_periodic_update
                0x00000000080092f0       0x84 obj/Debug/src/main/Tuareg_service_functions.o
                0x00000000080092f0                injector2_periodic_update
 .text.activate_coil1
                0x0000000008009374       0xb0 obj/Debug/src/main/Tuareg_service_functions.o
                0x0000000008009374                activate_coil1
 .text.deactivate_coil1
                0x0000000008009424       0x2c obj/Debug/src/main/Tuareg_service_functions.o
                0x0000000008009424                deactivate_coil1
 .text.coil1_periodic_update
                0x0000000008009450       0x80 obj/Debug/src/main/Tuareg_service_functions.o
                0x0000000008009450                coil1_periodic_update
 .text.activate_coil2
                0x00000000080094d0       0xb0 obj/Debug/src/main/Tuareg_service_functions.o
                0x00000000080094d0                activate_coil2
 .text.deactivate_coil2
                0x0000000008009580       0x2c obj/Debug/src/main/Tuareg_service_functions.o
                0x0000000008009580                deactivate_coil2
 .text.coil2_periodic_update
                0x00000000080095ac       0x80 obj/Debug/src/main/Tuareg_service_functions.o
                0x00000000080095ac                coil2_periodic_update
 .text.update_process_table
                0x000000000800962c      0x124 obj/Debug/src/process_table/process_table.o
                0x000000000800962c                update_process_table
 .text.get_position_from_index
                0x0000000008009750       0x88 obj/Debug/src/process_table/process_table.o
                0x0000000008009750                get_position_from_index
 .text.get_index_from_position
                0x00000000080097d8       0x70 obj/Debug/src/process_table/process_table.o
                0x00000000080097d8                get_index_from_position
 .text.find_process_position_before
                0x0000000008009848       0x88 obj/Debug/src/process_table/process_table.o
                0x0000000008009848                find_process_position_before
 .text.get_process_advance
                0x00000000080098d0       0x5c obj/Debug/src/process_table/process_table.o
                0x00000000080098d0                get_process_advance
 .text.print_process_table_fancy
                0x000000000800992c      0x280 obj/Debug/src/process_table/process_table.o
                0x000000000800992c                print_process_table_fancy
 .text.NVIC_EnableIRQ
                0x0000000008009bac       0x2c obj/Debug/src/sensors/analog_sensors.o
 .text.NVIC_ClearPendingIRQ
                0x0000000008009bd8       0x30 obj/Debug/src/sensors/analog_sensors.o
 .text.NVIC_SetPriority
                0x0000000008009c08       0x50 obj/Debug/src/sensors/analog_sensors.o
 .text.init_sensor_inputs
                0x0000000008009c58      0x314 obj/Debug/src/sensors/analog_sensors.o
                0x0000000008009c58                init_sensor_inputs
 .text.sensors_start_regular_group_conversion
                0x0000000008009f6c       0x10 obj/Debug/src/sensors/analog_sensors.o
                0x0000000008009f6c                sensors_start_regular_group_conversion
 .text.sensors_start_injected_group_conversion
                0x0000000008009f7c       0x10 obj/Debug/src/sensors/analog_sensors.o
                0x0000000008009f7c                sensors_start_injected_group_conversion
 .text.reset_integrator
                0x0000000008009f8c       0x16 obj/Debug/src/sensors/analog_sensors.o
                0x0000000008009f8c                reset_integrator
 *fill*         0x0000000008009fa2        0x2 
 .text.update_analog_sensor
                0x0000000008009fa4      0x15c obj/Debug/src/sensors/analog_sensors.o
                0x0000000008009fa4                update_analog_sensor
 .text.ADC_IRQHandler
                0x000000000800a100       0x58 obj/Debug/src/sensors/analog_sensors.o
                0x000000000800a100                ADC_IRQHandler
 .text.DMA2_Stream0_IRQHandler
                0x000000000800a158       0x74 obj/Debug/src/sensors/analog_sensors.o
                0x000000000800a158                DMA2_Stream0_IRQHandler
 .text.reset_dsensor_integrator
                0x000000000800a1cc       0x34 obj/Debug/src/sensors/digital_sensors.o
                0x000000000800a1cc                reset_dsensor_integrator
 .text.init_digital_sensors
                0x000000000800a200       0xa0 obj/Debug/src/sensors/digital_sensors.o
                0x000000000800a200                init_digital_sensors
 .text.read_dsensors
                0x000000000800a2a0       0x8c obj/Debug/src/sensors/digital_sensors.o
                0x000000000800a2a0                read_dsensors
 .text.update_digital_sensors
                0x000000000800a32c       0x78 obj/Debug/src/sensors/digital_sensors.o
                0x000000000800a32c                update_digital_sensors
 .text.load_Sensor_Calibration
                0x000000000800a3a4       0x40 obj/Debug/src/sensors/sensor_calibration.o
                0x000000000800a3a4                load_Sensor_Calibration
 .text.store_Sensor_Calibration
                0x000000000800a3e4       0x18 obj/Debug/src/sensors/sensor_calibration.o
                0x000000000800a3e4                store_Sensor_Calibration
 .text.show_Sensor_Calibration
                0x000000000800a3fc       0x3c obj/Debug/src/sensors/sensor_calibration.o
                0x000000000800a3fc                show_Sensor_Calibration
 .text.modify_Sensor_Calibration
                0x000000000800a438       0x2c obj/Debug/src/sensors/sensor_calibration.o
                0x000000000800a438                modify_Sensor_Calibration
 .text.send_Sensor_Calibration
                0x000000000800a464       0x20 obj/Debug/src/sensors/sensor_calibration.o
                0x000000000800a464                send_Sensor_Calibration
 .text.store_InvTableCLT
                0x000000000800a484       0x18 obj/Debug/src/sensors/sensor_calibration.o
                0x000000000800a484                store_InvTableCLT
 .text.show_InvTableCLT
                0x000000000800a49c       0x2c obj/Debug/src/sensors/sensor_calibration.o
                0x000000000800a49c                show_InvTableCLT
 .text.modify_InvTableCLT
                0x000000000800a4c8       0x20 obj/Debug/src/sensors/sensor_calibration.o
                0x000000000800a4c8                modify_InvTableCLT
 .text.send_InvTableCLT
                0x000000000800a4e8       0x1c obj/Debug/src/sensors/sensor_calibration.o
                0x000000000800a4e8                send_InvTableCLT
 .text.getValue_InvTableCLT
                0x000000000800a504       0x2c obj/Debug/src/sensors/sensor_calibration.o
                0x000000000800a504                getValue_InvTableCLT
 .text.sensors_diag_log_event
                0x000000000800a530       0x44 obj/Debug/src/sensors/sensors_diag.o
                0x000000000800a530                sensors_diag_log_event
 .text.print_sensors_diag
                0x000000000800a574       0x84 obj/Debug/src/sensors/sensors_diag.o
                0x000000000800a574                print_sensors_diag
 .text.init_Sensors
                0x000000000800a5f8       0xc8 obj/Debug/src/sensors/Tuareg_sensors.o
                0x000000000800a5f8                init_Sensors
 .text.Tuareg_update_MAP_sensor
                0x000000000800a6c0       0x6c obj/Debug/src/sensors/Tuareg_sensors.o
                0x000000000800a6c0                Tuareg_update_MAP_sensor
 .text.Tuareg_update_O2_sensor
                0x000000000800a72c       0x68 obj/Debug/src/sensors/Tuareg_sensors.o
                0x000000000800a72c                Tuareg_update_O2_sensor
 .text.Tuareg_update_TPS_sensor
                0x000000000800a794       0x68 obj/Debug/src/sensors/Tuareg_sensors.o
                0x000000000800a794                Tuareg_update_TPS_sensor
 .text.Tuareg_update_IAT_sensor
                0x000000000800a7fc       0x74 obj/Debug/src/sensors/Tuareg_sensors.o
                0x000000000800a7fc                Tuareg_update_IAT_sensor
 .text.Tuareg_update_CLT_sensor
                0x000000000800a870       0x78 obj/Debug/src/sensors/Tuareg_sensors.o
                0x000000000800a870                Tuareg_update_CLT_sensor
 .text.Tuareg_update_VBAT_sensor
                0x000000000800a8e8       0x68 obj/Debug/src/sensors/Tuareg_sensors.o
                0x000000000800a8e8                Tuareg_update_VBAT_sensor
 .text.Tuareg_update_BARO_sensor
                0x000000000800a950       0x6c obj/Debug/src/sensors/Tuareg_sensors.o
                0x000000000800a950                Tuareg_update_BARO_sensor
 .text.Tuareg_update_GEAR_sensor
                0x000000000800a9bc       0x88 obj/Debug/src/sensors/Tuareg_sensors.o
                0x000000000800a9bc                Tuareg_update_GEAR_sensor
 .text.adc_set_regular_group
                0x000000000800aa44       0xe0 obj/Debug/src/stm32_libs/stm32f4xx/boctok/stm32f4xx_adc.o
                0x000000000800aa44                adc_set_regular_group
 .text.adc_set_regular_group_length
                0x000000000800ab24       0x36 obj/Debug/src/stm32_libs/stm32f4xx/boctok/stm32f4xx_adc.o
                0x000000000800ab24                adc_set_regular_group_length
 .text.adc_set_sample_time
                0x000000000800ab5a       0x94 obj/Debug/src/stm32_libs/stm32f4xx/boctok/stm32f4xx_adc.o
                0x000000000800ab5a                adc_set_sample_time
 .text.adc_start_regular_group
                0x000000000800abee       0x16 obj/Debug/src/stm32_libs/stm32f4xx/boctok/stm32f4xx_adc.o
                0x000000000800abee                adc_start_regular_group
 .text.adc_start_injected_group
                0x000000000800ac04       0x16 obj/Debug/src/stm32_libs/stm32f4xx/boctok/stm32f4xx_adc.o
                0x000000000800ac04                adc_start_injected_group
 *fill*         0x000000000800ac1a        0x2 
 .text.getScbDump
                0x000000000800ac1c       0x30 obj/Debug/src/stm32_libs/stm32f4xx/boctok/stm32f4xx_fault_handler.o
                0x000000000800ac1c                getScbDump
 .text.getStackRegisters
                0x000000000800ac4c       0x54 obj/Debug/src/stm32_libs/stm32f4xx/boctok/stm32f4xx_fault_handler.o
                0x000000000800ac4c                getStackRegisters
 .text.HardFault_Handler
                0x000000000800aca0       0x28 obj/Debug/src/stm32_libs/stm32f4xx/boctok/stm32f4xx_fault_handler.o
                0x000000000800aca0                HardFault_Handler
 .text.NMI_Handler
                0x000000000800acc8       0x28 obj/Debug/src/stm32_libs/stm32f4xx/boctok/stm32f4xx_fault_handler.o
                0x000000000800acc8                NMI_Handler
 .text.MemManage_Handler
                0x000000000800acf0       0x28 obj/Debug/src/stm32_libs/stm32f4xx/boctok/stm32f4xx_fault_handler.o
                0x000000000800acf0                MemManage_Handler
 .text.BusFault_Handler
                0x000000000800ad18       0x28 obj/Debug/src/stm32_libs/stm32f4xx/boctok/stm32f4xx_fault_handler.o
                0x000000000800ad18                BusFault_Handler
 .text.UsageFault_Handler
                0x000000000800ad40       0x28 obj/Debug/src/stm32_libs/stm32f4xx/boctok/stm32f4xx_fault_handler.o
                0x000000000800ad40                UsageFault_Handler
 .text.SVC_Handler
                0x000000000800ad68       0x28 obj/Debug/src/stm32_libs/stm32f4xx/boctok/stm32f4xx_fault_handler.o
                0x000000000800ad68                SVC_Handler
 .text.DebugMon_Handler
                0x000000000800ad90       0x28 obj/Debug/src/stm32_libs/stm32f4xx/boctok/stm32f4xx_fault_handler.o
                0x000000000800ad90                DebugMon_Handler
 .text.PendSV_Handler
                0x000000000800adb8       0x28 obj/Debug/src/stm32_libs/stm32f4xx/boctok/stm32f4xx_fault_handler.o
                0x000000000800adb8                PendSV_Handler
 .text.WWDG_IRQHandler
                0x000000000800ade0       0x28 obj/Debug/src/stm32_libs/stm32f4xx/boctok/stm32f4xx_fault_handler.o
                0x000000000800ade0                WWDG_IRQHandler
 .text.FPU_IRQHandler
                0x000000000800ae08       0x28 obj/Debug/src/stm32_libs/stm32f4xx/boctok/stm32f4xx_fault_handler.o
                0x000000000800ae08                FPU_IRQHandler
 .text.GPIO_configure
                0x000000000800ae30       0xda obj/Debug/src/stm32_libs/stm32f4xx/boctok/stm32f4xx_gpio.o
                0x000000000800ae30                GPIO_configure
 *fill*         0x000000000800af0a        0x2 
 .text.SYSCFG_map_EXTI
                0x000000000800af0c       0xfc obj/Debug/src/stm32_libs/stm32f4xx/boctok/stm32f4xx_gpio.o
                0x000000000800af0c                SYSCFG_map_EXTI
 .text.gpio_set_pin_high
                0x000000000800b008       0x1a obj/Debug/src/stm32_libs/stm32f4xx/boctok/stm32f4xx_gpio.o
                0x000000000800b008                gpio_set_pin_high
 .text.gpio_set_pin_low
                0x000000000800b022       0x1c obj/Debug/src/stm32_libs/stm32f4xx/boctok/stm32f4xx_gpio.o
                0x000000000800b022                gpio_set_pin_low
 .text.gpio_get_pin
                0x000000000800b03e       0x2e obj/Debug/src/stm32_libs/stm32f4xx/boctok/stm32f4xx_gpio.o
                0x000000000800b03e                gpio_get_pin
 .text.gpio_set_pin
                0x000000000800b06c       0x6e obj/Debug/src/stm32_libs/stm32f4xx/boctok/stm32f4xx_gpio.o
                0x000000000800b06c                gpio_set_pin
 .text.GPIO_SetAF
                0x000000000800b0da       0x9a obj/Debug/src/stm32_libs/stm32f4xx/boctok/stm32f4xx_gpio.o
                0x000000000800b0da                GPIO_SetAF
 .text.Reset_Handler
                0x000000000800b174       0x50 obj/Debug/src/stm32_libs/stm32f4xx/cmsis/startup_stm32f410xx.o
                0x000000000800b174                Reset_Handler
 .text.Default_Handler
                0x000000000800b1c4        0x2 obj/Debug/src/stm32_libs/stm32f4xx/cmsis/startup_stm32f410xx.o
                0x000000000800b1c4                RTC_Alarm_IRQHandler
                0x000000000800b1c4                FMPI2C1_EV_IRQHandler
                0x000000000800b1c4                TIM1_CC_IRQHandler
                0x000000000800b1c4                DMA2_Stream5_IRQHandler
                0x000000000800b1c4                DMA1_Stream5_IRQHandler
                0x000000000800b1c4                PVD_IRQHandler
                0x000000000800b1c4                TAMP_STAMP_IRQHandler
                0x000000000800b1c4                EXTI3_IRQHandler
                0x000000000800b1c4                I2C2_EV_IRQHandler
                0x000000000800b1c4                DMA1_Stream2_IRQHandler
                0x000000000800b1c4                DMA2_Stream2_IRQHandler
                0x000000000800b1c4                SPI1_IRQHandler
                0x000000000800b1c4                TIM6_DAC_IRQHandler
                0x000000000800b1c4                DMA2_Stream3_IRQHandler
                0x000000000800b1c4                USART6_IRQHandler
                0x000000000800b1c4                I2C1_EV_IRQHandler
                0x000000000800b1c4                DMA1_Stream6_IRQHandler
                0x000000000800b1c4                DMA1_Stream1_IRQHandler
                0x000000000800b1c4                RCC_IRQHandler
                0x000000000800b1c4                Default_Handler
                0x000000000800b1c4                EXTI15_10_IRQHandler
                0x000000000800b1c4                DMA1_Stream7_IRQHandler
                0x000000000800b1c4                SPI5_IRQHandler
                0x000000000800b1c4                DMA2_Stream7_IRQHandler
                0x000000000800b1c4                EXTI9_5_IRQHandler
                0x000000000800b1c4                RTC_WKUP_IRQHandler
                0x000000000800b1c4                SPI2_IRQHandler
                0x000000000800b1c4                DMA1_Stream0_IRQHandler
                0x000000000800b1c4                FMPI2C1_ER_IRQHandler
                0x000000000800b1c4                EXTI4_IRQHandler
                0x000000000800b1c4                RNG_IRQHandler
                0x000000000800b1c4                TIM1_UP_IRQHandler
                0x000000000800b1c4                USART2_IRQHandler
                0x000000000800b1c4                I2C2_ER_IRQHandler
                0x000000000800b1c4                DMA2_Stream1_IRQHandler
                0x000000000800b1c4                FLASH_IRQHandler
                0x000000000800b1c4                DMA2_Stream4_IRQHandler
                0x000000000800b1c4                DMA1_Stream4_IRQHandler
                0x000000000800b1c4                I2C1_ER_IRQHandler
                0x000000000800b1c4                LPTIM1_IRQHandler
                0x000000000800b1c4                DMA2_Stream6_IRQHandler
                0x000000000800b1c4                DMA1_Stream3_IRQHandler
 .text._init    0x000000000800b1c6        0x4 obj/Debug/src/stm32_libs/stm32f4xx/cmsis/system_hse100_stm32f410.o
                0x000000000800b1c6                _init
 *fill*         0x000000000800b1ca        0x2 
 .text.SystemInit
                0x000000000800b1cc       0x68 obj/Debug/src/stm32_libs/stm32f4xx/cmsis/system_hse100_stm32f410.o
                0x000000000800b1cc                SystemInit
 .text.SetSysClock
                0x000000000800b234       0xe8 obj/Debug/src/stm32_libs/stm32f4xx/cmsis/system_hse100_stm32f410.o
 .text.NVIC_PriorityGroupConfig
                0x000000000800b31c       0x1c obj/Debug/src/stm32_libs/stm32f4xx/spl/misc.o
                0x000000000800b31c                NVIC_PriorityGroupConfig
 .text.DMA_Init
                0x000000000800b338       0xa4 obj/Debug/src/stm32_libs/stm32f4xx/spl/stm32f4xx_dma.o
                0x000000000800b338                DMA_Init
 .text.DMA_StructInit
                0x000000000800b3dc       0x64 obj/Debug/src/stm32_libs/stm32f4xx/spl/stm32f4xx_dma.o
                0x000000000800b3dc                DMA_StructInit
 .text.I2C_Init
                0x000000000800b440      0x1cc obj/Debug/src/stm32_libs/stm32f4xx/spl/stm32f4xx_i2c.o
                0x000000000800b440                I2C_Init
 .text.I2C_Cmd  0x000000000800b60c       0x3a obj/Debug/src/stm32_libs/stm32f4xx/spl/stm32f4xx_i2c.o
                0x000000000800b60c                I2C_Cmd
 .text.I2C_GenerateSTART
                0x000000000800b646       0x3a obj/Debug/src/stm32_libs/stm32f4xx/spl/stm32f4xx_i2c.o
                0x000000000800b646                I2C_GenerateSTART
 .text.I2C_GenerateSTOP
                0x000000000800b680       0x3a obj/Debug/src/stm32_libs/stm32f4xx/spl/stm32f4xx_i2c.o
                0x000000000800b680                I2C_GenerateSTOP
 .text.I2C_Send7bitAddress
                0x000000000800b6ba       0x42 obj/Debug/src/stm32_libs/stm32f4xx/spl/stm32f4xx_i2c.o
                0x000000000800b6ba                I2C_Send7bitAddress
 .text.I2C_AcknowledgeConfig
                0x000000000800b6fc       0x3a obj/Debug/src/stm32_libs/stm32f4xx/spl/stm32f4xx_i2c.o
                0x000000000800b6fc                I2C_AcknowledgeConfig
 .text.I2C_SendData
                0x000000000800b736       0x1a obj/Debug/src/stm32_libs/stm32f4xx/spl/stm32f4xx_i2c.o
                0x000000000800b736                I2C_SendData
 .text.I2C_ReceiveData
                0x000000000800b750       0x12 obj/Debug/src/stm32_libs/stm32f4xx/spl/stm32f4xx_i2c.o
                0x000000000800b750                I2C_ReceiveData
 .text.I2C_CheckEvent
                0x000000000800b762       0x5e obj/Debug/src/stm32_libs/stm32f4xx/spl/stm32f4xx_i2c.o
                0x000000000800b762                I2C_CheckEvent
 .text.I2C_GetFlagStatus
                0x000000000800b7c0       0x64 obj/Debug/src/stm32_libs/stm32f4xx/spl/stm32f4xx_i2c.o
                0x000000000800b7c0                I2C_GetFlagStatus
 .text.I2C_ClearFlag
                0x000000000800b824       0x24 obj/Debug/src/stm32_libs/stm32f4xx/spl/stm32f4xx_i2c.o
                0x000000000800b824                I2C_ClearFlag
 .text.RCC_GetClocksFreq
                0x000000000800b848      0x148 obj/Debug/src/stm32_libs/stm32f4xx/spl/stm32f4xx_rcc.o
                0x000000000800b848                RCC_GetClocksFreq
 .text.USART_Init
                0x000000000800b990      0x170 obj/Debug/src/stm32_libs/stm32f4xx/spl/stm32f4xx_usart.o
                0x000000000800b990                USART_Init
 .text.USART_Cmd
                0x000000000800bb00       0x3a obj/Debug/src/stm32_libs/stm32f4xx/spl/stm32f4xx_usart.o
                0x000000000800bb00                USART_Cmd
 .text.USART_ReceiveData
                0x000000000800bb3a       0x16 obj/Debug/src/stm32_libs/stm32f4xx/spl/stm32f4xx_usart.o
                0x000000000800bb3a                USART_ReceiveData
 .text.USART_ITConfig
                0x000000000800bb50       0x90 obj/Debug/src/stm32_libs/stm32f4xx/spl/stm32f4xx_usart.o
                0x000000000800bb50                USART_ITConfig
 .text.Eeprom_init
                0x000000000800bbe0       0xc0 obj/Debug/src/storage/eeprom.o
                0x000000000800bbe0                Eeprom_init
 .text.eeprom_write_byte
                0x000000000800bca0      0x15c obj/Debug/src/storage/eeprom.o
                0x000000000800bca0                eeprom_write_byte
 .text.eeprom_read_byte
                0x000000000800bdfc      0x1f4 obj/Debug/src/storage/eeprom.o
                0x000000000800bdfc                eeprom_read_byte
 .text.eeprom_wait
                0x000000000800bff0       0xe4 obj/Debug/src/storage/eeprom.o
                0x000000000800bff0                eeprom_wait
 .text.eeprom_update_byte
                0x000000000800c0d4       0x9c obj/Debug/src/storage/eeprom.o
                0x000000000800c0d4                eeprom_update_byte
 .text.Eeprom_load_data
                0x000000000800c170       0x6c obj/Debug/src/storage/eeprom.o
                0x000000000800c170                Eeprom_load_data
 .text.Eeprom_update_data
                0x000000000800c1dc       0x64 obj/Debug/src/storage/eeprom.o
                0x000000000800c1dc                Eeprom_update_data
 .text.getValue_t2D
                0x000000000800c240      0x194 obj/Debug/src/storage/table.o
                0x000000000800c240                getValue_t2D
 .text.getValue_t3D
                0x000000000800c3d4      0x5d2 obj/Debug/src/storage/table.o
                0x000000000800c3d4                getValue_t3D
 .text.load_t2D_data
                0x000000000800c9a6       0x24 obj/Debug/src/storage/table.o
                0x000000000800c9a6                load_t2D_data
 .text.load_t2D
                0x000000000800c9ca       0x26 obj/Debug/src/storage/table.o
                0x000000000800c9ca                load_t2D
 .text.load_t3D_data
                0x000000000800c9f0       0x26 obj/Debug/src/storage/table.o
                0x000000000800c9f0                load_t3D_data
 .text.store_t2D_data
                0x000000000800ca16       0x22 obj/Debug/src/storage/table.o
                0x000000000800ca16                store_t2D_data
 .text.store_t2D
                0x000000000800ca38       0x24 obj/Debug/src/storage/table.o
                0x000000000800ca38                store_t2D
 .text.store_t3D_data
                0x000000000800ca5c       0x24 obj/Debug/src/storage/table.o
                0x000000000800ca5c                store_t3D_data
 .text.show_t3D_data
                0x000000000800ca80       0xd8 obj/Debug/src/storage/table.o
                0x000000000800ca80                show_t3D_data
 .text.show_t2D_data
                0x000000000800cb58       0x8c obj/Debug/src/storage/table.o
                0x000000000800cb58                show_t2D_data
 .text.modify_t2D_data
                0x000000000800cbe4       0x2c obj/Debug/src/storage/table.o
                0x000000000800cbe4                modify_t2D_data
 .text.modify_t3D_data
                0x000000000800cc10       0x2e obj/Debug/src/storage/table.o
                0x000000000800cc10                modify_t3D_data
 .text.send_t2D_data
                0x000000000800cc3e       0x20 obj/Debug/src/storage/table.o
                0x000000000800cc3e                send_t2D_data
 .text.send_t3D_data
                0x000000000800cc5e       0x22 obj/Debug/src/storage/table.o
                0x000000000800cc5e                send_t3D_data
 .text.NVIC_EnableIRQ
                0x000000000800cc80       0x2c obj/Debug/src/timing/lowprio_scheduler.o
 .text.NVIC_ClearPendingIRQ
                0x000000000800ccac       0x30 obj/Debug/src/timing/lowprio_scheduler.o
 .text.NVIC_SetPriority
                0x000000000800ccdc       0x50 obj/Debug/src/timing/lowprio_scheduler.o
 .text.safe_callback
                0x000000000800cd2c        0xe obj/Debug/src/timing/lowprio_scheduler.o
 *fill*         0x000000000800cd3a        0x2 
 .text.init_lowprio_scheduler
                0x000000000800cd3c       0xac obj/Debug/src/timing/lowprio_scheduler.o
                0x000000000800cd3c                init_lowprio_scheduler
 .text.lowprio_scheduler_set_channel
                0x000000000800cde8      0x384 obj/Debug/src/timing/lowprio_scheduler.o
                0x000000000800cde8                lowprio_scheduler_set_channel
 .text.TIM1_TRG_COM_TIM11_IRQHandler
                0x000000000800d16c      0x2d4 obj/Debug/src/timing/lowprio_scheduler.o
                0x000000000800d16c                TIM1_TRG_COM_TIM11_IRQHandler
 .text.NVIC_EnableIRQ
                0x000000000800d440       0x2c obj/Debug/src/timing/scheduler.o
 .text.NVIC_ClearPendingIRQ
                0x000000000800d46c       0x30 obj/Debug/src/timing/scheduler.o
 .text.NVIC_SetPriority
                0x000000000800d49c       0x50 obj/Debug/src/timing/scheduler.o
 .text.allocate_timer_channel_1
                0x000000000800d4ec       0x6c obj/Debug/src/timing/scheduler.o
                0x000000000800d4ec                allocate_timer_channel_1
 .text.reset_timer_channel_1
                0x000000000800d558       0x38 obj/Debug/src/timing/scheduler.o
                0x000000000800d558                reset_timer_channel_1
 .text.allocate_timer_channel_2
                0x000000000800d590       0x6c obj/Debug/src/timing/scheduler.o
                0x000000000800d590                allocate_timer_channel_2
 .text.reset_timer_channel_2
                0x000000000800d5fc       0x38 obj/Debug/src/timing/scheduler.o
                0x000000000800d5fc                reset_timer_channel_2
 .text.allocate_timer_channel_3
                0x000000000800d634       0x6c obj/Debug/src/timing/scheduler.o
                0x000000000800d634                allocate_timer_channel_3
 .text.reset_timer_channel_3
                0x000000000800d6a0       0x38 obj/Debug/src/timing/scheduler.o
                0x000000000800d6a0                reset_timer_channel_3
 .text.allocate_timer_channel_4
                0x000000000800d6d8       0x6c obj/Debug/src/timing/scheduler.o
                0x000000000800d6d8                allocate_timer_channel_4
 .text.reset_timer_channel_4
                0x000000000800d744       0x38 obj/Debug/src/timing/scheduler.o
                0x000000000800d744                reset_timer_channel_4
 .text.init_Vital_Scheduler
                0x000000000800d77c      0x108 obj/Debug/src/timing/scheduler.o
                0x000000000800d77c                init_Vital_Scheduler
 .text.scheduler_set_channel
                0x000000000800d884      0x1a4 obj/Debug/src/timing/scheduler.o
                0x000000000800d884                scheduler_set_channel
 .text.scheduler_reset_channel
                0x000000000800da28       0x7c obj/Debug/src/timing/scheduler.o
                0x000000000800da28                scheduler_reset_channel
 .text.allocate_channel
                0x000000000800daa4      0x108 obj/Debug/src/timing/scheduler.o
                0x000000000800daa4                allocate_channel
 .text.TIM5_IRQHandler
                0x000000000800dbac      0x1c0 obj/Debug/src/timing/scheduler.o
                0x000000000800dbac                TIM5_IRQHandler
 .text.scheduler_diag_log_event
                0x000000000800dd6c       0x44 obj/Debug/src/timing/scheduler_diag.o
                0x000000000800dd6c                scheduler_diag_log_event
 .text.print_scheduler_diag
                0x000000000800ddb0       0x84 obj/Debug/src/timing/scheduler_diag.o
                0x000000000800ddb0                print_scheduler_diag
 .text.NVIC_SetPriority
                0x000000000800de34       0x50 obj/Debug/src/timing/systick_timer.o
 .text.init_systick_timer
                0x000000000800de84       0x30 obj/Debug/src/timing/systick_timer.o
                0x000000000800de84                init_systick_timer
 .text.get_timestamp_fraction_us
                0x000000000800deb4       0x2c obj/Debug/src/timing/systick_timer.o
                0x000000000800deb4                get_timestamp_fraction_us
 .text.SysTick_Handler
                0x000000000800dee0      0x150 obj/Debug/src/timing/systick_timer.o
                0x000000000800dee0                SysTick_Handler
 .text.calc_rot_duration_us
                0x000000000800e030       0x24 obj/Debug/src/utils/base_calc.o
                0x000000000800e030                calc_rot_duration_us
 .text.calc_rot_angle_deg
                0x000000000800e054       0x36 obj/Debug/src/utils/base_calc.o
                0x000000000800e054                calc_rot_angle_deg
 *fill*         0x000000000800e08a        0x2 
 .text.calc_rpm
                0x000000000800e08c       0x30 obj/Debug/src/utils/base_calc.o
                0x000000000800e08c                calc_rpm
 .text.sub_VU32
                0x000000000800e0bc       0x2a obj/Debug/src/utils/base_calc.o
                0x000000000800e0bc                sub_VU32
 .text.subtract_VU32
                0x000000000800e0e6       0x1e obj/Debug/src/utils/base_calc.o
                0x000000000800e0e6                subtract_VU32
 .text.divide_VU32
                0x000000000800e104       0x2a obj/Debug/src/utils/base_calc.o
                0x000000000800e104                divide_VU32
 *fill*         0x000000000800e12e        0x2 
 .text.divide_VF32
                0x000000000800e130       0x48 obj/Debug/src/utils/base_calc.o
                0x000000000800e130                divide_VF32
 .text.divide_float
                0x000000000800e178       0x48 obj/Debug/src/utils/base_calc.o
                0x000000000800e178                divide_float
 .text.crank_position_after
                0x000000000800e1c0       0x2e obj/Debug/src/utils/base_calc.o
                0x000000000800e1c0                crank_position_after
 .text.opposite_phase
                0x000000000800e1ee       0x2c obj/Debug/src/utils/base_calc.o
                0x000000000800e1ee                opposite_phase
 .text.solve_linear
                0x000000000800e21a       0x56 obj/Debug/src/utils/base_calc.o
                0x000000000800e21a                solve_linear
 .text.calc_ema
                0x000000000800e270       0x74 obj/Debug/src/utils/base_calc.o
                0x000000000800e270                calc_ema
 .text.calc_derivative_s
                0x000000000800e2e4       0x68 obj/Debug/src/utils/base_calc.o
                0x000000000800e2e4                calc_derivative_s
 .text.getBit_BF8
                0x000000000800e34c       0x46 obj/Debug/src/utils/bitfields.o
                0x000000000800e34c                getBit_BF8
 *fill*         0x000000000800e392        0x2 
 .text.__libc_init_array
                0x000000000800e394       0x48 /opt/gcc-arm-none-eabi-7-2017-q4-major/bin/../lib/gcc/arm-none-eabi/7.2.1/../../../../arm-none-eabi/lib/thumb/v7e-m/fpv4-sp/hard/libc.a(lib_a-init.o)
                0x000000000800e394                __libc_init_array
 *(.rodata)
 .rodata        0x000000000800e3dc      0x7ba obj/Debug/src/com/Tuareg_console.o
                0x000000000800e3dc                Tuareg_Version
 *fill*         0x000000000800eb96        0x2 
 .rodata        0x000000000800eb98      0x2ac obj/Debug/src/com/TunerStudio_service.o
 .rodata        0x000000000800ee44       0x5f obj/Debug/src/com/uart_printf.o
 *fill*         0x000000000800eea3        0x1 
 .rodata        0x000000000800eea4       0x16 obj/Debug/src/debug/debug_port_messages.o
 *fill*         0x000000000800eeba        0x2 
 .rodata        0x000000000800eebc      0x15f obj/Debug/src/decoder/decoder_config.o
 *fill*         0x000000000800f01b        0x1 
 .rodata        0x000000000800f01c      0x227 obj/Debug/src/decoder/decoder_diag.o
                0x000000000800f01c                decoder_diag_legend
 *fill*         0x000000000800f243        0x1 
 .rodata        0x000000000800f244       0x32 obj/Debug/src/diagnostics/fault_log.o
 *fill*         0x000000000800f276        0x2 
 .rodata        0x000000000800f278       0x76 obj/Debug/src/diagnostics/highspeed_loggers.o
 *fill*         0x000000000800f2ee        0x2 
 .rodata        0x000000000800f2f0       0x6c obj/Debug/src/diagnostics/syslog.o
 .rodata        0x000000000800f35c      0x5d0 obj/Debug/src/fueling/fueling_config.o
 .rodata        0x000000000800f92c      0x34b obj/Debug/src/fueling/fueling_diag.o
                0x000000000800f92c                fueling_diag_legend
 *fill*         0x000000000800fc77        0x1 
 .rodata        0x000000000800fc78      0x1d8 obj/Debug/src/ignition/ignition_config.o
 .rodata        0x000000000800fe50      0x1c7 obj/Debug/src/ignition/ignition_diag.o
                0x000000000800fe50                ignition_diag_legend
 *fill*         0x0000000008010017        0x1 
 .rodata        0x0000000008010018      0x1a1 obj/Debug/src/main/Tuareg_config.o
 *fill*         0x00000000080101b9        0x3 