Archive member included to satisfy reference by file (symbol)

/opt/gcc-arm-none-eabi-7-2017-q4-major/bin/../lib/gcc/arm-none-eabi/7.2.1/../../../../arm-none-eabi/lib/thumb/v7e-m/fpv4-sp/hard/libc.a(lib_a-init.o)
                              obj/Debug/src/stm32_libs/stm32f4xx/cmsis/startup_stm32f410xx.o (__libc_init_array)

Discarded input sections

 .group         0x0000000000000000        0xc obj/Debug/src/actors/act_hw.o
 .group         0x0000000000000000        0xc obj/Debug/src/actors/act_hw.o
 .group         0x0000000000000000        0xc obj/Debug/src/actors/act_hw.o
 .group         0x0000000000000000        0xc obj/Debug/src/actors/act_hw.o
 .group         0x0000000000000000        0xc obj/Debug/src/actors/act_hw.o
 .group         0x0000000000000000        0xc obj/Debug/src/actors/act_hw.o
 .group         0x0000000000000000        0xc obj/Debug/src/actors/act_hw.o
 .group         0x0000000000000000        0xc obj/Debug/src/actors/act_hw.o
 .group         0x0000000000000000        0xc obj/Debug/src/actors/act_hw.o
 .group         0x0000000000000000        0xc obj/Debug/src/actors/act_hw.o
 .group         0x0000000000000000        0xc obj/Debug/src/actors/act_hw.o
 .group         0x0000000000000000        0xc obj/Debug/src/actors/act_hw.o
 .group         0x0000000000000000        0xc obj/Debug/src/actors/act_hw.o
 .group         0x0000000000000000        0xc obj/Debug/src/actors/act_hw.o
 .group         0x0000000000000000        0xc obj/Debug/src/actors/act_hw.o
 .group         0x0000000000000000        0xc obj/Debug/src/actors/act_hw.o
 .group         0x0000000000000000        0xc obj/Debug/src/actors/act_hw.o
 .group         0x0000000000000000        0xc obj/Debug/src/actors/act_hw.o
 .group         0x0000000000000000        0xc obj/Debug/src/actors/act_hw.o
 .group         0x0000000000000000        0xc obj/Debug/src/actors/act_hw.o
 .group         0x0000000000000000        0xc obj/Debug/src/actors/act_hw.o
 .group         0x0000000000000000        0xc obj/Debug/src/actors/act_hw.o
 .group         0x0000000000000000        0xc obj/Debug/src/actors/act_hw.o
 .group         0x0000000000000000        0xc obj/Debug/src/actors/act_hw.o
 .group         0x0000000000000000        0xc obj/Debug/src/actors/act_hw.o
 .group         0x0000000000000000        0xc obj/Debug/src/actors/act_hw.o
 .group         0x0000000000000000        0xc obj/Debug/src/actors/act_hw.o
 .group         0x0000000000000000        0xc obj/Debug/src/actors/act_hw.o
 .group         0x0000000000000000        0xc obj/Debug/src/actors/act_hw.o
 .group         0x0000000000000000        0xc obj/Debug/src/actors/act_hw.o
 .group         0x0000000000000000        0xc obj/Debug/src/actors/act_hw.o
 .group         0x0000000000000000        0xc obj/Debug/src/actors/act_hw.o
 .group         0x0000000000000000        0xc obj/Debug/src/actors/act_hw.o
 .group         0x0000000000000000        0xc obj/Debug/src/actors/act_hw.o
 .group         0x0000000000000000        0xc obj/Debug/src/actors/act_hw.o
 .group         0x0000000000000000        0xc obj/Debug/src/actors/act_hw.o
 .group         0x0000000000000000        0xc obj/Debug/src/actors/act_hw.o
 .group         0x0000000000000000        0xc obj/Debug/src/actors/act_hw.o
 .group         0x0000000000000000        0xc obj/Debug/src/actors/act_hw.o
 .group         0x0000000000000000        0xc obj/Debug/src/actors/act_hw.o
 .group         0x0000000000000000        0xc obj/Debug/src/actors/act_hw.o
 .group         0x0000000000000000        0xc obj/Debug/src/actors/act_hw.o
 .group         0x0000000000000000        0xc obj/Debug/src/actors/act_hw.o
 .group         0x0000000000000000        0xc obj/Debug/src/actors/act_hw.o
 .group         0x0000000000000000        0xc obj/Debug/src/actors/act_hw.o
 .group         0x0000000000000000        0xc obj/Debug/src/actors/act_hw.o
 .group         0x0000000000000000        0xc obj/Debug/src/actors/act_hw.o
 .group         0x0000000000000000        0xc obj/Debug/src/actors/act_hw.o
 .group         0x0000000000000000        0xc obj/Debug/src/actors/act_hw.o
 .group         0x0000000000000000        0xc obj/Debug/src/actors/act_hw.o
 .group         0x0000000000000000        0xc obj/Debug/src/actors/act_hw.o
 .group         0x0000000000000000        0xc obj/Debug/src/actors/act_hw.o
 .group         0x0000000000000000        0xc obj/Debug/src/actors/act_hw.o
 .group         0x0000000000000000        0xc obj/Debug/src/actors/act_hw.o
 .text          0x0000000000000000        0x0 obj/Debug/src/actors/act_hw.o
 .data          0x0000000000000000        0x0 obj/Debug/src/actors/act_hw.o
 .bss           0x0000000000000000        0x0 obj/Debug/src/actors/act_hw.o
 .text.set_act1
                0x0000000000000000       0x34 obj/Debug/src/actors/act_hw.o
 .text.set_act2
                0x0000000000000000       0x34 obj/Debug/src/actors/act_hw.o
 .text.init_act_hw
                0x0000000000000000       0x54 obj/Debug/src/actors/act_hw.o
[...]
Memory Configuration

Name             Origin             Length             Attributes
FLASH            0x0000000008000000 0x0000000000020000 xr
RAM              0x0000000020000000 0x0000000000008000 xrw
MEMORY_B1        0x0000000060000000 0x0000000000000000 xr
*default*        0x0000000000000000 0xffffffffffffffff

Linker script and memory map

LOAD obj/Debug/src/actors/act_hw.o
LOAD obj/Debug/src/actors/act_logic.o
LOAD obj/Debug/src/com/serial_monitor.o
LOAD obj/Debug/src/com/Tuareg_console.o
LOAD obj/Debug/src/com/TunerStudio.o
LOAD obj/Debug/src/com/TunerStudio_outChannel.o
LOAD obj/Debug/src/com/TunerStudio_service.o
LOAD obj/Debug/src/com/uart.o
LOAD obj/Debug/src/com/uart_printf.o
LOAD obj/Debug/src/dash/dash_hw.o
LOAD obj/Debug/src/dash/dash_logic.o
LOAD obj/Debug/src/debug/debug.o
LOAD obj/Debug/src/debug/debug_port_messages.o
LOAD obj/Debug/src/debug/dwt.o
LOAD obj/Debug/src/decoder/decoder_cis.o
LOAD obj/Debug/src/decoder/decoder_config.o
LOAD obj/Debug/src/decoder/decoder_debug.o
LOAD obj/Debug/src/decoder/decoder_diag.o
LOAD obj/Debug/src/decoder/decoder_hw.o
LOAD obj/Debug/src/decoder/decoder_logic.o
LOAD obj/Debug/src/decoder/Tuareg_decoder.o
LOAD obj/Debug/src/diagnostics/diagnostics.o
LOAD obj/Debug/src/diagnostics/fault_log.o
LOAD obj/Debug/src/diagnostics/highspeed_loggers.o
LOAD obj/Debug/src/diagnostics/syslog.o
LOAD obj/Debug/src/fueling/fueling_config.o
LOAD obj/Debug/src/fueling/fueling_diag.o
LOAD obj/Debug/src/fueling/fueling_hw.o
LOAD obj/Debug/src/fueling/fueling_logic.o
LOAD obj/Debug/src/fueling/Tuareg_fueling.o
LOAD obj/Debug/src/fueling/Tuareg_fueling_controls.o
LOAD obj/Debug/src/ignition/ignition_config.o
LOAD obj/Debug/src/ignition/ignition_diag.o
LOAD obj/Debug/src/ignition/ignition_hw.o
LOAD obj/Debug/src/ignition/Tuareg_ignition.o
LOAD obj/Debug/src/ignition/Tuareg_ignition_controls.o
LOAD obj/Debug/src/main/main.o
LOAD obj/Debug/src/main/Tuareg.o
LOAD obj/Debug/src/main/Tuareg_config.o
LOAD obj/Debug/src/main/Tuareg_diag.o
LOAD obj/Debug/src/main/Tuareg_errors.o
LOAD obj/Debug/src/main/Tuareg_ID.o
LOAD obj/Debug/src/main/Tuareg_process_data.o
LOAD obj/Debug/src/main/Tuareg_service_functions.o
LOAD obj/Debug/src/main/Tuareg_types.o
LOAD obj/Debug/src/module_test/module_test.o
LOAD obj/Debug/src/process_table/process_table.o
LOAD obj/Debug/src/sensors/analog_sensors.o
LOAD obj/Debug/src/sensors/digital_sensors.o
LOAD obj/Debug/src/sensors/knock_sensor.o
LOAD obj/Debug/src/sensors/sensor_calibration.o
LOAD obj/Debug/src/sensors/sensors_diag.o
LOAD obj/Debug/src/sensors/Tuareg_sensors.o
LOAD obj/Debug/src/stm32_libs/stm32f4xx/boctok/stm32f4xx_adc.o
LOAD obj/Debug/src/stm32_libs/stm32f4xx/boctok/stm32f4xx_fault_handler.o
LOAD obj/Debug/src/stm32_libs/stm32f4xx/boctok/stm32f4xx_gpio.o
LOAD obj/Debug/src/stm32_libs/stm32f4xx/cmsis/startup_stm32f410xx.o
LOAD obj/Debug/src/stm32_libs/stm32f4xx/cmsis/system_hse100_stm32f410.o
LOAD obj/Debug/src/stm32_libs/stm32f4xx/spl/misc.o
LOAD obj/Debug/src/stm32_libs/stm32f4xx/spl/stm32f4xx_dma.o
LOAD obj/Debug/src/stm32_libs/stm32f4xx/spl/stm32f4xx_i2c.o
LOAD obj/Debug/src/stm32_libs/stm32f4xx/spl/stm32f4xx_rcc.o
LOAD obj/Debug/src/stm32_libs/stm32f4xx/spl/stm32f4xx_usart.o
LOAD obj/Debug/src/storage/eeprom.o
LOAD obj/Debug/src/storage/table.o
LOAD obj/Debug/src/timing/lowprio_scheduler.o
LOAD obj/Debug/src/timing/scheduler.o
LOAD obj/Debug/src/timing/scheduler_diag.o
LOAD obj/Debug/src/timing/systick_timer.o
LOAD obj/Debug/src/utils/base_calc.o
LOAD obj/Debug/src/utils/bitfields.o
LOAD obj/Debug/src/utils/conversion.o
                0x0000000020008000                _estack = 0x20008000
                0x0000000000000000                _Min_Heap_Size = 0x0
                0x0000000000000100                _Min_Stack_Size = 0x100

.isr_vector     0x0000000008000000      0x1c8
                0x0000000008000000                . = ALIGN (0x4)
 *(.isr_vector)
 .isr_vector    0x0000000008000000      0x1c8 obj/Debug/src/stm32_libs/stm32f4xx/cmsis/startup_stm32f410xx.o
                0x0000000008000000                g_pfnVectors
                0x00000000080001c8                . = ALIGN (0x4)

.text           0x00000000080001c8    0x10808
                0x00000000080001c8                . = ALIGN (0x4)
 *(.text)
 *(.text*)
 .text.Tuareg_update_console
                0x00000000080001c8      0x320 obj/Debug/src/com/Tuareg_console.o
                0x00000000080001c8                Tuareg_update_console
 .text.cli_showPage
                0x00000000080004e8      0x1a0 obj/Debug/src/com/Tuareg_console.o
                0x00000000080004e8                cli_showPage
 .text.cli_checkPermissions
                0x0000000008000688      0x154 obj/Debug/src/com/Tuareg_console.o
                0x0000000008000688                cli_checkPermissions
 .text.cli_show_help
                0x00000000080007dc      0x11c obj/Debug/src/com/Tuareg_console.o
                0x00000000080007dc                cli_show_help
 .text.cli_cyclic_update
                0x00000000080008f8       0x24 obj/Debug/src/com/Tuareg_console.o
                0x00000000080008f8                cli_cyclic_update
 .text.Tuareg_init_console
                0x000000000800091c       0x18 obj/Debug/src/com/Tuareg_console.o
                0x000000000800091c                Tuareg_init_console
 .text.ts_readPage
                0x0000000008000934      0x114 obj/Debug/src/com/TunerStudio.o
                0x0000000008000934                ts_readPage
 .text.ts_valueWrite
                0x0000000008000a48      0x334 obj/Debug/src/com/TunerStudio.o
                0x0000000008000a48                ts_valueWrite
 .text.ts_burnPage
                0x0000000008000d7c      0x12c obj/Debug/src/com/TunerStudio.o
                0x0000000008000d7c                ts_burnPage
 .text.ts_sendOutputChannels
                0x0000000008000ea8      0x1e4 obj/Debug/src/com/TunerStudio_outChannel.o
                0x0000000008000ea8                ts_sendOutputChannels
 .text.ts_tuareg_bits
                0x000000000800108c      0x27c obj/Debug/src/com/TunerStudio_outChannel.o
                0x000000000800108c                ts_tuareg_bits
 .text.NVIC_SystemReset
                0x0000000008001308       0x24 obj/Debug/src/com/TunerStudio_service.o
 .text.ts_debug_features
                0x000000000800132c       0xe4 obj/Debug/src/com/TunerStudio_service.o
                0x000000000800132c                ts_debug_features
 .text.ts_debug_info
                0x0000000008001410      0x104 obj/Debug/src/com/TunerStudio_service.o
                0x0000000008001410                ts_debug_info
 .text.cli_show_process_data
                0x0000000008001514       0xd4 obj/Debug/src/com/TunerStudio_service.o
                0x0000000008001514                cli_show_process_data
 .text.cli_show_ignition_controls
                0x00000000080015e8      0x15c obj/Debug/src/com/TunerStudio_service.o
                0x00000000080015e8                cli_show_ignition_controls
 .text.cli_show_decoder_interface
                0x0000000008001744      0x180 obj/Debug/src/com/TunerStudio_service.o
                0x0000000008001744                cli_show_decoder_interface
 .text.cli_print_sensor_data
                0x00000000080018c4      0x294 obj/Debug/src/com/TunerStudio_service.o
                0x00000000080018c4                cli_print_sensor_data
 .text.NVIC_EnableIRQ
                0x0000000008001b58       0x2c obj/Debug/src/com/uart.o
 .text.NVIC_SetPriority
                0x0000000008001b84       0x50 obj/Debug/src/com/uart.o
 .text.UART_TS_PORT_Init
                0x0000000008001bd4       0xc8 obj/Debug/src/com/uart.o
                0x0000000008001bd4                UART_TS_PORT_Init
 .text.UART_DEBUG_PORT_Init
                0x0000000008001c9c       0x84 obj/Debug/src/com/uart.o
                0x0000000008001c9c                UART_DEBUG_PORT_Init
 .text.UART_Tx  0x0000000008001d20       0x44 obj/Debug/src/com/uart.o
                0x0000000008001d20                UART_Tx
 .text.UART_Tx_n
                0x0000000008001d64       0x36 obj/Debug/src/com/uart.o
                0x0000000008001d64                UART_Tx_n
 *fill*         0x0000000008001d9a        0x2 
 .text.UART_TS_PORT_NEXT_LINE
                0x0000000008001d9c       0x24 obj/Debug/src/com/uart.o
                0x0000000008001d9c                UART_TS_PORT_NEXT_LINE
 .text.UART_TS_PORT_reset_char_count
                0x0000000008001dc0       0x10 obj/Debug/src/com/uart.o
                0x0000000008001dc0                UART_TS_PORT_reset_char_count
 .text.UART_TS_PORT_get_char_count
                0x0000000008001dd0        0xc obj/Debug/src/com/uart.o
                0x0000000008001dd0                UART_TS_PORT_get_char_count
 .text.UART_available
                0x0000000008001ddc        0xc obj/Debug/src/com/uart.o
                0x0000000008001ddc                UART_available
 .text.UART_getRX
                0x0000000008001de8       0x20 obj/Debug/src/com/uart.o
                0x0000000008001de8                UART_getRX
 .text.serial_buffer_push
                0x0000000008001e08       0x58 obj/Debug/src/com/uart.o
                0x0000000008001e08                serial_buffer_push
 .text.serial_buffer_pull
                0x0000000008001e60       0x56 obj/Debug/src/com/uart.o
                0x0000000008001e60                serial_buffer_pull
 .text.UART_send_data
                0x0000000008001eb6       0x3e obj/Debug/src/com/uart.o
                0x0000000008001eb6                UART_send_data
 .text.USART1_IRQHandler
                0x0000000008001ef4       0x48 obj/Debug/src/com/uart.o
                0x0000000008001ef4                USART1_IRQHandler
 .text.printf_U
                0x0000000008001f3c      0x254 obj/Debug/src/com/uart_printf.o
                0x0000000008001f3c                printf_U
 .text.printf_F32
                0x0000000008002190      0x18c obj/Debug/src/com/uart_printf.o
                0x0000000008002190                printf_F32
 .text.printf_crkpos
                0x000000000800231c       0xc4 obj/Debug/src/com/uart_printf.o
                0x000000000800231c                printf_crkpos
 .text.printf_phase
                0x00000000080023e0       0x54 obj/Debug/src/com/uart_printf.o
                0x00000000080023e0                printf_phase
 .text.printf_decoder_sensing
                0x0000000008002434       0x94 obj/Debug/src/com/uart_printf.o
                0x0000000008002434                printf_decoder_sensing
 .text.print    0x00000000080024c8       0x2c obj/Debug/src/com/uart_printf.o
                0x00000000080024c8                print
 .text.print_flash
                0x00000000080024f4       0x2c obj/Debug/src/com/uart_printf.o
                0x00000000080024f4                print_flash
 .text.set_tachometer
                0x0000000008002520       0x48 obj/Debug/src/dash/dash_hw.o
                0x0000000008002520                set_tachometer
 .text.set_mil  0x0000000008002568       0x64 obj/Debug/src/dash/dash_hw.o
                0x0000000008002568                set_mil
 .text.init_dash_hw
                0x00000000080025cc       0x54 obj/Debug/src/dash/dash_hw.o
                0x00000000080025cc                init_dash_hw
 .text.init_dash
                0x0000000008002620       0x16 obj/Debug/src/dash/dash_logic.o
                0x0000000008002620                init_dash
 .text.dash_set_tachometer
                0x0000000008002636        0xe obj/Debug/src/dash/dash_logic.o
                0x0000000008002636                dash_set_tachometer
 .text.dash_set_mil
                0x0000000008002644       0x38 obj/Debug/src/dash/dash_logic.o
                0x0000000008002644                dash_set_mil
 .text.DebugMsg_Error
                0x000000000800267c       0x28 obj/Debug/src/debug/debug_port_messages.o
                0x000000000800267c                DebugMsg_Error
 .text.DebugMsg_Warning
                0x00000000080026a4       0x28 obj/Debug/src/debug/debug_port_messages.o
                0x00000000080026a4                DebugMsg_Warning
 .text.decoder_update_cis
                0x00000000080026cc      0x234 obj/Debug/src/decoder/decoder_cis.o
                0x00000000080026cc                decoder_update_cis
 .text.decoder_cis_handler
                0x0000000008002900       0xcc obj/Debug/src/decoder/decoder_cis.o
                0x0000000008002900                decoder_cis_handler
 .text.decoder_cis_noisefilter_handler
                0x00000000080029cc        0xa obj/Debug/src/decoder/decoder_cis.o
                0x00000000080029cc                decoder_cis_noisefilter_handler
 *fill*         0x00000000080029d6        0x2 
 .text.enable_cis
                0x00000000080029d8       0x54 obj/Debug/src/decoder/decoder_cis.o
                0x00000000080029d8                enable_cis
 .text.disable_cis
                0x0000000008002a2c        0xe obj/Debug/src/decoder/decoder_cis.o
                0x0000000008002a2c                disable_cis
 *fill*         0x0000000008002a3a        0x2 
 .text.load_Decoder_Setup
                0x0000000008002a3c       0x20 obj/Debug/src/decoder/decoder_config.o
                0x0000000008002a3c                load_Decoder_Setup
 .text.load_essential_Decoder_Setup
                0x0000000008002a5c       0x64 obj/Debug/src/decoder/decoder_config.o
                0x0000000008002a5c                load_essential_Decoder_Setup
 .text.store_Decoder_Setup
                0x0000000008002ac0       0x1c obj/Debug/src/decoder/decoder_config.o
                0x0000000008002ac0                store_Decoder_Setup
 .text.show_Decoder_Setup
                0x0000000008002adc      0x1b4 obj/Debug/src/decoder/decoder_config.o
                0x0000000008002adc                show_Decoder_Setup
 .text.modify_Decoder_Setup
                0x0000000008002c90       0x2c obj/Debug/src/decoder/decoder_config.o
                0x0000000008002c90                modify_Decoder_Setup
 .text.send_Decoder_Setup
                0x0000000008002cbc       0x20 obj/Debug/src/decoder/decoder_config.o
                0x0000000008002cbc                send_Decoder_Setup
 .text.decoder_diag_log_event
                0x0000000008002cdc       0x44 obj/Debug/src/decoder/decoder_diag.o
                0x0000000008002cdc                decoder_diag_log_event
 .text.print_decoder_diag
                0x0000000008002d20       0x84 obj/Debug/src/decoder/decoder_diag.o
                0x0000000008002d20                print_decoder_diag
 .text.NVIC_EnableIRQ
                0x0000000008002da4       0x2c obj/Debug/src/decoder/decoder_hw.o
 .text.NVIC_ClearPendingIRQ
                0x0000000008002dd0       0x30 obj/Debug/src/decoder/decoder_hw.o
 .text.NVIC_SetPriority
                0x0000000008002e00       0x50 obj/Debug/src/decoder/decoder_hw.o
 .text.decoder_start_timer
                0x0000000008002e50       0x84 obj/Debug/src/decoder/decoder_hw.o
                0x0000000008002e50                decoder_start_timer
 .text.decoder_set_timer_prescaler
                0x0000000008002ed4       0x38 obj/Debug/src/decoder/decoder_hw.o
                0x0000000008002ed4                decoder_set_timer_prescaler
 .text.decoder_stop_timer
                0x0000000008002f0c       0x24 obj/Debug/src/decoder/decoder_hw.o
                0x0000000008002f0c                decoder_stop_timer
 .text.update_crank_noisefilter
                0x0000000008002f30       0x54 obj/Debug/src/decoder/decoder_hw.o
                0x0000000008002f30                update_crank_noisefilter
 .text.update_cam_noisefilter
                0x0000000008002f84       0x54 obj/Debug/src/decoder/decoder_hw.o
                0x0000000008002f84                update_cam_noisefilter
 .text.decoder_mask_crank_irq
                0x0000000008002fd8       0x14 obj/Debug/src/decoder/decoder_hw.o
                0x0000000008002fd8                decoder_mask_crank_irq
 .text.decoder_unmask_crank_irq
                0x0000000008002fec       0x1c obj/Debug/src/decoder/decoder_hw.o
                0x0000000008002fec                decoder_unmask_crank_irq
 .text.decoder_mask_cis_irq
                0x0000000008003008       0x14 obj/Debug/src/decoder/decoder_hw.o
                0x0000000008003008                decoder_mask_cis_irq
 .text.decoder_unmask_cis_irq
                0x000000000800301c       0x1c obj/Debug/src/decoder/decoder_hw.o
                0x000000000800301c                decoder_unmask_cis_irq
 .text.set_crank_pickup_sensing_rise
                0x0000000008003038       0x2c obj/Debug/src/decoder/decoder_hw.o
                0x0000000008003038                set_crank_pickup_sensing_rise
 .text.set_crank_pickup_sensing_fall
                0x0000000008003064       0x2c obj/Debug/src/decoder/decoder_hw.o
                0x0000000008003064                set_crank_pickup_sensing_fall
 .text.set_crank_pickup_sensing_disabled
                0x0000000008003090       0x2c obj/Debug/src/decoder/decoder_hw.o
                0x0000000008003090                set_crank_pickup_sensing_disabled
 .text.set_cis_sensing_rise
                0x00000000080030bc       0x2c obj/Debug/src/decoder/decoder_hw.o
                0x00000000080030bc                set_cis_sensing_rise
 .text.set_cis_sensing_fall
                0x00000000080030e8       0x2c obj/Debug/src/decoder/decoder_hw.o
                0x00000000080030e8                set_cis_sensing_fall
 .text.decoder_set_crank_pickup_sensing
                0x0000000008003114       0x64 obj/Debug/src/decoder/decoder_hw.o
                0x0000000008003114                decoder_set_crank_pickup_sensing
 .text.decoder_set_cis_sensing
                0x0000000008003178       0x64 obj/Debug/src/decoder/decoder_hw.o
                0x0000000008003178                decoder_set_cis_sensing
 .text.trigger_decoder_irq
                0x00000000080031dc       0x18 obj/Debug/src/decoder/decoder_hw.o
                0x00000000080031dc                trigger_decoder_irq
 .text.init_decoder_hw
                0x00000000080031f4      0x108 obj/Debug/src/decoder/decoder_hw.o
                0x00000000080031f4                init_decoder_hw
 .text.decoder_get_timestamp
                0x00000000080032fc        0xc obj/Debug/src/decoder/decoder_hw.o
                0x00000000080032fc                decoder_get_timestamp
 .text.decoder_set_timer_continuous_mode_on
                0x0000000008003308       0x2c obj/Debug/src/decoder/decoder_hw.o
                0x0000000008003308                decoder_set_timer_continuous_mode_on
 .text.decoder_set_timer_continuous_mode_off
                0x0000000008003334       0x2c obj/Debug/src/decoder/decoder_hw.o
                0x0000000008003334                decoder_set_timer_continuous_mode_off
 .text.decoder_request_timer_reset
                0x0000000008003360       0x14 obj/Debug/src/decoder/decoder_hw.o
                0x0000000008003360                decoder_request_timer_reset
 .text.EXTI0_IRQHandler
                0x0000000008003374       0x88 obj/Debug/src/decoder/decoder_hw.o
                0x0000000008003374                EXTI0_IRQHandler
 .text.TIM1_BRK_TIM9_IRQHandler
                0x00000000080033fc       0xb0 obj/Debug/src/decoder/decoder_hw.o
                0x00000000080033fc                TIM1_BRK_TIM9_IRQHandler
 .text.EXTI1_IRQHandler
                0x00000000080034ac       0x1c obj/Debug/src/decoder/decoder_hw.o
                0x00000000080034ac                EXTI1_IRQHandler
 .text.reset_timeout_counter
                0x00000000080034c8       0x18 obj/Debug/src/decoder/decoder_logic.o
                0x00000000080034c8                reset_timeout_counter
 .text.reset_timing_output
                0x00000000080034e0       0x3c obj/Debug/src/decoder/decoder_logic.o
                0x00000000080034e0                reset_timing_output
 .text.reset_position_data
                0x000000000800351c       0x38 obj/Debug/src/decoder/decoder_logic.o
                0x000000000800351c                reset_position_data
 .text.reset_internal_data
                0x0000000008003554       0x18 obj/Debug/src/decoder/decoder_logic.o
                0x0000000008003554                reset_internal_data
 .text.decoder_set_state
                0x000000000800356c       0x38 obj/Debug/src/decoder/decoder_logic.o
                0x000000000800356c                decoder_set_state
 .text.check_sync_ratio
                0x00000000080035a4       0xb8 obj/Debug/src/decoder/decoder_logic.o
                0x00000000080035a4                check_sync_ratio
 .text.check_sync_ratio_async
                0x000000000800365c       0x8c obj/Debug/src/decoder/decoder_logic.o
                0x000000000800365c                check_sync_ratio_async
 .text.update_timing_data
                0x00000000080036e8      0x118 obj/Debug/src/decoder/decoder_logic.o
                0x00000000080036e8                update_timing_data
 .text.init_decoder_logic
                0x0000000008003800       0x24 obj/Debug/src/decoder/decoder_logic.o
                0x0000000008003800                init_decoder_logic
 .text.decoder_crank_handler
                0x0000000008003824      0x1ac obj/Debug/src/decoder/decoder_logic.o
                0x0000000008003824                decoder_crank_handler
 .text.decoder_crank_noisefilter_handler
                0x00000000080039d0        0xa obj/Debug/src/decoder/decoder_logic.o
                0x00000000080039d0                decoder_crank_noisefilter_handler
 *fill*         0x00000000080039da        0x2 
 .text.decoder_crank_timeout_handler
                0x00000000080039dc       0x44 obj/Debug/src/decoder/decoder_logic.o
                0x00000000080039dc                decoder_crank_timeout_handler
 .text.init_Decoder
                0x0000000008003a20       0x7c obj/Debug/src/decoder/Tuareg_decoder.o
                0x0000000008003a20                init_Decoder
 .text.decoder_get_position_data_age_us
                0x0000000008003a9c       0x54 obj/Debug/src/decoder/Tuareg_decoder.o
                0x0000000008003a9c                decoder_get_position_data_age_us
 .text.copy_diag_data
                0x0000000008003af0       0x6c obj/Debug/src/diagnostics/diagnostics.o
                0x0000000008003af0                copy_diag_data
 .text.get_diag_data
                0x0000000008003b5c       0x30 obj/Debug/src/diagnostics/diagnostics.o
                0x0000000008003b5c                get_diag_data
 .text.release_diag_shadow
                0x0000000008003b8c       0x10 obj/Debug/src/diagnostics/diagnostics.o
                0x0000000008003b8c                release_diag_shadow
 .text.init_Fault_Log
                0x0000000008003b9c       0x5c obj/Debug/src/diagnostics/fault_log.o
                0x0000000008003b9c                init_Fault_Log
 .text.log_Fault
                0x0000000008003bf8       0xa8 obj/Debug/src/diagnostics/fault_log.o
                0x0000000008003bf8                log_Fault
 .text.Erase_Fault_Log
                0x0000000008003ca0       0x4c obj/Debug/src/diagnostics/fault_log.o
                0x0000000008003ca0                Erase_Fault_Log
 .text.load_Fault_Log
                0x0000000008003cec       0x20 obj/Debug/src/diagnostics/fault_log.o
                0x0000000008003cec                load_Fault_Log
 .text.load_void_Fault_Log
                0x0000000008003d0c       0x2c obj/Debug/src/diagnostics/fault_log.o
                0x0000000008003d0c                load_void_Fault_Log
 .text.store_Fault_Log
                0x0000000008003d38       0x1c obj/Debug/src/diagnostics/fault_log.o
                0x0000000008003d38                store_Fault_Log
 .text.show_Fault_Log
                0x0000000008003d54       0xa0 obj/Debug/src/diagnostics/fault_log.o
                0x0000000008003d54                show_Fault_Log
 .text.clear_Fault_Log
                0x0000000008003df4       0x2c obj/Debug/src/diagnostics/fault_log.o
                0x0000000008003df4                clear_Fault_Log
 .text.send_Fault_Log
                0x0000000008003e20       0x20 obj/Debug/src/diagnostics/fault_log.o
                0x0000000008003e20                send_Fault_Log
 .text.highspeedlog_init
                0x0000000008003e40       0x1c obj/Debug/src/diagnostics/highspeed_loggers.o
                0x0000000008003e40                highspeedlog_init
 .text.clear_highspeedlog
                0x0000000008003e5c       0x18 obj/Debug/src/diagnostics/highspeed_loggers.o
                0x0000000008003e5c                clear_highspeedlog
 .text.highspeedlog_register_error
                0x0000000008003e74        0x4 obj/Debug/src/diagnostics/highspeed_loggers.o
                0x0000000008003e74                highspeedlog_register_error
 .text.highspeedlog_write
                0x0000000008003e78      0x11c obj/Debug/src/diagnostics/highspeed_loggers.o
                0x0000000008003e78                highspeedlog_write
 .text.highspeedlog_register_crankpos
                0x0000000008003f94        0xc obj/Debug/src/diagnostics/highspeed_loggers.o
                0x0000000008003f94                highspeedlog_register_crankpos
 .text.highspeedlog_register_cis_lobe_begin
                0x0000000008003fa0       0x18 obj/Debug/src/diagnostics/highspeed_loggers.o
                0x0000000008003fa0                highspeedlog_register_cis_lobe_begin
 .text.highspeedlog_register_cis_lobe_end
                0x0000000008003fb8       0x18 obj/Debug/src/diagnostics/highspeed_loggers.o
                0x0000000008003fb8                highspeedlog_register_cis_lobe_end
 .text.highspeedlog_register_coil1_power
                0x0000000008003fd0        0xc obj/Debug/src/diagnostics/highspeed_loggers.o
                0x0000000008003fd0                highspeedlog_register_coil1_power
 .text.highspeedlog_register_coil1_unpower
                0x0000000008003fdc        0xc obj/Debug/src/diagnostics/highspeed_loggers.o
                0x0000000008003fdc                highspeedlog_register_coil1_unpower
 .text.highspeedlog_register_coil2_power
                0x0000000008003fe8        0xc obj/Debug/src/diagnostics/highspeed_loggers.o
                0x0000000008003fe8                highspeedlog_register_coil2_power
 .text.highspeedlog_register_coil2_unpower
                0x0000000008003ff4        0xc obj/Debug/src/diagnostics/highspeed_loggers.o
                0x0000000008003ff4                highspeedlog_register_coil2_unpower
 .text.highspeedlog_register_injector1_power
                0x0000000008004000        0xc obj/Debug/src/diagnostics/highspeed_loggers.o
                0x0000000008004000                highspeedlog_register_injector1_power
 .text.highspeedlog_register_injector1_unpower
                0x000000000800400c        0xc obj/Debug/src/diagnostics/highspeed_loggers.o
                0x000000000800400c                highspeedlog_register_injector1_unpower
 .text.highspeedlog_register_injector2_power
                0x0000000008004018        0xc obj/Debug/src/diagnostics/highspeed_loggers.o
                0x0000000008004018                highspeedlog_register_injector2_power
 .text.highspeedlog_register_injector2_unpower
                0x0000000008004024        0xc obj/Debug/src/diagnostics/highspeed_loggers.o
                0x0000000008004024                highspeedlog_register_injector2_unpower
 .text.send_highspeedlog
                0x0000000008004030      0x120 obj/Debug/src/diagnostics/highspeed_loggers.o
                0x0000000008004030                send_highspeedlog
 .text.show_highspeedlog
                0x0000000008004150      0x1c4 obj/Debug/src/diagnostics/highspeed_loggers.o
                0x0000000008004150                show_highspeedlog
 .text.Syslog_init
                0x0000000008004314       0x14 obj/Debug/src/diagnostics/syslog.o
                0x0000000008004314                Syslog_init
 .text.clear_syslog
                0x0000000008004328       0x4c obj/Debug/src/diagnostics/syslog.o
                0x0000000008004328                clear_syslog
 .text.clear_datalog
                0x0000000008004374       0x48 obj/Debug/src/diagnostics/syslog.o
                0x0000000008004374                clear_datalog
 .text.Syslog_Error
                0x00000000080043bc       0x9c obj/Debug/src/diagnostics/syslog.o
                0x00000000080043bc                Syslog_Error
 .text.Syslog_Warning
                0x0000000008004458       0xcc obj/Debug/src/diagnostics/syslog.o
                0x0000000008004458                Syslog_Warning
 .text.Syslog_Info
                0x0000000008004524       0xc4 obj/Debug/src/diagnostics/syslog.o
                0x0000000008004524                Syslog_Info
 .text.show_syslog
                0x00000000080045e8      0x14c obj/Debug/src/diagnostics/syslog.o
                0x00000000080045e8                show_syslog
 .text.send_syslog
                0x0000000008004734       0x2c obj/Debug/src/diagnostics/syslog.o
                0x0000000008004734                send_syslog
 .text.load_Fueling_Config
                0x0000000008004760      0x12c obj/Debug/src/fueling/fueling_config.o
                0x0000000008004760                load_Fueling_Config
 .text.load_essential_Fueling_Config
                0x000000000800488c       0xdc obj/Debug/src/fueling/fueling_config.o
                0x000000000800488c                load_essential_Fueling_Config
 .text.store_Fueling_Setup
                0x0000000008004968       0x1c obj/Debug/src/fueling/fueling_config.o
                0x0000000008004968                store_Fueling_Setup
 .text.show_Fueling_Setup
                0x0000000008004984      0x390 obj/Debug/src/fueling/fueling_config.o
                0x0000000008004984                show_Fueling_Setup
 .text.modify_Fueling_Setup
                0x0000000008004d14       0x2c obj/Debug/src/fueling/fueling_config.o
                0x0000000008004d14                modify_Fueling_Setup
 .text.send_Fueling_Setup
                0x0000000008004d40       0x20 obj/Debug/src/fueling/fueling_config.o
                0x0000000008004d40                send_Fueling_Setup
 .text.store_VeTable_TPS
                0x0000000008004d60       0x18 obj/Debug/src/fueling/fueling_config.o
                0x0000000008004d60                store_VeTable_TPS
 .text.show_VeTable_TPS
                0x0000000008004d78       0x2c obj/Debug/src/fueling/fueling_config.o
                0x0000000008004d78                show_VeTable_TPS
 .text.modify_VeTable_TPS
                0x0000000008004da4       0x20 obj/Debug/src/fueling/fueling_config.o
                0x0000000008004da4                modify_VeTable_TPS
 .text.send_VeTable_TPS
                0x0000000008004dc4       0x1c obj/Debug/src/fueling/fueling_config.o
                0x0000000008004dc4                send_VeTable_TPS
 .text.getValue_VeTable_TPS
                0x0000000008004de0       0x34 obj/Debug/src/fueling/fueling_config.o
                0x0000000008004de0                getValue_VeTable_TPS
 .text.store_VeTable_MAP
                0x0000000008004e14       0x18 obj/Debug/src/fueling/fueling_config.o
                0x0000000008004e14                store_VeTable_MAP
 .text.show_VeTable_MAP
                0x0000000008004e2c       0x2c obj/Debug/src/fueling/fueling_config.o
                0x0000000008004e2c                show_VeTable_MAP
 .text.modify_VeTable_MAP
                0x0000000008004e58       0x20 obj/Debug/src/fueling/fueling_config.o
                0x0000000008004e58                modify_VeTable_MAP
 .text.send_VeTable_MAP
                0x0000000008004e78       0x1c obj/Debug/src/fueling/fueling_config.o
                0x0000000008004e78                send_VeTable_MAP
 .text.getValue_VeTable_MAP
                0x0000000008004e94       0x34 obj/Debug/src/fueling/fueling_config.o
                0x0000000008004e94                getValue_VeTable_MAP
 .text.store_AfrTable_MAP
                0x0000000008004ec8       0x18 obj/Debug/src/fueling/fueling_config.o
                0x0000000008004ec8                store_AfrTable_MAP
 .text.show_AfrTable_MAP
                0x0000000008004ee0       0x2c obj/Debug/src/fueling/fueling_config.o
                0x0000000008004ee0                show_AfrTable_MAP
 .text.modify_AfrTable_MAP
                0x0000000008004f0c       0x20 obj/Debug/src/fueling/fueling_config.o
                0x0000000008004f0c                modify_AfrTable_MAP
 .text.send_AfrTable_MAP
                0x0000000008004f2c       0x1c obj/Debug/src/fueling/fueling_config.o
                0x0000000008004f2c                send_AfrTable_MAP
 .text.getValue_AfrTable_MAP
                0x0000000008004f48       0x40 obj/Debug/src/fueling/fueling_config.o
                0x0000000008004f48                getValue_AfrTable_MAP
 .text.store_AfrTable_TPS
                0x0000000008004f88       0x18 obj/Debug/src/fueling/fueling_config.o
                0x0000000008004f88                store_AfrTable_TPS
 .text.show_AfrTable_TPS
                0x0000000008004fa0       0x2c obj/Debug/src/fueling/fueling_config.o
                0x0000000008004fa0                show_AfrTable_TPS
 .text.modify_AfrTable_TPS
                0x0000000008004fcc       0x20 obj/Debug/src/fueling/fueling_config.o
                0x0000000008004fcc                modify_AfrTable_TPS
 .text.send_AfrTable_TPS
                0x0000000008004fec       0x1c obj/Debug/src/fueling/fueling_config.o
                0x0000000008004fec                send_AfrTable_TPS
 .text.getValue_AfrTable_TPS
                0x0000000008005008       0x40 obj/Debug/src/fueling/fueling_config.o
                0x0000000008005008                getValue_AfrTable_TPS
 .text.store_AccelCompTableTPS
                0x0000000008005048       0x18 obj/Debug/src/fueling/fueling_config.o
                0x0000000008005048                store_AccelCompTableTPS
 .text.show_AccelCompTableTPS
                0x0000000008005060       0x2c obj/Debug/src/fueling/fueling_config.o
                0x0000000008005060                show_AccelCompTableTPS
 .text.modify_AccelCompTableTPS
                0x000000000800508c       0x20 obj/Debug/src/fueling/fueling_config.o
                0x000000000800508c                modify_AccelCompTableTPS
 .text.send_AccelCompTableTPS
                0x00000000080050ac       0x1c obj/Debug/src/fueling/fueling_config.o
                0x00000000080050ac                send_AccelCompTableTPS
 .text.getValue_AccelCompTableTPS
                0x00000000080050c8       0x3c obj/Debug/src/fueling/fueling_config.o
                0x00000000080050c8                getValue_AccelCompTableTPS
 .text.store_AccelCompTableMAP
                0x0000000008005104       0x18 obj/Debug/src/fueling/fueling_config.o
                0x0000000008005104                store_AccelCompTableMAP
 .text.show_AccelCompTableMAP
                0x000000000800511c       0x2c obj/Debug/src/fueling/fueling_config.o
                0x000000000800511c                show_AccelCompTableMAP
 .text.modify_AccelCompTableMAP
                0x0000000008005148       0x20 obj/Debug/src/fueling/fueling_config.o
                0x0000000008005148                modify_AccelCompTableMAP
 .text.send_AccelCompTableMAP
                0x0000000008005168       0x1c obj/Debug/src/fueling/fueling_config.o
                0x0000000008005168                send_AccelCompTableMAP
 .text.getValue_AccelCompTableMAP
                0x0000000008005184       0x3c obj/Debug/src/fueling/fueling_config.o
                0x0000000008005184                getValue_AccelCompTableMAP
 .text.store_WarmUpCompTable
                0x00000000080051c0       0x18 obj/Debug/src/fueling/fueling_config.o
                0x00000000080051c0                store_WarmUpCompTable
 .text.show_WarmUpCompTable
                0x00000000080051d8       0x2c obj/Debug/src/fueling/fueling_config.o
                0x00000000080051d8                show_WarmUpCompTable
 .text.modify_WarmUpCompTable
                0x0000000008005204       0x20 obj/Debug/src/fueling/fueling_config.o
                0x0000000008005204                modify_WarmUpCompTable
 .text.send_WarmUpCompTable
                0x0000000008005224       0x1c obj/Debug/src/fueling/fueling_config.o
                0x0000000008005224                send_WarmUpCompTable
 .text.getValue_WarmUpCompTable
                0x0000000008005240       0x2c obj/Debug/src/fueling/fueling_config.o
                0x0000000008005240                getValue_WarmUpCompTable
 .text.store_InjectorTimingTable
                0x000000000800526c       0x18 obj/Debug/src/fueling/fueling_config.o
                0x000000000800526c                store_InjectorTimingTable
 .text.show_InjectorTimingTable
                0x0000000008005284       0x2c obj/Debug/src/fueling/fueling_config.o
                0x0000000008005284                show_InjectorTimingTable
 .text.modify_InjectorTimingTable
                0x00000000080052b0       0x20 obj/Debug/src/fueling/fueling_config.o
                0x00000000080052b0                modify_InjectorTimingTable
 .text.send_InjectorTimingTable
                0x00000000080052d0       0x1c obj/Debug/src/fueling/fueling_config.o
                0x00000000080052d0                send_InjectorTimingTable
 .text.getValue_InjectorTimingTable
                0x00000000080052ec       0x44 obj/Debug/src/fueling/fueling_config.o
                0x00000000080052ec                getValue_InjectorTimingTable
 .text.store_CrankingFuelTable
                0x0000000008005330       0x18 obj/Debug/src/fueling/fueling_config.o
                0x0000000008005330                store_CrankingFuelTable
 .text.show_CrankingFuelTable
                0x0000000008005348       0x2c obj/Debug/src/fueling/fueling_config.o
                0x0000000008005348                show_CrankingFuelTable
 .text.modify_CrankingFuelTable
                0x0000000008005374       0x20 obj/Debug/src/fueling/fueling_config.o
                0x0000000008005374                modify_CrankingFuelTable
 .text.send_CrankingFuelTable
                0x0000000008005394       0x1c obj/Debug/src/fueling/fueling_config.o
                0x0000000008005394                send_CrankingFuelTable
 .text.getValue_CrankingFuelTable
                0x00000000080053b0       0x3c obj/Debug/src/fueling/fueling_config.o
                0x00000000080053b0                getValue_CrankingFuelTable
 .text.store_InjectorPhaseTable
                0x00000000080053ec       0x18 obj/Debug/src/fueling/fueling_config.o
                0x00000000080053ec                store_InjectorPhaseTable
 .text.show_InjectorPhaseTable
                0x0000000008005404       0x2c obj/Debug/src/fueling/fueling_config.o
                0x0000000008005404                show_InjectorPhaseTable
 .text.modify_InjectorPhaseTable
                0x0000000008005430       0x20 obj/Debug/src/fueling/fueling_config.o
                0x0000000008005430                modify_InjectorPhaseTable
 .text.send_InjectorPhaseTable
                0x0000000008005450       0x1c obj/Debug/src/fueling/fueling_config.o
                0x0000000008005450                send_InjectorPhaseTable
 .text.getValue_InjectorPhaseTable
                0x000000000800546c       0x30 obj/Debug/src/fueling/fueling_config.o
                0x000000000800546c                getValue_InjectorPhaseTable
 .text.fueling_diag_log_event
                0x000000000800549c       0x44 obj/Debug/src/fueling/fueling_diag.o
                0x000000000800549c                fueling_diag_log_event
 .text.print_fueling_diag
                0x00000000080054e0       0x84 obj/Debug/src/fueling/fueling_diag.o
                0x00000000080054e0                print_fueling_diag
 .text.set_injector1_powered
                0x0000000008005564       0x24 obj/Debug/src/fueling/fueling_hw.o
                0x0000000008005564                set_injector1_powered
 .text.set_injector1_unpowered
                0x0000000008005588       0x2c obj/Debug/src/fueling/fueling_hw.o
                0x0000000008005588                set_injector1_unpowered
 .text.set_injector2_powered
                0x00000000080055b4       0x24 obj/Debug/src/fueling/fueling_hw.o
                0x00000000080055b4                set_injector2_powered
 .text.set_injector2_unpowered
                0x00000000080055d8       0x2c obj/Debug/src/fueling/fueling_hw.o
                0x00000000080055d8                set_injector2_unpowered
 .text.set_fuel_pump_powered
                0x0000000008005604       0x24 obj/Debug/src/fueling/fueling_hw.o
                0x0000000008005604                set_fuel_pump_powered
 .text.set_fuel_pump_unpowered
                0x0000000008005628       0x24 obj/Debug/src/fueling/fueling_hw.o
                0x0000000008005628                set_fuel_pump_unpowered
 .text.set_injector1
                0x000000000800564c       0x2c obj/Debug/src/fueling/fueling_hw.o
                0x000000000800564c                set_injector1
 .text.set_injector2
                0x0000000008005678       0x2c obj/Debug/src/fueling/fueling_hw.o
                0x0000000008005678                set_injector2
 .text.set_fuel_pump
                0x00000000080056a4       0x24 obj/Debug/src/fueling/fueling_hw.o
                0x00000000080056a4                set_fuel_pump
 .text.init_fueling_hw
                0x00000000080056c8       0x68 obj/Debug/src/fueling/fueling_hw.o
                0x00000000080056c8                init_fueling_hw
 .text.init_Fueling
                0x0000000008005730       0x74 obj/Debug/src/fueling/Tuareg_fueling.o
                0x0000000008005730                init_Fueling
 .text.Tuareg_fueling_update_crankpos_handler
                0x00000000080057a4      0x1e4 obj/Debug/src/fueling/Tuareg_fueling.o
                0x00000000080057a4                Tuareg_fueling_update_crankpos_handler
 .text.Tuareg_update_fueling_controls
                0x0000000008005988      0x1c0 obj/Debug/src/fueling/Tuareg_fueling_controls.o
                0x0000000008005988                Tuareg_update_fueling_controls
 .text.invalid_fueling_controls
                0x0000000008005b48       0x5c obj/Debug/src/fueling/Tuareg_fueling_controls.o
                0x0000000008005b48                invalid_fueling_controls
 .text.update_mode
                0x0000000008005ba4       0x7c obj/Debug/src/fueling/Tuareg_fueling_controls.o
                0x0000000008005ba4                update_mode
 .text.update_strategy
                0x0000000008005c20       0x90 obj/Debug/src/fueling/Tuareg_fueling_controls.o
                0x0000000008005c20                update_strategy
 .text.update_volumetric_efficiency
                0x0000000008005cb0       0xbc obj/Debug/src/fueling/Tuareg_fueling_controls.o
                0x0000000008005cb0                update_volumetric_efficiency
 .text.update_air_density
                0x0000000008005d6c       0x64 obj/Debug/src/fueling/Tuareg_fueling_controls.o
                0x0000000008005d6c                update_air_density
 .text.update_AFR_target
                0x0000000008005dd0       0xb8 obj/Debug/src/fueling/Tuareg_fueling_controls.o
                0x0000000008005dd0                update_AFR_target
 .text.update_base_fuel_mass
                0x0000000008005e88       0x68 obj/Debug/src/fueling/Tuareg_fueling_controls.o
                0x0000000008005e88                update_base_fuel_mass
 .text.update_base_fuel_mass_cranking
                0x0000000008005ef0       0xbc obj/Debug/src/fueling/Tuareg_fueling_controls.o
                0x0000000008005ef0                update_base_fuel_mass_cranking
 .text.update_airflowrate
                0x0000000008005fac       0xac obj/Debug/src/fueling/Tuareg_fueling_controls.o
                0x0000000008005fac                update_airflowrate
 .text.update_fuel_mass_accel_correction
                0x0000000008006058      0x3a8 obj/Debug/src/fueling/Tuareg_fueling_controls.o
                0x0000000008006058                update_fuel_mass_accel_correction
 .text.disable_fuel_mass_accel_correction
                0x0000000008006400       0x40 obj/Debug/src/fueling/Tuareg_fueling_controls.o
                0x0000000008006400                disable_fuel_mass_accel_correction
 .text.update_fuel_mass_afterstart_correction
                0x0000000008006440       0xe0 obj/Debug/src/fueling/Tuareg_fueling_controls.o
                0x0000000008006440                update_fuel_mass_afterstart_correction
 .text.disable_fuel_mass_afterstart_correction
                0x0000000008006520       0x26 obj/Debug/src/fueling/Tuareg_fueling_controls.o
                0x0000000008006520                disable_fuel_mass_afterstart_correction
 *fill*         0x0000000008006546        0x2 
 .text.update_fuel_mass_warmup_correction
                0x0000000008006548       0xa4 obj/Debug/src/fueling/Tuareg_fueling_controls.o
                0x0000000008006548                update_fuel_mass_warmup_correction
 .text.update_target_fuel_mass
                0x00000000080065ec      0x184 obj/Debug/src/fueling/Tuareg_fueling_controls.o
                0x00000000080065ec                update_target_fuel_mass
 .text.update_injector_deadtime
                0x0000000008006770       0x64 obj/Debug/src/fueling/Tuareg_fueling_controls.o
                0x0000000008006770                update_injector_deadtime
 .text.update_injector_intervals_sequential
                0x00000000080067d4      0x100 obj/Debug/src/fueling/Tuareg_fueling_controls.o
                0x00000000080067d4                update_injector_intervals_sequential
 .text.update_injector_intervals_batch
                0x00000000080068d4       0xfc obj/Debug/src/fueling/Tuareg_fueling_controls.o
                0x00000000080068d4                update_injector_intervals_batch
 .text.update_injection_begin_batch
                0x00000000080069d0       0x48 obj/Debug/src/fueling/Tuareg_fueling_controls.o
                0x00000000080069d0                update_injection_begin_batch
 .text.update_injection_begin_sequential
                0x0000000008006a18      0x178 obj/Debug/src/fueling/Tuareg_fueling_controls.o
                0x0000000008006a18                update_injection_begin_sequential
 .text.load_Ignition_Config
                0x0000000008006b90       0x5c obj/Debug/src/ignition/ignition_config.o
                0x0000000008006b90                load_Ignition_Config
 .text.load_essential_Ignition_Config
                0x0000000008006bec        0x4 obj/Debug/src/ignition/ignition_config.o
                0x0000000008006bec                load_essential_Ignition_Config
 .text.store_Ignition_Setup
                0x0000000008006bf0       0x1c obj/Debug/src/ignition/ignition_config.o
                0x0000000008006bf0                store_Ignition_Setup
 .text.show_Ignition_Setup
                0x0000000008006c0c      0x1f0 obj/Debug/src/ignition/ignition_config.o
                0x0000000008006c0c                show_Ignition_Setup
 .text.modify_Ignition_Setup
                0x0000000008006dfc       0x2c obj/Debug/src/ignition/ignition_config.o
                0x0000000008006dfc                modify_Ignition_Setup
 .text.send_Ignition_Setup
                0x0000000008006e28       0x20 obj/Debug/src/ignition/ignition_config.o
                0x0000000008006e28                send_Ignition_Setup
 .text.store_ignAdvTable_TPS
                0x0000000008006e48       0x18 obj/Debug/src/ignition/ignition_config.o
                0x0000000008006e48                store_ignAdvTable_TPS
 .text.show_ignAdvTable_TPS
                0x0000000008006e60       0x2c obj/Debug/src/ignition/ignition_config.o
                0x0000000008006e60                show_ignAdvTable_TPS
 .text.modify_ignAdvTable_TPS
                0x0000000008006e8c       0x20 obj/Debug/src/ignition/ignition_config.o
                0x0000000008006e8c                modify_ignAdvTable_TPS
 .text.send_ignAdvTable_TPS
                0x0000000008006eac       0x1c obj/Debug/src/ignition/ignition_config.o
                0x0000000008006eac                send_ignAdvTable_TPS
 .text.getValue_ignAdvTable_TPS
                0x0000000008006ec8       0x38 obj/Debug/src/ignition/ignition_config.o
                0x0000000008006ec8                getValue_ignAdvTable_TPS
 .text.store_ignDwellTable
                0x0000000008006f00       0x18 obj/Debug/src/ignition/ignition_config.o
                0x0000000008006f00                store_ignDwellTable
 .text.show_ignDwellTable
                0x0000000008006f18       0x2c obj/Debug/src/ignition/ignition_config.o
                0x0000000008006f18                show_ignDwellTable
 .text.modify_ignDwellTable
                0x0000000008006f44       0x20 obj/Debug/src/ignition/ignition_config.o
                0x0000000008006f44                modify_ignDwellTable
 .text.send_ignDwellTable
                0x0000000008006f64       0x1c obj/Debug/src/ignition/ignition_config.o
                0x0000000008006f64                send_ignDwellTable
 .text.getValue_ignDwellTable
                0x0000000008006f80       0x34 obj/Debug/src/ignition/ignition_config.o
                0x0000000008006f80                getValue_ignDwellTable
 .text.ignition_diag_log_event
                0x0000000008006fb4       0x44 obj/Debug/src/ignition/ignition_diag.o
                0x0000000008006fb4                ignition_diag_log_event
 .text.print_ignition_diag
                0x0000000008006ff8       0x84 obj/Debug/src/ignition/ignition_diag.o
                0x0000000008006ff8                print_ignition_diag
 .text.NVIC_EnableIRQ
                0x000000000800707c       0x2c obj/Debug/src/ignition/ignition_hw.o
 .text.NVIC_ClearPendingIRQ
                0x00000000080070a8       0x30 obj/Debug/src/ignition/ignition_hw.o
 .text.NVIC_SetPriority
                0x00000000080070d8       0x50 obj/Debug/src/ignition/ignition_hw.o
 .text.set_coil1_powered
                0x0000000008007128       0x24 obj/Debug/src/ignition/ignition_hw.o
                0x0000000008007128                set_coil1_powered
 .text.set_coil1_unpowered
                0x000000000800714c       0x24 obj/Debug/src/ignition/ignition_hw.o
                0x000000000800714c                set_coil1_unpowered
 .text.set_coil2_powered
                0x0000000008007170       0x24 obj/Debug/src/ignition/ignition_hw.o
                0x0000000008007170                set_coil2_powered
 .text.set_coil2_unpowered
                0x0000000008007194       0x24 obj/Debug/src/ignition/ignition_hw.o
                0x0000000008007194                set_coil2_unpowered
 .text.set_ignition_ch1
                0x00000000080071b8       0x2c obj/Debug/src/ignition/ignition_hw.o
                0x00000000080071b8                set_ignition_ch1
 .text.set_ignition_ch2
                0x00000000080071e4       0x2c obj/Debug/src/ignition/ignition_hw.o
                0x00000000080071e4                set_ignition_ch2
 .text.init_ignition_hw
                0x0000000008007210       0x74 obj/Debug/src/ignition/ignition_hw.o
                0x0000000008007210                init_ignition_hw
 .text.init_Ignition
                0x0000000008007284       0x78 obj/Debug/src/ignition/Tuareg_ignition.o
                0x0000000008007284                init_Ignition
 .text.Tuareg_ignition_update_crankpos_handler
                0x00000000080072fc      0x1dc obj/Debug/src/ignition/Tuareg_ignition.o
                0x00000000080072fc                Tuareg_ignition_update_crankpos_handler
 .text.Tuareg_update_ignition_controls
                0x00000000080074d8      0x100 obj/Debug/src/ignition/Tuareg_ignition_controls.o
                0x00000000080074d8                Tuareg_update_ignition_controls
 .text.default_ignition_controls
                0x00000000080075d8       0x40 obj/Debug/src/ignition/Tuareg_ignition_controls.o
                0x00000000080075d8                default_ignition_controls
 .text.revlimiter_ignition_controls
                0x0000000008007618       0x3e obj/Debug/src/ignition/Tuareg_ignition_controls.o
                0x0000000008007618                revlimiter_ignition_controls
 *fill*         0x0000000008007656        0x2 
 .text.cranking_ignition_controls
                0x0000000008007658       0x50 obj/Debug/src/ignition/Tuareg_ignition_controls.o
                0x0000000008007658                cranking_ignition_controls
 .text.dynamic_ignition_controls
                0x00000000080076a8      0x26c obj/Debug/src/ignition/Tuareg_ignition_controls.o
                0x00000000080076a8                dynamic_ignition_controls
 .text.main     0x0000000008007914       0xb0 obj/Debug/src/main/main.o
                0x0000000008007914                main
 .text.EXTI2_IRQHandler
                0x00000000080079c4       0x64 obj/Debug/src/main/main.o
                0x00000000080079c4                EXTI2_IRQHandler
 .text.EXTI3_IRQHandler
                0x0000000008007a28       0x18 obj/Debug/src/main/main.o
                0x0000000008007a28                EXTI3_IRQHandler
 .text.Tuareg_Init
                0x0000000008007a40       0xc4 obj/Debug/src/main/Tuareg.o
                0x0000000008007a40                Tuareg_Init
 .text.Tuareg_load_config
                0x0000000008007b04       0x94 obj/Debug/src/main/Tuareg.o
                0x0000000008007b04                Tuareg_load_config
 .text.Tuareg_update
                0x0000000008007b98       0x7c obj/Debug/src/main/Tuareg.o
                0x0000000008007b98                Tuareg_update
 .text.Tuareg_update_run_inhibit
                0x0000000008007c14      0x1a0 obj/Debug/src/main/Tuareg.o
                0x0000000008007c14                Tuareg_update_run_inhibit
 .text.Tuareg_update_limited_op
                0x0000000008007db4       0x4c obj/Debug/src/main/Tuareg.o
                0x0000000008007db4                Tuareg_update_limited_op
 .text.Tuareg_update_rev_limiter
                0x0000000008007e00       0x9c obj/Debug/src/main/Tuareg.o
                0x0000000008007e00                Tuareg_update_rev_limiter
 .text.Tuareg_update_standby
                0x0000000008007e9c      0x158 obj/Debug/src/main/Tuareg.o
                0x0000000008007e9c                Tuareg_update_standby
 .text.Tuareg_update_fuel_pump_control
                0x0000000008007ff4       0x98 obj/Debug/src/main/Tuareg.o
                0x0000000008007ff4                Tuareg_update_fuel_pump_control
 .text.Tuareg_deactivate_vital_actors
                0x000000000800808c       0x74 obj/Debug/src/main/Tuareg.o
                0x000000000800808c                Tuareg_deactivate_vital_actors
 .text.Tuareg_update_trip
                0x0000000008008100       0x30 obj/Debug/src/main/Tuareg.o
                0x0000000008008100                Tuareg_update_trip
 .text.Tuareg_update_consumption_data
                0x0000000008008130       0x30 obj/Debug/src/main/Tuareg.o
                0x0000000008008130                Tuareg_update_consumption_data
 .text.load_Tuareg_Setup
                0x0000000008008160       0x18 obj/Debug/src/main/Tuareg_config.o
                0x0000000008008160                load_Tuareg_Setup
 .text.load_essential_Tuareg_Setup
                0x0000000008008178      0x144 obj/Debug/src/main/Tuareg_config.o
                0x0000000008008178                load_essential_Tuareg_Setup
 .text.store_Tuareg_Setup
                0x00000000080082bc       0x18 obj/Debug/src/main/Tuareg_config.o
                0x00000000080082bc                store_Tuareg_Setup
 .text.show_Tuareg_Setup
                0x00000000080082d4      0x228 obj/Debug/src/main/Tuareg_config.o
                0x00000000080082d4                show_Tuareg_Setup
 .text.modify_Tuareg_Setup
                0x00000000080084fc       0x2c obj/Debug/src/main/Tuareg_config.o
                0x00000000080084fc                modify_Tuareg_Setup
 .text.send_Tuareg_Setup
                0x0000000008008528       0x20 obj/Debug/src/main/Tuareg_config.o
                0x0000000008008528                send_Tuareg_Setup
 .text.tuareg_diag_log_event
                0x0000000008008548       0x44 obj/Debug/src/main/Tuareg_diag.o
                0x0000000008008548                tuareg_diag_log_event
 .text.print_tuareg_diag
                0x000000000800858c       0x84 obj/Debug/src/main/Tuareg_diag.o
                0x000000000800858c                print_tuareg_diag
 .text.Fatal    0x0000000008008610       0x64 obj/Debug/src/main/Tuareg_errors.o
                0x0000000008008610                Fatal
 .text.Assert   0x0000000008008674       0x3c obj/Debug/src/main/Tuareg_errors.o
                0x0000000008008674                Assert
 .text.Limp     0x00000000080086b0       0x58 obj/Debug/src/main/Tuareg_errors.o
                0x00000000080086b0                Limp
 .text.print_Tuareg_ID_label
                0x0000000008008708       0x48 obj/Debug/src/main/Tuareg_ID.o
                0x0000000008008708                print_Tuareg_ID_label
 .text.Tuareg_update_process_data
                0x0000000008008750      0x1c8 obj/Debug/src/main/Tuareg_process_data.o
                0x0000000008008750                Tuareg_update_process_data
 .text.request_service_mode
                0x0000000008008918       0x2c obj/Debug/src/main/Tuareg_service_functions.o
                0x0000000008008918                request_service_mode
 .text.request_service_activation
                0x0000000008008944       0xdc obj/Debug/src/main/Tuareg_service_functions.o
                0x0000000008008944                request_service_activation
 .text.service_functions_periodic_update
                0x0000000008008a20       0x40 obj/Debug/src/main/Tuareg_service_functions.o
                0x0000000008008a20                service_functions_periodic_update
 .text.activate_fuel_pump
                0x0000000008008a60       0x70 obj/Debug/src/main/Tuareg_service_functions.o
                0x0000000008008a60                activate_fuel_pump
 .text.deactivate_fuel_pump
                0x0000000008008ad0       0x2c obj/Debug/src/main/Tuareg_service_functions.o
                0x0000000008008ad0                deactivate_fuel_pump
 .text.fuel_pump_periodic_update
                0x0000000008008afc       0x30 obj/Debug/src/main/Tuareg_service_functions.o
                0x0000000008008afc                fuel_pump_periodic_update
 .text.activate_injector1
                0x0000000008008b2c       0xa0 obj/Debug/src/main/Tuareg_service_functions.o
                0x0000000008008b2c                activate_injector1
 .text.deactivate_injector1
                0x0000000008008bcc       0x2c obj/Debug/src/main/Tuareg_service_functions.o
                0x0000000008008bcc                deactivate_injector1
 .text.injector1_periodic_update
                0x0000000008008bf8       0x84 obj/Debug/src/main/Tuareg_service_functions.o
                0x0000000008008bf8                injector1_periodic_update
 .text.activate_injector2
                0x0000000008008c7c       0xa0 obj/Debug/src/main/Tuareg_service_functions.o
                0x0000000008008c7c                activate_injector2
 .text.deactivate_injector2
                0x0000000008008d1c       0x2c obj/Debug/src/main/Tuareg_service_functions.o
                0x0000000008008d1c                deactivate_injector2
 .text.injector2_periodic_update
                0x0000000008008d48       0x84 obj/Debug/src/main/Tuareg_service_functions.o
                0x0000000008008d48                injector2_periodic_update
 .text.activate_coil1
                0x0000000008008dcc       0xb0 obj/Debug/src/main/Tuareg_service_functions.o
                0x0000000008008dcc                activate_coil1
 .text.deactivate_coil1
                0x0000000008008e7c       0x2c obj/Debug/src/main/Tuareg_service_functions.o
                0x0000000008008e7c                deactivate_coil1
 .text.coil1_periodic_update
                0x0000000008008ea8       0x80 obj/Debug/src/main/Tuareg_service_functions.o
                0x0000000008008ea8                coil1_periodic_update
 .text.activate_coil2
                0x0000000008008f28       0xb0 obj/Debug/src/main/Tuareg_service_functions.o
                0x0000000008008f28                activate_coil2
 .text.deactivate_coil2
                0x0000000008008fd8       0x2c obj/Debug/src/main/Tuareg_service_functions.o
                0x0000000008008fd8                deactivate_coil2
 .text.coil2_periodic_update
                0x0000000008009004       0x80 obj/Debug/src/main/Tuareg_service_functions.o
                0x0000000008009004                coil2_periodic_update
 .text.update_process_table
                0x0000000008009084      0x124 obj/Debug/src/process_table/process_table.o
                0x0000000008009084                update_process_table
 .text.get_position_from_index
                0x00000000080091a8       0x88 obj/Debug/src/process_table/process_table.o
                0x00000000080091a8                get_position_from_index
 .text.get_index_from_position
                0x0000000008009230       0x70 obj/Debug/src/process_table/process_table.o
                0x0000000008009230                get_index_from_position
 .text.find_process_position_before
                0x00000000080092a0       0x88 obj/Debug/src/process_table/process_table.o
                0x00000000080092a0                find_process_position_before
 .text.get_process_advance
                0x0000000008009328       0x5c obj/Debug/src/process_table/process_table.o
                0x0000000008009328                get_process_advance
 .text.print_process_table_fancy
                0x0000000008009384      0x280 obj/Debug/src/process_table/process_table.o
                0x0000000008009384                print_process_table_fancy
 .text.NVIC_EnableIRQ
                0x0000000008009604       0x2c obj/Debug/src/sensors/analog_sensors.o
 .text.NVIC_ClearPendingIRQ
                0x0000000008009630       0x30 obj/Debug/src/sensors/analog_sensors.o
 .text.NVIC_SetPriority
                0x0000000008009660       0x50 obj/Debug/src/sensors/analog_sensors.o
 .text.init_sensor_inputs
                0x00000000080096b0      0x314 obj/Debug/src/sensors/analog_sensors.o
                0x00000000080096b0                init_sensor_inputs
 .text.sensors_start_regular_group_conversion
                0x00000000080099c4       0x10 obj/Debug/src/sensors/analog_sensors.o
                0x00000000080099c4                sensors_start_regular_group_conversion
 .text.sensors_start_injected_group_conversion
                0x00000000080099d4       0x10 obj/Debug/src/sensors/analog_sensors.o
                0x00000000080099d4                sensors_start_injected_group_conversion
 .text.reset_integrator
                0x00000000080099e4       0x16 obj/Debug/src/sensors/analog_sensors.o
                0x00000000080099e4                reset_integrator
 *fill*         0x00000000080099fa        0x2 
 .text.update_analog_sensor
                0x00000000080099fc      0x15c obj/Debug/src/sensors/analog_sensors.o
                0x00000000080099fc                update_analog_sensor
 .text.ADC_IRQHandler
                0x0000000008009b58       0x58 obj/Debug/src/sensors/analog_sensors.o
                0x0000000008009b58                ADC_IRQHandler
 .text.DMA2_Stream0_IRQHandler
                0x0000000008009bb0       0x74 obj/Debug/src/sensors/analog_sensors.o
                0x0000000008009bb0                DMA2_Stream0_IRQHandler
 .text.reset_dsensor_integrator
                0x0000000008009c24       0x34 obj/Debug/src/sensors/digital_sensors.o
                0x0000000008009c24                reset_dsensor_integrator
 .text.init_digital_sensors
                0x0000000008009c58       0xa0 obj/Debug/src/sensors/digital_sensors.o
                0x0000000008009c58                init_digital_sensors
 .text.read_dsensors
                0x0000000008009cf8       0x8c obj/Debug/src/sensors/digital_sensors.o
                0x0000000008009cf8                read_dsensors
 .text.update_digital_sensors
                0x0000000008009d84       0x78 obj/Debug/src/sensors/digital_sensors.o
                0x0000000008009d84                update_digital_sensors
 .text.load_Sensor_Calibration
                0x0000000008009dfc       0x40 obj/Debug/src/sensors/sensor_calibration.o
                0x0000000008009dfc                load_Sensor_Calibration
 .text.store_Sensor_Calibration
                0x0000000008009e3c       0x18 obj/Debug/src/sensors/sensor_calibration.o
                0x0000000008009e3c                store_Sensor_Calibration
 .text.show_Sensor_Calibration
                0x0000000008009e54       0x3c obj/Debug/src/sensors/sensor_calibration.o
                0x0000000008009e54                show_Sensor_Calibration
 .text.modify_Sensor_Calibration
                0x0000000008009e90       0x2c obj/Debug/src/sensors/sensor_calibration.o
                0x0000000008009e90                modify_Sensor_Calibration
 .text.send_Sensor_Calibration
                0x0000000008009ebc       0x20 obj/Debug/src/sensors/sensor_calibration.o
                0x0000000008009ebc                send_Sensor_Calibration
 .text.store_InvTableCLT
                0x0000000008009edc       0x18 obj/Debug/src/sensors/sensor_calibration.o
                0x0000000008009edc                store_InvTableCLT
 .text.show_InvTableCLT
                0x0000000008009ef4       0x2c obj/Debug/src/sensors/sensor_calibration.o
                0x0000000008009ef4                show_InvTableCLT
 .text.modify_InvTableCLT
                0x0000000008009f20       0x20 obj/Debug/src/sensors/sensor_calibration.o
                0x0000000008009f20                modify_InvTableCLT
 .text.send_InvTableCLT
                0x0000000008009f40       0x1c obj/Debug/src/sensors/sensor_calibration.o
                0x0000000008009f40                send_InvTableCLT
 .text.getValue_InvTableCLT
                0x0000000008009f5c       0x2c obj/Debug/src/sensors/sensor_calibration.o
                0x0000000008009f5c                getValue_InvTableCLT
 .text.sensors_diag_log_event
                0x0000000008009f88       0x44 obj/Debug/src/sensors/sensors_diag.o
                0x0000000008009f88                sensors_diag_log_event
 .text.print_sensors_diag
                0x0000000008009fcc       0x84 obj/Debug/src/sensors/sensors_diag.o
                0x0000000008009fcc                print_sensors_diag
 .text.init_Sensors
                0x000000000800a050       0xc8 obj/Debug/src/sensors/Tuareg_sensors.o
                0x000000000800a050                init_Sensors
 .text.Tuareg_update_MAP_sensor
                0x000000000800a118       0x6c obj/Debug/src/sensors/Tuareg_sensors.o
                0x000000000800a118                Tuareg_update_MAP_sensor
 .text.Tuareg_update_O2_sensor
                0x000000000800a184       0x68 obj/Debug/src/sensors/Tuareg_sensors.o
                0x000000000800a184                Tuareg_update_O2_sensor
 .text.Tuareg_update_TPS_sensor
                0x000000000800a1ec       0x68 obj/Debug/src/sensors/Tuareg_sensors.o
                0x000000000800a1ec                Tuareg_update_TPS_sensor
 .text.Tuareg_update_IAT_sensor
                0x000000000800a254       0x74 obj/Debug/src/sensors/Tuareg_sensors.o
                0x000000000800a254                Tuareg_update_IAT_sensor
 .text.Tuareg_update_CLT_sensor
                0x000000000800a2c8       0x78 obj/Debug/src/sensors/Tuareg_sensors.o
                0x000000000800a2c8                Tuareg_update_CLT_sensor
 .text.Tuareg_update_VBAT_sensor
                0x000000000800a340       0x68 obj/Debug/src/sensors/Tuareg_sensors.o
                0x000000000800a340                Tuareg_update_VBAT_sensor
 .text.Tuareg_update_BARO_sensor
                0x000000000800a3a8       0x6c obj/Debug/src/sensors/Tuareg_sensors.o
                0x000000000800a3a8                Tuareg_update_BARO_sensor
 .text.Tuareg_update_GEAR_sensor
                0x000000000800a414       0x88 obj/Debug/src/sensors/Tuareg_sensors.o
                0x000000000800a414                Tuareg_update_GEAR_sensor
 .text.adc_set_regular_group
                0x000000000800a49c       0xe0 obj/Debug/src/stm32_libs/stm32f4xx/boctok/stm32f4xx_adc.o
                0x000000000800a49c                adc_set_regular_group
 .text.adc_set_regular_group_length
                0x000000000800a57c       0x36 obj/Debug/src/stm32_libs/stm32f4xx/boctok/stm32f4xx_adc.o
                0x000000000800a57c                adc_set_regular_group_length
 .text.adc_set_sample_time
                0x000000000800a5b2       0x94 obj/Debug/src/stm32_libs/stm32f4xx/boctok/stm32f4xx_adc.o
                0x000000000800a5b2                adc_set_sample_time
 .text.adc_start_regular_group
                0x000000000800a646       0x16 obj/Debug/src/stm32_libs/stm32f4xx/boctok/stm32f4xx_adc.o
                0x000000000800a646                adc_start_regular_group
 .text.adc_start_injected_group
                0x000000000800a65c       0x16 obj/Debug/src/stm32_libs/stm32f4xx/boctok/stm32f4xx_adc.o
                0x000000000800a65c                adc_start_injected_group
 *fill*         0x000000000800a672        0x2 
 .text.getScbDump
                0x000000000800a674       0x30 obj/Debug/src/stm32_libs/stm32f4xx/boctok/stm32f4xx_fault_handler.o
                0x000000000800a674                getScbDump
 .text.getStackRegisters
                0x000000000800a6a4       0x54 obj/Debug/src/stm32_libs/stm32f4xx/boctok/stm32f4xx_fault_handler.o
                0x000000000800a6a4                getStackRegisters
 .text.HardFault_Handler
                0x000000000800a6f8       0x28 obj/Debug/src/stm32_libs/stm32f4xx/boctok/stm32f4xx_fault_handler.o
                0x000000000800a6f8                HardFault_Handler
 .text.NMI_Handler
                0x000000000800a720       0x28 obj/Debug/src/stm32_libs/stm32f4xx/boctok/stm32f4xx_fault_handler.o
                0x000000000800a720                NMI_Handler
 .text.MemManage_Handler
                0x000000000800a748       0x28 obj/Debug/src/stm32_libs/stm32f4xx/boctok/stm32f4xx_fault_handler.o
                0x000000000800a748                MemManage_Handler
 .text.BusFault_Handler
                0x000000000800a770       0x28 obj/Debug/src/stm32_libs/stm32f4xx/boctok/stm32f4xx_fault_handler.o
                0x000000000800a770                BusFault_Handler
 .text.UsageFault_Handler
                0x000000000800a798       0x28 obj/Debug/src/stm32_libs/stm32f4xx/boctok/stm32f4xx_fault_handler.o
                0x000000000800a798                UsageFault_Handler
 .text.SVC_Handler
                0x000000000800a7c0       0x28 obj/Debug/src/stm32_libs/stm32f4xx/boctok/stm32f4xx_fault_handler.o
                0x000000000800a7c0                SVC_Handler
 .text.DebugMon_Handler
                0x000000000800a7e8       0x28 obj/Debug/src/stm32_libs/stm32f4xx/boctok/stm32f4xx_fault_handler.o
                0x000000000800a7e8                DebugMon_Handler
 .text.PendSV_Handler
                0x000000000800a810       0x28 obj/Debug/src/stm32_libs/stm32f4xx/boctok/stm32f4xx_fault_handler.o
                0x000000000800a810                PendSV_Handler
 .text.WWDG_IRQHandler
                0x000000000800a838       0x28 obj/Debug/src/stm32_libs/stm32f4xx/boctok/stm32f4xx_fault_handler.o
                0x000000000800a838                WWDG_IRQHandler
 .text.FPU_IRQHandler
                0x000000000800a860       0x28 obj/Debug/src/stm32_libs/stm32f4xx/boctok/stm32f4xx_fault_handler.o
                0x000000000800a860                FPU_IRQHandler
 .text.GPIO_configure
                0x000000000800a888       0xda obj/Debug/src/stm32_libs/stm32f4xx/boctok/stm32f4xx_gpio.o
                0x000000000800a888                GPIO_configure
 *fill*         0x000000000800a962        0x2 
 .text.SYSCFG_map_EXTI
                0x000000000800a964       0xfc obj/Debug/src/stm32_libs/stm32f4xx/boctok/stm32f4xx_gpio.o
                0x000000000800a964                SYSCFG_map_EXTI
 .text.gpio_set_pin_high
                0x000000000800aa60       0x1a obj/Debug/src/stm32_libs/stm32f4xx/boctok/stm32f4xx_gpio.o
                0x000000000800aa60                gpio_set_pin_high
 .text.gpio_set_pin_low
                0x000000000800aa7a       0x1c obj/Debug/src/stm32_libs/stm32f4xx/boctok/stm32f4xx_gpio.o
                0x000000000800aa7a                gpio_set_pin_low
 .text.gpio_get_pin
                0x000000000800aa96       0x2e obj/Debug/src/stm32_libs/stm32f4xx/boctok/stm32f4xx_gpio.o
                0x000000000800aa96                gpio_get_pin
 .text.gpio_set_pin
                0x000000000800aac4       0x6e obj/Debug/src/stm32_libs/stm32f4xx/boctok/stm32f4xx_gpio.o
                0x000000000800aac4                gpio_set_pin
 .text.GPIO_SetAF
                0x000000000800ab32       0x9a obj/Debug/src/stm32_libs/stm32f4xx/boctok/stm32f4xx_gpio.o
                0x000000000800ab32                GPIO_SetAF
 .text.Reset_Handler
                0x000000000800abcc       0x50 obj/Debug/src/stm32_libs/stm32f4xx/cmsis/startup_stm32f410xx.o
                0x000000000800abcc                Reset_Handler
 .text.Default_Handler
                0x000000000800ac1c        0x2 obj/Debug/src/stm32_libs/stm32f4xx/cmsis/startup_stm32f410xx.o
                0x000000000800ac1c                RTC_Alarm_IRQHandler
                0x000000000800ac1c                FMPI2C1_EV_IRQHandler
                0x000000000800ac1c                TIM1_CC_IRQHandler
                0x000000000800ac1c                DMA2_Stream5_IRQHandler
                0x000000000800ac1c                DMA1_Stream5_IRQHandler
                0x000000000800ac1c                PVD_IRQHandler
                0x000000000800ac1c                TAMP_STAMP_IRQHandler
                0x000000000800ac1c                I2C2_EV_IRQHandler
                0x000000000800ac1c                DMA1_Stream2_IRQHandler
                0x000000000800ac1c                DMA2_Stream2_IRQHandler
                0x000000000800ac1c                SPI1_IRQHandler
                0x000000000800ac1c                TIM6_DAC_IRQHandler
                0x000000000800ac1c                DMA2_Stream3_IRQHandler
                0x000000000800ac1c                USART6_IRQHandler
                0x000000000800ac1c                I2C1_EV_IRQHandler
                0x000000000800ac1c                DMA1_Stream6_IRQHandler
                0x000000000800ac1c                DMA1_Stream1_IRQHandler
                0x000000000800ac1c                RCC_IRQHandler
                0x000000000800ac1c                Default_Handler
                0x000000000800ac1c                EXTI15_10_IRQHandler
                0x000000000800ac1c                DMA1_Stream7_IRQHandler
                0x000000000800ac1c                SPI5_IRQHandler
                0x000000000800ac1c                DMA2_Stream7_IRQHandler
                0x000000000800ac1c                EXTI9_5_IRQHandler
                0x000000000800ac1c                RTC_WKUP_IRQHandler
                0x000000000800ac1c                SPI2_IRQHandler
                0x000000000800ac1c                DMA1_Stream0_IRQHandler
                0x000000000800ac1c                FMPI2C1_ER_IRQHandler
                0x000000000800ac1c                EXTI4_IRQHandler
                0x000000000800ac1c                RNG_IRQHandler
                0x000000000800ac1c                TIM1_UP_IRQHandler
                0x000000000800ac1c                USART2_IRQHandler
                0x000000000800ac1c                I2C2_ER_IRQHandler
                0x000000000800ac1c                DMA2_Stream1_IRQHandler
                0x000000000800ac1c                FLASH_IRQHandler
                0x000000000800ac1c                DMA2_Stream4_IRQHandler
                0x000000000800ac1c                DMA1_Stream4_IRQHandler
                0x000000000800ac1c                I2C1_ER_IRQHandler
                0x000000000800ac1c                LPTIM1_IRQHandler
                0x000000000800ac1c                DMA2_Stream6_IRQHandler
                0x000000000800ac1c                DMA1_Stream3_IRQHandler
 .text._init    0x000000000800ac1e        0x4 obj/Debug/src/stm32_libs/stm32f4xx/cmsis/system_hse100_stm32f410.o
                0x000000000800ac1e                _init
 *fill*         0x000000000800ac22        0x2 
 .text.SystemInit
                0x000000000800ac24       0x68 obj/Debug/src/stm32_libs/stm32f4xx/cmsis/system_hse100_stm32f410.o
                0x000000000800ac24                SystemInit
 .text.SetSysClock
                0x000000000800ac8c       0xe8 obj/Debug/src/stm32_libs/stm32f4xx/cmsis/system_hse100_stm32f410.o
 .text.NVIC_PriorityGroupConfig
                0x000000000800ad74       0x1c obj/Debug/src/stm32_libs/stm32f4xx/spl/misc.o
                0x000000000800ad74                NVIC_PriorityGroupConfig
 .text.DMA_Init
                0x000000000800ad90       0xa4 obj/Debug/src/stm32_libs/stm32f4xx/spl/stm32f4xx_dma.o
                0x000000000800ad90                DMA_Init
 .text.DMA_StructInit
                0x000000000800ae34       0x64 obj/Debug/src/stm32_libs/stm32f4xx/spl/stm32f4xx_dma.o
                0x000000000800ae34                DMA_StructInit
 .text.I2C_Init
                0x000000000800ae98      0x1cc obj/Debug/src/stm32_libs/stm32f4xx/spl/stm32f4xx_i2c.o
                0x000000000800ae98                I2C_Init
 .text.I2C_Cmd  0x000000000800b064       0x3a obj/Debug/src/stm32_libs/stm32f4xx/spl/stm32f4xx_i2c.o
                0x000000000800b064                I2C_Cmd
 .text.I2C_GenerateSTART
                0x000000000800b09e       0x3a obj/Debug/src/stm32_libs/stm32f4xx/spl/stm32f4xx_i2c.o
                0x000000000800b09e                I2C_GenerateSTART
 .text.I2C_GenerateSTOP
                0x000000000800b0d8       0x3a obj/Debug/src/stm32_libs/stm32f4xx/spl/stm32f4xx_i2c.o
                0x000000000800b0d8                I2C_GenerateSTOP
 .text.I2C_Send7bitAddress
                0x000000000800b112       0x42 obj/Debug/src/stm32_libs/stm32f4xx/spl/stm32f4xx_i2c.o
                0x000000000800b112                I2C_Send7bitAddress
 .text.I2C_AcknowledgeConfig
                0x000000000800b154       0x3a obj/Debug/src/stm32_libs/stm32f4xx/spl/stm32f4xx_i2c.o
                0x000000000800b154                I2C_AcknowledgeConfig
 .text.I2C_SendData
                0x000000000800b18e       0x1a obj/Debug/src/stm32_libs/stm32f4xx/spl/stm32f4xx_i2c.o
                0x000000000800b18e                I2C_SendData
 .text.I2C_ReceiveData
                0x000000000800b1a8       0x12 obj/Debug/src/stm32_libs/stm32f4xx/spl/stm32f4xx_i2c.o
                0x000000000800b1a8                I2C_ReceiveData
 .text.I2C_CheckEvent
                0x000000000800b1ba       0x5e obj/Debug/src/stm32_libs/stm32f4xx/spl/stm32f4xx_i2c.o
                0x000000000800b1ba                I2C_CheckEvent
 .text.I2C_GetFlagStatus
                0x000000000800b218       0x64 obj/Debug/src/stm32_libs/stm32f4xx/spl/stm32f4xx_i2c.o
                0x000000000800b218                I2C_GetFlagStatus
 .text.I2C_ClearFlag
                0x000000000800b27c       0x24 obj/Debug/src/stm32_libs/stm32f4xx/spl/stm32f4xx_i2c.o
                0x000000000800b27c                I2C_ClearFlag
 .text.RCC_GetClocksFreq
                0x000000000800b2a0      0x148 obj/Debug/src/stm32_libs/stm32f4xx/spl/stm32f4xx_rcc.o
                0x000000000800b2a0                RCC_GetClocksFreq
 .text.USART_Init
                0x000000000800b3e8      0x170 obj/Debug/src/stm32_libs/stm32f4xx/spl/stm32f4xx_usart.o
                0x000000000800b3e8                USART_Init
 .text.USART_Cmd
                0x000000000800b558       0x3a obj/Debug/src/stm32_libs/stm32f4xx/spl/stm32f4xx_usart.o
                0x000000000800b558                USART_Cmd
 .text.USART_ReceiveData
                0x000000000800b592       0x16 obj/Debug/src/stm32_libs/stm32f4xx/spl/stm32f4xx_usart.o
                0x000000000800b592                USART_ReceiveData
 .text.USART_ITConfig
                0x000000000800b5a8       0x90 obj/Debug/src/stm32_libs/stm32f4xx/spl/stm32f4xx_usart.o
                0x000000000800b5a8                USART_ITConfig
 .text.Eeprom_init
                0x000000000800b638       0xc0 obj/Debug/src/storage/eeprom.o
                0x000000000800b638                Eeprom_init
 .text.eeprom_write_byte
                0x000000000800b6f8      0x15c obj/Debug/src/storage/eeprom.o
                0x000000000800b6f8                eeprom_write_byte
 .text.eeprom_read_byte
                0x000000000800b854      0x1f4 obj/Debug/src/storage/eeprom.o
                0x000000000800b854                eeprom_read_byte
 .text.eeprom_wait
                0x000000000800ba48       0xe4 obj/Debug/src/storage/eeprom.o
                0x000000000800ba48                eeprom_wait
 .text.eeprom_update_byte
                0x000000000800bb2c       0x9c obj/Debug/src/storage/eeprom.o
                0x000000000800bb2c                eeprom_update_byte
 .text.Eeprom_load_data
                0x000000000800bbc8       0x6c obj/Debug/src/storage/eeprom.o
                0x000000000800bbc8                Eeprom_load_data
 .text.Eeprom_update_data
                0x000000000800bc34       0x64 obj/Debug/src/storage/eeprom.o
                0x000000000800bc34                Eeprom_update_data
 .text.getValue_t2D
                0x000000000800bc98      0x194 obj/Debug/src/storage/table.o
                0x000000000800bc98                getValue_t2D
 .text.getValue_t3D
                0x000000000800be2c      0x5d2 obj/Debug/src/storage/table.o
                0x000000000800be2c                getValue_t3D
 .text.load_t2D_data
                0x000000000800c3fe       0x24 obj/Debug/src/storage/table.o
                0x000000000800c3fe                load_t2D_data
 .text.load_t2D
                0x000000000800c422       0x26 obj/Debug/src/storage/table.o
                0x000000000800c422                load_t2D
 .text.load_t3D_data
                0x000000000800c448       0x26 obj/Debug/src/storage/table.o
                0x000000000800c448                load_t3D_data
 .text.store_t2D_data
                0x000000000800c46e       0x22 obj/Debug/src/storage/table.o
                0x000000000800c46e                store_t2D_data
 .text.store_t2D
                0x000000000800c490       0x24 obj/Debug/src/storage/table.o
                0x000000000800c490                store_t2D
 .text.store_t3D_data
                0x000000000800c4b4       0x24 obj/Debug/src/storage/table.o
                0x000000000800c4b4                store_t3D_data
 .text.show_t3D_data
                0x000000000800c4d8       0xd8 obj/Debug/src/storage/table.o
                0x000000000800c4d8                show_t3D_data
 .text.show_t2D_data
                0x000000000800c5b0       0x8c obj/Debug/src/storage/table.o
                0x000000000800c5b0                show_t2D_data
 .text.modify_t2D_data
                0x000000000800c63c       0x2c obj/Debug/src/storage/table.o
                0x000000000800c63c                modify_t2D_data
 .text.modify_t3D_data
                0x000000000800c668       0x2e obj/Debug/src/storage/table.o
                0x000000000800c668                modify_t3D_data
 .text.send_t2D_data
                0x000000000800c696       0x20 obj/Debug/src/storage/table.o
                0x000000000800c696                send_t2D_data
 .text.send_t3D_data
                0x000000000800c6b6       0x22 obj/Debug/src/storage/table.o
                0x000000000800c6b6                send_t3D_data
 .text.NVIC_EnableIRQ
                0x000000000800c6d8       0x2c obj/Debug/src/timing/lowprio_scheduler.o
 .text.NVIC_ClearPendingIRQ
                0x000000000800c704       0x30 obj/Debug/src/timing/lowprio_scheduler.o
 .text.NVIC_SetPriority
                0x000000000800c734       0x50 obj/Debug/src/timing/lowprio_scheduler.o
 .text.safe_callback
                0x000000000800c784        0xe obj/Debug/src/timing/lowprio_scheduler.o
 *fill*         0x000000000800c792        0x2 
 .text.init_lowprio_scheduler
                0x000000000800c794       0xac obj/Debug/src/timing/lowprio_scheduler.o
                0x000000000800c794                init_lowprio_scheduler
 .text.lowprio_scheduler_set_channel
                0x000000000800c840      0x384 obj/Debug/src/timing/lowprio_scheduler.o
                0x000000000800c840                lowprio_scheduler_set_channel
 .text.TIM1_TRG_COM_TIM11_IRQHandler
                0x000000000800cbc4      0x2d4 obj/Debug/src/timing/lowprio_scheduler.o
                0x000000000800cbc4                TIM1_TRG_COM_TIM11_IRQHandler
 .text.NVIC_EnableIRQ
                0x000000000800ce98       0x2c obj/Debug/src/timing/scheduler.o
 .text.NVIC_ClearPendingIRQ
                0x000000000800cec4       0x30 obj/Debug/src/timing/scheduler.o
 .text.NVIC_SetPriority
                0x000000000800cef4       0x50 obj/Debug/src/timing/scheduler.o
 .text.allocate_timer_channel_1
                0x000000000800cf44       0x6c obj/Debug/src/timing/scheduler.o
                0x000000000800cf44                allocate_timer_channel_1
 .text.reset_timer_channel_1
                0x000000000800cfb0       0x38 obj/Debug/src/timing/scheduler.o
                0x000000000800cfb0                reset_timer_channel_1
 .text.allocate_timer_channel_2
                0x000000000800cfe8       0x6c obj/Debug/src/timing/scheduler.o
                0x000000000800cfe8                allocate_timer_channel_2
 .text.reset_timer_channel_2
                0x000000000800d054       0x38 obj/Debug/src/timing/scheduler.o
                0x000000000800d054                reset_timer_channel_2
 .text.allocate_timer_channel_3
                0x000000000800d08c       0x6c obj/Debug/src/timing/scheduler.o
                0x000000000800d08c                allocate_timer_channel_3
 .text.reset_timer_channel_3
                0x000000000800d0f8       0x38 obj/Debug/src/timing/scheduler.o
                0x000000000800d0f8                reset_timer_channel_3
 .text.allocate_timer_channel_4
                0x000000000800d130       0x6c obj/Debug/src/timing/scheduler.o
                0x000000000800d130                allocate_timer_channel_4
 .text.reset_timer_channel_4
                0x000000000800d19c       0x38 obj/Debug/src/timing/scheduler.o
                0x000000000800d19c                reset_timer_channel_4
 .text.init_Vital_Scheduler
                0x000000000800d1d4      0x108 obj/Debug/src/timing/scheduler.o
                0x000000000800d1d4                init_Vital_Scheduler
 .text.scheduler_set_channel
                0x000000000800d2dc      0x1a4 obj/Debug/src/timing/scheduler.o
                0x000000000800d2dc                scheduler_set_channel
 .text.scheduler_reset_channel
                0x000000000800d480       0x7c obj/Debug/src/timing/scheduler.o
                0x000000000800d480                scheduler_reset_channel
 .text.allocate_channel
                0x000000000800d4fc      0x108 obj/Debug/src/timing/scheduler.o
                0x000000000800d4fc                allocate_channel
 .text.TIM5_IRQHandler
                0x000000000800d604      0x1c0 obj/Debug/src/timing/scheduler.o
                0x000000000800d604                TIM5_IRQHandler
 .text.scheduler_diag_log_event
                0x000000000800d7c4       0x44 obj/Debug/src/timing/scheduler_diag.o
                0x000000000800d7c4                scheduler_diag_log_event
 .text.print_scheduler_diag
                0x000000000800d808       0x84 obj/Debug/src/timing/scheduler_diag.o
                0x000000000800d808                print_scheduler_diag
 .text.NVIC_SetPriority
                0x000000000800d88c       0x50 obj/Debug/src/timing/systick_timer.o
 .text.init_systick_timer
                0x000000000800d8dc       0x30 obj/Debug/src/timing/systick_timer.o
                0x000000000800d8dc                init_systick_timer
 .text.get_timestamp_fraction_us
                0x000000000800d90c       0x2c obj/Debug/src/timing/systick_timer.o
                0x000000000800d90c                get_timestamp_fraction_us
 .text.SysTick_Handler
                0x000000000800d938      0x200 obj/Debug/src/timing/systick_timer.o
                0x000000000800d938                SysTick_Handler
 .text.calc_rot_duration_us
                0x000000000800db38       0x24 obj/Debug/src/utils/base_calc.o
                0x000000000800db38                calc_rot_duration_us
 .text.calc_rot_angle_deg
                0x000000000800db5c       0x36 obj/Debug/src/utils/base_calc.o
                0x000000000800db5c                calc_rot_angle_deg
 *fill*         0x000000000800db92        0x2 
 .text.calc_rpm
                0x000000000800db94       0x30 obj/Debug/src/utils/base_calc.o
                0x000000000800db94                calc_rpm
 .text.sub_VU32
                0x000000000800dbc4       0x2a obj/Debug/src/utils/base_calc.o
                0x000000000800dbc4                sub_VU32
 .text.subtract_VU32
                0x000000000800dbee       0x1e obj/Debug/src/utils/base_calc.o
                0x000000000800dbee                subtract_VU32
 .text.divide_VU32
                0x000000000800dc0c       0x2a obj/Debug/src/utils/base_calc.o
                0x000000000800dc0c                divide_VU32
 *fill*         0x000000000800dc36        0x2 
 .text.divide_VF32
                0x000000000800dc38       0x48 obj/Debug/src/utils/base_calc.o
                0x000000000800dc38                divide_VF32
 .text.divide_float
                0x000000000800dc80       0x48 obj/Debug/src/utils/base_calc.o
                0x000000000800dc80                divide_float
 .text.crank_position_after
                0x000000000800dcc8       0x2e obj/Debug/src/utils/base_calc.o
                0x000000000800dcc8                crank_position_after
 .text.opposite_phase
                0x000000000800dcf6       0x2c obj/Debug/src/utils/base_calc.o
                0x000000000800dcf6                opposite_phase
 .text.solve_linear
                0x000000000800dd22       0x56 obj/Debug/src/utils/base_calc.o
                0x000000000800dd22                solve_linear
 .text.calc_ema
                0x000000000800dd78       0x8c obj/Debug/src/utils/base_calc.o
                0x000000000800dd78                calc_ema
 .text.calc_derivative_s
                0x000000000800de04       0x68 obj/Debug/src/utils/base_calc.o
                0x000000000800de04                calc_derivative_s
 .text.getBit_BF8
                0x000000000800de6c       0x46 obj/Debug/src/utils/bitfields.o
                0x000000000800de6c                getBit_BF8
 *fill*         0x000000000800deb2        0x2 
 .text.__libc_init_array
                0x000000000800deb4       0x48 /opt/gcc-arm-none-eabi-7-2017-q4-major/bin/../lib/gcc/arm-none-eabi/7.2.1/../../../../arm-none-eabi/lib/thumb/v7e-m/fpv4-sp/hard/libc.a(lib_a-init.o)
                0x000000000800deb4                __libc_init_array
 *(.rodata)
 .rodata        0x000000000800defc      0x69e obj/Debug/src/com/Tuareg_console.o
                0x000000000800defc                Tuareg_Version
 *fill*         0x000000000800e59a        0x2 
 .rodata        0x000000000800e59c      0x2ac obj/Debug/src/com/TunerStudio_service.o
 .rodata        0x000000000800e848       0x5f obj/Debug/src/com/uart_printf.o
 *fill*         0x000000000800e8a7        0x1 
 .rodata        0x000000000800e8a8       0x16 obj/Debug/src/debug/debug_port_messages.o
 *fill*         0x000000000800e8be        0x2 
 .rodata        0x000000000800e8c0      0x15f obj/Debug/src/decoder/decoder_config.o
 *fill*         0x000000000800ea1f        0x1 
 .rodata        0x000000000800ea20      0x227 obj/Debug/src/decoder/decoder_diag.o
                0x000000000800ea20                decoder_diag_legend
 *fill*         0x000000000800ec47        0x1 
 .rodata        0x000000000800ec48       0x32 obj/Debug/src/diagnostics/fault_log.o
 *fill*         0x000000000800ec7a        0x2 
 .rodata        0x000000000800ec7c       0x76 obj/Debug/src/diagnostics/highspeed_loggers.o
 *fill*         0x000000000800ecf2        0x2 
 .rodata        0x000000000800ecf4       0x6c obj/Debug/src/diagnostics/syslog.o
 .rodata        0x000000000800ed60      0x58c obj/Debug/src/fueling/fueling_config.o
 .rodata        0x000000000800f2ec      0x34b obj/Debug/src/fueling/fueling_diag.o
                0x000000000800f2ec                fueling_diag_legend
 *fill*         0x000000000800f637        0x1 
 .rodata        0x000000000800f638      0x1d8 obj/Debug/src/ignition/ignition_config.o
 .rodata        0x000000000800f810      0x1c7 obj/Debug/src/ignition/ignition_diag.o
                0x000000000800f810                ignition_diag_legend
 *fill*         0x000000000800f9d7        0x1 
 .rodata        0x000000000800f9d8        0xb obj/Debug/src/main/main.o
 *fill*         0x000000000800f9e3        0x1 
 .rodata        0x000000000800f9e4      0x15d obj/Debug/src/main/Tuareg_config.o
 *fill*         0x000000000800fb41        0x3 
 .rodata        0x000000000800fb44      0x28b obj/Debug/src/main/Tuareg_diag.o
                0x000000000800fb44                tuareg_diag_legend
 *fill*         0x000000000800fdcf        0x1 
 .rodata        0x000000000800fdd0      0x5a0 obj/Debug/src/main/Tuareg_ID.o
                0x000000000800fdd0                Tuareg_ID_labels
 .rodata        0x0000000008010370       0x73 obj/Debug/src/process_table/process_table.o
 *fill*         0x00000000080103e3        0x1 
 .rodata        0x00000000080103e4       0x55 obj/Debug/src/sensors/sensor_calibration.o
 *fill*         0x0000000008010439        0x3 
 .rodata        0x000000000801043c       0x9f obj/Debug/src/sensors/sensors_diag.o
                0x000000000801043c                sensors_diag_legend
 *fill*         0x00000000080104db        0x1 
 .rodata        0x00000000080104dc       0x8e obj/Debug/src/storage/table.o
 *fill*         0x000000000801056a        0x2 
 .rodata        0x000000000801056c      0x457 obj/Debug/src/timing/scheduler_diag.o
                0x000000000801056c                scheduler_diag_legend
 *(.rodata*)
 *fill*         0x00000000080109c3        0x1 
 .rodata.cKelvin_offset