Archive member included to satisfy reference by file (symbol)

/opt/gcc-arm-none-eabi-7-2017-q4-major/bin/../lib/gcc/arm-none-eabi/7.2.1/../../../../arm-none-eabi/lib/thumb/v7e-m/fpv4-sp/hard/libc.a(lib_a-init.o)
                              obj/Release/src/stm32_libs/stm32f4xx/cmsis/startup_stm32f410xx.o (__libc_init_array)

Discarded input sections

 .text          0x0000000000000000        0x0 obj/Release/src/actors/act_hw.o
 .data          0x0000000000000000        0x0 obj/Release/src/actors/act_hw.o
 .bss           0x0000000000000000        0x0 obj/Release/src/actors/act_hw.o
 .text.set_act1
                0x0000000000000000       0x20 obj/Release/src/actors/act_hw.o
 .text.set_act2
                0x0000000000000000       0x20 obj/Release/src/actors/act_hw.o
 .text.init_act_hw
                0x0000000000000000       0x4c obj/Release/src/actors/act_hw.o
 .comment       0x0000000000000000       0x7f obj/Release/src/actors/act_hw.o
 .ARM.attributes
                0x0000000000000000       0x39 obj/Release/src/actors/act_hw.o
 .text          0x0000000000000000        0x0 obj/Release/src/actors/act_logic.o
 .data          0x0000000000000000        0x0 obj/Release/src/actors/act_logic.o
 .bss           0x0000000000000000        0x0 obj/Release/src/actors/act_logic.o
 .text.init_act_logic
                0x0000000000000000        0x2 obj/Release/src/actors/act_logic.o
 .comment       0x0000000000000000       0x7f obj/Release/src/actors/act_logic.o
 .ARM.attributes
                0x0000000000000000       0x39 obj/Release/src/actors/act_logic.o
 .text          0x0000000000000000        0x0 obj/Release/src/com/serial_buffer.o
 .data          0x0000000000000000        0x0 obj/Release/src/com/serial_buffer.o
 .bss           0x0000000000000000        0x0 obj/Release/src/com/serial_buffer.o
 .text          0x0000000000000000        0x0 obj/Release/src/com/serial_monitor.o
 .data          0x0000000000000000        0x0 obj/Release/src/com/serial_monitor.o
 .bss           0x0000000000000000        0x0 obj/Release/src/com/serial_monitor.o
 .comment       0x0000000000000000       0x7f obj/Release/src/com/serial_monitor.o
 .ARM.attributes
                0x0000000000000000       0x39 obj/Release/src/com/serial_monitor.o
 .text          0x0000000000000000        0x0 obj/Release/src/com/Tuareg_console.o
 .data          0x0000000000000000        0x0 obj/Release/src/com/Tuareg_console.o
 .bss           0x0000000000000000        0x0 obj/Release/src/com/Tuareg_console.o
 .rodata.cTSmaxChunkLen
                0x0000000000000000        0x4 obj/Release/src/com/Tuareg_console.o
 .rodata.cTSmaxOffset
                0x0000000000000000        0x4 obj/Release/src/com/Tuareg_console.o
 .text          0x0000000000000000        0x0 obj/Release/src/com/TunerStudio.o
 .data          0x0000000000000000        0x0 obj/Release/src/com/TunerStudio.o
 .bss           0x0000000000000000        0x0 obj/Release/src/com/TunerStudio.o
 .text          0x0000000000000000        0x0 obj/Release/src/com/TunerStudio_outChannel.o
 .data          0x0000000000000000        0x0 obj/Release/src/com/TunerStudio_outChannel.o
 .bss           0x0000000000000000        0x0 obj/Release/src/com/TunerStudio_outChannel.o
 .rodata.cOut_size
                0x0000000000000000        0x4 obj/Release/src/com/TunerStudio_outChannel.o
 .rodata.pOut_data
                0x0000000000000000        0x4 obj/Release/src/com/TunerStudio_outChannel.o
 .text          0x0000000000000000        0x0 obj/Release/src/com/TunerStudio_service.o
 .data          0x0000000000000000        0x0 obj/Release/src/com/TunerStudio_service.o
 .bss           0x0000000000000000        0x0 obj/Release/src/com/TunerStudio_service.o
 .text          0x0000000000000000        0x0 obj/Release/src/com/uart.o
 .data          0x0000000000000000        0x0 obj/Release/src/com/uart.o
 .bss           0x0000000000000000        0x0 obj/Release/src/com/uart.o
 .text.UART_listen
                0x0000000000000000        0xa obj/Release/src/com/uart.o
 .text.UART_nolisten
                0x0000000000000000        0xa obj/Release/src/com/uart.o
 .text          0x0000000000000000        0x0 obj/Release/src/com/uart_printf.o
 .data          0x0000000000000000        0x0 obj/Release/src/com/uart_printf.o
 .bss           0x0000000000000000        0x0 obj/Release/src/com/uart_printf.o
 .text.printf_S
                0x0000000000000000       0x20 obj/Release/src/com/uart_printf.o
 .text.printf_U8
                0x0000000000000000       0x42 obj/Release/src/com/uart_printf.o
 .text.printf_U32hex
                0x0000000000000000       0x30 obj/Release/src/com/uart_printf.o
 .text          0x0000000000000000        0x0 obj/Release/src/dash/dash_hw.o
 .data          0x0000000000000000        0x0 obj/Release/src/dash/dash_hw.o
 .bss           0x0000000000000000        0x0 obj/Release/src/dash/dash_hw.o
 .text          0x0000000000000000        0x0 obj/Release/src/dash/Tuareg_dash.o
[...]
Memory Configuration

Name             Origin             Length             Attributes
FLASH            0x0000000008000000 0x0000000000020000 xr
RAM              0x0000000020000000 0x0000000000008000 xrw
MEMORY_B1        0x0000000060000000 0x0000000000000000 xr
*default*        0x0000000000000000 0xffffffffffffffff

Linker script and memory map

LOAD obj/Release/src/actors/act_hw.o
LOAD obj/Release/src/actors/act_logic.o
LOAD obj/Release/src/com/serial_buffer.o
LOAD obj/Release/src/com/serial_monitor.o
LOAD obj/Release/src/com/Tuareg_console.o
LOAD obj/Release/src/com/TunerStudio.o
LOAD obj/Release/src/com/TunerStudio_outChannel.o
LOAD obj/Release/src/com/TunerStudio_service.o
LOAD obj/Release/src/com/uart.o
LOAD obj/Release/src/com/uart_printf.o
LOAD obj/Release/src/dash/dash_hw.o
LOAD obj/Release/src/dash/Tuareg_dash.o
LOAD obj/Release/src/debug/debug.o
LOAD obj/Release/src/debug/debug_port_messages.o
LOAD obj/Release/src/debug/dwt.o
LOAD obj/Release/src/decoder/decoder_cis.o
LOAD obj/Release/src/decoder/decoder_config.o
LOAD obj/Release/src/decoder/decoder_debug.o
LOAD obj/Release/src/decoder/decoder_diag.o
LOAD obj/Release/src/decoder/decoder_hw.o
LOAD obj/Release/src/decoder/decoder_logic.o
LOAD obj/Release/src/decoder/Tuareg_decoder.o
LOAD obj/Release/src/diagnostics/diagnostics.o
LOAD obj/Release/src/diagnostics/fault_log.o
LOAD obj/Release/src/diagnostics/highspeed_loggers.o
LOAD obj/Release/src/diagnostics/syslog.o
LOAD obj/Release/src/fueling/accel_comp.o
LOAD obj/Release/src/fueling/fueling_config.o
LOAD obj/Release/src/fueling/fueling_corrections.o
LOAD obj/Release/src/fueling/fueling_diag.o
LOAD obj/Release/src/fueling/fueling_hw.o
LOAD obj/Release/src/fueling/injector_parameters.o
LOAD obj/Release/src/fueling/Tuareg_fueling.o
LOAD obj/Release/src/fueling/Tuareg_fueling_controls.o
LOAD obj/Release/src/ignition/ignition_config.o
LOAD obj/Release/src/ignition/ignition_diag.o
LOAD obj/Release/src/ignition/ignition_hw.o
LOAD obj/Release/src/ignition/Tuareg_ignition.o
LOAD obj/Release/src/ignition/Tuareg_ignition_controls.o
LOAD obj/Release/src/main/main.o
LOAD obj/Release/src/main/Tuareg.o
LOAD obj/Release/src/main/Tuareg_config.o
LOAD obj/Release/src/main/Tuareg_diag.o
LOAD obj/Release/src/main/Tuareg_errors.o
LOAD obj/Release/src/main/Tuareg_ID.o
LOAD obj/Release/src/main/Tuareg_process_data.o
LOAD obj/Release/src/main/Tuareg_service_functions.o
LOAD obj/Release/src/main/Tuareg_types.o
LOAD obj/Release/src/module_test/module_test.o
LOAD obj/Release/src/process_table/process_table.o
LOAD obj/Release/src/sensors/analog_sensors.o
LOAD obj/Release/src/sensors/digital_sensors.o
LOAD obj/Release/src/sensors/knock_sensor.o
LOAD obj/Release/src/sensors/sensor_calibration.o
LOAD obj/Release/src/sensors/sensors_diag.o
LOAD obj/Release/src/sensors/Tuareg_sensors.o
LOAD obj/Release/src/stm32_libs/stm32f4xx/boctok/stm32f4xx_adc_boctok.o
LOAD obj/Release/src/stm32_libs/stm32f4xx/boctok/stm32f4xx_fault_handler_boctok.o
LOAD obj/Release/src/stm32_libs/stm32f4xx/boctok/stm32f4xx_gpio_boctok.o
LOAD obj/Release/src/stm32_libs/stm32f4xx/cmsis/startup_stm32f410xx.o
LOAD obj/Release/src/stm32_libs/stm32f4xx/cmsis/system_hse100_stm32f410.o
LOAD obj/Release/src/stm32_libs/stm32f4xx/spl/misc.o
LOAD obj/Release/src/stm32_libs/stm32f4xx/spl/stm32f4xx_dma.o
LOAD obj/Release/src/stm32_libs/stm32f4xx/spl/stm32f4xx_i2c.o
LOAD obj/Release/src/stm32_libs/stm32f4xx/spl/stm32f4xx_rcc.o
LOAD obj/Release/src/stm32_libs/stm32f4xx/spl/stm32f4xx_usart.o
LOAD obj/Release/src/storage/eeprom.o
LOAD obj/Release/src/storage/table.o
LOAD obj/Release/src/timing/lowprio_scheduler.o
LOAD obj/Release/src/timing/scheduler.o
LOAD obj/Release/src/timing/scheduler_diag.o
LOAD obj/Release/src/timing/systick_timer.o
LOAD obj/Release/src/utils/base_calc.o
LOAD obj/Release/src/utils/bitfields.o
LOAD obj/Release/src/utils/conversion.o
                0x0000000020008000                _estack = 0x20008000
                0x0000000000000000                _Min_Heap_Size = 0x0
                0x0000000000000100                _Min_Stack_Size = 0x100

.isr_vector     0x0000000008000000      0x1c8
                0x0000000008000000                . = ALIGN (0x4)
 *(.isr_vector)
 .isr_vector    0x0000000008000000      0x1c8 obj/Release/src/stm32_libs/stm32f4xx/cmsis/startup_stm32f410xx.o
                0x0000000008000000                g_pfnVectors
                0x00000000080001c8                . = ALIGN (0x4)

.text           0x00000000080001c8     0xcdb0
                0x00000000080001c8                . = ALIGN (0x4)
 *(.text)
 *(.text*)
 .text.ComRx_Buffer_reset
                0x00000000080001c8       0x3c obj/Release/src/com/serial_buffer.o
                0x00000000080001c8                ComRx_Buffer_reset
 .text.ComRx_Buffer_avail
                0x0000000008000204        0xc obj/Release/src/com/serial_buffer.o
                0x0000000008000204                ComRx_Buffer_avail
 .text.ComRx_Buffer_push
                0x0000000008000210       0x50 obj/Release/src/com/serial_buffer.o
                0x0000000008000210                ComRx_Buffer_push
 .text.ComRx_Buffer_pull
                0x0000000008000260       0x44 obj/Release/src/com/serial_buffer.o
                0x0000000008000260                ComRx_Buffer_pull
 .text.ComRx_Buffer_pull_U16
                0x00000000080002a4       0x30 obj/Release/src/com/serial_buffer.o
                0x00000000080002a4                ComRx_Buffer_pull_U16
 .text.ComRx_Buffer_pull_U32
                0x00000000080002d4       0x56 obj/Release/src/com/serial_buffer.o
                0x00000000080002d4                ComRx_Buffer_pull_U32
 *fill*         0x000000000800032a        0x2 
 .text.cli_showPage
                0x000000000800032c       0xa8 obj/Release/src/com/Tuareg_console.o
                0x000000000800032c                cli_showPage
 .text.cli_setPermissions
                0x00000000080003d4      0x11c obj/Release/src/com/Tuareg_console.o
                0x00000000080003d4                cli_setPermissions
 .text.cli_show_help
                0x00000000080004f0       0x9c obj/Release/src/com/Tuareg_console.o
                0x00000000080004f0                cli_show_help
 .text.Tuareg_update_console
                0x000000000800058c      0x290 obj/Release/src/com/Tuareg_console.o
                0x000000000800058c                Tuareg_update_console
 .text.cli_cyclic_update
                0x000000000800081c       0x1c obj/Release/src/com/Tuareg_console.o
                0x000000000800081c                cli_cyclic_update
 .text.Tuareg_init_console
                0x0000000008000838       0x18 obj/Release/src/com/Tuareg_console.o
                0x0000000008000838                Tuareg_init_console
 .text.ts_readPage
                0x0000000008000850       0xb4 obj/Release/src/com/TunerStudio.o
                0x0000000008000850                ts_readPage
 .text.ts_valueWrite
                0x0000000008000904      0x1a8 obj/Release/src/com/TunerStudio.o
                0x0000000008000904                ts_valueWrite
 .text.ts_burnPage
                0x0000000008000aac       0xcc obj/Release/src/com/TunerStudio.o
                0x0000000008000aac                ts_burnPage
 .text.ts_tuareg_bits
                0x0000000008000b78      0x1d4 obj/Release/src/com/TunerStudio_outChannel.o
                0x0000000008000b78                ts_tuareg_bits
 .text.ts_sendOutputChannels
                0x0000000008000d4c      0x12c obj/Release/src/com/TunerStudio_outChannel.o
                0x0000000008000d4c                ts_sendOutputChannels
 .text.ts_debug_features
                0x0000000008000e78      0x120 obj/Release/src/com/TunerStudio_service.o
                0x0000000008000e78                ts_debug_features
 .text.cli_show_debug_help
                0x0000000008000f98       0xc0 obj/Release/src/com/TunerStudio_service.o
                0x0000000008000f98                cli_show_debug_help
 .text.cli_show_process_data
                0x0000000008001058      0x114 obj/Release/src/com/TunerStudio_service.o
                0x0000000008001058                cli_show_process_data
 .text.cli_show_ignition_controls
                0x000000000800116c      0x108 obj/Release/src/com/TunerStudio_service.o
                0x000000000800116c                cli_show_ignition_controls
 .text.cli_show_fueling_controls
                0x0000000008001274      0x3b8 obj/Release/src/com/TunerStudio_service.o
                0x0000000008001274                cli_show_fueling_controls
 .text.cli_show_decoder_interface
                0x000000000800162c        0xc obj/Release/src/com/TunerStudio_service.o
                0x000000000800162c                cli_show_decoder_interface
 .text.cli_print_sensor_data
                0x0000000008001638      0x21c obj/Release/src/com/TunerStudio_service.o
                0x0000000008001638                cli_print_sensor_data
 .text.ts_debug_info
                0x0000000008001854       0xd8 obj/Release/src/com/TunerStudio_service.o
                0x0000000008001854                ts_debug_info
 .text.UART_TS_PORT_Init
                0x000000000800192c       0xa0 obj/Release/src/com/uart.o
                0x000000000800192c                UART_TS_PORT_Init
 .text.UART_DEBUG_PORT_Init
                0x00000000080019cc       0x68 obj/Release/src/com/uart.o
                0x00000000080019cc                UART_DEBUG_PORT_Init
 .text.UART_Tx  0x0000000008001a34        0xc obj/Release/src/com/uart.o
                0x0000000008001a34                UART_Tx
 .text.UART_send_data
                0x0000000008001a40       0x1a obj/Release/src/com/uart.o
                0x0000000008001a40                UART_send_data
 *fill*         0x0000000008001a5a        0x2 
 .text.USART1_IRQHandler
                0x0000000008001a5c       0x30 obj/Release/src/com/uart.o
                0x0000000008001a5c                USART1_IRQHandler
 .text.printf_U
                0x0000000008001a8c      0x164 obj/Release/src/com/uart_printf.o
                0x0000000008001a8c                printf_U
 .text.printf_F32
                0x0000000008001bf0       0xcc obj/Release/src/com/uart_printf.o
                0x0000000008001bf0                printf_F32
 .text.printf_nib_hex
                0x0000000008001cbc       0x10 obj/Release/src/com/uart_printf.o
                0x0000000008001cbc                printf_nib_hex
 .text.print    0x0000000008001ccc       0x16 obj/Release/src/com/uart_printf.o
                0x0000000008001ccc                print
 *fill*         0x0000000008001ce2        0x2 
 .text.printf_U8hex
                0x0000000008001ce4       0x38 obj/Release/src/com/uart_printf.o
                0x0000000008001ce4                printf_U8hex
 .text.printf_crkpos
                0x0000000008001d1c       0x6c obj/Release/src/com/uart_printf.o
                0x0000000008001d1c                printf_crkpos
 .text.printf_phase
                0x0000000008001d88       0x30 obj/Release/src/com/uart_printf.o
                0x0000000008001d88                printf_phase
 .text.printf_decoder_sensing
                0x0000000008001db8       0x54 obj/Release/src/com/uart_printf.o
                0x0000000008001db8                printf_decoder_sensing
 .text.print_flash
                0x0000000008001e0c        0x4 obj/Release/src/com/uart_printf.o
                0x0000000008001e0c                print_flash
 .text.set_mil_hw
                0x0000000008001e10       0x38 obj/Release/src/dash/dash_hw.o
                0x0000000008001e10                set_mil_hw
 .text.init_dash_hw
                0x0000000008001e48       0x78 obj/Release/src/dash/dash_hw.o
                0x0000000008001e48                init_dash_hw
 .text.set_tachometer_compare
                0x0000000008001ec0       0x28 obj/Release/src/dash/dash_hw.o
                0x0000000008001ec0                set_tachometer_compare
 .text.update_tachometer
                0x0000000008001ee8       0x38 obj/Release/src/dash/Tuareg_dash.o
                0x0000000008001ee8                update_tachometer
 .text.set_mil  0x0000000008001f20       0x58 obj/Release/src/dash/Tuareg_dash.o
                0x0000000008001f20                set_mil
 .text.update_mil
                0x0000000008001f78       0xac obj/Release/src/dash/Tuareg_dash.o
                0x0000000008001f78                update_mil
 .text.init_dash
                0x0000000008002024       0x10 obj/Release/src/dash/Tuareg_dash.o
                0x0000000008002024                init_dash
 .text.update_dash
                0x0000000008002034        0xe obj/Release/src/dash/Tuareg_dash.o
                0x0000000008002034                update_dash
 *fill*         0x0000000008002042        0x2 
 .text.DebugMsg_Warning
                0x0000000008002044       0x24 obj/Release/src/debug/debug_port_messages.o
                0x0000000008002044                DebugMsg_Warning
 .text.decoder_update_cis
                0x0000000008002068      0x188 obj/Release/src/decoder/decoder_cis.o
                0x0000000008002068                decoder_update_cis
 .text.decoder_cis_handler
                0x00000000080021f0       0x9c obj/Release/src/decoder/decoder_cis.o
                0x00000000080021f0                decoder_cis_handler
 .text.decoder_cis_noisefilter_handler
                0x000000000800228c        0x4 obj/Release/src/decoder/decoder_cis.o
                0x000000000800228c                decoder_cis_noisefilter_handler
 .text.enable_cis
                0x0000000008002290       0x4c obj/Release/src/decoder/decoder_cis.o
                0x0000000008002290                enable_cis
 .text.disable_cis
                0x00000000080022dc        0xe obj/Release/src/decoder/decoder_cis.o
                0x00000000080022dc                disable_cis
 *fill*         0x00000000080022ea        0x2 
 .text.load_Decoder_Setup
                0x00000000080022ec       0x1c obj/Release/src/decoder/decoder_config.o
                0x00000000080022ec                load_Decoder_Setup
 .text.load_essential_Decoder_Setup
                0x0000000008002308       0x3c obj/Release/src/decoder/decoder_config.o
                0x0000000008002308                load_essential_Decoder_Setup
 .text.store_Decoder_Setup
                0x0000000008002344       0x10 obj/Release/src/decoder/decoder_config.o
                0x0000000008002344                store_Decoder_Setup
 .text.show_Decoder_Setup
                0x0000000008002354      0x154 obj/Release/src/decoder/decoder_config.o
                0x0000000008002354                show_Decoder_Setup
 .text.modify_Decoder_Setup
                0x00000000080024a8       0x18 obj/Release/src/decoder/decoder_config.o
                0x00000000080024a8                modify_Decoder_Setup
 .text.send_Decoder_Setup
                0x00000000080024c0        0xc obj/Release/src/decoder/decoder_config.o
                0x00000000080024c0                send_Decoder_Setup
 .text.decoder_debug_show_internals
                0x00000000080024cc      0x58c obj/Release/src/decoder/decoder_debug.o
                0x00000000080024cc                decoder_debug_show_internals
 .text.init_decoder_debug
                0x0000000008002a58      0x11c obj/Release/src/decoder/decoder_debug.o
                0x0000000008002a58                init_decoder_debug
 .text.decoder_diag_log_event
                0x0000000008002b74       0x28 obj/Release/src/decoder/decoder_diag.o
                0x0000000008002b74                decoder_diag_log_event
 .text.print_decoder_diag
                0x0000000008002b9c       0x68 obj/Release/src/decoder/decoder_diag.o
                0x0000000008002b9c                print_decoder_diag
 .text.decoder_stop_timer
                0x0000000008002c04       0x1c obj/Release/src/decoder/decoder_hw.o
                0x0000000008002c04                decoder_stop_timer
 .text.update_crank_noisefilter
                0x0000000008002c20       0x4c obj/Release/src/decoder/decoder_hw.o
                0x0000000008002c20                update_crank_noisefilter
 .text.update_cam_noisefilter
                0x0000000008002c6c       0x4c obj/Release/src/decoder/decoder_hw.o
                0x0000000008002c6c                update_cam_noisefilter
 .text.decoder_mask_crank_irq
                0x0000000008002cb8       0x10 obj/Release/src/decoder/decoder_hw.o
                0x0000000008002cb8                decoder_mask_crank_irq
 .text.decoder_unmask_crank_irq
                0x0000000008002cc8       0x14 obj/Release/src/decoder/decoder_hw.o
                0x0000000008002cc8                decoder_unmask_crank_irq
 .text.decoder_mask_cis_irq
                0x0000000008002cdc       0x10 obj/Release/src/decoder/decoder_hw.o
                0x0000000008002cdc                decoder_mask_cis_irq
 .text.decoder_unmask_cis_irq
                0x0000000008002cec       0x14 obj/Release/src/decoder/decoder_hw.o
                0x0000000008002cec                decoder_unmask_cis_irq
 .text.set_crank_pickup_sensing_rise
                0x0000000008002d00       0x24 obj/Release/src/decoder/decoder_hw.o
                0x0000000008002d00                set_crank_pickup_sensing_rise
 .text.set_crank_pickup_sensing_fall
                0x0000000008002d24       0x24 obj/Release/src/decoder/decoder_hw.o
                0x0000000008002d24                set_crank_pickup_sensing_fall
 .text.set_crank_pickup_sensing_disabled
                0x0000000008002d48       0x24 obj/Release/src/decoder/decoder_hw.o
                0x0000000008002d48                set_crank_pickup_sensing_disabled
 .text.set_cis_sensing_rise
                0x0000000008002d6c       0x24 obj/Release/src/decoder/decoder_hw.o
                0x0000000008002d6c                set_cis_sensing_rise
 .text.set_cis_sensing_fall
                0x0000000008002d90       0x24 obj/Release/src/decoder/decoder_hw.o
                0x0000000008002d90                set_cis_sensing_fall
 .text.set_cis_sensing_disabled
                0x0000000008002db4       0x24 obj/Release/src/decoder/decoder_hw.o
                0x0000000008002db4                set_cis_sensing_disabled
 .text.decoder_set_crank_pickup_sensing
                0x0000000008002dd8       0x4c obj/Release/src/decoder/decoder_hw.o
                0x0000000008002dd8                decoder_set_crank_pickup_sensing
 .text.decoder_set_cis_sensing
                0x0000000008002e24       0x4c obj/Release/src/decoder/decoder_hw.o
                0x0000000008002e24                decoder_set_cis_sensing
 .text.trigger_decoder_irq
                0x0000000008002e70       0x14 obj/Release/src/decoder/decoder_hw.o
                0x0000000008002e70                trigger_decoder_irq
 .text.init_decoder_hw
                0x0000000008002e84       0xcc obj/Release/src/decoder/decoder_hw.o
                0x0000000008002e84                init_decoder_hw
 .text.decoder_get_timestamp
                0x0000000008002f50        0xc obj/Release/src/decoder/decoder_hw.o
                0x0000000008002f50                decoder_get_timestamp
 .text.decoder_set_timer_continuous_mode_on
                0x0000000008002f5c       0x1c obj/Release/src/decoder/decoder_hw.o
                0x0000000008002f5c                decoder_set_timer_continuous_mode_on
 .text.decoder_set_timer_continuous_mode_off
                0x0000000008002f78       0x1c obj/Release/src/decoder/decoder_hw.o
                0x0000000008002f78                decoder_set_timer_continuous_mode_off
 .text.decoder_start_timer
                0x0000000008002f94       0x5c obj/Release/src/decoder/decoder_hw.o
                0x0000000008002f94                decoder_start_timer
 .text.decoder_request_timer_reset
                0x0000000008002ff0       0x10 obj/Release/src/decoder/decoder_hw.o
                0x0000000008002ff0                decoder_request_timer_reset
 .text.disable_decoder_hw
                0x0000000008003000       0x3c obj/Release/src/decoder/decoder_hw.o
                0x0000000008003000                disable_decoder_hw
 .text.EXTI0_IRQHandler
                0x000000000800303c       0x68 obj/Release/src/decoder/decoder_hw.o
                0x000000000800303c                EXTI0_IRQHandler
 .text.TIM1_BRK_TIM9_IRQHandler
                0x00000000080030a4       0x74 obj/Release/src/decoder/decoder_hw.o
                0x00000000080030a4                TIM1_BRK_TIM9_IRQHandler
 .text.EXTI1_IRQHandler
                0x0000000008003118       0x1c obj/Release/src/decoder/decoder_hw.o
                0x0000000008003118                EXTI1_IRQHandler
 .text.reset_timeout_counter
                0x0000000008003134       0x14 obj/Release/src/decoder/decoder_logic.o
                0x0000000008003134                reset_timeout_counter
 .text.reset_timing_output
                0x0000000008003148       0x2c obj/Release/src/decoder/decoder_logic.o
                0x0000000008003148                reset_timing_output
 .text.reset_position_data
                0x0000000008003174       0x34 obj/Release/src/decoder/decoder_logic.o
                0x0000000008003174                reset_position_data
 .text.reset_internal_data
                0x00000000080031a8       0x1c obj/Release/src/decoder/decoder_logic.o
                0x00000000080031a8                reset_internal_data
 .text.decoder_set_state
                0x00000000080031c4       0x24 obj/Release/src/decoder/decoder_logic.o
                0x00000000080031c4                decoder_set_state
 .text.check_sync_ratio
                0x00000000080031e8       0x74 obj/Release/src/decoder/decoder_logic.o
                0x00000000080031e8                check_sync_ratio
 .text.check_sync_ratio_async
                0x000000000800325c       0x5c obj/Release/src/decoder/decoder_logic.o
                0x000000000800325c                check_sync_ratio_async
 .text.update_timing_data
                0x00000000080032b8       0xe0 obj/Release/src/decoder/decoder_logic.o
                0x00000000080032b8                update_timing_data
 .text.init_decoder_logic
                0x0000000008003398       0x24 obj/Release/src/decoder/decoder_logic.o
                0x0000000008003398                init_decoder_logic
 .text.disable_decoder_logic
                0x00000000080033bc       0x18 obj/Release/src/decoder/decoder_logic.o
                0x00000000080033bc                disable_decoder_logic
 .text.decoder_crank_handler
                0x00000000080033d4      0x138 obj/Release/src/decoder/decoder_logic.o
                0x00000000080033d4                decoder_crank_handler
 .text.decoder_crank_noisefilter_handler
                0x000000000800350c        0x4 obj/Release/src/decoder/decoder_logic.o
                0x000000000800350c                decoder_crank_noisefilter_handler
 .text.decoder_crank_timeout_handler
                0x0000000008003510       0x3c obj/Release/src/decoder/decoder_logic.o
                0x0000000008003510                decoder_crank_timeout_handler
 .text.init_Decoder
                0x000000000800354c       0x68 obj/Release/src/decoder/Tuareg_decoder.o
                0x000000000800354c                init_Decoder
 .text.disable_Decoder
                0x00000000080035b4       0x28 obj/Release/src/decoder/Tuareg_decoder.o
                0x00000000080035b4                disable_Decoder
 .text.decoder_get_position_data_age_us
                0x00000000080035dc       0x28 obj/Release/src/decoder/Tuareg_decoder.o
                0x00000000080035dc                decoder_get_position_data_age_us
 .text.copy_diag_data
                0x0000000008003604       0x48 obj/Release/src/diagnostics/diagnostics.o
                0x0000000008003604                copy_diag_data
 .text.get_diag_data
                0x000000000800364c       0x24 obj/Release/src/diagnostics/diagnostics.o
                0x000000000800364c                get_diag_data
 .text.release_diag_shadow
                0x0000000008003670        0xc obj/Release/src/diagnostics/diagnostics.o
                0x0000000008003670                release_diag_shadow
 .text.load_Fault_Log
                0x000000000800367c       0x1c obj/Release/src/diagnostics/fault_log.o
                0x000000000800367c                load_Fault_Log
 .text.load_void_Fault_Log
                0x0000000008003698       0x18 obj/Release/src/diagnostics/fault_log.o
                0x0000000008003698                load_void_Fault_Log
 .text.init_Fault_Log
                0x00000000080036b0       0x4c obj/Release/src/diagnostics/fault_log.o
                0x00000000080036b0                init_Fault_Log
 .text.store_Fault_Log
                0x00000000080036fc       0x10 obj/Release/src/diagnostics/fault_log.o
                0x00000000080036fc                store_Fault_Log
 .text.log_Fault
                0x000000000800370c       0x68 obj/Release/src/diagnostics/fault_log.o
                0x000000000800370c                log_Fault
 .text.show_Fault_Log
                0x0000000008003774       0x74 obj/Release/src/diagnostics/fault_log.o
                0x0000000008003774                show_Fault_Log
 .text.clear_Fault_Log
                0x00000000080037e8       0x18 obj/Release/src/diagnostics/fault_log.o
                0x00000000080037e8                clear_Fault_Log
 .text.Erase_Fault_Log
                0x0000000008003800       0x3c obj/Release/src/diagnostics/fault_log.o
                0x0000000008003800                Erase_Fault_Log
 .text.send_Fault_Log
                0x000000000800383c        0xc obj/Release/src/diagnostics/fault_log.o
                0x000000000800383c                send_Fault_Log
 .text.clear_highspeedlog
                0x0000000008003848       0x14 obj/Release/src/diagnostics/highspeed_loggers.o
                0x0000000008003848                clear_highspeedlog
 .text.highspeedlog_init
                0x000000000800385c       0x14 obj/Release/src/diagnostics/highspeed_loggers.o
                0x000000000800385c                highspeedlog_init
 .text.highspeedlog_register_error
                0x0000000008003870        0x2 obj/Release/src/diagnostics/highspeed_loggers.o
                0x0000000008003870                highspeedlog_register_error
 *fill*         0x0000000008003872        0x2 
 .text.highspeedlog_write
                0x0000000008003874       0xb8 obj/Release/src/diagnostics/highspeed_loggers.o
                0x0000000008003874                highspeedlog_write
 .text.highspeedlog_register_crankpos
                0x000000000800392c        0x6 obj/Release/src/diagnostics/highspeed_loggers.o
                0x000000000800392c                highspeedlog_register_crankpos
 *fill*         0x0000000008003932        0x2 
 .text.highspeedlog_register_cis_lobe_begin
                0x0000000008003934       0x10 obj/Release/src/diagnostics/highspeed_loggers.o
                0x0000000008003934                highspeedlog_register_cis_lobe_begin
 .text.highspeedlog_register_cis_lobe_end
                0x0000000008003944       0x10 obj/Release/src/diagnostics/highspeed_loggers.o
                0x0000000008003944                highspeedlog_register_cis_lobe_end
 .text.highspeedlog_register_coil1_power
                0x0000000008003954        0x6 obj/Release/src/diagnostics/highspeed_loggers.o
                0x0000000008003954                highspeedlog_register_coil1_power
 .text.highspeedlog_register_coil1_unpower
                0x000000000800395a        0x6 obj/Release/src/diagnostics/highspeed_loggers.o
                0x000000000800395a                highspeedlog_register_coil1_unpower
 .text.highspeedlog_register_coil2_power
                0x0000000008003960        0x6 obj/Release/src/diagnostics/highspeed_loggers.o
                0x0000000008003960                highspeedlog_register_coil2_power
 .text.highspeedlog_register_coil2_unpower
                0x0000000008003966        0x6 obj/Release/src/diagnostics/highspeed_loggers.o
                0x0000000008003966                highspeedlog_register_coil2_unpower
 .text.highspeedlog_register_injector1_power
                0x000000000800396c        0x6 obj/Release/src/diagnostics/highspeed_loggers.o
                0x000000000800396c                highspeedlog_register_injector1_power
 .text.highspeedlog_register_injector1_unpower
                0x0000000008003972        0x6 obj/Release/src/diagnostics/highspeed_loggers.o
                0x0000000008003972                highspeedlog_register_injector1_unpower
 .text.highspeedlog_register_injector2_power
                0x0000000008003978        0x6 obj/Release/src/diagnostics/highspeed_loggers.o
                0x0000000008003978                highspeedlog_register_injector2_power
 .text.highspeedlog_register_injector2_unpower
                0x000000000800397e        0x6 obj/Release/src/diagnostics/highspeed_loggers.o
                0x000000000800397e                highspeedlog_register_injector2_unpower
 .text.send_highspeedlog
                0x0000000008003984       0xc4 obj/Release/src/diagnostics/highspeed_loggers.o
                0x0000000008003984                send_highspeedlog
 .text.show_highspeedlog
                0x0000000008003a48      0x150 obj/Release/src/diagnostics/highspeed_loggers.o
                0x0000000008003a48                show_highspeedlog
 .text.clear_syslog
                0x0000000008003b98       0x38 obj/Release/src/diagnostics/syslog.o
                0x0000000008003b98                clear_syslog
 .text.Syslog_init
                0x0000000008003bd0       0x10 obj/Release/src/diagnostics/syslog.o
                0x0000000008003bd0                Syslog_init
 .text.Syslog_Error
                0x0000000008003be0       0x48 obj/Release/src/diagnostics/syslog.o
                0x0000000008003be0                Syslog_Error
 .text.Syslog_Warning
                0x0000000008003c28       0x6c obj/Release/src/diagnostics/syslog.o
                0x0000000008003c28                Syslog_Warning
 .text.Syslog_Info
                0x0000000008003c94       0x68 obj/Release/src/diagnostics/syslog.o
                0x0000000008003c94                Syslog_Info
 .text.show_syslog
                0x0000000008003cfc      0x11c obj/Release/src/diagnostics/syslog.o
                0x0000000008003cfc                show_syslog
 .text.send_syslog
                0x0000000008003e18       0x20 obj/Release/src/diagnostics/syslog.o
                0x0000000008003e18                send_syslog
 .text.update_load_transient_comp
                0x0000000008003e38       0x16 obj/Release/src/fueling/accel_comp.o
                0x0000000008003e38                update_load_transient_comp
 .text.disable_legacy_AE
                0x0000000008003e4e       0x46 obj/Release/src/fueling/accel_comp.o
                0x0000000008003e4e                disable_legacy_AE
 .text.update_legacy_AE
                0x0000000008003e94      0x328 obj/Release/src/fueling/accel_comp.o
                0x0000000008003e94                update_legacy_AE
 .text.load_Fueling_Setup
                0x00000000080041bc       0x10 obj/Release/src/fueling/fueling_config.o
                0x00000000080041bc                load_Fueling_Setup
 .text.store_Fueling_Setup
                0x00000000080041cc       0x10 obj/Release/src/fueling/fueling_config.o
                0x00000000080041cc                store_Fueling_Setup
 .text.show_Fueling_Setup
                0x00000000080041dc      0x350 obj/Release/src/fueling/fueling_config.o
                0x00000000080041dc                show_Fueling_Setup
 .text.modify_Fueling_Setup
                0x000000000800452c       0x18 obj/Release/src/fueling/fueling_config.o
                0x000000000800452c                modify_Fueling_Setup
 .text.send_Fueling_Setup
                0x0000000008004544        0xc obj/Release/src/fueling/fueling_config.o
                0x0000000008004544                send_Fueling_Setup
 .text.load_VeTable_TPS
                0x0000000008004550       0x10 obj/Release/src/fueling/fueling_config.o
                0x0000000008004550                load_VeTable_TPS
 .text.store_VeTable_TPS
                0x0000000008004560       0x10 obj/Release/src/fueling/fueling_config.o
                0x0000000008004560                store_VeTable_TPS
 .text.show_VeTable_TPS
                0x0000000008004570       0x20 obj/Release/src/fueling/fueling_config.o
                0x0000000008004570                show_VeTable_TPS
 .text.modify_VeTable_TPS
                0x0000000008004590       0x10 obj/Release/src/fueling/fueling_config.o
                0x0000000008004590                modify_VeTable_TPS
 .text.send_VeTable_TPS
                0x00000000080045a0        0xc obj/Release/src/fueling/fueling_config.o
                0x00000000080045a0                send_VeTable_TPS
 .text.getValue_VeTable_TPS
                0x00000000080045ac       0x20 obj/Release/src/fueling/fueling_config.o
                0x00000000080045ac                getValue_VeTable_TPS
 .text.load_VeTable_MAP
                0x00000000080045cc       0x10 obj/Release/src/fueling/fueling_config.o
                0x00000000080045cc                load_VeTable_MAP
 .text.store_VeTable_MAP
                0x00000000080045dc       0x10 obj/Release/src/fueling/fueling_config.o
                0x00000000080045dc                store_VeTable_MAP
 .text.show_VeTable_MAP
                0x00000000080045ec       0x20 obj/Release/src/fueling/fueling_config.o
                0x00000000080045ec                show_VeTable_MAP
 .text.modify_VeTable_MAP
                0x000000000800460c       0x10 obj/Release/src/fueling/fueling_config.o
                0x000000000800460c                modify_VeTable_MAP
 .text.send_VeTable_MAP
                0x000000000800461c        0xc obj/Release/src/fueling/fueling_config.o
                0x000000000800461c                send_VeTable_MAP
 .text.getValue_VeTable_MAP
                0x0000000008004628       0x20 obj/Release/src/fueling/fueling_config.o
                0x0000000008004628                getValue_VeTable_MAP
 .text.load_AfrTable_MAP
                0x0000000008004648       0x10 obj/Release/src/fueling/fueling_config.o
                0x0000000008004648                load_AfrTable_MAP
 .text.store_AfrTable_MAP
                0x0000000008004658       0x10 obj/Release/src/fueling/fueling_config.o
                0x0000000008004658                store_AfrTable_MAP
 .text.show_AfrTable_MAP
                0x0000000008004668       0x20 obj/Release/src/fueling/fueling_config.o
                0x0000000008004668                show_AfrTable_MAP
 .text.modify_AfrTable_MAP
                0x0000000008004688       0x10 obj/Release/src/fueling/fueling_config.o
                0x0000000008004688                modify_AfrTable_MAP
 .text.send_AfrTable_MAP
                0x0000000008004698        0xc obj/Release/src/fueling/fueling_config.o
                0x0000000008004698                send_AfrTable_MAP
 .text.getValue_AfrTable_MAP
                0x00000000080046a4       0x20 obj/Release/src/fueling/fueling_config.o
                0x00000000080046a4                getValue_AfrTable_MAP
 .text.load_AfrTable_TPS
                0x00000000080046c4       0x10 obj/Release/src/fueling/fueling_config.o
                0x00000000080046c4                load_AfrTable_TPS
 .text.store_AfrTable_TPS
                0x00000000080046d4       0x10 obj/Release/src/fueling/fueling_config.o
                0x00000000080046d4                store_AfrTable_TPS
 .text.show_AfrTable_TPS
                0x00000000080046e4       0x20 obj/Release/src/fueling/fueling_config.o
                0x00000000080046e4                show_AfrTable_TPS
 .text.modify_AfrTable_TPS
                0x0000000008004704       0x10 obj/Release/src/fueling/fueling_config.o
                0x0000000008004704                modify_AfrTable_TPS
 .text.send_AfrTable_TPS
                0x0000000008004714        0xc obj/Release/src/fueling/fueling_config.o
                0x0000000008004714                send_AfrTable_TPS
 .text.getValue_AfrTable_TPS
                0x0000000008004720       0x20 obj/Release/src/fueling/fueling_config.o
                0x0000000008004720                getValue_AfrTable_TPS
 .text.load_AccelCompTableTPS
                0x0000000008004740       0x10 obj/Release/src/fueling/fueling_config.o
                0x0000000008004740                load_AccelCompTableTPS
 .text.store_AccelCompTableTPS
                0x0000000008004750       0x10 obj/Release/src/fueling/fueling_config.o
                0x0000000008004750                store_AccelCompTableTPS
 .text.show_AccelCompTableTPS
                0x0000000008004760       0x20 obj/Release/src/fueling/fueling_config.o
                0x0000000008004760                show_AccelCompTableTPS
 .text.modify_AccelCompTableTPS
                0x0000000008004780       0x10 obj/Release/src/fueling/fueling_config.o
                0x0000000008004780                modify_AccelCompTableTPS
 .text.send_AccelCompTableTPS
                0x0000000008004790        0xc obj/Release/src/fueling/fueling_config.o
                0x0000000008004790                send_AccelCompTableTPS
 .text.getValue_AccelCompTableTPS
                0x000000000800479c       0x14 obj/Release/src/fueling/fueling_config.o
                0x000000000800479c                getValue_AccelCompTableTPS
 .text.load_AccelCompTableMAP
                0x00000000080047b0       0x10 obj/Release/src/fueling/fueling_config.o
                0x00000000080047b0                load_AccelCompTableMAP
 .text.store_AccelCompTableMAP
                0x00000000080047c0       0x10 obj/Release/src/fueling/fueling_config.o
                0x00000000080047c0                store_AccelCompTableMAP
 .text.show_AccelCompTableMAP
                0x00000000080047d0       0x20 obj/Release/src/fueling/fueling_config.o
                0x00000000080047d0                show_AccelCompTableMAP
 .text.modify_AccelCompTableMAP
                0x00000000080047f0       0x10 obj/Release/src/fueling/fueling_config.o
                0x00000000080047f0                modify_AccelCompTableMAP
 .text.send_AccelCompTableMAP
                0x0000000008004800        0xc obj/Release/src/fueling/fueling_config.o
                0x0000000008004800                send_AccelCompTableMAP
 .text.getValue_AccelCompTableMAP
                0x000000000800480c       0x14 obj/Release/src/fueling/fueling_config.o
                0x000000000800480c                getValue_AccelCompTableMAP
 .text.load_WarmUpCompTable
                0x0000000008004820       0x10 obj/Release/src/fueling/fueling_config.o
                0x0000000008004820                load_WarmUpCompTable
 .text.store_WarmUpCompTable
                0x0000000008004830       0x10 obj/Release/src/fueling/fueling_config.o
                0x0000000008004830                store_WarmUpCompTable
 .text.show_WarmUpCompTable
                0x0000000008004840       0x20 obj/Release/src/fueling/fueling_config.o
                0x0000000008004840                show_WarmUpCompTable
 .text.modify_WarmUpCompTable
                0x0000000008004860       0x10 obj/Release/src/fueling/fueling_config.o
                0x0000000008004860                modify_WarmUpCompTable
 .text.send_WarmUpCompTable
                0x0000000008004870        0xc obj/Release/src/fueling/fueling_config.o
                0x0000000008004870                send_WarmUpCompTable
 .text.getValue_WarmUpCompTable
                0x000000000800487c       0x20 obj/Release/src/fueling/fueling_config.o
                0x000000000800487c                getValue_WarmUpCompTable
 .text.load_InjectorTimingTable
                0x000000000800489c       0x10 obj/Release/src/fueling/fueling_config.o
                0x000000000800489c                load_InjectorTimingTable
 .text.store_InjectorTimingTable
                0x00000000080048ac       0x10 obj/Release/src/fueling/fueling_config.o
                0x00000000080048ac                store_InjectorTimingTable
 .text.show_InjectorTimingTable
                0x00000000080048bc       0x20 obj/Release/src/fueling/fueling_config.o
                0x00000000080048bc                show_InjectorTimingTable
 .text.modify_InjectorTimingTable
                0x00000000080048dc       0x10 obj/Release/src/fueling/fueling_config.o
                0x00000000080048dc                modify_InjectorTimingTable
 .text.send_InjectorTimingTable
                0x00000000080048ec        0xc obj/Release/src/fueling/fueling_config.o
                0x00000000080048ec                send_InjectorTimingTable
 .text.getValue_InjectorTimingTable
                0x00000000080048f8       0x20 obj/Release/src/fueling/fueling_config.o
                0x00000000080048f8                getValue_InjectorTimingTable
 .text.load_CrankingFuelTable
                0x0000000008004918       0x10 obj/Release/src/fueling/fueling_config.o
                0x0000000008004918                load_CrankingFuelTable
 .text.store_CrankingFuelTable
                0x0000000008004928       0x10 obj/Release/src/fueling/fueling_config.o
                0x0000000008004928                store_CrankingFuelTable
 .text.show_CrankingFuelTable
                0x0000000008004938       0x20 obj/Release/src/fueling/fueling_config.o
                0x0000000008004938                show_CrankingFuelTable
 .text.modify_CrankingFuelTable
                0x0000000008004958       0x10 obj/Release/src/fueling/fueling_config.o
                0x0000000008004958                modify_CrankingFuelTable
 .text.send_CrankingFuelTable
                0x0000000008004968        0xc obj/Release/src/fueling/fueling_config.o
                0x0000000008004968                send_CrankingFuelTable
 .text.getValue_CrankingFuelTable
                0x0000000008004974       0x14 obj/Release/src/fueling/fueling_config.o
                0x0000000008004974                getValue_CrankingFuelTable
 .text.load_InjectorPhaseTable
                0x0000000008004988       0x10 obj/Release/src/fueling/fueling_config.o
                0x0000000008004988                load_InjectorPhaseTable
 .text.store_InjectorPhaseTable
                0x0000000008004998       0x10 obj/Release/src/fueling/fueling_config.o
                0x0000000008004998                store_InjectorPhaseTable
 .text.show_InjectorPhaseTable
                0x00000000080049a8       0x20 obj/Release/src/fueling/fueling_config.o
                0x00000000080049a8                show_InjectorPhaseTable
 .text.modify_InjectorPhaseTable
                0x00000000080049c8       0x10 obj/Release/src/fueling/fueling_config.o
                0x00000000080049c8                modify_InjectorPhaseTable
 .text.send_InjectorPhaseTable
                0x00000000080049d8        0xc obj/Release/src/fueling/fueling_config.o
                0x00000000080049d8                send_InjectorPhaseTable
 .text.getValue_InjectorPhaseTable
                0x00000000080049e4        0xc obj/Release/src/fueling/fueling_config.o
                0x00000000080049e4                getValue_InjectorPhaseTable
 .text.load_BAROtable
                0x00000000080049f0       0x10 obj/Release/src/fueling/fueling_config.o
                0x00000000080049f0                load_BAROtable
 .text.store_BAROtable
                0x0000000008004a00       0x10 obj/Release/src/fueling/fueling_config.o
                0x0000000008004a00                store_BAROtable
 .text.show_BAROtable
                0x0000000008004a10       0x20 obj/Release/src/fueling/fueling_config.o
                0x0000000008004a10                show_BAROtable
 .text.modify_BAROtable
                0x0000000008004a30       0x10 obj/Release/src/fueling/fueling_config.o
                0x0000000008004a30                modify_BAROtable
 .text.send_BAROtable
                0x0000000008004a40        0xc obj/Release/src/fueling/fueling_config.o
                0x0000000008004a40                send_BAROtable
 .text.getValue_BAROtable
                0x0000000008004a4c       0x38 obj/Release/src/fueling/fueling_config.o
                0x0000000008004a4c                getValue_BAROtable
 .text.load_ChargeTempTable
                0x0000000008004a84       0x10 obj/Release/src/fueling/fueling_config.o
                0x0000000008004a84                load_ChargeTempTable
 .text.load_Fueling_Config
                0x0000000008004a94       0xd8 obj/Release/src/fueling/fueling_config.o
                0x0000000008004a94                load_Fueling_Config
 .text.store_ChargeTempTable
                0x0000000008004b6c       0x10 obj/Release/src/fueling/fueling_config.o
                0x0000000008004b6c                store_ChargeTempTable
 .text.show_ChargeTempTable
                0x0000000008004b7c       0x20 obj/Release/src/fueling/fueling_config.o
                0x0000000008004b7c                show_ChargeTempTable
 .text.modify_ChargeTempTable
                0x0000000008004b9c       0x10 obj/Release/src/fueling/fueling_config.o
                0x0000000008004b9c                modify_ChargeTempTable
 .text.send_ChargeTempTable
                0x0000000008004bac        0xc obj/Release/src/fueling/fueling_config.o
                0x0000000008004bac                send_ChargeTempTable
 .text.getValue_ChargeTempTable
                0x0000000008004bb8       0x2c obj/Release/src/fueling/fueling_config.o
                0x0000000008004bb8                getValue_ChargeTempTable
 .text.update_fuel_mass_afterstart_correction
                0x0000000008004be4       0xa0 obj/Release/src/fueling/fueling_corrections.o
                0x0000000008004be4                update_fuel_mass_afterstart_correction
 .text.update_fuel_mass_warmup_correction
                0x0000000008004c84       0x5c obj/Release/src/fueling/fueling_corrections.o
                0x0000000008004c84                update_fuel_mass_warmup_correction
 .text.update_fuel_mass_barometric_correction
                0x0000000008004ce0       0x98 obj/Release/src/fueling/fueling_corrections.o
                0x0000000008004ce0                update_fuel_mass_barometric_correction
 .text.update_fuel_mass_corrections
                0x0000000008004d78       0x1c obj/Release/src/fueling/fueling_corrections.o
                0x0000000008004d78                update_fuel_mass_corrections
 .text.fueling_diag_log_event
                0x0000000008004d94       0x28 obj/Release/src/fueling/fueling_diag.o
                0x0000000008004d94                fueling_diag_log_event
 .text.print_fueling_diag
                0x0000000008004dbc       0x68 obj/Release/src/fueling/fueling_diag.o
                0x0000000008004dbc                print_fueling_diag
 .text.set_injector1_powered
                0x0000000008004e24       0x28 obj/Release/src/fueling/fueling_hw.o
                0x0000000008004e24                set_injector1_powered
 .text.set_injector1_unpowered
                0x0000000008004e4c       0x28 obj/Release/src/fueling/fueling_hw.o
                0x0000000008004e4c                set_injector1_unpowered
 .text.set_injector2_powered
                0x0000000008004e74       0x28 obj/Release/src/fueling/fueling_hw.o
                0x0000000008004e74                set_injector2_powered
 .text.set_injector2_unpowered
                0x0000000008004e9c       0x28 obj/Release/src/fueling/fueling_hw.o
                0x0000000008004e9c                set_injector2_unpowered
 .text.set_fuel_pump_powered
                0x0000000008004ec4       0x28 obj/Release/src/fueling/fueling_hw.o
                0x0000000008004ec4                set_fuel_pump_powered
 .text.set_fuel_pump_unpowered
                0x0000000008004eec       0x20 obj/Release/src/fueling/fueling_hw.o
                0x0000000008004eec                set_fuel_pump_unpowered
 .text.set_injector1
                0x0000000008004f0c       0x30 obj/Release/src/fueling/fueling_hw.o
                0x0000000008004f0c                set_injector1
 .text.set_injector2
                0x0000000008004f3c       0x30 obj/Release/src/fueling/fueling_hw.o
                0x0000000008004f3c                set_injector2
 .text.set_fuel_pump
                0x0000000008004f6c        0xc obj/Release/src/fueling/fueling_hw.o
                0x0000000008004f6c                set_fuel_pump
 .text.init_fueling_hw
                0x0000000008004f78       0x5c obj/Release/src/fueling/fueling_hw.o
                0x0000000008004f78                init_fueling_hw
 .text.update_injector_deadtime
                0x0000000008004fd4       0x50 obj/Release/src/fueling/injector_parameters.o
                0x0000000008004fd4                update_injector_deadtime
 .text.update_injector_intervals_sequential
                0x0000000008005024       0xf8 obj/Release/src/fueling/injector_parameters.o
                0x0000000008005024                update_injector_intervals_sequential
 .text.update_injector_intervals_batch
                0x000000000800511c       0xf4 obj/Release/src/fueling/injector_parameters.o
                0x000000000800511c                update_injector_intervals_batch
 .text.update_injection_begin_batch
                0x0000000008005210       0x34 obj/Release/src/fueling/injector_parameters.o
                0x0000000008005210                update_injection_begin_batch
 .text.update_injection_begin_sequential
                0x0000000008005244       0xf0 obj/Release/src/fueling/injector_parameters.o
                0x0000000008005244                update_injection_begin_sequential
 .text.init_Fueling
                0x0000000008005334       0x54 obj/Release/src/fueling/Tuareg_fueling.o
                0x0000000008005334                init_Fueling
 .text.Tuareg_fueling_update_crankpos_handler
                0x0000000008005388      0x198 obj/Release/src/fueling/Tuareg_fueling.o
                0x0000000008005388                Tuareg_fueling_update_crankpos_handler
 .text.invalid_fueling_controls
                0x0000000008005520       0x48 obj/Release/src/fueling/Tuareg_fueling_controls.o
                0x0000000008005520                invalid_fueling_controls
 .text.update_air_flow
                0x0000000008005568       0xb0 obj/Release/src/fueling/Tuareg_fueling_controls.o
                0x0000000008005568                update_air_flow
 .text.update_AFR_target
                0x0000000008005618       0x78 obj/Release/src/fueling/Tuareg_fueling_controls.o
                0x0000000008005618                update_AFR_target
 .text.update_fuel_mass_cranking
                0x0000000008005690       0x74 obj/Release/src/fueling/Tuareg_fueling_controls.o
                0x0000000008005690                update_fuel_mass_cranking
 .text.update_base_fuel_mass
                0x0000000008005704       0x48 obj/Release/src/fueling/Tuareg_fueling_controls.o
                0x0000000008005704                update_base_fuel_mass
 .text.update_target_fuel_mass
                0x000000000800574c      0x120 obj/Release/src/fueling/Tuareg_fueling_controls.o
                0x000000000800574c                update_target_fuel_mass
 .text.Tuareg_update_fueling_controls
                0x000000000800586c      0x22c obj/Release/src/fueling/Tuareg_fueling_controls.o
                0x000000000800586c                Tuareg_update_fueling_controls
 .text.load_Ignition_Config
                0x0000000008005a98       0x6c obj/Release/src/ignition/ignition_config.o
                0x0000000008005a98                load_Ignition_Config
 .text.store_Ignition_Setup
                0x0000000008005b04       0x10 obj/Release/src/ignition/ignition_config.o
                0x0000000008005b04                store_Ignition_Setup
 .text.show_Ignition_Setup
                0x0000000008005b14      0x17c obj/Release/src/ignition/ignition_config.o
                0x0000000008005b14                show_Ignition_Setup
 .text.modify_Ignition_Setup
                0x0000000008005c90       0x18 obj/Release/src/ignition/ignition_config.o
                0x0000000008005c90                modify_Ignition_Setup
 .text.send_Ignition_Setup
                0x0000000008005ca8        0xc obj/Release/src/ignition/ignition_config.o
                0x0000000008005ca8                send_Ignition_Setup
 .text.store_ignAdvTable_TPS
                0x0000000008005cb4       0x10 obj/Release/src/ignition/ignition_config.o
                0x0000000008005cb4                store_ignAdvTable_TPS
 .text.show_ignAdvTable_TPS
                0x0000000008005cc4       0x20 obj/Release/src/ignition/ignition_config.o
                0x0000000008005cc4                show_ignAdvTable_TPS
 .text.modify_ignAdvTable_TPS
                0x0000000008005ce4       0x10 obj/Release/src/ignition/ignition_config.o
                0x0000000008005ce4                modify_ignAdvTable_TPS
 .text.send_ignAdvTable_TPS
                0x0000000008005cf4        0xc obj/Release/src/ignition/ignition_config.o
                0x0000000008005cf4                send_ignAdvTable_TPS
 .text.getValue_ignAdvTable_TPS
                0x0000000008005d00       0x20 obj/Release/src/ignition/ignition_config.o
                0x0000000008005d00                getValue_ignAdvTable_TPS
 .text.store_ignDwellTable
                0x0000000008005d20       0x10 obj/Release/src/ignition/ignition_config.o
                0x0000000008005d20                store_ignDwellTable
 .text.show_ignDwellTable
                0x0000000008005d30       0x20 obj/Release/src/ignition/ignition_config.o
                0x0000000008005d30                show_ignDwellTable
 .text.modify_ignDwellTable
                0x0000000008005d50       0x10 obj/Release/src/ignition/ignition_config.o
                0x0000000008005d50                modify_ignDwellTable
 .text.send_ignDwellTable
                0x0000000008005d60        0xc obj/Release/src/ignition/ignition_config.o
                0x0000000008005d60                send_ignDwellTable
 .text.getValue_ignDwellTable
                0x0000000008005d6c       0x18 obj/Release/src/ignition/ignition_config.o
                0x0000000008005d6c                getValue_ignDwellTable
 .text.ignition_diag_log_event
                0x0000000008005d84       0x28 obj/Release/src/ignition/ignition_diag.o
                0x0000000008005d84                ignition_diag_log_event
 .text.print_ignition_diag
                0x0000000008005dac       0x68 obj/Release/src/ignition/ignition_diag.o
                0x0000000008005dac                print_ignition_diag
 .text.set_coil1_powered
                0x0000000008005e14       0x28 obj/Release/src/ignition/ignition_hw.o
                0x0000000008005e14                set_coil1_powered
 .text.set_coil1_unpowered
                0x0000000008005e3c       0x20 obj/Release/src/ignition/ignition_hw.o
                0x0000000008005e3c                set_coil1_unpowered
 .text.set_coil2_powered
                0x0000000008005e5c       0x28 obj/Release/src/ignition/ignition_hw.o
                0x0000000008005e5c                set_coil2_powered
 .text.set_coil2_unpowered
                0x0000000008005e84       0x20 obj/Release/src/ignition/ignition_hw.o
                0x0000000008005e84                set_coil2_unpowered
 .text.set_ignition_ch1
                0x0000000008005ea4       0x30 obj/Release/src/ignition/ignition_hw.o
                0x0000000008005ea4                set_ignition_ch1
 .text.set_ignition_ch2
                0x0000000008005ed4       0x30 obj/Release/src/ignition/ignition_hw.o
                0x0000000008005ed4                set_ignition_ch2
 .text.init_ignition_hw
                0x0000000008005f04       0x3c obj/Release/src/ignition/ignition_hw.o
                0x0000000008005f04                init_ignition_hw
 .text.init_Ignition
                0x0000000008005f40       0x58 obj/Release/src/ignition/Tuareg_ignition.o
                0x0000000008005f40                init_Ignition
 .text.Tuareg_ignition_update_crankpos_handler
                0x0000000008005f98      0x154 obj/Release/src/ignition/Tuareg_ignition.o
                0x0000000008005f98                Tuareg_ignition_update_crankpos_handler
 .text.default_ignition_controls
                0x00000000080060ec       0x24 obj/Release/src/ignition/Tuareg_ignition_controls.o
                0x00000000080060ec                default_ignition_controls
 .text.revlimiter_ignition_controls
                0x0000000008006110       0x1c obj/Release/src/ignition/Tuareg_ignition_controls.o
                0x0000000008006110                revlimiter_ignition_controls
 .text.cranking_ignition_controls
                0x000000000800612c       0x38 obj/Release/src/ignition/Tuareg_ignition_controls.o
                0x000000000800612c                cranking_ignition_controls
 .text.dynamic_ignition_controls
                0x0000000008006164      0x188 obj/Release/src/ignition/Tuareg_ignition_controls.o
                0x0000000008006164                dynamic_ignition_controls
 .text.Tuareg_update_ignition_controls
                0x00000000080062ec       0xa8 obj/Release/src/ignition/Tuareg_ignition_controls.o
                0x00000000080062ec                Tuareg_update_ignition_controls
 .text.startup.main
                0x0000000008006394       0x78 obj/Release/src/main/main.o
                0x0000000008006394                main
 .text.EXTI2_IRQHandler
                0x000000000800640c       0x5c obj/Release/src/main/main.o
                0x000000000800640c                EXTI2_IRQHandler
 .text.Tuareg_load_config
                0x0000000008006468       0x4c obj/Release/src/main/Tuareg.o
                0x0000000008006468                Tuareg_load_config
 .text.Tuareg_Init
                0x00000000080064b4       0xc0 obj/Release/src/main/Tuareg.o
                0x00000000080064b4                Tuareg_Init
 .text.Tuareg_update_run_inhibit
                0x0000000008006574      0x140 obj/Release/src/main/Tuareg.o
                0x0000000008006574                Tuareg_update_run_inhibit
 .text.Tuareg_update_limited_op
                0x00000000080066b4       0x38 obj/Release/src/main/Tuareg.o
                0x00000000080066b4                Tuareg_update_limited_op
 .text.Tuareg_update_rev_limiter
                0x00000000080066ec       0x60 obj/Release/src/main/Tuareg.o
                0x00000000080066ec                Tuareg_update_rev_limiter
 .text.Tuareg_update_standby
                0x000000000800674c       0xcc obj/Release/src/main/Tuareg.o
                0x000000000800674c                Tuareg_update_standby
 .text.Tuareg_update_fuel_pump_control
                0x0000000008006818       0x54 obj/Release/src/main/Tuareg.o
                0x0000000008006818                Tuareg_update_fuel_pump_control
 .text.Tuareg_deactivate_vital_actors
                0x000000000800686c       0x50 obj/Release/src/main/Tuareg.o
                0x000000000800686c                Tuareg_deactivate_vital_actors
 .text.Tuareg_update
                0x00000000080068bc       0x58 obj/Release/src/main/Tuareg.o
                0x00000000080068bc                Tuareg_update
 .text.Tuareg_update_trip
                0x0000000008006914       0x30 obj/Release/src/main/Tuareg.o
                0x0000000008006914                Tuareg_update_trip
 .text.Tuareg_update_consumption_data
                0x0000000008006944       0xa0 obj/Release/src/main/Tuareg.o
                0x0000000008006944                Tuareg_update_consumption_data
 .text.store_Tuareg_Setup
                0x00000000080069e4       0x10 obj/Release/src/main/Tuareg_config.o
                0x00000000080069e4                store_Tuareg_Setup
 .text.show_Tuareg_Setup
                0x00000000080069f4      0x1e0 obj/Release/src/main/Tuareg_config.o
                0x00000000080069f4                show_Tuareg_Setup
 .text.modify_Tuareg_Setup
                0x0000000008006bd4       0x18 obj/Release/src/main/Tuareg_config.o
                0x0000000008006bd4                modify_Tuareg_Setup
 .text.send_Tuareg_Setup
                0x0000000008006bec        0xc obj/Release/src/main/Tuareg_config.o
                0x0000000008006bec                send_Tuareg_Setup
 .text.load_TachTable
                0x0000000008006bf8       0x10 obj/Release/src/main/Tuareg_config.o
                0x0000000008006bf8                load_TachTable
 .text.load_Tuareg_Config
                0x0000000008006c08       0x38 obj/Release/src/main/Tuareg_config.o
                0x0000000008006c08                load_Tuareg_Config
 .text.store_TachTable
                0x0000000008006c40       0x10 obj/Release/src/main/Tuareg_config.o
                0x0000000008006c40                store_TachTable
 .text.show_TachTable
                0x0000000008006c50       0x20 obj/Release/src/main/Tuareg_config.o
                0x0000000008006c50                show_TachTable
 .text.modify_TachTable
                0x0000000008006c70       0x10 obj/Release/src/main/Tuareg_config.o
                0x0000000008006c70                modify_TachTable
 .text.send_TachTable
                0x0000000008006c80        0xc obj/Release/src/main/Tuareg_config.o
                0x0000000008006c80                send_TachTable
 .text.getValue_TachTable
                0x0000000008006c8c       0x18 obj/Release/src/main/Tuareg_config.o
                0x0000000008006c8c                getValue_TachTable
 .text.tuareg_diag_log_event
                0x0000000008006ca4       0x28 obj/Release/src/main/Tuareg_diag.o
                0x0000000008006ca4                tuareg_diag_log_event
 .text.print_tuareg_diag
                0x0000000008006ccc       0x68 obj/Release/src/main/Tuareg_diag.o
                0x0000000008006ccc                print_tuareg_diag
 .text.Fatal    0x0000000008006d34       0x68 obj/Release/src/main/Tuareg_errors.o
                0x0000000008006d34                Fatal
 .text.VitalAssert
                0x0000000008006d9c        0xe obj/Release/src/main/Tuareg_errors.o
                0x0000000008006d9c                VitalAssert
 *fill*         0x0000000008006daa        0x2 
 .text.Limp     0x0000000008006dac       0x44 obj/Release/src/main/Tuareg_errors.o
                0x0000000008006dac                Limp
 .text.print_Tuareg_ID_label
                0x0000000008006df0       0x30 obj/Release/src/main/Tuareg_ID.o
                0x0000000008006df0                print_Tuareg_ID_label
 .text.Tuareg_update_process_data
                0x0000000008006e20      0x168 obj/Release/src/main/Tuareg_process_data.o
                0x0000000008006e20                Tuareg_update_process_data
 .text.request_service_mode
                0x0000000008006f88       0x28 obj/Release/src/main/Tuareg_service_functions.o
                0x0000000008006f88                request_service_mode
 .text.activate_fuel_pump
                0x0000000008006fb0       0x5c obj/Release/src/main/Tuareg_service_functions.o
                0x0000000008006fb0                activate_fuel_pump
 .text.deactivate_fuel_pump
                0x000000000800700c       0x28 obj/Release/src/main/Tuareg_service_functions.o
                0x000000000800700c                deactivate_fuel_pump
 .text.fuel_pump_periodic_update
                0x0000000008007034       0x1c obj/Release/src/main/Tuareg_service_functions.o
                0x0000000008007034                fuel_pump_periodic_update
 .text.activate_injector1
                0x0000000008007050       0x6c obj/Release/src/main/Tuareg_service_functions.o
                0x0000000008007050                activate_injector1
 .text.deactivate_injector1
                0x00000000080070bc       0x2c obj/Release/src/main/Tuareg_service_functions.o
                0x00000000080070bc                deactivate_injector1
 .text.injector1_periodic_update
                0x00000000080070e8       0x54 obj/Release/src/main/Tuareg_service_functions.o
                0x00000000080070e8                injector1_periodic_update
 .text.activate_injector2
                0x000000000800713c       0x6c obj/Release/src/main/Tuareg_service_functions.o
                0x000000000800713c                activate_injector2
 .text.deactivate_injector2
                0x00000000080071a8       0x2c obj/Release/src/main/Tuareg_service_functions.o
                0x00000000080071a8                deactivate_injector2
 .text.injector2_periodic_update
                0x00000000080071d4       0x54 obj/Release/src/main/Tuareg_service_functions.o
                0x00000000080071d4                injector2_periodic_update
 .text.activate_coil1
                0x0000000008007228       0x8c obj/Release/src/main/Tuareg_service_functions.o
                0x0000000008007228                activate_coil1
 .text.deactivate_coil1
                0x00000000080072b4       0x2c obj/Release/src/main/Tuareg_service_functions.o
                0x00000000080072b4                deactivate_coil1
 .text.coil1_periodic_update
                0x00000000080072e0       0x54 obj/Release/src/main/Tuareg_service_functions.o
                0x00000000080072e0                coil1_periodic_update
 .text.activate_coil2
                0x0000000008007334       0x8c obj/Release/src/main/Tuareg_service_functions.o
                0x0000000008007334                activate_coil2
 .text.deactivate_coil2
                0x00000000080073c0       0x2c obj/Release/src/main/Tuareg_service_functions.o
                0x00000000080073c0                deactivate_coil2
 .text.coil2_periodic_update
                0x00000000080073ec       0x54 obj/Release/src/main/Tuareg_service_functions.o
                0x00000000080073ec                coil2_periodic_update
 .text.service_functions_periodic_update
                0x0000000008007440       0x40 obj/Release/src/main/Tuareg_service_functions.o
                0x0000000008007440                service_functions_periodic_update
 .text.activate_tachometer
                0x0000000008007480       0x38 obj/Release/src/main/Tuareg_service_functions.o
                0x0000000008007480                activate_tachometer
 .text.deactivate_tachometer
                0x00000000080074b8       0x14 obj/Release/src/main/Tuareg_service_functions.o
                0x00000000080074b8                deactivate_tachometer
 .text.request_service_activation
                0x00000000080074cc       0xb0 obj/Release/src/main/Tuareg_service_functions.o
                0x00000000080074cc                request_service_activation
 .text.update_process_table
                0x000000000800757c       0xc0 obj/Release/src/process_table/process_table.o
                0x000000000800757c                update_process_table
 .text.get_position_from_index
                0x000000000800763c       0x5c obj/Release/src/process_table/process_table.o
                0x000000000800763c                get_position_from_index
 .text.get_index_from_position
                0x0000000008007698       0x38 obj/Release/src/process_table/process_table.o
                0x0000000008007698                get_index_from_position
 .text.find_process_position_before
                0x00000000080076d0       0x4c obj/Release/src/process_table/process_table.o
                0x00000000080076d0                find_process_position_before
 .text.get_process_advance
                0x000000000800771c       0x34 obj/Release/src/process_table/process_table.o
                0x000000000800771c                get_process_advance
 .text.print_process_table
                0x0000000008007750       0x9c obj/Release/src/process_table/process_table.o
                0x0000000008007750                print_process_table
 .text.sensors_start_regular_group_conversion
                0x00000000080077ec        0xc obj/Release/src/sensors/analog_sensors.o
                0x00000000080077ec                sensors_start_regular_group_conversion
 .text.sensors_start_injected_group_conversion
                0x00000000080077f8        0xc obj/Release/src/sensors/analog_sensors.o
                0x00000000080077f8                sensors_start_injected_group_conversion
 .text.init_analog_sensors
                0x0000000008007804      0x2d8 obj/Release/src/sensors/analog_sensors.o
                0x0000000008007804                init_analog_sensors
 .text.update_analog_sensor
                0x0000000008007adc       0xdc obj/Release/src/sensors/analog_sensors.o
                0x0000000008007adc                update_analog_sensor
 .text.ADC_IRQHandler
                0x0000000008007bb8       0x6c obj/Release/src/sensors/analog_sensors.o
                0x0000000008007bb8                ADC_IRQHandler
 .text.DMA2_Stream0_IRQHandler
                0x0000000008007c24       0x9c obj/Release/src/sensors/analog_sensors.o
                0x0000000008007c24                DMA2_Stream0_IRQHandler
 .text.reset_dsensor_integrator
                0x0000000008007cc0       0x2c obj/Release/src/sensors/digital_sensors.o
                0x0000000008007cc0                reset_dsensor_integrator
 .text.init_digital_sensors
                0x0000000008007cec       0x88 obj/Release/src/sensors/digital_sensors.o
                0x0000000008007cec                init_digital_sensors
 .text.read_dsensors
                0x0000000008007d74       0x64 obj/Release/src/sensors/digital_sensors.o
                0x0000000008007d74                read_dsensors
 .text.update_digital_sensors
                0x0000000008007dd8       0x6c obj/Release/src/sensors/digital_sensors.o
                0x0000000008007dd8                update_digital_sensors
 .text.load_Sensor_Calibration
                0x0000000008007e44       0x2c obj/Release/src/sensors/sensor_calibration.o
                0x0000000008007e44                load_Sensor_Calibration
 .text.store_Sensor_Calibration
                0x0000000008007e70       0x10 obj/Release/src/sensors/sensor_calibration.o
                0x0000000008007e70                store_Sensor_Calibration
 .text.show_Sensor_Calibration
                0x0000000008007e80       0x30 obj/Release/src/sensors/sensor_calibration.o
                0x0000000008007e80                show_Sensor_Calibration
 .text.modify_Sensor_Calibration
                0x0000000008007eb0       0x18 obj/Release/src/sensors/sensor_calibration.o
                0x0000000008007eb0                modify_Sensor_Calibration
 .text.send_Sensor_Calibration
                0x0000000008007ec8        0xc obj/Release/src/sensors/sensor_calibration.o
                0x0000000008007ec8                send_Sensor_Calibration
 .text.store_InvTableCLT
                0x0000000008007ed4       0x10 obj/Release/src/sensors/sensor_calibration.o
                0x0000000008007ed4                store_InvTableCLT
 .text.show_InvTableCLT
                0x0000000008007ee4       0x20 obj/Release/src/sensors/sensor_calibration.o
                0x0000000008007ee4                show_InvTableCLT
 .text.modify_InvTableCLT
                0x0000000008007f04       0x10 obj/Release/src/sensors/sensor_calibration.o
                0x0000000008007f04                modify_InvTableCLT
 .text.send_InvTableCLT
                0x0000000008007f14        0xc obj/Release/src/sensors/sensor_calibration.o
                0x0000000008007f14                send_InvTableCLT
 .text.getValue_InvTableCLT
                0x0000000008007f20       0x14 obj/Release/src/sensors/sensor_calibration.o
                0x0000000008007f20                getValue_InvTableCLT
 .text.sensors_diag_log_event
                0x0000000008007f34       0x28 obj/Release/src/sensors/sensors_diag.o
                0x0000000008007f34                sensors_diag_log_event
 .text.print_sensors_diag
                0x0000000008007f5c       0x68 obj/Release/src/sensors/sensors_diag.o
                0x0000000008007f5c                print_sensors_diag
 .text.Tuareg_update_MAP_sensor
                0x0000000008007fc4       0x5c obj/Release/src/sensors/Tuareg_sensors.o
                0x0000000008007fc4                Tuareg_update_MAP_sensor
 .text.Tuareg_update_O2_sensor
                0x0000000008008020       0x54 obj/Release/src/sensors/Tuareg_sensors.o
                0x0000000008008020                Tuareg_update_O2_sensor
 .text.Tuareg_update_TPS_sensor
                0x0000000008008074       0x54 obj/Release/src/sensors/Tuareg_sensors.o
                0x0000000008008074                Tuareg_update_TPS_sensor
 .text.Tuareg_update_IAT_sensor
                0x00000000080080c8       0x64 obj/Release/src/sensors/Tuareg_sensors.o
                0x00000000080080c8                Tuareg_update_IAT_sensor
 .text.Tuareg_update_CLT_sensor
                0x000000000800812c       0x68 obj/Release/src/sensors/Tuareg_sensors.o
                0x000000000800812c                Tuareg_update_CLT_sensor
 .text.Tuareg_update_VBAT_sensor
                0x0000000008008194       0x58 obj/Release/src/sensors/Tuareg_sensors.o
                0x0000000008008194                Tuareg_update_VBAT_sensor
 .text.Tuareg_update_KNOCK_sensor
                0x00000000080081ec       0x58 obj/Release/src/sensors/Tuareg_sensors.o
                0x00000000080081ec                Tuareg_update_KNOCK_sensor
 .text.Tuareg_update_BARO_sensor
                0x0000000008008244       0x5c obj/Release/src/sensors/Tuareg_sensors.o
                0x0000000008008244                Tuareg_update_BARO_sensor
 .text.Tuareg_update_GEAR_sensor
                0x00000000080082a0       0x74 obj/Release/src/sensors/Tuareg_sensors.o
                0x00000000080082a0                Tuareg_update_GEAR_sensor
 .text.init_Sensors
                0x0000000008008314       0xf0 obj/Release/src/sensors/Tuareg_sensors.o
                0x0000000008008314                init_Sensors
 .text.adc_set_regular_group
                0x0000000008008404       0x6e obj/Release/src/stm32_libs/stm32f4xx/boctok/stm32f4xx_adc_boctok.o
                0x0000000008008404                adc_set_regular_group
 .text.adc_set_regular_group_length
                0x0000000008008472       0x18 obj/Release/src/stm32_libs/stm32f4xx/boctok/stm32f4xx_adc_boctok.o
                0x0000000008008472                adc_set_regular_group_length
 .text.adc_set_sample_time
                0x000000000800848a       0x3c obj/Release/src/stm32_libs/stm32f4xx/boctok/stm32f4xx_adc_boctok.o
                0x000000000800848a                adc_set_sample_time
 .text.adc_start_regular_group
                0x00000000080084c6        0xa obj/Release/src/stm32_libs/stm32f4xx/boctok/stm32f4xx_adc_boctok.o
                0x00000000080084c6                adc_start_regular_group
 .text.adc_start_injected_group
                0x00000000080084d0        0xa obj/Release/src/stm32_libs/stm32f4xx/boctok/stm32f4xx_adc_boctok.o
                0x00000000080084d0                adc_start_injected_group
 *fill*         0x00000000080084da        0x2 
 .text.getScbDump
                0x00000000080084dc       0x24 obj/Release/src/stm32_libs/stm32f4xx/boctok/stm32f4xx_fault_handler_boctok.o
                0x00000000080084dc                getScbDump
 .text.getStackRegisters
                0x0000000008008500       0x30 obj/Release/src/stm32_libs/stm32f4xx/boctok/stm32f4xx_fault_handler_boctok.o
                0x0000000008008500                getStackRegisters
 .text.HardFault_Handler
                0x0000000008008530       0x28 obj/Release/src/stm32_libs/stm32f4xx/boctok/stm32f4xx_fault_handler_boctok.o
                0x0000000008008530                HardFault_Handler
 .text.NMI_Handler
                0x0000000008008558       0x28 obj/Release/src/stm32_libs/stm32f4xx/boctok/stm32f4xx_fault_handler_boctok.o
                0x0000000008008558                NMI_Handler
 .text.MemManage_Handler
                0x0000000008008580       0x28 obj/Release/src/stm32_libs/stm32f4xx/boctok/stm32f4xx_fault_handler_boctok.o
                0x0000000008008580                MemManage_Handler
 .text.BusFault_Handler
                0x00000000080085a8       0x28 obj/Release/src/stm32_libs/stm32f4xx/boctok/stm32f4xx_fault_handler_boctok.o
                0x00000000080085a8                BusFault_Handler
 .text.UsageFault_Handler
                0x00000000080085d0       0x28 obj/Release/src/stm32_libs/stm32f4xx/boctok/stm32f4xx_fault_handler_boctok.o
                0x00000000080085d0                UsageFault_Handler
 .text.SVC_Handler
                0x00000000080085f8       0x28 obj/Release/src/stm32_libs/stm32f4xx/boctok/stm32f4xx_fault_handler_boctok.o
                0x00000000080085f8                SVC_Handler
 .text.DebugMon_Handler
                0x0000000008008620       0x28 obj/Release/src/stm32_libs/stm32f4xx/boctok/stm32f4xx_fault_handler_boctok.o
                0x0000000008008620                DebugMon_Handler
 .text.PendSV_Handler
                0x0000000008008648       0x28 obj/Release/src/stm32_libs/stm32f4xx/boctok/stm32f4xx_fault_handler_boctok.o
                0x0000000008008648                PendSV_Handler
 .text.WWDG_IRQHandler
                0x0000000008008670       0x28 obj/Release/src/stm32_libs/stm32f4xx/boctok/stm32f4xx_fault_handler_boctok.o
                0x0000000008008670                WWDG_IRQHandler
 .text.FPU_IRQHandler
                0x0000000008008698       0x28 obj/Release/src/stm32_libs/stm32f4xx/boctok/stm32f4xx_fault_handler_boctok.o
                0x0000000008008698                FPU_IRQHandler
 .text.GPIO_configure
                0x00000000080086c0       0x6c obj/Release/src/stm32_libs/stm32f4xx/boctok/stm32f4xx_gpio_boctok.o
                0x00000000080086c0                GPIO_configure
 .text.SYSCFG_map_EXTI
                0x000000000800872c       0x98 obj/Release/src/stm32_libs/stm32f4xx/boctok/stm32f4xx_gpio_boctok.o
                0x000000000800872c                SYSCFG_map_EXTI
 .text.gpio_set_pin
                0x00000000080087c4       0x36 obj/Release/src/stm32_libs/stm32f4xx/boctok/stm32f4xx_gpio_boctok.o
                0x00000000080087c4                gpio_set_pin
 .text.GPIO_SetAF
                0x00000000080087fa       0x44 obj/Release/src/stm32_libs/stm32f4xx/boctok/stm32f4xx_gpio_boctok.o
                0x00000000080087fa                GPIO_SetAF
 *fill*         0x000000000800883e        0x2 
 .text.Reset_Handler
                0x0000000008008840       0x50 obj/Release/src/stm32_libs/stm32f4xx/cmsis/startup_stm32f410xx.o
                0x0000000008008840                Reset_Handler
 .text.Default_Handler
                0x0000000008008890        0x2 obj/Release/src/stm32_libs/stm32f4xx/cmsis/startup_stm32f410xx.o
                0x0000000008008890                RTC_Alarm_IRQHandler
                0x0000000008008890                FMPI2C1_EV_IRQHandler
                0x0000000008008890                TIM1_CC_IRQHandler
                0x0000000008008890                DMA2_Stream5_IRQHandler
                0x0000000008008890                DMA1_Stream5_IRQHandler
                0x0000000008008890                PVD_IRQHandler
                0x0000000008008890                TAMP_STAMP_IRQHandler
                0x0000000008008890                EXTI3_IRQHandler
                0x0000000008008890                I2C2_EV_IRQHandler
                0x0000000008008890                DMA1_Stream2_IRQHandler
                0x0000000008008890                DMA2_Stream2_IRQHandler
                0x0000000008008890                SPI1_IRQHandler
                0x0000000008008890                TIM6_DAC_IRQHandler
                0x0000000008008890                DMA2_Stream3_IRQHandler
                0x0000000008008890                USART6_IRQHandler
                0x0000000008008890                I2C1_EV_IRQHandler
                0x0000000008008890                DMA1_Stream6_IRQHandler
                0x0000000008008890                DMA1_Stream1_IRQHandler
                0x0000000008008890                RCC_IRQHandler
                0x0000000008008890                Default_Handler
                0x0000000008008890                EXTI15_10_IRQHandler
                0x0000000008008890                DMA1_Stream7_IRQHandler
                0x0000000008008890                SPI5_IRQHandler
                0x0000000008008890                DMA2_Stream7_IRQHandler
                0x0000000008008890                EXTI9_5_IRQHandler
                0x0000000008008890                RTC_WKUP_IRQHandler
                0x0000000008008890                SPI2_IRQHandler
                0x0000000008008890                DMA1_Stream0_IRQHandler
                0x0000000008008890                FMPI2C1_ER_IRQHandler
                0x0000000008008890                EXTI4_IRQHandler
                0x0000000008008890                RNG_IRQHandler
                0x0000000008008890                TIM1_UP_IRQHandler
                0x0000000008008890                TIM1_TRG_COM_TIM11_IRQHandler
                0x0000000008008890                USART2_IRQHandler
                0x0000000008008890                I2C2_ER_IRQHandler
                0x0000000008008890                DMA2_Stream1_IRQHandler
                0x0000000008008890                FLASH_IRQHandler
                0x0000000008008890                DMA2_Stream4_IRQHandler
                0x0000000008008890                DMA1_Stream4_IRQHandler
                0x0000000008008890                I2C1_ER_IRQHandler
                0x0000000008008890                LPTIM1_IRQHandler
                0x0000000008008890                DMA2_Stream6_IRQHandler
                0x0000000008008890                DMA1_Stream3_IRQHandler
 .text._init    0x0000000008008892        0x2 obj/Release/src/stm32_libs/stm32f4xx/cmsis/system_hse100_stm32f410.o
                0x0000000008008892                _init
 .text.SystemInit
                0x0000000008008894       0xf0 obj/Release/src/stm32_libs/stm32f4xx/cmsis/system_hse100_stm32f410.o
                0x0000000008008894                SystemInit
 .text.NVIC_PriorityGroupConfig
                0x0000000008008984       0x14 obj/Release/src/stm32_libs/stm32f4xx/spl/misc.o
                0x0000000008008984                NVIC_PriorityGroupConfig
 .text.DMA_Init
                0x0000000008008998       0x54 obj/Release/src/stm32_libs/stm32f4xx/spl/stm32f4xx_dma.o
                0x0000000008008998                DMA_Init
 .text.DMA_StructInit
                0x00000000080089ec       0x22 obj/Release/src/stm32_libs/stm32f4xx/spl/stm32f4xx_dma.o
                0x00000000080089ec                DMA_StructInit
 *fill*         0x0000000008008a0e        0x2 
 .text.I2C_Init
                0x0000000008008a10       0xc8 obj/Release/src/stm32_libs/stm32f4xx/spl/stm32f4xx_i2c.o
                0x0000000008008a10                I2C_Init
 .text.I2C_Cmd  0x0000000008008ad8       0x16 obj/Release/src/stm32_libs/stm32f4xx/spl/stm32f4xx_i2c.o
                0x0000000008008ad8                I2C_Cmd
 .text.I2C_GenerateSTART
                0x0000000008008aee       0x16 obj/Release/src/stm32_libs/stm32f4xx/spl/stm32f4xx_i2c.o
                0x0000000008008aee                I2C_GenerateSTART
 .text.I2C_GenerateSTOP
                0x0000000008008b04       0x16 obj/Release/src/stm32_libs/stm32f4xx/spl/stm32f4xx_i2c.o
                0x0000000008008b04                I2C_GenerateSTOP
 .text.I2C_Send7bitAddress
                0x0000000008008b1a       0x12 obj/Release/src/stm32_libs/stm32f4xx/spl/stm32f4xx_i2c.o
                0x0000000008008b1a                I2C_Send7bitAddress
 .text.I2C_AcknowledgeConfig
                0x0000000008008b2c       0x16 obj/Release/src/stm32_libs/stm32f4xx/spl/stm32f4xx_i2c.o
                0x0000000008008b2c                I2C_AcknowledgeConfig
 .text.I2C_SendData
                0x0000000008008b42        0x4 obj/Release/src/stm32_libs/stm32f4xx/spl/stm32f4xx_i2c.o
                0x0000000008008b42                I2C_SendData
 .text.I2C_ReceiveData
                0x0000000008008b46        0x6 obj/Release/src/stm32_libs/stm32f4xx/spl/stm32f4xx_i2c.o
                0x0000000008008b46                I2C_ReceiveData
 .text.I2C_CheckEvent
                0x0000000008008b4c       0x16 obj/Release/src/stm32_libs/stm32f4xx/spl/stm32f4xx_i2c.o
                0x0000000008008b4c                I2C_CheckEvent
 .text.I2C_GetFlagStatus
                0x0000000008008b62       0x34 obj/Release/src/stm32_libs/stm32f4xx/spl/stm32f4xx_i2c.o
                0x0000000008008b62                I2C_GetFlagStatus
 .text.I2C_ClearFlag
                0x0000000008008b96        0x8 obj/Release/src/stm32_libs/stm32f4xx/spl/stm32f4xx_i2c.o
                0x0000000008008b96                I2C_ClearFlag
 *fill*         0x0000000008008b9e        0x2 
 .text.RCC_GetClocksFreq
                0x0000000008008ba0       0x88 obj/Release/src/stm32_libs/stm32f4xx/spl/stm32f4xx_rcc.o
                0x0000000008008ba0                RCC_GetClocksFreq
 .text.USART_Init
                0x0000000008008c28       0xb0 obj/Release/src/stm32_libs/stm32f4xx/spl/stm32f4xx_usart.o
                0x0000000008008c28                USART_Init
 .text.USART_Cmd
                0x0000000008008cd8       0x16 obj/Release/src/stm32_libs/stm32f4xx/spl/stm32f4xx_usart.o
                0x0000000008008cd8                USART_Cmd
 .text.USART_ReceiveData
                0x0000000008008cee        0x8 obj/Release/src/stm32_libs/stm32f4xx/spl/stm32f4xx_usart.o
                0x0000000008008cee                USART_ReceiveData
 .text.USART_ITConfig
                0x0000000008008cf6       0x32 obj/Release/src/stm32_libs/stm32f4xx/spl/stm32f4xx_usart.o
                0x0000000008008cf6                USART_ITConfig
 .text.Eeprom_init
                0x0000000008008d28       0xa0 obj/Release/src/storage/eeprom.o
                0x0000000008008d28                Eeprom_init
 .text.eeprom_wait
                0x0000000008008dc8       0xb0 obj/Release/src/storage/eeprom.o
                0x0000000008008dc8                eeprom_wait
 .text.eeprom_write_byte
                0x0000000008008e78      0x104 obj/Release/src/storage/eeprom.o
                0x0000000008008e78                eeprom_write_byte
 .text.eeprom_read_byte
                0x0000000008008f7c      0x188 obj/Release/src/storage/eeprom.o
                0x0000000008008f7c                eeprom_read_byte
 .text.eeprom_update_byte
                0x0000000008009104       0x58 obj/Release/src/storage/eeprom.o
                0x0000000008009104                eeprom_update_byte
 .text.Eeprom_load_data
                0x000000000800915c       0x40 obj/Release/src/storage/eeprom.o
                0x000000000800915c                Eeprom_load_data
 .text.Eeprom_update_data
                0x000000000800919c       0x38 obj/Release/src/storage/eeprom.o
                0x000000000800919c                Eeprom_update_data
 .text.getValue_t2D
                0x00000000080091d4       0xbc obj/Release/src/storage/table.o
                0x00000000080091d4                getValue_t2D
 .text.getValue_t3D
                0x0000000008009290      0x304 obj/Release/src/storage/table.o
                0x0000000008009290                getValue_t3D
 .text.load_t2D_data
                0x0000000008009594        0xc obj/Release/src/storage/table.o
                0x0000000008009594                load_t2D_data
 .text.load_t2D
                0x00000000080095a0        0xe obj/Release/src/storage/table.o
                0x00000000080095a0                load_t2D
 .text.load_t3D_data
                0x00000000080095ae        0xe obj/Release/src/storage/table.o
                0x00000000080095ae                load_t3D_data
 .text.store_t2D_data
                0x00000000080095bc        0xc obj/Release/src/storage/table.o
                0x00000000080095bc                store_t2D_data
 .text.store_t2D
                0x00000000080095c8        0xe obj/Release/src/storage/table.o
                0x00000000080095c8                store_t2D
 .text.store_t3D_data
                0x00000000080095d6        0xe obj/Release/src/storage/table.o
                0x00000000080095d6                store_t3D_data
 .text.show_t3D_data
                0x00000000080095e4       0xa4 obj/Release/src/storage/table.o
                0x00000000080095e4                show_t3D_data
 .text.show_t2D_data
                0x0000000008009688       0x64 obj/Release/src/storage/table.o
                0x0000000008009688                show_t2D_data
 .text.modify_t2D_data
                0x00000000080096ec        0xe obj/Release/src/storage/table.o
                0x00000000080096ec                modify_t2D_data
 .text.modify_t3D_data
                0x00000000080096fa       0x10 obj/Release/src/storage/table.o
                0x00000000080096fa                modify_t3D_data
 .text.send_t2D_data
                0x000000000800970a        0x6 obj/Release/src/storage/table.o
                0x000000000800970a                send_t2D_data
 .text.send_t3D_data
                0x0000000008009710        0x8 obj/Release/src/storage/table.o
                0x0000000008009710                send_t3D_data
 .text.allocate_timer_channel_1
                0x0000000008009718       0x3c obj/Release/src/timing/scheduler.o
                0x0000000008009718                allocate_timer_channel_1
 .text.reset_timer_channel_1
                0x0000000008009754       0x30 obj/Release/src/timing/scheduler.o
                0x0000000008009754                reset_timer_channel_1
 .text.allocate_timer_channel_2
                0x0000000008009784       0x3c obj/Release/src/timing/scheduler.o
                0x0000000008009784                allocate_timer_channel_2
 .text.reset_timer_channel_2
                0x00000000080097c0       0x30 obj/Release/src/timing/scheduler.o
                0x00000000080097c0                reset_timer_channel_2
 .text.allocate_timer_channel_3
                0x00000000080097f0       0x3c obj/Release/src/timing/scheduler.o
                0x00000000080097f0                allocate_timer_channel_3
 .text.reset_timer_channel_3
                0x000000000800982c       0x30 obj/Release/src/timing/scheduler.o
                0x000000000800982c                reset_timer_channel_3
 .text.allocate_timer_channel_4
                0x000000000800985c       0x3c obj/Release/src/timing/scheduler.o
                0x000000000800985c                allocate_timer_channel_4
 .text.reset_timer_channel_4
                0x0000000008009898       0x30 obj/Release/src/timing/scheduler.o
                0x0000000008009898                reset_timer_channel_4
 .text.init_Vital_Scheduler
                0x00000000080098c8       0xd0 obj/Release/src/timing/scheduler.o
                0x00000000080098c8                init_Vital_Scheduler
 .text.scheduler_reset_channel
                0x0000000008009998       0x5c obj/Release/src/timing/scheduler.o
                0x0000000008009998                scheduler_reset_channel
 .text.allocate_channel
                0x00000000080099f4       0x8c obj/Release/src/timing/scheduler.o
                0x00000000080099f4                allocate_channel
 .text.scheduler_set_channel
                0x0000000008009a80      0x108 obj/Release/src/timing/scheduler.o
                0x0000000008009a80                scheduler_set_channel
 .text.TIM5_IRQHandler
                0x0000000008009b88      0x128 obj/Release/src/timing/scheduler.o
                0x0000000008009b88                TIM5_IRQHandler
 .text.scheduler_diag_log_event
                0x0000000008009cb0       0x28 obj/Release/src/timing/scheduler_diag.o
                0x0000000008009cb0                scheduler_diag_log_event
 .text.print_scheduler_diag
                0x0000000008009cd8       0x68 obj/Release/src/timing/scheduler_diag.o
                0x0000000008009cd8                print_scheduler_diag
 .text.init_systick_timer
                0x0000000008009d40       0x24 obj/Release/src/timing/systick_timer.o
                0x0000000008009d40                init_systick_timer
 .text.get_timestamp_fraction_us
                0x0000000008009d64       0x24 obj/Release/src/timing/systick_timer.o
                0x0000000008009d64                get_timestamp_fraction_us
 .text.SysTick_Handler
                0x0000000008009d88       0xf4 obj/Release/src/timing/systick_timer.o
                0x0000000008009d88                SysTick_Handler
 .text.calc_rot_duration_us
                0x0000000008009e7c        0xc obj/Release/src/utils/base_calc.o
                0x0000000008009e7c                calc_rot_duration_us
 .text.calc_rot_angle_deg
                0x0000000008009e88       0x20 obj/Release/src/utils/base_calc.o
                0x0000000008009e88                calc_rot_angle_deg
 .text.calc_rpm
                0x0000000008009ea8       0x20 obj/Release/src/utils/base_calc.o
                0x0000000008009ea8                calc_rpm
 .text.sub_VU32
                0x0000000008009ec8       0x14 obj/Release/src/utils/base_calc.o
                0x0000000008009ec8                sub_VU32
 .text.subtract_U32
                0x0000000008009edc        0xa obj/Release/src/utils/base_calc.o
                0x0000000008009edc                subtract_U32
 .text.divide_U32
                0x0000000008009ee6       0x18 obj/Release/src/utils/base_calc.o
                0x0000000008009ee6                divide_U32
 *fill*         0x0000000008009efe        0x2 
 .text.divide_F32
                0x0000000008009f00       0x2c obj/Release/src/utils/base_calc.o
                0x0000000008009f00                divide_F32
 .text.divide_float
                0x0000000008009f2c       0x28 obj/Release/src/utils/base_calc.o
                0x0000000008009f2c                divide_float
 .text.crank_position_after
                0x0000000008009f54       0x14 obj/Release/src/utils/base_calc.o
                0x0000000008009f54                crank_position_after
 .text.opposite_phase
                0x0000000008009f68       0x10 obj/Release/src/utils/base_calc.o
                0x0000000008009f68                opposite_phase
 .text.solve_linear
                0x0000000008009f78       0x48 obj/Release/src/utils/base_calc.o
                0x0000000008009f78                solve_linear
 .text.calc_ema
                0x0000000008009fc0       0x42 obj/Release/src/utils/base_calc.o
                0x0000000008009fc0                calc_ema
 .text.update_ema_filter
                0x000000000800a002       0x1a obj/Release/src/utils/base_calc.o