Archive member included to satisfy reference by file (symbol)

/opt/gcc-arm-none-eabi-7-2017-q4-major/bin/../lib/gcc/arm-none-eabi/7.2.1/../../../../arm-none-eabi/lib/thumb/v7e-m/fpv4-sp/hard/libc.a(lib_a-init.o)
                              obj/Release/src/stm32_libs/stm32f4xx/cmsis/startup_stm32f410xx.o (__libc_init_array)

Discarded input sections

 .text          0x0000000000000000        0x0 obj/Release/src/actors/act_hw.o
 .data          0x0000000000000000        0x0 obj/Release/src/actors/act_hw.o
 .bss           0x0000000000000000        0x0 obj/Release/src/actors/act_hw.o
 .text.set_act1
                0x0000000000000000       0x20 obj/Release/src/actors/act_hw.o
 .text.set_act2
                0x0000000000000000       0x20 obj/Release/src/actors/act_hw.o
 .text.init_act_hw
                0x0000000000000000       0x4c obj/Release/src/actors/act_hw.o
 .comment       0x0000000000000000       0x7f obj/Release/src/actors/act_hw.o
 .ARM.attributes
                0x0000000000000000       0x39 obj/Release/src/actors/act_hw.o
 .text          0x0000000000000000        0x0 obj/Release/src/actors/act_logic.o
 .data          0x0000000000000000        0x0 obj/Release/src/actors/act_logic.o
 .bss           0x0000000000000000        0x0 obj/Release/src/actors/act_logic.o
 .text.init_act_logic
                0x0000000000000000        0x2 obj/Release/src/actors/act_logic.o
 .comment       0x0000000000000000       0x7f obj/Release/src/actors/act_logic.o
 .ARM.attributes
                0x0000000000000000       0x39 obj/Release/src/actors/act_logic.o
 .text          0x0000000000000000        0x0 obj/Release/src/com/serial_buffer.o
 .data          0x0000000000000000        0x0 obj/Release/src/com/serial_buffer.o
 .bss           0x0000000000000000        0x0 obj/Release/src/com/serial_buffer.o
 .text          0x0000000000000000        0x0 obj/Release/src/com/serial_monitor.o
 .data          0x0000000000000000        0x0 obj/Release/src/com/serial_monitor.o
 .bss           0x0000000000000000        0x0 obj/Release/src/com/serial_monitor.o
 .comment       0x0000000000000000       0x7f obj/Release/src/com/serial_monitor.o
 .ARM.attributes
                0x0000000000000000       0x39 obj/Release/src/com/serial_monitor.o
 .text          0x0000000000000000        0x0 obj/Release/src/com/Tuareg_console.o
 .data          0x0000000000000000        0x0 obj/Release/src/com/Tuareg_console.o
 .bss           0x0000000000000000        0x0 obj/Release/src/com/Tuareg_console.o
 .rodata.cTSmaxChunkLen
                0x0000000000000000        0x4 obj/Release/src/com/Tuareg_console.o
 .rodata.cTSmaxOffset
                0x0000000000000000        0x4 obj/Release/src/com/Tuareg_console.o
 .text          0x0000000000000000        0x0 obj/Release/src/com/TunerStudio.o
 .data          0x0000000000000000        0x0 obj/Release/src/com/TunerStudio.o
 .bss           0x0000000000000000        0x0 obj/Release/src/com/TunerStudio.o
 .text          0x0000000000000000        0x0 obj/Release/src/com/TunerStudio_outChannel.o
 .data          0x0000000000000000        0x0 obj/Release/src/com/TunerStudio_outChannel.o
 .bss           0x0000000000000000        0x0 obj/Release/src/com/TunerStudio_outChannel.o
 .rodata.cOut_size
                0x0000000000000000        0x4 obj/Release/src/com/TunerStudio_outChannel.o
 .rodata.pOut_data
                0x0000000000000000        0x4 obj/Release/src/com/TunerStudio_outChannel.o
 .text          0x0000000000000000        0x0 obj/Release/src/com/TunerStudio_service.o
 .data          0x0000000000000000        0x0 obj/Release/src/com/TunerStudio_service.o
 .bss           0x0000000000000000        0x0 obj/Release/src/com/TunerStudio_service.o
 .text          0x0000000000000000        0x0 obj/Release/src/com/uart.o
 .data          0x0000000000000000        0x0 obj/Release/src/com/uart.o
 .bss           0x0000000000000000        0x0 obj/Release/src/com/uart.o
 .text.UART_listen
                0x0000000000000000        0xa obj/Release/src/com/uart.o
 .text.UART_nolisten
                0x0000000000000000        0xa obj/Release/src/com/uart.o
 .text          0x0000000000000000        0x0 obj/Release/src/com/uart_printf.o
 .data          0x0000000000000000        0x0 obj/Release/src/com/uart_printf.o
 .bss           0x0000000000000000        0x0 obj/Release/src/com/uart_printf.o
 .text.printf_S
                0x0000000000000000       0x20 obj/Release/src/com/uart_printf.o
 .text.printf_U8
                0x0000000000000000       0x42 obj/Release/src/com/uart_printf.o
 .text.printf_U32hex
                0x0000000000000000       0x30 obj/Release/src/com/uart_printf.o
 .text          0x0000000000000000        0x0 obj/Release/src/dash/dash_hw.o
 .data          0x0000000000000000        0x0 obj/Release/src/dash/dash_hw.o
 .bss           0x0000000000000000        0x0 obj/Release/src/dash/dash_hw.o
 .text          0x0000000000000000        0x0 obj/Release/src/dash/Tuareg_dash.o
[...]
Memory Configuration

Name             Origin             Length             Attributes
FLASH            0x0000000008000000 0x0000000000020000 xr
RAM              0x0000000020000000 0x0000000000008000 xrw
MEMORY_B1        0x0000000060000000 0x0000000000000000 xr
*default*        0x0000000000000000 0xffffffffffffffff

Linker script and memory map

LOAD obj/Release/src/actors/act_hw.o
LOAD obj/Release/src/actors/act_logic.o
LOAD obj/Release/src/com/serial_buffer.o
LOAD obj/Release/src/com/serial_monitor.o
LOAD obj/Release/src/com/Tuareg_console.o
LOAD obj/Release/src/com/TunerStudio.o
LOAD obj/Release/src/com/TunerStudio_outChannel.o
LOAD obj/Release/src/com/TunerStudio_service.o
LOAD obj/Release/src/com/uart.o
LOAD obj/Release/src/com/uart_printf.o
LOAD obj/Release/src/dash/dash_hw.o
LOAD obj/Release/src/dash/Tuareg_dash.o
LOAD obj/Release/src/debug/debug.o
LOAD obj/Release/src/debug/debug_port_messages.o
LOAD obj/Release/src/debug/dwt.o
LOAD obj/Release/src/decoder/decoder_cis.o
LOAD obj/Release/src/decoder/decoder_config.o
LOAD obj/Release/src/decoder/decoder_debug.o
LOAD obj/Release/src/decoder/decoder_diag.o
LOAD obj/Release/src/decoder/decoder_hw.o
LOAD obj/Release/src/decoder/decoder_logic.o
LOAD obj/Release/src/decoder/Tuareg_decoder.o
LOAD obj/Release/src/diagnostics/diagnostics.o
LOAD obj/Release/src/diagnostics/fault_log.o
LOAD obj/Release/src/diagnostics/highspeed_loggers.o
LOAD obj/Release/src/diagnostics/syslog.o
LOAD obj/Release/src/fueling/accel_comp.o
LOAD obj/Release/src/fueling/fueling_config.o
LOAD obj/Release/src/fueling/fueling_corrections.o
LOAD obj/Release/src/fueling/fueling_diag.o
LOAD obj/Release/src/fueling/fueling_hw.o
LOAD obj/Release/src/fueling/injector_parameters.o
LOAD obj/Release/src/fueling/Tuareg_fueling.o
LOAD obj/Release/src/fueling/Tuareg_fueling_controls.o
LOAD obj/Release/src/ignition/ignition_config.o
LOAD obj/Release/src/ignition/ignition_diag.o
LOAD obj/Release/src/ignition/ignition_hw.o
LOAD obj/Release/src/ignition/Tuareg_ignition.o
LOAD obj/Release/src/ignition/Tuareg_ignition_controls.o
LOAD obj/Release/src/main/main.o
LOAD obj/Release/src/main/Tuareg.o
LOAD obj/Release/src/main/Tuareg_config.o
LOAD obj/Release/src/main/Tuareg_diag.o
LOAD obj/Release/src/main/Tuareg_errors.o
LOAD obj/Release/src/main/Tuareg_ID.o
LOAD obj/Release/src/main/Tuareg_process_data.o
LOAD obj/Release/src/main/Tuareg_service_functions.o
LOAD obj/Release/src/main/Tuareg_types.o
LOAD obj/Release/src/module_test/module_test.o
LOAD obj/Release/src/process_table/process_table.o
LOAD obj/Release/src/sensors/analog_sensors.o
LOAD obj/Release/src/sensors/digital_sensors.o
LOAD obj/Release/src/sensors/knock_sensor.o
LOAD obj/Release/src/sensors/sensor_calibration.o
LOAD obj/Release/src/sensors/sensors_diag.o
LOAD obj/Release/src/sensors/Tuareg_sensors.o
LOAD obj/Release/src/stm32_libs/stm32f4xx/boctok/stm32f4xx_adc_boctok.o
LOAD obj/Release/src/stm32_libs/stm32f4xx/boctok/stm32f4xx_fault_handler_boctok.o
LOAD obj/Release/src/stm32_libs/stm32f4xx/boctok/stm32f4xx_gpio_boctok.o
LOAD obj/Release/src/stm32_libs/stm32f4xx/cmsis/startup_stm32f410xx.o
LOAD obj/Release/src/stm32_libs/stm32f4xx/cmsis/system_hse100_stm32f410.o
LOAD obj/Release/src/stm32_libs/stm32f4xx/spl/misc.o
LOAD obj/Release/src/stm32_libs/stm32f4xx/spl/stm32f4xx_dma.o
LOAD obj/Release/src/stm32_libs/stm32f4xx/spl/stm32f4xx_i2c.o
LOAD obj/Release/src/stm32_libs/stm32f4xx/spl/stm32f4xx_rcc.o
LOAD obj/Release/src/stm32_libs/stm32f4xx/spl/stm32f4xx_usart.o
LOAD obj/Release/src/storage/eeprom.o
LOAD obj/Release/src/storage/table.o
LOAD obj/Release/src/timing/lowprio_scheduler.o
LOAD obj/Release/src/timing/scheduler.o
LOAD obj/Release/src/timing/scheduler_diag.o
LOAD obj/Release/src/timing/systick_timer.o
LOAD obj/Release/src/utils/base_calc.o
LOAD obj/Release/src/utils/bitfields.o
LOAD obj/Release/src/utils/conversion.o
                0x0000000020008000                _estack = 0x20008000
                0x0000000000000000                _Min_Heap_Size = 0x0
                0x0000000000000100                _Min_Stack_Size = 0x100

.isr_vector     0x0000000008000000      0x1c8
                0x0000000008000000                . = ALIGN (0x4)
 *(.isr_vector)
 .isr_vector    0x0000000008000000      0x1c8 obj/Release/src/stm32_libs/stm32f4xx/cmsis/startup_stm32f410xx.o
                0x0000000008000000                g_pfnVectors
                0x00000000080001c8                . = ALIGN (0x4)

.text           0x00000000080001c8     0xc1c8
                0x00000000080001c8                . = ALIGN (0x4)
 *(.text)
 *(.text*)
 .text.ComRx_Buffer_reset
                0x00000000080001c8       0x3c obj/Release/src/com/serial_buffer.o
                0x00000000080001c8                ComRx_Buffer_reset
 .text.ComRx_Buffer_avail
                0x0000000008000204        0xc obj/Release/src/com/serial_buffer.o
                0x0000000008000204                ComRx_Buffer_avail
 .text.ComRx_Buffer_push
                0x0000000008000210       0x50 obj/Release/src/com/serial_buffer.o
                0x0000000008000210                ComRx_Buffer_push
 .text.ComRx_Buffer_pull
                0x0000000008000260       0x44 obj/Release/src/com/serial_buffer.o
                0x0000000008000260                ComRx_Buffer_pull
 .text.ComRx_Buffer_pull_U16
                0x00000000080002a4       0x30 obj/Release/src/com/serial_buffer.o
                0x00000000080002a4                ComRx_Buffer_pull_U16
 .text.ComRx_Buffer_pull_U32
                0x00000000080002d4       0x56 obj/Release/src/com/serial_buffer.o
                0x00000000080002d4                ComRx_Buffer_pull_U32
 *fill*         0x000000000800032a        0x2 
 .text.cli_showPage
                0x000000000800032c       0xa8 obj/Release/src/com/Tuareg_console.o
                0x000000000800032c                cli_showPage
 .text.cli_setPermissions
                0x00000000080003d4      0x11c obj/Release/src/com/Tuareg_console.o
                0x00000000080003d4                cli_setPermissions
 .text.cli_show_help
                0x00000000080004f0       0x9c obj/Release/src/com/Tuareg_console.o
                0x00000000080004f0                cli_show_help
 .text.Tuareg_update_console
                0x000000000800058c      0x290 obj/Release/src/com/Tuareg_console.o
                0x000000000800058c                Tuareg_update_console
 .text.cli_cyclic_update
                0x000000000800081c       0x1c obj/Release/src/com/Tuareg_console.o
                0x000000000800081c                cli_cyclic_update
 .text.Tuareg_init_console
                0x0000000008000838       0x18 obj/Release/src/com/Tuareg_console.o
                0x0000000008000838                Tuareg_init_console
 .text.ts_readPage
                0x0000000008000850       0xb4 obj/Release/src/com/TunerStudio.o
                0x0000000008000850                ts_readPage
 .text.ts_valueWrite
                0x0000000008000904      0x1a8 obj/Release/src/com/TunerStudio.o
                0x0000000008000904                ts_valueWrite
 .text.ts_burnPage
                0x0000000008000aac       0xcc obj/Release/src/com/TunerStudio.o
                0x0000000008000aac                ts_burnPage
 .text.ts_tuareg_bits
                0x0000000008000b78      0x1d4 obj/Release/src/com/TunerStudio_outChannel.o
                0x0000000008000b78                ts_tuareg_bits
 .text.ts_sendOutputChannels
                0x0000000008000d4c      0x11c obj/Release/src/com/TunerStudio_outChannel.o
                0x0000000008000d4c                ts_sendOutputChannels
 .text.ts_debug_features
                0x0000000008000e68       0xc4 obj/Release/src/com/TunerStudio_service.o
                0x0000000008000e68                ts_debug_features
 .text.cli_show_debug_help
                0x0000000008000f2c       0xc0 obj/Release/src/com/TunerStudio_service.o
                0x0000000008000f2c                cli_show_debug_help
 .text.cli_show_process_data
                0x0000000008000fec      0x114 obj/Release/src/com/TunerStudio_service.o
                0x0000000008000fec                cli_show_process_data
 .text.cli_show_ignition_controls
                0x0000000008001100      0x108 obj/Release/src/com/TunerStudio_service.o
                0x0000000008001100                cli_show_ignition_controls
 .text.cli_show_fueling_controls
                0x0000000008001208      0x3b8 obj/Release/src/com/TunerStudio_service.o
                0x0000000008001208                cli_show_fueling_controls
 .text.cli_show_decoder_interface
                0x00000000080015c0      0x124 obj/Release/src/com/TunerStudio_service.o
                0x00000000080015c0                cli_show_decoder_interface
 .text.cli_print_sensor_data
                0x00000000080016e4      0x21c obj/Release/src/com/TunerStudio_service.o
                0x00000000080016e4                cli_print_sensor_data
 .text.ts_debug_info
                0x0000000008001900       0xd8 obj/Release/src/com/TunerStudio_service.o
                0x0000000008001900                ts_debug_info
 .text.UART_TS_PORT_Init
                0x00000000080019d8       0xa0 obj/Release/src/com/uart.o
                0x00000000080019d8                UART_TS_PORT_Init
 .text.UART_DEBUG_PORT_Init
                0x0000000008001a78       0x68 obj/Release/src/com/uart.o
                0x0000000008001a78                UART_DEBUG_PORT_Init
 .text.UART_Tx  0x0000000008001ae0        0xc obj/Release/src/com/uart.o
                0x0000000008001ae0                UART_Tx
 .text.UART_send_data
                0x0000000008001aec       0x1a obj/Release/src/com/uart.o
                0x0000000008001aec                UART_send_data
 *fill*         0x0000000008001b06        0x2 
 .text.USART1_IRQHandler
                0x0000000008001b08       0x30 obj/Release/src/com/uart.o
                0x0000000008001b08                USART1_IRQHandler
 .text.printf_U
                0x0000000008001b38      0x164 obj/Release/src/com/uart_printf.o
                0x0000000008001b38                printf_U
 .text.printf_F32
                0x0000000008001c9c       0xcc obj/Release/src/com/uart_printf.o
                0x0000000008001c9c                printf_F32
 .text.printf_nib_hex
                0x0000000008001d68       0x10 obj/Release/src/com/uart_printf.o
                0x0000000008001d68                printf_nib_hex
 .text.print    0x0000000008001d78       0x16 obj/Release/src/com/uart_printf.o
                0x0000000008001d78                print
 *fill*         0x0000000008001d8e        0x2 
 .text.printf_U8hex
                0x0000000008001d90       0x38 obj/Release/src/com/uart_printf.o
                0x0000000008001d90                printf_U8hex
 .text.printf_crkpos
                0x0000000008001dc8       0x6c obj/Release/src/com/uart_printf.o
                0x0000000008001dc8                printf_crkpos
 .text.printf_phase
                0x0000000008001e34       0x30 obj/Release/src/com/uart_printf.o
                0x0000000008001e34                printf_phase
 .text.printf_decoder_sensing
                0x0000000008001e64       0x54 obj/Release/src/com/uart_printf.o
                0x0000000008001e64                printf_decoder_sensing
 .text.print_flash
                0x0000000008001eb8        0x4 obj/Release/src/com/uart_printf.o
                0x0000000008001eb8                print_flash
 .text.set_mil_hw
                0x0000000008001ebc       0x38 obj/Release/src/dash/dash_hw.o
                0x0000000008001ebc                set_mil_hw
 .text.init_dash_hw
                0x0000000008001ef4       0x78 obj/Release/src/dash/dash_hw.o
                0x0000000008001ef4                init_dash_hw
 .text.set_tachometer_compare
                0x0000000008001f6c       0x28 obj/Release/src/dash/dash_hw.o
                0x0000000008001f6c                set_tachometer_compare
 .text.update_tachometer
                0x0000000008001f94       0x38 obj/Release/src/dash/Tuareg_dash.o
                0x0000000008001f94                update_tachometer
 .text.set_mil  0x0000000008001fcc       0x58 obj/Release/src/dash/Tuareg_dash.o
                0x0000000008001fcc                set_mil
 .text.update_mil
                0x0000000008002024       0xac obj/Release/src/dash/Tuareg_dash.o
                0x0000000008002024                update_mil
 .text.init_dash
                0x00000000080020d0       0x10 obj/Release/src/dash/Tuareg_dash.o
                0x00000000080020d0                init_dash
 .text.update_dash
                0x00000000080020e0        0xe obj/Release/src/dash/Tuareg_dash.o
                0x00000000080020e0                update_dash
 *fill*         0x00000000080020ee        0x2 
 .text.DebugMsg_Warning
                0x00000000080020f0       0x24 obj/Release/src/debug/debug_port_messages.o
                0x00000000080020f0                DebugMsg_Warning
 .text.decoder_update_cis
                0x0000000008002114      0x188 obj/Release/src/decoder/decoder_cis.o
                0x0000000008002114                decoder_update_cis
 .text.decoder_cis_handler
                0x000000000800229c       0x9c obj/Release/src/decoder/decoder_cis.o
                0x000000000800229c                decoder_cis_handler
 .text.decoder_cis_noisefilter_handler
                0x0000000008002338        0x4 obj/Release/src/decoder/decoder_cis.o
                0x0000000008002338                decoder_cis_noisefilter_handler
 .text.enable_cis
                0x000000000800233c       0x4c obj/Release/src/decoder/decoder_cis.o
                0x000000000800233c                enable_cis
 .text.disable_cis
                0x0000000008002388        0xe obj/Release/src/decoder/decoder_cis.o
                0x0000000008002388                disable_cis
 *fill*         0x0000000008002396        0x2 
 .text.load_Decoder_Setup
                0x0000000008002398       0x1c obj/Release/src/decoder/decoder_config.o
                0x0000000008002398                load_Decoder_Setup
 .text.load_essential_Decoder_Setup
                0x00000000080023b4       0x3c obj/Release/src/decoder/decoder_config.o
                0x00000000080023b4                load_essential_Decoder_Setup
 .text.store_Decoder_Setup
                0x00000000080023f0       0x10 obj/Release/src/decoder/decoder_config.o
                0x00000000080023f0                store_Decoder_Setup
 .text.show_Decoder_Setup
                0x0000000008002400      0x154 obj/Release/src/decoder/decoder_config.o
                0x0000000008002400                show_Decoder_Setup
 .text.modify_Decoder_Setup
                0x0000000008002554       0x18 obj/Release/src/decoder/decoder_config.o
                0x0000000008002554                modify_Decoder_Setup
 .text.send_Decoder_Setup
                0x000000000800256c        0xc obj/Release/src/decoder/decoder_config.o
                0x000000000800256c                send_Decoder_Setup
 .text.decoder_diag_log_event
                0x0000000008002578       0x28 obj/Release/src/decoder/decoder_diag.o
                0x0000000008002578                decoder_diag_log_event
 .text.print_decoder_diag
                0x00000000080025a0       0x68 obj/Release/src/decoder/decoder_diag.o
                0x00000000080025a0                print_decoder_diag
 .text.decoder_stop_timer
                0x0000000008002608       0x1c obj/Release/src/decoder/decoder_hw.o
                0x0000000008002608                decoder_stop_timer
 .text.update_crank_noisefilter
                0x0000000008002624       0x40 obj/Release/src/decoder/decoder_hw.o
                0x0000000008002624                update_crank_noisefilter
 .text.update_cam_noisefilter
                0x0000000008002664       0x40 obj/Release/src/decoder/decoder_hw.o
                0x0000000008002664                update_cam_noisefilter
 .text.decoder_mask_crank_irq
                0x00000000080026a4       0x10 obj/Release/src/decoder/decoder_hw.o
                0x00000000080026a4                decoder_mask_crank_irq
 .text.decoder_unmask_crank_irq
                0x00000000080026b4       0x14 obj/Release/src/decoder/decoder_hw.o
                0x00000000080026b4                decoder_unmask_crank_irq
 .text.decoder_mask_cis_irq
                0x00000000080026c8       0x10 obj/Release/src/decoder/decoder_hw.o
                0x00000000080026c8                decoder_mask_cis_irq
 .text.decoder_unmask_cis_irq
                0x00000000080026d8       0x14 obj/Release/src/decoder/decoder_hw.o
                0x00000000080026d8                decoder_unmask_cis_irq
 .text.set_crank_pickup_sensing_rise
                0x00000000080026ec       0x24 obj/Release/src/decoder/decoder_hw.o
                0x00000000080026ec                set_crank_pickup_sensing_rise
 .text.set_crank_pickup_sensing_fall
                0x0000000008002710       0x24 obj/Release/src/decoder/decoder_hw.o
                0x0000000008002710                set_crank_pickup_sensing_fall
 .text.set_crank_pickup_sensing_disabled
                0x0000000008002734       0x24 obj/Release/src/decoder/decoder_hw.o
                0x0000000008002734                set_crank_pickup_sensing_disabled
 .text.set_cis_sensing_rise
                0x0000000008002758       0x24 obj/Release/src/decoder/decoder_hw.o
                0x0000000008002758                set_cis_sensing_rise
 .text.set_cis_sensing_fall
                0x000000000800277c       0x24 obj/Release/src/decoder/decoder_hw.o
                0x000000000800277c                set_cis_sensing_fall
 .text.set_cis_sensing_disabled
                0x00000000080027a0       0x24 obj/Release/src/decoder/decoder_hw.o
                0x00000000080027a0                set_cis_sensing_disabled
 .text.decoder_set_crank_pickup_sensing
                0x00000000080027c4       0x3c obj/Release/src/decoder/decoder_hw.o
                0x00000000080027c4                decoder_set_crank_pickup_sensing
 .text.decoder_set_cis_sensing
                0x0000000008002800       0x3c obj/Release/src/decoder/decoder_hw.o
                0x0000000008002800                decoder_set_cis_sensing
 .text.trigger_decoder_irq
                0x000000000800283c       0x14 obj/Release/src/decoder/decoder_hw.o
                0x000000000800283c                trigger_decoder_irq
 .text.init_decoder_hw
                0x0000000008002850       0xcc obj/Release/src/decoder/decoder_hw.o
                0x0000000008002850                init_decoder_hw
 .text.decoder_get_timestamp
                0x000000000800291c        0xc obj/Release/src/decoder/decoder_hw.o
                0x000000000800291c                decoder_get_timestamp
 .text.decoder_set_timer_continuous_mode_on
                0x0000000008002928       0x1c obj/Release/src/decoder/decoder_hw.o
                0x0000000008002928                decoder_set_timer_continuous_mode_on
 .text.decoder_set_timer_continuous_mode_off
                0x0000000008002944       0x1c obj/Release/src/decoder/decoder_hw.o
                0x0000000008002944                decoder_set_timer_continuous_mode_off
 .text.decoder_start_timer
                0x0000000008002960       0x5c obj/Release/src/decoder/decoder_hw.o
                0x0000000008002960                decoder_start_timer
 .text.decoder_request_timer_reset
                0x00000000080029bc       0x10 obj/Release/src/decoder/decoder_hw.o
                0x00000000080029bc                decoder_request_timer_reset
 .text.disable_decoder_hw
                0x00000000080029cc       0x3c obj/Release/src/decoder/decoder_hw.o
                0x00000000080029cc                disable_decoder_hw
 .text.EXTI0_IRQHandler
                0x0000000008002a08       0x60 obj/Release/src/decoder/decoder_hw.o
                0x0000000008002a08                EXTI0_IRQHandler
 .text.TIM1_BRK_TIM9_IRQHandler
                0x0000000008002a68       0x74 obj/Release/src/decoder/decoder_hw.o
                0x0000000008002a68                TIM1_BRK_TIM9_IRQHandler
 .text.EXTI1_IRQHandler
                0x0000000008002adc       0x1c obj/Release/src/decoder/decoder_hw.o
                0x0000000008002adc                EXTI1_IRQHandler
 .text.reset_timeout_counter
                0x0000000008002af8       0x14 obj/Release/src/decoder/decoder_logic.o
                0x0000000008002af8                reset_timeout_counter
 .text.reset_timing_output
                0x0000000008002b0c       0x2c obj/Release/src/decoder/decoder_logic.o
                0x0000000008002b0c                reset_timing_output
 .text.reset_position_data
                0x0000000008002b38       0x34 obj/Release/src/decoder/decoder_logic.o
                0x0000000008002b38                reset_position_data
 .text.reset_internal_data
                0x0000000008002b6c       0x18 obj/Release/src/decoder/decoder_logic.o
                0x0000000008002b6c                reset_internal_data
 .text.decoder_set_state
                0x0000000008002b84       0x20 obj/Release/src/decoder/decoder_logic.o
                0x0000000008002b84                decoder_set_state
 .text.check_sync_ratio
                0x0000000008002ba4       0x74 obj/Release/src/decoder/decoder_logic.o
                0x0000000008002ba4                check_sync_ratio
 .text.check_sync_ratio_async
                0x0000000008002c18       0x5c obj/Release/src/decoder/decoder_logic.o
                0x0000000008002c18                check_sync_ratio_async
 .text.update_timing_data
                0x0000000008002c74       0xc0 obj/Release/src/decoder/decoder_logic.o
                0x0000000008002c74                update_timing_data
 .text.init_decoder_logic
                0x0000000008002d34       0x24 obj/Release/src/decoder/decoder_logic.o
                0x0000000008002d34                init_decoder_logic
 .text.disable_decoder_logic
                0x0000000008002d58       0x18 obj/Release/src/decoder/decoder_logic.o
                0x0000000008002d58                disable_decoder_logic
 .text.decoder_crank_handler
                0x0000000008002d70      0x138 obj/Release/src/decoder/decoder_logic.o
                0x0000000008002d70                decoder_crank_handler
 .text.decoder_crank_noisefilter_handler
                0x0000000008002ea8        0x4 obj/Release/src/decoder/decoder_logic.o
                0x0000000008002ea8                decoder_crank_noisefilter_handler
 .text.decoder_crank_timeout_handler
                0x0000000008002eac       0x3c obj/Release/src/decoder/decoder_logic.o
                0x0000000008002eac                decoder_crank_timeout_handler
 .text.init_Decoder
                0x0000000008002ee8       0x68 obj/Release/src/decoder/Tuareg_decoder.o
                0x0000000008002ee8                init_Decoder
 .text.disable_Decoder
                0x0000000008002f50       0x28 obj/Release/src/decoder/Tuareg_decoder.o
                0x0000000008002f50                disable_Decoder
 .text.decoder_get_position_data_age_us
                0x0000000008002f78       0x28 obj/Release/src/decoder/Tuareg_decoder.o
                0x0000000008002f78                decoder_get_position_data_age_us
 .text.copy_diag_data
                0x0000000008002fa0       0x48 obj/Release/src/diagnostics/diagnostics.o
                0x0000000008002fa0                copy_diag_data
 .text.get_diag_data
                0x0000000008002fe8       0x24 obj/Release/src/diagnostics/diagnostics.o
                0x0000000008002fe8                get_diag_data
 .text.release_diag_shadow
                0x000000000800300c        0xc obj/Release/src/diagnostics/diagnostics.o
                0x000000000800300c                release_diag_shadow
 .text.load_Fault_Log
                0x0000000008003018       0x1c obj/Release/src/diagnostics/fault_log.o
                0x0000000008003018                load_Fault_Log
 .text.load_void_Fault_Log
                0x0000000008003034       0x18 obj/Release/src/diagnostics/fault_log.o
                0x0000000008003034                load_void_Fault_Log
 .text.init_Fault_Log
                0x000000000800304c       0x4c obj/Release/src/diagnostics/fault_log.o
                0x000000000800304c                init_Fault_Log
 .text.store_Fault_Log
                0x0000000008003098       0x10 obj/Release/src/diagnostics/fault_log.o
                0x0000000008003098                store_Fault_Log
 .text.log_Fault
                0x00000000080030a8       0x68 obj/Release/src/diagnostics/fault_log.o
                0x00000000080030a8                log_Fault
 .text.show_Fault_Log
                0x0000000008003110       0x74 obj/Release/src/diagnostics/fault_log.o
                0x0000000008003110                show_Fault_Log
 .text.clear_Fault_Log
                0x0000000008003184       0x18 obj/Release/src/diagnostics/fault_log.o
                0x0000000008003184                clear_Fault_Log
 .text.Erase_Fault_Log
                0x000000000800319c       0x3c obj/Release/src/diagnostics/fault_log.o
                0x000000000800319c                Erase_Fault_Log
 .text.send_Fault_Log
                0x00000000080031d8        0xc obj/Release/src/diagnostics/fault_log.o
                0x00000000080031d8                send_Fault_Log
 .text.clear_highspeedlog
                0x00000000080031e4       0x14 obj/Release/src/diagnostics/highspeed_loggers.o
                0x00000000080031e4                clear_highspeedlog
 .text.highspeedlog_init
                0x00000000080031f8       0x14 obj/Release/src/diagnostics/highspeed_loggers.o
                0x00000000080031f8                highspeedlog_init
 .text.highspeedlog_register_error
                0x000000000800320c        0x2 obj/Release/src/diagnostics/highspeed_loggers.o
                0x000000000800320c                highspeedlog_register_error
 *fill*         0x000000000800320e        0x2 
 .text.highspeedlog_write
                0x0000000008003210       0xb8 obj/Release/src/diagnostics/highspeed_loggers.o
                0x0000000008003210                highspeedlog_write
 .text.highspeedlog_register_crankpos
                0x00000000080032c8        0x6 obj/Release/src/diagnostics/highspeed_loggers.o
                0x00000000080032c8                highspeedlog_register_crankpos
 *fill*         0x00000000080032ce        0x2 
 .text.highspeedlog_register_cis_lobe_begin
                0x00000000080032d0       0x10 obj/Release/src/diagnostics/highspeed_loggers.o
                0x00000000080032d0                highspeedlog_register_cis_lobe_begin
 .text.highspeedlog_register_cis_lobe_end
                0x00000000080032e0       0x10 obj/Release/src/diagnostics/highspeed_loggers.o
                0x00000000080032e0                highspeedlog_register_cis_lobe_end
 .text.highspeedlog_register_coil1_power
                0x00000000080032f0        0x6 obj/Release/src/diagnostics/highspeed_loggers.o
                0x00000000080032f0                highspeedlog_register_coil1_power
 .text.highspeedlog_register_coil1_unpower
                0x00000000080032f6        0x6 obj/Release/src/diagnostics/highspeed_loggers.o
                0x00000000080032f6                highspeedlog_register_coil1_unpower
 .text.highspeedlog_register_coil2_power
                0x00000000080032fc        0x6 obj/Release/src/diagnostics/highspeed_loggers.o
                0x00000000080032fc                highspeedlog_register_coil2_power
 .text.highspeedlog_register_coil2_unpower
                0x0000000008003302        0x6 obj/Release/src/diagnostics/highspeed_loggers.o
                0x0000000008003302                highspeedlog_register_coil2_unpower
 .text.highspeedlog_register_injector1_power
                0x0000000008003308        0x6 obj/Release/src/diagnostics/highspeed_loggers.o
                0x0000000008003308                highspeedlog_register_injector1_power
 .text.highspeedlog_register_injector1_unpower
                0x000000000800330e        0x6 obj/Release/src/diagnostics/highspeed_loggers.o
                0x000000000800330e                highspeedlog_register_injector1_unpower
 .text.highspeedlog_register_injector2_power
                0x0000000008003314        0x6 obj/Release/src/diagnostics/highspeed_loggers.o
                0x0000000008003314                highspeedlog_register_injector2_power
 .text.highspeedlog_register_injector2_unpower
                0x000000000800331a        0x6 obj/Release/src/diagnostics/highspeed_loggers.o
                0x000000000800331a                highspeedlog_register_injector2_unpower
 .text.send_highspeedlog
                0x0000000008003320       0xc4 obj/Release/src/diagnostics/highspeed_loggers.o
                0x0000000008003320                send_highspeedlog
 .text.show_highspeedlog
                0x00000000080033e4      0x150 obj/Release/src/diagnostics/highspeed_loggers.o
                0x00000000080033e4                show_highspeedlog
 .text.clear_syslog
                0x0000000008003534       0x38 obj/Release/src/diagnostics/syslog.o
                0x0000000008003534                clear_syslog
 .text.Syslog_init
                0x000000000800356c       0x10 obj/Release/src/diagnostics/syslog.o
                0x000000000800356c                Syslog_init
 .text.Syslog_Error
                0x000000000800357c       0x48 obj/Release/src/diagnostics/syslog.o
                0x000000000800357c                Syslog_Error
 .text.Syslog_Warning
                0x00000000080035c4       0x6c obj/Release/src/diagnostics/syslog.o
                0x00000000080035c4                Syslog_Warning
 .text.Syslog_Info
                0x0000000008003630       0x68 obj/Release/src/diagnostics/syslog.o
                0x0000000008003630                Syslog_Info
 .text.show_syslog
                0x0000000008003698      0x11c obj/Release/src/diagnostics/syslog.o
                0x0000000008003698                show_syslog
 .text.send_syslog
                0x00000000080037b4       0x20 obj/Release/src/diagnostics/syslog.o
                0x00000000080037b4                send_syslog
 .text.update_load_transient_comp
                0x00000000080037d4       0x16 obj/Release/src/fueling/accel_comp.o
                0x00000000080037d4                update_load_transient_comp
 .text.disable_legacy_AE
                0x00000000080037ea       0x46 obj/Release/src/fueling/accel_comp.o
                0x00000000080037ea                disable_legacy_AE
 .text.update_legacy_AE
                0x0000000008003830      0x31c obj/Release/src/fueling/accel_comp.o
                0x0000000008003830                update_legacy_AE
 .text.load_Fueling_Setup
                0x0000000008003b4c       0x10 obj/Release/src/fueling/fueling_config.o
                0x0000000008003b4c                load_Fueling_Setup
 .text.store_Fueling_Setup
                0x0000000008003b5c       0x10 obj/Release/src/fueling/fueling_config.o
                0x0000000008003b5c                store_Fueling_Setup
 .text.show_Fueling_Setup
                0x0000000008003b6c      0x30c obj/Release/src/fueling/fueling_config.o
                0x0000000008003b6c                show_Fueling_Setup
 .text.modify_Fueling_Setup
                0x0000000008003e78       0x18 obj/Release/src/fueling/fueling_config.o
                0x0000000008003e78                modify_Fueling_Setup
 .text.send_Fueling_Setup
                0x0000000008003e90        0xc obj/Release/src/fueling/fueling_config.o
                0x0000000008003e90                send_Fueling_Setup
 .text.load_VeTable_TPS
                0x0000000008003e9c       0x10 obj/Release/src/fueling/fueling_config.o
                0x0000000008003e9c                load_VeTable_TPS
 .text.store_VeTable_TPS
                0x0000000008003eac       0x10 obj/Release/src/fueling/fueling_config.o
                0x0000000008003eac                store_VeTable_TPS
 .text.show_VeTable_TPS
                0x0000000008003ebc       0x20 obj/Release/src/fueling/fueling_config.o
                0x0000000008003ebc                show_VeTable_TPS
 .text.modify_VeTable_TPS
                0x0000000008003edc       0x10 obj/Release/src/fueling/fueling_config.o
                0x0000000008003edc                modify_VeTable_TPS
 .text.send_VeTable_TPS
                0x0000000008003eec        0xc obj/Release/src/fueling/fueling_config.o
                0x0000000008003eec                send_VeTable_TPS
 .text.getValue_VeTable_TPS
                0x0000000008003ef8       0x14 obj/Release/src/fueling/fueling_config.o
                0x0000000008003ef8                getValue_VeTable_TPS
 .text.load_VeTable_MAP
                0x0000000008003f0c       0x10 obj/Release/src/fueling/fueling_config.o
                0x0000000008003f0c                load_VeTable_MAP
 .text.store_VeTable_MAP
                0x0000000008003f1c       0x10 obj/Release/src/fueling/fueling_config.o
                0x0000000008003f1c                store_VeTable_MAP
 .text.show_VeTable_MAP
                0x0000000008003f2c       0x20 obj/Release/src/fueling/fueling_config.o
                0x0000000008003f2c                show_VeTable_MAP
 .text.modify_VeTable_MAP
                0x0000000008003f4c       0x10 obj/Release/src/fueling/fueling_config.o
                0x0000000008003f4c                modify_VeTable_MAP
 .text.send_VeTable_MAP
                0x0000000008003f5c        0xc obj/Release/src/fueling/fueling_config.o
                0x0000000008003f5c                send_VeTable_MAP
 .text.getValue_VeTable_MAP
                0x0000000008003f68       0x14 obj/Release/src/fueling/fueling_config.o
                0x0000000008003f68                getValue_VeTable_MAP
 .text.load_AfrTable_MAP
                0x0000000008003f7c       0x10 obj/Release/src/fueling/fueling_config.o
                0x0000000008003f7c                load_AfrTable_MAP
 .text.store_AfrTable_MAP
                0x0000000008003f8c       0x10 obj/Release/src/fueling/fueling_config.o
                0x0000000008003f8c                store_AfrTable_MAP
 .text.show_AfrTable_MAP
                0x0000000008003f9c       0x20 obj/Release/src/fueling/fueling_config.o
                0x0000000008003f9c                show_AfrTable_MAP
 .text.modify_AfrTable_MAP
                0x0000000008003fbc       0x10 obj/Release/src/fueling/fueling_config.o
                0x0000000008003fbc                modify_AfrTable_MAP
 .text.send_AfrTable_MAP
                0x0000000008003fcc        0xc obj/Release/src/fueling/fueling_config.o
                0x0000000008003fcc                send_AfrTable_MAP
 .text.getValue_AfrTable_MAP
                0x0000000008003fd8       0x20 obj/Release/src/fueling/fueling_config.o
                0x0000000008003fd8                getValue_AfrTable_MAP
 .text.load_AfrTable_TPS
                0x0000000008003ff8       0x10 obj/Release/src/fueling/fueling_config.o
                0x0000000008003ff8                load_AfrTable_TPS
 .text.store_AfrTable_TPS
                0x0000000008004008       0x10 obj/Release/src/fueling/fueling_config.o
                0x0000000008004008                store_AfrTable_TPS
 .text.show_AfrTable_TPS
                0x0000000008004018       0x20 obj/Release/src/fueling/fueling_config.o
                0x0000000008004018                show_AfrTable_TPS
 .text.modify_AfrTable_TPS
                0x0000000008004038       0x10 obj/Release/src/fueling/fueling_config.o
                0x0000000008004038                modify_AfrTable_TPS
 .text.send_AfrTable_TPS
                0x0000000008004048        0xc obj/Release/src/fueling/fueling_config.o
                0x0000000008004048                send_AfrTable_TPS
 .text.getValue_AfrTable_TPS
                0x0000000008004054       0x20 obj/Release/src/fueling/fueling_config.o
                0x0000000008004054                getValue_AfrTable_TPS
 .text.load_AccelCompTableTPS
                0x0000000008004074       0x10 obj/Release/src/fueling/fueling_config.o
                0x0000000008004074                load_AccelCompTableTPS
 .text.store_AccelCompTableTPS
                0x0000000008004084       0x10 obj/Release/src/fueling/fueling_config.o
                0x0000000008004084                store_AccelCompTableTPS
 .text.show_AccelCompTableTPS
                0x0000000008004094       0x20 obj/Release/src/fueling/fueling_config.o
                0x0000000008004094                show_AccelCompTableTPS
 .text.modify_AccelCompTableTPS
                0x00000000080040b4       0x10 obj/Release/src/fueling/fueling_config.o
                0x00000000080040b4                modify_AccelCompTableTPS
 .text.send_AccelCompTableTPS
                0x00000000080040c4        0xc obj/Release/src/fueling/fueling_config.o
                0x00000000080040c4                send_AccelCompTableTPS
 .text.getValue_AccelCompTableTPS
                0x00000000080040d0       0x14 obj/Release/src/fueling/fueling_config.o
                0x00000000080040d0                getValue_AccelCompTableTPS
 .text.load_AccelCompTableMAP
                0x00000000080040e4       0x10 obj/Release/src/fueling/fueling_config.o
                0x00000000080040e4                load_AccelCompTableMAP
 .text.store_AccelCompTableMAP
                0x00000000080040f4       0x10 obj/Release/src/fueling/fueling_config.o
                0x00000000080040f4                store_AccelCompTableMAP
 .text.show_AccelCompTableMAP
                0x0000000008004104       0x20 obj/Release/src/fueling/fueling_config.o
                0x0000000008004104                show_AccelCompTableMAP
 .text.modify_AccelCompTableMAP
                0x0000000008004124       0x10 obj/Release/src/fueling/fueling_config.o
                0x0000000008004124                modify_AccelCompTableMAP
 .text.send_AccelCompTableMAP
                0x0000000008004134        0xc obj/Release/src/fueling/fueling_config.o
                0x0000000008004134                send_AccelCompTableMAP
 .text.getValue_AccelCompTableMAP
                0x0000000008004140       0x14 obj/Release/src/fueling/fueling_config.o
                0x0000000008004140                getValue_AccelCompTableMAP
 .text.load_WarmUpCompTable
                0x0000000008004154       0x10 obj/Release/src/fueling/fueling_config.o
                0x0000000008004154                load_WarmUpCompTable
 .text.store_WarmUpCompTable
                0x0000000008004164       0x10 obj/Release/src/fueling/fueling_config.o
                0x0000000008004164                store_WarmUpCompTable
 .text.show_WarmUpCompTable
                0x0000000008004174       0x20 obj/Release/src/fueling/fueling_config.o
                0x0000000008004174                show_WarmUpCompTable
 .text.modify_WarmUpCompTable
                0x0000000008004194       0x10 obj/Release/src/fueling/fueling_config.o
                0x0000000008004194                modify_WarmUpCompTable
 .text.send_WarmUpCompTable
                0x00000000080041a4        0xc obj/Release/src/fueling/fueling_config.o
                0x00000000080041a4                send_WarmUpCompTable
 .text.getValue_WarmUpCompTable
                0x00000000080041b0       0x20 obj/Release/src/fueling/fueling_config.o
                0x00000000080041b0                getValue_WarmUpCompTable
 .text.load_InjectorTimingTable
                0x00000000080041d0       0x10 obj/Release/src/fueling/fueling_config.o
                0x00000000080041d0                load_InjectorTimingTable
 .text.store_InjectorTimingTable
                0x00000000080041e0       0x10 obj/Release/src/fueling/fueling_config.o
                0x00000000080041e0                store_InjectorTimingTable
 .text.show_InjectorTimingTable
                0x00000000080041f0       0x20 obj/Release/src/fueling/fueling_config.o
                0x00000000080041f0                show_InjectorTimingTable
 .text.modify_InjectorTimingTable
                0x0000000008004210       0x10 obj/Release/src/fueling/fueling_config.o
                0x0000000008004210                modify_InjectorTimingTable
 .text.send_InjectorTimingTable
                0x0000000008004220        0xc obj/Release/src/fueling/fueling_config.o
                0x0000000008004220                send_InjectorTimingTable
 .text.getValue_InjectorTimingTable
                0x000000000800422c       0x20 obj/Release/src/fueling/fueling_config.o
                0x000000000800422c                getValue_InjectorTimingTable
 .text.load_CrankingFuelTable
                0x000000000800424c       0x10 obj/Release/src/fueling/fueling_config.o
                0x000000000800424c                load_CrankingFuelTable
 .text.store_CrankingFuelTable
                0x000000000800425c       0x10 obj/Release/src/fueling/fueling_config.o
                0x000000000800425c                store_CrankingFuelTable
 .text.show_CrankingFuelTable
                0x000000000800426c       0x20 obj/Release/src/fueling/fueling_config.o
                0x000000000800426c                show_CrankingFuelTable
 .text.modify_CrankingFuelTable
                0x000000000800428c       0x10 obj/Release/src/fueling/fueling_config.o
                0x000000000800428c                modify_CrankingFuelTable
 .text.send_CrankingFuelTable
                0x000000000800429c        0xc obj/Release/src/fueling/fueling_config.o
                0x000000000800429c                send_CrankingFuelTable
 .text.getValue_CrankingFuelTable
                0x00000000080042a8       0x14 obj/Release/src/fueling/fueling_config.o
                0x00000000080042a8                getValue_CrankingFuelTable
 .text.load_InjectorPhaseTable
                0x00000000080042bc       0x10 obj/Release/src/fueling/fueling_config.o
                0x00000000080042bc                load_InjectorPhaseTable
 .text.store_InjectorPhaseTable
                0x00000000080042cc       0x10 obj/Release/src/fueling/fueling_config.o
                0x00000000080042cc                store_InjectorPhaseTable
 .text.show_InjectorPhaseTable
                0x00000000080042dc       0x20 obj/Release/src/fueling/fueling_config.o
                0x00000000080042dc                show_InjectorPhaseTable
 .text.modify_InjectorPhaseTable
                0x00000000080042fc       0x10 obj/Release/src/fueling/fueling_config.o
                0x00000000080042fc                modify_InjectorPhaseTable
 .text.send_InjectorPhaseTable
                0x000000000800430c        0xc obj/Release/src/fueling/fueling_config.o
                0x000000000800430c                send_InjectorPhaseTable
 .text.getValue_InjectorPhaseTable
                0x0000000008004318        0xc obj/Release/src/fueling/fueling_config.o
                0x0000000008004318                getValue_InjectorPhaseTable
 .text.load_BAROtable
                0x0000000008004324       0x10 obj/Release/src/fueling/fueling_config.o
                0x0000000008004324                load_BAROtable
 .text.store_BAROtable
                0x0000000008004334       0x10 obj/Release/src/fueling/fueling_config.o
                0x0000000008004334                store_BAROtable
 .text.show_BAROtable
                0x0000000008004344       0x20 obj/Release/src/fueling/fueling_config.o
                0x0000000008004344                show_BAROtable
 .text.modify_BAROtable
                0x0000000008004364       0x10 obj/Release/src/fueling/fueling_config.o
                0x0000000008004364                modify_BAROtable
 .text.send_BAROtable
                0x0000000008004374        0xc obj/Release/src/fueling/fueling_config.o
                0x0000000008004374                send_BAROtable
 .text.getValue_BAROtable
                0x0000000008004380       0x38 obj/Release/src/fueling/fueling_config.o
                0x0000000008004380                getValue_BAROtable
 .text.load_ChargeTempTable
                0x00000000080043b8       0x10 obj/Release/src/fueling/fueling_config.o
                0x00000000080043b8                load_ChargeTempTable
 .text.load_Fueling_Config
                0x00000000080043c8       0xd8 obj/Release/src/fueling/fueling_config.o
                0x00000000080043c8                load_Fueling_Config
 .text.store_ChargeTempTable
                0x00000000080044a0       0x10 obj/Release/src/fueling/fueling_config.o
                0x00000000080044a0                store_ChargeTempTable
 .text.show_ChargeTempTable
                0x00000000080044b0       0x20 obj/Release/src/fueling/fueling_config.o
                0x00000000080044b0                show_ChargeTempTable
 .text.modify_ChargeTempTable
                0x00000000080044d0       0x10 obj/Release/src/fueling/fueling_config.o
                0x00000000080044d0                modify_ChargeTempTable
 .text.send_ChargeTempTable
                0x00000000080044e0        0xc obj/Release/src/fueling/fueling_config.o
                0x00000000080044e0                send_ChargeTempTable
 .text.getValue_ChargeTempTable
                0x00000000080044ec       0x2c obj/Release/src/fueling/fueling_config.o
                0x00000000080044ec                getValue_ChargeTempTable
 .text.update_fuel_mass_afterstart_correction
                0x0000000008004518       0xa4 obj/Release/src/fueling/fueling_corrections.o
                0x0000000008004518                update_fuel_mass_afterstart_correction
 .text.update_fuel_mass_warmup_correction
                0x00000000080045bc       0x5c obj/Release/src/fueling/fueling_corrections.o
                0x00000000080045bc                update_fuel_mass_warmup_correction
 .text.update_fuel_mass_barometric_correction
                0x0000000008004618       0x98 obj/Release/src/fueling/fueling_corrections.o
                0x0000000008004618                update_fuel_mass_barometric_correction
 .text.update_fuel_mass_corrections
                0x00000000080046b0       0x1c obj/Release/src/fueling/fueling_corrections.o
                0x00000000080046b0                update_fuel_mass_corrections
 .text.fueling_diag_log_event
                0x00000000080046cc       0x28 obj/Release/src/fueling/fueling_diag.o
                0x00000000080046cc                fueling_diag_log_event
 .text.print_fueling_diag
                0x00000000080046f4       0x68 obj/Release/src/fueling/fueling_diag.o
                0x00000000080046f4                print_fueling_diag
 .text.set_injector1_powered
                0x000000000800475c       0x28 obj/Release/src/fueling/fueling_hw.o
                0x000000000800475c                set_injector1_powered
 .text.set_injector1_unpowered
                0x0000000008004784       0x28 obj/Release/src/fueling/fueling_hw.o
                0x0000000008004784                set_injector1_unpowered
 .text.set_injector2_powered
                0x00000000080047ac       0x28 obj/Release/src/fueling/fueling_hw.o
                0x00000000080047ac                set_injector2_powered
 .text.set_injector2_unpowered
                0x00000000080047d4       0x28 obj/Release/src/fueling/fueling_hw.o
                0x00000000080047d4                set_injector2_unpowered
 .text.set_fuel_pump_powered
                0x00000000080047fc       0x28 obj/Release/src/fueling/fueling_hw.o
                0x00000000080047fc                set_fuel_pump_powered
 .text.set_fuel_pump_unpowered
                0x0000000008004824       0x20 obj/Release/src/fueling/fueling_hw.o
                0x0000000008004824                set_fuel_pump_unpowered
 .text.set_injector1
                0x0000000008004844       0x30 obj/Release/src/fueling/fueling_hw.o
                0x0000000008004844                set_injector1
 .text.set_injector2
                0x0000000008004874       0x30 obj/Release/src/fueling/fueling_hw.o
                0x0000000008004874                set_injector2
 .text.set_fuel_pump
                0x00000000080048a4        0xc obj/Release/src/fueling/fueling_hw.o
                0x00000000080048a4                set_fuel_pump
 .text.init_fueling_hw
                0x00000000080048b0       0x5c obj/Release/src/fueling/fueling_hw.o
                0x00000000080048b0                init_fueling_hw
 .text.update_injector_deadtime
                0x000000000800490c       0x50 obj/Release/src/fueling/injector_parameters.o
                0x000000000800490c                update_injector_deadtime
 .text.update_injector_intervals_sequential
                0x000000000800495c       0xf8 obj/Release/src/fueling/injector_parameters.o
                0x000000000800495c                update_injector_intervals_sequential
 .text.update_injector_intervals_batch
                0x0000000008004a54       0xf4 obj/Release/src/fueling/injector_parameters.o
                0x0000000008004a54                update_injector_intervals_batch
 .text.update_injection_begin_batch
                0x0000000008004b48       0x34 obj/Release/src/fueling/injector_parameters.o
                0x0000000008004b48                update_injection_begin_batch
 .text.update_injection_begin_sequential
                0x0000000008004b7c       0xf0 obj/Release/src/fueling/injector_parameters.o
                0x0000000008004b7c                update_injection_begin_sequential
 .text.init_Fueling
                0x0000000008004c6c       0x54 obj/Release/src/fueling/Tuareg_fueling.o
                0x0000000008004c6c                init_Fueling
 .text.Tuareg_fueling_update_crankpos_handler
                0x0000000008004cc0      0x198 obj/Release/src/fueling/Tuareg_fueling.o
                0x0000000008004cc0                Tuareg_fueling_update_crankpos_handler
 .text.invalid_fueling_controls
                0x0000000008004e58       0x48 obj/Release/src/fueling/Tuareg_fueling_controls.o
                0x0000000008004e58                invalid_fueling_controls
 .text.update_air_flow
                0x0000000008004ea0       0x94 obj/Release/src/fueling/Tuareg_fueling_controls.o
                0x0000000008004ea0                update_air_flow
 .text.update_AFR_target
                0x0000000008004f34       0x78 obj/Release/src/fueling/Tuareg_fueling_controls.o
                0x0000000008004f34                update_AFR_target
 .text.update_fuel_mass_cranking
                0x0000000008004fac       0x74 obj/Release/src/fueling/Tuareg_fueling_controls.o
                0x0000000008004fac                update_fuel_mass_cranking
 .text.update_base_fuel_mass
                0x0000000008005020       0x48 obj/Release/src/fueling/Tuareg_fueling_controls.o
                0x0000000008005020                update_base_fuel_mass
 .text.update_target_fuel_mass
                0x0000000008005068      0x120 obj/Release/src/fueling/Tuareg_fueling_controls.o
                0x0000000008005068                update_target_fuel_mass
 .text.Tuareg_update_fueling_controls
                0x0000000008005188      0x234 obj/Release/src/fueling/Tuareg_fueling_controls.o
                0x0000000008005188                Tuareg_update_fueling_controls
 .text.load_Ignition_Config
                0x00000000080053bc       0x6c obj/Release/src/ignition/ignition_config.o
                0x00000000080053bc                load_Ignition_Config
 .text.store_Ignition_Setup
                0x0000000008005428       0x10 obj/Release/src/ignition/ignition_config.o
                0x0000000008005428                store_Ignition_Setup
 .text.show_Ignition_Setup
                0x0000000008005438      0x17c obj/Release/src/ignition/ignition_config.o
                0x0000000008005438                show_Ignition_Setup
 .text.modify_Ignition_Setup
                0x00000000080055b4       0x18 obj/Release/src/ignition/ignition_config.o
                0x00000000080055b4                modify_Ignition_Setup
 .text.send_Ignition_Setup
                0x00000000080055cc        0xc obj/Release/src/ignition/ignition_config.o
                0x00000000080055cc                send_Ignition_Setup
 .text.store_ignAdvTable_TPS
                0x00000000080055d8       0x10 obj/Release/src/ignition/ignition_config.o
                0x00000000080055d8                store_ignAdvTable_TPS
 .text.show_ignAdvTable_TPS
                0x00000000080055e8       0x20 obj/Release/src/ignition/ignition_config.o
                0x00000000080055e8                show_ignAdvTable_TPS
 .text.modify_ignAdvTable_TPS
                0x0000000008005608       0x10 obj/Release/src/ignition/ignition_config.o
                0x0000000008005608                modify_ignAdvTable_TPS
 .text.send_ignAdvTable_TPS
                0x0000000008005618        0xc obj/Release/src/ignition/ignition_config.o
                0x0000000008005618                send_ignAdvTable_TPS
 .text.getValue_ignAdvTable_TPS
                0x0000000008005624       0x20 obj/Release/src/ignition/ignition_config.o
                0x0000000008005624                getValue_ignAdvTable_TPS
 .text.store_ignDwellTable
                0x0000000008005644       0x10 obj/Release/src/ignition/ignition_config.o
                0x0000000008005644                store_ignDwellTable
 .text.show_ignDwellTable
                0x0000000008005654       0x20 obj/Release/src/ignition/ignition_config.o
                0x0000000008005654                show_ignDwellTable
 .text.modify_ignDwellTable
                0x0000000008005674       0x10 obj/Release/src/ignition/ignition_config.o
                0x0000000008005674                modify_ignDwellTable
 .text.send_ignDwellTable
                0x0000000008005684        0xc obj/Release/src/ignition/ignition_config.o
                0x0000000008005684                send_ignDwellTable
 .text.getValue_ignDwellTable
                0x0000000008005690       0x18 obj/Release/src/ignition/ignition_config.o
                0x0000000008005690                getValue_ignDwellTable
 .text.ignition_diag_log_event
                0x00000000080056a8       0x28 obj/Release/src/ignition/ignition_diag.o
                0x00000000080056a8                ignition_diag_log_event
 .text.print_ignition_diag
                0x00000000080056d0       0x68 obj/Release/src/ignition/ignition_diag.o
                0x00000000080056d0                print_ignition_diag
 .text.set_coil1_powered
                0x0000000008005738       0x28 obj/Release/src/ignition/ignition_hw.o
                0x0000000008005738                set_coil1_powered
 .text.set_coil1_unpowered
                0x0000000008005760       0x20 obj/Release/src/ignition/ignition_hw.o
                0x0000000008005760                set_coil1_unpowered
 .text.set_coil2_powered
                0x0000000008005780       0x28 obj/Release/src/ignition/ignition_hw.o
                0x0000000008005780                set_coil2_powered
 .text.set_coil2_unpowered
                0x00000000080057a8       0x20 obj/Release/src/ignition/ignition_hw.o
                0x00000000080057a8                set_coil2_unpowered
 .text.set_ignition_ch1
                0x00000000080057c8       0x30 obj/Release/src/ignition/ignition_hw.o
                0x00000000080057c8                set_ignition_ch1
 .text.set_ignition_ch2
                0x00000000080057f8       0x30 obj/Release/src/ignition/ignition_hw.o
                0x00000000080057f8                set_ignition_ch2
 .text.init_ignition_hw
                0x0000000008005828       0x3c obj/Release/src/ignition/ignition_hw.o
                0x0000000008005828                init_ignition_hw
 .text.init_Ignition
                0x0000000008005864       0x58 obj/Release/src/ignition/Tuareg_ignition.o
                0x0000000008005864                init_Ignition
 .text.Tuareg_ignition_update_crankpos_handler
                0x00000000080058bc      0x154 obj/Release/src/ignition/Tuareg_ignition.o
                0x00000000080058bc                Tuareg_ignition_update_crankpos_handler
 .text.default_ignition_controls
                0x0000000008005a10       0x24 obj/Release/src/ignition/Tuareg_ignition_controls.o
                0x0000000008005a10                default_ignition_controls
 .text.revlimiter_ignition_controls
                0x0000000008005a34       0x1c obj/Release/src/ignition/Tuareg_ignition_controls.o
                0x0000000008005a34                revlimiter_ignition_controls
 .text.cranking_ignition_controls
                0x0000000008005a50       0x38 obj/Release/src/ignition/Tuareg_ignition_controls.o
                0x0000000008005a50                cranking_ignition_controls
 .text.dynamic_ignition_controls
                0x0000000008005a88      0x188 obj/Release/src/ignition/Tuareg_ignition_controls.o
                0x0000000008005a88                dynamic_ignition_controls
 .text.Tuareg_update_ignition_controls
                0x0000000008005c10       0xa8 obj/Release/src/ignition/Tuareg_ignition_controls.o
                0x0000000008005c10                Tuareg_update_ignition_controls
 .text.startup.main
                0x0000000008005cb8       0x78 obj/Release/src/main/main.o
                0x0000000008005cb8                main
 .text.EXTI2_IRQHandler
                0x0000000008005d30       0x5c obj/Release/src/main/main.o
                0x0000000008005d30                EXTI2_IRQHandler
 .text.Tuareg_load_config
                0x0000000008005d8c       0x4c obj/Release/src/main/Tuareg.o
                0x0000000008005d8c                Tuareg_load_config
 .text.Tuareg_Init
                0x0000000008005dd8       0xc0 obj/Release/src/main/Tuareg.o
                0x0000000008005dd8                Tuareg_Init
 .text.Tuareg_update_run_inhibit
                0x0000000008005e98      0x140 obj/Release/src/main/Tuareg.o
                0x0000000008005e98                Tuareg_update_run_inhibit
 .text.Tuareg_update_limited_op
                0x0000000008005fd8       0x38 obj/Release/src/main/Tuareg.o
                0x0000000008005fd8                Tuareg_update_limited_op
 .text.Tuareg_update_rev_limiter
                0x0000000008006010       0x60 obj/Release/src/main/Tuareg.o
                0x0000000008006010                Tuareg_update_rev_limiter
 .text.Tuareg_update_standby
                0x0000000008006070       0xcc obj/Release/src/main/Tuareg.o
                0x0000000008006070                Tuareg_update_standby
 .text.Tuareg_update_fuel_pump_control
                0x000000000800613c       0x54 obj/Release/src/main/Tuareg.o
                0x000000000800613c                Tuareg_update_fuel_pump_control
 .text.Tuareg_deactivate_vital_actors
                0x0000000008006190       0x50 obj/Release/src/main/Tuareg.o
                0x0000000008006190                Tuareg_deactivate_vital_actors
 .text.Tuareg_update
                0x00000000080061e0       0x58 obj/Release/src/main/Tuareg.o
                0x00000000080061e0                Tuareg_update
 .text.Tuareg_update_trip
                0x0000000008006238       0x1c obj/Release/src/main/Tuareg.o
                0x0000000008006238                Tuareg_update_trip
 .text.Tuareg_update_consumption_data
                0x0000000008006254       0x24 obj/Release/src/main/Tuareg.o
                0x0000000008006254                Tuareg_update_consumption_data
 .text.store_Tuareg_Setup
                0x0000000008006278       0x10 obj/Release/src/main/Tuareg_config.o
                0x0000000008006278                store_Tuareg_Setup
 .text.show_Tuareg_Setup
                0x0000000008006288      0x1ec obj/Release/src/main/Tuareg_config.o
                0x0000000008006288                show_Tuareg_Setup
 .text.modify_Tuareg_Setup
                0x0000000008006474       0x18 obj/Release/src/main/Tuareg_config.o
                0x0000000008006474                modify_Tuareg_Setup
 .text.send_Tuareg_Setup
                0x000000000800648c        0xc obj/Release/src/main/Tuareg_config.o
                0x000000000800648c                send_Tuareg_Setup
 .text.load_TachTable
                0x0000000008006498       0x10 obj/Release/src/main/Tuareg_config.o
                0x0000000008006498                load_TachTable
 .text.load_Tuareg_Config
                0x00000000080064a8       0x38 obj/Release/src/main/Tuareg_config.o
                0x00000000080064a8                load_Tuareg_Config
 .text.store_TachTable
                0x00000000080064e0       0x10 obj/Release/src/main/Tuareg_config.o
                0x00000000080064e0                store_TachTable
 .text.show_TachTable
                0x00000000080064f0       0x20 obj/Release/src/main/Tuareg_config.o
                0x00000000080064f0                show_TachTable
 .text.modify_TachTable
                0x0000000008006510       0x10 obj/Release/src/main/Tuareg_config.o
                0x0000000008006510                modify_TachTable
 .text.send_TachTable
                0x0000000008006520        0xc obj/Release/src/main/Tuareg_config.o
                0x0000000008006520                send_TachTable
 .text.getValue_TachTable
                0x000000000800652c       0x18 obj/Release/src/main/Tuareg_config.o
                0x000000000800652c                getValue_TachTable
 .text.tuareg_diag_log_event
                0x0000000008006544       0x28 obj/Release/src/main/Tuareg_diag.o
                0x0000000008006544                tuareg_diag_log_event
 .text.print_tuareg_diag
                0x000000000800656c       0x68 obj/Release/src/main/Tuareg_diag.o
                0x000000000800656c                print_tuareg_diag
 .text.Fatal    0x00000000080065d4       0x68 obj/Release/src/main/Tuareg_errors.o
                0x00000000080065d4                Fatal
 .text.VitalAssert
                0x000000000800663c        0xe obj/Release/src/main/Tuareg_errors.o
                0x000000000800663c                VitalAssert
 *fill*         0x000000000800664a        0x2 
 .text.Limp     0x000000000800664c       0x44 obj/Release/src/main/Tuareg_errors.o
                0x000000000800664c                Limp
 .text.print_Tuareg_ID_label
                0x0000000008006690       0x30 obj/Release/src/main/Tuareg_ID.o
                0x0000000008006690                print_Tuareg_ID_label
 .text.Tuareg_update_process_data
                0x00000000080066c0      0x13c obj/Release/src/main/Tuareg_process_data.o
                0x00000000080066c0                Tuareg_update_process_data
 .text.request_service_mode
                0x00000000080067fc       0x28 obj/Release/src/main/Tuareg_service_functions.o
                0x00000000080067fc                request_service_mode
 .text.activate_fuel_pump
                0x0000000008006824       0x5c obj/Release/src/main/Tuareg_service_functions.o
                0x0000000008006824                activate_fuel_pump
 .text.deactivate_fuel_pump
                0x0000000008006880       0x28 obj/Release/src/main/Tuareg_service_functions.o
                0x0000000008006880                deactivate_fuel_pump
 .text.fuel_pump_periodic_update
                0x00000000080068a8       0x1c obj/Release/src/main/Tuareg_service_functions.o
                0x00000000080068a8                fuel_pump_periodic_update
 .text.activate_injector1
                0x00000000080068c4       0x6c obj/Release/src/main/Tuareg_service_functions.o
                0x00000000080068c4                activate_injector1
 .text.deactivate_injector1
                0x0000000008006930       0x2c obj/Release/src/main/Tuareg_service_functions.o
                0x0000000008006930                deactivate_injector1
 .text.injector1_periodic_update
                0x000000000800695c       0x54 obj/Release/src/main/Tuareg_service_functions.o
                0x000000000800695c                injector1_periodic_update
 .text.activate_injector2
                0x00000000080069b0       0x6c obj/Release/src/main/Tuareg_service_functions.o
                0x00000000080069b0                activate_injector2
 .text.deactivate_injector2
                0x0000000008006a1c       0x2c obj/Release/src/main/Tuareg_service_functions.o
                0x0000000008006a1c                deactivate_injector2
 .text.injector2_periodic_update
                0x0000000008006a48       0x54 obj/Release/src/main/Tuareg_service_functions.o
                0x0000000008006a48                injector2_periodic_update
 .text.activate_coil1
                0x0000000008006a9c       0x8c obj/Release/src/main/Tuareg_service_functions.o
                0x0000000008006a9c                activate_coil1
 .text.deactivate_coil1
                0x0000000008006b28       0x2c obj/Release/src/main/Tuareg_service_functions.o
                0x0000000008006b28                deactivate_coil1
 .text.coil1_periodic_update
                0x0000000008006b54       0x54 obj/Release/src/main/Tuareg_service_functions.o
                0x0000000008006b54                coil1_periodic_update
 .text.activate_coil2
                0x0000000008006ba8       0x8c obj/Release/src/main/Tuareg_service_functions.o
                0x0000000008006ba8                activate_coil2
 .text.deactivate_coil2
                0x0000000008006c34       0x2c obj/Release/src/main/Tuareg_service_functions.o
                0x0000000008006c34                deactivate_coil2
 .text.coil2_periodic_update
                0x0000000008006c60       0x54 obj/Release/src/main/Tuareg_service_functions.o
                0x0000000008006c60                coil2_periodic_update
 .text.service_functions_periodic_update
                0x0000000008006cb4       0x40 obj/Release/src/main/Tuareg_service_functions.o
                0x0000000008006cb4                service_functions_periodic_update
 .text.activate_tachometer
                0x0000000008006cf4       0x38 obj/Release/src/main/Tuareg_service_functions.o
                0x0000000008006cf4                activate_tachometer
 .text.deactivate_tachometer
                0x0000000008006d2c       0x14 obj/Release/src/main/Tuareg_service_functions.o
                0x0000000008006d2c                deactivate_tachometer
 .text.request_service_activation
                0x0000000008006d40       0xb0 obj/Release/src/main/Tuareg_service_functions.o
                0x0000000008006d40                request_service_activation
 .text.update_process_table
                0x0000000008006df0       0xc0 obj/Release/src/process_table/process_table.o
                0x0000000008006df0                update_process_table
 .text.get_position_from_index
                0x0000000008006eb0       0x5c obj/Release/src/process_table/process_table.o
                0x0000000008006eb0                get_position_from_index
 .text.get_index_from_position
                0x0000000008006f0c       0x38 obj/Release/src/process_table/process_table.o
                0x0000000008006f0c                get_index_from_position
 .text.find_process_position_before
                0x0000000008006f44       0x4c obj/Release/src/process_table/process_table.o
                0x0000000008006f44                find_process_position_before
 .text.get_process_advance
                0x0000000008006f90       0x34 obj/Release/src/process_table/process_table.o
                0x0000000008006f90                get_process_advance
 .text.print_process_table
                0x0000000008006fc4       0x9c obj/Release/src/process_table/process_table.o
                0x0000000008006fc4                print_process_table
 .text.sensors_start_regular_group_conversion
                0x0000000008007060        0xc obj/Release/src/sensors/analog_sensors.o
                0x0000000008007060                sensors_start_regular_group_conversion
 .text.sensors_start_injected_group_conversion
                0x000000000800706c        0xc obj/Release/src/sensors/analog_sensors.o
                0x000000000800706c                sensors_start_injected_group_conversion
 .text.init_analog_sensors
                0x0000000008007078      0x2d8 obj/Release/src/sensors/analog_sensors.o
                0x0000000008007078                init_analog_sensors
 .text.update_analog_sensor
                0x0000000008007350       0xdc obj/Release/src/sensors/analog_sensors.o
                0x0000000008007350                update_analog_sensor
 .text.ADC_IRQHandler
                0x000000000800742c       0x6c obj/Release/src/sensors/analog_sensors.o
                0x000000000800742c                ADC_IRQHandler
 .text.DMA2_Stream0_IRQHandler
                0x0000000008007498       0x9c obj/Release/src/sensors/analog_sensors.o
                0x0000000008007498                DMA2_Stream0_IRQHandler
 .text.reset_dsensor_integrator
                0x0000000008007534       0x2c obj/Release/src/sensors/digital_sensors.o
                0x0000000008007534                reset_dsensor_integrator
 .text.init_digital_sensors
                0x0000000008007560       0x88 obj/Release/src/sensors/digital_sensors.o
                0x0000000008007560                init_digital_sensors
 .text.read_dsensors
                0x00000000080075e8       0x64 obj/Release/src/sensors/digital_sensors.o
                0x00000000080075e8                read_dsensors
 .text.update_digital_sensors
                0x000000000800764c       0x6c obj/Release/src/sensors/digital_sensors.o
                0x000000000800764c                update_digital_sensors
 .text.load_Sensor_Calibration
                0x00000000080076b8       0x2c obj/Release/src/sensors/sensor_calibration.o
                0x00000000080076b8                load_Sensor_Calibration
 .text.store_Sensor_Calibration
                0x00000000080076e4       0x10 obj/Release/src/sensors/sensor_calibration.o
                0x00000000080076e4                store_Sensor_Calibration
 .text.show_Sensor_Calibration
                0x00000000080076f4       0x30 obj/Release/src/sensors/sensor_calibration.o
                0x00000000080076f4                show_Sensor_Calibration
 .text.modify_Sensor_Calibration
                0x0000000008007724       0x18 obj/Release/src/sensors/sensor_calibration.o
                0x0000000008007724                modify_Sensor_Calibration
 .text.send_Sensor_Calibration
                0x000000000800773c        0xc obj/Release/src/sensors/sensor_calibration.o
                0x000000000800773c                send_Sensor_Calibration
 .text.store_InvTableCLT
                0x0000000008007748       0x10 obj/Release/src/sensors/sensor_calibration.o
                0x0000000008007748                store_InvTableCLT
 .text.show_InvTableCLT
                0x0000000008007758       0x20 obj/Release/src/sensors/sensor_calibration.o
                0x0000000008007758                show_InvTableCLT
 .text.modify_InvTableCLT
                0x0000000008007778       0x10 obj/Release/src/sensors/sensor_calibration.o
                0x0000000008007778                modify_InvTableCLT
 .text.send_InvTableCLT
                0x0000000008007788        0xc obj/Release/src/sensors/sensor_calibration.o
                0x0000000008007788                send_InvTableCLT
 .text.getValue_InvTableCLT
                0x0000000008007794       0x14 obj/Release/src/sensors/sensor_calibration.o
                0x0000000008007794                getValue_InvTableCLT
 .text.sensors_diag_log_event
                0x00000000080077a8       0x28 obj/Release/src/sensors/sensors_diag.o
                0x00000000080077a8                sensors_diag_log_event
 .text.print_sensors_diag
                0x00000000080077d0       0x68 obj/Release/src/sensors/sensors_diag.o
                0x00000000080077d0                print_sensors_diag
 .text.Tuareg_update_MAP_sensor
                0x0000000008007838       0x5c obj/Release/src/sensors/Tuareg_sensors.o
                0x0000000008007838                Tuareg_update_MAP_sensor
 .text.Tuareg_update_O2_sensor
                0x0000000008007894       0x54 obj/Release/src/sensors/Tuareg_sensors.o
                0x0000000008007894                Tuareg_update_O2_sensor
 .text.Tuareg_update_TPS_sensor
                0x00000000080078e8       0x54 obj/Release/src/sensors/Tuareg_sensors.o
                0x00000000080078e8                Tuareg_update_TPS_sensor
 .text.Tuareg_update_IAT_sensor
                0x000000000800793c       0x64 obj/Release/src/sensors/Tuareg_sensors.o
                0x000000000800793c                Tuareg_update_IAT_sensor
 .text.Tuareg_update_CLT_sensor
                0x00000000080079a0       0x68 obj/Release/src/sensors/Tuareg_sensors.o
                0x00000000080079a0                Tuareg_update_CLT_sensor
 .text.Tuareg_update_VBAT_sensor
                0x0000000008007a08       0x58 obj/Release/src/sensors/Tuareg_sensors.o
                0x0000000008007a08                Tuareg_update_VBAT_sensor
 .text.Tuareg_update_KNOCK_sensor
                0x0000000008007a60       0x58 obj/Release/src/sensors/Tuareg_sensors.o
                0x0000000008007a60                Tuareg_update_KNOCK_sensor
 .text.Tuareg_update_BARO_sensor
                0x0000000008007ab8       0x5c obj/Release/src/sensors/Tuareg_sensors.o
                0x0000000008007ab8                Tuareg_update_BARO_sensor
 .text.Tuareg_update_GEAR_sensor
                0x0000000008007b14       0x74 obj/Release/src/sensors/Tuareg_sensors.o
                0x0000000008007b14                Tuareg_update_GEAR_sensor
 .text.init_Sensors
                0x0000000008007b88       0xf0 obj/Release/src/sensors/Tuareg_sensors.o
                0x0000000008007b88                init_Sensors
 .text.adc_set_regular_group
                0x0000000008007c78       0x6e obj/Release/src/stm32_libs/stm32f4xx/boctok/stm32f4xx_adc_boctok.o
                0x0000000008007c78                adc_set_regular_group
 .text.adc_set_regular_group_length
                0x0000000008007ce6       0x18 obj/Release/src/stm32_libs/stm32f4xx/boctok/stm32f4xx_adc_boctok.o
                0x0000000008007ce6                adc_set_regular_group_length
 .text.adc_set_sample_time
                0x0000000008007cfe       0x3c obj/Release/src/stm32_libs/stm32f4xx/boctok/stm32f4xx_adc_boctok.o
                0x0000000008007cfe                adc_set_sample_time
 .text.adc_start_regular_group
                0x0000000008007d3a        0xa obj/Release/src/stm32_libs/stm32f4xx/boctok/stm32f4xx_adc_boctok.o
                0x0000000008007d3a                adc_start_regular_group
 .text.adc_start_injected_group
                0x0000000008007d44        0xa obj/Release/src/stm32_libs/stm32f4xx/boctok/stm32f4xx_adc_boctok.o
                0x0000000008007d44                adc_start_injected_group
 *fill*         0x0000000008007d4e        0x2 
 .text.getScbDump
                0x0000000008007d50       0x24 obj/Release/src/stm32_libs/stm32f4xx/boctok/stm32f4xx_fault_handler_boctok.o
                0x0000000008007d50                getScbDump
 .text.getStackRegisters
                0x0000000008007d74       0x30 obj/Release/src/stm32_libs/stm32f4xx/boctok/stm32f4xx_fault_handler_boctok.o
                0x0000000008007d74                getStackRegisters
 .text.HardFault_Handler
                0x0000000008007da4       0x28 obj/Release/src/stm32_libs/stm32f4xx/boctok/stm32f4xx_fault_handler_boctok.o
                0x0000000008007da4                HardFault_Handler
 .text.NMI_Handler
                0x0000000008007dcc       0x28 obj/Release/src/stm32_libs/stm32f4xx/boctok/stm32f4xx_fault_handler_boctok.o
                0x0000000008007dcc                NMI_Handler
 .text.MemManage_Handler
                0x0000000008007df4       0x28 obj/Release/src/stm32_libs/stm32f4xx/boctok/stm32f4xx_fault_handler_boctok.o
                0x0000000008007df4                MemManage_Handler
 .text.BusFault_Handler
                0x0000000008007e1c       0x28 obj/Release/src/stm32_libs/stm32f4xx/boctok/stm32f4xx_fault_handler_boctok.o
                0x0000000008007e1c                BusFault_Handler
 .text.UsageFault_Handler
                0x0000000008007e44       0x28 obj/Release/src/stm32_libs/stm32f4xx/boctok/stm32f4xx_fault_handler_boctok.o
                0x0000000008007e44                UsageFault_Handler
 .text.SVC_Handler
                0x0000000008007e6c       0x28 obj/Release/src/stm32_libs/stm32f4xx/boctok/stm32f4xx_fault_handler_boctok.o
                0x0000000008007e6c                SVC_Handler
 .text.DebugMon_Handler
                0x0000000008007e94       0x28 obj/Release/src/stm32_libs/stm32f4xx/boctok/stm32f4xx_fault_handler_boctok.o
                0x0000000008007e94                DebugMon_Handler
 .text.PendSV_Handler
                0x0000000008007ebc       0x28 obj/Release/src/stm32_libs/stm32f4xx/boctok/stm32f4xx_fault_handler_boctok.o
                0x0000000008007ebc                PendSV_Handler
 .text.WWDG_IRQHandler
                0x0000000008007ee4       0x28 obj/Release/src/stm32_libs/stm32f4xx/boctok/stm32f4xx_fault_handler_boctok.o
                0x0000000008007ee4                WWDG_IRQHandler
 .text.FPU_IRQHandler
                0x0000000008007f0c       0x28 obj/Release/src/stm32_libs/stm32f4xx/boctok/stm32f4xx_fault_handler_boctok.o
                0x0000000008007f0c                FPU_IRQHandler
 .text.GPIO_configure
                0x0000000008007f34       0x6c obj/Release/src/stm32_libs/stm32f4xx/boctok/stm32f4xx_gpio_boctok.o
                0x0000000008007f34                GPIO_configure
 .text.SYSCFG_map_EXTI
                0x0000000008007fa0       0x98 obj/Release/src/stm32_libs/stm32f4xx/boctok/stm32f4xx_gpio_boctok.o
                0x0000000008007fa0                SYSCFG_map_EXTI
 .text.gpio_set_pin
                0x0000000008008038       0x36 obj/Release/src/stm32_libs/stm32f4xx/boctok/stm32f4xx_gpio_boctok.o
                0x0000000008008038                gpio_set_pin
 .text.GPIO_SetAF
                0x000000000800806e       0x44 obj/Release/src/stm32_libs/stm32f4xx/boctok/stm32f4xx_gpio_boctok.o
                0x000000000800806e                GPIO_SetAF
 *fill*         0x00000000080080b2        0x2 
 .text.Reset_Handler
                0x00000000080080b4       0x50 obj/Release/src/stm32_libs/stm32f4xx/cmsis/startup_stm32f410xx.o
                0x00000000080080b4                Reset_Handler
 .text.Default_Handler
                0x0000000008008104        0x2 obj/Release/src/stm32_libs/stm32f4xx/cmsis/startup_stm32f410xx.o
                0x0000000008008104                RTC_Alarm_IRQHandler
                0x0000000008008104                FMPI2C1_EV_IRQHandler
                0x0000000008008104                TIM1_CC_IRQHandler
                0x0000000008008104                DMA2_Stream5_IRQHandler
                0x0000000008008104                DMA1_Stream5_IRQHandler
                0x0000000008008104                PVD_IRQHandler
                0x0000000008008104                TAMP_STAMP_IRQHandler
                0x0000000008008104                EXTI3_IRQHandler
                0x0000000008008104                I2C2_EV_IRQHandler
                0x0000000008008104                DMA1_Stream2_IRQHandler
                0x0000000008008104                DMA2_Stream2_IRQHandler
                0x0000000008008104                SPI1_IRQHandler
                0x0000000008008104                TIM6_DAC_IRQHandler
                0x0000000008008104                DMA2_Stream3_IRQHandler
                0x0000000008008104                USART6_IRQHandler
                0x0000000008008104                I2C1_EV_IRQHandler
                0x0000000008008104                DMA1_Stream6_IRQHandler
                0x0000000008008104                DMA1_Stream1_IRQHandler
                0x0000000008008104                RCC_IRQHandler
                0x0000000008008104                Default_Handler
                0x0000000008008104                EXTI15_10_IRQHandler
                0x0000000008008104                DMA1_Stream7_IRQHandler
                0x0000000008008104                SPI5_IRQHandler
                0x0000000008008104                DMA2_Stream7_IRQHandler
                0x0000000008008104                EXTI9_5_IRQHandler
                0x0000000008008104                RTC_WKUP_IRQHandler
                0x0000000008008104                SPI2_IRQHandler
                0x0000000008008104                DMA1_Stream0_IRQHandler
                0x0000000008008104                FMPI2C1_ER_IRQHandler
                0x0000000008008104                EXTI4_IRQHandler
                0x0000000008008104                RNG_IRQHandler
                0x0000000008008104                TIM1_UP_IRQHandler
                0x0000000008008104                TIM1_TRG_COM_TIM11_IRQHandler
                0x0000000008008104                USART2_IRQHandler
                0x0000000008008104                I2C2_ER_IRQHandler
                0x0000000008008104                DMA2_Stream1_IRQHandler
                0x0000000008008104                FLASH_IRQHandler
                0x0000000008008104                DMA2_Stream4_IRQHandler
                0x0000000008008104                DMA1_Stream4_IRQHandler
                0x0000000008008104                I2C1_ER_IRQHandler
                0x0000000008008104                LPTIM1_IRQHandler
                0x0000000008008104                DMA2_Stream6_IRQHandler
                0x0000000008008104                DMA1_Stream3_IRQHandler
 .text._init    0x0000000008008106        0x2 obj/Release/src/stm32_libs/stm32f4xx/cmsis/system_hse100_stm32f410.o
                0x0000000008008106                _init
 .text.SystemInit
                0x0000000008008108       0xf0 obj/Release/src/stm32_libs/stm32f4xx/cmsis/system_hse100_stm32f410.o
                0x0000000008008108                SystemInit
 .text.NVIC_PriorityGroupConfig
                0x00000000080081f8       0x14 obj/Release/src/stm32_libs/stm32f4xx/spl/misc.o
                0x00000000080081f8                NVIC_PriorityGroupConfig
 .text.DMA_Init
                0x000000000800820c       0x54 obj/Release/src/stm32_libs/stm32f4xx/spl/stm32f4xx_dma.o
                0x000000000800820c                DMA_Init
 .text.DMA_StructInit
                0x0000000008008260       0x22 obj/Release/src/stm32_libs/stm32f4xx/spl/stm32f4xx_dma.o
                0x0000000008008260                DMA_StructInit
 *fill*         0x0000000008008282        0x2 
 .text.I2C_Init
                0x0000000008008284       0xc8 obj/Release/src/stm32_libs/stm32f4xx/spl/stm32f4xx_i2c.o
                0x0000000008008284                I2C_Init
 .text.I2C_Cmd  0x000000000800834c       0x16 obj/Release/src/stm32_libs/stm32f4xx/spl/stm32f4xx_i2c.o
                0x000000000800834c                I2C_Cmd
 .text.I2C_GenerateSTART
                0x0000000008008362       0x16 obj/Release/src/stm32_libs/stm32f4xx/spl/stm32f4xx_i2c.o
                0x0000000008008362                I2C_GenerateSTART
 .text.I2C_GenerateSTOP
                0x0000000008008378       0x16 obj/Release/src/stm32_libs/stm32f4xx/spl/stm32f4xx_i2c.o
                0x0000000008008378                I2C_GenerateSTOP
 .text.I2C_Send7bitAddress
                0x000000000800838e       0x12 obj/Release/src/stm32_libs/stm32f4xx/spl/stm32f4xx_i2c.o
                0x000000000800838e                I2C_Send7bitAddress
 .text.I2C_AcknowledgeConfig
                0x00000000080083a0       0x16 obj/Release/src/stm32_libs/stm32f4xx/spl/stm32f4xx_i2c.o
                0x00000000080083a0                I2C_AcknowledgeConfig
 .text.I2C_SendData
                0x00000000080083b6        0x4 obj/Release/src/stm32_libs/stm32f4xx/spl/stm32f4xx_i2c.o
                0x00000000080083b6                I2C_SendData
 .text.I2C_ReceiveData
                0x00000000080083ba        0x6 obj/Release/src/stm32_libs/stm32f4xx/spl/stm32f4xx_i2c.o
                0x00000000080083ba                I2C_ReceiveData
 .text.I2C_CheckEvent
                0x00000000080083c0       0x16 obj/Release/src/stm32_libs/stm32f4xx/spl/stm32f4xx_i2c.o
                0x00000000080083c0                I2C_CheckEvent
 .text.I2C_GetFlagStatus
                0x00000000080083d6       0x34 obj/Release/src/stm32_libs/stm32f4xx/spl/stm32f4xx_i2c.o
                0x00000000080083d6                I2C_GetFlagStatus
 .text.I2C_ClearFlag
                0x000000000800840a        0x8 obj/Release/src/stm32_libs/stm32f4xx/spl/stm32f4xx_i2c.o
                0x000000000800840a                I2C_ClearFlag
 *fill*         0x0000000008008412        0x2 
 .text.RCC_GetClocksFreq
                0x0000000008008414       0x88 obj/Release/src/stm32_libs/stm32f4xx/spl/stm32f4xx_rcc.o
                0x0000000008008414                RCC_GetClocksFreq
 .text.USART_Init
                0x000000000800849c       0xb0 obj/Release/src/stm32_libs/stm32f4xx/spl/stm32f4xx_usart.o
                0x000000000800849c                USART_Init
 .text.USART_Cmd
                0x000000000800854c       0x16 obj/Release/src/stm32_libs/stm32f4xx/spl/stm32f4xx_usart.o
                0x000000000800854c                USART_Cmd
 .text.USART_ReceiveData
                0x0000000008008562        0x8 obj/Release/src/stm32_libs/stm32f4xx/spl/stm32f4xx_usart.o
                0x0000000008008562                USART_ReceiveData
 .text.USART_ITConfig
                0x000000000800856a       0x32 obj/Release/src/stm32_libs/stm32f4xx/spl/stm32f4xx_usart.o
                0x000000000800856a                USART_ITConfig
 .text.Eeprom_init
                0x000000000800859c       0xa0 obj/Release/src/storage/eeprom.o
                0x000000000800859c                Eeprom_init
 .text.eeprom_wait
                0x000000000800863c       0xb0 obj/Release/src/storage/eeprom.o
                0x000000000800863c                eeprom_wait
 .text.eeprom_write_byte
                0x00000000080086ec      0x104 obj/Release/src/storage/eeprom.o
                0x00000000080086ec                eeprom_write_byte
 .text.eeprom_read_byte
                0x00000000080087f0      0x188 obj/Release/src/storage/eeprom.o
                0x00000000080087f0                eeprom_read_byte
 .text.eeprom_update_byte
                0x0000000008008978       0x58 obj/Release/src/storage/eeprom.o
                0x0000000008008978                eeprom_update_byte
 .text.Eeprom_load_data
                0x00000000080089d0       0x40 obj/Release/src/storage/eeprom.o
                0x00000000080089d0                Eeprom_load_data
 .text.Eeprom_update_data
                0x0000000008008a10       0x38 obj/Release/src/storage/eeprom.o
                0x0000000008008a10                Eeprom_update_data
 .text.getValue_t2D
                0x0000000008008a48       0xbc obj/Release/src/storage/table.o
                0x0000000008008a48                getValue_t2D
 .text.getValue_t3D
                0x0000000008008b04      0x2c6 obj/Release/src/storage/table.o
                0x0000000008008b04                getValue_t3D
 .text.load_t2D_data
                0x0000000008008dca        0xc obj/Release/src/storage/table.o
                0x0000000008008dca                load_t2D_data
 .text.load_t2D
                0x0000000008008dd6        0xe obj/Release/src/storage/table.o
                0x0000000008008dd6                load_t2D
 .text.load_t3D_data
                0x0000000008008de4        0xe obj/Release/src/storage/table.o
                0x0000000008008de4                load_t3D_data
 .text.store_t2D_data
                0x0000000008008df2        0xc obj/Release/src/storage/table.o
                0x0000000008008df2                store_t2D_data
 .text.store_t2D
                0x0000000008008dfe        0xe obj/Release/src/storage/table.o
                0x0000000008008dfe                store_t2D
 .text.store_t3D_data
                0x0000000008008e0c        0xe obj/Release/src/storage/table.o
                0x0000000008008e0c                store_t3D_data
 *fill*         0x0000000008008e1a        0x2 
 .text.show_t3D_data
                0x0000000008008e1c       0xa4 obj/Release/src/storage/table.o
                0x0000000008008e1c                show_t3D_data
 .text.show_t2D_data
                0x0000000008008ec0       0x64 obj/Release/src/storage/table.o
                0x0000000008008ec0                show_t2D_data
 .text.modify_t2D_data
                0x0000000008008f24        0xe obj/Release/src/storage/table.o
                0x0000000008008f24                modify_t2D_data
 .text.modify_t3D_data
                0x0000000008008f32       0x10 obj/Release/src/storage/table.o
                0x0000000008008f32                modify_t3D_data
 .text.send_t2D_data
                0x0000000008008f42        0x6 obj/Release/src/storage/table.o
                0x0000000008008f42                send_t2D_data
 .text.send_t3D_data
                0x0000000008008f48        0x8 obj/Release/src/storage/table.o
                0x0000000008008f48                send_t3D_data
 .text.allocate_timer_channel_1
                0x0000000008008f50       0x3c obj/Release/src/timing/scheduler.o
                0x0000000008008f50                allocate_timer_channel_1
 .text.reset_timer_channel_1
                0x0000000008008f8c       0x30 obj/Release/src/timing/scheduler.o
                0x0000000008008f8c                reset_timer_channel_1
 .text.allocate_timer_channel_2
                0x0000000008008fbc       0x3c obj/Release/src/timing/scheduler.o
                0x0000000008008fbc                allocate_timer_channel_2
 .text.reset_timer_channel_2
                0x0000000008008ff8       0x30 obj/Release/src/timing/scheduler.o
                0x0000000008008ff8                reset_timer_channel_2
 .text.allocate_timer_channel_3
                0x0000000008009028       0x3c obj/Release/src/timing/scheduler.o
                0x0000000008009028                allocate_timer_channel_3
 .text.reset_timer_channel_3
                0x0000000008009064       0x30 obj/Release/src/timing/scheduler.o
                0x0000000008009064                reset_timer_channel_3
 .text.allocate_timer_channel_4
                0x0000000008009094       0x3c obj/Release/src/timing/scheduler.o
                0x0000000008009094                allocate_timer_channel_4
 .text.reset_timer_channel_4
                0x00000000080090d0       0x30 obj/Release/src/timing/scheduler.o
                0x00000000080090d0                reset_timer_channel_4
 .text.init_Vital_Scheduler
                0x0000000008009100       0xd0 obj/Release/src/timing/scheduler.o
                0x0000000008009100                init_Vital_Scheduler
 .text.scheduler_reset_channel
                0x00000000080091d0       0x5c obj/Release/src/timing/scheduler.o
                0x00000000080091d0                scheduler_reset_channel
 .text.allocate_channel
                0x000000000800922c       0x8c obj/Release/src/timing/scheduler.o
                0x000000000800922c                allocate_channel
 .text.scheduler_set_channel
                0x00000000080092b8      0x108 obj/Release/src/timing/scheduler.o
                0x00000000080092b8                scheduler_set_channel
 .text.TIM5_IRQHandler
                0x00000000080093c0      0x128 obj/Release/src/timing/scheduler.o
                0x00000000080093c0                TIM5_IRQHandler
 .text.scheduler_diag_log_event
                0x00000000080094e8       0x28 obj/Release/src/timing/scheduler_diag.o
                0x00000000080094e8                scheduler_diag_log_event
 .text.print_scheduler_diag
                0x0000000008009510       0x68 obj/Release/src/timing/scheduler_diag.o
                0x0000000008009510                print_scheduler_diag
 .text.init_systick_timer
                0x0000000008009578       0x24 obj/Release/src/timing/systick_timer.o
                0x0000000008009578                init_systick_timer
 .text.get_timestamp_fraction_us
                0x000000000800959c       0x24 obj/Release/src/timing/systick_timer.o
                0x000000000800959c                get_timestamp_fraction_us
 .text.SysTick_Handler
                0x00000000080095c0       0xf4 obj/Release/src/timing/systick_timer.o
                0x00000000080095c0                SysTick_Handler
 .text.calc_rot_duration_us
                0x00000000080096b4        0xc obj/Release/src/utils/base_calc.o
                0x00000000080096b4                calc_rot_duration_us
 .text.calc_rot_angle_deg
                0x00000000080096c0       0x20 obj/Release/src/utils/base_calc.o
                0x00000000080096c0                calc_rot_angle_deg
 .text.calc_rpm
                0x00000000080096e0       0x20 obj/Release/src/utils/base_calc.o
                0x00000000080096e0                calc_rpm
 .text.sub_VU32
                0x0000000008009700       0x14 obj/Release/src/utils/base_calc.o
                0x0000000008009700                sub_VU32
 .text.subtract_U32
                0x0000000008009714        0xa obj/Release/src/utils/base_calc.o
                0x0000000008009714                subtract_U32
 .text.divide_U32
                0x000000000800971e       0x18 obj/Release/src/utils/base_calc.o
                0x000000000800971e                divide_U32
 *fill*         0x0000000008009736        0x2 
 .text.divide_F32
                0x0000000008009738       0x2c obj/Release/src/utils/base_calc.o
                0x0000000008009738                divide_F32
 .text.divide_float
                0x0000000008009764       0x28 obj/Release/src/utils/base_calc.o
                0x0000000008009764                divide_float
 .text.crank_position_after
                0x000000000800978c       0x14 obj/Release/src/utils/base_calc.o
                0x000000000800978c                crank_position_after
 .text.opposite_phase
                0x00000000080097a0       0x10 obj/Release/src/utils/base_calc.o
                0x00000000080097a0                opposite_phase
 .text.solve_linear
                0x00000000080097b0       0x48 obj/Release/src/utils/base_calc.o
                0x00000000080097b0                solve_linear
 .text.calc_ema
                0x00000000080097f8       0x42 obj/Release/src/utils/base_calc.o
                0x00000000080097f8                calc_ema
 *fill*         0x000000000800983a        0x2 
 .text.calc_derivative_s
                0x000000000800983c       0x44 obj/Release/src/utils/base_calc.o
                0x000000000800983c                calc_derivative_s
 .text.abs_F32  0x0000000008009880       0x24 obj/Release/src/utils/base_calc.o
                0x0000000008009880                abs_F32
 .text.getBit_BF8
                0x00000000080098a4       0x26 obj/Release/src/utils/bitfields.o