Archive member included to satisfy reference by file (symbol)

/opt/gcc-arm-none-eabi-7-2017-q4-major/bin/../lib/gcc/arm-none-eabi/7.2.1/../../../../arm-none-eabi/lib/thumb/v7e-m/fpv4-sp/hard/libc.a(lib_a-init.o)
                              obj/Release/src/stm32_libs/stm32f4xx/cmsis/startup_stm32f410xx.o (__libc_init_array)

Discarded input sections

 .text          0x0000000000000000        0x0 obj/Release/src/actors/act_hw.o
 .data          0x0000000000000000        0x0 obj/Release/src/actors/act_hw.o
 .bss           0x0000000000000000        0x0 obj/Release/src/actors/act_hw.o
 .text.set_act1
                0x0000000000000000       0x20 obj/Release/src/actors/act_hw.o
 .text.set_act2
                0x0000000000000000       0x20 obj/Release/src/actors/act_hw.o
 .text.init_act_hw
                0x0000000000000000       0x4c obj/Release/src/actors/act_hw.o
 .comment       0x0000000000000000       0x7f obj/Release/src/actors/act_hw.o
 .ARM.attributes
                0x0000000000000000       0x39 obj/Release/src/actors/act_hw.o
 .text          0x0000000000000000        0x0 obj/Release/src/actors/act_logic.o
 .data          0x0000000000000000        0x0 obj/Release/src/actors/act_logic.o
 .bss           0x0000000000000000        0x0 obj/Release/src/actors/act_logic.o
 .text.init_act_logic
                0x0000000000000000        0x2 obj/Release/src/actors/act_logic.o
 .comment       0x0000000000000000       0x7f obj/Release/src/actors/act_logic.o
 .ARM.attributes
                0x0000000000000000       0x39 obj/Release/src/actors/act_logic.o
 .text          0x0000000000000000        0x0 obj/Release/src/com/serial_buffer.o
 .data          0x0000000000000000        0x0 obj/Release/src/com/serial_buffer.o
 .bss           0x0000000000000000        0x0 obj/Release/src/com/serial_buffer.o
 .text          0x0000000000000000        0x0 obj/Release/src/com/serial_monitor.o
 .data          0x0000000000000000        0x0 obj/Release/src/com/serial_monitor.o
 .bss           0x0000000000000000        0x0 obj/Release/src/com/serial_monitor.o
 .comment       0x0000000000000000       0x7f obj/Release/src/com/serial_monitor.o
 .ARM.attributes
                0x0000000000000000       0x39 obj/Release/src/com/serial_monitor.o
 .text          0x0000000000000000        0x0 obj/Release/src/com/Tuareg_console.o
 .data          0x0000000000000000        0x0 obj/Release/src/com/Tuareg_console.o
 .bss           0x0000000000000000        0x0 obj/Release/src/com/Tuareg_console.o
 .rodata.cTSmaxChunkLen
                0x0000000000000000        0x4 obj/Release/src/com/Tuareg_console.o
 .rodata.cTSmaxOffset
                0x0000000000000000        0x4 obj/Release/src/com/Tuareg_console.o
 .text          0x0000000000000000        0x0 obj/Release/src/com/TunerStudio.o
 .data          0x0000000000000000        0x0 obj/Release/src/com/TunerStudio.o
 .bss           0x0000000000000000        0x0 obj/Release/src/com/TunerStudio.o
 .text          0x0000000000000000        0x0 obj/Release/src/com/TunerStudio_outChannel.o
 .data          0x0000000000000000        0x0 obj/Release/src/com/TunerStudio_outChannel.o
 .bss           0x0000000000000000        0x0 obj/Release/src/com/TunerStudio_outChannel.o
 .rodata.cOut_size
                0x0000000000000000        0x4 obj/Release/src/com/TunerStudio_outChannel.o
 .rodata.pOut_data
                0x0000000000000000        0x4 obj/Release/src/com/TunerStudio_outChannel.o
 .text          0x0000000000000000        0x0 obj/Release/src/com/TunerStudio_service.o
 .data          0x0000000000000000        0x0 obj/Release/src/com/TunerStudio_service.o
 .bss           0x0000000000000000        0x0 obj/Release/src/com/TunerStudio_service.o
 .text          0x0000000000000000        0x0 obj/Release/src/com/uart.o
 .data          0x0000000000000000        0x0 obj/Release/src/com/uart.o
 .bss           0x0000000000000000        0x0 obj/Release/src/com/uart.o
 .text.UART_listen
                0x0000000000000000        0xa obj/Release/src/com/uart.o
 .text.UART_nolisten
                0x0000000000000000        0xa obj/Release/src/com/uart.o
 .text          0x0000000000000000        0x0 obj/Release/src/com/uart_printf.o
 .data          0x0000000000000000        0x0 obj/Release/src/com/uart_printf.o
 .bss           0x0000000000000000        0x0 obj/Release/src/com/uart_printf.o
 .text.printf_S
                0x0000000000000000       0x20 obj/Release/src/com/uart_printf.o
 .text.printf_U8
                0x0000000000000000       0x42 obj/Release/src/com/uart_printf.o
 .text.printf_U32hex
                0x0000000000000000       0x30 obj/Release/src/com/uart_printf.o
 .text          0x0000000000000000        0x0 obj/Release/src/config/Tuareg_control_sets.o
 .data          0x0000000000000000        0x0 obj/Release/src/config/Tuareg_control_sets.o
 .bss           0x0000000000000000        0x0 obj/Release/src/config/Tuareg_control_sets.o
 .text.load_Control_MAP
[...]
Memory Configuration

Name             Origin             Length             Attributes
FLASH            0x0000000008000000 0x0000000000020000 xr
RAM              0x0000000020000000 0x0000000000008000 xrw
MEMORY_B1        0x0000000060000000 0x0000000000000000 xr
*default*        0x0000000000000000 0xffffffffffffffff

Linker script and memory map

LOAD obj/Release/src/actors/act_hw.o
LOAD obj/Release/src/actors/act_logic.o
LOAD obj/Release/src/com/serial_buffer.o
LOAD obj/Release/src/com/serial_monitor.o
LOAD obj/Release/src/com/Tuareg_console.o
LOAD obj/Release/src/com/TunerStudio.o
LOAD obj/Release/src/com/TunerStudio_outChannel.o
LOAD obj/Release/src/com/TunerStudio_service.o
LOAD obj/Release/src/com/uart.o
LOAD obj/Release/src/com/uart_printf.o
LOAD obj/Release/src/config/Tuareg_control_sets.o
LOAD obj/Release/src/dash/dash_hw.o
LOAD obj/Release/src/dash/Tuareg_dash.o
LOAD obj/Release/src/debug/debug.o
LOAD obj/Release/src/debug/debug_port_messages.o
LOAD obj/Release/src/debug/dwt.o
LOAD obj/Release/src/decoder/decoder_cis.o
LOAD obj/Release/src/decoder/decoder_config.o
LOAD obj/Release/src/decoder/decoder_debug.o
LOAD obj/Release/src/decoder/decoder_diag.o
LOAD obj/Release/src/decoder/decoder_hw.o
LOAD obj/Release/src/decoder/decoder_logic.o
LOAD obj/Release/src/decoder/Tuareg_decoder.o
LOAD obj/Release/src/diagnostics/diagnostics.o
LOAD obj/Release/src/diagnostics/fault_log.o
LOAD obj/Release/src/diagnostics/highspeed_loggers.o
LOAD obj/Release/src/diagnostics/syslog.o
LOAD obj/Release/src/fueling/accel_comp.o
LOAD obj/Release/src/fueling/fueling_config.o
LOAD obj/Release/src/fueling/fueling_corrections.o
LOAD obj/Release/src/fueling/fueling_diag.o
LOAD obj/Release/src/fueling/fueling_hw.o
LOAD obj/Release/src/fueling/injector_parameters.o
LOAD obj/Release/src/fueling/Tuareg_fueling.o
LOAD obj/Release/src/fueling/Tuareg_fueling_controls.o
LOAD obj/Release/src/ignition/ignition_config.o
LOAD obj/Release/src/ignition/ignition_diag.o
LOAD obj/Release/src/ignition/ignition_hw.o
LOAD obj/Release/src/ignition/Tuareg_ignition.o
LOAD obj/Release/src/ignition/Tuareg_ignition_controls.o
LOAD obj/Release/src/main/main.o
LOAD obj/Release/src/main/Tuareg.o
LOAD obj/Release/src/main/Tuareg_config.o
LOAD obj/Release/src/main/Tuareg_controls.o
LOAD obj/Release/src/main/Tuareg_diag.o
LOAD obj/Release/src/main/Tuareg_errors.o
LOAD obj/Release/src/main/Tuareg_ID.o
LOAD obj/Release/src/main/Tuareg_process_data.o
LOAD obj/Release/src/main/Tuareg_service_functions.o
LOAD obj/Release/src/main/Tuareg_types.o
LOAD obj/Release/src/module_test/module_test.o
LOAD obj/Release/src/process_table/process_table.o
LOAD obj/Release/src/sensors/analog_sensors.o
LOAD obj/Release/src/sensors/digital_sensors.o
LOAD obj/Release/src/sensors/knock_sensor.o
LOAD obj/Release/src/sensors/sensor_calibration.o
LOAD obj/Release/src/sensors/sensors_diag.o
LOAD obj/Release/src/sensors/Tuareg_sensors.o
LOAD obj/Release/src/stm32_libs/stm32f4xx/boctok/stm32f4xx_adc_boctok.o
LOAD obj/Release/src/stm32_libs/stm32f4xx/boctok/stm32f4xx_fault_handler_boctok.o
LOAD obj/Release/src/stm32_libs/stm32f4xx/boctok/stm32f4xx_gpio_boctok.o
LOAD obj/Release/src/stm32_libs/stm32f4xx/cmsis/startup_stm32f410xx.o
LOAD obj/Release/src/stm32_libs/stm32f4xx/cmsis/system_hse100_stm32f410.o
LOAD obj/Release/src/stm32_libs/stm32f4xx/spl/misc.o
LOAD obj/Release/src/stm32_libs/stm32f4xx/spl/stm32f4xx_dma.o
LOAD obj/Release/src/stm32_libs/stm32f4xx/spl/stm32f4xx_i2c.o
LOAD obj/Release/src/stm32_libs/stm32f4xx/spl/stm32f4xx_rcc.o
LOAD obj/Release/src/stm32_libs/stm32f4xx/spl/stm32f4xx_usart.o
LOAD obj/Release/src/storage/ctrlset.o
LOAD obj/Release/src/storage/eeprom.o
LOAD obj/Release/src/storage/map.o
LOAD obj/Release/src/storage/table.o
LOAD obj/Release/src/timing/lowprio_scheduler.o
LOAD obj/Release/src/timing/scheduler.o
LOAD obj/Release/src/timing/scheduler_diag.o
LOAD obj/Release/src/timing/systick_timer.o
LOAD obj/Release/src/utils/base_calc.o
LOAD obj/Release/src/utils/bitfields.o
LOAD obj/Release/src/utils/conversion.o
                0x0000000020008000                _estack = 0x20008000
                0x0000000000000000                _Min_Heap_Size = 0x0
                0x0000000000000100                _Min_Stack_Size = 0x100

.isr_vector     0x0000000008000000      0x1c8
                0x0000000008000000                . = ALIGN (0x4)
 *(.isr_vector)
 .isr_vector    0x0000000008000000      0x1c8 obj/Release/src/stm32_libs/stm32f4xx/cmsis/startup_stm32f410xx.o
                0x0000000008000000                g_pfnVectors
                0x00000000080001c8                . = ALIGN (0x4)

.text           0x00000000080001c8     0xbfac
                0x00000000080001c8                . = ALIGN (0x4)
 *(.text)
 *(.text*)
 .text.ComRx_Buffer_reset
                0x00000000080001c8       0x3c obj/Release/src/com/serial_buffer.o
                0x00000000080001c8                ComRx_Buffer_reset
 .text.ComRx_Buffer_avail
                0x0000000008000204        0xc obj/Release/src/com/serial_buffer.o
                0x0000000008000204                ComRx_Buffer_avail
 .text.ComRx_Buffer_push
                0x0000000008000210       0x50 obj/Release/src/com/serial_buffer.o
                0x0000000008000210                ComRx_Buffer_push
 .text.ComRx_Buffer_pull
                0x0000000008000260       0x44 obj/Release/src/com/serial_buffer.o
                0x0000000008000260                ComRx_Buffer_pull
 .text.ComRx_Buffer_pull_U16
                0x00000000080002a4       0x30 obj/Release/src/com/serial_buffer.o
                0x00000000080002a4                ComRx_Buffer_pull_U16
 .text.ComRx_Buffer_pull_U32
                0x00000000080002d4       0x56 obj/Release/src/com/serial_buffer.o
                0x00000000080002d4                ComRx_Buffer_pull_U32
 *fill*         0x000000000800032a        0x2 
 .text.cli_showPage
                0x000000000800032c       0x84 obj/Release/src/com/Tuareg_console.o
                0x000000000800032c                cli_showPage
 .text.cli_setPermissions
                0x00000000080003b0      0x134 obj/Release/src/com/Tuareg_console.o
                0x00000000080003b0                cli_setPermissions
 .text.cli_show_help
                0x00000000080004e4       0x9c obj/Release/src/com/Tuareg_console.o
                0x00000000080004e4                cli_show_help
 .text.Tuareg_update_console
                0x0000000008000580      0x290 obj/Release/src/com/Tuareg_console.o
                0x0000000008000580                Tuareg_update_console
 .text.cli_cyclic_update
                0x0000000008000810       0x1c obj/Release/src/com/Tuareg_console.o
                0x0000000008000810                cli_cyclic_update
 .text.Tuareg_init_console
                0x000000000800082c       0x18 obj/Release/src/com/Tuareg_console.o
                0x000000000800082c                Tuareg_init_console
 .text.ts_readPage
                0x0000000008000844       0x8c obj/Release/src/com/TunerStudio.o
                0x0000000008000844                ts_readPage
 .text.ts_valueWrite
                0x00000000080008d0      0x150 obj/Release/src/com/TunerStudio.o
                0x00000000080008d0                ts_valueWrite
 .text.ts_burnPage
                0x0000000008000a20       0xa0 obj/Release/src/com/TunerStudio.o
                0x0000000008000a20                ts_burnPage
 .text.ts_tuareg_bits
                0x0000000008000ac0      0x1f0 obj/Release/src/com/TunerStudio_outChannel.o
                0x0000000008000ac0                ts_tuareg_bits
 .text.ts_sendOutputChannels
                0x0000000008000cb0      0x130 obj/Release/src/com/TunerStudio_outChannel.o
                0x0000000008000cb0                ts_sendOutputChannels
 .text.ts_debug_features
                0x0000000008000de0       0xc4 obj/Release/src/com/TunerStudio_service.o
                0x0000000008000de0                ts_debug_features
 .text.cli_show_debug_help
                0x0000000008000ea4       0xc0 obj/Release/src/com/TunerStudio_service.o
                0x0000000008000ea4                cli_show_debug_help
 .text.cli_show_process_data
                0x0000000008000f64      0x114 obj/Release/src/com/TunerStudio_service.o
                0x0000000008000f64                cli_show_process_data
 .text.cli_show_ignition_controls
                0x0000000008001078      0x108 obj/Release/src/com/TunerStudio_service.o
                0x0000000008001078                cli_show_ignition_controls
 .text.cli_show_fueling_controls
                0x0000000008001180      0x358 obj/Release/src/com/TunerStudio_service.o
                0x0000000008001180                cli_show_fueling_controls
 .text.cli_show_decoder_interface
                0x00000000080014d8      0x124 obj/Release/src/com/TunerStudio_service.o
                0x00000000080014d8                cli_show_decoder_interface
 .text.cli_print_sensor_data
                0x00000000080015fc      0x21c obj/Release/src/com/TunerStudio_service.o
                0x00000000080015fc                cli_print_sensor_data
 .text.ts_debug_info
                0x0000000008001818       0xd8 obj/Release/src/com/TunerStudio_service.o
                0x0000000008001818                ts_debug_info
 .text.UART_TS_PORT_Init
                0x00000000080018f0       0xa0 obj/Release/src/com/uart.o
                0x00000000080018f0                UART_TS_PORT_Init
 .text.UART_DEBUG_PORT_Init
                0x0000000008001990       0x68 obj/Release/src/com/uart.o
                0x0000000008001990                UART_DEBUG_PORT_Init
 .text.UART_Tx  0x00000000080019f8        0xc obj/Release/src/com/uart.o
                0x00000000080019f8                UART_Tx
 .text.UART_send_data
                0x0000000008001a04       0x1a obj/Release/src/com/uart.o
                0x0000000008001a04                UART_send_data
 *fill*         0x0000000008001a1e        0x2 
 .text.USART1_IRQHandler
                0x0000000008001a20       0x30 obj/Release/src/com/uart.o
                0x0000000008001a20                USART1_IRQHandler
 .text.printf_U
                0x0000000008001a50      0x164 obj/Release/src/com/uart_printf.o
                0x0000000008001a50                printf_U
 .text.printf_F32
                0x0000000008001bb4       0xcc obj/Release/src/com/uart_printf.o
                0x0000000008001bb4                printf_F32
 .text.printf_nib_hex
                0x0000000008001c80       0x10 obj/Release/src/com/uart_printf.o
                0x0000000008001c80                printf_nib_hex
 .text.print    0x0000000008001c90       0x16 obj/Release/src/com/uart_printf.o
                0x0000000008001c90                print
 *fill*         0x0000000008001ca6        0x2 
 .text.printf_U8hex
                0x0000000008001ca8       0x38 obj/Release/src/com/uart_printf.o
                0x0000000008001ca8                printf_U8hex
 .text.printf_crkpos
                0x0000000008001ce0       0x6c obj/Release/src/com/uart_printf.o
                0x0000000008001ce0                printf_crkpos
 .text.printf_phase
                0x0000000008001d4c       0x30 obj/Release/src/com/uart_printf.o
                0x0000000008001d4c                printf_phase
 .text.printf_decoder_sensing
                0x0000000008001d7c       0x54 obj/Release/src/com/uart_printf.o
                0x0000000008001d7c                printf_decoder_sensing
 .text.print_flash
                0x0000000008001dd0        0x4 obj/Release/src/com/uart_printf.o
                0x0000000008001dd0                print_flash
 .text.set_mil_hw
                0x0000000008001dd4       0x3c obj/Release/src/dash/dash_hw.o
                0x0000000008001dd4                set_mil_hw
 .text.init_dash_hw
                0x0000000008001e10       0x78 obj/Release/src/dash/dash_hw.o
                0x0000000008001e10                init_dash_hw
 .text.set_tachometer_compare
                0x0000000008001e88       0x28 obj/Release/src/dash/dash_hw.o
                0x0000000008001e88                set_tachometer_compare
 .text.update_tachometer
                0x0000000008001eb0       0x3c obj/Release/src/dash/Tuareg_dash.o
                0x0000000008001eb0                update_tachometer
 .text.set_mil  0x0000000008001eec       0x58 obj/Release/src/dash/Tuareg_dash.o
                0x0000000008001eec                set_mil
 .text.update_mil
                0x0000000008001f44       0xb8 obj/Release/src/dash/Tuareg_dash.o
                0x0000000008001f44                update_mil
 .text.init_dash
                0x0000000008001ffc       0x10 obj/Release/src/dash/Tuareg_dash.o
                0x0000000008001ffc                init_dash
 .text.update_dash
                0x000000000800200c        0xe obj/Release/src/dash/Tuareg_dash.o
                0x000000000800200c                update_dash
 *fill*         0x000000000800201a        0x2 
 .text.DebugMsg_Warning
                0x000000000800201c       0x24 obj/Release/src/debug/debug_port_messages.o
                0x000000000800201c                DebugMsg_Warning
 .text.decoder_update_cis
                0x0000000008002040      0x188 obj/Release/src/decoder/decoder_cis.o
                0x0000000008002040                decoder_update_cis
 .text.decoder_cis_handler
                0x00000000080021c8       0x9c obj/Release/src/decoder/decoder_cis.o
                0x00000000080021c8                decoder_cis_handler
 .text.decoder_cis_noisefilter_handler
                0x0000000008002264        0x4 obj/Release/src/decoder/decoder_cis.o
                0x0000000008002264                decoder_cis_noisefilter_handler
 .text.enable_cis
                0x0000000008002268       0x4c obj/Release/src/decoder/decoder_cis.o
                0x0000000008002268                enable_cis
 .text.disable_cis
                0x00000000080022b4        0xe obj/Release/src/decoder/decoder_cis.o
                0x00000000080022b4                disable_cis
 *fill*         0x00000000080022c2        0x2 
 .text.load_Decoder_Setup
                0x00000000080022c4       0x1c obj/Release/src/decoder/decoder_config.o
                0x00000000080022c4                load_Decoder_Setup
 .text.load_essential_Decoder_Setup
                0x00000000080022e0       0x3c obj/Release/src/decoder/decoder_config.o
                0x00000000080022e0                load_essential_Decoder_Setup
 .text.store_Decoder_Setup
                0x000000000800231c       0x10 obj/Release/src/decoder/decoder_config.o
                0x000000000800231c                store_Decoder_Setup
 .text.show_Decoder_Setup
                0x000000000800232c      0x154 obj/Release/src/decoder/decoder_config.o
                0x000000000800232c                show_Decoder_Setup
 .text.modify_Decoder_Setup
                0x0000000008002480       0x18 obj/Release/src/decoder/decoder_config.o
                0x0000000008002480                modify_Decoder_Setup
 .text.send_Decoder_Setup
                0x0000000008002498        0xc obj/Release/src/decoder/decoder_config.o
                0x0000000008002498                send_Decoder_Setup
 .text.decoder_diag_log_event
                0x00000000080024a4       0x28 obj/Release/src/decoder/decoder_diag.o
                0x00000000080024a4                decoder_diag_log_event
 .text.print_decoder_diag
                0x00000000080024cc       0x68 obj/Release/src/decoder/decoder_diag.o
                0x00000000080024cc                print_decoder_diag
 .text.decoder_stop_timer
                0x0000000008002534       0x1c obj/Release/src/decoder/decoder_hw.o
                0x0000000008002534                decoder_stop_timer
 .text.update_crank_noisefilter
                0x0000000008002550       0x40 obj/Release/src/decoder/decoder_hw.o
                0x0000000008002550                update_crank_noisefilter
 .text.update_cam_noisefilter
                0x0000000008002590       0x40 obj/Release/src/decoder/decoder_hw.o
                0x0000000008002590                update_cam_noisefilter
 .text.decoder_mask_crank_irq
                0x00000000080025d0       0x10 obj/Release/src/decoder/decoder_hw.o
                0x00000000080025d0                decoder_mask_crank_irq
 .text.decoder_unmask_crank_irq
                0x00000000080025e0       0x14 obj/Release/src/decoder/decoder_hw.o
                0x00000000080025e0                decoder_unmask_crank_irq
 .text.decoder_mask_cis_irq
                0x00000000080025f4       0x10 obj/Release/src/decoder/decoder_hw.o
                0x00000000080025f4                decoder_mask_cis_irq
 .text.decoder_unmask_cis_irq
                0x0000000008002604       0x14 obj/Release/src/decoder/decoder_hw.o
                0x0000000008002604                decoder_unmask_cis_irq
 .text.set_crank_pickup_sensing_rise
                0x0000000008002618       0x24 obj/Release/src/decoder/decoder_hw.o
                0x0000000008002618                set_crank_pickup_sensing_rise
 .text.set_crank_pickup_sensing_fall
                0x000000000800263c       0x24 obj/Release/src/decoder/decoder_hw.o
                0x000000000800263c                set_crank_pickup_sensing_fall
 .text.set_crank_pickup_sensing_disabled
                0x0000000008002660       0x24 obj/Release/src/decoder/decoder_hw.o
                0x0000000008002660                set_crank_pickup_sensing_disabled
 .text.set_cis_sensing_rise
                0x0000000008002684       0x24 obj/Release/src/decoder/decoder_hw.o
                0x0000000008002684                set_cis_sensing_rise
 .text.set_cis_sensing_fall
                0x00000000080026a8       0x24 obj/Release/src/decoder/decoder_hw.o
                0x00000000080026a8                set_cis_sensing_fall
 .text.set_cis_sensing_disabled
                0x00000000080026cc       0x24 obj/Release/src/decoder/decoder_hw.o
                0x00000000080026cc                set_cis_sensing_disabled
 .text.decoder_set_crank_pickup_sensing
                0x00000000080026f0       0x3c obj/Release/src/decoder/decoder_hw.o
                0x00000000080026f0                decoder_set_crank_pickup_sensing
 .text.decoder_set_cis_sensing
                0x000000000800272c       0x3c obj/Release/src/decoder/decoder_hw.o
                0x000000000800272c                decoder_set_cis_sensing
 .text.trigger_decoder_irq
                0x0000000008002768       0x14 obj/Release/src/decoder/decoder_hw.o
                0x0000000008002768                trigger_decoder_irq
 .text.init_decoder_hw
                0x000000000800277c       0xcc obj/Release/src/decoder/decoder_hw.o
                0x000000000800277c                init_decoder_hw
 .text.decoder_get_timestamp
                0x0000000008002848        0xc obj/Release/src/decoder/decoder_hw.o
                0x0000000008002848                decoder_get_timestamp
 .text.decoder_set_timer_continuous_mode_on
                0x0000000008002854       0x1c obj/Release/src/decoder/decoder_hw.o
                0x0000000008002854                decoder_set_timer_continuous_mode_on
 .text.decoder_set_timer_continuous_mode_off
                0x0000000008002870       0x1c obj/Release/src/decoder/decoder_hw.o
                0x0000000008002870                decoder_set_timer_continuous_mode_off
 .text.decoder_start_timer
                0x000000000800288c       0x5c obj/Release/src/decoder/decoder_hw.o
                0x000000000800288c                decoder_start_timer
 .text.decoder_request_timer_reset
                0x00000000080028e8       0x10 obj/Release/src/decoder/decoder_hw.o
                0x00000000080028e8                decoder_request_timer_reset
 .text.disable_decoder_hw
                0x00000000080028f8       0x3c obj/Release/src/decoder/decoder_hw.o
                0x00000000080028f8                disable_decoder_hw
 .text.EXTI0_IRQHandler
                0x0000000008002934       0x60 obj/Release/src/decoder/decoder_hw.o
                0x0000000008002934                EXTI0_IRQHandler
 .text.TIM1_BRK_TIM9_IRQHandler
                0x0000000008002994       0x74 obj/Release/src/decoder/decoder_hw.o
                0x0000000008002994                TIM1_BRK_TIM9_IRQHandler
 .text.EXTI1_IRQHandler
                0x0000000008002a08       0x1c obj/Release/src/decoder/decoder_hw.o
                0x0000000008002a08                EXTI1_IRQHandler
 .text.reset_timeout_counter
                0x0000000008002a24       0x14 obj/Release/src/decoder/decoder_logic.o
                0x0000000008002a24                reset_timeout_counter
 .text.reset_timing_output
                0x0000000008002a38       0x2c obj/Release/src/decoder/decoder_logic.o
                0x0000000008002a38                reset_timing_output
 .text.reset_position_data
                0x0000000008002a64       0x34 obj/Release/src/decoder/decoder_logic.o
                0x0000000008002a64                reset_position_data
 .text.reset_internal_data
                0x0000000008002a98       0x1c obj/Release/src/decoder/decoder_logic.o
                0x0000000008002a98                reset_internal_data
 .text.decoder_set_state
                0x0000000008002ab4       0x24 obj/Release/src/decoder/decoder_logic.o
                0x0000000008002ab4                decoder_set_state
 .text.check_sync_ratio
                0x0000000008002ad8       0x74 obj/Release/src/decoder/decoder_logic.o
                0x0000000008002ad8                check_sync_ratio
 .text.check_sync_ratio_async
                0x0000000008002b4c       0x5c obj/Release/src/decoder/decoder_logic.o
                0x0000000008002b4c                check_sync_ratio_async
 .text.update_timing_data
                0x0000000008002ba8       0xec obj/Release/src/decoder/decoder_logic.o
                0x0000000008002ba8                update_timing_data
 .text.init_decoder_logic
                0x0000000008002c94       0x24 obj/Release/src/decoder/decoder_logic.o
                0x0000000008002c94                init_decoder_logic
 .text.disable_decoder_logic
                0x0000000008002cb8       0x18 obj/Release/src/decoder/decoder_logic.o
                0x0000000008002cb8                disable_decoder_logic
 .text.decoder_crank_handler
                0x0000000008002cd0      0x140 obj/Release/src/decoder/decoder_logic.o
                0x0000000008002cd0                decoder_crank_handler
 .text.decoder_crank_noisefilter_handler
                0x0000000008002e10        0x4 obj/Release/src/decoder/decoder_logic.o
                0x0000000008002e10                decoder_crank_noisefilter_handler
 .text.decoder_crank_timeout_handler
                0x0000000008002e14       0x3c obj/Release/src/decoder/decoder_logic.o
                0x0000000008002e14                decoder_crank_timeout_handler
 .text.init_Decoder
                0x0000000008002e50       0x68 obj/Release/src/decoder/Tuareg_decoder.o
                0x0000000008002e50                init_Decoder
 .text.disable_Decoder
                0x0000000008002eb8       0x28 obj/Release/src/decoder/Tuareg_decoder.o
                0x0000000008002eb8                disable_Decoder
 .text.decoder_get_position_data_age_us
                0x0000000008002ee0       0x28 obj/Release/src/decoder/Tuareg_decoder.o
                0x0000000008002ee0                decoder_get_position_data_age_us
 .text.copy_diag_data
                0x0000000008002f08       0x48 obj/Release/src/diagnostics/diagnostics.o
                0x0000000008002f08                copy_diag_data
 .text.get_diag_data
                0x0000000008002f50       0x24 obj/Release/src/diagnostics/diagnostics.o
                0x0000000008002f50                get_diag_data
 .text.release_diag_shadow
                0x0000000008002f74        0xc obj/Release/src/diagnostics/diagnostics.o
                0x0000000008002f74                release_diag_shadow
 .text.load_Fault_Log
                0x0000000008002f80       0x1c obj/Release/src/diagnostics/fault_log.o
                0x0000000008002f80                load_Fault_Log
 .text.load_void_Fault_Log
                0x0000000008002f9c       0x18 obj/Release/src/diagnostics/fault_log.o
                0x0000000008002f9c                load_void_Fault_Log
 .text.init_Fault_Log
                0x0000000008002fb4       0x4c obj/Release/src/diagnostics/fault_log.o
                0x0000000008002fb4                init_Fault_Log
 .text.store_Fault_Log
                0x0000000008003000       0x10 obj/Release/src/diagnostics/fault_log.o
                0x0000000008003000                store_Fault_Log
 .text.log_Fault
                0x0000000008003010       0x68 obj/Release/src/diagnostics/fault_log.o
                0x0000000008003010                log_Fault
 .text.show_Fault_Log
                0x0000000008003078       0x74 obj/Release/src/diagnostics/fault_log.o
                0x0000000008003078                show_Fault_Log
 .text.clear_Fault_Log
                0x00000000080030ec       0x18 obj/Release/src/diagnostics/fault_log.o
                0x00000000080030ec                clear_Fault_Log
 .text.Erase_Fault_Log
                0x0000000008003104       0x3c obj/Release/src/diagnostics/fault_log.o
                0x0000000008003104                Erase_Fault_Log
 .text.send_Fault_Log
                0x0000000008003140        0xc obj/Release/src/diagnostics/fault_log.o
                0x0000000008003140                send_Fault_Log
 .text.clear_highspeedlog
                0x000000000800314c       0x14 obj/Release/src/diagnostics/highspeed_loggers.o
                0x000000000800314c                clear_highspeedlog
 .text.highspeedlog_init
                0x0000000008003160       0x14 obj/Release/src/diagnostics/highspeed_loggers.o
                0x0000000008003160                highspeedlog_init
 .text.highspeedlog_register_error
                0x0000000008003174        0x2 obj/Release/src/diagnostics/highspeed_loggers.o
                0x0000000008003174                highspeedlog_register_error
 *fill*         0x0000000008003176        0x2 
 .text.highspeedlog_write
                0x0000000008003178       0xc0 obj/Release/src/diagnostics/highspeed_loggers.o
                0x0000000008003178                highspeedlog_write
 .text.highspeedlog_register_crankpos
                0x0000000008003238        0x6 obj/Release/src/diagnostics/highspeed_loggers.o
                0x0000000008003238                highspeedlog_register_crankpos
 *fill*         0x000000000800323e        0x2 
 .text.highspeedlog_register_cis_lobe_begin
                0x0000000008003240       0x10 obj/Release/src/diagnostics/highspeed_loggers.o
                0x0000000008003240                highspeedlog_register_cis_lobe_begin
 .text.highspeedlog_register_cis_lobe_end
                0x0000000008003250       0x10 obj/Release/src/diagnostics/highspeed_loggers.o
                0x0000000008003250                highspeedlog_register_cis_lobe_end
 .text.highspeedlog_register_coil1_power
                0x0000000008003260        0x6 obj/Release/src/diagnostics/highspeed_loggers.o
                0x0000000008003260                highspeedlog_register_coil1_power
 .text.highspeedlog_register_coil1_unpower
                0x0000000008003266        0x6 obj/Release/src/diagnostics/highspeed_loggers.o
                0x0000000008003266                highspeedlog_register_coil1_unpower
 .text.highspeedlog_register_coil2_power
                0x000000000800326c        0x6 obj/Release/src/diagnostics/highspeed_loggers.o
                0x000000000800326c                highspeedlog_register_coil2_power
 .text.highspeedlog_register_coil2_unpower
                0x0000000008003272        0x6 obj/Release/src/diagnostics/highspeed_loggers.o
                0x0000000008003272                highspeedlog_register_coil2_unpower
 .text.highspeedlog_register_injector1_power
                0x0000000008003278        0x6 obj/Release/src/diagnostics/highspeed_loggers.o
                0x0000000008003278                highspeedlog_register_injector1_power
 .text.highspeedlog_register_injector1_unpower
                0x000000000800327e        0x6 obj/Release/src/diagnostics/highspeed_loggers.o
                0x000000000800327e                highspeedlog_register_injector1_unpower
 .text.highspeedlog_register_injector2_power
                0x0000000008003284        0x6 obj/Release/src/diagnostics/highspeed_loggers.o
                0x0000000008003284                highspeedlog_register_injector2_power
 .text.highspeedlog_register_injector2_unpower
                0x000000000800328a        0x6 obj/Release/src/diagnostics/highspeed_loggers.o
                0x000000000800328a                highspeedlog_register_injector2_unpower
 .text.send_highspeedlog
                0x0000000008003290       0xc4 obj/Release/src/diagnostics/highspeed_loggers.o
                0x0000000008003290                send_highspeedlog
 .text.show_highspeedlog
                0x0000000008003354      0x150 obj/Release/src/diagnostics/highspeed_loggers.o
                0x0000000008003354                show_highspeedlog
 .text.clear_syslog
                0x00000000080034a4       0x38 obj/Release/src/diagnostics/syslog.o
                0x00000000080034a4                clear_syslog
 .text.Syslog_init
                0x00000000080034dc       0x18 obj/Release/src/diagnostics/syslog.o
                0x00000000080034dc                Syslog_init
 .text.Syslog_Error
                0x00000000080034f4       0x48 obj/Release/src/diagnostics/syslog.o
                0x00000000080034f4                Syslog_Error
 .text.Syslog_Fatal
                0x000000000800353c       0x38 obj/Release/src/diagnostics/syslog.o
                0x000000000800353c                Syslog_Fatal
 .text.Syslog_Warning
                0x0000000008003574       0x6c obj/Release/src/diagnostics/syslog.o
                0x0000000008003574                Syslog_Warning
 .text.Syslog_Info
                0x00000000080035e0       0x68 obj/Release/src/diagnostics/syslog.o
                0x00000000080035e0                Syslog_Info
 .text.show_syslog
                0x0000000008003648      0x130 obj/Release/src/diagnostics/syslog.o
                0x0000000008003648                show_syslog
 .text.send_syslog
                0x0000000008003778       0x20 obj/Release/src/diagnostics/syslog.o
                0x0000000008003778                send_syslog
 .text.update_load_transient_comp
                0x0000000008003798       0x16 obj/Release/src/fueling/accel_comp.o
                0x0000000008003798                update_load_transient_comp
 .text.disable_legacy_AE
                0x00000000080037ae       0x46 obj/Release/src/fueling/accel_comp.o
                0x00000000080037ae                disable_legacy_AE
 .text.update_legacy_AE
                0x00000000080037f4      0x350 obj/Release/src/fueling/accel_comp.o
                0x00000000080037f4                update_legacy_AE
 .text.load_Fueling_Setup
                0x0000000008003b44       0x10 obj/Release/src/fueling/fueling_config.o
                0x0000000008003b44                load_Fueling_Setup
 .text.store_Fueling_Setup
                0x0000000008003b54       0x10 obj/Release/src/fueling/fueling_config.o
                0x0000000008003b54                store_Fueling_Setup
 .text.show_Fueling_Setup
                0x0000000008003b64      0x320 obj/Release/src/fueling/fueling_config.o
                0x0000000008003b64                show_Fueling_Setup
 .text.modify_Fueling_Setup
                0x0000000008003e84       0x18 obj/Release/src/fueling/fueling_config.o
                0x0000000008003e84                modify_Fueling_Setup
 .text.send_Fueling_Setup
                0x0000000008003e9c        0xc obj/Release/src/fueling/fueling_config.o
                0x0000000008003e9c                send_Fueling_Setup
 .text.load_AccelCompTableTPS
                0x0000000008003ea8       0x10 obj/Release/src/fueling/fueling_config.o
                0x0000000008003ea8                load_AccelCompTableTPS
 .text.store_AccelCompTableTPS
                0x0000000008003eb8       0x10 obj/Release/src/fueling/fueling_config.o
                0x0000000008003eb8                store_AccelCompTableTPS
 .text.show_AccelCompTableTPS
                0x0000000008003ec8       0x20 obj/Release/src/fueling/fueling_config.o
                0x0000000008003ec8                show_AccelCompTableTPS
 .text.modify_AccelCompTableTPS
                0x0000000008003ee8       0x10 obj/Release/src/fueling/fueling_config.o
                0x0000000008003ee8                modify_AccelCompTableTPS
 .text.send_AccelCompTableTPS
                0x0000000008003ef8        0xc obj/Release/src/fueling/fueling_config.o
                0x0000000008003ef8                send_AccelCompTableTPS
 .text.getValue_AccelCompTableTPS
                0x0000000008003f04        0xc obj/Release/src/fueling/fueling_config.o
                0x0000000008003f04                getValue_AccelCompTableTPS
 .text.load_AccelCompTableMAP
                0x0000000008003f10       0x10 obj/Release/src/fueling/fueling_config.o
                0x0000000008003f10                load_AccelCompTableMAP
 .text.store_AccelCompTableMAP
                0x0000000008003f20       0x10 obj/Release/src/fueling/fueling_config.o
                0x0000000008003f20                store_AccelCompTableMAP
 .text.show_AccelCompTableMAP
                0x0000000008003f30       0x20 obj/Release/src/fueling/fueling_config.o
                0x0000000008003f30                show_AccelCompTableMAP
 .text.modify_AccelCompTableMAP
                0x0000000008003f50       0x10 obj/Release/src/fueling/fueling_config.o
                0x0000000008003f50                modify_AccelCompTableMAP
 .text.send_AccelCompTableMAP
                0x0000000008003f60        0xc obj/Release/src/fueling/fueling_config.o
                0x0000000008003f60                send_AccelCompTableMAP
 .text.getValue_AccelCompTableMAP
                0x0000000008003f6c        0xc obj/Release/src/fueling/fueling_config.o
                0x0000000008003f6c                getValue_AccelCompTableMAP
 .text.load_WarmUpCompTable
                0x0000000008003f78       0x10 obj/Release/src/fueling/fueling_config.o
                0x0000000008003f78                load_WarmUpCompTable
 .text.store_WarmUpCompTable
                0x0000000008003f88       0x10 obj/Release/src/fueling/fueling_config.o
                0x0000000008003f88                store_WarmUpCompTable
 .text.show_WarmUpCompTable
                0x0000000008003f98       0x20 obj/Release/src/fueling/fueling_config.o
                0x0000000008003f98                show_WarmUpCompTable
 .text.modify_WarmUpCompTable
                0x0000000008003fb8       0x10 obj/Release/src/fueling/fueling_config.o
                0x0000000008003fb8                modify_WarmUpCompTable
 .text.send_WarmUpCompTable
                0x0000000008003fc8        0xc obj/Release/src/fueling/fueling_config.o
                0x0000000008003fc8                send_WarmUpCompTable
 .text.getValue_WarmUpCompTable
                0x0000000008003fd4       0x18 obj/Release/src/fueling/fueling_config.o
                0x0000000008003fd4                getValue_WarmUpCompTable
 .text.load_InjectorTimingTable
                0x0000000008003fec       0x10 obj/Release/src/fueling/fueling_config.o
                0x0000000008003fec                load_InjectorTimingTable
 .text.store_InjectorTimingTable
                0x0000000008003ffc       0x10 obj/Release/src/fueling/fueling_config.o
                0x0000000008003ffc                store_InjectorTimingTable
 .text.show_InjectorTimingTable
                0x000000000800400c       0x20 obj/Release/src/fueling/fueling_config.o
                0x000000000800400c                show_InjectorTimingTable
 .text.modify_InjectorTimingTable
                0x000000000800402c       0x10 obj/Release/src/fueling/fueling_config.o
                0x000000000800402c                modify_InjectorTimingTable
 .text.send_InjectorTimingTable
                0x000000000800403c        0xc obj/Release/src/fueling/fueling_config.o
                0x000000000800403c                send_InjectorTimingTable
 .text.getValue_InjectorTimingTable
                0x0000000008004048       0x18 obj/Release/src/fueling/fueling_config.o
                0x0000000008004048                getValue_InjectorTimingTable
 .text.load_CrankingFuelTable
                0x0000000008004060       0x10 obj/Release/src/fueling/fueling_config.o
                0x0000000008004060                load_CrankingFuelTable
 .text.show_CrankingFuelTable
                0x0000000008004070       0x20 obj/Release/src/fueling/fueling_config.o
                0x0000000008004070                show_CrankingFuelTable
 .text.modify_CrankingFuelTable
                0x0000000008004090       0x10 obj/Release/src/fueling/fueling_config.o
                0x0000000008004090                modify_CrankingFuelTable
 .text.send_CrankingFuelTable
                0x00000000080040a0        0xc obj/Release/src/fueling/fueling_config.o
                0x00000000080040a0                send_CrankingFuelTable
 .text.getValue_CrankingFuelTable
                0x00000000080040ac        0xc obj/Release/src/fueling/fueling_config.o
                0x00000000080040ac                getValue_CrankingFuelTable
 .text.load_BAROtable
                0x00000000080040b8       0x10 obj/Release/src/fueling/fueling_config.o
                0x00000000080040b8                load_BAROtable
 .text.store_BAROtable
                0x00000000080040c8       0x10 obj/Release/src/fueling/fueling_config.o
                0x00000000080040c8                store_BAROtable
 .text.show_BAROtable
                0x00000000080040d8       0x20 obj/Release/src/fueling/fueling_config.o
                0x00000000080040d8                show_BAROtable
 .text.modify_BAROtable
                0x00000000080040f8       0x10 obj/Release/src/fueling/fueling_config.o
                0x00000000080040f8                modify_BAROtable
 .text.send_BAROtable
                0x0000000008004108        0xc obj/Release/src/fueling/fueling_config.o
                0x0000000008004108                send_BAROtable
 .text.getValue_BAROtable
                0x0000000008004114       0x30 obj/Release/src/fueling/fueling_config.o
                0x0000000008004114                getValue_BAROtable
 .text.load_ChargeTempMap
                0x0000000008004144       0x10 obj/Release/src/fueling/fueling_config.o
                0x0000000008004144                load_ChargeTempMap
 .text.load_Fueling_Config
                0x0000000008004154       0x88 obj/Release/src/fueling/fueling_config.o
                0x0000000008004154                load_Fueling_Config
 .text.store_ChargeTempMap
                0x00000000080041dc       0x10 obj/Release/src/fueling/fueling_config.o
                0x00000000080041dc                store_ChargeTempMap
 .text.show_ChargeTempMap
                0x00000000080041ec       0x20 obj/Release/src/fueling/fueling_config.o
                0x00000000080041ec                show_ChargeTempMap
 .text.modify_ChargeTempMap
                0x000000000800420c       0x10 obj/Release/src/fueling/fueling_config.o
                0x000000000800420c                modify_ChargeTempMap
 .text.send_ChargeTempMap
                0x000000000800421c        0xc obj/Release/src/fueling/fueling_config.o
                0x000000000800421c                send_ChargeTempMap
 .text.getValue_ChargeTempMap
                0x0000000008004228       0x3c obj/Release/src/fueling/fueling_config.o
                0x0000000008004228                getValue_ChargeTempMap
 .text.update_fuel_mass_afterstart_correction
                0x0000000008004264       0xa0 obj/Release/src/fueling/fueling_corrections.o
                0x0000000008004264                update_fuel_mass_afterstart_correction
 .text.update_fuel_mass_warmup_correction
                0x0000000008004304       0x5c obj/Release/src/fueling/fueling_corrections.o
                0x0000000008004304                update_fuel_mass_warmup_correction
 .text.update_fuel_mass_barometric_correction
                0x0000000008004360       0x98 obj/Release/src/fueling/fueling_corrections.o
                0x0000000008004360                update_fuel_mass_barometric_correction
 .text.update_fuel_mass_corrections
                0x00000000080043f8       0x1c obj/Release/src/fueling/fueling_corrections.o
                0x00000000080043f8                update_fuel_mass_corrections
 .text.fueling_diag_log_event
                0x0000000008004414       0x28 obj/Release/src/fueling/fueling_diag.o
                0x0000000008004414                fueling_diag_log_event
 .text.print_fueling_diag
                0x000000000800443c       0x68 obj/Release/src/fueling/fueling_diag.o
                0x000000000800443c                print_fueling_diag
 .text.set_injector1_powered
                0x00000000080044a4       0x2c obj/Release/src/fueling/fueling_hw.o
                0x00000000080044a4                set_injector1_powered
 .text.set_injector1_unpowered
                0x00000000080044d0       0x2c obj/Release/src/fueling/fueling_hw.o
                0x00000000080044d0                set_injector1_unpowered
 .text.set_injector2_powered
                0x00000000080044fc       0x2c obj/Release/src/fueling/fueling_hw.o
                0x00000000080044fc                set_injector2_powered
 .text.set_injector2_unpowered
                0x0000000008004528       0x2c obj/Release/src/fueling/fueling_hw.o
                0x0000000008004528                set_injector2_unpowered
 .text.set_fuel_pump_powered
                0x0000000008004554       0x2c obj/Release/src/fueling/fueling_hw.o
                0x0000000008004554                set_fuel_pump_powered
 .text.set_fuel_pump_unpowered
                0x0000000008004580       0x24 obj/Release/src/fueling/fueling_hw.o
                0x0000000008004580                set_fuel_pump_unpowered
 .text.set_injector1
                0x00000000080045a4       0x34 obj/Release/src/fueling/fueling_hw.o
                0x00000000080045a4                set_injector1
 .text.set_injector2
                0x00000000080045d8       0x34 obj/Release/src/fueling/fueling_hw.o
                0x00000000080045d8                set_injector2
 .text.set_fuel_pump
                0x000000000800460c        0xc obj/Release/src/fueling/fueling_hw.o
                0x000000000800460c                set_fuel_pump
 .text.init_fueling_hw
                0x0000000008004618       0x5c obj/Release/src/fueling/fueling_hw.o
                0x0000000008004618                init_fueling_hw
 .text.update_injector_deadtime
                0x0000000008004674       0x38 obj/Release/src/fueling/injector_parameters.o
                0x0000000008004674                update_injector_deadtime
 .text.update_injector_intervals_sequential
                0x00000000080046ac       0xfc obj/Release/src/fueling/injector_parameters.o
                0x00000000080046ac                update_injector_intervals_sequential
 .text.update_injector_intervals_batch
                0x00000000080047a8       0xf8 obj/Release/src/fueling/injector_parameters.o
                0x00000000080047a8                update_injector_intervals_batch
 .text.init_Fueling
                0x00000000080048a0       0x54 obj/Release/src/fueling/Tuareg_fueling.o
                0x00000000080048a0                init_Fueling
 .text.Tuareg_fueling_update_crankpos_handler
                0x00000000080048f4      0x100 obj/Release/src/fueling/Tuareg_fueling.o
                0x00000000080048f4                Tuareg_fueling_update_crankpos_handler
 .text.invalid_fueling_controls
                0x00000000080049f4       0x34 obj/Release/src/fueling/Tuareg_fueling_controls.o
                0x00000000080049f4                invalid_fueling_controls
 .text.update_air_flow
                0x0000000008004a28       0xdc obj/Release/src/fueling/Tuareg_fueling_controls.o
                0x0000000008004a28                update_air_flow
 .text.update_AFR_target
                0x0000000008004b04       0x5c obj/Release/src/fueling/Tuareg_fueling_controls.o
                0x0000000008004b04                update_AFR_target
 .text.update_fuel_mass_cranking
                0x0000000008004b60       0x74 obj/Release/src/fueling/Tuareg_fueling_controls.o
                0x0000000008004b60                update_fuel_mass_cranking
 .text.update_base_fuel_mass
                0x0000000008004bd4       0x5c obj/Release/src/fueling/Tuareg_fueling_controls.o
                0x0000000008004bd4                update_base_fuel_mass
 .text.update_target_fuel_mass
                0x0000000008004c30      0x120 obj/Release/src/fueling/Tuareg_fueling_controls.o
                0x0000000008004c30                update_target_fuel_mass
 .text.Tuareg_update_fueling_controls
                0x0000000008004d50      0x168 obj/Release/src/fueling/Tuareg_fueling_controls.o
                0x0000000008004d50                Tuareg_update_fueling_controls
 .text.load_Ignition_Config
                0x0000000008004eb8       0x4c obj/Release/src/ignition/ignition_config.o
                0x0000000008004eb8                load_Ignition_Config
 .text.store_Ignition_Setup
                0x0000000008004f04       0x10 obj/Release/src/ignition/ignition_config.o
                0x0000000008004f04                store_Ignition_Setup
 .text.show_Ignition_Setup
                0x0000000008004f14      0x17c obj/Release/src/ignition/ignition_config.o
                0x0000000008004f14                show_Ignition_Setup
 .text.modify_Ignition_Setup
                0x0000000008005090       0x18 obj/Release/src/ignition/ignition_config.o
                0x0000000008005090                modify_Ignition_Setup
 .text.send_Ignition_Setup
                0x00000000080050a8        0xc obj/Release/src/ignition/ignition_config.o
                0x00000000080050a8                send_Ignition_Setup
 .text.store_ignDwellTable
                0x00000000080050b4       0x10 obj/Release/src/ignition/ignition_config.o
                0x00000000080050b4                store_ignDwellTable
 .text.show_ignDwellTable
                0x00000000080050c4       0x20 obj/Release/src/ignition/ignition_config.o
                0x00000000080050c4                show_ignDwellTable
 .text.modify_ignDwellTable
                0x00000000080050e4       0x10 obj/Release/src/ignition/ignition_config.o
                0x00000000080050e4                modify_ignDwellTable
 .text.send_ignDwellTable
                0x00000000080050f4        0xc obj/Release/src/ignition/ignition_config.o
                0x00000000080050f4                send_ignDwellTable
 .text.getValue_ignDwellTable
                0x0000000008005100       0x20 obj/Release/src/ignition/ignition_config.o
                0x0000000008005100                getValue_ignDwellTable
 .text.ignition_diag_log_event
                0x0000000008005120       0x28 obj/Release/src/ignition/ignition_diag.o
                0x0000000008005120                ignition_diag_log_event
 .text.print_ignition_diag
                0x0000000008005148       0x68 obj/Release/src/ignition/ignition_diag.o
                0x0000000008005148                print_ignition_diag
 .text.set_coil1_powered
                0x00000000080051b0       0x2c obj/Release/src/ignition/ignition_hw.o
                0x00000000080051b0                set_coil1_powered
 .text.set_coil1_unpowered
                0x00000000080051dc       0x24 obj/Release/src/ignition/ignition_hw.o
                0x00000000080051dc                set_coil1_unpowered
 .text.set_coil2_powered
                0x0000000008005200       0x2c obj/Release/src/ignition/ignition_hw.o
                0x0000000008005200                set_coil2_powered
 .text.set_coil2_unpowered
                0x000000000800522c       0x24 obj/Release/src/ignition/ignition_hw.o
                0x000000000800522c                set_coil2_unpowered
 .text.set_ignition_ch1
                0x0000000008005250       0x34 obj/Release/src/ignition/ignition_hw.o
                0x0000000008005250                set_ignition_ch1
 .text.set_ignition_ch2
                0x0000000008005284       0x34 obj/Release/src/ignition/ignition_hw.o
                0x0000000008005284                set_ignition_ch2
 .text.init_ignition_hw
                0x00000000080052b8       0x3c obj/Release/src/ignition/ignition_hw.o
                0x00000000080052b8                init_ignition_hw
 .text.init_Ignition
                0x00000000080052f4       0x58 obj/Release/src/ignition/Tuareg_ignition.o
                0x00000000080052f4                init_Ignition
 .text.Tuareg_ignition_update_crankpos_handler
                0x000000000800534c      0x168 obj/Release/src/ignition/Tuareg_ignition.o
                0x000000000800534c                Tuareg_ignition_update_crankpos_handler
 .text.default_ignition_controls
                0x00000000080054b4       0x24 obj/Release/src/ignition/Tuareg_ignition_controls.o
                0x00000000080054b4                default_ignition_controls
 .text.revlimiter_ignition_controls
                0x00000000080054d8       0x1c obj/Release/src/ignition/Tuareg_ignition_controls.o
                0x00000000080054d8                revlimiter_ignition_controls
 .text.cranking_ignition_controls
                0x00000000080054f4       0x3c obj/Release/src/ignition/Tuareg_ignition_controls.o
                0x00000000080054f4                cranking_ignition_controls
 .text.dynamic_ignition_controls
                0x0000000008005530      0x184 obj/Release/src/ignition/Tuareg_ignition_controls.o
                0x0000000008005530                dynamic_ignition_controls
 .text.Tuareg_update_ignition_controls
                0x00000000080056b4       0xb8 obj/Release/src/ignition/Tuareg_ignition_controls.o
                0x00000000080056b4                Tuareg_update_ignition_controls
 .text.startup.main
                0x000000000800576c       0x78 obj/Release/src/main/main.o
                0x000000000800576c                main
 .text.EXTI2_IRQHandler
                0x00000000080057e4       0x64 obj/Release/src/main/main.o
                0x00000000080057e4                EXTI2_IRQHandler
 .text.Tuareg_load_config
                0x0000000008005848       0x4c obj/Release/src/main/Tuareg.o
                0x0000000008005848                Tuareg_load_config
 .text.Tuareg_Init
                0x0000000008005894       0xd0 obj/Release/src/main/Tuareg.o
                0x0000000008005894                Tuareg_Init
 .text.Tuareg_update_run_inhibit
                0x0000000008005964      0x170 obj/Release/src/main/Tuareg.o
                0x0000000008005964                Tuareg_update_run_inhibit
 .text.Tuareg_update_limited_op
                0x0000000008005ad4       0x68 obj/Release/src/main/Tuareg.o
                0x0000000008005ad4                Tuareg_update_limited_op
 .text.Tuareg_update_rev_limiter
                0x0000000008005b3c       0x68 obj/Release/src/main/Tuareg.o
                0x0000000008005b3c                Tuareg_update_rev_limiter
 .text.Tuareg_update_standby
                0x0000000008005ba4       0x34 obj/Release/src/main/Tuareg.o
                0x0000000008005ba4                Tuareg_update_standby
 .text.Tuareg_update_cranking
                0x0000000008005bd8       0x7c obj/Release/src/main/Tuareg.o
                0x0000000008005bd8                Tuareg_update_cranking
 .text.Tuareg_update_fuel_pump_control
                0x0000000008005c54       0x64 obj/Release/src/main/Tuareg.o
                0x0000000008005c54                Tuareg_update_fuel_pump_control
 .text.Tuareg_deactivate_vital_actors
                0x0000000008005cb8       0x50 obj/Release/src/main/Tuareg.o
                0x0000000008005cb8                Tuareg_deactivate_vital_actors
 .text.Tuareg_update_systick
                0x0000000008005d08       0x68 obj/Release/src/main/Tuareg.o
                0x0000000008005d08                Tuareg_update_systick
 .text.store_Tuareg_Setup
                0x0000000008005d70       0x10 obj/Release/src/main/Tuareg_config.o
                0x0000000008005d70                store_Tuareg_Setup
 .text.show_Tuareg_Setup
                0x0000000008005d80      0x1fc obj/Release/src/main/Tuareg_config.o
                0x0000000008005d80                show_Tuareg_Setup
 .text.modify_Tuareg_Setup
                0x0000000008005f7c       0x18 obj/Release/src/main/Tuareg_config.o
                0x0000000008005f7c                modify_Tuareg_Setup
 .text.send_Tuareg_Setup
                0x0000000008005f94        0xc obj/Release/src/main/Tuareg_config.o
                0x0000000008005f94                send_Tuareg_Setup
 .text.load_TachTable
                0x0000000008005fa0       0x10 obj/Release/src/main/Tuareg_config.o
                0x0000000008005fa0                load_TachTable
 .text.load_Tuareg_Config
                0x0000000008005fb0       0x38 obj/Release/src/main/Tuareg_config.o
                0x0000000008005fb0                load_Tuareg_Config
 .text.store_TachTable
                0x0000000008005fe8       0x10 obj/Release/src/main/Tuareg_config.o
                0x0000000008005fe8                store_TachTable
 .text.show_TachTable
                0x0000000008005ff8       0x20 obj/Release/src/main/Tuareg_config.o
                0x0000000008005ff8                show_TachTable
 .text.modify_TachTable
                0x0000000008006018       0x10 obj/Release/src/main/Tuareg_config.o
                0x0000000008006018                modify_TachTable
 .text.send_TachTable
                0x0000000008006028        0xc obj/Release/src/main/Tuareg_config.o
                0x0000000008006028                send_TachTable
 .text.getValue_TachTable
                0x0000000008006034       0x20 obj/Release/src/main/Tuareg_config.o
                0x0000000008006034                getValue_TachTable
 .text.tuareg_diag_log_event
                0x0000000008006054       0x28 obj/Release/src/main/Tuareg_diag.o
                0x0000000008006054                tuareg_diag_log_event
 .text.print_tuareg_diag
                0x000000000800607c       0x68 obj/Release/src/main/Tuareg_diag.o
                0x000000000800607c                print_tuareg_diag
 .text.Fatal    0x00000000080060e4       0x74 obj/Release/src/main/Tuareg_errors.o
                0x00000000080060e4                Fatal
 .text.VitalAssert
                0x0000000008006158        0xe obj/Release/src/main/Tuareg_errors.o
                0x0000000008006158                VitalAssert
 *fill*         0x0000000008006166        0x2 
 .text.Limp     0x0000000008006168       0x50 obj/Release/src/main/Tuareg_errors.o
                0x0000000008006168                Limp
 .text.print_Tuareg_ID_label
                0x00000000080061b8       0x30 obj/Release/src/main/Tuareg_ID.o
                0x00000000080061b8                print_Tuareg_ID_label
 .text.Tuareg_update_process_data
                0x00000000080061e8      0x174 obj/Release/src/main/Tuareg_process_data.o
                0x00000000080061e8                Tuareg_update_process_data
 .text.Tuareg_update_consumption_data
                0x000000000800635c       0xa0 obj/Release/src/main/Tuareg_process_data.o
                0x000000000800635c                Tuareg_update_consumption_data
 .text.Tuareg_update_trip
                0x00000000080063fc       0x30 obj/Release/src/main/Tuareg_process_data.o
                0x00000000080063fc                Tuareg_update_trip
 .text.Tuareg_update_runtime
                0x000000000800642c       0x58 obj/Release/src/main/Tuareg_process_data.o
                0x000000000800642c                Tuareg_update_runtime
 .text.request_service_mode
                0x0000000008006484       0x2c obj/Release/src/main/Tuareg_service_functions.o
                0x0000000008006484                request_service_mode
 .text.activate_fuel_pump
                0x00000000080064b0       0x5c obj/Release/src/main/Tuareg_service_functions.o
                0x00000000080064b0                activate_fuel_pump
 .text.deactivate_fuel_pump
                0x000000000800650c       0x28 obj/Release/src/main/Tuareg_service_functions.o
                0x000000000800650c                deactivate_fuel_pump
 .text.fuel_pump_periodic_update
                0x0000000008006534       0x1c obj/Release/src/main/Tuareg_service_functions.o
                0x0000000008006534                fuel_pump_periodic_update
 .text.activate_injector1
                0x0000000008006550       0x6c obj/Release/src/main/Tuareg_service_functions.o
                0x0000000008006550                activate_injector1
 .text.deactivate_injector1
                0x00000000080065bc       0x2c obj/Release/src/main/Tuareg_service_functions.o
                0x00000000080065bc                deactivate_injector1
 .text.injector1_periodic_update
                0x00000000080065e8       0x54 obj/Release/src/main/Tuareg_service_functions.o
                0x00000000080065e8                injector1_periodic_update
 .text.activate_injector2
                0x000000000800663c       0x6c obj/Release/src/main/Tuareg_service_functions.o
                0x000000000800663c                activate_injector2
 .text.deactivate_injector2
                0x00000000080066a8       0x2c obj/Release/src/main/Tuareg_service_functions.o
                0x00000000080066a8                deactivate_injector2
 .text.injector2_periodic_update
                0x00000000080066d4       0x54 obj/Release/src/main/Tuareg_service_functions.o
                0x00000000080066d4                injector2_periodic_update
 .text.activate_coil1
                0x0000000008006728       0x8c obj/Release/src/main/Tuareg_service_functions.o
                0x0000000008006728                activate_coil1
 .text.deactivate_coil1
                0x00000000080067b4       0x2c obj/Release/src/main/Tuareg_service_functions.o
                0x00000000080067b4                deactivate_coil1
 .text.coil1_periodic_update
                0x00000000080067e0       0x54 obj/Release/src/main/Tuareg_service_functions.o
                0x00000000080067e0                coil1_periodic_update
 .text.activate_coil2
                0x0000000008006834       0x8c obj/Release/src/main/Tuareg_service_functions.o
                0x0000000008006834                activate_coil2
 .text.deactivate_coil2
                0x00000000080068c0       0x2c obj/Release/src/main/Tuareg_service_functions.o
                0x00000000080068c0                deactivate_coil2
 .text.coil2_periodic_update
                0x00000000080068ec       0x54 obj/Release/src/main/Tuareg_service_functions.o
                0x00000000080068ec                coil2_periodic_update
 .text.service_functions_periodic_update
                0x0000000008006940       0x40 obj/Release/src/main/Tuareg_service_functions.o
                0x0000000008006940                service_functions_periodic_update
 .text.activate_tachometer
                0x0000000008006980       0x38 obj/Release/src/main/Tuareg_service_functions.o
                0x0000000008006980                activate_tachometer
 .text.deactivate_tachometer
                0x00000000080069b8       0x14 obj/Release/src/main/Tuareg_service_functions.o
                0x00000000080069b8                deactivate_tachometer
 .text.request_service_activation
                0x00000000080069cc       0xb4 obj/Release/src/main/Tuareg_service_functions.o
                0x00000000080069cc                request_service_activation
 .text.update_process_table
                0x0000000008006a80       0xc0 obj/Release/src/process_table/process_table.o
                0x0000000008006a80                update_process_table
 .text.get_index_from_position
                0x0000000008006b40       0x38 obj/Release/src/process_table/process_table.o
                0x0000000008006b40                get_index_from_position
 .text.get_process_advance
                0x0000000008006b78       0x34 obj/Release/src/process_table/process_table.o
                0x0000000008006b78                get_process_advance
 .text.print_process_table
                0x0000000008006bac       0x9c obj/Release/src/process_table/process_table.o
                0x0000000008006bac                print_process_table
 .text.sensors_start_regular_group_conversion
                0x0000000008006c48        0xc obj/Release/src/sensors/analog_sensors.o
                0x0000000008006c48                sensors_start_regular_group_conversion
 .text.sensors_start_injected_group_conversion
                0x0000000008006c54        0xc obj/Release/src/sensors/analog_sensors.o
                0x0000000008006c54                sensors_start_injected_group_conversion
 .text.init_analog_sensors
                0x0000000008006c60      0x2d8 obj/Release/src/sensors/analog_sensors.o
                0x0000000008006c60                init_analog_sensors
 .text.update_analog_sensor
                0x0000000008006f38       0xdc obj/Release/src/sensors/analog_sensors.o
                0x0000000008006f38                update_analog_sensor
 .text.ADC_IRQHandler
                0x0000000008007014       0x6c obj/Release/src/sensors/analog_sensors.o
                0x0000000008007014                ADC_IRQHandler
 .text.DMA2_Stream0_IRQHandler
                0x0000000008007080       0x9c obj/Release/src/sensors/analog_sensors.o
                0x0000000008007080                DMA2_Stream0_IRQHandler
 .text.reset_dsensor_integrator
                0x000000000800711c       0x2c obj/Release/src/sensors/digital_sensors.o
                0x000000000800711c                reset_dsensor_integrator
 .text.init_digital_sensors
                0x0000000008007148       0x88 obj/Release/src/sensors/digital_sensors.o
                0x0000000008007148                init_digital_sensors
 .text.read_dsensors
                0x00000000080071d0       0x64 obj/Release/src/sensors/digital_sensors.o
                0x00000000080071d0                read_dsensors
 .text.update_digital_sensors
                0x0000000008007234       0x6c obj/Release/src/sensors/digital_sensors.o
                0x0000000008007234                update_digital_sensors
 .text.load_Sensor_Calibration
                0x00000000080072a0       0x2c obj/Release/src/sensors/sensor_calibration.o
                0x00000000080072a0                load_Sensor_Calibration
 .text.store_Sensor_Calibration
                0x00000000080072cc       0x10 obj/Release/src/sensors/sensor_calibration.o
                0x00000000080072cc                store_Sensor_Calibration
 .text.show_Sensor_Calibration
                0x00000000080072dc       0x30 obj/Release/src/sensors/sensor_calibration.o
                0x00000000080072dc                show_Sensor_Calibration
 .text.modify_Sensor_Calibration
                0x000000000800730c       0x18 obj/Release/src/sensors/sensor_calibration.o
                0x000000000800730c                modify_Sensor_Calibration
 .text.send_Sensor_Calibration
                0x0000000008007324        0xc obj/Release/src/sensors/sensor_calibration.o
                0x0000000008007324                send_Sensor_Calibration
 .text.store_InvTableCLT
                0x0000000008007330       0x10 obj/Release/src/sensors/sensor_calibration.o
                0x0000000008007330                store_InvTableCLT
 .text.show_InvTableCLT
                0x0000000008007340       0x20 obj/Release/src/sensors/sensor_calibration.o
                0x0000000008007340                show_InvTableCLT
 .text.modify_InvTableCLT
                0x0000000008007360       0x10 obj/Release/src/sensors/sensor_calibration.o
                0x0000000008007360                modify_InvTableCLT
 .text.send_InvTableCLT
                0x0000000008007370        0xc obj/Release/src/sensors/sensor_calibration.o
                0x0000000008007370                send_InvTableCLT
 .text.getValue_InvTableCLT
                0x000000000800737c       0x18 obj/Release/src/sensors/sensor_calibration.o
                0x000000000800737c                getValue_InvTableCLT
 .text.sensors_diag_log_event
                0x0000000008007394       0x28 obj/Release/src/sensors/sensors_diag.o
                0x0000000008007394                sensors_diag_log_event
 .text.print_sensors_diag
                0x00000000080073bc       0x68 obj/Release/src/sensors/sensors_diag.o
                0x00000000080073bc                print_sensors_diag
 .text.Tuareg_update_MAP_sensor
                0x0000000008007424       0x5c obj/Release/src/sensors/Tuareg_sensors.o
                0x0000000008007424                Tuareg_update_MAP_sensor
 .text.Tuareg_update_O2_sensor
                0x0000000008007480       0x54 obj/Release/src/sensors/Tuareg_sensors.o
                0x0000000008007480                Tuareg_update_O2_sensor
 .text.Tuareg_update_TPS_sensor
                0x00000000080074d4       0x54 obj/Release/src/sensors/Tuareg_sensors.o
                0x00000000080074d4                Tuareg_update_TPS_sensor
 .text.Tuareg_update_IAT_sensor
                0x0000000008007528       0x64 obj/Release/src/sensors/Tuareg_sensors.o
                0x0000000008007528                Tuareg_update_IAT_sensor
 .text.Tuareg_update_CLT_sensor
                0x000000000800758c       0x68 obj/Release/src/sensors/Tuareg_sensors.o
                0x000000000800758c                Tuareg_update_CLT_sensor
 .text.Tuareg_update_VBAT_sensor
                0x00000000080075f4       0x58 obj/Release/src/sensors/Tuareg_sensors.o
                0x00000000080075f4                Tuareg_update_VBAT_sensor
 .text.Tuareg_update_KNOCK_sensor
                0x000000000800764c       0x58 obj/Release/src/sensors/Tuareg_sensors.o
                0x000000000800764c                Tuareg_update_KNOCK_sensor
 .text.Tuareg_update_BARO_sensor
                0x00000000080076a4       0x5c obj/Release/src/sensors/Tuareg_sensors.o
                0x00000000080076a4                Tuareg_update_BARO_sensor
 .text.Tuareg_update_GEAR_sensor
                0x0000000008007700       0x74 obj/Release/src/sensors/Tuareg_sensors.o
                0x0000000008007700                Tuareg_update_GEAR_sensor
 .text.init_Sensors
                0x0000000008007774       0xf0 obj/Release/src/sensors/Tuareg_sensors.o
                0x0000000008007774                init_Sensors
 .text.adc_set_regular_group
                0x0000000008007864       0x6e obj/Release/src/stm32_libs/stm32f4xx/boctok/stm32f4xx_adc_boctok.o
                0x0000000008007864                adc_set_regular_group
 .text.adc_set_regular_group_length
                0x00000000080078d2       0x18 obj/Release/src/stm32_libs/stm32f4xx/boctok/stm32f4xx_adc_boctok.o
                0x00000000080078d2                adc_set_regular_group_length
 .text.adc_set_sample_time
                0x00000000080078ea       0x3c obj/Release/src/stm32_libs/stm32f4xx/boctok/stm32f4xx_adc_boctok.o
                0x00000000080078ea                adc_set_sample_time
 .text.adc_start_regular_group
                0x0000000008007926        0xa obj/Release/src/stm32_libs/stm32f4xx/boctok/stm32f4xx_adc_boctok.o
                0x0000000008007926                adc_start_regular_group
 .text.adc_start_injected_group
                0x0000000008007930        0xa obj/Release/src/stm32_libs/stm32f4xx/boctok/stm32f4xx_adc_boctok.o
                0x0000000008007930                adc_start_injected_group
 *fill*         0x000000000800793a        0x2 
 .text.getScbDump
                0x000000000800793c       0x24 obj/Release/src/stm32_libs/stm32f4xx/boctok/stm32f4xx_fault_handler_boctok.o
                0x000000000800793c                getScbDump
 .text.getStackRegisters
                0x0000000008007960       0x30 obj/Release/src/stm32_libs/stm32f4xx/boctok/stm32f4xx_fault_handler_boctok.o
                0x0000000008007960                getStackRegisters
 .text.HardFault_Handler
                0x0000000008007990       0x28 obj/Release/src/stm32_libs/stm32f4xx/boctok/stm32f4xx_fault_handler_boctok.o
                0x0000000008007990                HardFault_Handler
 .text.NMI_Handler
                0x00000000080079b8       0x28 obj/Release/src/stm32_libs/stm32f4xx/boctok/stm32f4xx_fault_handler_boctok.o
                0x00000000080079b8                NMI_Handler
 .text.MemManage_Handler
                0x00000000080079e0       0x28 obj/Release/src/stm32_libs/stm32f4xx/boctok/stm32f4xx_fault_handler_boctok.o
                0x00000000080079e0                MemManage_Handler
 .text.BusFault_Handler
                0x0000000008007a08       0x28 obj/Release/src/stm32_libs/stm32f4xx/boctok/stm32f4xx_fault_handler_boctok.o
                0x0000000008007a08                BusFault_Handler
 .text.UsageFault_Handler
                0x0000000008007a30       0x28 obj/Release/src/stm32_libs/stm32f4xx/boctok/stm32f4xx_fault_handler_boctok.o
                0x0000000008007a30                UsageFault_Handler
 .text.SVC_Handler
                0x0000000008007a58       0x28 obj/Release/src/stm32_libs/stm32f4xx/boctok/stm32f4xx_fault_handler_boctok.o
                0x0000000008007a58                SVC_Handler
 .text.DebugMon_Handler
                0x0000000008007a80       0x28 obj/Release/src/stm32_libs/stm32f4xx/boctok/stm32f4xx_fault_handler_boctok.o
                0x0000000008007a80                DebugMon_Handler
 .text.PendSV_Handler
                0x0000000008007aa8       0x28 obj/Release/src/stm32_libs/stm32f4xx/boctok/stm32f4xx_fault_handler_boctok.o
                0x0000000008007aa8                PendSV_Handler
 .text.WWDG_IRQHandler
                0x0000000008007ad0       0x28 obj/Release/src/stm32_libs/stm32f4xx/boctok/stm32f4xx_fault_handler_boctok.o
                0x0000000008007ad0                WWDG_IRQHandler
 .text.FPU_IRQHandler
                0x0000000008007af8       0x28 obj/Release/src/stm32_libs/stm32f4xx/boctok/stm32f4xx_fault_handler_boctok.o
                0x0000000008007af8                FPU_IRQHandler
 .text.GPIO_configure
                0x0000000008007b20       0x6c obj/Release/src/stm32_libs/stm32f4xx/boctok/stm32f4xx_gpio_boctok.o
                0x0000000008007b20                GPIO_configure
 .text.SYSCFG_map_EXTI
                0x0000000008007b8c       0x98 obj/Release/src/stm32_libs/stm32f4xx/boctok/stm32f4xx_gpio_boctok.o
                0x0000000008007b8c                SYSCFG_map_EXTI
 .text.gpio_set_pin
                0x0000000008007c24       0x36 obj/Release/src/stm32_libs/stm32f4xx/boctok/stm32f4xx_gpio_boctok.o
                0x0000000008007c24                gpio_set_pin
 .text.GPIO_SetAF
                0x0000000008007c5a       0x44 obj/Release/src/stm32_libs/stm32f4xx/boctok/stm32f4xx_gpio_boctok.o
                0x0000000008007c5a                GPIO_SetAF
 *fill*         0x0000000008007c9e        0x2 
 .text.Reset_Handler
                0x0000000008007ca0       0x50 obj/Release/src/stm32_libs/stm32f4xx/cmsis/startup_stm32f410xx.o
                0x0000000008007ca0                Reset_Handler
 .text.Default_Handler
                0x0000000008007cf0        0x2 obj/Release/src/stm32_libs/stm32f4xx/cmsis/startup_stm32f410xx.o
                0x0000000008007cf0                RTC_Alarm_IRQHandler
                0x0000000008007cf0                FMPI2C1_EV_IRQHandler
                0x0000000008007cf0                TIM1_CC_IRQHandler
                0x0000000008007cf0                DMA2_Stream5_IRQHandler
                0x0000000008007cf0                DMA1_Stream5_IRQHandler
                0x0000000008007cf0                PVD_IRQHandler
                0x0000000008007cf0                TAMP_STAMP_IRQHandler
                0x0000000008007cf0                EXTI3_IRQHandler
                0x0000000008007cf0                I2C2_EV_IRQHandler
                0x0000000008007cf0                DMA1_Stream2_IRQHandler
                0x0000000008007cf0                DMA2_Stream2_IRQHandler
                0x0000000008007cf0                SPI1_IRQHandler
                0x0000000008007cf0                TIM6_DAC_IRQHandler
                0x0000000008007cf0                DMA2_Stream3_IRQHandler
                0x0000000008007cf0                USART6_IRQHandler
                0x0000000008007cf0                I2C1_EV_IRQHandler
                0x0000000008007cf0                DMA1_Stream6_IRQHandler
                0x0000000008007cf0                DMA1_Stream1_IRQHandler
                0x0000000008007cf0                RCC_IRQHandler
                0x0000000008007cf0                Default_Handler
                0x0000000008007cf0                EXTI15_10_IRQHandler
                0x0000000008007cf0                DMA1_Stream7_IRQHandler
                0x0000000008007cf0                SPI5_IRQHandler
                0x0000000008007cf0                DMA2_Stream7_IRQHandler
                0x0000000008007cf0                EXTI9_5_IRQHandler
                0x0000000008007cf0                RTC_WKUP_IRQHandler
                0x0000000008007cf0                SPI2_IRQHandler
                0x0000000008007cf0                DMA1_Stream0_IRQHandler
                0x0000000008007cf0                FMPI2C1_ER_IRQHandler
                0x0000000008007cf0                EXTI4_IRQHandler
                0x0000000008007cf0                RNG_IRQHandler
                0x0000000008007cf0                TIM1_UP_IRQHandler
                0x0000000008007cf0                TIM1_TRG_COM_TIM11_IRQHandler
                0x0000000008007cf0                USART2_IRQHandler
                0x0000000008007cf0                I2C2_ER_IRQHandler
                0x0000000008007cf0                DMA2_Stream1_IRQHandler
                0x0000000008007cf0                FLASH_IRQHandler
                0x0000000008007cf0                DMA2_Stream4_IRQHandler
                0x0000000008007cf0                DMA1_Stream4_IRQHandler
                0x0000000008007cf0                I2C1_ER_IRQHandler
                0x0000000008007cf0                LPTIM1_IRQHandler
                0x0000000008007cf0                DMA2_Stream6_IRQHandler
                0x0000000008007cf0                DMA1_Stream3_IRQHandler
 .text._init    0x0000000008007cf2        0x2 obj/Release/src/stm32_libs/stm32f4xx/cmsis/system_hse100_stm32f410.o
                0x0000000008007cf2                _init
 .text.SystemInit
                0x0000000008007cf4       0xf0 obj/Release/src/stm32_libs/stm32f4xx/cmsis/system_hse100_stm32f410.o
                0x0000000008007cf4                SystemInit
 .text.NVIC_PriorityGroupConfig
                0x0000000008007de4       0x14 obj/Release/src/stm32_libs/stm32f4xx/spl/misc.o
                0x0000000008007de4                NVIC_PriorityGroupConfig
 .text.DMA_Init
                0x0000000008007df8       0x54 obj/Release/src/stm32_libs/stm32f4xx/spl/stm32f4xx_dma.o
                0x0000000008007df8                DMA_Init
 .text.DMA_StructInit
                0x0000000008007e4c       0x22 obj/Release/src/stm32_libs/stm32f4xx/spl/stm32f4xx_dma.o
                0x0000000008007e4c                DMA_StructInit
 *fill*         0x0000000008007e6e        0x2 
 .text.I2C_Init
                0x0000000008007e70       0xc8 obj/Release/src/stm32_libs/stm32f4xx/spl/stm32f4xx_i2c.o
                0x0000000008007e70                I2C_Init
 .text.I2C_Cmd  0x0000000008007f38       0x16 obj/Release/src/stm32_libs/stm32f4xx/spl/stm32f4xx_i2c.o
                0x0000000008007f38                I2C_Cmd
 .text.I2C_GenerateSTART
                0x0000000008007f4e       0x16 obj/Release/src/stm32_libs/stm32f4xx/spl/stm32f4xx_i2c.o
                0x0000000008007f4e                I2C_GenerateSTART
 .text.I2C_GenerateSTOP
                0x0000000008007f64       0x16 obj/Release/src/stm32_libs/stm32f4xx/spl/stm32f4xx_i2c.o
                0x0000000008007f64                I2C_GenerateSTOP
 .text.I2C_Send7bitAddress
                0x0000000008007f7a       0x12 obj/Release/src/stm32_libs/stm32f4xx/spl/stm32f4xx_i2c.o
                0x0000000008007f7a                I2C_Send7bitAddress
 .text.I2C_AcknowledgeConfig
                0x0000000008007f8c       0x16 obj/Release/src/stm32_libs/stm32f4xx/spl/stm32f4xx_i2c.o
                0x0000000008007f8c                I2C_AcknowledgeConfig
 .text.I2C_SendData
                0x0000000008007fa2        0x4 obj/Release/src/stm32_libs/stm32f4xx/spl/stm32f4xx_i2c.o
                0x0000000008007fa2                I2C_SendData
 .text.I2C_ReceiveData
                0x0000000008007fa6        0x6 obj/Release/src/stm32_libs/stm32f4xx/spl/stm32f4xx_i2c.o
                0x0000000008007fa6                I2C_ReceiveData
 .text.I2C_CheckEvent
                0x0000000008007fac       0x16 obj/Release/src/stm32_libs/stm32f4xx/spl/stm32f4xx_i2c.o
                0x0000000008007fac                I2C_CheckEvent
 .text.I2C_GetFlagStatus
                0x0000000008007fc2       0x34 obj/Release/src/stm32_libs/stm32f4xx/spl/stm32f4xx_i2c.o
                0x0000000008007fc2                I2C_GetFlagStatus
 .text.I2C_ClearFlag
                0x0000000008007ff6        0x8 obj/Release/src/stm32_libs/stm32f4xx/spl/stm32f4xx_i2c.o
                0x0000000008007ff6                I2C_ClearFlag
 *fill*         0x0000000008007ffe        0x2 
 .text.RCC_GetClocksFreq
                0x0000000008008000       0x88 obj/Release/src/stm32_libs/stm32f4xx/spl/stm32f4xx_rcc.o
                0x0000000008008000                RCC_GetClocksFreq
 .text.USART_Init
                0x0000000008008088       0xb0 obj/Release/src/stm32_libs/stm32f4xx/spl/stm32f4xx_usart.o
                0x0000000008008088                USART_Init
 .text.USART_Cmd
                0x0000000008008138       0x16 obj/Release/src/stm32_libs/stm32f4xx/spl/stm32f4xx_usart.o
                0x0000000008008138                USART_Cmd
 .text.USART_ReceiveData
                0x000000000800814e        0x8 obj/Release/src/stm32_libs/stm32f4xx/spl/stm32f4xx_usart.o
                0x000000000800814e                USART_ReceiveData
 .text.USART_ITConfig
                0x0000000008008156       0x32 obj/Release/src/stm32_libs/stm32f4xx/spl/stm32f4xx_usart.o
                0x0000000008008156                USART_ITConfig
 .text.Eeprom_init
                0x0000000008008188       0xa0 obj/Release/src/storage/eeprom.o
                0x0000000008008188                Eeprom_init
 .text.eeprom_wait
                0x0000000008008228       0xb0 obj/Release/src/storage/eeprom.o
                0x0000000008008228                eeprom_wait
 .text.eeprom_write_byte
                0x00000000080082d8      0x104 obj/Release/src/storage/eeprom.o
                0x00000000080082d8                eeprom_write_byte
 .text.eeprom_read_byte
                0x00000000080083dc      0x188 obj/Release/src/storage/eeprom.o
                0x00000000080083dc                eeprom_read_byte
 .text.eeprom_update_byte
                0x0000000008008564       0x58 obj/Release/src/storage/eeprom.o
                0x0000000008008564                eeprom_update_byte
 .text.Eeprom_load_data
                0x00000000080085bc       0x40 obj/Release/src/storage/eeprom.o
                0x00000000080085bc                Eeprom_load_data
 .text.Eeprom_update_data
                0x00000000080085fc       0x38 obj/Release/src/storage/eeprom.o
                0x00000000080085fc                Eeprom_update_data
 .text.map_get_domain_x
                0x0000000008008634      0x15a obj/Release/src/storage/map.o
                0x0000000008008634                map_get_domain_x
 .text.map_get_domain_y
                0x000000000800878e      0x15e obj/Release/src/storage/map.o
                0x000000000800878e                map_get_domain_y
 .text.map_interpolate
                0x00000000080088ec      0x136 obj/Release/src/storage/map.o
                0x00000000080088ec                map_interpolate
 .text.map_get  0x0000000008008a22       0x6a obj/Release/src/storage/map.o
                0x0000000008008a22                map_get
 .text.map_load
                0x0000000008008a8c        0xe obj/Release/src/storage/map.o
                0x0000000008008a8c                map_load
 .text.map_store
                0x0000000008008a9a        0xe obj/Release/src/storage/map.o
                0x0000000008008a9a                map_store
 .text.map_modify
                0x0000000008008aa8       0x10 obj/Release/src/storage/map.o
                0x0000000008008aa8                map_modify
 .text.map_show_axes
                0x0000000008008ab8       0xa0 obj/Release/src/storage/map.o
                0x0000000008008ab8                map_show_axes
 .text.map_show
                0x0000000008008b58        0x8 obj/Release/src/storage/map.o
                0x0000000008008b58                map_show
 .text.map_send
                0x0000000008008b60        0x8 obj/Release/src/storage/map.o
                0x0000000008008b60                map_send
 .text.interpolate_t2D
                0x0000000008008b68       0xa8 obj/Release/src/storage/table.o
                0x0000000008008b68                interpolate_t2D
 .text.getValue_table
                0x0000000008008c10       0xbc obj/Release/src/storage/table.o
                0x0000000008008c10                getValue_table
 .text.load_table
                0x0000000008008ccc        0xc obj/Release/src/storage/table.o
                0x0000000008008ccc                load_table
 .text.store_table
                0x0000000008008cd8        0xc obj/Release/src/storage/table.o
                0x0000000008008cd8                store_table
 .text.show_table
                0x0000000008008ce4       0x64 obj/Release/src/storage/table.o
                0x0000000008008ce4                show_table
 .text.modify_table
                0x0000000008008d48        0xe obj/Release/src/storage/table.o
                0x0000000008008d48                modify_table
 .text.send_table
                0x0000000008008d56        0x6 obj/Release/src/storage/table.o
                0x0000000008008d56                send_table
 .text.allocate_timer_channel_1
                0x0000000008008d5c       0x3c obj/Release/src/timing/scheduler.o
                0x0000000008008d5c                allocate_timer_channel_1
 .text.reset_timer_channel_1
                0x0000000008008d98       0x30 obj/Release/src/timing/scheduler.o
                0x0000000008008d98                reset_timer_channel_1
 .text.allocate_timer_channel_2
                0x0000000008008dc8       0x3c obj/Release/src/timing/scheduler.o
                0x0000000008008dc8                allocate_timer_channel_2
 .text.reset_timer_channel_2
                0x0000000008008e04       0x30 obj/Release/src/timing/scheduler.o
                0x0000000008008e04                reset_timer_channel_2
 .text.allocate_timer_channel_3
                0x0000000008008e34       0x3c obj/Release/src/timing/scheduler.o
                0x0000000008008e34                allocate_timer_channel_3
 .text.reset_timer_channel_3
                0x0000000008008e70       0x30 obj/Release/src/timing/scheduler.o
                0x0000000008008e70                reset_timer_channel_3
 .text.allocate_timer_channel_4
                0x0000000008008ea0       0x3c obj/Release/src/timing/scheduler.o
                0x0000000008008ea0                allocate_timer_channel_4
 .text.reset_timer_channel_4
                0x0000000008008edc       0x30 obj/Release/src/timing/scheduler.o
                0x0000000008008edc                reset_timer_channel_4
 .text.init_Vital_Scheduler
                0x0000000008008f0c       0xd0 obj/Release/src/timing/scheduler.o
                0x0000000008008f0c                init_Vital_Scheduler
 .text.scheduler_reset_channel
                0x0000000008008fdc       0x5c obj/Release/src/timing/scheduler.o
                0x0000000008008fdc                scheduler_reset_channel
 .text.allocate_channel
                0x0000000008009038       0x8c obj/Release/src/timing/scheduler.o
                0x0000000008009038                allocate_channel
 .text.scheduler_set_channel
                0x00000000080090c4      0x108 obj/Release/src/timing/scheduler.o
                0x00000000080090c4                scheduler_set_channel
 .text.TIM5_IRQHandler
                0x00000000080091cc      0x128 obj/Release/src/timing/scheduler.o
                0x00000000080091cc                TIM5_IRQHandler
 .text.scheduler_diag_log_event
                0x00000000080092f4       0x28 obj/Release/src/timing/scheduler_diag.o
                0x00000000080092f4                scheduler_diag_log_event
 .text.print_scheduler_diag
                0x000000000800931c       0x68 obj/Release/src/timing/scheduler_diag.o
                0x000000000800931c                print_scheduler_diag
 .text.init_systick_timer
                0x0000000008009384       0x24 obj/Release/src/timing/systick_timer.o
                0x0000000008009384                init_systick_timer
 .text.get_timestamp_fraction_us
                0x00000000080093a8       0x24 obj/Release/src/timing/systick_timer.o
                0x00000000080093a8                get_timestamp_fraction_us
 .text.SysTick_Handler
                0x00000000080093cc       0xfc obj/Release/src/timing/systick_timer.o
                0x00000000080093cc                SysTick_Handler
 .text.calc_rot_duration_us
                0x00000000080094c8        0xc obj/Release/src/utils/base_calc.o
                0x00000000080094c8                calc_rot_duration_us
 .text.calc_rot_angle_deg
                0x00000000080094d4       0x1c obj/Release/src/utils/base_calc.o
                0x00000000080094d4                calc_rot_angle_deg
 .text.calc_rpm
                0x00000000080094f0       0x20 obj/Release/src/utils/base_calc.o
                0x00000000080094f0                calc_rpm
 .text.sub_VU32
                0x0000000008009510       0x14 obj/Release/src/utils/base_calc.o
                0x0000000008009510                sub_VU32
 .text.subtract_U32
                0x0000000008009524        0xa obj/Release/src/utils/base_calc.o
                0x0000000008009524                subtract_U32
 .text.divide_U32
                0x000000000800952e       0x18 obj/Release/src/utils/base_calc.o
                0x000000000800952e                divide_U32
 *fill*         0x0000000008009546        0x2 
 .text.divide_F32
                0x0000000008009548       0x2c obj/Release/src/utils/base_calc.o
                0x0000000008009548                divide_F32
 .text.divide_float
                0x0000000008009574       0x2a obj/Release/src/utils/base_calc.o
                0x0000000008009574                divide_float
 .text.crank_position_after
                0x000000000800959e       0x14 obj/Release/src/utils/base_calc.o
                0x000000000800959e                crank_position_after
 .text.opposite_phase
                0x00000000080095b2       0x10 obj/Release/src/utils/base_calc.o
                0x00000000080095b2                opposite_phase
 *fill*         0x00000000080095c2        0x2 
 .text.solve_linear
                0x00000000080095c4       0x28 obj/Release/src/utils/base_calc.o
                0x00000000080095c4                solve_linear
 .text.calc_ema
                0x00000000080095ec       0x42 obj/Release/src/utils/base_calc.o
                0x00000000080095ec                calc_ema
 .text.update_ema_filter
                0x000000000800962e       0x1a obj/Release/src/utils/base_calc.o
                0x000000000800962e                update_ema_filter
 .text.calc_derivative_s
                0x0000000008009648       0x34 obj/Release/src/utils/base_calc.o
                0x0000000008009648                calc_derivative_s
 .text.abs_F32  0x000000000800967c       0x2c obj/Release/src/utils/base_calc.o
                0x000000000800967c                abs_F32
 .text.getBit_BF8
                0x00000000080096a8       0x26 obj/Release/src/utils/bitfields.o
                0x00000000080096a8                getBit_BF8
 *fill*         0x00000000080096ce        0x2 
 .text.__libc_init_array
                0x00000000080096d0       0x48 /opt/gcc-arm-none-eabi-7-2017-q4-major/bin/../lib/gcc/arm-none-eabi/7.2.1/../../../../arm-none-eabi/lib/thumb/v7e-m/fpv4-sp/hard/libc.a(lib_a-init.o)
                0x00000000080096d0                __libc_init_array
 *(.rodata)
 .rodata        0x0000000008009718      0x208 obj/Release/src/decoder/decoder_diag.o
                0x0000000008009718                decoder_diag_legend
 .rodata        0x0000000008009920      0x32a obj/Release/src/fueling/fueling_diag.o
                0x0000000008009920                fueling_diag_legend
 .rodata        0x0000000008009c4a      0x1a4 obj/Release/src/ignition/ignition_diag.o
                0x0000000008009c4a                ignition_diag_legend
 .rodata        0x0000000008009dee       0x15 obj/Release/src/main/Tuareg.o
                0x0000000008009dee                Tuareg_Version
 .rodata        0x0000000008009e03      0x258 obj/Release/src/main/Tuareg_diag.o
                0x0000000008009e03                tuareg_diag_legend
 .rodata        0x000000000800a05b      0x690 obj/Release/src/main/Tuareg_ID.o
                0x000000000800a05b                Tuareg_ID_labels
 .rodata        0x000000000800a6eb       0x7d obj/Release/src/sensors/sensors_diag.o
                0x000000000800a6eb                sensors_diag_legend
 .rodata        0x000000000800a768      0x433 obj/Release/src/timing/scheduler_diag.o
                0x000000000800a768                scheduler_diag_legend
 *(.rodata*)
 .rodata.Tuareg_update_console.str1.1
                0x000000000800ab9b       0x33 obj/Release/src/com/Tuareg_console.o
 .rodata.cli_show_help.str1.1
                0x000000000800abce      0x165 obj/Release/src/com/Tuareg_console.o
 .rodata.cli_print_sensor_data.str1.1
                0x000000000800ad33       0x8c obj/Release/src/com/TunerStudio_service.o
                                         0x8f (size before relaxing)
 .rodata.cli_show_debug_help.str1.1
                0x000000000800adbf      0x1b7 obj/Release/src/com/TunerStudio_service.o
 .rodata.cli_show_decoder_interface.str1.1
                0x000000000800af76       0xbe obj/Release/src/com/TunerStudio_service.o
 .rodata.cli_show_fueling_controls.str1.1
                0x000000000800b034      0x249 obj/Release/src/com/TunerStudio_service.o
 .rodata.cli_show_ignition_controls.str1.1
                0x000000000800b27d       0x90 obj/Release/src/com/TunerStudio_service.o
 .rodata.cli_show_process_data.str1.1
                0x000000000800b30d       0xb9 obj/Release/src/com/TunerStudio_service.o
 .rodata.ts_debug_features.str1.1
                0x000000000800b3c6       0x2f obj/Release/src/com/TunerStudio_service.o
 .rodata.printf_U8hex.str1.1
                0x000000000800b3f5        0x3 obj/Release/src/com/uart_printf.o
 .rodata.printf_crkpos.str1.1
                0x000000000800b3f8       0x1b obj/Release/src/com/uart_printf.o
 .rodata.printf_decoder_sensing.str1.1
                0x000000000800b413       0x1f obj/Release/src/com/uart_printf.o
 .rodata.printf_hex_digits
                0x000000000800b432       0x11 obj/Release/src/com/uart_printf.o
                0x000000000800b432                printf_hex_digits
 .rodata.printf_phase.str1.1
                0x000000000800b443        0x8 obj/Release/src/com/uart_printf.o
 .rodata.DebugMsg_Warning.str1.1
                0x000000000800b44b        0x6 obj/Release/src/debug/debug_port_messages.o
 .rodata.show_Decoder_Setup.str1.1
                0x000000000800b451      0x14e obj/Release/src/decoder/decoder_config.o
 .rodata.print_decoder_diag.str1.1
                0x000000000800b59f       0x1c obj/Release/src/decoder/decoder_diag.o
                                         0x1f (size before relaxing)
 .rodata.show_Fault_Log.str1.1
                0x000000000800b5bb       0x30 obj/Release/src/diagnostics/fault_log.o
 .rodata.show_highspeedlog.str1.1
                0x000000000800b5eb       0x71 obj/Release/src/diagnostics/highspeed_loggers.o
 .rodata.show_syslog.str1.1
                0x000000000800b65c       0x4a obj/Release/src/diagnostics/syslog.o
                                         0x54 (size before relaxing)
 .rodata.show_AccelCompTableMAP.str1.1
                0x000000000800b6a6       0x35 obj/Release/src/fueling/fueling_config.o
 .rodata.show_AccelCompTableTPS.str1.1
                0x000000000800b6db       0x35 obj/Release/src/fueling/fueling_config.o
 .rodata.show_BAROtable.str1.1
                0x000000000800b710       0x1d obj/Release/src/fueling/fueling_config.o
 .rodata.show_ChargeTempMap.str1.1
                0x000000000800b72d       0x24 obj/Release/src/fueling/fueling_config.o
 .rodata.show_CrankingFuelTable.str1.1
                0x000000000800b751       0x1f obj/Release/src/fueling/fueling_config.o
 .rodata.show_Fueling_Setup.str1.1
                0x000000000800b770      0x4aa obj/Release/src/fueling/fueling_config.o
                                        0x4b6 (size before relaxing)
 .rodata.show_InjectorTimingTable.str1.1
                0x000000000800bc1a       0x1d obj/Release/src/fueling/fueling_config.o
 .rodata.show_WarmUpCompTable.str1.1
                0x000000000800bc37       0x24 obj/Release/src/fueling/fueling_config.o
 .rodata.print_fueling_diag.str1.1
                0x000000000800bc5b       0x1c obj/Release/src/fueling/fueling_diag.o
                                         0x1f (size before relaxing)
 .rodata.show_Ignition_Setup.str1.1
                0x000000000800bc77      0x17b obj/Release/src/ignition/ignition_config.o
                                        0x187 (size before relaxing)
 .rodata.show_ignDwellTable.str1.1
                0x000000000800bdf2       0x1c obj/Release/src/ignition/ignition_config.o
 .rodata.print_ignition_diag.str1.1
                0x000000000800be0e       0x1d obj/Release/src/ignition/ignition_diag.o
                                         0x20 (size before relaxing)
 .rodata.cTuareg_controls_update_pos
                0x000000000800be2b        0x1 obj/Release/src/main/Tuareg.o