Archive member included to satisfy reference by file (symbol)

/opt/gcc-arm-none-eabi-7-2017-q4-major/bin/../lib/gcc/arm-none-eabi/7.2.1/../../../../arm-none-eabi/lib/thumb/v7e-m/fpv4-sp/hard/libc.a(lib_a-init.o)
                              obj/Release/src/stm32_libs/stm32f4xx/cmsis/startup_stm32f410xx.o (__libc_init_array)

Discarded input sections

 .text          0x0000000000000000        0x0 obj/Release/src/actors/act_hw.o
 .data          0x0000000000000000        0x0 obj/Release/src/actors/act_hw.o
 .bss           0x0000000000000000        0x0 obj/Release/src/actors/act_hw.o
 .text.set_act1
                0x0000000000000000       0x20 obj/Release/src/actors/act_hw.o
 .text.set_act2
                0x0000000000000000       0x20 obj/Release/src/actors/act_hw.o
 .text.init_act_hw
                0x0000000000000000       0x4c obj/Release/src/actors/act_hw.o
 .comment       0x0000000000000000       0x7f obj/Release/src/actors/act_hw.o
 .ARM.attributes
                0x0000000000000000       0x39 obj/Release/src/actors/act_hw.o
 .text          0x0000000000000000        0x0 obj/Release/src/actors/act_logic.o
 .data          0x0000000000000000        0x0 obj/Release/src/actors/act_logic.o
 .bss           0x0000000000000000        0x0 obj/Release/src/actors/act_logic.o
 .text.init_act_logic
                0x0000000000000000        0x2 obj/Release/src/actors/act_logic.o
 .comment       0x0000000000000000       0x7f obj/Release/src/actors/act_logic.o
 .ARM.attributes
                0x0000000000000000       0x39 obj/Release/src/actors/act_logic.o
 .text          0x0000000000000000        0x0 obj/Release/src/com/serial_buffer.o
 .data          0x0000000000000000        0x0 obj/Release/src/com/serial_buffer.o
 .bss           0x0000000000000000        0x0 obj/Release/src/com/serial_buffer.o
 .text          0x0000000000000000        0x0 obj/Release/src/com/serial_monitor.o
 .data          0x0000000000000000        0x0 obj/Release/src/com/serial_monitor.o
 .bss           0x0000000000000000        0x0 obj/Release/src/com/serial_monitor.o
 .comment       0x0000000000000000       0x7f obj/Release/src/com/serial_monitor.o
 .ARM.attributes
                0x0000000000000000       0x39 obj/Release/src/com/serial_monitor.o
 .text          0x0000000000000000        0x0 obj/Release/src/com/Tuareg_console.o
 .data          0x0000000000000000        0x0 obj/Release/src/com/Tuareg_console.o
 .bss           0x0000000000000000        0x0 obj/Release/src/com/Tuareg_console.o
 .rodata.cTSmaxChunkLen
                0x0000000000000000        0x4 obj/Release/src/com/Tuareg_console.o
 .rodata.cTSmaxOffset
                0x0000000000000000        0x4 obj/Release/src/com/Tuareg_console.o
 .text          0x0000000000000000        0x0 obj/Release/src/com/TunerStudio.o
 .data          0x0000000000000000        0x0 obj/Release/src/com/TunerStudio.o
 .bss           0x0000000000000000        0x0 obj/Release/src/com/TunerStudio.o
 .text          0x0000000000000000        0x0 obj/Release/src/com/TunerStudio_outChannel.o
 .data          0x0000000000000000        0x0 obj/Release/src/com/TunerStudio_outChannel.o
 .bss           0x0000000000000000        0x0 obj/Release/src/com/TunerStudio_outChannel.o
 .rodata.cOut_size
                0x0000000000000000        0x4 obj/Release/src/com/TunerStudio_outChannel.o
 .rodata.pOut_data
                0x0000000000000000        0x4 obj/Release/src/com/TunerStudio_outChannel.o
 .text          0x0000000000000000        0x0 obj/Release/src/com/TunerStudio_service.o
 .data          0x0000000000000000        0x0 obj/Release/src/com/TunerStudio_service.o
 .bss           0x0000000000000000        0x0 obj/Release/src/com/TunerStudio_service.o
 .text          0x0000000000000000        0x0 obj/Release/src/com/uart.o
 .data          0x0000000000000000        0x0 obj/Release/src/com/uart.o
 .bss           0x0000000000000000        0x0 obj/Release/src/com/uart.o
 .text.UART_listen
                0x0000000000000000        0xa obj/Release/src/com/uart.o
 .text.UART_nolisten
                0x0000000000000000        0xa obj/Release/src/com/uart.o
 .text          0x0000000000000000        0x0 obj/Release/src/com/uart_printf.o
 .data          0x0000000000000000        0x0 obj/Release/src/com/uart_printf.o
 .bss           0x0000000000000000        0x0 obj/Release/src/com/uart_printf.o
 .text.printf_S
                0x0000000000000000       0x20 obj/Release/src/com/uart_printf.o
 .text.printf_U8
                0x0000000000000000       0x42 obj/Release/src/com/uart_printf.o
 .text.printf_U32hex
                0x0000000000000000       0x30 obj/Release/src/com/uart_printf.o
 .text          0x0000000000000000        0x0 obj/Release/src/dash/dash_hw.o
 .data          0x0000000000000000        0x0 obj/Release/src/dash/dash_hw.o
 .bss           0x0000000000000000        0x0 obj/Release/src/dash/dash_hw.o
 .text          0x0000000000000000        0x0 obj/Release/src/dash/Tuareg_dash.o
[...]
Memory Configuration

Name             Origin             Length             Attributes
FLASH            0x0000000008000000 0x0000000000020000 xr
RAM              0x0000000020000000 0x0000000000008000 xrw
MEMORY_B1        0x0000000060000000 0x0000000000000000 xr
*default*        0x0000000000000000 0xffffffffffffffff

Linker script and memory map

LOAD obj/Release/src/actors/act_hw.o
LOAD obj/Release/src/actors/act_logic.o
LOAD obj/Release/src/com/serial_buffer.o
LOAD obj/Release/src/com/serial_monitor.o
LOAD obj/Release/src/com/Tuareg_console.o
LOAD obj/Release/src/com/TunerStudio.o
LOAD obj/Release/src/com/TunerStudio_outChannel.o
LOAD obj/Release/src/com/TunerStudio_service.o
LOAD obj/Release/src/com/uart.o
LOAD obj/Release/src/com/uart_printf.o
LOAD obj/Release/src/dash/dash_hw.o
LOAD obj/Release/src/dash/Tuareg_dash.o
LOAD obj/Release/src/debug/debug.o
LOAD obj/Release/src/debug/debug_port_messages.o
LOAD obj/Release/src/debug/dwt.o
LOAD obj/Release/src/decoder/decoder_cis.o
LOAD obj/Release/src/decoder/decoder_config.o
LOAD obj/Release/src/decoder/decoder_debug.o
LOAD obj/Release/src/decoder/decoder_diag.o
LOAD obj/Release/src/decoder/decoder_hw.o
LOAD obj/Release/src/decoder/decoder_logic.o
LOAD obj/Release/src/decoder/Tuareg_decoder.o
LOAD obj/Release/src/diagnostics/diagnostics.o
LOAD obj/Release/src/diagnostics/fault_log.o
LOAD obj/Release/src/diagnostics/highspeed_loggers.o
LOAD obj/Release/src/diagnostics/syslog.o
LOAD obj/Release/src/fueling/accel_comp.o
LOAD obj/Release/src/fueling/fueling_config.o
LOAD obj/Release/src/fueling/fueling_corrections.o
LOAD obj/Release/src/fueling/fueling_diag.o
LOAD obj/Release/src/fueling/fueling_hw.o
LOAD obj/Release/src/fueling/injector_parameters.o
LOAD obj/Release/src/fueling/Tuareg_fueling.o
LOAD obj/Release/src/fueling/Tuareg_fueling_controls.o
LOAD obj/Release/src/ignition/ignition_config.o
LOAD obj/Release/src/ignition/ignition_diag.o
LOAD obj/Release/src/ignition/ignition_hw.o
LOAD obj/Release/src/ignition/Tuareg_ignition.o
LOAD obj/Release/src/ignition/Tuareg_ignition_controls.o
LOAD obj/Release/src/main/main.o
LOAD obj/Release/src/main/Tuareg.o
LOAD obj/Release/src/main/Tuareg_config.o
LOAD obj/Release/src/main/Tuareg_diag.o
LOAD obj/Release/src/main/Tuareg_errors.o
LOAD obj/Release/src/main/Tuareg_ID.o
LOAD obj/Release/src/main/Tuareg_process_data.o
LOAD obj/Release/src/main/Tuareg_service_functions.o
LOAD obj/Release/src/main/Tuareg_types.o
LOAD obj/Release/src/module_test/module_test.o
LOAD obj/Release/src/process_table/process_table.o
LOAD obj/Release/src/sensors/analog_sensors.o
LOAD obj/Release/src/sensors/digital_sensors.o
LOAD obj/Release/src/sensors/knock_sensor.o
LOAD obj/Release/src/sensors/sensor_calibration.o
LOAD obj/Release/src/sensors/sensors_diag.o
LOAD obj/Release/src/sensors/Tuareg_sensors.o
LOAD obj/Release/src/stm32_libs/stm32f4xx/boctok/stm32f4xx_adc_boctok.o
LOAD obj/Release/src/stm32_libs/stm32f4xx/boctok/stm32f4xx_fault_handler_boctok.o
LOAD obj/Release/src/stm32_libs/stm32f4xx/boctok/stm32f4xx_gpio_boctok.o
LOAD obj/Release/src/stm32_libs/stm32f4xx/cmsis/startup_stm32f410xx.o
LOAD obj/Release/src/stm32_libs/stm32f4xx/cmsis/system_hse100_stm32f410.o
LOAD obj/Release/src/stm32_libs/stm32f4xx/spl/misc.o
LOAD obj/Release/src/stm32_libs/stm32f4xx/spl/stm32f4xx_dma.o
LOAD obj/Release/src/stm32_libs/stm32f4xx/spl/stm32f4xx_i2c.o
LOAD obj/Release/src/stm32_libs/stm32f4xx/spl/stm32f4xx_rcc.o
LOAD obj/Release/src/stm32_libs/stm32f4xx/spl/stm32f4xx_usart.o
LOAD obj/Release/src/storage/eeprom.o
LOAD obj/Release/src/storage/table.o
LOAD obj/Release/src/timing/lowprio_scheduler.o
LOAD obj/Release/src/timing/scheduler.o
LOAD obj/Release/src/timing/scheduler_diag.o
LOAD obj/Release/src/timing/systick_timer.o
LOAD obj/Release/src/utils/base_calc.o
LOAD obj/Release/src/utils/bitfields.o
LOAD obj/Release/src/utils/conversion.o
                0x0000000020008000                _estack = 0x20008000
                0x0000000000000000                _Min_Heap_Size = 0x0
                0x0000000000000100                _Min_Stack_Size = 0x100

.isr_vector     0x0000000008000000      0x1c8
                0x0000000008000000                . = ALIGN (0x4)
 *(.isr_vector)
 .isr_vector    0x0000000008000000      0x1c8 obj/Release/src/stm32_libs/stm32f4xx/cmsis/startup_stm32f410xx.o
                0x0000000008000000                g_pfnVectors
                0x00000000080001c8                . = ALIGN (0x4)

.text           0x00000000080001c8     0xc160
                0x00000000080001c8                . = ALIGN (0x4)
 *(.text)
 *(.text*)
 .text.ComRx_Buffer_reset
                0x00000000080001c8       0x3c obj/Release/src/com/serial_buffer.o
                0x00000000080001c8                ComRx_Buffer_reset
 .text.ComRx_Buffer_avail
                0x0000000008000204        0xc obj/Release/src/com/serial_buffer.o
                0x0000000008000204                ComRx_Buffer_avail
 .text.ComRx_Buffer_push
                0x0000000008000210       0x50 obj/Release/src/com/serial_buffer.o
                0x0000000008000210                ComRx_Buffer_push
 .text.ComRx_Buffer_pull
                0x0000000008000260       0x44 obj/Release/src/com/serial_buffer.o
                0x0000000008000260                ComRx_Buffer_pull
 .text.ComRx_Buffer_pull_U16
                0x00000000080002a4       0x30 obj/Release/src/com/serial_buffer.o
                0x00000000080002a4                ComRx_Buffer_pull_U16
 .text.ComRx_Buffer_pull_U32
                0x00000000080002d4       0x56 obj/Release/src/com/serial_buffer.o
                0x00000000080002d4                ComRx_Buffer_pull_U32
 *fill*         0x000000000800032a        0x2 
 .text.cli_showPage
                0x000000000800032c       0xa0 obj/Release/src/com/Tuareg_console.o
                0x000000000800032c                cli_showPage
 .text.cli_setPermissions
                0x00000000080003cc      0x11c obj/Release/src/com/Tuareg_console.o
                0x00000000080003cc                cli_setPermissions
 .text.cli_show_help
                0x00000000080004e8       0x84 obj/Release/src/com/Tuareg_console.o
                0x00000000080004e8                cli_show_help
 .text.Tuareg_update_console
                0x000000000800056c      0x298 obj/Release/src/com/Tuareg_console.o
                0x000000000800056c                Tuareg_update_console
 .text.cli_cyclic_update
                0x0000000008000804       0x1c obj/Release/src/com/Tuareg_console.o
                0x0000000008000804                cli_cyclic_update
 .text.Tuareg_init_console
                0x0000000008000820       0x18 obj/Release/src/com/Tuareg_console.o
                0x0000000008000820                Tuareg_init_console
 .text.ts_readPage
                0x0000000008000838       0xac obj/Release/src/com/TunerStudio.o
                0x0000000008000838                ts_readPage
 .text.ts_valueWrite
                0x00000000080008e4      0x194 obj/Release/src/com/TunerStudio.o
                0x00000000080008e4                ts_valueWrite
 .text.ts_burnPage
                0x0000000008000a78       0xc4 obj/Release/src/com/TunerStudio.o
                0x0000000008000a78                ts_burnPage
 .text.ts_tuareg_bits
                0x0000000008000b3c      0x1d4 obj/Release/src/com/TunerStudio_outChannel.o
                0x0000000008000b3c                ts_tuareg_bits
 .text.ts_sendOutputChannels
                0x0000000008000d10      0x144 obj/Release/src/com/TunerStudio_outChannel.o
                0x0000000008000d10                ts_sendOutputChannels
 .text.ts_debug_features
                0x0000000008000e54       0xc4 obj/Release/src/com/TunerStudio_service.o
                0x0000000008000e54                ts_debug_features
 .text.cli_show_debug_help
                0x0000000008000f18       0xb4 obj/Release/src/com/TunerStudio_service.o
                0x0000000008000f18                cli_show_debug_help
 .text.cli_show_process_data
                0x0000000008000fcc      0x114 obj/Release/src/com/TunerStudio_service.o
                0x0000000008000fcc                cli_show_process_data
 .text.cli_show_ignition_controls
                0x00000000080010e0      0x108 obj/Release/src/com/TunerStudio_service.o
                0x00000000080010e0                cli_show_ignition_controls
 .text.cli_show_fueling_controls
                0x00000000080011e8      0x338 obj/Release/src/com/TunerStudio_service.o
                0x00000000080011e8                cli_show_fueling_controls
 .text.cli_show_decoder_interface
                0x0000000008001520      0x124 obj/Release/src/com/TunerStudio_service.o
                0x0000000008001520                cli_show_decoder_interface
 .text.cli_print_sensor_data
                0x0000000008001644      0x21c obj/Release/src/com/TunerStudio_service.o
                0x0000000008001644                cli_print_sensor_data
 .text.ts_debug_info
                0x0000000008001860       0xc4 obj/Release/src/com/TunerStudio_service.o
                0x0000000008001860                ts_debug_info
 .text.UART_TS_PORT_Init
                0x0000000008001924       0xa0 obj/Release/src/com/uart.o
                0x0000000008001924                UART_TS_PORT_Init
 .text.UART_DEBUG_PORT_Init
                0x00000000080019c4       0x68 obj/Release/src/com/uart.o
                0x00000000080019c4                UART_DEBUG_PORT_Init
 .text.UART_Tx  0x0000000008001a2c        0xc obj/Release/src/com/uart.o
                0x0000000008001a2c                UART_Tx
 .text.UART_send_data
                0x0000000008001a38       0x1a obj/Release/src/com/uart.o
                0x0000000008001a38                UART_send_data
 *fill*         0x0000000008001a52        0x2 
 .text.USART1_IRQHandler
                0x0000000008001a54       0x30 obj/Release/src/com/uart.o
                0x0000000008001a54                USART1_IRQHandler
 .text.printf_U
                0x0000000008001a84      0x164 obj/Release/src/com/uart_printf.o
                0x0000000008001a84                printf_U
 .text.printf_F32
                0x0000000008001be8       0xcc obj/Release/src/com/uart_printf.o
                0x0000000008001be8                printf_F32
 .text.printf_nib_hex
                0x0000000008001cb4       0x10 obj/Release/src/com/uart_printf.o
                0x0000000008001cb4                printf_nib_hex
 .text.print    0x0000000008001cc4       0x16 obj/Release/src/com/uart_printf.o
                0x0000000008001cc4                print
 *fill*         0x0000000008001cda        0x2 
 .text.printf_U8hex
                0x0000000008001cdc       0x38 obj/Release/src/com/uart_printf.o
                0x0000000008001cdc                printf_U8hex
 .text.printf_crkpos
                0x0000000008001d14       0x6c obj/Release/src/com/uart_printf.o
                0x0000000008001d14                printf_crkpos
 .text.printf_phase
                0x0000000008001d80       0x30 obj/Release/src/com/uart_printf.o
                0x0000000008001d80                printf_phase
 .text.printf_decoder_sensing
                0x0000000008001db0       0x54 obj/Release/src/com/uart_printf.o
                0x0000000008001db0                printf_decoder_sensing
 .text.print_flash
                0x0000000008001e04        0x4 obj/Release/src/com/uart_printf.o
                0x0000000008001e04                print_flash
 .text.set_tachometer_hw
                0x0000000008001e08       0x30 obj/Release/src/dash/dash_hw.o
                0x0000000008001e08                set_tachometer_hw
 .text.set_mil_hw
                0x0000000008001e38       0x38 obj/Release/src/dash/dash_hw.o
                0x0000000008001e38                set_mil_hw
 .text.init_dash_hw
                0x0000000008001e70       0x4c obj/Release/src/dash/dash_hw.o
                0x0000000008001e70                init_dash_hw
 .text.set_mil  0x0000000008001ebc       0x48 obj/Release/src/dash/Tuareg_dash.o
                0x0000000008001ebc                set_mil
 .text.init_dash
                0x0000000008001f04       0x10 obj/Release/src/dash/Tuareg_dash.o
                0x0000000008001f04                init_dash
 .text.update_mil
                0x0000000008001f14       0xa0 obj/Release/src/dash/Tuareg_dash.o
                0x0000000008001f14                update_mil
 .text.DebugMsg_Warning
                0x0000000008001fb4       0x24 obj/Release/src/debug/debug_port_messages.o
                0x0000000008001fb4                DebugMsg_Warning
 .text.decoder_update_cis
                0x0000000008001fd8      0x188 obj/Release/src/decoder/decoder_cis.o
                0x0000000008001fd8                decoder_update_cis
 .text.decoder_cis_handler
                0x0000000008002160       0x9c obj/Release/src/decoder/decoder_cis.o
                0x0000000008002160                decoder_cis_handler
 .text.decoder_cis_noisefilter_handler
                0x00000000080021fc        0x4 obj/Release/src/decoder/decoder_cis.o
                0x00000000080021fc                decoder_cis_noisefilter_handler
 .text.enable_cis
                0x0000000008002200       0x4c obj/Release/src/decoder/decoder_cis.o
                0x0000000008002200                enable_cis
 .text.disable_cis
                0x000000000800224c        0xe obj/Release/src/decoder/decoder_cis.o
                0x000000000800224c                disable_cis
 *fill*         0x000000000800225a        0x2 
 .text.load_Decoder_Setup
                0x000000000800225c       0x1c obj/Release/src/decoder/decoder_config.o
                0x000000000800225c                load_Decoder_Setup
 .text.load_essential_Decoder_Setup
                0x0000000008002278       0x3c obj/Release/src/decoder/decoder_config.o
                0x0000000008002278                load_essential_Decoder_Setup
 .text.store_Decoder_Setup
                0x00000000080022b4       0x10 obj/Release/src/decoder/decoder_config.o
                0x00000000080022b4                store_Decoder_Setup
 .text.show_Decoder_Setup
                0x00000000080022c4      0x154 obj/Release/src/decoder/decoder_config.o
                0x00000000080022c4                show_Decoder_Setup
 .text.modify_Decoder_Setup
                0x0000000008002418       0x18 obj/Release/src/decoder/decoder_config.o
                0x0000000008002418                modify_Decoder_Setup
 .text.send_Decoder_Setup
                0x0000000008002430        0xc obj/Release/src/decoder/decoder_config.o
                0x0000000008002430                send_Decoder_Setup
 .text.decoder_diag_log_event
                0x000000000800243c       0x28 obj/Release/src/decoder/decoder_diag.o
                0x000000000800243c                decoder_diag_log_event
 .text.print_decoder_diag
                0x0000000008002464       0x68 obj/Release/src/decoder/decoder_diag.o
                0x0000000008002464                print_decoder_diag
 .text.decoder_stop_timer
                0x00000000080024cc       0x1c obj/Release/src/decoder/decoder_hw.o
                0x00000000080024cc                decoder_stop_timer
 .text.update_crank_noisefilter
                0x00000000080024e8       0x40 obj/Release/src/decoder/decoder_hw.o
                0x00000000080024e8                update_crank_noisefilter
 .text.update_cam_noisefilter
                0x0000000008002528       0x40 obj/Release/src/decoder/decoder_hw.o
                0x0000000008002528                update_cam_noisefilter
 .text.decoder_mask_crank_irq
                0x0000000008002568       0x10 obj/Release/src/decoder/decoder_hw.o
                0x0000000008002568                decoder_mask_crank_irq
 .text.decoder_unmask_crank_irq
                0x0000000008002578       0x14 obj/Release/src/decoder/decoder_hw.o
                0x0000000008002578                decoder_unmask_crank_irq
 .text.decoder_mask_cis_irq
                0x000000000800258c       0x10 obj/Release/src/decoder/decoder_hw.o
                0x000000000800258c                decoder_mask_cis_irq
 .text.decoder_unmask_cis_irq
                0x000000000800259c       0x14 obj/Release/src/decoder/decoder_hw.o
                0x000000000800259c                decoder_unmask_cis_irq
 .text.set_crank_pickup_sensing_rise
                0x00000000080025b0       0x24 obj/Release/src/decoder/decoder_hw.o
                0x00000000080025b0                set_crank_pickup_sensing_rise
 .text.set_crank_pickup_sensing_fall
                0x00000000080025d4       0x24 obj/Release/src/decoder/decoder_hw.o
                0x00000000080025d4                set_crank_pickup_sensing_fall
 .text.set_crank_pickup_sensing_disabled
                0x00000000080025f8       0x24 obj/Release/src/decoder/decoder_hw.o
                0x00000000080025f8                set_crank_pickup_sensing_disabled
 .text.set_cis_sensing_rise
                0x000000000800261c       0x24 obj/Release/src/decoder/decoder_hw.o
                0x000000000800261c                set_cis_sensing_rise
 .text.set_cis_sensing_fall
                0x0000000008002640       0x24 obj/Release/src/decoder/decoder_hw.o
                0x0000000008002640                set_cis_sensing_fall
 .text.set_cis_sensing_disabled
                0x0000000008002664       0x24 obj/Release/src/decoder/decoder_hw.o
                0x0000000008002664                set_cis_sensing_disabled
 .text.decoder_set_crank_pickup_sensing
                0x0000000008002688       0x3c obj/Release/src/decoder/decoder_hw.o
                0x0000000008002688                decoder_set_crank_pickup_sensing
 .text.decoder_set_cis_sensing
                0x00000000080026c4       0x3c obj/Release/src/decoder/decoder_hw.o
                0x00000000080026c4                decoder_set_cis_sensing
 .text.trigger_decoder_irq
                0x0000000008002700       0x14 obj/Release/src/decoder/decoder_hw.o
                0x0000000008002700                trigger_decoder_irq
 .text.init_decoder_hw
                0x0000000008002714       0xcc obj/Release/src/decoder/decoder_hw.o
                0x0000000008002714                init_decoder_hw
 .text.decoder_get_timestamp
                0x00000000080027e0        0xc obj/Release/src/decoder/decoder_hw.o
                0x00000000080027e0                decoder_get_timestamp
 .text.decoder_set_timer_continuous_mode_on
                0x00000000080027ec       0x1c obj/Release/src/decoder/decoder_hw.o
                0x00000000080027ec                decoder_set_timer_continuous_mode_on
 .text.decoder_set_timer_continuous_mode_off
                0x0000000008002808       0x1c obj/Release/src/decoder/decoder_hw.o
                0x0000000008002808                decoder_set_timer_continuous_mode_off
 .text.decoder_start_timer
                0x0000000008002824       0x5c obj/Release/src/decoder/decoder_hw.o
                0x0000000008002824                decoder_start_timer
 .text.decoder_request_timer_reset
                0x0000000008002880       0x10 obj/Release/src/decoder/decoder_hw.o
                0x0000000008002880                decoder_request_timer_reset
 .text.disable_decoder_hw
                0x0000000008002890       0x3c obj/Release/src/decoder/decoder_hw.o
                0x0000000008002890                disable_decoder_hw
 .text.EXTI0_IRQHandler
                0x00000000080028cc       0x60 obj/Release/src/decoder/decoder_hw.o
                0x00000000080028cc                EXTI0_IRQHandler
 .text.TIM1_BRK_TIM9_IRQHandler
                0x000000000800292c       0x74 obj/Release/src/decoder/decoder_hw.o
                0x000000000800292c                TIM1_BRK_TIM9_IRQHandler
 .text.EXTI1_IRQHandler
                0x00000000080029a0       0x1c obj/Release/src/decoder/decoder_hw.o
                0x00000000080029a0                EXTI1_IRQHandler
 .text.reset_timeout_counter
                0x00000000080029bc       0x14 obj/Release/src/decoder/decoder_logic.o
                0x00000000080029bc                reset_timeout_counter
 .text.reset_timing_output
                0x00000000080029d0       0x2c obj/Release/src/decoder/decoder_logic.o
                0x00000000080029d0                reset_timing_output
 .text.reset_position_data
                0x00000000080029fc       0x34 obj/Release/src/decoder/decoder_logic.o
                0x00000000080029fc                reset_position_data
 .text.reset_internal_data
                0x0000000008002a30       0x18 obj/Release/src/decoder/decoder_logic.o
                0x0000000008002a30                reset_internal_data
 .text.decoder_set_state
                0x0000000008002a48       0x20 obj/Release/src/decoder/decoder_logic.o
                0x0000000008002a48                decoder_set_state
 .text.check_sync_ratio
                0x0000000008002a68       0x74 obj/Release/src/decoder/decoder_logic.o
                0x0000000008002a68                check_sync_ratio
 .text.check_sync_ratio_async
                0x0000000008002adc       0x5c obj/Release/src/decoder/decoder_logic.o
                0x0000000008002adc                check_sync_ratio_async
 .text.update_timing_data
                0x0000000008002b38       0xc0 obj/Release/src/decoder/decoder_logic.o
                0x0000000008002b38                update_timing_data
 .text.init_decoder_logic
                0x0000000008002bf8       0x24 obj/Release/src/decoder/decoder_logic.o
                0x0000000008002bf8                init_decoder_logic
 .text.disable_decoder_logic
                0x0000000008002c1c       0x18 obj/Release/src/decoder/decoder_logic.o
                0x0000000008002c1c                disable_decoder_logic
 .text.decoder_crank_handler
                0x0000000008002c34      0x138 obj/Release/src/decoder/decoder_logic.o
                0x0000000008002c34                decoder_crank_handler
 .text.decoder_crank_noisefilter_handler
                0x0000000008002d6c        0x4 obj/Release/src/decoder/decoder_logic.o
                0x0000000008002d6c                decoder_crank_noisefilter_handler
 .text.decoder_crank_timeout_handler
                0x0000000008002d70       0x3c obj/Release/src/decoder/decoder_logic.o
                0x0000000008002d70                decoder_crank_timeout_handler
 .text.init_Decoder
                0x0000000008002dac       0x68 obj/Release/src/decoder/Tuareg_decoder.o
                0x0000000008002dac                init_Decoder
 .text.disable_Decoder
                0x0000000008002e14       0x28 obj/Release/src/decoder/Tuareg_decoder.o
                0x0000000008002e14                disable_Decoder
 .text.decoder_get_position_data_age_us
                0x0000000008002e3c       0x28 obj/Release/src/decoder/Tuareg_decoder.o
                0x0000000008002e3c                decoder_get_position_data_age_us
 .text.copy_diag_data
                0x0000000008002e64       0x48 obj/Release/src/diagnostics/diagnostics.o
                0x0000000008002e64                copy_diag_data
 .text.get_diag_data
                0x0000000008002eac       0x24 obj/Release/src/diagnostics/diagnostics.o
                0x0000000008002eac                get_diag_data
 .text.release_diag_shadow
                0x0000000008002ed0        0xc obj/Release/src/diagnostics/diagnostics.o
                0x0000000008002ed0                release_diag_shadow
 .text.load_Fault_Log
                0x0000000008002edc       0x1c obj/Release/src/diagnostics/fault_log.o
                0x0000000008002edc                load_Fault_Log
 .text.load_void_Fault_Log
                0x0000000008002ef8       0x18 obj/Release/src/diagnostics/fault_log.o
                0x0000000008002ef8                load_void_Fault_Log
 .text.init_Fault_Log
                0x0000000008002f10       0x4c obj/Release/src/diagnostics/fault_log.o
                0x0000000008002f10                init_Fault_Log
 .text.store_Fault_Log
                0x0000000008002f5c       0x10 obj/Release/src/diagnostics/fault_log.o
                0x0000000008002f5c                store_Fault_Log
 .text.log_Fault
                0x0000000008002f6c       0x68 obj/Release/src/diagnostics/fault_log.o
                0x0000000008002f6c                log_Fault
 .text.show_Fault_Log
                0x0000000008002fd4       0x74 obj/Release/src/diagnostics/fault_log.o
                0x0000000008002fd4                show_Fault_Log
 .text.clear_Fault_Log
                0x0000000008003048       0x18 obj/Release/src/diagnostics/fault_log.o
                0x0000000008003048                clear_Fault_Log
 .text.Erase_Fault_Log
                0x0000000008003060       0x3c obj/Release/src/diagnostics/fault_log.o
                0x0000000008003060                Erase_Fault_Log
 .text.send_Fault_Log
                0x000000000800309c        0xc obj/Release/src/diagnostics/fault_log.o
                0x000000000800309c                send_Fault_Log
 .text.clear_highspeedlog
                0x00000000080030a8       0x14 obj/Release/src/diagnostics/highspeed_loggers.o
                0x00000000080030a8                clear_highspeedlog
 .text.highspeedlog_init
                0x00000000080030bc       0x14 obj/Release/src/diagnostics/highspeed_loggers.o
                0x00000000080030bc                highspeedlog_init
 .text.highspeedlog_register_error
                0x00000000080030d0        0x2 obj/Release/src/diagnostics/highspeed_loggers.o
                0x00000000080030d0                highspeedlog_register_error
 *fill*         0x00000000080030d2        0x2 
 .text.highspeedlog_write
                0x00000000080030d4       0xb8 obj/Release/src/diagnostics/highspeed_loggers.o
                0x00000000080030d4                highspeedlog_write
 .text.highspeedlog_register_crankpos
                0x000000000800318c        0x6 obj/Release/src/diagnostics/highspeed_loggers.o
                0x000000000800318c                highspeedlog_register_crankpos
 *fill*         0x0000000008003192        0x2 
 .text.highspeedlog_register_cis_lobe_begin
                0x0000000008003194       0x10 obj/Release/src/diagnostics/highspeed_loggers.o
                0x0000000008003194                highspeedlog_register_cis_lobe_begin
 .text.highspeedlog_register_cis_lobe_end
                0x00000000080031a4       0x10 obj/Release/src/diagnostics/highspeed_loggers.o
                0x00000000080031a4                highspeedlog_register_cis_lobe_end
 .text.highspeedlog_register_coil1_power
                0x00000000080031b4        0x6 obj/Release/src/diagnostics/highspeed_loggers.o
                0x00000000080031b4                highspeedlog_register_coil1_power
 .text.highspeedlog_register_coil1_unpower
                0x00000000080031ba        0x6 obj/Release/src/diagnostics/highspeed_loggers.o
                0x00000000080031ba                highspeedlog_register_coil1_unpower
 .text.highspeedlog_register_coil2_power
                0x00000000080031c0        0x6 obj/Release/src/diagnostics/highspeed_loggers.o
                0x00000000080031c0                highspeedlog_register_coil2_power
 .text.highspeedlog_register_coil2_unpower
                0x00000000080031c6        0x6 obj/Release/src/diagnostics/highspeed_loggers.o
                0x00000000080031c6                highspeedlog_register_coil2_unpower
 .text.highspeedlog_register_injector1_power
                0x00000000080031cc        0x6 obj/Release/src/diagnostics/highspeed_loggers.o
                0x00000000080031cc                highspeedlog_register_injector1_power
 .text.highspeedlog_register_injector1_unpower
                0x00000000080031d2        0x6 obj/Release/src/diagnostics/highspeed_loggers.o
                0x00000000080031d2                highspeedlog_register_injector1_unpower
 .text.highspeedlog_register_injector2_power
                0x00000000080031d8        0x6 obj/Release/src/diagnostics/highspeed_loggers.o
                0x00000000080031d8                highspeedlog_register_injector2_power
 .text.highspeedlog_register_injector2_unpower
                0x00000000080031de        0x6 obj/Release/src/diagnostics/highspeed_loggers.o
                0x00000000080031de                highspeedlog_register_injector2_unpower
 .text.send_highspeedlog
                0x00000000080031e4       0xc4 obj/Release/src/diagnostics/highspeed_loggers.o
                0x00000000080031e4                send_highspeedlog
 .text.show_highspeedlog
                0x00000000080032a8      0x150 obj/Release/src/diagnostics/highspeed_loggers.o
                0x00000000080032a8                show_highspeedlog
 .text.clear_syslog
                0x00000000080033f8       0x38 obj/Release/src/diagnostics/syslog.o
                0x00000000080033f8                clear_syslog
 .text.Syslog_init
                0x0000000008003430       0x10 obj/Release/src/diagnostics/syslog.o
                0x0000000008003430                Syslog_init
 .text.Syslog_Error
                0x0000000008003440       0x48 obj/Release/src/diagnostics/syslog.o
                0x0000000008003440                Syslog_Error
 .text.Syslog_Warning
                0x0000000008003488       0x6c obj/Release/src/diagnostics/syslog.o
                0x0000000008003488                Syslog_Warning
 .text.Syslog_Info
                0x00000000080034f4       0x68 obj/Release/src/diagnostics/syslog.o
                0x00000000080034f4                Syslog_Info
 .text.show_syslog
                0x000000000800355c      0x11c obj/Release/src/diagnostics/syslog.o
                0x000000000800355c                show_syslog
 .text.send_syslog
                0x0000000008003678       0x20 obj/Release/src/diagnostics/syslog.o
                0x0000000008003678                send_syslog
 .text.calc_alpha
                0x0000000008003698       0x24 obj/Release/src/fueling/accel_comp.o
                0x0000000008003698                calc_alpha
 .text.update_load_transient_comp
                0x00000000080036bc       0xa4 obj/Release/src/fueling/accel_comp.o
                0x00000000080036bc                update_load_transient_comp
 .text.update_legacy_AE
                0x0000000008003760      0x280 obj/Release/src/fueling/accel_comp.o
                0x0000000008003760                update_legacy_AE
 .text.load_essential_Fueling_Config
                0x00000000080039e0       0xd4 obj/Release/src/fueling/fueling_config.o
                0x00000000080039e0                load_essential_Fueling_Config
 .text.load_Fueling_Setup
                0x0000000008003ab4       0x10 obj/Release/src/fueling/fueling_config.o
                0x0000000008003ab4                load_Fueling_Setup
 .text.store_Fueling_Setup
                0x0000000008003ac4       0x10 obj/Release/src/fueling/fueling_config.o
                0x0000000008003ac4                store_Fueling_Setup
 .text.show_Fueling_Setup
                0x0000000008003ad4      0x30c obj/Release/src/fueling/fueling_config.o
                0x0000000008003ad4                show_Fueling_Setup
 .text.modify_Fueling_Setup
                0x0000000008003de0       0x18 obj/Release/src/fueling/fueling_config.o
                0x0000000008003de0                modify_Fueling_Setup
 .text.send_Fueling_Setup
                0x0000000008003df8        0xc obj/Release/src/fueling/fueling_config.o
                0x0000000008003df8                send_Fueling_Setup
 .text.load_VeTable_TPS
                0x0000000008003e04       0x10 obj/Release/src/fueling/fueling_config.o
                0x0000000008003e04                load_VeTable_TPS
 .text.store_VeTable_TPS
                0x0000000008003e14       0x10 obj/Release/src/fueling/fueling_config.o
                0x0000000008003e14                store_VeTable_TPS
 .text.show_VeTable_TPS
                0x0000000008003e24       0x20 obj/Release/src/fueling/fueling_config.o
                0x0000000008003e24                show_VeTable_TPS
 .text.modify_VeTable_TPS
                0x0000000008003e44       0x10 obj/Release/src/fueling/fueling_config.o
                0x0000000008003e44                modify_VeTable_TPS
 .text.send_VeTable_TPS
                0x0000000008003e54        0xc obj/Release/src/fueling/fueling_config.o
                0x0000000008003e54                send_VeTable_TPS
 .text.getValue_VeTable_TPS
                0x0000000008003e60       0x14 obj/Release/src/fueling/fueling_config.o
                0x0000000008003e60                getValue_VeTable_TPS
 .text.load_VeTable_MAP
                0x0000000008003e74       0x10 obj/Release/src/fueling/fueling_config.o
                0x0000000008003e74                load_VeTable_MAP
 .text.store_VeTable_MAP
                0x0000000008003e84       0x10 obj/Release/src/fueling/fueling_config.o
                0x0000000008003e84                store_VeTable_MAP
 .text.show_VeTable_MAP
                0x0000000008003e94       0x20 obj/Release/src/fueling/fueling_config.o
                0x0000000008003e94                show_VeTable_MAP
 .text.modify_VeTable_MAP
                0x0000000008003eb4       0x10 obj/Release/src/fueling/fueling_config.o
                0x0000000008003eb4                modify_VeTable_MAP
 .text.send_VeTable_MAP
                0x0000000008003ec4        0xc obj/Release/src/fueling/fueling_config.o
                0x0000000008003ec4                send_VeTable_MAP
 .text.getValue_VeTable_MAP
                0x0000000008003ed0       0x14 obj/Release/src/fueling/fueling_config.o
                0x0000000008003ed0                getValue_VeTable_MAP
 .text.load_AfrTable_MAP
                0x0000000008003ee4       0x10 obj/Release/src/fueling/fueling_config.o
                0x0000000008003ee4                load_AfrTable_MAP
 .text.store_AfrTable_MAP
                0x0000000008003ef4       0x10 obj/Release/src/fueling/fueling_config.o
                0x0000000008003ef4                store_AfrTable_MAP
 .text.show_AfrTable_MAP
                0x0000000008003f04       0x20 obj/Release/src/fueling/fueling_config.o
                0x0000000008003f04                show_AfrTable_MAP
 .text.modify_AfrTable_MAP
                0x0000000008003f24       0x10 obj/Release/src/fueling/fueling_config.o
                0x0000000008003f24                modify_AfrTable_MAP
 .text.send_AfrTable_MAP
                0x0000000008003f34        0xc obj/Release/src/fueling/fueling_config.o
                0x0000000008003f34                send_AfrTable_MAP
 .text.getValue_AfrTable_MAP
                0x0000000008003f40       0x20 obj/Release/src/fueling/fueling_config.o
                0x0000000008003f40                getValue_AfrTable_MAP
 .text.load_AfrTable_TPS
                0x0000000008003f60       0x10 obj/Release/src/fueling/fueling_config.o
                0x0000000008003f60                load_AfrTable_TPS
 .text.store_AfrTable_TPS
                0x0000000008003f70       0x10 obj/Release/src/fueling/fueling_config.o
                0x0000000008003f70                store_AfrTable_TPS
 .text.show_AfrTable_TPS
                0x0000000008003f80       0x20 obj/Release/src/fueling/fueling_config.o
                0x0000000008003f80                show_AfrTable_TPS
 .text.modify_AfrTable_TPS
                0x0000000008003fa0       0x10 obj/Release/src/fueling/fueling_config.o
                0x0000000008003fa0                modify_AfrTable_TPS
 .text.send_AfrTable_TPS
                0x0000000008003fb0        0xc obj/Release/src/fueling/fueling_config.o
                0x0000000008003fb0                send_AfrTable_TPS
 .text.getValue_AfrTable_TPS
                0x0000000008003fbc       0x20 obj/Release/src/fueling/fueling_config.o
                0x0000000008003fbc                getValue_AfrTable_TPS
 .text.load_AccelCompTableTPS
                0x0000000008003fdc       0x10 obj/Release/src/fueling/fueling_config.o
                0x0000000008003fdc                load_AccelCompTableTPS
 .text.store_AccelCompTableTPS
                0x0000000008003fec       0x10 obj/Release/src/fueling/fueling_config.o
                0x0000000008003fec                store_AccelCompTableTPS
 .text.show_AccelCompTableTPS
                0x0000000008003ffc       0x20 obj/Release/src/fueling/fueling_config.o
                0x0000000008003ffc                show_AccelCompTableTPS
 .text.modify_AccelCompTableTPS
                0x000000000800401c       0x10 obj/Release/src/fueling/fueling_config.o
                0x000000000800401c                modify_AccelCompTableTPS
 .text.send_AccelCompTableTPS
                0x000000000800402c        0xc obj/Release/src/fueling/fueling_config.o
                0x000000000800402c                send_AccelCompTableTPS
 .text.getValue_AccelCompTableTPS
                0x0000000008004038       0x24 obj/Release/src/fueling/fueling_config.o
                0x0000000008004038                getValue_AccelCompTableTPS
 .text.load_AccelCompTableMAP
                0x000000000800405c       0x10 obj/Release/src/fueling/fueling_config.o
                0x000000000800405c                load_AccelCompTableMAP
 .text.store_AccelCompTableMAP
                0x000000000800406c       0x10 obj/Release/src/fueling/fueling_config.o
                0x000000000800406c                store_AccelCompTableMAP
 .text.show_AccelCompTableMAP
                0x000000000800407c       0x20 obj/Release/src/fueling/fueling_config.o
                0x000000000800407c                show_AccelCompTableMAP
 .text.modify_AccelCompTableMAP
                0x000000000800409c       0x10 obj/Release/src/fueling/fueling_config.o
                0x000000000800409c                modify_AccelCompTableMAP
 .text.send_AccelCompTableMAP
                0x00000000080040ac        0xc obj/Release/src/fueling/fueling_config.o
                0x00000000080040ac                send_AccelCompTableMAP
 .text.getValue_AccelCompTableMAP
                0x00000000080040b8       0x24 obj/Release/src/fueling/fueling_config.o
                0x00000000080040b8                getValue_AccelCompTableMAP
 .text.load_WarmUpCompTable
                0x00000000080040dc       0x10 obj/Release/src/fueling/fueling_config.o
                0x00000000080040dc                load_WarmUpCompTable
 .text.store_WarmUpCompTable
                0x00000000080040ec       0x10 obj/Release/src/fueling/fueling_config.o
                0x00000000080040ec                store_WarmUpCompTable
 .text.show_WarmUpCompTable
                0x00000000080040fc       0x20 obj/Release/src/fueling/fueling_config.o
                0x00000000080040fc                show_WarmUpCompTable
 .text.modify_WarmUpCompTable
                0x000000000800411c       0x10 obj/Release/src/fueling/fueling_config.o
                0x000000000800411c                modify_WarmUpCompTable
 .text.send_WarmUpCompTable
                0x000000000800412c        0xc obj/Release/src/fueling/fueling_config.o
                0x000000000800412c                send_WarmUpCompTable
 .text.getValue_WarmUpCompTable
                0x0000000008004138       0x14 obj/Release/src/fueling/fueling_config.o
                0x0000000008004138                getValue_WarmUpCompTable
 .text.load_InjectorTimingTable
                0x000000000800414c       0x10 obj/Release/src/fueling/fueling_config.o
                0x000000000800414c                load_InjectorTimingTable
 .text.store_InjectorTimingTable
                0x000000000800415c       0x10 obj/Release/src/fueling/fueling_config.o
                0x000000000800415c                store_InjectorTimingTable
 .text.show_InjectorTimingTable
                0x000000000800416c       0x20 obj/Release/src/fueling/fueling_config.o
                0x000000000800416c                show_InjectorTimingTable
 .text.modify_InjectorTimingTable
                0x000000000800418c       0x10 obj/Release/src/fueling/fueling_config.o
                0x000000000800418c                modify_InjectorTimingTable
 .text.send_InjectorTimingTable
                0x000000000800419c        0xc obj/Release/src/fueling/fueling_config.o
                0x000000000800419c                send_InjectorTimingTable
 .text.getValue_InjectorTimingTable
                0x00000000080041a8       0x2c obj/Release/src/fueling/fueling_config.o
                0x00000000080041a8                getValue_InjectorTimingTable
 .text.load_CrankingFuelTable
                0x00000000080041d4       0x10 obj/Release/src/fueling/fueling_config.o
                0x00000000080041d4                load_CrankingFuelTable
 .text.store_CrankingFuelTable
                0x00000000080041e4       0x10 obj/Release/src/fueling/fueling_config.o
                0x00000000080041e4                store_CrankingFuelTable
 .text.show_CrankingFuelTable
                0x00000000080041f4       0x20 obj/Release/src/fueling/fueling_config.o
                0x00000000080041f4                show_CrankingFuelTable
 .text.modify_CrankingFuelTable
                0x0000000008004214       0x10 obj/Release/src/fueling/fueling_config.o
                0x0000000008004214                modify_CrankingFuelTable
 .text.send_CrankingFuelTable
                0x0000000008004224        0xc obj/Release/src/fueling/fueling_config.o
                0x0000000008004224                send_CrankingFuelTable
 .text.getValue_CrankingFuelTable
                0x0000000008004230       0x24 obj/Release/src/fueling/fueling_config.o
                0x0000000008004230                getValue_CrankingFuelTable
 .text.load_InjectorPhaseTable
                0x0000000008004254       0x10 obj/Release/src/fueling/fueling_config.o
                0x0000000008004254                load_InjectorPhaseTable
 .text.store_InjectorPhaseTable
                0x0000000008004264       0x10 obj/Release/src/fueling/fueling_config.o
                0x0000000008004264                store_InjectorPhaseTable
 .text.show_InjectorPhaseTable
                0x0000000008004274       0x20 obj/Release/src/fueling/fueling_config.o
                0x0000000008004274                show_InjectorPhaseTable
 .text.modify_InjectorPhaseTable
                0x0000000008004294       0x10 obj/Release/src/fueling/fueling_config.o
                0x0000000008004294                modify_InjectorPhaseTable
 .text.send_InjectorPhaseTable
                0x00000000080042a4        0xc obj/Release/src/fueling/fueling_config.o
                0x00000000080042a4                send_InjectorPhaseTable
 .text.getValue_InjectorPhaseTable
                0x00000000080042b0       0x14 obj/Release/src/fueling/fueling_config.o
                0x00000000080042b0                getValue_InjectorPhaseTable
 .text.load_BAROtable
                0x00000000080042c4       0x10 obj/Release/src/fueling/fueling_config.o
                0x00000000080042c4                load_BAROtable
 .text.store_BAROtable
                0x00000000080042d4       0x10 obj/Release/src/fueling/fueling_config.o
                0x00000000080042d4                store_BAROtable
 .text.show_BAROtable
                0x00000000080042e4       0x20 obj/Release/src/fueling/fueling_config.o
                0x00000000080042e4                show_BAROtable
 .text.modify_BAROtable
                0x0000000008004304       0x10 obj/Release/src/fueling/fueling_config.o
                0x0000000008004304                modify_BAROtable
 .text.send_BAROtable
                0x0000000008004314        0xc obj/Release/src/fueling/fueling_config.o
                0x0000000008004314                send_BAROtable
 .text.getValue_BAROtable
                0x0000000008004320       0x40 obj/Release/src/fueling/fueling_config.o
                0x0000000008004320                getValue_BAROtable
 .text.load_ChargeTempTable
                0x0000000008004360       0x10 obj/Release/src/fueling/fueling_config.o
                0x0000000008004360                load_ChargeTempTable
 .text.load_Fueling_Config
                0x0000000008004370       0xd8 obj/Release/src/fueling/fueling_config.o
                0x0000000008004370                load_Fueling_Config
 .text.store_ChargeTempTable
                0x0000000008004448       0x10 obj/Release/src/fueling/fueling_config.o
                0x0000000008004448                store_ChargeTempTable
 .text.show_ChargeTempTable
                0x0000000008004458       0x20 obj/Release/src/fueling/fueling_config.o
                0x0000000008004458                show_ChargeTempTable
 .text.modify_ChargeTempTable
                0x0000000008004478       0x10 obj/Release/src/fueling/fueling_config.o
                0x0000000008004478                modify_ChargeTempTable
 .text.send_ChargeTempTable
                0x0000000008004488        0xc obj/Release/src/fueling/fueling_config.o
                0x0000000008004488                send_ChargeTempTable
 .text.getValue_ChargeTempTable
                0x0000000008004494       0x2c obj/Release/src/fueling/fueling_config.o
                0x0000000008004494                getValue_ChargeTempTable
 .text.update_fuel_mass_afterstart_correction
                0x00000000080044c0       0xa4 obj/Release/src/fueling/fueling_corrections.o
                0x00000000080044c0                update_fuel_mass_afterstart_correction
 .text.update_fuel_mass_warmup_correction
                0x0000000008004564       0x5c obj/Release/src/fueling/fueling_corrections.o
                0x0000000008004564                update_fuel_mass_warmup_correction
 .text.update_fuel_mass_barometric_correction
                0x00000000080045c0       0x5c obj/Release/src/fueling/fueling_corrections.o
                0x00000000080045c0                update_fuel_mass_barometric_correction
 .text.update_fuel_mass_corrections
                0x000000000800461c       0x1c obj/Release/src/fueling/fueling_corrections.o
                0x000000000800461c                update_fuel_mass_corrections
 .text.fueling_diag_log_event
                0x0000000008004638       0x28 obj/Release/src/fueling/fueling_diag.o
                0x0000000008004638                fueling_diag_log_event
 .text.print_fueling_diag
                0x0000000008004660       0x68 obj/Release/src/fueling/fueling_diag.o
                0x0000000008004660                print_fueling_diag
 .text.set_injector1_powered
                0x00000000080046c8       0x28 obj/Release/src/fueling/fueling_hw.o
                0x00000000080046c8                set_injector1_powered
 .text.set_injector1_unpowered
                0x00000000080046f0       0x28 obj/Release/src/fueling/fueling_hw.o
                0x00000000080046f0                set_injector1_unpowered
 .text.set_injector2_powered
                0x0000000008004718       0x28 obj/Release/src/fueling/fueling_hw.o
                0x0000000008004718                set_injector2_powered
 .text.set_injector2_unpowered
                0x0000000008004740       0x28 obj/Release/src/fueling/fueling_hw.o
                0x0000000008004740                set_injector2_unpowered
 .text.set_fuel_pump_powered
                0x0000000008004768       0x28 obj/Release/src/fueling/fueling_hw.o
                0x0000000008004768                set_fuel_pump_powered
 .text.set_fuel_pump_unpowered
                0x0000000008004790       0x20 obj/Release/src/fueling/fueling_hw.o
                0x0000000008004790                set_fuel_pump_unpowered
 .text.set_injector1
                0x00000000080047b0       0x30 obj/Release/src/fueling/fueling_hw.o
                0x00000000080047b0                set_injector1
 .text.set_injector2
                0x00000000080047e0       0x30 obj/Release/src/fueling/fueling_hw.o
                0x00000000080047e0                set_injector2
 .text.set_fuel_pump
                0x0000000008004810        0xc obj/Release/src/fueling/fueling_hw.o
                0x0000000008004810                set_fuel_pump
 .text.init_fueling_hw
                0x000000000800481c       0x5c obj/Release/src/fueling/fueling_hw.o
                0x000000000800481c                init_fueling_hw
 .text.update_injector_deadtime
                0x0000000008004878       0x50 obj/Release/src/fueling/injector_parameters.o
                0x0000000008004878                update_injector_deadtime
 .text.update_injector_intervals_sequential
                0x00000000080048c8       0xf8 obj/Release/src/fueling/injector_parameters.o
                0x00000000080048c8                update_injector_intervals_sequential
 .text.update_injector_intervals_batch
                0x00000000080049c0       0xf4 obj/Release/src/fueling/injector_parameters.o
                0x00000000080049c0                update_injector_intervals_batch
 .text.update_injection_begin_batch
                0x0000000008004ab4       0x34 obj/Release/src/fueling/injector_parameters.o
                0x0000000008004ab4                update_injection_begin_batch
 .text.update_injection_begin_sequential
                0x0000000008004ae8       0xf0 obj/Release/src/fueling/injector_parameters.o
                0x0000000008004ae8                update_injection_begin_sequential
 .text.init_Fueling
                0x0000000008004bd8       0x64 obj/Release/src/fueling/Tuareg_fueling.o
                0x0000000008004bd8                init_Fueling
 .text.Tuareg_fueling_update_crankpos_handler
                0x0000000008004c3c      0x198 obj/Release/src/fueling/Tuareg_fueling.o
                0x0000000008004c3c                Tuareg_fueling_update_crankpos_handler
 .text.invalid_fueling_controls
                0x0000000008004dd4       0x48 obj/Release/src/fueling/Tuareg_fueling_controls.o
                0x0000000008004dd4                invalid_fueling_controls
 .text.update_air_flow
                0x0000000008004e1c       0x94 obj/Release/src/fueling/Tuareg_fueling_controls.o
                0x0000000008004e1c                update_air_flow
 .text.update_AFR_target
                0x0000000008004eb0       0x78 obj/Release/src/fueling/Tuareg_fueling_controls.o
                0x0000000008004eb0                update_AFR_target
 .text.update_fuel_mass_cranking
                0x0000000008004f28       0x68 obj/Release/src/fueling/Tuareg_fueling_controls.o
                0x0000000008004f28                update_fuel_mass_cranking
 .text.update_base_fuel_mass
                0x0000000008004f90       0x48 obj/Release/src/fueling/Tuareg_fueling_controls.o
                0x0000000008004f90                update_base_fuel_mass
 .text.update_target_fuel_mass
                0x0000000008004fd8      0x138 obj/Release/src/fueling/Tuareg_fueling_controls.o
                0x0000000008004fd8                update_target_fuel_mass
 .text.Tuareg_update_fueling_controls
                0x0000000008005110      0x234 obj/Release/src/fueling/Tuareg_fueling_controls.o
                0x0000000008005110                Tuareg_update_fueling_controls
 .text.load_Ignition_Config
                0x0000000008005344       0x40 obj/Release/src/ignition/ignition_config.o
                0x0000000008005344                load_Ignition_Config
 .text.load_essential_Ignition_Config
                0x0000000008005384        0x2 obj/Release/src/ignition/ignition_config.o
                0x0000000008005384                load_essential_Ignition_Config
 *fill*         0x0000000008005386        0x2 
 .text.store_Ignition_Setup
                0x0000000008005388       0x10 obj/Release/src/ignition/ignition_config.o
                0x0000000008005388                store_Ignition_Setup
 .text.show_Ignition_Setup
                0x0000000008005398      0x17c obj/Release/src/ignition/ignition_config.o
                0x0000000008005398                show_Ignition_Setup
 .text.modify_Ignition_Setup
                0x0000000008005514       0x18 obj/Release/src/ignition/ignition_config.o
                0x0000000008005514                modify_Ignition_Setup
 .text.send_Ignition_Setup
                0x000000000800552c        0xc obj/Release/src/ignition/ignition_config.o
                0x000000000800552c                send_Ignition_Setup
 .text.store_ignAdvTable_TPS
                0x0000000008005538       0x10 obj/Release/src/ignition/ignition_config.o
                0x0000000008005538                store_ignAdvTable_TPS
 .text.show_ignAdvTable_TPS
                0x0000000008005548       0x20 obj/Release/src/ignition/ignition_config.o
                0x0000000008005548                show_ignAdvTable_TPS
 .text.modify_ignAdvTable_TPS
                0x0000000008005568       0x10 obj/Release/src/ignition/ignition_config.o
                0x0000000008005568                modify_ignAdvTable_TPS
 .text.send_ignAdvTable_TPS
                0x0000000008005578        0xc obj/Release/src/ignition/ignition_config.o
                0x0000000008005578                send_ignAdvTable_TPS
 .text.getValue_ignAdvTable_TPS
                0x0000000008005584       0x20 obj/Release/src/ignition/ignition_config.o
                0x0000000008005584                getValue_ignAdvTable_TPS
 .text.store_ignDwellTable
                0x00000000080055a4       0x10 obj/Release/src/ignition/ignition_config.o
                0x00000000080055a4                store_ignDwellTable
 .text.show_ignDwellTable
                0x00000000080055b4       0x20 obj/Release/src/ignition/ignition_config.o
                0x00000000080055b4                show_ignDwellTable
 .text.modify_ignDwellTable
                0x00000000080055d4       0x10 obj/Release/src/ignition/ignition_config.o
                0x00000000080055d4                modify_ignDwellTable
 .text.send_ignDwellTable
                0x00000000080055e4        0xc obj/Release/src/ignition/ignition_config.o
                0x00000000080055e4                send_ignDwellTable
 .text.getValue_ignDwellTable
                0x00000000080055f0       0x24 obj/Release/src/ignition/ignition_config.o
                0x00000000080055f0                getValue_ignDwellTable
 .text.ignition_diag_log_event
                0x0000000008005614       0x28 obj/Release/src/ignition/ignition_diag.o
                0x0000000008005614                ignition_diag_log_event
 .text.print_ignition_diag
                0x000000000800563c       0x68 obj/Release/src/ignition/ignition_diag.o
                0x000000000800563c                print_ignition_diag
 .text.set_coil1_powered
                0x00000000080056a4       0x28 obj/Release/src/ignition/ignition_hw.o
                0x00000000080056a4                set_coil1_powered
 .text.set_coil1_unpowered
                0x00000000080056cc       0x20 obj/Release/src/ignition/ignition_hw.o
                0x00000000080056cc                set_coil1_unpowered
 .text.set_coil2_powered
                0x00000000080056ec       0x28 obj/Release/src/ignition/ignition_hw.o
                0x00000000080056ec                set_coil2_powered
 .text.set_coil2_unpowered
                0x0000000008005714       0x20 obj/Release/src/ignition/ignition_hw.o
                0x0000000008005714                set_coil2_unpowered
 .text.set_ignition_ch1
                0x0000000008005734       0x30 obj/Release/src/ignition/ignition_hw.o
                0x0000000008005734                set_ignition_ch1
 .text.set_ignition_ch2
                0x0000000008005764       0x30 obj/Release/src/ignition/ignition_hw.o
                0x0000000008005764                set_ignition_ch2
 .text.init_ignition_hw
                0x0000000008005794       0x3c obj/Release/src/ignition/ignition_hw.o
                0x0000000008005794                init_ignition_hw
 .text.init_Ignition
                0x00000000080057d0       0x68 obj/Release/src/ignition/Tuareg_ignition.o
                0x00000000080057d0                init_Ignition
 .text.Tuareg_ignition_update_crankpos_handler
                0x0000000008005838      0x154 obj/Release/src/ignition/Tuareg_ignition.o
                0x0000000008005838                Tuareg_ignition_update_crankpos_handler
 .text.default_ignition_controls
                0x000000000800598c       0x24 obj/Release/src/ignition/Tuareg_ignition_controls.o
                0x000000000800598c                default_ignition_controls
 .text.revlimiter_ignition_controls
                0x00000000080059b0       0x1c obj/Release/src/ignition/Tuareg_ignition_controls.o
                0x00000000080059b0                revlimiter_ignition_controls
 .text.cranking_ignition_controls
                0x00000000080059cc       0x38 obj/Release/src/ignition/Tuareg_ignition_controls.o
                0x00000000080059cc                cranking_ignition_controls
 .text.dynamic_ignition_controls
                0x0000000008005a04      0x188 obj/Release/src/ignition/Tuareg_ignition_controls.o
                0x0000000008005a04                dynamic_ignition_controls
 .text.Tuareg_update_ignition_controls
                0x0000000008005b8c       0xa8 obj/Release/src/ignition/Tuareg_ignition_controls.o
                0x0000000008005b8c                Tuareg_update_ignition_controls
 .text.startup.main
                0x0000000008005c34       0x78 obj/Release/src/main/main.o
                0x0000000008005c34                main
 .text.EXTI2_IRQHandler
                0x0000000008005cac       0x5c obj/Release/src/main/main.o
                0x0000000008005cac                EXTI2_IRQHandler
 .text.Tuareg_load_config
                0x0000000008005d08       0x7c obj/Release/src/main/Tuareg.o
                0x0000000008005d08                Tuareg_load_config
 .text.Tuareg_Init
                0x0000000008005d84       0xb0 obj/Release/src/main/Tuareg.o
                0x0000000008005d84                Tuareg_Init
 .text.Tuareg_update_run_inhibit
                0x0000000008005e34      0x140 obj/Release/src/main/Tuareg.o
                0x0000000008005e34                Tuareg_update_run_inhibit
 .text.Tuareg_update_limited_op
                0x0000000008005f74       0x38 obj/Release/src/main/Tuareg.o
                0x0000000008005f74                Tuareg_update_limited_op
 .text.Tuareg_update_rev_limiter
                0x0000000008005fac       0x60 obj/Release/src/main/Tuareg.o
                0x0000000008005fac                Tuareg_update_rev_limiter
 .text.Tuareg_update_standby
                0x000000000800600c       0xcc obj/Release/src/main/Tuareg.o
                0x000000000800600c                Tuareg_update_standby
 .text.Tuareg_update_fuel_pump_control
                0x00000000080060d8       0x54 obj/Release/src/main/Tuareg.o
                0x00000000080060d8                Tuareg_update_fuel_pump_control
 .text.Tuareg_deactivate_vital_actors
                0x000000000800612c       0x50 obj/Release/src/main/Tuareg.o
                0x000000000800612c                Tuareg_deactivate_vital_actors
 .text.Tuareg_update
                0x000000000800617c       0x58 obj/Release/src/main/Tuareg.o
                0x000000000800617c                Tuareg_update
 .text.Tuareg_update_trip
                0x00000000080061d4       0x1c obj/Release/src/main/Tuareg.o
                0x00000000080061d4                Tuareg_update_trip
 .text.Tuareg_update_consumption_data
                0x00000000080061f0       0x24 obj/Release/src/main/Tuareg.o
                0x00000000080061f0                Tuareg_update_consumption_data
 .text.load_Tuareg_Setup
                0x0000000008006214       0x10 obj/Release/src/main/Tuareg_config.o
                0x0000000008006214                load_Tuareg_Setup
 .text.load_essential_Tuareg_Setup
                0x0000000008006224       0xd0 obj/Release/src/main/Tuareg_config.o
                0x0000000008006224                load_essential_Tuareg_Setup
 .text.store_Tuareg_Setup
                0x00000000080062f4       0x10 obj/Release/src/main/Tuareg_config.o
                0x00000000080062f4                store_Tuareg_Setup
 .text.show_Tuareg_Setup
                0x0000000008006304      0x1ec obj/Release/src/main/Tuareg_config.o
                0x0000000008006304                show_Tuareg_Setup
 .text.modify_Tuareg_Setup
                0x00000000080064f0       0x18 obj/Release/src/main/Tuareg_config.o
                0x00000000080064f0                modify_Tuareg_Setup
 .text.send_Tuareg_Setup
                0x0000000008006508        0xc obj/Release/src/main/Tuareg_config.o
                0x0000000008006508                send_Tuareg_Setup
 .text.tuareg_diag_log_event
                0x0000000008006514       0x28 obj/Release/src/main/Tuareg_diag.o
                0x0000000008006514                tuareg_diag_log_event
 .text.print_tuareg_diag
                0x000000000800653c       0x68 obj/Release/src/main/Tuareg_diag.o
                0x000000000800653c                print_tuareg_diag
 .text.Fatal    0x00000000080065a4       0x68 obj/Release/src/main/Tuareg_errors.o
                0x00000000080065a4                Fatal
 .text.VitalAssert
                0x000000000800660c        0xe obj/Release/src/main/Tuareg_errors.o
                0x000000000800660c                VitalAssert
 *fill*         0x000000000800661a        0x2 
 .text.Limp     0x000000000800661c       0x44 obj/Release/src/main/Tuareg_errors.o
                0x000000000800661c                Limp
 .text.print_Tuareg_ID_label
                0x0000000008006660       0x30 obj/Release/src/main/Tuareg_ID.o
                0x0000000008006660                print_Tuareg_ID_label
 .text.Tuareg_update_process_data
                0x0000000008006690      0x13c obj/Release/src/main/Tuareg_process_data.o
                0x0000000008006690                Tuareg_update_process_data
 .text.request_service_mode
                0x00000000080067cc       0x3c obj/Release/src/main/Tuareg_service_functions.o
                0x00000000080067cc                request_service_mode
 .text.activate_fuel_pump
                0x0000000008006808       0x5c obj/Release/src/main/Tuareg_service_functions.o
                0x0000000008006808                activate_fuel_pump
 .text.deactivate_fuel_pump
                0x0000000008006864       0x28 obj/Release/src/main/Tuareg_service_functions.o
                0x0000000008006864                deactivate_fuel_pump
 .text.fuel_pump_periodic_update
                0x000000000800688c       0x24 obj/Release/src/main/Tuareg_service_functions.o
                0x000000000800688c                fuel_pump_periodic_update
 .text.activate_injector1
                0x00000000080068b0       0x84 obj/Release/src/main/Tuareg_service_functions.o
                0x00000000080068b0                activate_injector1
 .text.deactivate_injector1
                0x0000000008006934       0x2c obj/Release/src/main/Tuareg_service_functions.o
                0x0000000008006934                deactivate_injector1
 .text.injector1_periodic_update
                0x0000000008006960       0x5c obj/Release/src/main/Tuareg_service_functions.o
                0x0000000008006960                injector1_periodic_update
 .text.activate_injector2
                0x00000000080069bc       0x84 obj/Release/src/main/Tuareg_service_functions.o
                0x00000000080069bc                activate_injector2
 .text.deactivate_injector2
                0x0000000008006a40       0x2c obj/Release/src/main/Tuareg_service_functions.o
                0x0000000008006a40                deactivate_injector2
 .text.injector2_periodic_update
                0x0000000008006a6c       0x5c obj/Release/src/main/Tuareg_service_functions.o
                0x0000000008006a6c                injector2_periodic_update
 .text.activate_coil1
                0x0000000008006ac8       0xa4 obj/Release/src/main/Tuareg_service_functions.o
                0x0000000008006ac8                activate_coil1
 .text.deactivate_coil1
                0x0000000008006b6c       0x2c obj/Release/src/main/Tuareg_service_functions.o
                0x0000000008006b6c                deactivate_coil1
 .text.coil1_periodic_update
                0x0000000008006b98       0x5c obj/Release/src/main/Tuareg_service_functions.o
                0x0000000008006b98                coil1_periodic_update
 .text.activate_coil2
                0x0000000008006bf4       0xa4 obj/Release/src/main/Tuareg_service_functions.o
                0x0000000008006bf4                activate_coil2
 .text.deactivate_coil2
                0x0000000008006c98       0x2c obj/Release/src/main/Tuareg_service_functions.o
                0x0000000008006c98                deactivate_coil2
 .text.request_service_activation
                0x0000000008006cc4       0x94 obj/Release/src/main/Tuareg_service_functions.o
                0x0000000008006cc4                request_service_activation
 .text.coil2_periodic_update
                0x0000000008006d58       0x5c obj/Release/src/main/Tuareg_service_functions.o
                0x0000000008006d58                coil2_periodic_update
 .text.service_functions_periodic_update
                0x0000000008006db4       0x40 obj/Release/src/main/Tuareg_service_functions.o
                0x0000000008006db4                service_functions_periodic_update
 .text.update_process_table
                0x0000000008006df4       0xc0 obj/Release/src/process_table/process_table.o
                0x0000000008006df4                update_process_table
 .text.get_position_from_index
                0x0000000008006eb4       0x5c obj/Release/src/process_table/process_table.o
                0x0000000008006eb4                get_position_from_index
 .text.get_index_from_position
                0x0000000008006f10       0x38 obj/Release/src/process_table/process_table.o
                0x0000000008006f10                get_index_from_position
 .text.find_process_position_before
                0x0000000008006f48       0x4c obj/Release/src/process_table/process_table.o
                0x0000000008006f48                find_process_position_before
 .text.get_process_advance
                0x0000000008006f94       0x34 obj/Release/src/process_table/process_table.o
                0x0000000008006f94                get_process_advance
 .text.print_process_table
                0x0000000008006fc8       0x9c obj/Release/src/process_table/process_table.o
                0x0000000008006fc8                print_process_table
 .text.sensors_start_regular_group_conversion
                0x0000000008007064        0xc obj/Release/src/sensors/analog_sensors.o
                0x0000000008007064                sensors_start_regular_group_conversion
 .text.sensors_start_injected_group_conversion
                0x0000000008007070        0xc obj/Release/src/sensors/analog_sensors.o
                0x0000000008007070                sensors_start_injected_group_conversion
 .text.init_analog_sensors
                0x000000000800707c      0x2d0 obj/Release/src/sensors/analog_sensors.o
                0x000000000800707c                init_analog_sensors
 .text.update_analog_sensor
                0x000000000800734c       0xdc obj/Release/src/sensors/analog_sensors.o
                0x000000000800734c                update_analog_sensor
 .text.ADC_IRQHandler
                0x0000000008007428       0x6c obj/Release/src/sensors/analog_sensors.o
                0x0000000008007428                ADC_IRQHandler
 .text.DMA2_Stream0_IRQHandler
                0x0000000008007494       0x9c obj/Release/src/sensors/analog_sensors.o
                0x0000000008007494                DMA2_Stream0_IRQHandler
 .text.reset_dsensor_integrator
                0x0000000008007530       0x2c obj/Release/src/sensors/digital_sensors.o
                0x0000000008007530                reset_dsensor_integrator
 .text.init_digital_sensors
                0x000000000800755c       0x88 obj/Release/src/sensors/digital_sensors.o
                0x000000000800755c                init_digital_sensors
 .text.read_dsensors
                0x00000000080075e4       0x64 obj/Release/src/sensors/digital_sensors.o
                0x00000000080075e4                read_dsensors
 .text.update_digital_sensors
                0x0000000008007648       0x6c obj/Release/src/sensors/digital_sensors.o
                0x0000000008007648                update_digital_sensors
 .text.load_Sensor_Calibration
                0x00000000080076b4       0x2c obj/Release/src/sensors/sensor_calibration.o
                0x00000000080076b4                load_Sensor_Calibration
 .text.store_Sensor_Calibration
                0x00000000080076e0       0x10 obj/Release/src/sensors/sensor_calibration.o
                0x00000000080076e0                store_Sensor_Calibration
 .text.show_Sensor_Calibration
                0x00000000080076f0       0x30 obj/Release/src/sensors/sensor_calibration.o
                0x00000000080076f0                show_Sensor_Calibration
 .text.modify_Sensor_Calibration
                0x0000000008007720       0x18 obj/Release/src/sensors/sensor_calibration.o
                0x0000000008007720                modify_Sensor_Calibration
 .text.send_Sensor_Calibration
                0x0000000008007738        0xc obj/Release/src/sensors/sensor_calibration.o
                0x0000000008007738                send_Sensor_Calibration
 .text.store_InvTableCLT
                0x0000000008007744       0x10 obj/Release/src/sensors/sensor_calibration.o
                0x0000000008007744                store_InvTableCLT
 .text.show_InvTableCLT
                0x0000000008007754       0x20 obj/Release/src/sensors/sensor_calibration.o
                0x0000000008007754                show_InvTableCLT
 .text.modify_InvTableCLT
                0x0000000008007774       0x10 obj/Release/src/sensors/sensor_calibration.o
                0x0000000008007774                modify_InvTableCLT
 .text.send_InvTableCLT
                0x0000000008007784        0xc obj/Release/src/sensors/sensor_calibration.o
                0x0000000008007784                send_InvTableCLT
 .text.getValue_InvTableCLT
                0x0000000008007790       0x1c obj/Release/src/sensors/sensor_calibration.o
                0x0000000008007790                getValue_InvTableCLT
 .text.sensors_diag_log_event
                0x00000000080077ac       0x28 obj/Release/src/sensors/sensors_diag.o
                0x00000000080077ac                sensors_diag_log_event
 .text.print_sensors_diag
                0x00000000080077d4       0x68 obj/Release/src/sensors/sensors_diag.o
                0x00000000080077d4                print_sensors_diag
 .text.Tuareg_update_MAP_sensor
                0x000000000800783c       0x5c obj/Release/src/sensors/Tuareg_sensors.o
                0x000000000800783c                Tuareg_update_MAP_sensor
 .text.Tuareg_update_O2_sensor
                0x0000000008007898       0x54 obj/Release/src/sensors/Tuareg_sensors.o
                0x0000000008007898                Tuareg_update_O2_sensor
 .text.Tuareg_update_TPS_sensor
                0x00000000080078ec       0x54 obj/Release/src/sensors/Tuareg_sensors.o
                0x00000000080078ec                Tuareg_update_TPS_sensor
 .text.Tuareg_update_IAT_sensor
                0x0000000008007940       0x64 obj/Release/src/sensors/Tuareg_sensors.o
                0x0000000008007940                Tuareg_update_IAT_sensor
 .text.Tuareg_update_CLT_sensor
                0x00000000080079a4       0x68 obj/Release/src/sensors/Tuareg_sensors.o
                0x00000000080079a4                Tuareg_update_CLT_sensor
 .text.Tuareg_update_VBAT_sensor
                0x0000000008007a0c       0x58 obj/Release/src/sensors/Tuareg_sensors.o
                0x0000000008007a0c                Tuareg_update_VBAT_sensor
 .text.Tuareg_update_KNOCK_sensor
                0x0000000008007a64       0x58 obj/Release/src/sensors/Tuareg_sensors.o
                0x0000000008007a64                Tuareg_update_KNOCK_sensor
 .text.Tuareg_update_BARO_sensor
                0x0000000008007abc       0x5c obj/Release/src/sensors/Tuareg_sensors.o
                0x0000000008007abc                Tuareg_update_BARO_sensor
 .text.Tuareg_update_GEAR_sensor
                0x0000000008007b18       0x74 obj/Release/src/sensors/Tuareg_sensors.o
                0x0000000008007b18                Tuareg_update_GEAR_sensor
 .text.init_Sensors
                0x0000000008007b8c       0xf0 obj/Release/src/sensors/Tuareg_sensors.o
                0x0000000008007b8c                init_Sensors
 .text.adc_set_regular_group
                0x0000000008007c7c       0x6e obj/Release/src/stm32_libs/stm32f4xx/boctok/stm32f4xx_adc_boctok.o
                0x0000000008007c7c                adc_set_regular_group
 .text.adc_set_regular_group_length
                0x0000000008007cea       0x18 obj/Release/src/stm32_libs/stm32f4xx/boctok/stm32f4xx_adc_boctok.o
                0x0000000008007cea                adc_set_regular_group_length
 .text.adc_set_sample_time
                0x0000000008007d02       0x3c obj/Release/src/stm32_libs/stm32f4xx/boctok/stm32f4xx_adc_boctok.o
                0x0000000008007d02                adc_set_sample_time
 .text.adc_start_regular_group
                0x0000000008007d3e        0xa obj/Release/src/stm32_libs/stm32f4xx/boctok/stm32f4xx_adc_boctok.o
                0x0000000008007d3e                adc_start_regular_group
 .text.adc_start_injected_group
                0x0000000008007d48        0xa obj/Release/src/stm32_libs/stm32f4xx/boctok/stm32f4xx_adc_boctok.o
                0x0000000008007d48                adc_start_injected_group
 *fill*         0x0000000008007d52        0x2 
 .text.getScbDump
                0x0000000008007d54       0x24 obj/Release/src/stm32_libs/stm32f4xx/boctok/stm32f4xx_fault_handler_boctok.o
                0x0000000008007d54                getScbDump
 .text.getStackRegisters
                0x0000000008007d78       0x30 obj/Release/src/stm32_libs/stm32f4xx/boctok/stm32f4xx_fault_handler_boctok.o
                0x0000000008007d78                getStackRegisters
 .text.HardFault_Handler
                0x0000000008007da8       0x28 obj/Release/src/stm32_libs/stm32f4xx/boctok/stm32f4xx_fault_handler_boctok.o
                0x0000000008007da8                HardFault_Handler
 .text.NMI_Handler
                0x0000000008007dd0       0x28 obj/Release/src/stm32_libs/stm32f4xx/boctok/stm32f4xx_fault_handler_boctok.o
                0x0000000008007dd0                NMI_Handler
 .text.MemManage_Handler
                0x0000000008007df8       0x28 obj/Release/src/stm32_libs/stm32f4xx/boctok/stm32f4xx_fault_handler_boctok.o
                0x0000000008007df8                MemManage_Handler
 .text.BusFault_Handler
                0x0000000008007e20       0x28 obj/Release/src/stm32_libs/stm32f4xx/boctok/stm32f4xx_fault_handler_boctok.o
                0x0000000008007e20                BusFault_Handler
 .text.UsageFault_Handler
                0x0000000008007e48       0x28 obj/Release/src/stm32_libs/stm32f4xx/boctok/stm32f4xx_fault_handler_boctok.o
                0x0000000008007e48                UsageFault_Handler
 .text.SVC_Handler
                0x0000000008007e70       0x28 obj/Release/src/stm32_libs/stm32f4xx/boctok/stm32f4xx_fault_handler_boctok.o
                0x0000000008007e70                SVC_Handler
 .text.DebugMon_Handler
                0x0000000008007e98       0x28 obj/Release/src/stm32_libs/stm32f4xx/boctok/stm32f4xx_fault_handler_boctok.o
                0x0000000008007e98                DebugMon_Handler
 .text.PendSV_Handler
                0x0000000008007ec0       0x28 obj/Release/src/stm32_libs/stm32f4xx/boctok/stm32f4xx_fault_handler_boctok.o
                0x0000000008007ec0                PendSV_Handler
 .text.WWDG_IRQHandler
                0x0000000008007ee8       0x28 obj/Release/src/stm32_libs/stm32f4xx/boctok/stm32f4xx_fault_handler_boctok.o
                0x0000000008007ee8                WWDG_IRQHandler
 .text.FPU_IRQHandler
                0x0000000008007f10       0x28 obj/Release/src/stm32_libs/stm32f4xx/boctok/stm32f4xx_fault_handler_boctok.o
                0x0000000008007f10                FPU_IRQHandler
 .text.GPIO_configure
                0x0000000008007f38       0x6c obj/Release/src/stm32_libs/stm32f4xx/boctok/stm32f4xx_gpio_boctok.o
                0x0000000008007f38                GPIO_configure
 .text.SYSCFG_map_EXTI
                0x0000000008007fa4       0x98 obj/Release/src/stm32_libs/stm32f4xx/boctok/stm32f4xx_gpio_boctok.o
                0x0000000008007fa4                SYSCFG_map_EXTI
 .text.gpio_set_pin
                0x000000000800803c       0x36 obj/Release/src/stm32_libs/stm32f4xx/boctok/stm32f4xx_gpio_boctok.o
                0x000000000800803c                gpio_set_pin
 .text.GPIO_SetAF
                0x0000000008008072       0x44 obj/Release/src/stm32_libs/stm32f4xx/boctok/stm32f4xx_gpio_boctok.o
                0x0000000008008072                GPIO_SetAF
 *fill*         0x00000000080080b6        0x2 
 .text.Reset_Handler
                0x00000000080080b8       0x50 obj/Release/src/stm32_libs/stm32f4xx/cmsis/startup_stm32f410xx.o
                0x00000000080080b8                Reset_Handler
 .text.Default_Handler
                0x0000000008008108        0x2 obj/Release/src/stm32_libs/stm32f4xx/cmsis/startup_stm32f410xx.o
                0x0000000008008108                RTC_Alarm_IRQHandler
                0x0000000008008108                FMPI2C1_EV_IRQHandler
                0x0000000008008108                TIM1_CC_IRQHandler
                0x0000000008008108                DMA2_Stream5_IRQHandler
                0x0000000008008108                DMA1_Stream5_IRQHandler
                0x0000000008008108                PVD_IRQHandler
                0x0000000008008108                TAMP_STAMP_IRQHandler
                0x0000000008008108                EXTI3_IRQHandler
                0x0000000008008108                I2C2_EV_IRQHandler
                0x0000000008008108                DMA1_Stream2_IRQHandler
                0x0000000008008108                DMA2_Stream2_IRQHandler
                0x0000000008008108                SPI1_IRQHandler
                0x0000000008008108                TIM6_DAC_IRQHandler
                0x0000000008008108                DMA2_Stream3_IRQHandler
                0x0000000008008108                USART6_IRQHandler
                0x0000000008008108                I2C1_EV_IRQHandler
                0x0000000008008108                DMA1_Stream6_IRQHandler
                0x0000000008008108                DMA1_Stream1_IRQHandler
                0x0000000008008108                RCC_IRQHandler
                0x0000000008008108                Default_Handler
                0x0000000008008108                EXTI15_10_IRQHandler
                0x0000000008008108                DMA1_Stream7_IRQHandler
                0x0000000008008108                SPI5_IRQHandler
                0x0000000008008108                DMA2_Stream7_IRQHandler
                0x0000000008008108                EXTI9_5_IRQHandler
                0x0000000008008108                RTC_WKUP_IRQHandler
                0x0000000008008108                SPI2_IRQHandler
                0x0000000008008108                DMA1_Stream0_IRQHandler
                0x0000000008008108                FMPI2C1_ER_IRQHandler
                0x0000000008008108                EXTI4_IRQHandler
                0x0000000008008108                RNG_IRQHandler
                0x0000000008008108                TIM1_UP_IRQHandler
                0x0000000008008108                TIM1_TRG_COM_TIM11_IRQHandler
                0x0000000008008108                USART2_IRQHandler
                0x0000000008008108                I2C2_ER_IRQHandler
                0x0000000008008108                DMA2_Stream1_IRQHandler
                0x0000000008008108                FLASH_IRQHandler
                0x0000000008008108                DMA2_Stream4_IRQHandler
                0x0000000008008108                DMA1_Stream4_IRQHandler
                0x0000000008008108                I2C1_ER_IRQHandler
                0x0000000008008108                LPTIM1_IRQHandler
                0x0000000008008108                DMA2_Stream6_IRQHandler
                0x0000000008008108                DMA1_Stream3_IRQHandler
 .text._init    0x000000000800810a        0x2 obj/Release/src/stm32_libs/stm32f4xx/cmsis/system_hse100_stm32f410.o
                0x000000000800810a                _init
 .text.SystemInit
                0x000000000800810c       0xf0 obj/Release/src/stm32_libs/stm32f4xx/cmsis/system_hse100_stm32f410.o
                0x000000000800810c                SystemInit
 .text.NVIC_PriorityGroupConfig
                0x00000000080081fc       0x14 obj/Release/src/stm32_libs/stm32f4xx/spl/misc.o
                0x00000000080081fc                NVIC_PriorityGroupConfig
 .text.DMA_Init
                0x0000000008008210       0x54 obj/Release/src/stm32_libs/stm32f4xx/spl/stm32f4xx_dma.o
                0x0000000008008210                DMA_Init
 .text.DMA_StructInit
                0x0000000008008264       0x22 obj/Release/src/stm32_libs/stm32f4xx/spl/stm32f4xx_dma.o
                0x0000000008008264                DMA_StructInit
 *fill*         0x0000000008008286        0x2 
 .text.I2C_Init
                0x0000000008008288       0xc8 obj/Release/src/stm32_libs/stm32f4xx/spl/stm32f4xx_i2c.o
                0x0000000008008288                I2C_Init
 .text.I2C_Cmd  0x0000000008008350       0x16 obj/Release/src/stm32_libs/stm32f4xx/spl/stm32f4xx_i2c.o
                0x0000000008008350                I2C_Cmd
 .text.I2C_GenerateSTART
                0x0000000008008366       0x16 obj/Release/src/stm32_libs/stm32f4xx/spl/stm32f4xx_i2c.o
                0x0000000008008366                I2C_GenerateSTART
 .text.I2C_GenerateSTOP
                0x000000000800837c       0x16 obj/Release/src/stm32_libs/stm32f4xx/spl/stm32f4xx_i2c.o
                0x000000000800837c                I2C_GenerateSTOP
 .text.I2C_Send7bitAddress
                0x0000000008008392       0x12 obj/Release/src/stm32_libs/stm32f4xx/spl/stm32f4xx_i2c.o
                0x0000000008008392                I2C_Send7bitAddress
 .text.I2C_AcknowledgeConfig
                0x00000000080083a4       0x16 obj/Release/src/stm32_libs/stm32f4xx/spl/stm32f4xx_i2c.o
                0x00000000080083a4                I2C_AcknowledgeConfig
 .text.I2C_SendData
                0x00000000080083ba        0x4 obj/Release/src/stm32_libs/stm32f4xx/spl/stm32f4xx_i2c.o
                0x00000000080083ba                I2C_SendData
 .text.I2C_ReceiveData
                0x00000000080083be        0x6 obj/Release/src/stm32_libs/stm32f4xx/spl/stm32f4xx_i2c.o
                0x00000000080083be                I2C_ReceiveData
 .text.I2C_CheckEvent
                0x00000000080083c4       0x16 obj/Release/src/stm32_libs/stm32f4xx/spl/stm32f4xx_i2c.o
                0x00000000080083c4                I2C_CheckEvent
 .text.I2C_GetFlagStatus
                0x00000000080083da       0x34 obj/Release/src/stm32_libs/stm32f4xx/spl/stm32f4xx_i2c.o
                0x00000000080083da                I2C_GetFlagStatus
 .text.I2C_ClearFlag
                0x000000000800840e        0x8 obj/Release/src/stm32_libs/stm32f4xx/spl/stm32f4xx_i2c.o
                0x000000000800840e                I2C_ClearFlag
 *fill*         0x0000000008008416        0x2 
 .text.RCC_GetClocksFreq
                0x0000000008008418       0x88 obj/Release/src/stm32_libs/stm32f4xx/spl/stm32f4xx_rcc.o
                0x0000000008008418                RCC_GetClocksFreq
 .text.USART_Init
                0x00000000080084a0       0xb0 obj/Release/src/stm32_libs/stm32f4xx/spl/stm32f4xx_usart.o
                0x00000000080084a0                USART_Init
 .text.USART_Cmd
                0x0000000008008550       0x16 obj/Release/src/stm32_libs/stm32f4xx/spl/stm32f4xx_usart.o
                0x0000000008008550                USART_Cmd
 .text.USART_ReceiveData
                0x0000000008008566        0x8 obj/Release/src/stm32_libs/stm32f4xx/spl/stm32f4xx_usart.o
                0x0000000008008566                USART_ReceiveData
 .text.USART_ITConfig
                0x000000000800856e       0x32 obj/Release/src/stm32_libs/stm32f4xx/spl/stm32f4xx_usart.o
                0x000000000800856e                USART_ITConfig
 .text.Eeprom_init
                0x00000000080085a0       0xa0 obj/Release/src/storage/eeprom.o
                0x00000000080085a0                Eeprom_init
 .text.eeprom_wait
                0x0000000008008640       0xb0 obj/Release/src/storage/eeprom.o
                0x0000000008008640                eeprom_wait
 .text.eeprom_write_byte
                0x00000000080086f0      0x104 obj/Release/src/storage/eeprom.o
                0x00000000080086f0                eeprom_write_byte
 .text.eeprom_read_byte
                0x00000000080087f4      0x188 obj/Release/src/storage/eeprom.o
                0x00000000080087f4                eeprom_read_byte
 .text.eeprom_update_byte
                0x000000000800897c       0x58 obj/Release/src/storage/eeprom.o
                0x000000000800897c                eeprom_update_byte
 .text.Eeprom_load_data
                0x00000000080089d4       0x40 obj/Release/src/storage/eeprom.o
                0x00000000080089d4                Eeprom_load_data
 .text.Eeprom_update_data
                0x0000000008008a14       0x38 obj/Release/src/storage/eeprom.o
                0x0000000008008a14                Eeprom_update_data
 .text.getValue_t2D
                0x0000000008008a4c       0xb8 obj/Release/src/storage/table.o
                0x0000000008008a4c                getValue_t2D
 .text.getValue_t3D
                0x0000000008008b04      0x2c6 obj/Release/src/storage/table.o
                0x0000000008008b04                getValue_t3D
 .text.load_t2D_data
                0x0000000008008dca        0xc obj/Release/src/storage/table.o
                0x0000000008008dca                load_t2D_data
 .text.load_t2D
                0x0000000008008dd6        0xe obj/Release/src/storage/table.o
                0x0000000008008dd6                load_t2D
 .text.load_t3D_data
                0x0000000008008de4        0xe obj/Release/src/storage/table.o
                0x0000000008008de4                load_t3D_data
 .text.store_t2D_data
                0x0000000008008df2        0xc obj/Release/src/storage/table.o
                0x0000000008008df2                store_t2D_data
 .text.store_t2D
                0x0000000008008dfe        0xe obj/Release/src/storage/table.o
                0x0000000008008dfe                store_t2D
 .text.store_t3D_data
                0x0000000008008e0c        0xe obj/Release/src/storage/table.o
                0x0000000008008e0c                store_t3D_data
 *fill*         0x0000000008008e1a        0x2 
 .text.show_t3D_data
                0x0000000008008e1c       0xa4 obj/Release/src/storage/table.o
                0x0000000008008e1c                show_t3D_data
 .text.show_t2D_data
                0x0000000008008ec0       0x60 obj/Release/src/storage/table.o
                0x0000000008008ec0                show_t2D_data
 .text.modify_t2D_data
                0x0000000008008f20        0xe obj/Release/src/storage/table.o
                0x0000000008008f20                modify_t2D_data
 .text.modify_t3D_data
                0x0000000008008f2e       0x10 obj/Release/src/storage/table.o
                0x0000000008008f2e                modify_t3D_data
 .text.send_t2D_data
                0x0000000008008f3e        0x6 obj/Release/src/storage/table.o
                0x0000000008008f3e                send_t2D_data
 .text.send_t3D_data
                0x0000000008008f44        0x8 obj/Release/src/storage/table.o
                0x0000000008008f44                send_t3D_data
 .text.allocate_timer_channel_1
                0x0000000008008f4c       0x3c obj/Release/src/timing/scheduler.o
                0x0000000008008f4c                allocate_timer_channel_1
 .text.reset_timer_channel_1
                0x0000000008008f88       0x30 obj/Release/src/timing/scheduler.o
                0x0000000008008f88                reset_timer_channel_1
 .text.allocate_timer_channel_2
                0x0000000008008fb8       0x3c obj/Release/src/timing/scheduler.o
                0x0000000008008fb8                allocate_timer_channel_2
 .text.reset_timer_channel_2
                0x0000000008008ff4       0x30 obj/Release/src/timing/scheduler.o
                0x0000000008008ff4                reset_timer_channel_2
 .text.allocate_timer_channel_3
                0x0000000008009024       0x3c obj/Release/src/timing/scheduler.o
                0x0000000008009024                allocate_timer_channel_3
 .text.reset_timer_channel_3
                0x0000000008009060       0x30 obj/Release/src/timing/scheduler.o
                0x0000000008009060                reset_timer_channel_3
 .text.allocate_timer_channel_4
                0x0000000008009090       0x3c obj/Release/src/timing/scheduler.o
                0x0000000008009090                allocate_timer_channel_4
 .text.reset_timer_channel_4
                0x00000000080090cc       0x30 obj/Release/src/timing/scheduler.o
                0x00000000080090cc                reset_timer_channel_4
 .text.init_Vital_Scheduler
                0x00000000080090fc       0xd0 obj/Release/src/timing/scheduler.o
                0x00000000080090fc                init_Vital_Scheduler
 .text.scheduler_reset_channel
                0x00000000080091cc       0x44 obj/Release/src/timing/scheduler.o
                0x00000000080091cc                scheduler_reset_channel
 .text.allocate_channel
                0x0000000008009210       0x8c obj/Release/src/timing/scheduler.o
                0x0000000008009210                allocate_channel
 .text.scheduler_set_channel
                0x000000000800929c      0x108 obj/Release/src/timing/scheduler.o
                0x000000000800929c                scheduler_set_channel
 .text.TIM5_IRQHandler
                0x00000000080093a4      0x128 obj/Release/src/timing/scheduler.o
                0x00000000080093a4                TIM5_IRQHandler
 .text.scheduler_diag_log_event
                0x00000000080094cc       0x28 obj/Release/src/timing/scheduler_diag.o
                0x00000000080094cc                scheduler_diag_log_event
 .text.print_scheduler_diag
                0x00000000080094f4       0x68 obj/Release/src/timing/scheduler_diag.o
                0x00000000080094f4                print_scheduler_diag
 .text.init_systick_timer
                0x000000000800955c       0x24 obj/Release/src/timing/systick_timer.o
                0x000000000800955c                init_systick_timer
 .text.get_timestamp_fraction_us
                0x0000000008009580       0x24 obj/Release/src/timing/systick_timer.o
                0x0000000008009580                get_timestamp_fraction_us
 .text.SysTick_Handler
                0x00000000080095a4       0xf4 obj/Release/src/timing/systick_timer.o
                0x00000000080095a4                SysTick_Handler
 .text.calc_rot_duration_us
                0x0000000008009698        0xc obj/Release/src/utils/base_calc.o
                0x0000000008009698                calc_rot_duration_us
 .text.calc_rot_angle_deg
                0x00000000080096a4       0x20 obj/Release/src/utils/base_calc.o
                0x00000000080096a4                calc_rot_angle_deg
 .text.calc_rpm
                0x00000000080096c4       0x20 obj/Release/src/utils/base_calc.o
                0x00000000080096c4                calc_rpm
 .text.sub_VU32
                0x00000000080096e4       0x14 obj/Release/src/utils/base_calc.o
                0x00000000080096e4                sub_VU32
 .text.subtract_U32
                0x00000000080096f8        0xa obj/Release/src/utils/base_calc.o
                0x00000000080096f8                subtract_U32
 .text.divide_U32
                0x0000000008009702       0x18 obj/Release/src/utils/base_calc.o
                0x0000000008009702                divide_U32
 *fill*         0x000000000800971a        0x2 
 .text.divide_F32
                0x000000000800971c       0x2c obj/Release/src/utils/base_calc.o
                0x000000000800971c                divide_F32
 .text.divide_float
                0x0000000008009748       0x28 obj/Release/src/utils/base_calc.o
                0x0000000008009748                divide_float
 .text.crank_position_after
                0x0000000008009770       0x14 obj/Release/src/utils/base_calc.o
                0x0000000008009770                crank_position_after
 .text.opposite_phase
                0x0000000008009784       0x10 obj/Release/src/utils/base_calc.o
                0x0000000008009784                opposite_phase
 .text.solve_linear
                0x0000000008009794       0x48 obj/Release/src/utils/base_calc.o
                0x0000000008009794                solve_linear
 .text.calc_ema
                0x00000000080097dc       0x42 obj/Release/src/utils/base_calc.o
                0x00000000080097dc                calc_ema
 *fill*         0x000000000800981e        0x2 
 .text.calc_derivative_s
                0x0000000008009820       0x44 obj/Release/src/utils/base_calc.o
                0x0000000008009820                calc_derivative_s
 .text.calc_pow_float
                0x0000000008009864       0x22 obj/Release/src/utils/base_calc.o
                0x0000000008009864                calc_pow_float
 *fill*         0x0000000008009886        0x2 
 .text.calc_expf
                0x0000000008009888       0x80 obj/Release/src/utils/base_calc.o
                0x0000000008009888                calc_expf
 .text.getBit_BF8
                0x0000000008009908       0x26 obj/Release/src/utils/bitfields.o
                0x0000000008009908                getBit_BF8
 *fill*         0x000000000800992e        0x2 
 .text.__libc_init_array
                0x0000000008009930       0x48 /opt/gcc-arm-none-eabi-7-2017-q4-major/bin/../lib/gcc/arm-none-eabi/7.2.1/../../../../arm-none-eabi/lib/thumb/v7e-m/fpv4-sp/hard/libc.a(lib_a-init.o)
                0x0000000008009930                __libc_init_array
 *(.rodata)
 .rodata        0x0000000008009978       0x17 obj/Release/src/com/Tuareg_console.o
                0x0000000008009978                Tuareg_Version
 .rodata        0x000000000800998f      0x208 obj/Release/src/decoder/decoder_diag.o
                0x000000000800998f                decoder_diag_legend
 .rodata        0x0000000008009b97      0x348 obj/Release/src/fueling/fueling_diag.o
                0x0000000008009b97                fueling_diag_legend