Archive member included to satisfy reference by file (symbol)

/opt/gcc-arm-none-eabi-7-2017-q4-major/bin/../lib/gcc/arm-none-eabi/7.2.1/../../../../arm-none-eabi/lib/thumb/v7e-m/fpv4-sp/hard/libc.a(lib_a-init.o)
                              obj/Release/src/stm32_libs/stm32f4xx/cmsis/startup_stm32f410xx.o (__libc_init_array)

Discarded input sections

 .text          0x0000000000000000        0x0 obj/Release/src/actors/act_hw.o
 .data          0x0000000000000000        0x0 obj/Release/src/actors/act_hw.o
 .bss           0x0000000000000000        0x0 obj/Release/src/actors/act_hw.o
 .text.set_act1
                0x0000000000000000       0x20 obj/Release/src/actors/act_hw.o
 .text.set_act2
                0x0000000000000000       0x20 obj/Release/src/actors/act_hw.o
 .text.init_act_hw
                0x0000000000000000       0x4c obj/Release/src/actors/act_hw.o
 .comment       0x0000000000000000       0x7f obj/Release/src/actors/act_hw.o
 .ARM.attributes
                0x0000000000000000       0x39 obj/Release/src/actors/act_hw.o
 .text          0x0000000000000000        0x0 obj/Release/src/actors/act_logic.o
 .data          0x0000000000000000        0x0 obj/Release/src/actors/act_logic.o
 .bss           0x0000000000000000        0x0 obj/Release/src/actors/act_logic.o
 .text.init_act_logic
                0x0000000000000000        0x2 obj/Release/src/actors/act_logic.o
 .comment       0x0000000000000000       0x7f obj/Release/src/actors/act_logic.o
 .ARM.attributes
                0x0000000000000000       0x39 obj/Release/src/actors/act_logic.o
 .text          0x0000000000000000        0x0 obj/Release/src/com/serial_buffer.o
 .data          0x0000000000000000        0x0 obj/Release/src/com/serial_buffer.o
 .bss           0x0000000000000000        0x0 obj/Release/src/com/serial_buffer.o
 .text          0x0000000000000000        0x0 obj/Release/src/com/serial_monitor.o
 .data          0x0000000000000000        0x0 obj/Release/src/com/serial_monitor.o
 .bss           0x0000000000000000        0x0 obj/Release/src/com/serial_monitor.o
 .comment       0x0000000000000000       0x7f obj/Release/src/com/serial_monitor.o
 .ARM.attributes
                0x0000000000000000       0x39 obj/Release/src/com/serial_monitor.o
 .text          0x0000000000000000        0x0 obj/Release/src/com/Tuareg_console.o
 .data          0x0000000000000000        0x0 obj/Release/src/com/Tuareg_console.o
 .bss           0x0000000000000000        0x0 obj/Release/src/com/Tuareg_console.o
 .rodata.cTSmaxChunkLen
                0x0000000000000000        0x4 obj/Release/src/com/Tuareg_console.o
 .rodata.cTSmaxOffset
                0x0000000000000000        0x4 obj/Release/src/com/Tuareg_console.o
 .text          0x0000000000000000        0x0 obj/Release/src/com/TunerStudio.o
 .data          0x0000000000000000        0x0 obj/Release/src/com/TunerStudio.o
 .bss           0x0000000000000000        0x0 obj/Release/src/com/TunerStudio.o
 .text          0x0000000000000000        0x0 obj/Release/src/com/TunerStudio_outChannel.o
 .data          0x0000000000000000        0x0 obj/Release/src/com/TunerStudio_outChannel.o
 .bss           0x0000000000000000        0x0 obj/Release/src/com/TunerStudio_outChannel.o
 .rodata.cOut_size
                0x0000000000000000        0x4 obj/Release/src/com/TunerStudio_outChannel.o
 .rodata.pOut_data
                0x0000000000000000        0x4 obj/Release/src/com/TunerStudio_outChannel.o
 .text          0x0000000000000000        0x0 obj/Release/src/com/TunerStudio_service.o
 .data          0x0000000000000000        0x0 obj/Release/src/com/TunerStudio_service.o
 .bss           0x0000000000000000        0x0 obj/Release/src/com/TunerStudio_service.o
 .text          0x0000000000000000        0x0 obj/Release/src/com/uart.o
 .data          0x0000000000000000        0x0 obj/Release/src/com/uart.o
 .bss           0x0000000000000000        0x0 obj/Release/src/com/uart.o
 .text.UART_listen
                0x0000000000000000        0xa obj/Release/src/com/uart.o
 .text.UART_nolisten
                0x0000000000000000        0xa obj/Release/src/com/uart.o
 .text          0x0000000000000000        0x0 obj/Release/src/com/uart_printf.o
 .data          0x0000000000000000        0x0 obj/Release/src/com/uart_printf.o
 .bss           0x0000000000000000        0x0 obj/Release/src/com/uart_printf.o
 .text.printf_S
                0x0000000000000000       0x20 obj/Release/src/com/uart_printf.o
 .text.printf_U8
                0x0000000000000000       0x42 obj/Release/src/com/uart_printf.o
 .text.printf_U32hex
                0x0000000000000000       0x30 obj/Release/src/com/uart_printf.o
 .text          0x0000000000000000        0x0 obj/Release/src/dash/dash_hw.o
 .data          0x0000000000000000        0x0 obj/Release/src/dash/dash_hw.o
 .bss           0x0000000000000000        0x0 obj/Release/src/dash/dash_hw.o
 .text          0x0000000000000000        0x0 obj/Release/src/dash/Tuareg_dash.o
[...]
Memory Configuration

Name             Origin             Length             Attributes
FLASH            0x0000000008000000 0x0000000000020000 xr
RAM              0x0000000020000000 0x0000000000008000 xrw
MEMORY_B1        0x0000000060000000 0x0000000000000000 xr
*default*        0x0000000000000000 0xffffffffffffffff

Linker script and memory map

LOAD obj/Release/src/actors/act_hw.o
LOAD obj/Release/src/actors/act_logic.o
LOAD obj/Release/src/com/serial_buffer.o
LOAD obj/Release/src/com/serial_monitor.o
LOAD obj/Release/src/com/Tuareg_console.o
LOAD obj/Release/src/com/TunerStudio.o
LOAD obj/Release/src/com/TunerStudio_outChannel.o
LOAD obj/Release/src/com/TunerStudio_service.o
LOAD obj/Release/src/com/uart.o
LOAD obj/Release/src/com/uart_printf.o
LOAD obj/Release/src/dash/dash_hw.o
LOAD obj/Release/src/dash/Tuareg_dash.o
LOAD obj/Release/src/debug/debug.o
LOAD obj/Release/src/debug/debug_port_messages.o
LOAD obj/Release/src/debug/dwt.o
LOAD obj/Release/src/decoder/decoder_cis.o
LOAD obj/Release/src/decoder/decoder_config.o
LOAD obj/Release/src/decoder/decoder_debug.o
LOAD obj/Release/src/decoder/decoder_diag.o
LOAD obj/Release/src/decoder/decoder_hw.o
LOAD obj/Release/src/decoder/decoder_logic.o
LOAD obj/Release/src/decoder/Tuareg_decoder.o
LOAD obj/Release/src/diagnostics/diagnostics.o
LOAD obj/Release/src/diagnostics/fault_log.o
LOAD obj/Release/src/diagnostics/highspeed_loggers.o
LOAD obj/Release/src/diagnostics/syslog.o
LOAD obj/Release/src/fueling/accel_comp.o
LOAD obj/Release/src/fueling/fueling_config.o
LOAD obj/Release/src/fueling/fueling_corrections.o
LOAD obj/Release/src/fueling/fueling_diag.o
LOAD obj/Release/src/fueling/fueling_hw.o
LOAD obj/Release/src/fueling/injector_parameters.o
LOAD obj/Release/src/fueling/Tuareg_fueling.o
LOAD obj/Release/src/fueling/Tuareg_fueling_controls.o
LOAD obj/Release/src/ignition/ignition_config.o
LOAD obj/Release/src/ignition/ignition_diag.o
LOAD obj/Release/src/ignition/ignition_hw.o
LOAD obj/Release/src/ignition/Tuareg_ignition.o
LOAD obj/Release/src/ignition/Tuareg_ignition_controls.o
LOAD obj/Release/src/main/main.o
LOAD obj/Release/src/main/Tuareg.o
LOAD obj/Release/src/main/Tuareg_atomic.o
LOAD obj/Release/src/main/Tuareg_config.o
LOAD obj/Release/src/main/Tuareg_diag.o
LOAD obj/Release/src/main/Tuareg_errors.o
LOAD obj/Release/src/main/Tuareg_ID.o
LOAD obj/Release/src/main/Tuareg_process_data.o
LOAD obj/Release/src/main/Tuareg_service_functions.o
LOAD obj/Release/src/main/Tuareg_types.o
LOAD obj/Release/src/module_test/module_test.o
LOAD obj/Release/src/process_table/process_table.o
LOAD obj/Release/src/sensors/analog_sensors.o
LOAD obj/Release/src/sensors/digital_sensors.o
LOAD obj/Release/src/sensors/knock_sensor.o
LOAD obj/Release/src/sensors/sensor_calibration.o
LOAD obj/Release/src/sensors/sensors_diag.o
LOAD obj/Release/src/sensors/Tuareg_sensors.o
LOAD obj/Release/src/stm32_libs/stm32f4xx/boctok/stm32f4xx_adc_boctok.o
LOAD obj/Release/src/stm32_libs/stm32f4xx/boctok/stm32f4xx_fault_handler_boctok.o
LOAD obj/Release/src/stm32_libs/stm32f4xx/boctok/stm32f4xx_gpio_boctok.o
LOAD obj/Release/src/stm32_libs/stm32f4xx/cmsis/startup_stm32f410xx.o
LOAD obj/Release/src/stm32_libs/stm32f4xx/cmsis/system_hse100_stm32f410.o
LOAD obj/Release/src/stm32_libs/stm32f4xx/spl/misc.o
LOAD obj/Release/src/stm32_libs/stm32f4xx/spl/stm32f4xx_dma.o
LOAD obj/Release/src/stm32_libs/stm32f4xx/spl/stm32f4xx_i2c.o
LOAD obj/Release/src/stm32_libs/stm32f4xx/spl/stm32f4xx_rcc.o
LOAD obj/Release/src/stm32_libs/stm32f4xx/spl/stm32f4xx_usart.o
LOAD obj/Release/src/storage/eeprom.o
LOAD obj/Release/src/storage/table.o
LOAD obj/Release/src/timing/lowprio_scheduler.o
LOAD obj/Release/src/timing/scheduler.o
LOAD obj/Release/src/timing/scheduler_diag.o
LOAD obj/Release/src/timing/systick_timer.o
LOAD obj/Release/src/utils/base_calc.o
LOAD obj/Release/src/utils/bitfields.o
LOAD obj/Release/src/utils/conversion.o
                0x0000000020008000                _estack = 0x20008000
                0x0000000000000000                _Min_Heap_Size = 0x0
                0x0000000000000100                _Min_Stack_Size = 0x100

.isr_vector     0x0000000008000000      0x1c8
                0x0000000008000000                . = ALIGN (0x4)
 *(.isr_vector)
 .isr_vector    0x0000000008000000      0x1c8 obj/Release/src/stm32_libs/stm32f4xx/cmsis/startup_stm32f410xx.o
                0x0000000008000000                g_pfnVectors
                0x00000000080001c8                . = ALIGN (0x4)

.text           0x00000000080001c8     0xcefc
                0x00000000080001c8                . = ALIGN (0x4)
 *(.text)
 *(.text*)
 .text.ComRx_Buffer_reset
                0x00000000080001c8       0x3c obj/Release/src/com/serial_buffer.o
                0x00000000080001c8                ComRx_Buffer_reset
 .text.ComRx_Buffer_avail
                0x0000000008000204        0xc obj/Release/src/com/serial_buffer.o
                0x0000000008000204                ComRx_Buffer_avail
 .text.ComRx_Buffer_push
                0x0000000008000210       0x50 obj/Release/src/com/serial_buffer.o
                0x0000000008000210                ComRx_Buffer_push
 .text.ComRx_Buffer_pull
                0x0000000008000260       0x44 obj/Release/src/com/serial_buffer.o
                0x0000000008000260                ComRx_Buffer_pull
 .text.ComRx_Buffer_pull_U16
                0x00000000080002a4       0x30 obj/Release/src/com/serial_buffer.o
                0x00000000080002a4                ComRx_Buffer_pull_U16
 .text.ComRx_Buffer_pull_U32
                0x00000000080002d4       0x56 obj/Release/src/com/serial_buffer.o
                0x00000000080002d4                ComRx_Buffer_pull_U32
 *fill*         0x000000000800032a        0x2 
 .text.cli_showPage
                0x000000000800032c       0xa8 obj/Release/src/com/Tuareg_console.o
                0x000000000800032c                cli_showPage
 .text.cli_setPermissions
                0x00000000080003d4      0x11c obj/Release/src/com/Tuareg_console.o
                0x00000000080003d4                cli_setPermissions
 .text.cli_show_help
                0x00000000080004f0       0x9c obj/Release/src/com/Tuareg_console.o
                0x00000000080004f0                cli_show_help
 .text.Tuareg_update_console
                0x000000000800058c      0x290 obj/Release/src/com/Tuareg_console.o
                0x000000000800058c                Tuareg_update_console
 .text.cli_cyclic_update
                0x000000000800081c       0x1c obj/Release/src/com/Tuareg_console.o
                0x000000000800081c                cli_cyclic_update
 .text.Tuareg_init_console
                0x0000000008000838       0x18 obj/Release/src/com/Tuareg_console.o
                0x0000000008000838                Tuareg_init_console
 .text.ts_readPage
                0x0000000008000850       0xb4 obj/Release/src/com/TunerStudio.o
                0x0000000008000850                ts_readPage
 .text.ts_valueWrite
                0x0000000008000904      0x1a8 obj/Release/src/com/TunerStudio.o
                0x0000000008000904                ts_valueWrite
 .text.ts_burnPage
                0x0000000008000aac       0xcc obj/Release/src/com/TunerStudio.o
                0x0000000008000aac                ts_burnPage
 .text.ts_tuareg_bits
                0x0000000008000b78      0x1d4 obj/Release/src/com/TunerStudio_outChannel.o
                0x0000000008000b78                ts_tuareg_bits
 .text.ts_sendOutputChannels
                0x0000000008000d4c      0x12c obj/Release/src/com/TunerStudio_outChannel.o
                0x0000000008000d4c                ts_sendOutputChannels
 .text.ts_debug_features
                0x0000000008000e78      0x144 obj/Release/src/com/TunerStudio_service.o
                0x0000000008000e78                ts_debug_features
 .text.cli_show_debug_help
                0x0000000008000fbc       0xc0 obj/Release/src/com/TunerStudio_service.o
                0x0000000008000fbc                cli_show_debug_help
 .text.cli_show_process_data
                0x000000000800107c      0x114 obj/Release/src/com/TunerStudio_service.o
                0x000000000800107c                cli_show_process_data
 .text.cli_show_ignition_controls
                0x0000000008001190      0x108 obj/Release/src/com/TunerStudio_service.o
                0x0000000008001190                cli_show_ignition_controls
 .text.cli_show_fueling_controls
                0x0000000008001298      0x3b8 obj/Release/src/com/TunerStudio_service.o
                0x0000000008001298                cli_show_fueling_controls
 .text.cli_show_decoder_interface
                0x0000000008001650        0xc obj/Release/src/com/TunerStudio_service.o
                0x0000000008001650                cli_show_decoder_interface
 .text.cli_print_sensor_data
                0x000000000800165c      0x21c obj/Release/src/com/TunerStudio_service.o
                0x000000000800165c                cli_print_sensor_data
 .text.ts_debug_info
                0x0000000008001878       0xd8 obj/Release/src/com/TunerStudio_service.o
                0x0000000008001878                ts_debug_info
 .text.UART_TS_PORT_Init
                0x0000000008001950       0xa0 obj/Release/src/com/uart.o
                0x0000000008001950                UART_TS_PORT_Init
 .text.UART_DEBUG_PORT_Init
                0x00000000080019f0       0x68 obj/Release/src/com/uart.o
                0x00000000080019f0                UART_DEBUG_PORT_Init
 .text.UART_Tx  0x0000000008001a58        0xc obj/Release/src/com/uart.o
                0x0000000008001a58                UART_Tx
 .text.UART_send_data
                0x0000000008001a64       0x1a obj/Release/src/com/uart.o
                0x0000000008001a64                UART_send_data
 *fill*         0x0000000008001a7e        0x2 
 .text.USART1_IRQHandler
                0x0000000008001a80       0x30 obj/Release/src/com/uart.o
                0x0000000008001a80                USART1_IRQHandler
 .text.printf_U
                0x0000000008001ab0      0x164 obj/Release/src/com/uart_printf.o
                0x0000000008001ab0                printf_U
 .text.printf_F32
                0x0000000008001c14       0xcc obj/Release/src/com/uart_printf.o
                0x0000000008001c14                printf_F32
 .text.printf_nib_hex
                0x0000000008001ce0       0x10 obj/Release/src/com/uart_printf.o
                0x0000000008001ce0                printf_nib_hex
 .text.print    0x0000000008001cf0       0x16 obj/Release/src/com/uart_printf.o
                0x0000000008001cf0                print
 *fill*         0x0000000008001d06        0x2 
 .text.printf_U8hex
                0x0000000008001d08       0x38 obj/Release/src/com/uart_printf.o
                0x0000000008001d08                printf_U8hex
 .text.printf_crkpos
                0x0000000008001d40       0x6c obj/Release/src/com/uart_printf.o
                0x0000000008001d40                printf_crkpos
 .text.printf_phase
                0x0000000008001dac       0x30 obj/Release/src/com/uart_printf.o
                0x0000000008001dac                printf_phase
 .text.printf_decoder_sensing
                0x0000000008001ddc       0x54 obj/Release/src/com/uart_printf.o
                0x0000000008001ddc                printf_decoder_sensing
 .text.print_flash
                0x0000000008001e30        0x4 obj/Release/src/com/uart_printf.o
                0x0000000008001e30                print_flash
 .text.set_mil_hw
                0x0000000008001e34       0x38 obj/Release/src/dash/dash_hw.o
                0x0000000008001e34                set_mil_hw
 .text.init_dash_hw
                0x0000000008001e6c       0x78 obj/Release/src/dash/dash_hw.o
                0x0000000008001e6c                init_dash_hw
 .text.set_tachometer_compare
                0x0000000008001ee4       0x28 obj/Release/src/dash/dash_hw.o
                0x0000000008001ee4                set_tachometer_compare
 .text.update_tachometer
                0x0000000008001f0c       0x38 obj/Release/src/dash/Tuareg_dash.o
                0x0000000008001f0c                update_tachometer
 .text.set_mil  0x0000000008001f44       0x58 obj/Release/src/dash/Tuareg_dash.o
                0x0000000008001f44                set_mil
 .text.update_mil
                0x0000000008001f9c       0xac obj/Release/src/dash/Tuareg_dash.o
                0x0000000008001f9c                update_mil
 .text.init_dash
                0x0000000008002048       0x10 obj/Release/src/dash/Tuareg_dash.o
                0x0000000008002048                init_dash
 .text.update_dash
                0x0000000008002058        0xe obj/Release/src/dash/Tuareg_dash.o
                0x0000000008002058                update_dash
 *fill*         0x0000000008002066        0x2 
 .text.DebugMsg_Warning
                0x0000000008002068       0x24 obj/Release/src/debug/debug_port_messages.o
                0x0000000008002068                DebugMsg_Warning
 .text.decoder_update_cis
                0x000000000800208c      0x188 obj/Release/src/decoder/decoder_cis.o
                0x000000000800208c                decoder_update_cis
 .text.decoder_cis_handler
                0x0000000008002214       0x9c obj/Release/src/decoder/decoder_cis.o
                0x0000000008002214                decoder_cis_handler
 .text.decoder_cis_noisefilter_handler
                0x00000000080022b0        0x4 obj/Release/src/decoder/decoder_cis.o
                0x00000000080022b0                decoder_cis_noisefilter_handler
 .text.enable_cis
                0x00000000080022b4       0x4c obj/Release/src/decoder/decoder_cis.o
                0x00000000080022b4                enable_cis
 .text.disable_cis
                0x0000000008002300        0xe obj/Release/src/decoder/decoder_cis.o
                0x0000000008002300                disable_cis
 *fill*         0x000000000800230e        0x2 
 .text.load_Decoder_Setup
                0x0000000008002310       0x1c obj/Release/src/decoder/decoder_config.o
                0x0000000008002310                load_Decoder_Setup
 .text.load_essential_Decoder_Setup
                0x000000000800232c       0x3c obj/Release/src/decoder/decoder_config.o
                0x000000000800232c                load_essential_Decoder_Setup
 .text.store_Decoder_Setup
                0x0000000008002368       0x10 obj/Release/src/decoder/decoder_config.o
                0x0000000008002368                store_Decoder_Setup
 .text.show_Decoder_Setup
                0x0000000008002378      0x154 obj/Release/src/decoder/decoder_config.o
                0x0000000008002378                show_Decoder_Setup
 .text.modify_Decoder_Setup
                0x00000000080024cc       0x18 obj/Release/src/decoder/decoder_config.o
                0x00000000080024cc                modify_Decoder_Setup
 .text.send_Decoder_Setup
                0x00000000080024e4        0xc obj/Release/src/decoder/decoder_config.o
                0x00000000080024e4                send_Decoder_Setup
 .text.decoder_debug_show_internals
                0x00000000080024f0      0x5f8 obj/Release/src/decoder/decoder_debug.o
                0x00000000080024f0                decoder_debug_show_internals
 .text.init_decoder_debug
                0x0000000008002ae8      0x11c obj/Release/src/decoder/decoder_debug.o
                0x0000000008002ae8                init_decoder_debug
 .text.trigger_crk_irq_debug
                0x0000000008002c04        0xc obj/Release/src/decoder/decoder_debug.o
                0x0000000008002c04                trigger_crk_irq_debug
 .text.trigger_cam_irq_debug
                0x0000000008002c10        0xc obj/Release/src/decoder/decoder_debug.o
                0x0000000008002c10                trigger_cam_irq_debug
 .text.decoder_diag_log_event
                0x0000000008002c1c       0x28 obj/Release/src/decoder/decoder_diag.o
                0x0000000008002c1c                decoder_diag_log_event
 .text.print_decoder_diag
                0x0000000008002c44       0x68 obj/Release/src/decoder/decoder_diag.o
                0x0000000008002c44                print_decoder_diag
 .text.decoder_stop_timer
                0x0000000008002cac       0x18 obj/Release/src/decoder/decoder_hw.o
                0x0000000008002cac                decoder_stop_timer
 .text.update_crank_noisefilter
                0x0000000008002cc4       0x48 obj/Release/src/decoder/decoder_hw.o
                0x0000000008002cc4                update_crank_noisefilter
 .text.update_cam_noisefilter
                0x0000000008002d0c       0x48 obj/Release/src/decoder/decoder_hw.o
                0x0000000008002d0c                update_cam_noisefilter
 .text.decoder_unmask_crank_irq
                0x0000000008002d54       0x14 obj/Release/src/decoder/decoder_hw.o
                0x0000000008002d54                decoder_unmask_crank_irq
 .text.decoder_mask_cis_irq
                0x0000000008002d68        0xc obj/Release/src/decoder/decoder_hw.o
                0x0000000008002d68                decoder_mask_cis_irq
 .text.decoder_unmask_cis_irq
                0x0000000008002d74       0x18 obj/Release/src/decoder/decoder_hw.o
                0x0000000008002d74                decoder_unmask_cis_irq
 .text.set_crank_pickup_sensing_rise
                0x0000000008002d8c       0x1c obj/Release/src/decoder/decoder_hw.o
                0x0000000008002d8c                set_crank_pickup_sensing_rise
 .text.set_crank_pickup_sensing_fall
                0x0000000008002da8       0x1c obj/Release/src/decoder/decoder_hw.o
                0x0000000008002da8                set_crank_pickup_sensing_fall
 .text.set_crank_pickup_sensing_disabled
                0x0000000008002dc4       0x18 obj/Release/src/decoder/decoder_hw.o
                0x0000000008002dc4                set_crank_pickup_sensing_disabled
 .text.set_cis_sensing_rise
                0x0000000008002ddc       0x1c obj/Release/src/decoder/decoder_hw.o
                0x0000000008002ddc                set_cis_sensing_rise
 .text.set_cis_sensing_fall
                0x0000000008002df8       0x1c obj/Release/src/decoder/decoder_hw.o
                0x0000000008002df8                set_cis_sensing_fall
 .text.set_cis_sensing_disabled
                0x0000000008002e14       0x18 obj/Release/src/decoder/decoder_hw.o
                0x0000000008002e14                set_cis_sensing_disabled
 .text.decoder_set_crank_pickup_sensing
                0x0000000008002e2c       0x54 obj/Release/src/decoder/decoder_hw.o
                0x0000000008002e2c                decoder_set_crank_pickup_sensing
 .text.decoder_set_cis_sensing
                0x0000000008002e80       0x54 obj/Release/src/decoder/decoder_hw.o
                0x0000000008002e80                decoder_set_cis_sensing
 .text.trigger_decoder_irq
                0x0000000008002ed4       0x14 obj/Release/src/decoder/decoder_hw.o
                0x0000000008002ed4                trigger_decoder_irq
 .text.init_decoder_hw
                0x0000000008002ee8       0xcc obj/Release/src/decoder/decoder_hw.o
                0x0000000008002ee8                init_decoder_hw
 .text.decoder_get_timestamp
                0x0000000008002fb4        0xc obj/Release/src/decoder/decoder_hw.o
                0x0000000008002fb4                decoder_get_timestamp
 .text.decoder_set_timer_continuous_mode_on
                0x0000000008002fc0       0x1c obj/Release/src/decoder/decoder_hw.o
                0x0000000008002fc0                decoder_set_timer_continuous_mode_on
 .text.decoder_set_timer_continuous_mode_off
                0x0000000008002fdc       0x1c obj/Release/src/decoder/decoder_hw.o
                0x0000000008002fdc                decoder_set_timer_continuous_mode_off
 .text.decoder_start_timer
                0x0000000008002ff8       0x5c obj/Release/src/decoder/decoder_hw.o
                0x0000000008002ff8                decoder_start_timer
 .text.decoder_request_timer_reset
                0x0000000008003054       0x10 obj/Release/src/decoder/decoder_hw.o
                0x0000000008003054                decoder_request_timer_reset
 .text.disable_decoder_hw
                0x0000000008003064       0x44 obj/Release/src/decoder/decoder_hw.o
                0x0000000008003064                disable_decoder_hw
 .text.EXTI0_IRQHandler
                0x00000000080030a8       0x70 obj/Release/src/decoder/decoder_hw.o
                0x00000000080030a8                EXTI0_IRQHandler
 .text.TIM1_BRK_TIM9_IRQHandler
                0x0000000008003118       0x80 obj/Release/src/decoder/decoder_hw.o
                0x0000000008003118                TIM1_BRK_TIM9_IRQHandler
 .text.EXTI1_IRQHandler
                0x0000000008003198       0x24 obj/Release/src/decoder/decoder_hw.o
                0x0000000008003198                EXTI1_IRQHandler
 .text.reset_timeout_counter
                0x00000000080031bc       0x14 obj/Release/src/decoder/decoder_logic.o
                0x00000000080031bc                reset_timeout_counter
 .text.reset_timing_output
                0x00000000080031d0       0x2c obj/Release/src/decoder/decoder_logic.o
                0x00000000080031d0                reset_timing_output
 .text.reset_position_data
                0x00000000080031fc       0x34 obj/Release/src/decoder/decoder_logic.o
                0x00000000080031fc                reset_position_data
 .text.reset_internal_data
                0x0000000008003230       0x1c obj/Release/src/decoder/decoder_logic.o
                0x0000000008003230                reset_internal_data
 .text.decoder_set_state
                0x000000000800324c       0x24 obj/Release/src/decoder/decoder_logic.o
                0x000000000800324c                decoder_set_state
 .text.check_sync_ratio
                0x0000000008003270       0x74 obj/Release/src/decoder/decoder_logic.o
                0x0000000008003270                check_sync_ratio
 .text.check_sync_ratio_async
                0x00000000080032e4       0x5c obj/Release/src/decoder/decoder_logic.o
                0x00000000080032e4                check_sync_ratio_async
 .text.update_timing_data
                0x0000000008003340       0xe0 obj/Release/src/decoder/decoder_logic.o
                0x0000000008003340                update_timing_data
 .text.init_decoder_logic
                0x0000000008003420       0x24 obj/Release/src/decoder/decoder_logic.o
                0x0000000008003420                init_decoder_logic
 .text.disable_decoder_logic
                0x0000000008003444       0x18 obj/Release/src/decoder/decoder_logic.o
                0x0000000008003444                disable_decoder_logic
 .text.decoder_crank_handler
                0x000000000800345c      0x140 obj/Release/src/decoder/decoder_logic.o
                0x000000000800345c                decoder_crank_handler
 .text.decoder_crank_noisefilter_handler
                0x000000000800359c        0x4 obj/Release/src/decoder/decoder_logic.o
                0x000000000800359c                decoder_crank_noisefilter_handler
 .text.decoder_crank_timeout_handler
                0x00000000080035a0       0x3c obj/Release/src/decoder/decoder_logic.o
                0x00000000080035a0                decoder_crank_timeout_handler
 .text.init_Decoder
                0x00000000080035dc       0x68 obj/Release/src/decoder/Tuareg_decoder.o
                0x00000000080035dc                init_Decoder
 .text.disable_Decoder
                0x0000000008003644       0x28 obj/Release/src/decoder/Tuareg_decoder.o
                0x0000000008003644                disable_Decoder
 .text.decoder_get_position_data_age_us
                0x000000000800366c       0x28 obj/Release/src/decoder/Tuareg_decoder.o
                0x000000000800366c                decoder_get_position_data_age_us
 .text.copy_diag_data
                0x0000000008003694       0x48 obj/Release/src/diagnostics/diagnostics.o
                0x0000000008003694                copy_diag_data
 .text.get_diag_data
                0x00000000080036dc       0x24 obj/Release/src/diagnostics/diagnostics.o
                0x00000000080036dc                get_diag_data
 .text.release_diag_shadow
                0x0000000008003700        0xc obj/Release/src/diagnostics/diagnostics.o
                0x0000000008003700                release_diag_shadow
 .text.load_Fault_Log
                0x000000000800370c       0x1c obj/Release/src/diagnostics/fault_log.o
                0x000000000800370c                load_Fault_Log
 .text.load_void_Fault_Log
                0x0000000008003728       0x18 obj/Release/src/diagnostics/fault_log.o
                0x0000000008003728                load_void_Fault_Log
 .text.init_Fault_Log
                0x0000000008003740       0x4c obj/Release/src/diagnostics/fault_log.o
                0x0000000008003740                init_Fault_Log
 .text.store_Fault_Log
                0x000000000800378c       0x10 obj/Release/src/diagnostics/fault_log.o
                0x000000000800378c                store_Fault_Log
 .text.log_Fault
                0x000000000800379c       0x68 obj/Release/src/diagnostics/fault_log.o
                0x000000000800379c                log_Fault
 .text.show_Fault_Log
                0x0000000008003804       0x74 obj/Release/src/diagnostics/fault_log.o
                0x0000000008003804                show_Fault_Log
 .text.clear_Fault_Log
                0x0000000008003878       0x18 obj/Release/src/diagnostics/fault_log.o
                0x0000000008003878                clear_Fault_Log
 .text.Erase_Fault_Log
                0x0000000008003890       0x3c obj/Release/src/diagnostics/fault_log.o
                0x0000000008003890                Erase_Fault_Log
 .text.send_Fault_Log
                0x00000000080038cc        0xc obj/Release/src/diagnostics/fault_log.o
                0x00000000080038cc                send_Fault_Log
 .text.clear_highspeedlog
                0x00000000080038d8       0x14 obj/Release/src/diagnostics/highspeed_loggers.o
                0x00000000080038d8                clear_highspeedlog
 .text.highspeedlog_init
                0x00000000080038ec       0x14 obj/Release/src/diagnostics/highspeed_loggers.o
                0x00000000080038ec                highspeedlog_init
 .text.highspeedlog_register_error
                0x0000000008003900        0x2 obj/Release/src/diagnostics/highspeed_loggers.o
                0x0000000008003900                highspeedlog_register_error
 *fill*         0x0000000008003902        0x2 
 .text.highspeedlog_write
                0x0000000008003904       0xb8 obj/Release/src/diagnostics/highspeed_loggers.o
                0x0000000008003904                highspeedlog_write
 .text.highspeedlog_register_crankpos
                0x00000000080039bc        0x6 obj/Release/src/diagnostics/highspeed_loggers.o
                0x00000000080039bc                highspeedlog_register_crankpos
 *fill*         0x00000000080039c2        0x2 
 .text.highspeedlog_register_cis_lobe_begin
                0x00000000080039c4       0x10 obj/Release/src/diagnostics/highspeed_loggers.o
                0x00000000080039c4                highspeedlog_register_cis_lobe_begin
 .text.highspeedlog_register_cis_lobe_end
                0x00000000080039d4       0x10 obj/Release/src/diagnostics/highspeed_loggers.o
                0x00000000080039d4                highspeedlog_register_cis_lobe_end
 .text.highspeedlog_register_coil1_power
                0x00000000080039e4        0x6 obj/Release/src/diagnostics/highspeed_loggers.o
                0x00000000080039e4                highspeedlog_register_coil1_power
 .text.highspeedlog_register_coil1_unpower
                0x00000000080039ea        0x6 obj/Release/src/diagnostics/highspeed_loggers.o
                0x00000000080039ea                highspeedlog_register_coil1_unpower
 .text.highspeedlog_register_coil2_power
                0x00000000080039f0        0x6 obj/Release/src/diagnostics/highspeed_loggers.o
                0x00000000080039f0                highspeedlog_register_coil2_power
 .text.highspeedlog_register_coil2_unpower
                0x00000000080039f6        0x6 obj/Release/src/diagnostics/highspeed_loggers.o
                0x00000000080039f6                highspeedlog_register_coil2_unpower
 .text.highspeedlog_register_injector1_power
                0x00000000080039fc        0x6 obj/Release/src/diagnostics/highspeed_loggers.o
                0x00000000080039fc                highspeedlog_register_injector1_power
 .text.highspeedlog_register_injector1_unpower
                0x0000000008003a02        0x6 obj/Release/src/diagnostics/highspeed_loggers.o
                0x0000000008003a02                highspeedlog_register_injector1_unpower
 .text.highspeedlog_register_injector2_power
                0x0000000008003a08        0x6 obj/Release/src/diagnostics/highspeed_loggers.o
                0x0000000008003a08                highspeedlog_register_injector2_power
 .text.highspeedlog_register_injector2_unpower
                0x0000000008003a0e        0x6 obj/Release/src/diagnostics/highspeed_loggers.o
                0x0000000008003a0e                highspeedlog_register_injector2_unpower
 .text.send_highspeedlog
                0x0000000008003a14       0xc4 obj/Release/src/diagnostics/highspeed_loggers.o
                0x0000000008003a14                send_highspeedlog
 .text.show_highspeedlog
                0x0000000008003ad8      0x150 obj/Release/src/diagnostics/highspeed_loggers.o
                0x0000000008003ad8                show_highspeedlog
 .text.clear_syslog
                0x0000000008003c28       0x38 obj/Release/src/diagnostics/syslog.o
                0x0000000008003c28                clear_syslog
 .text.Syslog_init
                0x0000000008003c60       0x10 obj/Release/src/diagnostics/syslog.o
                0x0000000008003c60                Syslog_init
 .text.Syslog_Error
                0x0000000008003c70       0x48 obj/Release/src/diagnostics/syslog.o
                0x0000000008003c70                Syslog_Error
 .text.Syslog_Warning
                0x0000000008003cb8       0x6c obj/Release/src/diagnostics/syslog.o
                0x0000000008003cb8                Syslog_Warning
 .text.Syslog_Info
                0x0000000008003d24       0x68 obj/Release/src/diagnostics/syslog.o
                0x0000000008003d24                Syslog_Info
 .text.show_syslog
                0x0000000008003d8c      0x11c obj/Release/src/diagnostics/syslog.o
                0x0000000008003d8c                show_syslog
 .text.send_syslog
                0x0000000008003ea8       0x20 obj/Release/src/diagnostics/syslog.o
                0x0000000008003ea8                send_syslog
 .text.update_load_transient_comp
                0x0000000008003ec8       0x16 obj/Release/src/fueling/accel_comp.o
                0x0000000008003ec8                update_load_transient_comp
 .text.disable_legacy_AE
                0x0000000008003ede       0x46 obj/Release/src/fueling/accel_comp.o
                0x0000000008003ede                disable_legacy_AE
 .text.update_legacy_AE
                0x0000000008003f24      0x328 obj/Release/src/fueling/accel_comp.o
                0x0000000008003f24                update_legacy_AE
 .text.load_Fueling_Setup
                0x000000000800424c       0x10 obj/Release/src/fueling/fueling_config.o
                0x000000000800424c                load_Fueling_Setup
 .text.store_Fueling_Setup
                0x000000000800425c       0x10 obj/Release/src/fueling/fueling_config.o
                0x000000000800425c                store_Fueling_Setup
 .text.show_Fueling_Setup
                0x000000000800426c      0x350 obj/Release/src/fueling/fueling_config.o
                0x000000000800426c                show_Fueling_Setup
 .text.modify_Fueling_Setup
                0x00000000080045bc       0x18 obj/Release/src/fueling/fueling_config.o
                0x00000000080045bc                modify_Fueling_Setup
 .text.send_Fueling_Setup
                0x00000000080045d4        0xc obj/Release/src/fueling/fueling_config.o
                0x00000000080045d4                send_Fueling_Setup
 .text.load_VeTable_TPS
                0x00000000080045e0       0x10 obj/Release/src/fueling/fueling_config.o
                0x00000000080045e0                load_VeTable_TPS
 .text.store_VeTable_TPS
                0x00000000080045f0       0x10 obj/Release/src/fueling/fueling_config.o
                0x00000000080045f0                store_VeTable_TPS
 .text.show_VeTable_TPS
                0x0000000008004600       0x20 obj/Release/src/fueling/fueling_config.o
                0x0000000008004600                show_VeTable_TPS
 .text.modify_VeTable_TPS
                0x0000000008004620       0x10 obj/Release/src/fueling/fueling_config.o
                0x0000000008004620                modify_VeTable_TPS
 .text.send_VeTable_TPS
                0x0000000008004630        0xc obj/Release/src/fueling/fueling_config.o
                0x0000000008004630                send_VeTable_TPS
 .text.getValue_VeTable_TPS
                0x000000000800463c       0x20 obj/Release/src/fueling/fueling_config.o
                0x000000000800463c                getValue_VeTable_TPS
 .text.load_VeTable_MAP
                0x000000000800465c       0x10 obj/Release/src/fueling/fueling_config.o
                0x000000000800465c                load_VeTable_MAP
 .text.store_VeTable_MAP
                0x000000000800466c       0x10 obj/Release/src/fueling/fueling_config.o
                0x000000000800466c                store_VeTable_MAP
 .text.show_VeTable_MAP
                0x000000000800467c       0x20 obj/Release/src/fueling/fueling_config.o
                0x000000000800467c                show_VeTable_MAP
 .text.modify_VeTable_MAP
                0x000000000800469c       0x10 obj/Release/src/fueling/fueling_config.o
                0x000000000800469c                modify_VeTable_MAP
 .text.send_VeTable_MAP
                0x00000000080046ac        0xc obj/Release/src/fueling/fueling_config.o
                0x00000000080046ac                send_VeTable_MAP
 .text.getValue_VeTable_MAP
                0x00000000080046b8       0x20 obj/Release/src/fueling/fueling_config.o
                0x00000000080046b8                getValue_VeTable_MAP
 .text.load_AfrTable_MAP
                0x00000000080046d8       0x10 obj/Release/src/fueling/fueling_config.o
                0x00000000080046d8                load_AfrTable_MAP
 .text.store_AfrTable_MAP
                0x00000000080046e8       0x10 obj/Release/src/fueling/fueling_config.o
                0x00000000080046e8                store_AfrTable_MAP
 .text.show_AfrTable_MAP
                0x00000000080046f8       0x20 obj/Release/src/fueling/fueling_config.o
                0x00000000080046f8                show_AfrTable_MAP
 .text.modify_AfrTable_MAP
                0x0000000008004718       0x10 obj/Release/src/fueling/fueling_config.o
                0x0000000008004718                modify_AfrTable_MAP
 .text.send_AfrTable_MAP
                0x0000000008004728        0xc obj/Release/src/fueling/fueling_config.o
                0x0000000008004728                send_AfrTable_MAP
 .text.getValue_AfrTable_MAP
                0x0000000008004734       0x20 obj/Release/src/fueling/fueling_config.o
                0x0000000008004734                getValue_AfrTable_MAP
 .text.load_AfrTable_TPS
                0x0000000008004754       0x10 obj/Release/src/fueling/fueling_config.o
                0x0000000008004754                load_AfrTable_TPS
 .text.store_AfrTable_TPS
                0x0000000008004764       0x10 obj/Release/src/fueling/fueling_config.o
                0x0000000008004764                store_AfrTable_TPS
 .text.show_AfrTable_TPS
                0x0000000008004774       0x20 obj/Release/src/fueling/fueling_config.o
                0x0000000008004774                show_AfrTable_TPS
 .text.modify_AfrTable_TPS
                0x0000000008004794       0x10 obj/Release/src/fueling/fueling_config.o
                0x0000000008004794                modify_AfrTable_TPS
 .text.send_AfrTable_TPS
                0x00000000080047a4        0xc obj/Release/src/fueling/fueling_config.o
                0x00000000080047a4                send_AfrTable_TPS
 .text.getValue_AfrTable_TPS
                0x00000000080047b0       0x20 obj/Release/src/fueling/fueling_config.o
                0x00000000080047b0                getValue_AfrTable_TPS
 .text.load_AccelCompTableTPS
                0x00000000080047d0       0x10 obj/Release/src/fueling/fueling_config.o
                0x00000000080047d0                load_AccelCompTableTPS
 .text.store_AccelCompTableTPS
                0x00000000080047e0       0x10 obj/Release/src/fueling/fueling_config.o
                0x00000000080047e0                store_AccelCompTableTPS
 .text.show_AccelCompTableTPS
                0x00000000080047f0       0x20 obj/Release/src/fueling/fueling_config.o
                0x00000000080047f0                show_AccelCompTableTPS
 .text.modify_AccelCompTableTPS
                0x0000000008004810       0x10 obj/Release/src/fueling/fueling_config.o
                0x0000000008004810                modify_AccelCompTableTPS
 .text.send_AccelCompTableTPS
                0x0000000008004820        0xc obj/Release/src/fueling/fueling_config.o
                0x0000000008004820                send_AccelCompTableTPS
 .text.getValue_AccelCompTableTPS
                0x000000000800482c       0x14 obj/Release/src/fueling/fueling_config.o
                0x000000000800482c                getValue_AccelCompTableTPS
 .text.load_AccelCompTableMAP
                0x0000000008004840       0x10 obj/Release/src/fueling/fueling_config.o
                0x0000000008004840                load_AccelCompTableMAP
 .text.store_AccelCompTableMAP
                0x0000000008004850       0x10 obj/Release/src/fueling/fueling_config.o
                0x0000000008004850                store_AccelCompTableMAP
 .text.show_AccelCompTableMAP
                0x0000000008004860       0x20 obj/Release/src/fueling/fueling_config.o
                0x0000000008004860                show_AccelCompTableMAP
 .text.modify_AccelCompTableMAP
                0x0000000008004880       0x10 obj/Release/src/fueling/fueling_config.o
                0x0000000008004880                modify_AccelCompTableMAP
 .text.send_AccelCompTableMAP
                0x0000000008004890        0xc obj/Release/src/fueling/fueling_config.o
                0x0000000008004890                send_AccelCompTableMAP
 .text.getValue_AccelCompTableMAP
                0x000000000800489c       0x14 obj/Release/src/fueling/fueling_config.o
                0x000000000800489c                getValue_AccelCompTableMAP
 .text.load_WarmUpCompTable
                0x00000000080048b0       0x10 obj/Release/src/fueling/fueling_config.o
                0x00000000080048b0                load_WarmUpCompTable
 .text.store_WarmUpCompTable
                0x00000000080048c0       0x10 obj/Release/src/fueling/fueling_config.o
                0x00000000080048c0                store_WarmUpCompTable
 .text.show_WarmUpCompTable
                0x00000000080048d0       0x20 obj/Release/src/fueling/fueling_config.o
                0x00000000080048d0                show_WarmUpCompTable
 .text.modify_WarmUpCompTable
                0x00000000080048f0       0x10 obj/Release/src/fueling/fueling_config.o
                0x00000000080048f0                modify_WarmUpCompTable
 .text.send_WarmUpCompTable
                0x0000000008004900        0xc obj/Release/src/fueling/fueling_config.o
                0x0000000008004900                send_WarmUpCompTable
 .text.getValue_WarmUpCompTable
                0x000000000800490c       0x20 obj/Release/src/fueling/fueling_config.o
                0x000000000800490c                getValue_WarmUpCompTable
 .text.load_InjectorTimingTable
                0x000000000800492c       0x10 obj/Release/src/fueling/fueling_config.o
                0x000000000800492c                load_InjectorTimingTable
 .text.store_InjectorTimingTable
                0x000000000800493c       0x10 obj/Release/src/fueling/fueling_config.o
                0x000000000800493c                store_InjectorTimingTable
 .text.show_InjectorTimingTable
                0x000000000800494c       0x20 obj/Release/src/fueling/fueling_config.o
                0x000000000800494c                show_InjectorTimingTable
 .text.modify_InjectorTimingTable
                0x000000000800496c       0x10 obj/Release/src/fueling/fueling_config.o
                0x000000000800496c                modify_InjectorTimingTable
 .text.send_InjectorTimingTable
                0x000000000800497c        0xc obj/Release/src/fueling/fueling_config.o
                0x000000000800497c                send_InjectorTimingTable
 .text.getValue_InjectorTimingTable
                0x0000000008004988       0x20 obj/Release/src/fueling/fueling_config.o
                0x0000000008004988                getValue_InjectorTimingTable
 .text.load_CrankingFuelTable
                0x00000000080049a8       0x10 obj/Release/src/fueling/fueling_config.o
                0x00000000080049a8                load_CrankingFuelTable
 .text.store_CrankingFuelTable
                0x00000000080049b8       0x10 obj/Release/src/fueling/fueling_config.o
                0x00000000080049b8                store_CrankingFuelTable
 .text.show_CrankingFuelTable
                0x00000000080049c8       0x20 obj/Release/src/fueling/fueling_config.o
                0x00000000080049c8                show_CrankingFuelTable
 .text.modify_CrankingFuelTable
                0x00000000080049e8       0x10 obj/Release/src/fueling/fueling_config.o
                0x00000000080049e8                modify_CrankingFuelTable
 .text.send_CrankingFuelTable
                0x00000000080049f8        0xc obj/Release/src/fueling/fueling_config.o
                0x00000000080049f8                send_CrankingFuelTable
 .text.getValue_CrankingFuelTable
                0x0000000008004a04       0x14 obj/Release/src/fueling/fueling_config.o
                0x0000000008004a04                getValue_CrankingFuelTable
 .text.load_InjectorPhaseTable
                0x0000000008004a18       0x10 obj/Release/src/fueling/fueling_config.o
                0x0000000008004a18                load_InjectorPhaseTable
 .text.store_InjectorPhaseTable
                0x0000000008004a28       0x10 obj/Release/src/fueling/fueling_config.o
                0x0000000008004a28                store_InjectorPhaseTable
 .text.show_InjectorPhaseTable
                0x0000000008004a38       0x20 obj/Release/src/fueling/fueling_config.o
                0x0000000008004a38                show_InjectorPhaseTable
 .text.modify_InjectorPhaseTable
                0x0000000008004a58       0x10 obj/Release/src/fueling/fueling_config.o
                0x0000000008004a58                modify_InjectorPhaseTable
 .text.send_InjectorPhaseTable
                0x0000000008004a68        0xc obj/Release/src/fueling/fueling_config.o
                0x0000000008004a68                send_InjectorPhaseTable
 .text.getValue_InjectorPhaseTable
                0x0000000008004a74        0xc obj/Release/src/fueling/fueling_config.o
                0x0000000008004a74                getValue_InjectorPhaseTable
 .text.load_BAROtable
                0x0000000008004a80       0x10 obj/Release/src/fueling/fueling_config.o
                0x0000000008004a80                load_BAROtable
 .text.store_BAROtable
                0x0000000008004a90       0x10 obj/Release/src/fueling/fueling_config.o
                0x0000000008004a90                store_BAROtable
 .text.show_BAROtable
                0x0000000008004aa0       0x20 obj/Release/src/fueling/fueling_config.o
                0x0000000008004aa0                show_BAROtable
 .text.modify_BAROtable
                0x0000000008004ac0       0x10 obj/Release/src/fueling/fueling_config.o
                0x0000000008004ac0                modify_BAROtable
 .text.send_BAROtable
                0x0000000008004ad0        0xc obj/Release/src/fueling/fueling_config.o
                0x0000000008004ad0                send_BAROtable
 .text.getValue_BAROtable
                0x0000000008004adc       0x38 obj/Release/src/fueling/fueling_config.o
                0x0000000008004adc                getValue_BAROtable
 .text.load_ChargeTempTable
                0x0000000008004b14       0x10 obj/Release/src/fueling/fueling_config.o
                0x0000000008004b14                load_ChargeTempTable
 .text.load_Fueling_Config
                0x0000000008004b24       0xd8 obj/Release/src/fueling/fueling_config.o
                0x0000000008004b24                load_Fueling_Config
 .text.store_ChargeTempTable
                0x0000000008004bfc       0x10 obj/Release/src/fueling/fueling_config.o
                0x0000000008004bfc                store_ChargeTempTable
 .text.show_ChargeTempTable
                0x0000000008004c0c       0x20 obj/Release/src/fueling/fueling_config.o
                0x0000000008004c0c                show_ChargeTempTable
 .text.modify_ChargeTempTable
                0x0000000008004c2c       0x10 obj/Release/src/fueling/fueling_config.o
                0x0000000008004c2c                modify_ChargeTempTable
 .text.send_ChargeTempTable
                0x0000000008004c3c        0xc obj/Release/src/fueling/fueling_config.o
                0x0000000008004c3c                send_ChargeTempTable
 .text.getValue_ChargeTempTable
                0x0000000008004c48       0x2c obj/Release/src/fueling/fueling_config.o
                0x0000000008004c48                getValue_ChargeTempTable
 .text.update_fuel_mass_afterstart_correction
                0x0000000008004c74       0xa0 obj/Release/src/fueling/fueling_corrections.o
                0x0000000008004c74                update_fuel_mass_afterstart_correction
 .text.update_fuel_mass_warmup_correction
                0x0000000008004d14       0x5c obj/Release/src/fueling/fueling_corrections.o
                0x0000000008004d14                update_fuel_mass_warmup_correction
 .text.update_fuel_mass_barometric_correction
                0x0000000008004d70       0x98 obj/Release/src/fueling/fueling_corrections.o
                0x0000000008004d70                update_fuel_mass_barometric_correction
 .text.update_fuel_mass_corrections
                0x0000000008004e08       0x1c obj/Release/src/fueling/fueling_corrections.o
                0x0000000008004e08                update_fuel_mass_corrections
 .text.fueling_diag_log_event
                0x0000000008004e24       0x28 obj/Release/src/fueling/fueling_diag.o
                0x0000000008004e24                fueling_diag_log_event
 .text.print_fueling_diag
                0x0000000008004e4c       0x68 obj/Release/src/fueling/fueling_diag.o
                0x0000000008004e4c                print_fueling_diag
 .text.set_injector1_powered
                0x0000000008004eb4       0x28 obj/Release/src/fueling/fueling_hw.o
                0x0000000008004eb4                set_injector1_powered
 .text.set_injector1_unpowered
                0x0000000008004edc       0x28 obj/Release/src/fueling/fueling_hw.o
                0x0000000008004edc                set_injector1_unpowered
 .text.set_injector2_powered
                0x0000000008004f04       0x28 obj/Release/src/fueling/fueling_hw.o
                0x0000000008004f04                set_injector2_powered
 .text.set_injector2_unpowered
                0x0000000008004f2c       0x28 obj/Release/src/fueling/fueling_hw.o
                0x0000000008004f2c                set_injector2_unpowered
 .text.set_fuel_pump_powered
                0x0000000008004f54       0x28 obj/Release/src/fueling/fueling_hw.o
                0x0000000008004f54                set_fuel_pump_powered
 .text.set_fuel_pump_unpowered
                0x0000000008004f7c       0x20 obj/Release/src/fueling/fueling_hw.o
                0x0000000008004f7c                set_fuel_pump_unpowered
 .text.set_injector1
                0x0000000008004f9c       0x30 obj/Release/src/fueling/fueling_hw.o
                0x0000000008004f9c                set_injector1
 .text.set_injector2
                0x0000000008004fcc       0x30 obj/Release/src/fueling/fueling_hw.o
                0x0000000008004fcc                set_injector2
 .text.set_fuel_pump
                0x0000000008004ffc        0xc obj/Release/src/fueling/fueling_hw.o
                0x0000000008004ffc                set_fuel_pump
 .text.init_fueling_hw
                0x0000000008005008       0x5c obj/Release/src/fueling/fueling_hw.o
                0x0000000008005008                init_fueling_hw
 .text.update_injector_deadtime
                0x0000000008005064       0x50 obj/Release/src/fueling/injector_parameters.o
                0x0000000008005064                update_injector_deadtime
 .text.update_injector_intervals_sequential
                0x00000000080050b4       0xf8 obj/Release/src/fueling/injector_parameters.o
                0x00000000080050b4                update_injector_intervals_sequential
 .text.update_injector_intervals_batch
                0x00000000080051ac       0xf4 obj/Release/src/fueling/injector_parameters.o
                0x00000000080051ac                update_injector_intervals_batch
 .text.update_injection_begin_batch
                0x00000000080052a0       0x34 obj/Release/src/fueling/injector_parameters.o
                0x00000000080052a0                update_injection_begin_batch
 .text.update_injection_begin_sequential
                0x00000000080052d4       0xf0 obj/Release/src/fueling/injector_parameters.o
                0x00000000080052d4                update_injection_begin_sequential
 .text.init_Fueling
                0x00000000080053c4       0x54 obj/Release/src/fueling/Tuareg_fueling.o
                0x00000000080053c4                init_Fueling
 .text.Tuareg_fueling_update_crankpos_handler
                0x0000000008005418      0x198 obj/Release/src/fueling/Tuareg_fueling.o
                0x0000000008005418                Tuareg_fueling_update_crankpos_handler
 .text.invalid_fueling_controls
                0x00000000080055b0       0x48 obj/Release/src/fueling/Tuareg_fueling_controls.o
                0x00000000080055b0                invalid_fueling_controls
 .text.update_air_flow
                0x00000000080055f8       0xb0 obj/Release/src/fueling/Tuareg_fueling_controls.o
                0x00000000080055f8                update_air_flow
 .text.update_AFR_target
                0x00000000080056a8       0x78 obj/Release/src/fueling/Tuareg_fueling_controls.o
                0x00000000080056a8                update_AFR_target
 .text.update_fuel_mass_cranking
                0x0000000008005720       0x74 obj/Release/src/fueling/Tuareg_fueling_controls.o
                0x0000000008005720                update_fuel_mass_cranking
 .text.update_base_fuel_mass
                0x0000000008005794       0x48 obj/Release/src/fueling/Tuareg_fueling_controls.o
                0x0000000008005794                update_base_fuel_mass
 .text.update_target_fuel_mass
                0x00000000080057dc      0x120 obj/Release/src/fueling/Tuareg_fueling_controls.o
                0x00000000080057dc                update_target_fuel_mass
 .text.Tuareg_update_fueling_controls
                0x00000000080058fc      0x22c obj/Release/src/fueling/Tuareg_fueling_controls.o
                0x00000000080058fc                Tuareg_update_fueling_controls
 .text.load_Ignition_Config
                0x0000000008005b28       0x6c obj/Release/src/ignition/ignition_config.o
                0x0000000008005b28                load_Ignition_Config
 .text.store_Ignition_Setup
                0x0000000008005b94       0x10 obj/Release/src/ignition/ignition_config.o
                0x0000000008005b94                store_Ignition_Setup
 .text.show_Ignition_Setup
                0x0000000008005ba4      0x17c obj/Release/src/ignition/ignition_config.o
                0x0000000008005ba4                show_Ignition_Setup
 .text.modify_Ignition_Setup
                0x0000000008005d20       0x18 obj/Release/src/ignition/ignition_config.o
                0x0000000008005d20                modify_Ignition_Setup
 .text.send_Ignition_Setup
                0x0000000008005d38        0xc obj/Release/src/ignition/ignition_config.o
                0x0000000008005d38                send_Ignition_Setup
 .text.store_ignAdvTable_TPS
                0x0000000008005d44       0x10 obj/Release/src/ignition/ignition_config.o
                0x0000000008005d44                store_ignAdvTable_TPS
 .text.show_ignAdvTable_TPS
                0x0000000008005d54       0x20 obj/Release/src/ignition/ignition_config.o
                0x0000000008005d54                show_ignAdvTable_TPS
 .text.modify_ignAdvTable_TPS
                0x0000000008005d74       0x10 obj/Release/src/ignition/ignition_config.o
                0x0000000008005d74                modify_ignAdvTable_TPS
 .text.send_ignAdvTable_TPS
                0x0000000008005d84        0xc obj/Release/src/ignition/ignition_config.o
                0x0000000008005d84                send_ignAdvTable_TPS
 .text.getValue_ignAdvTable_TPS
                0x0000000008005d90       0x20 obj/Release/src/ignition/ignition_config.o
                0x0000000008005d90                getValue_ignAdvTable_TPS
 .text.store_ignDwellTable
                0x0000000008005db0       0x10 obj/Release/src/ignition/ignition_config.o
                0x0000000008005db0                store_ignDwellTable
 .text.show_ignDwellTable
                0x0000000008005dc0       0x20 obj/Release/src/ignition/ignition_config.o
                0x0000000008005dc0                show_ignDwellTable
 .text.modify_ignDwellTable
                0x0000000008005de0       0x10 obj/Release/src/ignition/ignition_config.o
                0x0000000008005de0                modify_ignDwellTable
 .text.send_ignDwellTable
                0x0000000008005df0        0xc obj/Release/src/ignition/ignition_config.o
                0x0000000008005df0                send_ignDwellTable
 .text.getValue_ignDwellTable
                0x0000000008005dfc       0x18 obj/Release/src/ignition/ignition_config.o
                0x0000000008005dfc                getValue_ignDwellTable
 .text.ignition_diag_log_event
                0x0000000008005e14       0x28 obj/Release/src/ignition/ignition_diag.o
                0x0000000008005e14                ignition_diag_log_event
 .text.print_ignition_diag
                0x0000000008005e3c       0x68 obj/Release/src/ignition/ignition_diag.o
                0x0000000008005e3c                print_ignition_diag
 .text.set_coil1_powered
                0x0000000008005ea4       0x28 obj/Release/src/ignition/ignition_hw.o
                0x0000000008005ea4                set_coil1_powered
 .text.set_coil1_unpowered
                0x0000000008005ecc       0x20 obj/Release/src/ignition/ignition_hw.o
                0x0000000008005ecc                set_coil1_unpowered
 .text.set_coil2_powered
                0x0000000008005eec       0x28 obj/Release/src/ignition/ignition_hw.o
                0x0000000008005eec                set_coil2_powered
 .text.set_coil2_unpowered
                0x0000000008005f14       0x20 obj/Release/src/ignition/ignition_hw.o
                0x0000000008005f14                set_coil2_unpowered
 .text.set_ignition_ch1
                0x0000000008005f34       0x30 obj/Release/src/ignition/ignition_hw.o
                0x0000000008005f34                set_ignition_ch1
 .text.set_ignition_ch2
                0x0000000008005f64       0x30 obj/Release/src/ignition/ignition_hw.o
                0x0000000008005f64                set_ignition_ch2
 .text.init_ignition_hw
                0x0000000008005f94       0x3c obj/Release/src/ignition/ignition_hw.o
                0x0000000008005f94                init_ignition_hw
 .text.init_Ignition
                0x0000000008005fd0       0x58 obj/Release/src/ignition/Tuareg_ignition.o
                0x0000000008005fd0                init_Ignition
 .text.Tuareg_ignition_update_crankpos_handler
                0x0000000008006028      0x154 obj/Release/src/ignition/Tuareg_ignition.o
                0x0000000008006028                Tuareg_ignition_update_crankpos_handler
 .text.default_ignition_controls
                0x000000000800617c       0x24 obj/Release/src/ignition/Tuareg_ignition_controls.o
                0x000000000800617c                default_ignition_controls
 .text.revlimiter_ignition_controls
                0x00000000080061a0       0x1c obj/Release/src/ignition/Tuareg_ignition_controls.o
                0x00000000080061a0                revlimiter_ignition_controls
 .text.cranking_ignition_controls
                0x00000000080061bc       0x38 obj/Release/src/ignition/Tuareg_ignition_controls.o
                0x00000000080061bc                cranking_ignition_controls
 .text.dynamic_ignition_controls
                0x00000000080061f4      0x188 obj/Release/src/ignition/Tuareg_ignition_controls.o
                0x00000000080061f4                dynamic_ignition_controls
 .text.Tuareg_update_ignition_controls
                0x000000000800637c       0xa8 obj/Release/src/ignition/Tuareg_ignition_controls.o
                0x000000000800637c                Tuareg_update_ignition_controls
 .text.startup.main
                0x0000000008006424       0x78 obj/Release/src/main/main.o
                0x0000000008006424                main
 .text.EXTI2_IRQHandler
                0x000000000800649c       0x5c obj/Release/src/main/main.o
                0x000000000800649c                EXTI2_IRQHandler
 .text.Tuareg_load_config
                0x00000000080064f8       0x4c obj/Release/src/main/Tuareg.o
                0x00000000080064f8                Tuareg_load_config
 .text.Tuareg_Init
                0x0000000008006544       0xc4 obj/Release/src/main/Tuareg.o
                0x0000000008006544                Tuareg_Init
 .text.Tuareg_update_run_inhibit
                0x0000000008006608      0x140 obj/Release/src/main/Tuareg.o
                0x0000000008006608                Tuareg_update_run_inhibit
 .text.Tuareg_update_limited_op
                0x0000000008006748       0x38 obj/Release/src/main/Tuareg.o
                0x0000000008006748                Tuareg_update_limited_op
 .text.Tuareg_update_rev_limiter
                0x0000000008006780       0x60 obj/Release/src/main/Tuareg.o
                0x0000000008006780                Tuareg_update_rev_limiter
 .text.Tuareg_update_standby
                0x00000000080067e0       0xcc obj/Release/src/main/Tuareg.o
                0x00000000080067e0                Tuareg_update_standby
 .text.Tuareg_update_fuel_pump_control
                0x00000000080068ac       0x54 obj/Release/src/main/Tuareg.o
                0x00000000080068ac                Tuareg_update_fuel_pump_control
 .text.Tuareg_deactivate_vital_actors
                0x0000000008006900       0x50 obj/Release/src/main/Tuareg.o
                0x0000000008006900                Tuareg_deactivate_vital_actors
 .text.Tuareg_update
                0x0000000008006950       0x58 obj/Release/src/main/Tuareg.o
                0x0000000008006950                Tuareg_update
 .text.Tuareg_update_trip
                0x00000000080069a8       0x30 obj/Release/src/main/Tuareg.o
                0x00000000080069a8                Tuareg_update_trip
 .text.Tuareg_update_consumption_data
                0x00000000080069d8       0xa0 obj/Release/src/main/Tuareg.o
                0x00000000080069d8                Tuareg_update_consumption_data
 .text.Atomic_Begin
                0x0000000008006a78       0x24 obj/Release/src/main/Tuareg_atomic.o
                0x0000000008006a78                Atomic_Begin
 .text.Atomic_End
                0x0000000008006a9c       0x2c obj/Release/src/main/Tuareg_atomic.o
                0x0000000008006a9c                Atomic_End
 .text.store_Tuareg_Setup
                0x0000000008006ac8       0x10 obj/Release/src/main/Tuareg_config.o
                0x0000000008006ac8                store_Tuareg_Setup
 .text.show_Tuareg_Setup
                0x0000000008006ad8      0x1e0 obj/Release/src/main/Tuareg_config.o
                0x0000000008006ad8                show_Tuareg_Setup
 .text.modify_Tuareg_Setup
                0x0000000008006cb8       0x18 obj/Release/src/main/Tuareg_config.o
                0x0000000008006cb8                modify_Tuareg_Setup
 .text.send_Tuareg_Setup
                0x0000000008006cd0        0xc obj/Release/src/main/Tuareg_config.o
                0x0000000008006cd0                send_Tuareg_Setup
 .text.load_TachTable
                0x0000000008006cdc       0x10 obj/Release/src/main/Tuareg_config.o
                0x0000000008006cdc                load_TachTable
 .text.load_Tuareg_Config
                0x0000000008006cec       0x38 obj/Release/src/main/Tuareg_config.o
                0x0000000008006cec                load_Tuareg_Config
 .text.store_TachTable
                0x0000000008006d24       0x10 obj/Release/src/main/Tuareg_config.o
                0x0000000008006d24                store_TachTable
 .text.show_TachTable
                0x0000000008006d34       0x20 obj/Release/src/main/Tuareg_config.o
                0x0000000008006d34                show_TachTable
 .text.modify_TachTable
                0x0000000008006d54       0x10 obj/Release/src/main/Tuareg_config.o
                0x0000000008006d54                modify_TachTable
 .text.send_TachTable
                0x0000000008006d64        0xc obj/Release/src/main/Tuareg_config.o
                0x0000000008006d64                send_TachTable
 .text.getValue_TachTable
                0x0000000008006d70       0x18 obj/Release/src/main/Tuareg_config.o
                0x0000000008006d70                getValue_TachTable
 .text.tuareg_diag_log_event
                0x0000000008006d88       0x28 obj/Release/src/main/Tuareg_diag.o
                0x0000000008006d88                tuareg_diag_log_event
 .text.print_tuareg_diag
                0x0000000008006db0       0x68 obj/Release/src/main/Tuareg_diag.o
                0x0000000008006db0                print_tuareg_diag
 .text.Fatal    0x0000000008006e18       0x68 obj/Release/src/main/Tuareg_errors.o
                0x0000000008006e18                Fatal
 .text.VitalAssert
                0x0000000008006e80        0xe obj/Release/src/main/Tuareg_errors.o
                0x0000000008006e80                VitalAssert
 *fill*         0x0000000008006e8e        0x2 
 .text.Limp     0x0000000008006e90       0x44 obj/Release/src/main/Tuareg_errors.o
                0x0000000008006e90                Limp
 .text.print_Tuareg_ID_label
                0x0000000008006ed4       0x30 obj/Release/src/main/Tuareg_ID.o
                0x0000000008006ed4                print_Tuareg_ID_label
 .text.Tuareg_update_process_data
                0x0000000008006f04      0x168 obj/Release/src/main/Tuareg_process_data.o
                0x0000000008006f04                Tuareg_update_process_data
 .text.request_service_mode
                0x000000000800706c       0x28 obj/Release/src/main/Tuareg_service_functions.o
                0x000000000800706c                request_service_mode
 .text.activate_fuel_pump
                0x0000000008007094       0x5c obj/Release/src/main/Tuareg_service_functions.o
                0x0000000008007094                activate_fuel_pump
 .text.deactivate_fuel_pump
                0x00000000080070f0       0x28 obj/Release/src/main/Tuareg_service_functions.o
                0x00000000080070f0                deactivate_fuel_pump
 .text.fuel_pump_periodic_update
                0x0000000008007118       0x1c obj/Release/src/main/Tuareg_service_functions.o
                0x0000000008007118                fuel_pump_periodic_update
 .text.activate_injector1
                0x0000000008007134       0x6c obj/Release/src/main/Tuareg_service_functions.o
                0x0000000008007134                activate_injector1
 .text.deactivate_injector1
                0x00000000080071a0       0x2c obj/Release/src/main/Tuareg_service_functions.o
                0x00000000080071a0                deactivate_injector1
 .text.injector1_periodic_update
                0x00000000080071cc       0x54 obj/Release/src/main/Tuareg_service_functions.o
                0x00000000080071cc                injector1_periodic_update
 .text.activate_injector2
                0x0000000008007220       0x6c obj/Release/src/main/Tuareg_service_functions.o
                0x0000000008007220                activate_injector2
 .text.deactivate_injector2
                0x000000000800728c       0x2c obj/Release/src/main/Tuareg_service_functions.o
                0x000000000800728c                deactivate_injector2
 .text.injector2_periodic_update
                0x00000000080072b8       0x54 obj/Release/src/main/Tuareg_service_functions.o
                0x00000000080072b8                injector2_periodic_update
 .text.activate_coil1
                0x000000000800730c       0x8c obj/Release/src/main/Tuareg_service_functions.o
                0x000000000800730c                activate_coil1
 .text.deactivate_coil1
                0x0000000008007398       0x2c obj/Release/src/main/Tuareg_service_functions.o
                0x0000000008007398                deactivate_coil1
 .text.coil1_periodic_update
                0x00000000080073c4       0x54 obj/Release/src/main/Tuareg_service_functions.o
                0x00000000080073c4                coil1_periodic_update
 .text.activate_coil2
                0x0000000008007418       0x8c obj/Release/src/main/Tuareg_service_functions.o
                0x0000000008007418                activate_coil2
 .text.deactivate_coil2
                0x00000000080074a4       0x2c obj/Release/src/main/Tuareg_service_functions.o
                0x00000000080074a4                deactivate_coil2
 .text.coil2_periodic_update
                0x00000000080074d0       0x54 obj/Release/src/main/Tuareg_service_functions.o
                0x00000000080074d0                coil2_periodic_update
 .text.service_functions_periodic_update
                0x0000000008007524       0x40 obj/Release/src/main/Tuareg_service_functions.o
                0x0000000008007524                service_functions_periodic_update
 .text.activate_tachometer
                0x0000000008007564       0x38 obj/Release/src/main/Tuareg_service_functions.o
                0x0000000008007564                activate_tachometer
 .text.deactivate_tachometer
                0x000000000800759c       0x14 obj/Release/src/main/Tuareg_service_functions.o
                0x000000000800759c                deactivate_tachometer
 .text.request_service_activation
                0x00000000080075b0       0xb0 obj/Release/src/main/Tuareg_service_functions.o
                0x00000000080075b0                request_service_activation
 .text.update_process_table
                0x0000000008007660       0xc0 obj/Release/src/process_table/process_table.o
                0x0000000008007660                update_process_table
 .text.get_position_from_index
                0x0000000008007720       0x5c obj/Release/src/process_table/process_table.o
                0x0000000008007720                get_position_from_index
 .text.get_index_from_position
                0x000000000800777c       0x38 obj/Release/src/process_table/process_table.o
                0x000000000800777c                get_index_from_position
 .text.find_process_position_before
                0x00000000080077b4       0x4c obj/Release/src/process_table/process_table.o
                0x00000000080077b4                find_process_position_before
 .text.get_process_advance
                0x0000000008007800       0x34 obj/Release/src/process_table/process_table.o
                0x0000000008007800                get_process_advance
 .text.print_process_table
                0x0000000008007834       0x9c obj/Release/src/process_table/process_table.o
                0x0000000008007834                print_process_table
 .text.init_analog_sensors
                0x00000000080078d0      0x2e4 obj/Release/src/sensors/analog_sensors.o
                0x00000000080078d0                init_analog_sensors
 .text.sensors_start_regular_group_conversion
                0x0000000008007bb4        0xc obj/Release/src/sensors/analog_sensors.o
                0x0000000008007bb4                sensors_start_regular_group_conversion
 .text.sensors_start_injected_group_conversion
                0x0000000008007bc0        0xc obj/Release/src/sensors/analog_sensors.o
                0x0000000008007bc0                sensors_start_injected_group_conversion
 .text.update_analog_sensor
                0x0000000008007bcc       0xdc obj/Release/src/sensors/analog_sensors.o
                0x0000000008007bcc                update_analog_sensor
 .text.ADC_IRQHandler
                0x0000000008007ca8       0x7c obj/Release/src/sensors/analog_sensors.o
                0x0000000008007ca8                ADC_IRQHandler
 .text.DMA2_Stream0_IRQHandler
                0x0000000008007d24       0xac obj/Release/src/sensors/analog_sensors.o
                0x0000000008007d24                DMA2_Stream0_IRQHandler
 .text.reset_dsensor_integrator
                0x0000000008007dd0       0x2c obj/Release/src/sensors/digital_sensors.o
                0x0000000008007dd0                reset_dsensor_integrator
 .text.init_digital_sensors
                0x0000000008007dfc       0x88 obj/Release/src/sensors/digital_sensors.o
                0x0000000008007dfc                init_digital_sensors
 .text.read_dsensors
                0x0000000008007e84       0x64 obj/Release/src/sensors/digital_sensors.o
                0x0000000008007e84                read_dsensors
 .text.update_digital_sensors
                0x0000000008007ee8       0x6c obj/Release/src/sensors/digital_sensors.o
                0x0000000008007ee8                update_digital_sensors
 .text.load_Sensor_Calibration
                0x0000000008007f54       0x2c obj/Release/src/sensors/sensor_calibration.o
                0x0000000008007f54                load_Sensor_Calibration
 .text.store_Sensor_Calibration
                0x0000000008007f80       0x10 obj/Release/src/sensors/sensor_calibration.o
                0x0000000008007f80                store_Sensor_Calibration
 .text.show_Sensor_Calibration
                0x0000000008007f90       0x30 obj/Release/src/sensors/sensor_calibration.o
                0x0000000008007f90                show_Sensor_Calibration
 .text.modify_Sensor_Calibration
                0x0000000008007fc0       0x18 obj/Release/src/sensors/sensor_calibration.o
                0x0000000008007fc0                modify_Sensor_Calibration
 .text.send_Sensor_Calibration
                0x0000000008007fd8        0xc obj/Release/src/sensors/sensor_calibration.o
                0x0000000008007fd8                send_Sensor_Calibration
 .text.store_InvTableCLT
                0x0000000008007fe4       0x10 obj/Release/src/sensors/sensor_calibration.o
                0x0000000008007fe4                store_InvTableCLT
 .text.show_InvTableCLT
                0x0000000008007ff4       0x20 obj/Release/src/sensors/sensor_calibration.o
                0x0000000008007ff4                show_InvTableCLT
 .text.modify_InvTableCLT
                0x0000000008008014       0x10 obj/Release/src/sensors/sensor_calibration.o
                0x0000000008008014                modify_InvTableCLT
 .text.send_InvTableCLT
                0x0000000008008024        0xc obj/Release/src/sensors/sensor_calibration.o
                0x0000000008008024                send_InvTableCLT
 .text.getValue_InvTableCLT
                0x0000000008008030       0x14 obj/Release/src/sensors/sensor_calibration.o
                0x0000000008008030                getValue_InvTableCLT
 .text.sensors_diag_log_event
                0x0000000008008044       0x28 obj/Release/src/sensors/sensors_diag.o
                0x0000000008008044                sensors_diag_log_event
 .text.print_sensors_diag
                0x000000000800806c       0x68 obj/Release/src/sensors/sensors_diag.o
                0x000000000800806c                print_sensors_diag
 .text.Tuareg_update_MAP_sensor
                0x00000000080080d4       0x5c obj/Release/src/sensors/Tuareg_sensors.o
                0x00000000080080d4                Tuareg_update_MAP_sensor
 .text.Tuareg_update_O2_sensor
                0x0000000008008130       0x54 obj/Release/src/sensors/Tuareg_sensors.o
                0x0000000008008130                Tuareg_update_O2_sensor
 .text.Tuareg_update_TPS_sensor
                0x0000000008008184       0x54 obj/Release/src/sensors/Tuareg_sensors.o
                0x0000000008008184                Tuareg_update_TPS_sensor
 .text.Tuareg_update_IAT_sensor
                0x00000000080081d8       0x64 obj/Release/src/sensors/Tuareg_sensors.o
                0x00000000080081d8                Tuareg_update_IAT_sensor
 .text.Tuareg_update_CLT_sensor
                0x000000000800823c       0x68 obj/Release/src/sensors/Tuareg_sensors.o
                0x000000000800823c                Tuareg_update_CLT_sensor
 .text.Tuareg_update_VBAT_sensor
                0x00000000080082a4       0x58 obj/Release/src/sensors/Tuareg_sensors.o
                0x00000000080082a4                Tuareg_update_VBAT_sensor
 .text.Tuareg_update_KNOCK_sensor
                0x00000000080082fc       0x58 obj/Release/src/sensors/Tuareg_sensors.o
                0x00000000080082fc                Tuareg_update_KNOCK_sensor
 .text.Tuareg_update_BARO_sensor
                0x0000000008008354       0x5c obj/Release/src/sensors/Tuareg_sensors.o
                0x0000000008008354                Tuareg_update_BARO_sensor
 .text.Tuareg_update_GEAR_sensor
                0x00000000080083b0       0x74 obj/Release/src/sensors/Tuareg_sensors.o
                0x00000000080083b0                Tuareg_update_GEAR_sensor
 .text.init_Sensors
                0x0000000008008424       0xf0 obj/Release/src/sensors/Tuareg_sensors.o
                0x0000000008008424                init_Sensors
 .text.adc_set_regular_group
                0x0000000008008514       0x6e obj/Release/src/stm32_libs/stm32f4xx/boctok/stm32f4xx_adc_boctok.o
                0x0000000008008514                adc_set_regular_group
 .text.adc_set_regular_group_length
                0x0000000008008582       0x18 obj/Release/src/stm32_libs/stm32f4xx/boctok/stm32f4xx_adc_boctok.o
                0x0000000008008582                adc_set_regular_group_length
 .text.adc_set_sample_time
                0x000000000800859a       0x3c obj/Release/src/stm32_libs/stm32f4xx/boctok/stm32f4xx_adc_boctok.o
                0x000000000800859a                adc_set_sample_time
 .text.adc_start_injected_group
                0x00000000080085d6        0xa obj/Release/src/stm32_libs/stm32f4xx/boctok/stm32f4xx_adc_boctok.o
                0x00000000080085d6                adc_start_injected_group
 .text.getScbDump
                0x00000000080085e0       0x24 obj/Release/src/stm32_libs/stm32f4xx/boctok/stm32f4xx_fault_handler_boctok.o
                0x00000000080085e0                getScbDump
 .text.getStackRegisters
                0x0000000008008604       0x30 obj/Release/src/stm32_libs/stm32f4xx/boctok/stm32f4xx_fault_handler_boctok.o
                0x0000000008008604                getStackRegisters
 .text.HardFault_Handler
                0x0000000008008634       0x28 obj/Release/src/stm32_libs/stm32f4xx/boctok/stm32f4xx_fault_handler_boctok.o
                0x0000000008008634                HardFault_Handler
 .text.NMI_Handler
                0x000000000800865c       0x28 obj/Release/src/stm32_libs/stm32f4xx/boctok/stm32f4xx_fault_handler_boctok.o
                0x000000000800865c                NMI_Handler
 .text.MemManage_Handler
                0x0000000008008684       0x28 obj/Release/src/stm32_libs/stm32f4xx/boctok/stm32f4xx_fault_handler_boctok.o
                0x0000000008008684                MemManage_Handler
 .text.BusFault_Handler
                0x00000000080086ac       0x28 obj/Release/src/stm32_libs/stm32f4xx/boctok/stm32f4xx_fault_handler_boctok.o
                0x00000000080086ac                BusFault_Handler
 .text.UsageFault_Handler
                0x00000000080086d4       0x28 obj/Release/src/stm32_libs/stm32f4xx/boctok/stm32f4xx_fault_handler_boctok.o
                0x00000000080086d4                UsageFault_Handler
 .text.SVC_Handler
                0x00000000080086fc       0x28 obj/Release/src/stm32_libs/stm32f4xx/boctok/stm32f4xx_fault_handler_boctok.o
                0x00000000080086fc                SVC_Handler
 .text.DebugMon_Handler
                0x0000000008008724       0x28 obj/Release/src/stm32_libs/stm32f4xx/boctok/stm32f4xx_fault_handler_boctok.o
                0x0000000008008724                DebugMon_Handler
 .text.PendSV_Handler
                0x000000000800874c       0x28 obj/Release/src/stm32_libs/stm32f4xx/boctok/stm32f4xx_fault_handler_boctok.o
                0x000000000800874c                PendSV_Handler
 .text.WWDG_IRQHandler
                0x0000000008008774       0x28 obj/Release/src/stm32_libs/stm32f4xx/boctok/stm32f4xx_fault_handler_boctok.o
                0x0000000008008774                WWDG_IRQHandler
 .text.FPU_IRQHandler
                0x000000000800879c       0x28 obj/Release/src/stm32_libs/stm32f4xx/boctok/stm32f4xx_fault_handler_boctok.o
                0x000000000800879c                FPU_IRQHandler
 .text.GPIO_configure
                0x00000000080087c4       0x6c obj/Release/src/stm32_libs/stm32f4xx/boctok/stm32f4xx_gpio_boctok.o
                0x00000000080087c4                GPIO_configure
 .text.SYSCFG_map_EXTI
                0x0000000008008830       0x98 obj/Release/src/stm32_libs/stm32f4xx/boctok/stm32f4xx_gpio_boctok.o
                0x0000000008008830                SYSCFG_map_EXTI
 .text.gpio_set_pin
                0x00000000080088c8       0x36 obj/Release/src/stm32_libs/stm32f4xx/boctok/stm32f4xx_gpio_boctok.o
                0x00000000080088c8                gpio_set_pin
 .text.GPIO_SetAF
                0x00000000080088fe       0x44 obj/Release/src/stm32_libs/stm32f4xx/boctok/stm32f4xx_gpio_boctok.o
                0x00000000080088fe                GPIO_SetAF
 *fill*         0x0000000008008942        0x2 
 .text.Reset_Handler
                0x0000000008008944       0x50 obj/Release/src/stm32_libs/stm32f4xx/cmsis/startup_stm32f410xx.o
                0x0000000008008944                Reset_Handler
 .text.Default_Handler
                0x0000000008008994        0x2 obj/Release/src/stm32_libs/stm32f4xx/cmsis/startup_stm32f410xx.o
                0x0000000008008994                RTC_Alarm_IRQHandler
                0x0000000008008994                FMPI2C1_EV_IRQHandler
                0x0000000008008994                TIM1_CC_IRQHandler
                0x0000000008008994                DMA2_Stream5_IRQHandler
                0x0000000008008994                DMA1_Stream5_IRQHandler
                0x0000000008008994                PVD_IRQHandler
                0x0000000008008994                TAMP_STAMP_IRQHandler
                0x0000000008008994                EXTI3_IRQHandler
                0x0000000008008994                I2C2_EV_IRQHandler
                0x0000000008008994                DMA1_Stream2_IRQHandler
                0x0000000008008994                DMA2_Stream2_IRQHandler
                0x0000000008008994                SPI1_IRQHandler
                0x0000000008008994                TIM6_DAC_IRQHandler
                0x0000000008008994                DMA2_Stream3_IRQHandler
                0x0000000008008994                USART6_IRQHandler
                0x0000000008008994                I2C1_EV_IRQHandler
                0x0000000008008994                DMA1_Stream6_IRQHandler
                0x0000000008008994                DMA1_Stream1_IRQHandler
                0x0000000008008994                RCC_IRQHandler
                0x0000000008008994                Default_Handler
                0x0000000008008994                EXTI15_10_IRQHandler
                0x0000000008008994                DMA1_Stream7_IRQHandler
                0x0000000008008994                SPI5_IRQHandler
                0x0000000008008994                DMA2_Stream7_IRQHandler
                0x0000000008008994                EXTI9_5_IRQHandler
                0x0000000008008994                RTC_WKUP_IRQHandler
                0x0000000008008994                SPI2_IRQHandler
                0x0000000008008994                DMA1_Stream0_IRQHandler
                0x0000000008008994                FMPI2C1_ER_IRQHandler
                0x0000000008008994                EXTI4_IRQHandler
                0x0000000008008994                RNG_IRQHandler
                0x0000000008008994                TIM1_UP_IRQHandler
                0x0000000008008994                TIM1_TRG_COM_TIM11_IRQHandler
                0x0000000008008994                USART2_IRQHandler
                0x0000000008008994                I2C2_ER_IRQHandler
                0x0000000008008994                DMA2_Stream1_IRQHandler
                0x0000000008008994                FLASH_IRQHandler
                0x0000000008008994                DMA2_Stream4_IRQHandler
                0x0000000008008994                DMA1_Stream4_IRQHandler
                0x0000000008008994                I2C1_ER_IRQHandler
                0x0000000008008994                LPTIM1_IRQHandler
                0x0000000008008994                DMA2_Stream6_IRQHandler
                0x0000000008008994                DMA1_Stream3_IRQHandler
 .text._init    0x0000000008008996        0x2 obj/Release/src/stm32_libs/stm32f4xx/cmsis/system_hse100_stm32f410.o
                0x0000000008008996                _init
 .text.SystemInit
                0x0000000008008998       0xf0 obj/Release/src/stm32_libs/stm32f4xx/cmsis/system_hse100_stm32f410.o
                0x0000000008008998                SystemInit
 .text.NVIC_PriorityGroupConfig
                0x0000000008008a88       0x14 obj/Release/src/stm32_libs/stm32f4xx/spl/misc.o
                0x0000000008008a88                NVIC_PriorityGroupConfig
 .text.DMA_Init
                0x0000000008008a9c       0x54 obj/Release/src/stm32_libs/stm32f4xx/spl/stm32f4xx_dma.o
                0x0000000008008a9c                DMA_Init
 .text.DMA_StructInit
                0x0000000008008af0       0x22 obj/Release/src/stm32_libs/stm32f4xx/spl/stm32f4xx_dma.o
                0x0000000008008af0                DMA_StructInit
 *fill*         0x0000000008008b12        0x2 
 .text.I2C_Init
                0x0000000008008b14       0xc8 obj/Release/src/stm32_libs/stm32f4xx/spl/stm32f4xx_i2c.o
                0x0000000008008b14                I2C_Init
 .text.I2C_Cmd  0x0000000008008bdc       0x16 obj/Release/src/stm32_libs/stm32f4xx/spl/stm32f4xx_i2c.o
                0x0000000008008bdc                I2C_Cmd
 .text.I2C_GenerateSTART
                0x0000000008008bf2       0x16 obj/Release/src/stm32_libs/stm32f4xx/spl/stm32f4xx_i2c.o
                0x0000000008008bf2                I2C_GenerateSTART
 .text.I2C_GenerateSTOP
                0x0000000008008c08       0x16 obj/Release/src/stm32_libs/stm32f4xx/spl/stm32f4xx_i2c.o
                0x0000000008008c08                I2C_GenerateSTOP
 .text.I2C_Send7bitAddress
                0x0000000008008c1e       0x12 obj/Release/src/stm32_libs/stm32f4xx/spl/stm32f4xx_i2c.o
                0x0000000008008c1e                I2C_Send7bitAddress
 .text.I2C_AcknowledgeConfig
                0x0000000008008c30       0x16 obj/Release/src/stm32_libs/stm32f4xx/spl/stm32f4xx_i2c.o
                0x0000000008008c30                I2C_AcknowledgeConfig
 .text.I2C_SendData
                0x0000000008008c46        0x4 obj/Release/src/stm32_libs/stm32f4xx/spl/stm32f4xx_i2c.o
                0x0000000008008c46                I2C_SendData
 .text.I2C_ReceiveData
                0x0000000008008c4a        0x6 obj/Release/src/stm32_libs/stm32f4xx/spl/stm32f4xx_i2c.o
                0x0000000008008c4a                I2C_ReceiveData
 .text.I2C_CheckEvent
                0x0000000008008c50       0x16 obj/Release/src/stm32_libs/stm32f4xx/spl/stm32f4xx_i2c.o
                0x0000000008008c50                I2C_CheckEvent
 .text.I2C_GetFlagStatus
                0x0000000008008c66       0x34 obj/Release/src/stm32_libs/stm32f4xx/spl/stm32f4xx_i2c.o
                0x0000000008008c66                I2C_GetFlagStatus
 .text.I2C_ClearFlag
                0x0000000008008c9a        0x8 obj/Release/src/stm32_libs/stm32f4xx/spl/stm32f4xx_i2c.o
                0x0000000008008c9a                I2C_ClearFlag
 *fill*         0x0000000008008ca2        0x2 
 .text.RCC_GetClocksFreq
                0x0000000008008ca4       0x88 obj/Release/src/stm32_libs/stm32f4xx/spl/stm32f4xx_rcc.o
                0x0000000008008ca4                RCC_GetClocksFreq
 .text.USART_Init
                0x0000000008008d2c       0xb0 obj/Release/src/stm32_libs/stm32f4xx/spl/stm32f4xx_usart.o
                0x0000000008008d2c                USART_Init
 .text.USART_Cmd
                0x0000000008008ddc       0x16 obj/Release/src/stm32_libs/stm32f4xx/spl/stm32f4xx_usart.o
                0x0000000008008ddc                USART_Cmd
 .text.USART_ReceiveData
                0x0000000008008df2        0x8 obj/Release/src/stm32_libs/stm32f4xx/spl/stm32f4xx_usart.o
                0x0000000008008df2                USART_ReceiveData
 .text.USART_ITConfig
                0x0000000008008dfa       0x32 obj/Release/src/stm32_libs/stm32f4xx/spl/stm32f4xx_usart.o
                0x0000000008008dfa                USART_ITConfig
 .text.Eeprom_init
                0x0000000008008e2c       0xa0 obj/Release/src/storage/eeprom.o
                0x0000000008008e2c                Eeprom_init
 .text.eeprom_wait
                0x0000000008008ecc       0xb0 obj/Release/src/storage/eeprom.o
                0x0000000008008ecc                eeprom_wait
 .text.eeprom_write_byte
                0x0000000008008f7c      0x104 obj/Release/src/storage/eeprom.o
                0x0000000008008f7c                eeprom_write_byte
 .text.eeprom_read_byte
                0x0000000008009080      0x188 obj/Release/src/storage/eeprom.o
                0x0000000008009080                eeprom_read_byte
 .text.eeprom_update_byte
                0x0000000008009208       0x58 obj/Release/src/storage/eeprom.o
                0x0000000008009208                eeprom_update_byte
 .text.Eeprom_load_data
                0x0000000008009260       0x40 obj/Release/src/storage/eeprom.o
                0x0000000008009260                Eeprom_load_data
 .text.Eeprom_update_data
                0x00000000080092a0       0x38 obj/Release/src/storage/eeprom.o
                0x00000000080092a0                Eeprom_update_data
 .text.getValue_t2D
                0x00000000080092d8       0xbc obj/Release/src/storage/table.o
                0x00000000080092d8                getValue_t2D
 .text.getValue_t3D
                0x0000000008009394      0x304 obj/Release/src/storage/table.o
                0x0000000008009394                getValue_t3D
 .text.load_t2D_data
                0x0000000008009698        0xc obj/Release/src/storage/table.o
                0x0000000008009698                load_t2D_data
 .text.load_t2D
                0x00000000080096a4        0xe obj/Release/src/storage/table.o
                0x00000000080096a4                load_t2D
 .text.load_t3D_data
                0x00000000080096b2        0xe obj/Release/src/storage/table.o
                0x00000000080096b2                load_t3D_data
 .text.store_t2D_data
                0x00000000080096c0        0xc obj/Release/src/storage/table.o
                0x00000000080096c0                store_t2D_data
 .text.store_t2D
                0x00000000080096cc        0xe obj/Release/src/storage/table.o
                0x00000000080096cc                store_t2D
 .text.store_t3D_data
                0x00000000080096da        0xe obj/Release/src/storage/table.o
                0x00000000080096da                store_t3D_data
 .text.show_t3D_data
                0x00000000080096e8       0xa4 obj/Release/src/storage/table.o
                0x00000000080096e8                show_t3D_data
 .text.show_t2D_data
                0x000000000800978c       0x64 obj/Release/src/storage/table.o
                0x000000000800978c                show_t2D_data
 .text.modify_t2D_data
                0x00000000080097f0        0xe obj/Release/src/storage/table.o
                0x00000000080097f0                modify_t2D_data
 .text.modify_t3D_data
                0x00000000080097fe       0x10 obj/Release/src/storage/table.o
                0x00000000080097fe                modify_t3D_data
 .text.send_t2D_data
                0x000000000800980e        0x6 obj/Release/src/storage/table.o
                0x000000000800980e                send_t2D_data
 .text.send_t3D_data
                0x0000000008009814        0x8 obj/Release/src/storage/table.o
                0x0000000008009814                send_t3D_data
 .text.allocate_timer_channel_1
                0x000000000800981c       0x3c obj/Release/src/timing/scheduler.o
                0x000000000800981c                allocate_timer_channel_1
 .text.reset_timer_channel_1
                0x0000000008009858       0x30 obj/Release/src/timing/scheduler.o
                0x0000000008009858                reset_timer_channel_1
 .text.allocate_timer_channel_2
                0x0000000008009888       0x3c obj/Release/src/timing/scheduler.o
                0x0000000008009888                allocate_timer_channel_2
 .text.reset_timer_channel_2
                0x00000000080098c4       0x30 obj/Release/src/timing/scheduler.o
                0x00000000080098c4                reset_timer_channel_2
 .text.allocate_timer_channel_3
                0x00000000080098f4       0x3c obj/Release/src/timing/scheduler.o
                0x00000000080098f4                allocate_timer_channel_3
 .text.reset_timer_channel_3
                0x0000000008009930       0x30 obj/Release/src/timing/scheduler.o
                0x0000000008009930                reset_timer_channel_3
 .text.allocate_timer_channel_4
                0x0000000008009960       0x3c obj/Release/src/timing/scheduler.o
                0x0000000008009960                allocate_timer_channel_4
 .text.reset_timer_channel_4
                0x000000000800999c       0x30 obj/Release/src/timing/scheduler.o
                0x000000000800999c                reset_timer_channel_4
 .text.init_Vital_Scheduler
                0x00000000080099cc       0xd0 obj/Release/src/timing/scheduler.o
                0x00000000080099cc                init_Vital_Scheduler
 .text.scheduler_reset_channel
                0x0000000008009a9c       0x5c obj/Release/src/timing/scheduler.o
                0x0000000008009a9c                scheduler_reset_channel
 .text.allocate_channel
                0x0000000008009af8       0x8c obj/Release/src/timing/scheduler.o
                0x0000000008009af8                allocate_channel
 .text.scheduler_set_channel
                0x0000000008009b84      0x108 obj/Release/src/timing/scheduler.o
                0x0000000008009b84                scheduler_set_channel
 .text.TIM5_IRQHandler
                0x0000000008009c8c      0x128 obj/Release/src/timing/scheduler.o
                0x0000000008009c8c                TIM5_IRQHandler
 .text.scheduler_diag_log_event
                0x0000000008009db4       0x28 obj/Release/src/timing/scheduler_diag.o
                0x0000000008009db4                scheduler_diag_log_event
 .text.print_scheduler_diag
                0x0000000008009ddc       0x68 obj/Release/src/timing/scheduler_diag.o
                0x0000000008009ddc                print_scheduler_diag
 .text.init_systick_timer
                0x0000000008009e44       0x24 obj/Release/src/timing/systick_timer.o
                0x0000000008009e44                init_systick_timer
 .text.get_timestamp_fraction_us
                0x0000000008009e68       0x24 obj/Release/src/timing/systick_timer.o
                0x0000000008009e68                get_timestamp_fraction_us
 .text.SysTick_Handler
                0x0000000008009e8c       0xf4 obj/Release/src/timing/systick_timer.o
                0x0000000008009e8c                SysTick_Handler
 .text.calc_rot_duration_us
                0x0000000008009f80        0xc obj/Release/src/utils/base_calc.o
                0x0000000008009f80                calc_rot_duration_us
 .text.calc_rot_angle_deg
                0x0000000008009f8c       0x20 obj/Release/src/utils/base_calc.o
                0x0000000008009f8c                calc_rot_angle_deg
 .text.calc_rpm
                0x0000000008009fac       0x20 obj/Release/src/utils/base_calc.o
                0x0000000008009fac                calc_rpm
 .text.sub_VU32
                0x0000000008009fcc       0x14 obj/Release/src/utils/base_calc.o
                0x0000000008009fcc                sub_VU32
 .text.subtract_U32
                0x0000000008009fe0        0xa obj/Release/src/utils/base_calc.o
                0x0000000008009fe0                subtract_U32
 .text.divide_U32
                0x0000000008009fea       0x18 obj/Release/src/utils/base_calc.o
                0x0000000008009fea                divide_U32
 *fill*         0x000000000800a002        0x2 
 .text.divide_F32
                0x000000000800a004       0x2c obj/Release/src/utils/base_calc.o
                0x000000000800a004                divide_F32
 .text.divide_float
                0x000000000800a030       0x28 obj/Release/src/utils/base_calc.o
                0x000000000800a030                divide_float
 .text.crank_position_after
                0x000000000800a058       0x14 obj/Release/src/utils/base_calc.o
                0x000000000800a058                crank_position_after
 .text.opposite_phase
                0x000000000800a06c       0x10 obj/Release/src/utils/base_calc.o
                0x000000000800a06c                opposite_phase
 .text.solve_linear
                0x000000000800a07c       0x48 obj/Release/src/utils/base_calc.o