Archive member included to satisfy reference by file (symbol)

/opt/gcc-arm-none-eabi-7-2017-q4-major/bin/../lib/gcc/arm-none-eabi/7.2.1/../../../../arm-none-eabi/lib/thumb/v7e-m/fpv4-sp/hard/libc.a(lib_a-init.o)
                              obj/Debug/src/stm32_libs/stm32f4xx/cmsis/startup_stm32f410xx.o (__libc_init_array)

Discarded input sections

 .group         0x0000000000000000        0xc obj/Debug/src/actors/act_hw.o
 .group         0x0000000000000000        0xc obj/Debug/src/actors/act_hw.o
 .group         0x0000000000000000        0xc obj/Debug/src/actors/act_hw.o
 .group         0x0000000000000000        0xc obj/Debug/src/actors/act_hw.o
 .group         0x0000000000000000        0xc obj/Debug/src/actors/act_hw.o
 .group         0x0000000000000000        0xc obj/Debug/src/actors/act_hw.o
 .group         0x0000000000000000        0xc obj/Debug/src/actors/act_hw.o
 .group         0x0000000000000000        0xc obj/Debug/src/actors/act_hw.o
 .group         0x0000000000000000        0xc obj/Debug/src/actors/act_hw.o
 .group         0x0000000000000000        0xc obj/Debug/src/actors/act_hw.o
 .group         0x0000000000000000        0xc obj/Debug/src/actors/act_hw.o
 .group         0x0000000000000000        0xc obj/Debug/src/actors/act_hw.o
 .group         0x0000000000000000        0xc obj/Debug/src/actors/act_hw.o
 .group         0x0000000000000000        0xc obj/Debug/src/actors/act_hw.o
 .group         0x0000000000000000        0xc obj/Debug/src/actors/act_hw.o
 .group         0x0000000000000000        0xc obj/Debug/src/actors/act_hw.o
 .group         0x0000000000000000        0xc obj/Debug/src/actors/act_hw.o
 .group         0x0000000000000000        0xc obj/Debug/src/actors/act_hw.o
 .group         0x0000000000000000        0xc obj/Debug/src/actors/act_hw.o
 .group         0x0000000000000000        0xc obj/Debug/src/actors/act_hw.o
 .group         0x0000000000000000        0xc obj/Debug/src/actors/act_hw.o
 .group         0x0000000000000000        0xc obj/Debug/src/actors/act_hw.o
 .group         0x0000000000000000        0xc obj/Debug/src/actors/act_hw.o
 .group         0x0000000000000000        0xc obj/Debug/src/actors/act_hw.o
 .group         0x0000000000000000        0xc obj/Debug/src/actors/act_hw.o
 .group         0x0000000000000000        0xc obj/Debug/src/actors/act_hw.o
 .group         0x0000000000000000        0xc obj/Debug/src/actors/act_hw.o
 .group         0x0000000000000000        0xc obj/Debug/src/actors/act_hw.o
 .group         0x0000000000000000        0xc obj/Debug/src/actors/act_hw.o
 .group         0x0000000000000000        0xc obj/Debug/src/actors/act_hw.o
 .group         0x0000000000000000        0xc obj/Debug/src/actors/act_hw.o
 .group         0x0000000000000000        0xc obj/Debug/src/actors/act_hw.o
 .group         0x0000000000000000        0xc obj/Debug/src/actors/act_hw.o
 .group         0x0000000000000000        0xc obj/Debug/src/actors/act_hw.o
 .group         0x0000000000000000        0xc obj/Debug/src/actors/act_hw.o
 .group         0x0000000000000000        0xc obj/Debug/src/actors/act_hw.o
 .group         0x0000000000000000        0xc obj/Debug/src/actors/act_hw.o
 .group         0x0000000000000000        0xc obj/Debug/src/actors/act_hw.o
 .group         0x0000000000000000        0xc obj/Debug/src/actors/act_hw.o
 .group         0x0000000000000000        0xc obj/Debug/src/actors/act_hw.o
 .group         0x0000000000000000        0xc obj/Debug/src/actors/act_hw.o
 .group         0x0000000000000000        0xc obj/Debug/src/actors/act_hw.o
 .group         0x0000000000000000        0xc obj/Debug/src/actors/act_hw.o
 .group         0x0000000000000000        0xc obj/Debug/src/actors/act_hw.o
 .group         0x0000000000000000        0xc obj/Debug/src/actors/act_hw.o
 .group         0x0000000000000000        0xc obj/Debug/src/actors/act_hw.o
 .group         0x0000000000000000        0xc obj/Debug/src/actors/act_hw.o
 .group         0x0000000000000000        0xc obj/Debug/src/actors/act_hw.o
 .group         0x0000000000000000        0xc obj/Debug/src/actors/act_hw.o
 .group         0x0000000000000000        0xc obj/Debug/src/actors/act_hw.o
 .group         0x0000000000000000        0xc obj/Debug/src/actors/act_hw.o
 .group         0x0000000000000000        0xc obj/Debug/src/actors/act_hw.o
 .group         0x0000000000000000        0xc obj/Debug/src/actors/act_hw.o
 .group         0x0000000000000000        0xc obj/Debug/src/actors/act_hw.o
 .text          0x0000000000000000        0x0 obj/Debug/src/actors/act_hw.o
 .data          0x0000000000000000        0x0 obj/Debug/src/actors/act_hw.o
 .bss           0x0000000000000000        0x0 obj/Debug/src/actors/act_hw.o
 .text.set_act1
                0x0000000000000000       0x34 obj/Debug/src/actors/act_hw.o
 .text.set_act2
                0x0000000000000000       0x34 obj/Debug/src/actors/act_hw.o
 .text.init_act_hw
                0x0000000000000000       0x54 obj/Debug/src/actors/act_hw.o
[...]
Memory Configuration

Name             Origin             Length             Attributes
FLASH            0x0000000008000000 0x0000000000020000 xr
RAM              0x0000000020000000 0x0000000000008000 xrw
MEMORY_B1        0x0000000060000000 0x0000000000000000 xr
*default*        0x0000000000000000 0xffffffffffffffff

Linker script and memory map

LOAD obj/Debug/src/actors/act_hw.o
LOAD obj/Debug/src/actors/act_logic.o
LOAD obj/Debug/src/com/serial_monitor.o
LOAD obj/Debug/src/com/Tuareg_console.o
LOAD obj/Debug/src/com/TunerStudio.o
LOAD obj/Debug/src/com/TunerStudio_outChannel.o
LOAD obj/Debug/src/com/TunerStudio_service.o
LOAD obj/Debug/src/com/uart.o
LOAD obj/Debug/src/com/uart_printf.o
LOAD obj/Debug/src/dash/dash_hw.o
LOAD obj/Debug/src/dash/dash_logic.o
LOAD obj/Debug/src/debug/debug.o
LOAD obj/Debug/src/debug/debug_port_messages.o
LOAD obj/Debug/src/debug/dwt.o
LOAD obj/Debug/src/decoder/decoder_cis.o
LOAD obj/Debug/src/decoder/decoder_config.o
LOAD obj/Debug/src/decoder/decoder_debug.o
LOAD obj/Debug/src/decoder/decoder_diag.o
LOAD obj/Debug/src/decoder/decoder_hw.o
LOAD obj/Debug/src/decoder/decoder_logic.o
LOAD obj/Debug/src/decoder/Tuareg_decoder.o
LOAD obj/Debug/src/diagnostics/diagnostics.o
LOAD obj/Debug/src/diagnostics/fault_log.o
LOAD obj/Debug/src/diagnostics/highspeed_loggers.o
LOAD obj/Debug/src/diagnostics/syslog.o
LOAD obj/Debug/src/fueling/fueling_config.o
LOAD obj/Debug/src/fueling/fueling_diag.o
LOAD obj/Debug/src/fueling/fueling_hw.o
LOAD obj/Debug/src/fueling/fueling_logic.o
LOAD obj/Debug/src/fueling/Tuareg_fueling.o
LOAD obj/Debug/src/fueling/Tuareg_fueling_controls.o
LOAD obj/Debug/src/ignition/ignition_config.o
LOAD obj/Debug/src/ignition/ignition_diag.o
LOAD obj/Debug/src/ignition/ignition_hw.o
LOAD obj/Debug/src/ignition/Tuareg_ignition.o
LOAD obj/Debug/src/ignition/Tuareg_ignition_controls.o
LOAD obj/Debug/src/main/main.o
LOAD obj/Debug/src/main/Tuareg.o
LOAD obj/Debug/src/main/Tuareg_config.o
LOAD obj/Debug/src/main/Tuareg_diag.o
LOAD obj/Debug/src/main/Tuareg_errors.o
LOAD obj/Debug/src/main/Tuareg_ID.o
LOAD obj/Debug/src/main/Tuareg_process_data.o
LOAD obj/Debug/src/main/Tuareg_service_functions.o
LOAD obj/Debug/src/main/Tuareg_types.o
LOAD obj/Debug/src/module_test/module_test.o
LOAD obj/Debug/src/process_table/process_table.o
LOAD obj/Debug/src/sensors/analog_sensors.o
LOAD obj/Debug/src/sensors/digital_sensors.o
LOAD obj/Debug/src/sensors/knock_sensor.o
LOAD obj/Debug/src/sensors/sensor_calibration.o
LOAD obj/Debug/src/sensors/sensors_diag.o
LOAD obj/Debug/src/sensors/Tuareg_sensors.o
LOAD obj/Debug/src/stm32_libs/stm32f4xx/boctok/stm32f4xx_adc.o
LOAD obj/Debug/src/stm32_libs/stm32f4xx/boctok/stm32f4xx_fault_handler.o
LOAD obj/Debug/src/stm32_libs/stm32f4xx/boctok/stm32f4xx_gpio.o
LOAD obj/Debug/src/stm32_libs/stm32f4xx/cmsis/startup_stm32f410xx.o
LOAD obj/Debug/src/stm32_libs/stm32f4xx/cmsis/system_hse100_stm32f410.o
LOAD obj/Debug/src/stm32_libs/stm32f4xx/spl/misc.o
LOAD obj/Debug/src/stm32_libs/stm32f4xx/spl/stm32f4xx_dma.o
LOAD obj/Debug/src/stm32_libs/stm32f4xx/spl/stm32f4xx_i2c.o
LOAD obj/Debug/src/stm32_libs/stm32f4xx/spl/stm32f4xx_rcc.o
LOAD obj/Debug/src/stm32_libs/stm32f4xx/spl/stm32f4xx_usart.o
LOAD obj/Debug/src/storage/eeprom.o
LOAD obj/Debug/src/storage/table.o
LOAD obj/Debug/src/timing/lowprio_scheduler.o
LOAD obj/Debug/src/timing/scheduler.o
LOAD obj/Debug/src/timing/scheduler_diag.o
LOAD obj/Debug/src/timing/systick_timer.o
LOAD obj/Debug/src/utils/base_calc.o
LOAD obj/Debug/src/utils/bitfields.o
LOAD obj/Debug/src/utils/conversion.o
                0x0000000020008000                _estack = 0x20008000
                0x0000000000000000                _Min_Heap_Size = 0x0
                0x0000000000000100                _Min_Stack_Size = 0x100

.isr_vector     0x0000000008000000      0x1c8
                0x0000000008000000                . = ALIGN (0x4)
 *(.isr_vector)
 .isr_vector    0x0000000008000000      0x1c8 obj/Debug/src/stm32_libs/stm32f4xx/cmsis/startup_stm32f410xx.o
                0x0000000008000000                g_pfnVectors
                0x00000000080001c8                . = ALIGN (0x4)

.text           0x00000000080001c8    0x10e34
                0x00000000080001c8                . = ALIGN (0x4)
 *(.text)
 *(.text*)
 .text.Tuareg_update_console
                0x00000000080001c8      0x4cc obj/Debug/src/com/Tuareg_console.o
                0x00000000080001c8                Tuareg_update_console
 .text.cli_showPage
                0x0000000008000694      0x1a0 obj/Debug/src/com/Tuareg_console.o
                0x0000000008000694                cli_showPage
 .text.cli_checkPermissions
                0x0000000008000834      0x1a4 obj/Debug/src/com/Tuareg_console.o
                0x0000000008000834                cli_checkPermissions
 .text.cli_show_help
                0x00000000080009d8      0x11c obj/Debug/src/com/Tuareg_console.o
                0x00000000080009d8                cli_show_help
 .text.cli_cyclic_update
                0x0000000008000af4       0x20 obj/Debug/src/com/Tuareg_console.o
                0x0000000008000af4                cli_cyclic_update
 .text.Tuareg_init_console
                0x0000000008000b14       0x18 obj/Debug/src/com/Tuareg_console.o
                0x0000000008000b14                Tuareg_init_console
 .text.ts_readPage
                0x0000000008000b2c      0x114 obj/Debug/src/com/TunerStudio.o
                0x0000000008000b2c                ts_readPage
 .text.ts_valueWrite
                0x0000000008000c40      0x334 obj/Debug/src/com/TunerStudio.o
                0x0000000008000c40                ts_valueWrite
 .text.ts_burnPage
                0x0000000008000f74      0x12c obj/Debug/src/com/TunerStudio.o
                0x0000000008000f74                ts_burnPage
 .text.ts_sendOutputChannels
                0x00000000080010a0      0x1e4 obj/Debug/src/com/TunerStudio_outChannel.o
                0x00000000080010a0                ts_sendOutputChannels
 .text.ts_tuareg_bits
                0x0000000008001284      0x27c obj/Debug/src/com/TunerStudio_outChannel.o
                0x0000000008001284                ts_tuareg_bits
 .text.NVIC_SystemReset
                0x0000000008001500       0x24 obj/Debug/src/com/TunerStudio_service.o
 .text.ts_debug_features
                0x0000000008001524       0xe4 obj/Debug/src/com/TunerStudio_service.o
                0x0000000008001524                ts_debug_features
 .text.ts_debug_info
                0x0000000008001608      0x104 obj/Debug/src/com/TunerStudio_service.o
                0x0000000008001608                ts_debug_info
 .text.cli_show_process_data
                0x000000000800170c       0xd4 obj/Debug/src/com/TunerStudio_service.o
                0x000000000800170c                cli_show_process_data
 .text.cli_show_ignition_controls
                0x00000000080017e0      0x15c obj/Debug/src/com/TunerStudio_service.o
                0x00000000080017e0                cli_show_ignition_controls
 .text.cli_show_decoder_interface
                0x000000000800193c      0x180 obj/Debug/src/com/TunerStudio_service.o
                0x000000000800193c                cli_show_decoder_interface
 .text.cli_print_sensor_data
                0x0000000008001abc      0x294 obj/Debug/src/com/TunerStudio_service.o
                0x0000000008001abc                cli_print_sensor_data
 .text.NVIC_EnableIRQ
                0x0000000008001d50       0x2c obj/Debug/src/com/uart.o
 .text.NVIC_SetPriority
                0x0000000008001d7c       0x50 obj/Debug/src/com/uart.o
 .text.UART_TS_PORT_Init
                0x0000000008001dcc       0xc8 obj/Debug/src/com/uart.o
                0x0000000008001dcc                UART_TS_PORT_Init
 .text.UART_DEBUG_PORT_Init
                0x0000000008001e94       0x84 obj/Debug/src/com/uart.o
                0x0000000008001e94                UART_DEBUG_PORT_Init
 .text.UART_Tx  0x0000000008001f18       0x44 obj/Debug/src/com/uart.o
                0x0000000008001f18                UART_Tx
 .text.UART_Tx_n
                0x0000000008001f5c       0x36 obj/Debug/src/com/uart.o
                0x0000000008001f5c                UART_Tx_n
 *fill*         0x0000000008001f92        0x2 
 .text.UART_TS_PORT_NEXT_LINE
                0x0000000008001f94       0x24 obj/Debug/src/com/uart.o
                0x0000000008001f94                UART_TS_PORT_NEXT_LINE
 .text.UART_TS_PORT_reset_char_count
                0x0000000008001fb8       0x10 obj/Debug/src/com/uart.o
                0x0000000008001fb8                UART_TS_PORT_reset_char_count
 .text.UART_TS_PORT_get_char_count
                0x0000000008001fc8        0xc obj/Debug/src/com/uart.o
                0x0000000008001fc8                UART_TS_PORT_get_char_count
 .text.UART_available
                0x0000000008001fd4        0xc obj/Debug/src/com/uart.o
                0x0000000008001fd4                UART_available
 .text.UART_getRX
                0x0000000008001fe0       0x28 obj/Debug/src/com/uart.o
                0x0000000008001fe0                UART_getRX
 .text.serial_buffer_push
                0x0000000008002008       0x58 obj/Debug/src/com/uart.o
                0x0000000008002008                serial_buffer_push
 .text.serial_buffer_pull
                0x0000000008002060       0x56 obj/Debug/src/com/uart.o
                0x0000000008002060                serial_buffer_pull
 .text.UART_send_data
                0x00000000080020b6       0x3e obj/Debug/src/com/uart.o
                0x00000000080020b6                UART_send_data
 .text.USART1_IRQHandler
                0x00000000080020f4       0x48 obj/Debug/src/com/uart.o
                0x00000000080020f4                USART1_IRQHandler
 .text.printf_U
                0x000000000800213c      0x254 obj/Debug/src/com/uart_printf.o
                0x000000000800213c                printf_U
 .text.printf_F32
                0x0000000008002390      0x18c obj/Debug/src/com/uart_printf.o
                0x0000000008002390                printf_F32
 .text.printf_nib_hex
                0x000000000800251c       0x28 obj/Debug/src/com/uart_printf.o
                0x000000000800251c                printf_nib_hex
 .text.printf_U32hex
                0x0000000008002544       0x50 obj/Debug/src/com/uart_printf.o
                0x0000000008002544                printf_U32hex
 .text.printf_crkpos
                0x0000000008002594       0xc4 obj/Debug/src/com/uart_printf.o
                0x0000000008002594                printf_crkpos
 .text.printf_phase
                0x0000000008002658       0x54 obj/Debug/src/com/uart_printf.o
                0x0000000008002658                printf_phase
 .text.printf_decoder_sensing
                0x00000000080026ac       0x94 obj/Debug/src/com/uart_printf.o
                0x00000000080026ac                printf_decoder_sensing
 .text.print    0x0000000008002740       0x2c obj/Debug/src/com/uart_printf.o
                0x0000000008002740                print
 .text.print_flash
                0x000000000800276c       0x2c obj/Debug/src/com/uart_printf.o
                0x000000000800276c                print_flash
 .text.set_tachometer
                0x0000000008002798       0x48 obj/Debug/src/dash/dash_hw.o
                0x0000000008002798                set_tachometer
 .text.set_mil  0x00000000080027e0       0x64 obj/Debug/src/dash/dash_hw.o
                0x00000000080027e0                set_mil
 .text.init_dash_hw
                0x0000000008002844       0x54 obj/Debug/src/dash/dash_hw.o
                0x0000000008002844                init_dash_hw
 .text.init_dash
                0x0000000008002898       0x16 obj/Debug/src/dash/dash_logic.o
                0x0000000008002898                init_dash
 .text.dash_set_tachometer
                0x00000000080028ae        0xe obj/Debug/src/dash/dash_logic.o
                0x00000000080028ae                dash_set_tachometer
 .text.dash_set_mil
                0x00000000080028bc       0x38 obj/Debug/src/dash/dash_logic.o
                0x00000000080028bc                dash_set_mil
 .text.DebugMsg_Error
                0x00000000080028f4       0x28 obj/Debug/src/debug/debug_port_messages.o
                0x00000000080028f4                DebugMsg_Error
 .text.DebugMsg_Warning
                0x000000000800291c       0x28 obj/Debug/src/debug/debug_port_messages.o
                0x000000000800291c                DebugMsg_Warning
 .text.DebugMsg_Info
                0x0000000008002944       0x28 obj/Debug/src/debug/debug_port_messages.o
                0x0000000008002944                DebugMsg_Info
 .text.decoder_update_cis
                0x000000000800296c      0x234 obj/Debug/src/decoder/decoder_cis.o
                0x000000000800296c                decoder_update_cis
 .text.decoder_cis_handler
                0x0000000008002ba0       0xcc obj/Debug/src/decoder/decoder_cis.o
                0x0000000008002ba0                decoder_cis_handler
 .text.decoder_cis_noisefilter_handler
                0x0000000008002c6c        0xa obj/Debug/src/decoder/decoder_cis.o
                0x0000000008002c6c                decoder_cis_noisefilter_handler
 *fill*         0x0000000008002c76        0x2 
 .text.enable_cis
                0x0000000008002c78       0x54 obj/Debug/src/decoder/decoder_cis.o
                0x0000000008002c78                enable_cis
 .text.disable_cis
                0x0000000008002ccc        0xe obj/Debug/src/decoder/decoder_cis.o
                0x0000000008002ccc                disable_cis
 *fill*         0x0000000008002cda        0x2 
 .text.load_Decoder_Setup
                0x0000000008002cdc       0x20 obj/Debug/src/decoder/decoder_config.o
                0x0000000008002cdc                load_Decoder_Setup
 .text.load_essential_Decoder_Setup
                0x0000000008002cfc       0x64 obj/Debug/src/decoder/decoder_config.o
                0x0000000008002cfc                load_essential_Decoder_Setup
 .text.store_Decoder_Setup
                0x0000000008002d60       0x1c obj/Debug/src/decoder/decoder_config.o
                0x0000000008002d60                store_Decoder_Setup
 .text.show_Decoder_Setup
                0x0000000008002d7c      0x1b4 obj/Debug/src/decoder/decoder_config.o
                0x0000000008002d7c                show_Decoder_Setup
 .text.modify_Decoder_Setup
                0x0000000008002f30       0x2c obj/Debug/src/decoder/decoder_config.o
                0x0000000008002f30                modify_Decoder_Setup
 .text.send_Decoder_Setup
                0x0000000008002f5c       0x20 obj/Debug/src/decoder/decoder_config.o
                0x0000000008002f5c                send_Decoder_Setup
 .text.decoder_diag_log_event
                0x0000000008002f7c       0x44 obj/Debug/src/decoder/decoder_diag.o
                0x0000000008002f7c                decoder_diag_log_event
 .text.print_decoder_diag
                0x0000000008002fc0       0x84 obj/Debug/src/decoder/decoder_diag.o
                0x0000000008002fc0                print_decoder_diag
 .text.NVIC_EnableIRQ
                0x0000000008003044       0x2c obj/Debug/src/decoder/decoder_hw.o
 .text.NVIC_DisableIRQ
                0x0000000008003070       0x30 obj/Debug/src/decoder/decoder_hw.o
 .text.NVIC_ClearPendingIRQ
                0x00000000080030a0       0x30 obj/Debug/src/decoder/decoder_hw.o
 .text.NVIC_SetPriority
                0x00000000080030d0       0x50 obj/Debug/src/decoder/decoder_hw.o
 .text.decoder_start_timer
                0x0000000008003120       0x84 obj/Debug/src/decoder/decoder_hw.o
                0x0000000008003120                decoder_start_timer
 .text.decoder_set_timer_prescaler
                0x00000000080031a4       0x38 obj/Debug/src/decoder/decoder_hw.o
                0x00000000080031a4                decoder_set_timer_prescaler
 .text.decoder_stop_timer
                0x00000000080031dc       0x24 obj/Debug/src/decoder/decoder_hw.o
                0x00000000080031dc                decoder_stop_timer
 .text.update_crank_noisefilter
                0x0000000008003200       0x54 obj/Debug/src/decoder/decoder_hw.o
                0x0000000008003200                update_crank_noisefilter
 .text.update_cam_noisefilter
                0x0000000008003254       0x54 obj/Debug/src/decoder/decoder_hw.o
                0x0000000008003254                update_cam_noisefilter
 .text.decoder_mask_crank_irq
                0x00000000080032a8       0x14 obj/Debug/src/decoder/decoder_hw.o
                0x00000000080032a8                decoder_mask_crank_irq
 .text.decoder_unmask_crank_irq
                0x00000000080032bc       0x1c obj/Debug/src/decoder/decoder_hw.o
                0x00000000080032bc                decoder_unmask_crank_irq
 .text.decoder_mask_cis_irq
                0x00000000080032d8       0x14 obj/Debug/src/decoder/decoder_hw.o
                0x00000000080032d8                decoder_mask_cis_irq
 .text.decoder_unmask_cis_irq
                0x00000000080032ec       0x1c obj/Debug/src/decoder/decoder_hw.o
                0x00000000080032ec                decoder_unmask_cis_irq
 .text.set_crank_pickup_sensing_rise
                0x0000000008003308       0x2c obj/Debug/src/decoder/decoder_hw.o
                0x0000000008003308                set_crank_pickup_sensing_rise
 .text.set_crank_pickup_sensing_fall
                0x0000000008003334       0x2c obj/Debug/src/decoder/decoder_hw.o
                0x0000000008003334                set_crank_pickup_sensing_fall
 .text.set_crank_pickup_sensing_disabled
                0x0000000008003360       0x2c obj/Debug/src/decoder/decoder_hw.o
                0x0000000008003360                set_crank_pickup_sensing_disabled
 .text.set_cis_sensing_rise
                0x000000000800338c       0x2c obj/Debug/src/decoder/decoder_hw.o
                0x000000000800338c                set_cis_sensing_rise
 .text.set_cis_sensing_fall
                0x00000000080033b8       0x2c obj/Debug/src/decoder/decoder_hw.o
                0x00000000080033b8                set_cis_sensing_fall
 .text.set_cis_sensing_disabled
                0x00000000080033e4       0x2c obj/Debug/src/decoder/decoder_hw.o
                0x00000000080033e4                set_cis_sensing_disabled
 .text.decoder_set_crank_pickup_sensing
                0x0000000008003410       0x64 obj/Debug/src/decoder/decoder_hw.o
                0x0000000008003410                decoder_set_crank_pickup_sensing
 .text.decoder_set_cis_sensing
                0x0000000008003474       0x64 obj/Debug/src/decoder/decoder_hw.o
                0x0000000008003474                decoder_set_cis_sensing
 .text.trigger_decoder_irq
                0x00000000080034d8       0x18 obj/Debug/src/decoder/decoder_hw.o
                0x00000000080034d8                trigger_decoder_irq
 .text.init_decoder_hw
                0x00000000080034f0      0x108 obj/Debug/src/decoder/decoder_hw.o
                0x00000000080034f0                init_decoder_hw
 .text.decoder_get_timestamp
                0x00000000080035f8        0xc obj/Debug/src/decoder/decoder_hw.o
                0x00000000080035f8                decoder_get_timestamp
 .text.decoder_set_timer_continuous_mode_on
                0x0000000008003604       0x2c obj/Debug/src/decoder/decoder_hw.o
                0x0000000008003604                decoder_set_timer_continuous_mode_on
 .text.decoder_set_timer_continuous_mode_off
                0x0000000008003630       0x2c obj/Debug/src/decoder/decoder_hw.o
                0x0000000008003630                decoder_set_timer_continuous_mode_off
 .text.decoder_request_timer_reset
                0x000000000800365c       0x14 obj/Debug/src/decoder/decoder_hw.o
                0x000000000800365c                decoder_request_timer_reset
 .text.disable_decoder_hw
                0x0000000008003670       0x32 obj/Debug/src/decoder/decoder_hw.o
                0x0000000008003670                disable_decoder_hw
 *fill*         0x00000000080036a2        0x2 
 .text.EXTI0_IRQHandler
                0x00000000080036a4       0x88 obj/Debug/src/decoder/decoder_hw.o
                0x00000000080036a4                EXTI0_IRQHandler
 .text.TIM1_BRK_TIM9_IRQHandler
                0x000000000800372c       0xb0 obj/Debug/src/decoder/decoder_hw.o
                0x000000000800372c                TIM1_BRK_TIM9_IRQHandler
 .text.EXTI1_IRQHandler
                0x00000000080037dc       0x1c obj/Debug/src/decoder/decoder_hw.o
                0x00000000080037dc                EXTI1_IRQHandler
 .text.reset_timeout_counter
                0x00000000080037f8       0x18 obj/Debug/src/decoder/decoder_logic.o
                0x00000000080037f8                reset_timeout_counter
 .text.reset_timing_output
                0x0000000008003810       0x3c obj/Debug/src/decoder/decoder_logic.o
                0x0000000008003810                reset_timing_output
 .text.reset_position_data
                0x000000000800384c       0x38 obj/Debug/src/decoder/decoder_logic.o
                0x000000000800384c                reset_position_data
 .text.reset_internal_data
                0x0000000008003884       0x18 obj/Debug/src/decoder/decoder_logic.o
                0x0000000008003884                reset_internal_data
 .text.decoder_set_state
                0x000000000800389c       0x38 obj/Debug/src/decoder/decoder_logic.o
                0x000000000800389c                decoder_set_state
 .text.check_sync_ratio
                0x00000000080038d4       0xb8 obj/Debug/src/decoder/decoder_logic.o
                0x00000000080038d4                check_sync_ratio
 .text.check_sync_ratio_async
                0x000000000800398c       0x8c obj/Debug/src/decoder/decoder_logic.o
                0x000000000800398c                check_sync_ratio_async
 .text.update_timing_data
                0x0000000008003a18      0x118 obj/Debug/src/decoder/decoder_logic.o
                0x0000000008003a18                update_timing_data
 .text.init_decoder_logic
                0x0000000008003b30       0x24 obj/Debug/src/decoder/decoder_logic.o
                0x0000000008003b30                init_decoder_logic
 .text.disable_decoder_logic
                0x0000000008003b54       0x18 obj/Debug/src/decoder/decoder_logic.o
                0x0000000008003b54                disable_decoder_logic
 .text.decoder_crank_handler
                0x0000000008003b6c      0x1ac obj/Debug/src/decoder/decoder_logic.o
                0x0000000008003b6c                decoder_crank_handler
 .text.decoder_crank_noisefilter_handler
                0x0000000008003d18        0xa obj/Debug/src/decoder/decoder_logic.o
                0x0000000008003d18                decoder_crank_noisefilter_handler
 *fill*         0x0000000008003d22        0x2 
 .text.decoder_crank_timeout_handler
                0x0000000008003d24       0x44 obj/Debug/src/decoder/decoder_logic.o
                0x0000000008003d24                decoder_crank_timeout_handler
 .text.init_Decoder
                0x0000000008003d68       0x7c obj/Debug/src/decoder/Tuareg_decoder.o
                0x0000000008003d68                init_Decoder
 .text.disable_Decoder
                0x0000000008003de4       0x24 obj/Debug/src/decoder/Tuareg_decoder.o
                0x0000000008003de4                disable_Decoder
 .text.decoder_get_position_data_age_us
                0x0000000008003e08       0x54 obj/Debug/src/decoder/Tuareg_decoder.o
                0x0000000008003e08                decoder_get_position_data_age_us
 .text.copy_diag_data
                0x0000000008003e5c       0x6c obj/Debug/src/diagnostics/diagnostics.o
                0x0000000008003e5c                copy_diag_data
 .text.get_diag_data
                0x0000000008003ec8       0x30 obj/Debug/src/diagnostics/diagnostics.o
                0x0000000008003ec8                get_diag_data
 .text.release_diag_shadow
                0x0000000008003ef8       0x10 obj/Debug/src/diagnostics/diagnostics.o
                0x0000000008003ef8                release_diag_shadow
 .text.init_Fault_Log
                0x0000000008003f08       0x5c obj/Debug/src/diagnostics/fault_log.o
                0x0000000008003f08                init_Fault_Log
 .text.log_Fault
                0x0000000008003f64       0xa8 obj/Debug/src/diagnostics/fault_log.o
                0x0000000008003f64                log_Fault
 .text.Erase_Fault_Log
                0x000000000800400c       0x4c obj/Debug/src/diagnostics/fault_log.o
                0x000000000800400c                Erase_Fault_Log
 .text.load_Fault_Log
                0x0000000008004058       0x20 obj/Debug/src/diagnostics/fault_log.o
                0x0000000008004058                load_Fault_Log
 .text.load_void_Fault_Log
                0x0000000008004078       0x2c obj/Debug/src/diagnostics/fault_log.o
                0x0000000008004078                load_void_Fault_Log
 .text.store_Fault_Log
                0x00000000080040a4       0x1c obj/Debug/src/diagnostics/fault_log.o
                0x00000000080040a4                store_Fault_Log
 .text.show_Fault_Log
                0x00000000080040c0       0xa0 obj/Debug/src/diagnostics/fault_log.o
                0x00000000080040c0                show_Fault_Log
 .text.clear_Fault_Log
                0x0000000008004160       0x2c obj/Debug/src/diagnostics/fault_log.o
                0x0000000008004160                clear_Fault_Log
 .text.send_Fault_Log
                0x000000000800418c       0x20 obj/Debug/src/diagnostics/fault_log.o
                0x000000000800418c                send_Fault_Log
 .text.highspeedlog_init
                0x00000000080041ac       0x1c obj/Debug/src/diagnostics/highspeed_loggers.o
                0x00000000080041ac                highspeedlog_init
 .text.clear_highspeedlog
                0x00000000080041c8       0x18 obj/Debug/src/diagnostics/highspeed_loggers.o
                0x00000000080041c8                clear_highspeedlog
 .text.highspeedlog_register_error
                0x00000000080041e0        0x4 obj/Debug/src/diagnostics/highspeed_loggers.o
                0x00000000080041e0                highspeedlog_register_error
 .text.highspeedlog_write
                0x00000000080041e4      0x11c obj/Debug/src/diagnostics/highspeed_loggers.o
                0x00000000080041e4                highspeedlog_write
 .text.highspeedlog_register_crankpos
                0x0000000008004300        0xc obj/Debug/src/diagnostics/highspeed_loggers.o
                0x0000000008004300                highspeedlog_register_crankpos
 .text.highspeedlog_register_cis_lobe_begin
                0x000000000800430c       0x18 obj/Debug/src/diagnostics/highspeed_loggers.o
                0x000000000800430c                highspeedlog_register_cis_lobe_begin
 .text.highspeedlog_register_cis_lobe_end
                0x0000000008004324       0x18 obj/Debug/src/diagnostics/highspeed_loggers.o
                0x0000000008004324                highspeedlog_register_cis_lobe_end
 .text.highspeedlog_register_coil1_power
                0x000000000800433c        0xc obj/Debug/src/diagnostics/highspeed_loggers.o
                0x000000000800433c                highspeedlog_register_coil1_power
 .text.highspeedlog_register_coil1_unpower
                0x0000000008004348        0xc obj/Debug/src/diagnostics/highspeed_loggers.o
                0x0000000008004348                highspeedlog_register_coil1_unpower
 .text.highspeedlog_register_coil2_power
                0x0000000008004354        0xc obj/Debug/src/diagnostics/highspeed_loggers.o
                0x0000000008004354                highspeedlog_register_coil2_power
 .text.highspeedlog_register_coil2_unpower
                0x0000000008004360        0xc obj/Debug/src/diagnostics/highspeed_loggers.o
                0x0000000008004360                highspeedlog_register_coil2_unpower
 .text.highspeedlog_register_injector1_power
                0x000000000800436c        0xc obj/Debug/src/diagnostics/highspeed_loggers.o
                0x000000000800436c                highspeedlog_register_injector1_power
 .text.highspeedlog_register_injector1_unpower
                0x0000000008004378        0xc obj/Debug/src/diagnostics/highspeed_loggers.o
                0x0000000008004378                highspeedlog_register_injector1_unpower
 .text.highspeedlog_register_injector2_power
                0x0000000008004384        0xc obj/Debug/src/diagnostics/highspeed_loggers.o
                0x0000000008004384                highspeedlog_register_injector2_power
 .text.highspeedlog_register_injector2_unpower
                0x0000000008004390        0xc obj/Debug/src/diagnostics/highspeed_loggers.o
                0x0000000008004390                highspeedlog_register_injector2_unpower
 .text.send_highspeedlog
                0x000000000800439c      0x120 obj/Debug/src/diagnostics/highspeed_loggers.o
                0x000000000800439c                send_highspeedlog
 .text.show_highspeedlog
                0x00000000080044bc      0x1c4 obj/Debug/src/diagnostics/highspeed_loggers.o
                0x00000000080044bc                show_highspeedlog
 .text.Syslog_init
                0x0000000008004680       0x14 obj/Debug/src/diagnostics/syslog.o
                0x0000000008004680                Syslog_init
 .text.clear_syslog
                0x0000000008004694       0x4c obj/Debug/src/diagnostics/syslog.o
                0x0000000008004694                clear_syslog
 .text.clear_datalog
                0x00000000080046e0       0x48 obj/Debug/src/diagnostics/syslog.o
                0x00000000080046e0                clear_datalog
 .text.Syslog_Error
                0x0000000008004728       0x9c obj/Debug/src/diagnostics/syslog.o
                0x0000000008004728                Syslog_Error
 .text.Syslog_Warning
                0x00000000080047c4       0xcc obj/Debug/src/diagnostics/syslog.o
                0x00000000080047c4                Syslog_Warning
 .text.Syslog_Info
                0x0000000008004890       0xc4 obj/Debug/src/diagnostics/syslog.o
                0x0000000008004890                Syslog_Info
 .text.show_syslog
                0x0000000008004954      0x14c obj/Debug/src/diagnostics/syslog.o
                0x0000000008004954                show_syslog
 .text.send_syslog
                0x0000000008004aa0       0x2c obj/Debug/src/diagnostics/syslog.o
                0x0000000008004aa0                send_syslog
 .text.load_Fueling_Config
                0x0000000008004acc      0x12c obj/Debug/src/fueling/fueling_config.o
                0x0000000008004acc                load_Fueling_Config
 .text.load_essential_Fueling_Config
                0x0000000008004bf8      0x128 obj/Debug/src/fueling/fueling_config.o
                0x0000000008004bf8                load_essential_Fueling_Config
 .text.store_Fueling_Setup
                0x0000000008004d20       0x1c obj/Debug/src/fueling/fueling_config.o
                0x0000000008004d20                store_Fueling_Setup
 .text.show_Fueling_Setup
                0x0000000008004d3c      0x3d4 obj/Debug/src/fueling/fueling_config.o
                0x0000000008004d3c                show_Fueling_Setup
 .text.modify_Fueling_Setup
                0x0000000008005110       0x2c obj/Debug/src/fueling/fueling_config.o
                0x0000000008005110                modify_Fueling_Setup
 .text.send_Fueling_Setup
                0x000000000800513c       0x20 obj/Debug/src/fueling/fueling_config.o
                0x000000000800513c                send_Fueling_Setup
 .text.store_VeTable_TPS
                0x000000000800515c       0x18 obj/Debug/src/fueling/fueling_config.o
                0x000000000800515c                store_VeTable_TPS
 .text.show_VeTable_TPS
                0x0000000008005174       0x2c obj/Debug/src/fueling/fueling_config.o
                0x0000000008005174                show_VeTable_TPS
 .text.modify_VeTable_TPS
                0x00000000080051a0       0x20 obj/Debug/src/fueling/fueling_config.o
                0x00000000080051a0                modify_VeTable_TPS
 .text.send_VeTable_TPS
                0x00000000080051c0       0x1c obj/Debug/src/fueling/fueling_config.o
                0x00000000080051c0                send_VeTable_TPS
 .text.getValue_VeTable_TPS
                0x00000000080051dc       0x34 obj/Debug/src/fueling/fueling_config.o
                0x00000000080051dc                getValue_VeTable_TPS
 .text.store_VeTable_MAP
                0x0000000008005210       0x18 obj/Debug/src/fueling/fueling_config.o
                0x0000000008005210                store_VeTable_MAP
 .text.show_VeTable_MAP
                0x0000000008005228       0x2c obj/Debug/src/fueling/fueling_config.o
                0x0000000008005228                show_VeTable_MAP
 .text.modify_VeTable_MAP
                0x0000000008005254       0x20 obj/Debug/src/fueling/fueling_config.o
                0x0000000008005254                modify_VeTable_MAP
 .text.send_VeTable_MAP
                0x0000000008005274       0x1c obj/Debug/src/fueling/fueling_config.o
                0x0000000008005274                send_VeTable_MAP
 .text.getValue_VeTable_MAP
                0x0000000008005290       0x34 obj/Debug/src/fueling/fueling_config.o
                0x0000000008005290                getValue_VeTable_MAP
 .text.store_AfrTable_MAP
                0x00000000080052c4       0x18 obj/Debug/src/fueling/fueling_config.o
                0x00000000080052c4                store_AfrTable_MAP
 .text.show_AfrTable_MAP
                0x00000000080052dc       0x2c obj/Debug/src/fueling/fueling_config.o
                0x00000000080052dc                show_AfrTable_MAP
 .text.modify_AfrTable_MAP
                0x0000000008005308       0x20 obj/Debug/src/fueling/fueling_config.o
                0x0000000008005308                modify_AfrTable_MAP
 .text.send_AfrTable_MAP
                0x0000000008005328       0x1c obj/Debug/src/fueling/fueling_config.o
                0x0000000008005328                send_AfrTable_MAP
 .text.getValue_AfrTable_MAP
                0x0000000008005344       0x40 obj/Debug/src/fueling/fueling_config.o
                0x0000000008005344                getValue_AfrTable_MAP
 .text.store_AfrTable_TPS
                0x0000000008005384       0x18 obj/Debug/src/fueling/fueling_config.o
                0x0000000008005384                store_AfrTable_TPS
 .text.show_AfrTable_TPS
                0x000000000800539c       0x2c obj/Debug/src/fueling/fueling_config.o
                0x000000000800539c                show_AfrTable_TPS
 .text.modify_AfrTable_TPS
                0x00000000080053c8       0x20 obj/Debug/src/fueling/fueling_config.o
                0x00000000080053c8                modify_AfrTable_TPS
 .text.send_AfrTable_TPS
                0x00000000080053e8       0x1c obj/Debug/src/fueling/fueling_config.o
                0x00000000080053e8                send_AfrTable_TPS
 .text.getValue_AfrTable_TPS
                0x0000000008005404       0x40 obj/Debug/src/fueling/fueling_config.o
                0x0000000008005404                getValue_AfrTable_TPS
 .text.store_AccelCompTableTPS
                0x0000000008005444       0x18 obj/Debug/src/fueling/fueling_config.o
                0x0000000008005444                store_AccelCompTableTPS
 .text.show_AccelCompTableTPS
                0x000000000800545c       0x2c obj/Debug/src/fueling/fueling_config.o
                0x000000000800545c                show_AccelCompTableTPS
 .text.modify_AccelCompTableTPS
                0x0000000008005488       0x20 obj/Debug/src/fueling/fueling_config.o
                0x0000000008005488                modify_AccelCompTableTPS
 .text.send_AccelCompTableTPS
                0x00000000080054a8       0x1c obj/Debug/src/fueling/fueling_config.o
                0x00000000080054a8                send_AccelCompTableTPS
 .text.getValue_AccelCompTableTPS
                0x00000000080054c4       0x3c obj/Debug/src/fueling/fueling_config.o
                0x00000000080054c4                getValue_AccelCompTableTPS
 .text.store_AccelCompTableMAP
                0x0000000008005500       0x18 obj/Debug/src/fueling/fueling_config.o
                0x0000000008005500                store_AccelCompTableMAP
 .text.show_AccelCompTableMAP
                0x0000000008005518       0x2c obj/Debug/src/fueling/fueling_config.o
                0x0000000008005518                show_AccelCompTableMAP
 .text.modify_AccelCompTableMAP
                0x0000000008005544       0x20 obj/Debug/src/fueling/fueling_config.o
                0x0000000008005544                modify_AccelCompTableMAP
 .text.send_AccelCompTableMAP
                0x0000000008005564       0x1c obj/Debug/src/fueling/fueling_config.o
                0x0000000008005564                send_AccelCompTableMAP
 .text.getValue_AccelCompTableMAP
                0x0000000008005580       0x3c obj/Debug/src/fueling/fueling_config.o
                0x0000000008005580                getValue_AccelCompTableMAP
 .text.store_WarmUpCompTable
                0x00000000080055bc       0x18 obj/Debug/src/fueling/fueling_config.o
                0x00000000080055bc                store_WarmUpCompTable
 .text.show_WarmUpCompTable
                0x00000000080055d4       0x2c obj/Debug/src/fueling/fueling_config.o
                0x00000000080055d4                show_WarmUpCompTable
 .text.modify_WarmUpCompTable
                0x0000000008005600       0x20 obj/Debug/src/fueling/fueling_config.o
                0x0000000008005600                modify_WarmUpCompTable
 .text.send_WarmUpCompTable
                0x0000000008005620       0x1c obj/Debug/src/fueling/fueling_config.o
                0x0000000008005620                send_WarmUpCompTable
 .text.getValue_WarmUpCompTable
                0x000000000800563c       0x2c obj/Debug/src/fueling/fueling_config.o
                0x000000000800563c                getValue_WarmUpCompTable
 .text.store_InjectorTimingTable
                0x0000000008005668       0x18 obj/Debug/src/fueling/fueling_config.o
                0x0000000008005668                store_InjectorTimingTable
 .text.show_InjectorTimingTable
                0x0000000008005680       0x2c obj/Debug/src/fueling/fueling_config.o
                0x0000000008005680                show_InjectorTimingTable
 .text.modify_InjectorTimingTable
                0x00000000080056ac       0x20 obj/Debug/src/fueling/fueling_config.o
                0x00000000080056ac                modify_InjectorTimingTable
 .text.send_InjectorTimingTable
                0x00000000080056cc       0x1c obj/Debug/src/fueling/fueling_config.o
                0x00000000080056cc                send_InjectorTimingTable
 .text.getValue_InjectorTimingTable
                0x00000000080056e8       0x44 obj/Debug/src/fueling/fueling_config.o
                0x00000000080056e8                getValue_InjectorTimingTable
 .text.store_CrankingFuelTable
                0x000000000800572c       0x18 obj/Debug/src/fueling/fueling_config.o
                0x000000000800572c                store_CrankingFuelTable
 .text.show_CrankingFuelTable
                0x0000000008005744       0x2c obj/Debug/src/fueling/fueling_config.o
                0x0000000008005744                show_CrankingFuelTable
 .text.modify_CrankingFuelTable
                0x0000000008005770       0x20 obj/Debug/src/fueling/fueling_config.o
                0x0000000008005770                modify_CrankingFuelTable
 .text.send_CrankingFuelTable
                0x0000000008005790       0x1c obj/Debug/src/fueling/fueling_config.o
                0x0000000008005790                send_CrankingFuelTable
 .text.getValue_CrankingFuelTable
                0x00000000080057ac       0x3c obj/Debug/src/fueling/fueling_config.o
                0x00000000080057ac                getValue_CrankingFuelTable
 .text.store_InjectorPhaseTable
                0x00000000080057e8       0x18 obj/Debug/src/fueling/fueling_config.o
                0x00000000080057e8                store_InjectorPhaseTable
 .text.show_InjectorPhaseTable
                0x0000000008005800       0x2c obj/Debug/src/fueling/fueling_config.o
                0x0000000008005800                show_InjectorPhaseTable
 .text.modify_InjectorPhaseTable
                0x000000000800582c       0x20 obj/Debug/src/fueling/fueling_config.o
                0x000000000800582c                modify_InjectorPhaseTable
 .text.send_InjectorPhaseTable
                0x000000000800584c       0x1c obj/Debug/src/fueling/fueling_config.o
                0x000000000800584c                send_InjectorPhaseTable
 .text.getValue_InjectorPhaseTable
                0x0000000008005868       0x30 obj/Debug/src/fueling/fueling_config.o
                0x0000000008005868                getValue_InjectorPhaseTable
 .text.fueling_diag_log_event
                0x0000000008005898       0x44 obj/Debug/src/fueling/fueling_diag.o
                0x0000000008005898                fueling_diag_log_event
 .text.print_fueling_diag
                0x00000000080058dc       0x84 obj/Debug/src/fueling/fueling_diag.o
                0x00000000080058dc                print_fueling_diag
 .text.set_injector1_powered
                0x0000000008005960       0x24 obj/Debug/src/fueling/fueling_hw.o
                0x0000000008005960                set_injector1_powered
 .text.set_injector1_unpowered
                0x0000000008005984       0x2c obj/Debug/src/fueling/fueling_hw.o
                0x0000000008005984                set_injector1_unpowered
 .text.set_injector2_powered
                0x00000000080059b0       0x24 obj/Debug/src/fueling/fueling_hw.o
                0x00000000080059b0                set_injector2_powered
 .text.set_injector2_unpowered
                0x00000000080059d4       0x2c obj/Debug/src/fueling/fueling_hw.o
                0x00000000080059d4                set_injector2_unpowered
 .text.set_fuel_pump_powered
                0x0000000008005a00       0x24 obj/Debug/src/fueling/fueling_hw.o
                0x0000000008005a00                set_fuel_pump_powered
 .text.set_fuel_pump_unpowered
                0x0000000008005a24       0x24 obj/Debug/src/fueling/fueling_hw.o
                0x0000000008005a24                set_fuel_pump_unpowered
 .text.set_injector1
                0x0000000008005a48       0x2c obj/Debug/src/fueling/fueling_hw.o
                0x0000000008005a48                set_injector1
 .text.set_injector2
                0x0000000008005a74       0x2c obj/Debug/src/fueling/fueling_hw.o
                0x0000000008005a74                set_injector2
 .text.set_fuel_pump
                0x0000000008005aa0       0x24 obj/Debug/src/fueling/fueling_hw.o
                0x0000000008005aa0                set_fuel_pump
 .text.init_fueling_hw
                0x0000000008005ac4       0x68 obj/Debug/src/fueling/fueling_hw.o
                0x0000000008005ac4                init_fueling_hw
 .text.init_Fueling
                0x0000000008005b2c       0x74 obj/Debug/src/fueling/Tuareg_fueling.o
                0x0000000008005b2c                init_Fueling
 .text.Tuareg_fueling_update_crankpos_handler
                0x0000000008005ba0      0x1e4 obj/Debug/src/fueling/Tuareg_fueling.o
                0x0000000008005ba0                Tuareg_fueling_update_crankpos_handler
 .text.Tuareg_update_fueling_controls
                0x0000000008005d84      0x1c0 obj/Debug/src/fueling/Tuareg_fueling_controls.o
                0x0000000008005d84                Tuareg_update_fueling_controls
 .text.invalid_fueling_controls
                0x0000000008005f44       0x5c obj/Debug/src/fueling/Tuareg_fueling_controls.o
                0x0000000008005f44                invalid_fueling_controls
 .text.update_mode
                0x0000000008005fa0       0x7c obj/Debug/src/fueling/Tuareg_fueling_controls.o
                0x0000000008005fa0                update_mode
 .text.update_strategy
                0x000000000800601c       0x90 obj/Debug/src/fueling/Tuareg_fueling_controls.o
                0x000000000800601c                update_strategy
 .text.update_volumetric_efficiency
                0x00000000080060ac       0xbc obj/Debug/src/fueling/Tuareg_fueling_controls.o
                0x00000000080060ac                update_volumetric_efficiency
 .text.update_air_density
                0x0000000008006168       0x64 obj/Debug/src/fueling/Tuareg_fueling_controls.o
                0x0000000008006168                update_air_density
 .text.update_AFR_target
                0x00000000080061cc       0xb8 obj/Debug/src/fueling/Tuareg_fueling_controls.o
                0x00000000080061cc                update_AFR_target
 .text.update_base_fuel_mass
                0x0000000008006284       0x68 obj/Debug/src/fueling/Tuareg_fueling_controls.o
                0x0000000008006284                update_base_fuel_mass
 .text.update_base_fuel_mass_cranking
                0x00000000080062ec       0xbc obj/Debug/src/fueling/Tuareg_fueling_controls.o
                0x00000000080062ec                update_base_fuel_mass_cranking
 .text.update_airflowrate
                0x00000000080063a8       0xac obj/Debug/src/fueling/Tuareg_fueling_controls.o
                0x00000000080063a8                update_airflowrate
 .text.update_fuel_mass_accel_correction
                0x0000000008006454      0x3a8 obj/Debug/src/fueling/Tuareg_fueling_controls.o
                0x0000000008006454                update_fuel_mass_accel_correction
 .text.disable_fuel_mass_accel_correction
                0x00000000080067fc       0x40 obj/Debug/src/fueling/Tuareg_fueling_controls.o
                0x00000000080067fc                disable_fuel_mass_accel_correction
 .text.update_fuel_mass_afterstart_correction
                0x000000000800683c       0xe0 obj/Debug/src/fueling/Tuareg_fueling_controls.o
                0x000000000800683c                update_fuel_mass_afterstart_correction
 .text.disable_fuel_mass_afterstart_correction
                0x000000000800691c       0x26 obj/Debug/src/fueling/Tuareg_fueling_controls.o
                0x000000000800691c                disable_fuel_mass_afterstart_correction
 *fill*         0x0000000008006942        0x2 
 .text.update_fuel_mass_warmup_correction
                0x0000000008006944       0xa4 obj/Debug/src/fueling/Tuareg_fueling_controls.o
                0x0000000008006944                update_fuel_mass_warmup_correction
 .text.update_target_fuel_mass
                0x00000000080069e8      0x184 obj/Debug/src/fueling/Tuareg_fueling_controls.o
                0x00000000080069e8                update_target_fuel_mass
 .text.update_injector_deadtime
                0x0000000008006b6c       0x64 obj/Debug/src/fueling/Tuareg_fueling_controls.o
                0x0000000008006b6c                update_injector_deadtime
 .text.update_injector_intervals_sequential
                0x0000000008006bd0      0x100 obj/Debug/src/fueling/Tuareg_fueling_controls.o
                0x0000000008006bd0                update_injector_intervals_sequential
 .text.update_injector_intervals_batch
                0x0000000008006cd0       0xfc obj/Debug/src/fueling/Tuareg_fueling_controls.o
                0x0000000008006cd0                update_injector_intervals_batch
 .text.update_injection_begin_batch
                0x0000000008006dcc       0x48 obj/Debug/src/fueling/Tuareg_fueling_controls.o
                0x0000000008006dcc                update_injection_begin_batch
 .text.update_injection_begin_sequential
                0x0000000008006e14      0x178 obj/Debug/src/fueling/Tuareg_fueling_controls.o
                0x0000000008006e14                update_injection_begin_sequential
 .text.load_Ignition_Config
                0x0000000008006f8c       0x5c obj/Debug/src/ignition/ignition_config.o
                0x0000000008006f8c                load_Ignition_Config
 .text.load_essential_Ignition_Config
                0x0000000008006fe8        0x4 obj/Debug/src/ignition/ignition_config.o
                0x0000000008006fe8                load_essential_Ignition_Config
 .text.store_Ignition_Setup
                0x0000000008006fec       0x1c obj/Debug/src/ignition/ignition_config.o
                0x0000000008006fec                store_Ignition_Setup
 .text.show_Ignition_Setup
                0x0000000008007008      0x1f0 obj/Debug/src/ignition/ignition_config.o
                0x0000000008007008                show_Ignition_Setup
 .text.modify_Ignition_Setup
                0x00000000080071f8       0x2c obj/Debug/src/ignition/ignition_config.o
                0x00000000080071f8                modify_Ignition_Setup
 .text.send_Ignition_Setup
                0x0000000008007224       0x20 obj/Debug/src/ignition/ignition_config.o
                0x0000000008007224                send_Ignition_Setup
 .text.store_ignAdvTable_TPS
                0x0000000008007244       0x18 obj/Debug/src/ignition/ignition_config.o
                0x0000000008007244                store_ignAdvTable_TPS
 .text.show_ignAdvTable_TPS
                0x000000000800725c       0x2c obj/Debug/src/ignition/ignition_config.o
                0x000000000800725c                show_ignAdvTable_TPS
 .text.modify_ignAdvTable_TPS
                0x0000000008007288       0x20 obj/Debug/src/ignition/ignition_config.o
                0x0000000008007288                modify_ignAdvTable_TPS
 .text.send_ignAdvTable_TPS
                0x00000000080072a8       0x1c obj/Debug/src/ignition/ignition_config.o
                0x00000000080072a8                send_ignAdvTable_TPS
 .text.getValue_ignAdvTable_TPS
                0x00000000080072c4       0x38 obj/Debug/src/ignition/ignition_config.o
                0x00000000080072c4                getValue_ignAdvTable_TPS
 .text.store_ignDwellTable
                0x00000000080072fc       0x18 obj/Debug/src/ignition/ignition_config.o
                0x00000000080072fc                store_ignDwellTable
 .text.show_ignDwellTable
                0x0000000008007314       0x2c obj/Debug/src/ignition/ignition_config.o
                0x0000000008007314                show_ignDwellTable
 .text.modify_ignDwellTable
                0x0000000008007340       0x20 obj/Debug/src/ignition/ignition_config.o
                0x0000000008007340                modify_ignDwellTable
 .text.send_ignDwellTable
                0x0000000008007360       0x1c obj/Debug/src/ignition/ignition_config.o
                0x0000000008007360                send_ignDwellTable
 .text.getValue_ignDwellTable
                0x000000000800737c       0x34 obj/Debug/src/ignition/ignition_config.o
                0x000000000800737c                getValue_ignDwellTable
 .text.ignition_diag_log_event
                0x00000000080073b0       0x44 obj/Debug/src/ignition/ignition_diag.o
                0x00000000080073b0                ignition_diag_log_event
 .text.print_ignition_diag
                0x00000000080073f4       0x84 obj/Debug/src/ignition/ignition_diag.o
                0x00000000080073f4                print_ignition_diag
 .text.NVIC_EnableIRQ
                0x0000000008007478       0x2c obj/Debug/src/ignition/ignition_hw.o
 .text.NVIC_ClearPendingIRQ
                0x00000000080074a4       0x30 obj/Debug/src/ignition/ignition_hw.o
 .text.NVIC_SetPriority
                0x00000000080074d4       0x50 obj/Debug/src/ignition/ignition_hw.o
 .text.set_coil1_powered
                0x0000000008007524       0x24 obj/Debug/src/ignition/ignition_hw.o
                0x0000000008007524                set_coil1_powered
 .text.set_coil1_unpowered
                0x0000000008007548       0x24 obj/Debug/src/ignition/ignition_hw.o
                0x0000000008007548                set_coil1_unpowered
 .text.set_coil2_powered
                0x000000000800756c       0x24 obj/Debug/src/ignition/ignition_hw.o
                0x000000000800756c                set_coil2_powered
 .text.set_coil2_unpowered
                0x0000000008007590       0x24 obj/Debug/src/ignition/ignition_hw.o
                0x0000000008007590                set_coil2_unpowered
 .text.set_ignition_ch1
                0x00000000080075b4       0x2c obj/Debug/src/ignition/ignition_hw.o
                0x00000000080075b4                set_ignition_ch1
 .text.set_ignition_ch2
                0x00000000080075e0       0x2c obj/Debug/src/ignition/ignition_hw.o
                0x00000000080075e0                set_ignition_ch2
 .text.init_ignition_hw
                0x000000000800760c       0x74 obj/Debug/src/ignition/ignition_hw.o
                0x000000000800760c                init_ignition_hw
 .text.init_Ignition
                0x0000000008007680       0x78 obj/Debug/src/ignition/Tuareg_ignition.o
                0x0000000008007680                init_Ignition
 .text.Tuareg_ignition_update_crankpos_handler
                0x00000000080076f8      0x1dc obj/Debug/src/ignition/Tuareg_ignition.o
                0x00000000080076f8                Tuareg_ignition_update_crankpos_handler
 .text.Tuareg_update_ignition_controls
                0x00000000080078d4      0x100 obj/Debug/src/ignition/Tuareg_ignition_controls.o
                0x00000000080078d4                Tuareg_update_ignition_controls
 .text.default_ignition_controls
                0x00000000080079d4       0x40 obj/Debug/src/ignition/Tuareg_ignition_controls.o
                0x00000000080079d4                default_ignition_controls
 .text.revlimiter_ignition_controls
                0x0000000008007a14       0x3e obj/Debug/src/ignition/Tuareg_ignition_controls.o
                0x0000000008007a14                revlimiter_ignition_controls
 *fill*         0x0000000008007a52        0x2 
 .text.cranking_ignition_controls
                0x0000000008007a54       0x50 obj/Debug/src/ignition/Tuareg_ignition_controls.o
                0x0000000008007a54                cranking_ignition_controls
 .text.dynamic_ignition_controls
                0x0000000008007aa4      0x26c obj/Debug/src/ignition/Tuareg_ignition_controls.o
                0x0000000008007aa4                dynamic_ignition_controls
 .text.main     0x0000000008007d10       0xa4 obj/Debug/src/main/main.o
                0x0000000008007d10                main
 .text.EXTI2_IRQHandler
                0x0000000008007db4       0x74 obj/Debug/src/main/main.o
                0x0000000008007db4                EXTI2_IRQHandler
 .text.Tuareg_Init
                0x0000000008007e28       0xc4 obj/Debug/src/main/Tuareg.o
                0x0000000008007e28                Tuareg_Init
 .text.Tuareg_load_config
                0x0000000008007eec       0x94 obj/Debug/src/main/Tuareg.o
                0x0000000008007eec                Tuareg_load_config
 .text.Tuareg_update
                0x0000000008007f80       0x7c obj/Debug/src/main/Tuareg.o
                0x0000000008007f80                Tuareg_update
 .text.Tuareg_update_run_inhibit
                0x0000000008007ffc      0x1b0 obj/Debug/src/main/Tuareg.o
                0x0000000008007ffc                Tuareg_update_run_inhibit
 .text.Tuareg_update_limited_op
                0x00000000080081ac       0x4c obj/Debug/src/main/Tuareg.o
                0x00000000080081ac                Tuareg_update_limited_op
 .text.Tuareg_update_rev_limiter
                0x00000000080081f8       0x9c obj/Debug/src/main/Tuareg.o
                0x00000000080081f8                Tuareg_update_rev_limiter
 .text.Tuareg_update_standby
                0x0000000008008294      0x158 obj/Debug/src/main/Tuareg.o
                0x0000000008008294                Tuareg_update_standby
 .text.Tuareg_update_fuel_pump_control
                0x00000000080083ec       0xa8 obj/Debug/src/main/Tuareg.o
                0x00000000080083ec                Tuareg_update_fuel_pump_control
 .text.Tuareg_deactivate_vital_actors
                0x0000000008008494       0x74 obj/Debug/src/main/Tuareg.o
                0x0000000008008494                Tuareg_deactivate_vital_actors
 .text.Tuareg_update_trip
                0x0000000008008508       0x30 obj/Debug/src/main/Tuareg.o
                0x0000000008008508                Tuareg_update_trip
 .text.Tuareg_update_consumption_data
                0x0000000008008538       0x30 obj/Debug/src/main/Tuareg.o
                0x0000000008008538                Tuareg_update_consumption_data
 .text.load_Tuareg_Setup
                0x0000000008008568       0x18 obj/Debug/src/main/Tuareg_config.o
                0x0000000008008568                load_Tuareg_Setup
 .text.load_essential_Tuareg_Setup
                0x0000000008008580      0x154 obj/Debug/src/main/Tuareg_config.o
                0x0000000008008580                load_essential_Tuareg_Setup
 .text.store_Tuareg_Setup
                0x00000000080086d4       0x18 obj/Debug/src/main/Tuareg_config.o
                0x00000000080086d4                store_Tuareg_Setup
 .text.show_Tuareg_Setup
                0x00000000080086ec      0x288 obj/Debug/src/main/Tuareg_config.o
                0x00000000080086ec                show_Tuareg_Setup
 .text.modify_Tuareg_Setup
                0x0000000008008974       0x2c obj/Debug/src/main/Tuareg_config.o
                0x0000000008008974                modify_Tuareg_Setup
 .text.send_Tuareg_Setup
                0x00000000080089a0       0x20 obj/Debug/src/main/Tuareg_config.o
                0x00000000080089a0                send_Tuareg_Setup
 .text.tuareg_diag_log_event
                0x00000000080089c0       0x44 obj/Debug/src/main/Tuareg_diag.o
                0x00000000080089c0                tuareg_diag_log_event
 .text.print_tuareg_diag
                0x0000000008008a04       0x84 obj/Debug/src/main/Tuareg_diag.o
                0x0000000008008a04                print_tuareg_diag
 .text.Fatal    0x0000000008008a88       0xb8 obj/Debug/src/main/Tuareg_errors.o
                0x0000000008008a88                Fatal
 .text.VitalAssert
                0x0000000008008b40       0x3c obj/Debug/src/main/Tuareg_errors.o
                0x0000000008008b40                VitalAssert
 .text.Limp     0x0000000008008b7c       0x9c obj/Debug/src/main/Tuareg_errors.o
                0x0000000008008b7c                Limp
 .text.print_Tuareg_ID_label
                0x0000000008008c18       0x48 obj/Debug/src/main/Tuareg_ID.o
                0x0000000008008c18                print_Tuareg_ID_label
 .text.Tuareg_update_process_data
                0x0000000008008c60      0x1c8 obj/Debug/src/main/Tuareg_process_data.o
                0x0000000008008c60                Tuareg_update_process_data
 .text.request_service_mode
                0x0000000008008e28       0x2c obj/Debug/src/main/Tuareg_service_functions.o
                0x0000000008008e28                request_service_mode
 .text.request_service_activation
                0x0000000008008e54       0xdc obj/Debug/src/main/Tuareg_service_functions.o
                0x0000000008008e54                request_service_activation
 .text.service_functions_periodic_update
                0x0000000008008f30       0x50 obj/Debug/src/main/Tuareg_service_functions.o
                0x0000000008008f30                service_functions_periodic_update
 .text.activate_fuel_pump
                0x0000000008008f80       0x70 obj/Debug/src/main/Tuareg_service_functions.o
                0x0000000008008f80                activate_fuel_pump
 .text.deactivate_fuel_pump
                0x0000000008008ff0       0x2c obj/Debug/src/main/Tuareg_service_functions.o
                0x0000000008008ff0                deactivate_fuel_pump
 .text.fuel_pump_periodic_update
                0x000000000800901c       0x30 obj/Debug/src/main/Tuareg_service_functions.o
                0x000000000800901c                fuel_pump_periodic_update
 .text.activate_injector1
                0x000000000800904c       0xa0 obj/Debug/src/main/Tuareg_service_functions.o
                0x000000000800904c                activate_injector1
 .text.deactivate_injector1
                0x00000000080090ec       0x2c obj/Debug/src/main/Tuareg_service_functions.o
                0x00000000080090ec                deactivate_injector1
 .text.injector1_periodic_update
                0x0000000008009118       0x84 obj/Debug/src/main/Tuareg_service_functions.o
                0x0000000008009118                injector1_periodic_update
 .text.activate_injector2
                0x000000000800919c       0xa0 obj/Debug/src/main/Tuareg_service_functions.o
                0x000000000800919c                activate_injector2
 .text.deactivate_injector2
                0x000000000800923c       0x2c obj/Debug/src/main/Tuareg_service_functions.o
                0x000000000800923c                deactivate_injector2
 .text.injector2_periodic_update
                0x0000000008009268       0x84 obj/Debug/src/main/Tuareg_service_functions.o
                0x0000000008009268                injector2_periodic_update
 .text.activate_coil1
                0x00000000080092ec       0xb0 obj/Debug/src/main/Tuareg_service_functions.o
                0x00000000080092ec                activate_coil1
 .text.deactivate_coil1
                0x000000000800939c       0x2c obj/Debug/src/main/Tuareg_service_functions.o
                0x000000000800939c                deactivate_coil1
 .text.coil1_periodic_update
                0x00000000080093c8       0x80 obj/Debug/src/main/Tuareg_service_functions.o
                0x00000000080093c8                coil1_periodic_update
 .text.activate_coil2
                0x0000000008009448       0xb0 obj/Debug/src/main/Tuareg_service_functions.o
                0x0000000008009448                activate_coil2
 .text.deactivate_coil2
                0x00000000080094f8       0x2c obj/Debug/src/main/Tuareg_service_functions.o
                0x00000000080094f8                deactivate_coil2
 .text.coil2_periodic_update
                0x0000000008009524       0x80 obj/Debug/src/main/Tuareg_service_functions.o
                0x0000000008009524                coil2_periodic_update
 .text.update_process_table
                0x00000000080095a4      0x124 obj/Debug/src/process_table/process_table.o
                0x00000000080095a4                update_process_table
 .text.get_position_from_index
                0x00000000080096c8       0x88 obj/Debug/src/process_table/process_table.o
                0x00000000080096c8                get_position_from_index
 .text.get_index_from_position
                0x0000000008009750       0x70 obj/Debug/src/process_table/process_table.o
                0x0000000008009750                get_index_from_position
 .text.find_process_position_before
                0x00000000080097c0       0x88 obj/Debug/src/process_table/process_table.o
                0x00000000080097c0                find_process_position_before
 .text.get_process_advance
                0x0000000008009848       0x5c obj/Debug/src/process_table/process_table.o
                0x0000000008009848                get_process_advance
 .text.print_process_table_fancy
                0x00000000080098a4      0x280 obj/Debug/src/process_table/process_table.o
                0x00000000080098a4                print_process_table_fancy
 .text.NVIC_EnableIRQ
                0x0000000008009b24       0x2c obj/Debug/src/sensors/analog_sensors.o
 .text.NVIC_ClearPendingIRQ
                0x0000000008009b50       0x30 obj/Debug/src/sensors/analog_sensors.o
 .text.NVIC_SetPriority
                0x0000000008009b80       0x50 obj/Debug/src/sensors/analog_sensors.o
 .text.init_sensor_inputs
                0x0000000008009bd0      0x314 obj/Debug/src/sensors/analog_sensors.o
                0x0000000008009bd0                init_sensor_inputs
 .text.sensors_start_regular_group_conversion
                0x0000000008009ee4       0x10 obj/Debug/src/sensors/analog_sensors.o
                0x0000000008009ee4                sensors_start_regular_group_conversion
 .text.sensors_start_injected_group_conversion
                0x0000000008009ef4       0x10 obj/Debug/src/sensors/analog_sensors.o
                0x0000000008009ef4                sensors_start_injected_group_conversion
 .text.reset_integrator
                0x0000000008009f04       0x16 obj/Debug/src/sensors/analog_sensors.o
                0x0000000008009f04                reset_integrator
 *fill*         0x0000000008009f1a        0x2 
 .text.update_analog_sensor
                0x0000000008009f1c      0x15c obj/Debug/src/sensors/analog_sensors.o
                0x0000000008009f1c                update_analog_sensor
 .text.ADC_IRQHandler
                0x000000000800a078       0x58 obj/Debug/src/sensors/analog_sensors.o
                0x000000000800a078                ADC_IRQHandler
 .text.DMA2_Stream0_IRQHandler
                0x000000000800a0d0       0x74 obj/Debug/src/sensors/analog_sensors.o
                0x000000000800a0d0                DMA2_Stream0_IRQHandler
 .text.reset_dsensor_integrator
                0x000000000800a144       0x34 obj/Debug/src/sensors/digital_sensors.o
                0x000000000800a144                reset_dsensor_integrator
 .text.init_digital_sensors
                0x000000000800a178       0xa0 obj/Debug/src/sensors/digital_sensors.o
                0x000000000800a178                init_digital_sensors
 .text.read_dsensors
                0x000000000800a218       0x8c obj/Debug/src/sensors/digital_sensors.o
                0x000000000800a218                read_dsensors
 .text.update_digital_sensors
                0x000000000800a2a4       0x78 obj/Debug/src/sensors/digital_sensors.o
                0x000000000800a2a4                update_digital_sensors
 .text.load_Sensor_Calibration
                0x000000000800a31c       0x40 obj/Debug/src/sensors/sensor_calibration.o
                0x000000000800a31c                load_Sensor_Calibration
 .text.store_Sensor_Calibration
                0x000000000800a35c       0x18 obj/Debug/src/sensors/sensor_calibration.o
                0x000000000800a35c                store_Sensor_Calibration
 .text.show_Sensor_Calibration
                0x000000000800a374       0x3c obj/Debug/src/sensors/sensor_calibration.o
                0x000000000800a374                show_Sensor_Calibration
 .text.modify_Sensor_Calibration
                0x000000000800a3b0       0x2c obj/Debug/src/sensors/sensor_calibration.o
                0x000000000800a3b0                modify_Sensor_Calibration
 .text.send_Sensor_Calibration
                0x000000000800a3dc       0x20 obj/Debug/src/sensors/sensor_calibration.o
                0x000000000800a3dc                send_Sensor_Calibration
 .text.store_InvTableCLT
                0x000000000800a3fc       0x18 obj/Debug/src/sensors/sensor_calibration.o
                0x000000000800a3fc                store_InvTableCLT
 .text.show_InvTableCLT
                0x000000000800a414       0x2c obj/Debug/src/sensors/sensor_calibration.o
                0x000000000800a414                show_InvTableCLT
 .text.modify_InvTableCLT
                0x000000000800a440       0x20 obj/Debug/src/sensors/sensor_calibration.o
                0x000000000800a440                modify_InvTableCLT
 .text.send_InvTableCLT
                0x000000000800a460       0x1c obj/Debug/src/sensors/sensor_calibration.o
                0x000000000800a460                send_InvTableCLT
 .text.getValue_InvTableCLT
                0x000000000800a47c       0x2c obj/Debug/src/sensors/sensor_calibration.o
                0x000000000800a47c                getValue_InvTableCLT
 .text.sensors_diag_log_event
                0x000000000800a4a8       0x44 obj/Debug/src/sensors/sensors_diag.o
                0x000000000800a4a8                sensors_diag_log_event
 .text.print_sensors_diag
                0x000000000800a4ec       0x84 obj/Debug/src/sensors/sensors_diag.o
                0x000000000800a4ec                print_sensors_diag
 .text.init_Sensors
                0x000000000800a570       0xc8 obj/Debug/src/sensors/Tuareg_sensors.o
                0x000000000800a570                init_Sensors
 .text.Tuareg_update_MAP_sensor
                0x000000000800a638       0x6c obj/Debug/src/sensors/Tuareg_sensors.o
                0x000000000800a638                Tuareg_update_MAP_sensor
 .text.Tuareg_update_O2_sensor
                0x000000000800a6a4       0x68 obj/Debug/src/sensors/Tuareg_sensors.o
                0x000000000800a6a4                Tuareg_update_O2_sensor
 .text.Tuareg_update_TPS_sensor
                0x000000000800a70c       0x68 obj/Debug/src/sensors/Tuareg_sensors.o
                0x000000000800a70c                Tuareg_update_TPS_sensor
 .text.Tuareg_update_IAT_sensor
                0x000000000800a774       0x74 obj/Debug/src/sensors/Tuareg_sensors.o
                0x000000000800a774                Tuareg_update_IAT_sensor
 .text.Tuareg_update_CLT_sensor
                0x000000000800a7e8       0x78 obj/Debug/src/sensors/Tuareg_sensors.o
                0x000000000800a7e8                Tuareg_update_CLT_sensor
 .text.Tuareg_update_VBAT_sensor
                0x000000000800a860       0x68 obj/Debug/src/sensors/Tuareg_sensors.o
                0x000000000800a860                Tuareg_update_VBAT_sensor
 .text.Tuareg_update_BARO_sensor
                0x000000000800a8c8       0x6c obj/Debug/src/sensors/Tuareg_sensors.o
                0x000000000800a8c8                Tuareg_update_BARO_sensor
 .text.Tuareg_update_GEAR_sensor
                0x000000000800a934       0x88 obj/Debug/src/sensors/Tuareg_sensors.o
                0x000000000800a934                Tuareg_update_GEAR_sensor
 .text.adc_set_regular_group
                0x000000000800a9bc       0xe0 obj/Debug/src/stm32_libs/stm32f4xx/boctok/stm32f4xx_adc.o
                0x000000000800a9bc                adc_set_regular_group
 .text.adc_set_regular_group_length
                0x000000000800aa9c       0x36 obj/Debug/src/stm32_libs/stm32f4xx/boctok/stm32f4xx_adc.o
                0x000000000800aa9c                adc_set_regular_group_length
 .text.adc_set_sample_time
                0x000000000800aad2       0x94 obj/Debug/src/stm32_libs/stm32f4xx/boctok/stm32f4xx_adc.o
                0x000000000800aad2                adc_set_sample_time
 .text.adc_start_regular_group
                0x000000000800ab66       0x16 obj/Debug/src/stm32_libs/stm32f4xx/boctok/stm32f4xx_adc.o
                0x000000000800ab66                adc_start_regular_group
 .text.adc_start_injected_group
                0x000000000800ab7c       0x16 obj/Debug/src/stm32_libs/stm32f4xx/boctok/stm32f4xx_adc.o
                0x000000000800ab7c                adc_start_injected_group
 *fill*         0x000000000800ab92        0x2 
 .text.getScbDump
                0x000000000800ab94       0x30 obj/Debug/src/stm32_libs/stm32f4xx/boctok/stm32f4xx_fault_handler.o
                0x000000000800ab94                getScbDump
 .text.getStackRegisters
                0x000000000800abc4       0x54 obj/Debug/src/stm32_libs/stm32f4xx/boctok/stm32f4xx_fault_handler.o
                0x000000000800abc4                getStackRegisters
 .text.HardFault_Handler
                0x000000000800ac18       0x28 obj/Debug/src/stm32_libs/stm32f4xx/boctok/stm32f4xx_fault_handler.o
                0x000000000800ac18                HardFault_Handler
 .text.NMI_Handler
                0x000000000800ac40       0x28 obj/Debug/src/stm32_libs/stm32f4xx/boctok/stm32f4xx_fault_handler.o
                0x000000000800ac40                NMI_Handler
 .text.MemManage_Handler
                0x000000000800ac68       0x28 obj/Debug/src/stm32_libs/stm32f4xx/boctok/stm32f4xx_fault_handler.o
                0x000000000800ac68                MemManage_Handler
 .text.BusFault_Handler
                0x000000000800ac90       0x28 obj/Debug/src/stm32_libs/stm32f4xx/boctok/stm32f4xx_fault_handler.o
                0x000000000800ac90                BusFault_Handler
 .text.UsageFault_Handler
                0x000000000800acb8       0x28 obj/Debug/src/stm32_libs/stm32f4xx/boctok/stm32f4xx_fault_handler.o
                0x000000000800acb8                UsageFault_Handler
 .text.SVC_Handler
                0x000000000800ace0       0x28 obj/Debug/src/stm32_libs/stm32f4xx/boctok/stm32f4xx_fault_handler.o
                0x000000000800ace0                SVC_Handler
 .text.DebugMon_Handler
                0x000000000800ad08       0x28 obj/Debug/src/stm32_libs/stm32f4xx/boctok/stm32f4xx_fault_handler.o
                0x000000000800ad08                DebugMon_Handler
 .text.PendSV_Handler
                0x000000000800ad30       0x28 obj/Debug/src/stm32_libs/stm32f4xx/boctok/stm32f4xx_fault_handler.o
                0x000000000800ad30                PendSV_Handler
 .text.WWDG_IRQHandler
                0x000000000800ad58       0x28 obj/Debug/src/stm32_libs/stm32f4xx/boctok/stm32f4xx_fault_handler.o
                0x000000000800ad58                WWDG_IRQHandler
 .text.FPU_IRQHandler
                0x000000000800ad80       0x28 obj/Debug/src/stm32_libs/stm32f4xx/boctok/stm32f4xx_fault_handler.o
                0x000000000800ad80                FPU_IRQHandler
 .text.GPIO_configure
                0x000000000800ada8       0xda obj/Debug/src/stm32_libs/stm32f4xx/boctok/stm32f4xx_gpio.o
                0x000000000800ada8                GPIO_configure
 *fill*         0x000000000800ae82        0x2 
 .text.SYSCFG_map_EXTI
                0x000000000800ae84       0xfc obj/Debug/src/stm32_libs/stm32f4xx/boctok/stm32f4xx_gpio.o
                0x000000000800ae84                SYSCFG_map_EXTI
 .text.gpio_set_pin_high
                0x000000000800af80       0x1a obj/Debug/src/stm32_libs/stm32f4xx/boctok/stm32f4xx_gpio.o
                0x000000000800af80                gpio_set_pin_high
 .text.gpio_set_pin_low
                0x000000000800af9a       0x1c obj/Debug/src/stm32_libs/stm32f4xx/boctok/stm32f4xx_gpio.o
                0x000000000800af9a                gpio_set_pin_low
 .text.gpio_get_pin
                0x000000000800afb6       0x2e obj/Debug/src/stm32_libs/stm32f4xx/boctok/stm32f4xx_gpio.o
                0x000000000800afb6                gpio_get_pin
 .text.gpio_set_pin
                0x000000000800afe4       0x6e obj/Debug/src/stm32_libs/stm32f4xx/boctok/stm32f4xx_gpio.o
                0x000000000800afe4                gpio_set_pin
 .text.GPIO_SetAF
                0x000000000800b052       0x9a obj/Debug/src/stm32_libs/stm32f4xx/boctok/stm32f4xx_gpio.o
                0x000000000800b052                GPIO_SetAF
 .text.Reset_Handler
                0x000000000800b0ec       0x50 obj/Debug/src/stm32_libs/stm32f4xx/cmsis/startup_stm32f410xx.o
                0x000000000800b0ec                Reset_Handler
 .text.Default_Handler
                0x000000000800b13c        0x2 obj/Debug/src/stm32_libs/stm32f4xx/cmsis/startup_stm32f410xx.o
                0x000000000800b13c                RTC_Alarm_IRQHandler
                0x000000000800b13c                FMPI2C1_EV_IRQHandler
                0x000000000800b13c                TIM1_CC_IRQHandler
                0x000000000800b13c                DMA2_Stream5_IRQHandler
                0x000000000800b13c                DMA1_Stream5_IRQHandler
                0x000000000800b13c                PVD_IRQHandler
                0x000000000800b13c                TAMP_STAMP_IRQHandler
                0x000000000800b13c                EXTI3_IRQHandler
                0x000000000800b13c                I2C2_EV_IRQHandler
                0x000000000800b13c                DMA1_Stream2_IRQHandler
                0x000000000800b13c                DMA2_Stream2_IRQHandler
                0x000000000800b13c                SPI1_IRQHandler
                0x000000000800b13c                TIM6_DAC_IRQHandler
                0x000000000800b13c                DMA2_Stream3_IRQHandler
                0x000000000800b13c                USART6_IRQHandler
                0x000000000800b13c                I2C1_EV_IRQHandler
                0x000000000800b13c                DMA1_Stream6_IRQHandler
                0x000000000800b13c                DMA1_Stream1_IRQHandler
                0x000000000800b13c                RCC_IRQHandler
                0x000000000800b13c                Default_Handler
                0x000000000800b13c                EXTI15_10_IRQHandler
                0x000000000800b13c                DMA1_Stream7_IRQHandler
                0x000000000800b13c                SPI5_IRQHandler
                0x000000000800b13c                DMA2_Stream7_IRQHandler
                0x000000000800b13c                EXTI9_5_IRQHandler
                0x000000000800b13c                RTC_WKUP_IRQHandler
                0x000000000800b13c                SPI2_IRQHandler
                0x000000000800b13c                DMA1_Stream0_IRQHandler
                0x000000000800b13c                FMPI2C1_ER_IRQHandler
                0x000000000800b13c                EXTI4_IRQHandler
                0x000000000800b13c                RNG_IRQHandler
                0x000000000800b13c                TIM1_UP_IRQHandler
                0x000000000800b13c                USART2_IRQHandler
                0x000000000800b13c                I2C2_ER_IRQHandler
                0x000000000800b13c                DMA2_Stream1_IRQHandler
                0x000000000800b13c                FLASH_IRQHandler
                0x000000000800b13c                DMA2_Stream4_IRQHandler
                0x000000000800b13c                DMA1_Stream4_IRQHandler
                0x000000000800b13c                I2C1_ER_IRQHandler
                0x000000000800b13c                LPTIM1_IRQHandler
                0x000000000800b13c                DMA2_Stream6_IRQHandler
                0x000000000800b13c                DMA1_Stream3_IRQHandler
 .text._init    0x000000000800b13e        0x4 obj/Debug/src/stm32_libs/stm32f4xx/cmsis/system_hse100_stm32f410.o
                0x000000000800b13e                _init
 *fill*         0x000000000800b142        0x2 
 .text.SystemInit
                0x000000000800b144       0x68 obj/Debug/src/stm32_libs/stm32f4xx/cmsis/system_hse100_stm32f410.o
                0x000000000800b144                SystemInit
 .text.SetSysClock
                0x000000000800b1ac       0xe8 obj/Debug/src/stm32_libs/stm32f4xx/cmsis/system_hse100_stm32f410.o
 .text.NVIC_PriorityGroupConfig
                0x000000000800b294       0x1c obj/Debug/src/stm32_libs/stm32f4xx/spl/misc.o
                0x000000000800b294                NVIC_PriorityGroupConfig
 .text.DMA_Init
                0x000000000800b2b0       0xa4 obj/Debug/src/stm32_libs/stm32f4xx/spl/stm32f4xx_dma.o
                0x000000000800b2b0                DMA_Init
 .text.DMA_StructInit
                0x000000000800b354       0x64 obj/Debug/src/stm32_libs/stm32f4xx/spl/stm32f4xx_dma.o
                0x000000000800b354                DMA_StructInit
 .text.I2C_Init
                0x000000000800b3b8      0x1cc obj/Debug/src/stm32_libs/stm32f4xx/spl/stm32f4xx_i2c.o
                0x000000000800b3b8                I2C_Init
 .text.I2C_Cmd  0x000000000800b584       0x3a obj/Debug/src/stm32_libs/stm32f4xx/spl/stm32f4xx_i2c.o
                0x000000000800b584                I2C_Cmd
 .text.I2C_GenerateSTART
                0x000000000800b5be       0x3a obj/Debug/src/stm32_libs/stm32f4xx/spl/stm32f4xx_i2c.o
                0x000000000800b5be                I2C_GenerateSTART
 .text.I2C_GenerateSTOP
                0x000000000800b5f8       0x3a obj/Debug/src/stm32_libs/stm32f4xx/spl/stm32f4xx_i2c.o
                0x000000000800b5f8                I2C_GenerateSTOP
 .text.I2C_Send7bitAddress
                0x000000000800b632       0x42 obj/Debug/src/stm32_libs/stm32f4xx/spl/stm32f4xx_i2c.o
                0x000000000800b632                I2C_Send7bitAddress
 .text.I2C_AcknowledgeConfig
                0x000000000800b674       0x3a obj/Debug/src/stm32_libs/stm32f4xx/spl/stm32f4xx_i2c.o
                0x000000000800b674                I2C_AcknowledgeConfig
 .text.I2C_SendData
                0x000000000800b6ae       0x1a obj/Debug/src/stm32_libs/stm32f4xx/spl/stm32f4xx_i2c.o
                0x000000000800b6ae                I2C_SendData
 .text.I2C_ReceiveData
                0x000000000800b6c8       0x12 obj/Debug/src/stm32_libs/stm32f4xx/spl/stm32f4xx_i2c.o
                0x000000000800b6c8                I2C_ReceiveData
 .text.I2C_CheckEvent
                0x000000000800b6da       0x5e obj/Debug/src/stm32_libs/stm32f4xx/spl/stm32f4xx_i2c.o
                0x000000000800b6da                I2C_CheckEvent
 .text.I2C_GetFlagStatus
                0x000000000800b738       0x64 obj/Debug/src/stm32_libs/stm32f4xx/spl/stm32f4xx_i2c.o
                0x000000000800b738                I2C_GetFlagStatus
 .text.I2C_ClearFlag
                0x000000000800b79c       0x24 obj/Debug/src/stm32_libs/stm32f4xx/spl/stm32f4xx_i2c.o
                0x000000000800b79c                I2C_ClearFlag
 .text.RCC_GetClocksFreq
                0x000000000800b7c0      0x148 obj/Debug/src/stm32_libs/stm32f4xx/spl/stm32f4xx_rcc.o
                0x000000000800b7c0                RCC_GetClocksFreq
 .text.USART_Init
                0x000000000800b908      0x170 obj/Debug/src/stm32_libs/stm32f4xx/spl/stm32f4xx_usart.o
                0x000000000800b908                USART_Init
 .text.USART_Cmd
                0x000000000800ba78       0x3a obj/Debug/src/stm32_libs/stm32f4xx/spl/stm32f4xx_usart.o
                0x000000000800ba78                USART_Cmd
 .text.USART_ReceiveData
                0x000000000800bab2       0x16 obj/Debug/src/stm32_libs/stm32f4xx/spl/stm32f4xx_usart.o
                0x000000000800bab2                USART_ReceiveData
 .text.USART_ITConfig
                0x000000000800bac8       0x90 obj/Debug/src/stm32_libs/stm32f4xx/spl/stm32f4xx_usart.o
                0x000000000800bac8                USART_ITConfig
 .text.Eeprom_init
                0x000000000800bb58       0xc0 obj/Debug/src/storage/eeprom.o
                0x000000000800bb58                Eeprom_init
 .text.eeprom_write_byte
                0x000000000800bc18      0x15c obj/Debug/src/storage/eeprom.o
                0x000000000800bc18                eeprom_write_byte
 .text.eeprom_read_byte
                0x000000000800bd74      0x1f4 obj/Debug/src/storage/eeprom.o
                0x000000000800bd74                eeprom_read_byte
 .text.eeprom_wait
                0x000000000800bf68       0xe4 obj/Debug/src/storage/eeprom.o
                0x000000000800bf68                eeprom_wait
 .text.eeprom_update_byte
                0x000000000800c04c       0x9c obj/Debug/src/storage/eeprom.o
                0x000000000800c04c                eeprom_update_byte
 .text.Eeprom_load_data
                0x000000000800c0e8       0x6c obj/Debug/src/storage/eeprom.o
                0x000000000800c0e8                Eeprom_load_data
 .text.Eeprom_update_data
                0x000000000800c154       0x64 obj/Debug/src/storage/eeprom.o
                0x000000000800c154                Eeprom_update_data
 .text.getValue_t2D
                0x000000000800c1b8      0x194 obj/Debug/src/storage/table.o
                0x000000000800c1b8                getValue_t2D
 .text.getValue_t3D
                0x000000000800c34c      0x5d2 obj/Debug/src/storage/table.o
                0x000000000800c34c                getValue_t3D
 .text.load_t2D_data
                0x000000000800c91e       0x24 obj/Debug/src/storage/table.o
                0x000000000800c91e                load_t2D_data
 .text.load_t2D
                0x000000000800c942       0x26 obj/Debug/src/storage/table.o
                0x000000000800c942                load_t2D
 .text.load_t3D_data
                0x000000000800c968       0x26 obj/Debug/src/storage/table.o
                0x000000000800c968                load_t3D_data
 .text.store_t2D_data
                0x000000000800c98e       0x22 obj/Debug/src/storage/table.o
                0x000000000800c98e                store_t2D_data
 .text.store_t2D
                0x000000000800c9b0       0x24 obj/Debug/src/storage/table.o
                0x000000000800c9b0                store_t2D
 .text.store_t3D_data
                0x000000000800c9d4       0x24 obj/Debug/src/storage/table.o
                0x000000000800c9d4                store_t3D_data
 .text.show_t3D_data
                0x000000000800c9f8       0xd8 obj/Debug/src/storage/table.o
                0x000000000800c9f8                show_t3D_data
 .text.show_t2D_data
                0x000000000800cad0       0x8c obj/Debug/src/storage/table.o
                0x000000000800cad0                show_t2D_data
 .text.modify_t2D_data
                0x000000000800cb5c       0x2c obj/Debug/src/storage/table.o
                0x000000000800cb5c                modify_t2D_data
 .text.modify_t3D_data
                0x000000000800cb88       0x2e obj/Debug/src/storage/table.o
                0x000000000800cb88                modify_t3D_data
 .text.send_t2D_data
                0x000000000800cbb6       0x20 obj/Debug/src/storage/table.o
                0x000000000800cbb6                send_t2D_data
 .text.send_t3D_data
                0x000000000800cbd6       0x22 obj/Debug/src/storage/table.o
                0x000000000800cbd6                send_t3D_data
 .text.NVIC_EnableIRQ
                0x000000000800cbf8       0x2c obj/Debug/src/timing/lowprio_scheduler.o
 .text.NVIC_ClearPendingIRQ
                0x000000000800cc24       0x30 obj/Debug/src/timing/lowprio_scheduler.o
 .text.NVIC_SetPriority
                0x000000000800cc54       0x50 obj/Debug/src/timing/lowprio_scheduler.o
 .text.safe_callback
                0x000000000800cca4        0xe obj/Debug/src/timing/lowprio_scheduler.o
 *fill*         0x000000000800ccb2        0x2 
 .text.init_lowprio_scheduler
                0x000000000800ccb4       0xac obj/Debug/src/timing/lowprio_scheduler.o
                0x000000000800ccb4                init_lowprio_scheduler
 .text.lowprio_scheduler_set_channel
                0x000000000800cd60      0x384 obj/Debug/src/timing/lowprio_scheduler.o
                0x000000000800cd60                lowprio_scheduler_set_channel
 .text.TIM1_TRG_COM_TIM11_IRQHandler
                0x000000000800d0e4      0x2d4 obj/Debug/src/timing/lowprio_scheduler.o
                0x000000000800d0e4                TIM1_TRG_COM_TIM11_IRQHandler
 .text.NVIC_EnableIRQ
                0x000000000800d3b8       0x2c obj/Debug/src/timing/scheduler.o
 .text.NVIC_ClearPendingIRQ
                0x000000000800d3e4       0x30 obj/Debug/src/timing/scheduler.o
 .text.NVIC_SetPriority
                0x000000000800d414       0x50 obj/Debug/src/timing/scheduler.o
 .text.allocate_timer_channel_1
                0x000000000800d464       0x6c obj/Debug/src/timing/scheduler.o
                0x000000000800d464                allocate_timer_channel_1
 .text.reset_timer_channel_1
                0x000000000800d4d0       0x38 obj/Debug/src/timing/scheduler.o
                0x000000000800d4d0                reset_timer_channel_1
 .text.allocate_timer_channel_2
                0x000000000800d508       0x6c obj/Debug/src/timing/scheduler.o
                0x000000000800d508                allocate_timer_channel_2
 .text.reset_timer_channel_2
                0x000000000800d574       0x38 obj/Debug/src/timing/scheduler.o
                0x000000000800d574                reset_timer_channel_2
 .text.allocate_timer_channel_3
                0x000000000800d5ac       0x6c obj/Debug/src/timing/scheduler.o
                0x000000000800d5ac                allocate_timer_channel_3
 .text.reset_timer_channel_3
                0x000000000800d618       0x38 obj/Debug/src/timing/scheduler.o
                0x000000000800d618                reset_timer_channel_3
 .text.allocate_timer_channel_4
                0x000000000800d650       0x6c obj/Debug/src/timing/scheduler.o
                0x000000000800d650                allocate_timer_channel_4
 .text.reset_timer_channel_4
                0x000000000800d6bc       0x38 obj/Debug/src/timing/scheduler.o
                0x000000000800d6bc                reset_timer_channel_4
 .text.init_Vital_Scheduler
                0x000000000800d6f4      0x108 obj/Debug/src/timing/scheduler.o
                0x000000000800d6f4                init_Vital_Scheduler
 .text.scheduler_set_channel
                0x000000000800d7fc      0x1a4 obj/Debug/src/timing/scheduler.o
                0x000000000800d7fc                scheduler_set_channel
 .text.scheduler_reset_channel
                0x000000000800d9a0       0x7c obj/Debug/src/timing/scheduler.o
                0x000000000800d9a0                scheduler_reset_channel
 .text.allocate_channel
                0x000000000800da1c      0x108 obj/Debug/src/timing/scheduler.o
                0x000000000800da1c                allocate_channel
 .text.TIM5_IRQHandler
                0x000000000800db24      0x1c0 obj/Debug/src/timing/scheduler.o
                0x000000000800db24                TIM5_IRQHandler
 .text.scheduler_diag_log_event
                0x000000000800dce4       0x44 obj/Debug/src/timing/scheduler_diag.o
                0x000000000800dce4                scheduler_diag_log_event
 .text.print_scheduler_diag
                0x000000000800dd28       0x84 obj/Debug/src/timing/scheduler_diag.o
                0x000000000800dd28                print_scheduler_diag
 .text.NVIC_SetPriority
                0x000000000800ddac       0x50 obj/Debug/src/timing/systick_timer.o
 .text.init_systick_timer
                0x000000000800ddfc       0x30 obj/Debug/src/timing/systick_timer.o
                0x000000000800ddfc                init_systick_timer
 .text.get_timestamp_fraction_us
                0x000000000800de2c       0x2c obj/Debug/src/timing/systick_timer.o
                0x000000000800de2c                get_timestamp_fraction_us
 .text.SysTick_Handler
                0x000000000800de58      0x150 obj/Debug/src/timing/systick_timer.o
                0x000000000800de58                SysTick_Handler
 .text.calc_rot_duration_us
                0x000000000800dfa8       0x24 obj/Debug/src/utils/base_calc.o
                0x000000000800dfa8                calc_rot_duration_us
 .text.calc_rot_angle_deg
                0x000000000800dfcc       0x36 obj/Debug/src/utils/base_calc.o
                0x000000000800dfcc                calc_rot_angle_deg
 *fill*         0x000000000800e002        0x2 
 .text.calc_rpm
                0x000000000800e004       0x30 obj/Debug/src/utils/base_calc.o
                0x000000000800e004                calc_rpm
 .text.sub_VU32
                0x000000000800e034       0x2a obj/Debug/src/utils/base_calc.o
                0x000000000800e034                sub_VU32
 .text.subtract_VU32
                0x000000000800e05e       0x1e obj/Debug/src/utils/base_calc.o
                0x000000000800e05e                subtract_VU32
 .text.divide_VU32
                0x000000000800e07c       0x2a obj/Debug/src/utils/base_calc.o
                0x000000000800e07c                divide_VU32
 *fill*         0x000000000800e0a6        0x2 
 .text.divide_VF32
                0x000000000800e0a8       0x48 obj/Debug/src/utils/base_calc.o
                0x000000000800e0a8                divide_VF32
 .text.divide_float
                0x000000000800e0f0       0x48 obj/Debug/src/utils/base_calc.o
                0x000000000800e0f0                divide_float
 .text.crank_position_after
                0x000000000800e138       0x2e obj/Debug/src/utils/base_calc.o
                0x000000000800e138                crank_position_after
 .text.opposite_phase
                0x000000000800e166       0x2c obj/Debug/src/utils/base_calc.o
                0x000000000800e166                opposite_phase
 .text.solve_linear
                0x000000000800e192       0x56 obj/Debug/src/utils/base_calc.o
                0x000000000800e192                solve_linear
 .text.calc_ema
                0x000000000800e1e8       0x74 obj/Debug/src/utils/base_calc.o
                0x000000000800e1e8                calc_ema
 .text.calc_derivative_s
                0x000000000800e25c       0x68 obj/Debug/src/utils/base_calc.o
                0x000000000800e25c                calc_derivative_s
 .text.getBit_BF8
                0x000000000800e2c4       0x46 obj/Debug/src/utils/bitfields.o
                0x000000000800e2c4                getBit_BF8
 *fill*         0x000000000800e30a        0x2 
 .text.__libc_init_array
                0x000000000800e30c       0x48 /opt/gcc-arm-none-eabi-7-2017-q4-major/bin/../lib/gcc/arm-none-eabi/7.2.1/../../../../arm-none-eabi/lib/thumb/v7e-m/fpv4-sp/hard/libc.a(lib_a-init.o)
                0x000000000800e30c                __libc_init_array
 *(.rodata)
 .rodata        0x000000000800e354      0x7c2 obj/Debug/src/com/Tuareg_console.o
                0x000000000800e354                Tuareg_Version
 *fill*         0x000000000800eb16        0x2 
 .rodata        0x000000000800eb18      0x2ac obj/Debug/src/com/TunerStudio_service.o
 .rodata        0x000000000800edc4       0x5f obj/Debug/src/com/uart_printf.o
 *fill*         0x000000000800ee23        0x1 
 .rodata        0x000000000800ee24       0x16 obj/Debug/src/debug/debug_port_messages.o
 *fill*         0x000000000800ee3a        0x2 
 .rodata        0x000000000800ee3c      0x15f obj/Debug/src/decoder/decoder_config.o
 *fill*         0x000000000800ef9b        0x1 
 .rodata        0x000000000800ef9c      0x227 obj/Debug/src/decoder/decoder_diag.o
                0x000000000800ef9c                decoder_diag_legend
 *fill*         0x000000000800f1c3        0x1 
 .rodata        0x000000000800f1c4       0x32 obj/Debug/src/diagnostics/fault_log.o
 *fill*         0x000000000800f1f6        0x2 
 .rodata        0x000000000800f1f8       0x76 obj/Debug/src/diagnostics/highspeed_loggers.o
 *fill*         0x000000000800f26e        0x2 
 .rodata        0x000000000800f270       0x6c obj/Debug/src/diagnostics/syslog.o
 .rodata        0x000000000800f2dc      0x5d0 obj/Debug/src/fueling/fueling_config.o
 .rodata        0x000000000800f8ac      0x34b obj/Debug/src/fueling/fueling_diag.o
                0x000000000800f8ac                fueling_diag_legend
 *fill*         0x000000000800fbf7        0x1 
 .rodata        0x000000000800fbf8      0x1d8 obj/Debug/src/ignition/ignition_config.o
 .rodata        0x000000000800fdd0      0x1c7 obj/Debug/src/ignition/ignition_diag.o
                0x000000000800fdd0                ignition_diag_legend
 *fill*         0x000000000800ff97        0x1 
 .rodata        0x000000000800ff98      0x1a1 obj/Debug/src/main/Tuareg_config.o
 *fill*         0x0000000008010139        0x3 