Archive member included to satisfy reference by file (symbol)

/opt/gcc-arm-none-eabi-7-2017-q4-major/bin/../lib/gcc/arm-none-eabi/7.2.1/../../../../arm-none-eabi/lib/thumb/v7e-m/fpv4-sp/hard/libc.a(lib_a-init.o)
                              obj/Release/src/stm32_libs/stm32f4xx/cmsis/startup_stm32f410xx.o (__libc_init_array)

Discarded input sections

 .text          0x0000000000000000        0x0 obj/Release/src/actors/act_hw.o
 .data          0x0000000000000000        0x0 obj/Release/src/actors/act_hw.o
 .bss           0x0000000000000000        0x0 obj/Release/src/actors/act_hw.o
 .text.set_act1
                0x0000000000000000       0x20 obj/Release/src/actors/act_hw.o
 .text.set_act2
                0x0000000000000000       0x20 obj/Release/src/actors/act_hw.o
 .text.init_act_hw
                0x0000000000000000       0x4c obj/Release/src/actors/act_hw.o
 .comment       0x0000000000000000       0x7f obj/Release/src/actors/act_hw.o
 .ARM.attributes
                0x0000000000000000       0x39 obj/Release/src/actors/act_hw.o
 .text          0x0000000000000000        0x0 obj/Release/src/actors/act_logic.o
 .data          0x0000000000000000        0x0 obj/Release/src/actors/act_logic.o
 .bss           0x0000000000000000        0x0 obj/Release/src/actors/act_logic.o
 .text.init_act_logic
                0x0000000000000000        0x2 obj/Release/src/actors/act_logic.o
 .comment       0x0000000000000000       0x7f obj/Release/src/actors/act_logic.o
 .ARM.attributes
                0x0000000000000000       0x39 obj/Release/src/actors/act_logic.o
 .text          0x0000000000000000        0x0 obj/Release/src/com/serial_buffer.o
 .data          0x0000000000000000        0x0 obj/Release/src/com/serial_buffer.o
 .bss           0x0000000000000000        0x0 obj/Release/src/com/serial_buffer.o
 .text          0x0000000000000000        0x0 obj/Release/src/com/serial_monitor.o
 .data          0x0000000000000000        0x0 obj/Release/src/com/serial_monitor.o
 .bss           0x0000000000000000        0x0 obj/Release/src/com/serial_monitor.o
 .comment       0x0000000000000000       0x7f obj/Release/src/com/serial_monitor.o
 .ARM.attributes
                0x0000000000000000       0x39 obj/Release/src/com/serial_monitor.o
 .text          0x0000000000000000        0x0 obj/Release/src/com/Tuareg_console.o
 .data          0x0000000000000000        0x0 obj/Release/src/com/Tuareg_console.o
 .bss           0x0000000000000000        0x0 obj/Release/src/com/Tuareg_console.o
 .rodata.cTSmaxChunkLen
                0x0000000000000000        0x4 obj/Release/src/com/Tuareg_console.o
 .rodata.cTSmaxOffset
                0x0000000000000000        0x4 obj/Release/src/com/Tuareg_console.o
 .text          0x0000000000000000        0x0 obj/Release/src/com/TunerStudio.o
 .data          0x0000000000000000        0x0 obj/Release/src/com/TunerStudio.o
 .bss           0x0000000000000000        0x0 obj/Release/src/com/TunerStudio.o
 .text          0x0000000000000000        0x0 obj/Release/src/com/TunerStudio_outChannel.o
 .data          0x0000000000000000        0x0 obj/Release/src/com/TunerStudio_outChannel.o
 .bss           0x0000000000000000        0x0 obj/Release/src/com/TunerStudio_outChannel.o
 .rodata.cOut_size
                0x0000000000000000        0x4 obj/Release/src/com/TunerStudio_outChannel.o
 .rodata.pOut_data
                0x0000000000000000        0x4 obj/Release/src/com/TunerStudio_outChannel.o
 .text          0x0000000000000000        0x0 obj/Release/src/com/TunerStudio_service.o
 .data          0x0000000000000000        0x0 obj/Release/src/com/TunerStudio_service.o
 .bss           0x0000000000000000        0x0 obj/Release/src/com/TunerStudio_service.o
 .text          0x0000000000000000        0x0 obj/Release/src/com/uart.o
 .data          0x0000000000000000        0x0 obj/Release/src/com/uart.o
 .bss           0x0000000000000000        0x0 obj/Release/src/com/uart.o
 .text.UART_listen
                0x0000000000000000        0xa obj/Release/src/com/uart.o
 .text.UART_nolisten
                0x0000000000000000        0xa obj/Release/src/com/uart.o
 .text          0x0000000000000000        0x0 obj/Release/src/com/uart_printf.o
 .data          0x0000000000000000        0x0 obj/Release/src/com/uart_printf.o
 .bss           0x0000000000000000        0x0 obj/Release/src/com/uart_printf.o
 .text.printf_S
                0x0000000000000000       0x20 obj/Release/src/com/uart_printf.o
 .text.printf_U8
                0x0000000000000000       0x42 obj/Release/src/com/uart_printf.o
 .text.printf_U32hex
                0x0000000000000000       0x30 obj/Release/src/com/uart_printf.o
 .text          0x0000000000000000        0x0 obj/Release/src/dash/dash_hw.o
 .data          0x0000000000000000        0x0 obj/Release/src/dash/dash_hw.o
 .bss           0x0000000000000000        0x0 obj/Release/src/dash/dash_hw.o
 .text          0x0000000000000000        0x0 obj/Release/src/dash/Tuareg_dash.o
[...]
Memory Configuration

Name             Origin             Length             Attributes
FLASH            0x0000000008000000 0x0000000000020000 xr
RAM              0x0000000020000000 0x0000000000008000 xrw
MEMORY_B1        0x0000000060000000 0x0000000000000000 xr
*default*        0x0000000000000000 0xffffffffffffffff

Linker script and memory map

LOAD obj/Release/src/actors/act_hw.o
LOAD obj/Release/src/actors/act_logic.o
LOAD obj/Release/src/com/serial_buffer.o
LOAD obj/Release/src/com/serial_monitor.o
LOAD obj/Release/src/com/Tuareg_console.o
LOAD obj/Release/src/com/TunerStudio.o
LOAD obj/Release/src/com/TunerStudio_outChannel.o
LOAD obj/Release/src/com/TunerStudio_service.o
LOAD obj/Release/src/com/uart.o
LOAD obj/Release/src/com/uart_printf.o
LOAD obj/Release/src/dash/dash_hw.o
LOAD obj/Release/src/dash/Tuareg_dash.o
LOAD obj/Release/src/debug/debug.o
LOAD obj/Release/src/debug/debug_port_messages.o
LOAD obj/Release/src/debug/dwt.o
LOAD obj/Release/src/decoder/decoder_cis.o
LOAD obj/Release/src/decoder/decoder_config.o
LOAD obj/Release/src/decoder/decoder_debug.o
LOAD obj/Release/src/decoder/decoder_diag.o
LOAD obj/Release/src/decoder/decoder_hw.o
LOAD obj/Release/src/decoder/decoder_logic.o
LOAD obj/Release/src/decoder/Tuareg_decoder.o
LOAD obj/Release/src/diagnostics/diagnostics.o
LOAD obj/Release/src/diagnostics/fault_log.o
LOAD obj/Release/src/diagnostics/highspeed_loggers.o
LOAD obj/Release/src/diagnostics/syslog.o
LOAD obj/Release/src/fueling/accel_comp.o
LOAD obj/Release/src/fueling/fueling_config.o
LOAD obj/Release/src/fueling/fueling_corrections.o
LOAD obj/Release/src/fueling/fueling_diag.o
LOAD obj/Release/src/fueling/fueling_hw.o
LOAD obj/Release/src/fueling/injector_parameters.o
LOAD obj/Release/src/fueling/Tuareg_fueling.o
LOAD obj/Release/src/fueling/Tuareg_fueling_controls.o
LOAD obj/Release/src/ignition/ignition_config.o
LOAD obj/Release/src/ignition/ignition_diag.o
LOAD obj/Release/src/ignition/ignition_hw.o
LOAD obj/Release/src/ignition/Tuareg_ignition.o
LOAD obj/Release/src/ignition/Tuareg_ignition_controls.o
LOAD obj/Release/src/main/main.o
LOAD obj/Release/src/main/Tuareg.o
LOAD obj/Release/src/main/Tuareg_config.o
LOAD obj/Release/src/main/Tuareg_diag.o
LOAD obj/Release/src/main/Tuareg_errors.o
LOAD obj/Release/src/main/Tuareg_ID.o
LOAD obj/Release/src/main/Tuareg_process_data.o
LOAD obj/Release/src/main/Tuareg_service_functions.o
LOAD obj/Release/src/main/Tuareg_types.o
LOAD obj/Release/src/module_test/module_test.o
LOAD obj/Release/src/process_table/process_table.o
LOAD obj/Release/src/sensors/analog_sensors.o
LOAD obj/Release/src/sensors/digital_sensors.o
LOAD obj/Release/src/sensors/knock_sensor.o
LOAD obj/Release/src/sensors/sensor_calibration.o
LOAD obj/Release/src/sensors/sensors_diag.o
LOAD obj/Release/src/sensors/Tuareg_sensors.o
LOAD obj/Release/src/stm32_libs/stm32f4xx/boctok/stm32f4xx_adc_boctok.o
LOAD obj/Release/src/stm32_libs/stm32f4xx/boctok/stm32f4xx_fault_handler_boctok.o
LOAD obj/Release/src/stm32_libs/stm32f4xx/boctok/stm32f4xx_gpio_boctok.o
LOAD obj/Release/src/stm32_libs/stm32f4xx/cmsis/startup_stm32f410xx.o
LOAD obj/Release/src/stm32_libs/stm32f4xx/cmsis/system_hse100_stm32f410.o
LOAD obj/Release/src/stm32_libs/stm32f4xx/spl/misc.o
LOAD obj/Release/src/stm32_libs/stm32f4xx/spl/stm32f4xx_dma.o
LOAD obj/Release/src/stm32_libs/stm32f4xx/spl/stm32f4xx_i2c.o
LOAD obj/Release/src/stm32_libs/stm32f4xx/spl/stm32f4xx_rcc.o
LOAD obj/Release/src/stm32_libs/stm32f4xx/spl/stm32f4xx_usart.o
LOAD obj/Release/src/storage/eeprom.o
LOAD obj/Release/src/storage/table.o
LOAD obj/Release/src/timing/lowprio_scheduler.o
LOAD obj/Release/src/timing/scheduler.o
LOAD obj/Release/src/timing/scheduler_diag.o
LOAD obj/Release/src/timing/systick_timer.o
LOAD obj/Release/src/utils/base_calc.o
LOAD obj/Release/src/utils/bitfields.o
LOAD obj/Release/src/utils/conversion.o
                0x0000000020008000                _estack = 0x20008000
                0x0000000000000000                _Min_Heap_Size = 0x0
                0x0000000000000100                _Min_Stack_Size = 0x100

.isr_vector     0x0000000008000000      0x1c8
                0x0000000008000000                . = ALIGN (0x4)
 *(.isr_vector)
 .isr_vector    0x0000000008000000      0x1c8 obj/Release/src/stm32_libs/stm32f4xx/cmsis/startup_stm32f410xx.o
                0x0000000008000000                g_pfnVectors
                0x00000000080001c8                . = ALIGN (0x4)

.text           0x00000000080001c8     0xc17c
                0x00000000080001c8                . = ALIGN (0x4)
 *(.text)
 *(.text*)
 .text.ComRx_Buffer_reset
                0x00000000080001c8       0x3c obj/Release/src/com/serial_buffer.o
                0x00000000080001c8                ComRx_Buffer_reset
 .text.ComRx_Buffer_avail
                0x0000000008000204        0xc obj/Release/src/com/serial_buffer.o
                0x0000000008000204                ComRx_Buffer_avail
 .text.ComRx_Buffer_push
                0x0000000008000210       0x50 obj/Release/src/com/serial_buffer.o
                0x0000000008000210                ComRx_Buffer_push
 .text.ComRx_Buffer_pull
                0x0000000008000260       0x44 obj/Release/src/com/serial_buffer.o
                0x0000000008000260                ComRx_Buffer_pull
 .text.ComRx_Buffer_pull_U16
                0x00000000080002a4       0x30 obj/Release/src/com/serial_buffer.o
                0x00000000080002a4                ComRx_Buffer_pull_U16
 .text.ComRx_Buffer_pull_U32
                0x00000000080002d4       0x56 obj/Release/src/com/serial_buffer.o
                0x00000000080002d4                ComRx_Buffer_pull_U32
 *fill*         0x000000000800032a        0x2 
 .text.cli_showPage
                0x000000000800032c       0xa0 obj/Release/src/com/Tuareg_console.o
                0x000000000800032c                cli_showPage
 .text.cli_setPermissions
                0x00000000080003cc      0x11c obj/Release/src/com/Tuareg_console.o
                0x00000000080003cc                cli_setPermissions
 .text.cli_show_help
                0x00000000080004e8       0x84 obj/Release/src/com/Tuareg_console.o
                0x00000000080004e8                cli_show_help
 .text.Tuareg_update_console
                0x000000000800056c      0x298 obj/Release/src/com/Tuareg_console.o
                0x000000000800056c                Tuareg_update_console
 .text.cli_cyclic_update
                0x0000000008000804       0x1c obj/Release/src/com/Tuareg_console.o
                0x0000000008000804                cli_cyclic_update
 .text.Tuareg_init_console
                0x0000000008000820       0x18 obj/Release/src/com/Tuareg_console.o
                0x0000000008000820                Tuareg_init_console
 .text.ts_readPage
                0x0000000008000838       0xac obj/Release/src/com/TunerStudio.o
                0x0000000008000838                ts_readPage
 .text.ts_valueWrite
                0x00000000080008e4      0x194 obj/Release/src/com/TunerStudio.o
                0x00000000080008e4                ts_valueWrite
 .text.ts_burnPage
                0x0000000008000a78       0xc4 obj/Release/src/com/TunerStudio.o
                0x0000000008000a78                ts_burnPage
 .text.ts_tuareg_bits
                0x0000000008000b3c      0x1d4 obj/Release/src/com/TunerStudio_outChannel.o
                0x0000000008000b3c                ts_tuareg_bits
 .text.ts_sendOutputChannels
                0x0000000008000d10      0x144 obj/Release/src/com/TunerStudio_outChannel.o
                0x0000000008000d10                ts_sendOutputChannels
 .text.ts_debug_features
                0x0000000008000e54       0xc4 obj/Release/src/com/TunerStudio_service.o
                0x0000000008000e54                ts_debug_features
 .text.cli_show_debug_help
                0x0000000008000f18       0xb4 obj/Release/src/com/TunerStudio_service.o
                0x0000000008000f18                cli_show_debug_help
 .text.cli_show_process_data
                0x0000000008000fcc      0x114 obj/Release/src/com/TunerStudio_service.o
                0x0000000008000fcc                cli_show_process_data
 .text.cli_show_ignition_controls
                0x00000000080010e0      0x108 obj/Release/src/com/TunerStudio_service.o
                0x00000000080010e0                cli_show_ignition_controls
 .text.cli_show_fueling_controls
                0x00000000080011e8      0x3b8 obj/Release/src/com/TunerStudio_service.o
                0x00000000080011e8                cli_show_fueling_controls
 .text.cli_show_decoder_interface
                0x00000000080015a0      0x124 obj/Release/src/com/TunerStudio_service.o
                0x00000000080015a0                cli_show_decoder_interface
 .text.cli_print_sensor_data
                0x00000000080016c4      0x21c obj/Release/src/com/TunerStudio_service.o
                0x00000000080016c4                cli_print_sensor_data
 .text.ts_debug_info
                0x00000000080018e0       0xc4 obj/Release/src/com/TunerStudio_service.o
                0x00000000080018e0                ts_debug_info
 .text.UART_TS_PORT_Init
                0x00000000080019a4       0xa0 obj/Release/src/com/uart.o
                0x00000000080019a4                UART_TS_PORT_Init
 .text.UART_DEBUG_PORT_Init
                0x0000000008001a44       0x68 obj/Release/src/com/uart.o
                0x0000000008001a44                UART_DEBUG_PORT_Init
 .text.UART_Tx  0x0000000008001aac        0xc obj/Release/src/com/uart.o
                0x0000000008001aac                UART_Tx
 .text.UART_send_data
                0x0000000008001ab8       0x1a obj/Release/src/com/uart.o
                0x0000000008001ab8                UART_send_data
 *fill*         0x0000000008001ad2        0x2 
 .text.USART1_IRQHandler
                0x0000000008001ad4       0x30 obj/Release/src/com/uart.o
                0x0000000008001ad4                USART1_IRQHandler
 .text.printf_U
                0x0000000008001b04      0x164 obj/Release/src/com/uart_printf.o
                0x0000000008001b04                printf_U
 .text.printf_F32
                0x0000000008001c68       0xcc obj/Release/src/com/uart_printf.o
                0x0000000008001c68                printf_F32
 .text.printf_nib_hex
                0x0000000008001d34       0x10 obj/Release/src/com/uart_printf.o
                0x0000000008001d34                printf_nib_hex
 .text.print    0x0000000008001d44       0x16 obj/Release/src/com/uart_printf.o
                0x0000000008001d44                print
 *fill*         0x0000000008001d5a        0x2 
 .text.printf_U8hex
                0x0000000008001d5c       0x38 obj/Release/src/com/uart_printf.o
                0x0000000008001d5c                printf_U8hex
 .text.printf_crkpos
                0x0000000008001d94       0x6c obj/Release/src/com/uart_printf.o
                0x0000000008001d94                printf_crkpos
 .text.printf_phase
                0x0000000008001e00       0x30 obj/Release/src/com/uart_printf.o
                0x0000000008001e00                printf_phase
 .text.printf_decoder_sensing
                0x0000000008001e30       0x54 obj/Release/src/com/uart_printf.o
                0x0000000008001e30                printf_decoder_sensing
 .text.print_flash
                0x0000000008001e84        0x4 obj/Release/src/com/uart_printf.o
                0x0000000008001e84                print_flash
 .text.set_tachometer_hw
                0x0000000008001e88       0x30 obj/Release/src/dash/dash_hw.o
                0x0000000008001e88                set_tachometer_hw
 .text.set_mil_hw
                0x0000000008001eb8       0x38 obj/Release/src/dash/dash_hw.o
                0x0000000008001eb8                set_mil_hw
 .text.init_dash_hw
                0x0000000008001ef0       0x4c obj/Release/src/dash/dash_hw.o
                0x0000000008001ef0                init_dash_hw
 .text.set_mil  0x0000000008001f3c       0x48 obj/Release/src/dash/Tuareg_dash.o
                0x0000000008001f3c                set_mil
 .text.init_dash
                0x0000000008001f84       0x10 obj/Release/src/dash/Tuareg_dash.o
                0x0000000008001f84                init_dash
 .text.update_mil
                0x0000000008001f94       0xa0 obj/Release/src/dash/Tuareg_dash.o
                0x0000000008001f94                update_mil
 .text.DebugMsg_Warning
                0x0000000008002034       0x24 obj/Release/src/debug/debug_port_messages.o
                0x0000000008002034                DebugMsg_Warning
 .text.decoder_update_cis
                0x0000000008002058      0x188 obj/Release/src/decoder/decoder_cis.o
                0x0000000008002058                decoder_update_cis
 .text.decoder_cis_handler
                0x00000000080021e0       0x9c obj/Release/src/decoder/decoder_cis.o
                0x00000000080021e0                decoder_cis_handler
 .text.decoder_cis_noisefilter_handler
                0x000000000800227c        0x4 obj/Release/src/decoder/decoder_cis.o
                0x000000000800227c                decoder_cis_noisefilter_handler
 .text.enable_cis
                0x0000000008002280       0x4c obj/Release/src/decoder/decoder_cis.o
                0x0000000008002280                enable_cis
 .text.disable_cis
                0x00000000080022cc        0xe obj/Release/src/decoder/decoder_cis.o
                0x00000000080022cc                disable_cis
 *fill*         0x00000000080022da        0x2 
 .text.load_Decoder_Setup
                0x00000000080022dc       0x1c obj/Release/src/decoder/decoder_config.o
                0x00000000080022dc                load_Decoder_Setup
 .text.load_essential_Decoder_Setup
                0x00000000080022f8       0x3c obj/Release/src/decoder/decoder_config.o
                0x00000000080022f8                load_essential_Decoder_Setup
 .text.store_Decoder_Setup
                0x0000000008002334       0x10 obj/Release/src/decoder/decoder_config.o
                0x0000000008002334                store_Decoder_Setup
 .text.show_Decoder_Setup
                0x0000000008002344      0x154 obj/Release/src/decoder/decoder_config.o
                0x0000000008002344                show_Decoder_Setup
 .text.modify_Decoder_Setup
                0x0000000008002498       0x18 obj/Release/src/decoder/decoder_config.o
                0x0000000008002498                modify_Decoder_Setup
 .text.send_Decoder_Setup
                0x00000000080024b0        0xc obj/Release/src/decoder/decoder_config.o
                0x00000000080024b0                send_Decoder_Setup
 .text.decoder_diag_log_event
                0x00000000080024bc       0x28 obj/Release/src/decoder/decoder_diag.o
                0x00000000080024bc                decoder_diag_log_event
 .text.print_decoder_diag
                0x00000000080024e4       0x68 obj/Release/src/decoder/decoder_diag.o
                0x00000000080024e4                print_decoder_diag
 .text.decoder_stop_timer
                0x000000000800254c       0x1c obj/Release/src/decoder/decoder_hw.o
                0x000000000800254c                decoder_stop_timer
 .text.update_crank_noisefilter
                0x0000000008002568       0x40 obj/Release/src/decoder/decoder_hw.o
                0x0000000008002568                update_crank_noisefilter
 .text.update_cam_noisefilter
                0x00000000080025a8       0x40 obj/Release/src/decoder/decoder_hw.o
                0x00000000080025a8                update_cam_noisefilter
 .text.decoder_mask_crank_irq
                0x00000000080025e8       0x10 obj/Release/src/decoder/decoder_hw.o
                0x00000000080025e8                decoder_mask_crank_irq
 .text.decoder_unmask_crank_irq
                0x00000000080025f8       0x14 obj/Release/src/decoder/decoder_hw.o
                0x00000000080025f8                decoder_unmask_crank_irq
 .text.decoder_mask_cis_irq
                0x000000000800260c       0x10 obj/Release/src/decoder/decoder_hw.o
                0x000000000800260c                decoder_mask_cis_irq
 .text.decoder_unmask_cis_irq
                0x000000000800261c       0x14 obj/Release/src/decoder/decoder_hw.o
                0x000000000800261c                decoder_unmask_cis_irq
 .text.set_crank_pickup_sensing_rise
                0x0000000008002630       0x24 obj/Release/src/decoder/decoder_hw.o
                0x0000000008002630                set_crank_pickup_sensing_rise
 .text.set_crank_pickup_sensing_fall
                0x0000000008002654       0x24 obj/Release/src/decoder/decoder_hw.o
                0x0000000008002654                set_crank_pickup_sensing_fall
 .text.set_crank_pickup_sensing_disabled
                0x0000000008002678       0x24 obj/Release/src/decoder/decoder_hw.o
                0x0000000008002678                set_crank_pickup_sensing_disabled
 .text.set_cis_sensing_rise
                0x000000000800269c       0x24 obj/Release/src/decoder/decoder_hw.o
                0x000000000800269c                set_cis_sensing_rise
 .text.set_cis_sensing_fall
                0x00000000080026c0       0x24 obj/Release/src/decoder/decoder_hw.o
                0x00000000080026c0                set_cis_sensing_fall
 .text.set_cis_sensing_disabled
                0x00000000080026e4       0x24 obj/Release/src/decoder/decoder_hw.o
                0x00000000080026e4                set_cis_sensing_disabled
 .text.decoder_set_crank_pickup_sensing
                0x0000000008002708       0x3c obj/Release/src/decoder/decoder_hw.o
                0x0000000008002708                decoder_set_crank_pickup_sensing
 .text.decoder_set_cis_sensing
                0x0000000008002744       0x3c obj/Release/src/decoder/decoder_hw.o
                0x0000000008002744                decoder_set_cis_sensing
 .text.trigger_decoder_irq
                0x0000000008002780       0x14 obj/Release/src/decoder/decoder_hw.o
                0x0000000008002780                trigger_decoder_irq
 .text.init_decoder_hw
                0x0000000008002794       0xcc obj/Release/src/decoder/decoder_hw.o
                0x0000000008002794                init_decoder_hw
 .text.decoder_get_timestamp
                0x0000000008002860        0xc obj/Release/src/decoder/decoder_hw.o
                0x0000000008002860                decoder_get_timestamp
 .text.decoder_set_timer_continuous_mode_on
                0x000000000800286c       0x1c obj/Release/src/decoder/decoder_hw.o
                0x000000000800286c                decoder_set_timer_continuous_mode_on
 .text.decoder_set_timer_continuous_mode_off
                0x0000000008002888       0x1c obj/Release/src/decoder/decoder_hw.o
                0x0000000008002888                decoder_set_timer_continuous_mode_off
 .text.decoder_start_timer
                0x00000000080028a4       0x5c obj/Release/src/decoder/decoder_hw.o
                0x00000000080028a4                decoder_start_timer
 .text.decoder_request_timer_reset
                0x0000000008002900       0x10 obj/Release/src/decoder/decoder_hw.o
                0x0000000008002900                decoder_request_timer_reset
 .text.disable_decoder_hw
                0x0000000008002910       0x3c obj/Release/src/decoder/decoder_hw.o
                0x0000000008002910                disable_decoder_hw
 .text.EXTI0_IRQHandler
                0x000000000800294c       0x60 obj/Release/src/decoder/decoder_hw.o
                0x000000000800294c                EXTI0_IRQHandler
 .text.TIM1_BRK_TIM9_IRQHandler
                0x00000000080029ac       0x74 obj/Release/src/decoder/decoder_hw.o
                0x00000000080029ac                TIM1_BRK_TIM9_IRQHandler
 .text.EXTI1_IRQHandler
                0x0000000008002a20       0x1c obj/Release/src/decoder/decoder_hw.o
                0x0000000008002a20                EXTI1_IRQHandler
 .text.reset_timeout_counter
                0x0000000008002a3c       0x14 obj/Release/src/decoder/decoder_logic.o
                0x0000000008002a3c                reset_timeout_counter
 .text.reset_timing_output
                0x0000000008002a50       0x2c obj/Release/src/decoder/decoder_logic.o
                0x0000000008002a50                reset_timing_output
 .text.reset_position_data
                0x0000000008002a7c       0x34 obj/Release/src/decoder/decoder_logic.o
                0x0000000008002a7c                reset_position_data
 .text.reset_internal_data
                0x0000000008002ab0       0x18 obj/Release/src/decoder/decoder_logic.o
                0x0000000008002ab0                reset_internal_data
 .text.decoder_set_state
                0x0000000008002ac8       0x20 obj/Release/src/decoder/decoder_logic.o
                0x0000000008002ac8                decoder_set_state
 .text.check_sync_ratio
                0x0000000008002ae8       0x74 obj/Release/src/decoder/decoder_logic.o
                0x0000000008002ae8                check_sync_ratio
 .text.check_sync_ratio_async
                0x0000000008002b5c       0x5c obj/Release/src/decoder/decoder_logic.o
                0x0000000008002b5c                check_sync_ratio_async
 .text.update_timing_data
                0x0000000008002bb8       0xc0 obj/Release/src/decoder/decoder_logic.o
                0x0000000008002bb8                update_timing_data
 .text.init_decoder_logic
                0x0000000008002c78       0x24 obj/Release/src/decoder/decoder_logic.o
                0x0000000008002c78                init_decoder_logic
 .text.disable_decoder_logic
                0x0000000008002c9c       0x18 obj/Release/src/decoder/decoder_logic.o
                0x0000000008002c9c                disable_decoder_logic
 .text.decoder_crank_handler
                0x0000000008002cb4      0x138 obj/Release/src/decoder/decoder_logic.o
                0x0000000008002cb4                decoder_crank_handler
 .text.decoder_crank_noisefilter_handler
                0x0000000008002dec        0x4 obj/Release/src/decoder/decoder_logic.o
                0x0000000008002dec                decoder_crank_noisefilter_handler
 .text.decoder_crank_timeout_handler
                0x0000000008002df0       0x3c obj/Release/src/decoder/decoder_logic.o
                0x0000000008002df0                decoder_crank_timeout_handler
 .text.init_Decoder
                0x0000000008002e2c       0x68 obj/Release/src/decoder/Tuareg_decoder.o
                0x0000000008002e2c                init_Decoder
 .text.disable_Decoder
                0x0000000008002e94       0x28 obj/Release/src/decoder/Tuareg_decoder.o
                0x0000000008002e94                disable_Decoder
 .text.decoder_get_position_data_age_us
                0x0000000008002ebc       0x28 obj/Release/src/decoder/Tuareg_decoder.o
                0x0000000008002ebc                decoder_get_position_data_age_us
 .text.copy_diag_data
                0x0000000008002ee4       0x48 obj/Release/src/diagnostics/diagnostics.o
                0x0000000008002ee4                copy_diag_data
 .text.get_diag_data
                0x0000000008002f2c       0x24 obj/Release/src/diagnostics/diagnostics.o
                0x0000000008002f2c                get_diag_data
 .text.release_diag_shadow
                0x0000000008002f50        0xc obj/Release/src/diagnostics/diagnostics.o
                0x0000000008002f50                release_diag_shadow
 .text.load_Fault_Log
                0x0000000008002f5c       0x1c obj/Release/src/diagnostics/fault_log.o
                0x0000000008002f5c                load_Fault_Log
 .text.load_void_Fault_Log
                0x0000000008002f78       0x18 obj/Release/src/diagnostics/fault_log.o
                0x0000000008002f78                load_void_Fault_Log
 .text.init_Fault_Log
                0x0000000008002f90       0x4c obj/Release/src/diagnostics/fault_log.o
                0x0000000008002f90                init_Fault_Log
 .text.store_Fault_Log
                0x0000000008002fdc       0x10 obj/Release/src/diagnostics/fault_log.o
                0x0000000008002fdc                store_Fault_Log
 .text.log_Fault
                0x0000000008002fec       0x68 obj/Release/src/diagnostics/fault_log.o
                0x0000000008002fec                log_Fault
 .text.show_Fault_Log
                0x0000000008003054       0x74 obj/Release/src/diagnostics/fault_log.o
                0x0000000008003054                show_Fault_Log
 .text.clear_Fault_Log
                0x00000000080030c8       0x18 obj/Release/src/diagnostics/fault_log.o
                0x00000000080030c8                clear_Fault_Log
 .text.Erase_Fault_Log
                0x00000000080030e0       0x3c obj/Release/src/diagnostics/fault_log.o
                0x00000000080030e0                Erase_Fault_Log
 .text.send_Fault_Log
                0x000000000800311c        0xc obj/Release/src/diagnostics/fault_log.o
                0x000000000800311c                send_Fault_Log
 .text.clear_highspeedlog
                0x0000000008003128       0x14 obj/Release/src/diagnostics/highspeed_loggers.o
                0x0000000008003128                clear_highspeedlog
 .text.highspeedlog_init
                0x000000000800313c       0x14 obj/Release/src/diagnostics/highspeed_loggers.o
                0x000000000800313c                highspeedlog_init
 .text.highspeedlog_register_error
                0x0000000008003150        0x2 obj/Release/src/diagnostics/highspeed_loggers.o
                0x0000000008003150                highspeedlog_register_error
 *fill*         0x0000000008003152        0x2 
 .text.highspeedlog_write
                0x0000000008003154       0xb8 obj/Release/src/diagnostics/highspeed_loggers.o
                0x0000000008003154                highspeedlog_write
 .text.highspeedlog_register_crankpos
                0x000000000800320c        0x6 obj/Release/src/diagnostics/highspeed_loggers.o
                0x000000000800320c                highspeedlog_register_crankpos
 *fill*         0x0000000008003212        0x2 
 .text.highspeedlog_register_cis_lobe_begin
                0x0000000008003214       0x10 obj/Release/src/diagnostics/highspeed_loggers.o
                0x0000000008003214                highspeedlog_register_cis_lobe_begin
 .text.highspeedlog_register_cis_lobe_end
                0x0000000008003224       0x10 obj/Release/src/diagnostics/highspeed_loggers.o
                0x0000000008003224                highspeedlog_register_cis_lobe_end
 .text.highspeedlog_register_coil1_power
                0x0000000008003234        0x6 obj/Release/src/diagnostics/highspeed_loggers.o
                0x0000000008003234                highspeedlog_register_coil1_power
 .text.highspeedlog_register_coil1_unpower
                0x000000000800323a        0x6 obj/Release/src/diagnostics/highspeed_loggers.o
                0x000000000800323a                highspeedlog_register_coil1_unpower
 .text.highspeedlog_register_coil2_power
                0x0000000008003240        0x6 obj/Release/src/diagnostics/highspeed_loggers.o
                0x0000000008003240                highspeedlog_register_coil2_power
 .text.highspeedlog_register_coil2_unpower
                0x0000000008003246        0x6 obj/Release/src/diagnostics/highspeed_loggers.o
                0x0000000008003246                highspeedlog_register_coil2_unpower
 .text.highspeedlog_register_injector1_power
                0x000000000800324c        0x6 obj/Release/src/diagnostics/highspeed_loggers.o
                0x000000000800324c                highspeedlog_register_injector1_power
 .text.highspeedlog_register_injector1_unpower
                0x0000000008003252        0x6 obj/Release/src/diagnostics/highspeed_loggers.o
                0x0000000008003252                highspeedlog_register_injector1_unpower
 .text.highspeedlog_register_injector2_power
                0x0000000008003258        0x6 obj/Release/src/diagnostics/highspeed_loggers.o
                0x0000000008003258                highspeedlog_register_injector2_power
 .text.highspeedlog_register_injector2_unpower
                0x000000000800325e        0x6 obj/Release/src/diagnostics/highspeed_loggers.o
                0x000000000800325e                highspeedlog_register_injector2_unpower
 .text.send_highspeedlog
                0x0000000008003264       0xc4 obj/Release/src/diagnostics/highspeed_loggers.o
                0x0000000008003264                send_highspeedlog
 .text.show_highspeedlog
                0x0000000008003328      0x150 obj/Release/src/diagnostics/highspeed_loggers.o
                0x0000000008003328                show_highspeedlog
 .text.clear_syslog
                0x0000000008003478       0x38 obj/Release/src/diagnostics/syslog.o
                0x0000000008003478                clear_syslog
 .text.Syslog_init
                0x00000000080034b0       0x10 obj/Release/src/diagnostics/syslog.o
                0x00000000080034b0                Syslog_init
 .text.Syslog_Error
                0x00000000080034c0       0x48 obj/Release/src/diagnostics/syslog.o
                0x00000000080034c0                Syslog_Error
 .text.Syslog_Warning
                0x0000000008003508       0x6c obj/Release/src/diagnostics/syslog.o
                0x0000000008003508                Syslog_Warning
 .text.Syslog_Info
                0x0000000008003574       0x68 obj/Release/src/diagnostics/syslog.o
                0x0000000008003574                Syslog_Info
 .text.show_syslog
                0x00000000080035dc      0x11c obj/Release/src/diagnostics/syslog.o
                0x00000000080035dc                show_syslog
 .text.send_syslog
                0x00000000080036f8       0x20 obj/Release/src/diagnostics/syslog.o
                0x00000000080036f8                send_syslog
 .text.update_load_transient_comp
                0x0000000008003718       0x16 obj/Release/src/fueling/accel_comp.o
                0x0000000008003718                update_load_transient_comp
 .text.disable_legacy_AE
                0x000000000800372e       0x46 obj/Release/src/fueling/accel_comp.o
                0x000000000800372e                disable_legacy_AE
 .text.update_legacy_AE
                0x0000000008003774      0x31c obj/Release/src/fueling/accel_comp.o
                0x0000000008003774                update_legacy_AE
 .text.load_essential_Fueling_Config
                0x0000000008003a90       0xd4 obj/Release/src/fueling/fueling_config.o
                0x0000000008003a90                load_essential_Fueling_Config
 .text.load_Fueling_Setup
                0x0000000008003b64       0x10 obj/Release/src/fueling/fueling_config.o
                0x0000000008003b64                load_Fueling_Setup
 .text.store_Fueling_Setup
                0x0000000008003b74       0x10 obj/Release/src/fueling/fueling_config.o
                0x0000000008003b74                store_Fueling_Setup
 .text.show_Fueling_Setup
                0x0000000008003b84      0x30c obj/Release/src/fueling/fueling_config.o
                0x0000000008003b84                show_Fueling_Setup
 .text.modify_Fueling_Setup
                0x0000000008003e90       0x18 obj/Release/src/fueling/fueling_config.o
                0x0000000008003e90                modify_Fueling_Setup
 .text.send_Fueling_Setup
                0x0000000008003ea8        0xc obj/Release/src/fueling/fueling_config.o
                0x0000000008003ea8                send_Fueling_Setup
 .text.load_VeTable_TPS
                0x0000000008003eb4       0x10 obj/Release/src/fueling/fueling_config.o
                0x0000000008003eb4                load_VeTable_TPS
 .text.store_VeTable_TPS
                0x0000000008003ec4       0x10 obj/Release/src/fueling/fueling_config.o
                0x0000000008003ec4                store_VeTable_TPS
 .text.show_VeTable_TPS
                0x0000000008003ed4       0x20 obj/Release/src/fueling/fueling_config.o
                0x0000000008003ed4                show_VeTable_TPS
 .text.modify_VeTable_TPS
                0x0000000008003ef4       0x10 obj/Release/src/fueling/fueling_config.o
                0x0000000008003ef4                modify_VeTable_TPS
 .text.send_VeTable_TPS
                0x0000000008003f04        0xc obj/Release/src/fueling/fueling_config.o
                0x0000000008003f04                send_VeTable_TPS
 .text.getValue_VeTable_TPS
                0x0000000008003f10       0x14 obj/Release/src/fueling/fueling_config.o
                0x0000000008003f10                getValue_VeTable_TPS
 .text.load_VeTable_MAP
                0x0000000008003f24       0x10 obj/Release/src/fueling/fueling_config.o
                0x0000000008003f24                load_VeTable_MAP
 .text.store_VeTable_MAP
                0x0000000008003f34       0x10 obj/Release/src/fueling/fueling_config.o
                0x0000000008003f34                store_VeTable_MAP
 .text.show_VeTable_MAP
                0x0000000008003f44       0x20 obj/Release/src/fueling/fueling_config.o
                0x0000000008003f44                show_VeTable_MAP
 .text.modify_VeTable_MAP
                0x0000000008003f64       0x10 obj/Release/src/fueling/fueling_config.o
                0x0000000008003f64                modify_VeTable_MAP
 .text.send_VeTable_MAP
                0x0000000008003f74        0xc obj/Release/src/fueling/fueling_config.o
                0x0000000008003f74                send_VeTable_MAP
 .text.getValue_VeTable_MAP
                0x0000000008003f80       0x14 obj/Release/src/fueling/fueling_config.o
                0x0000000008003f80                getValue_VeTable_MAP
 .text.load_AfrTable_MAP
                0x0000000008003f94       0x10 obj/Release/src/fueling/fueling_config.o
                0x0000000008003f94                load_AfrTable_MAP
 .text.store_AfrTable_MAP
                0x0000000008003fa4       0x10 obj/Release/src/fueling/fueling_config.o
                0x0000000008003fa4                store_AfrTable_MAP
 .text.show_AfrTable_MAP
                0x0000000008003fb4       0x20 obj/Release/src/fueling/fueling_config.o
                0x0000000008003fb4                show_AfrTable_MAP
 .text.modify_AfrTable_MAP
                0x0000000008003fd4       0x10 obj/Release/src/fueling/fueling_config.o
                0x0000000008003fd4                modify_AfrTable_MAP
 .text.send_AfrTable_MAP
                0x0000000008003fe4        0xc obj/Release/src/fueling/fueling_config.o
                0x0000000008003fe4                send_AfrTable_MAP
 .text.getValue_AfrTable_MAP
                0x0000000008003ff0       0x20 obj/Release/src/fueling/fueling_config.o
                0x0000000008003ff0                getValue_AfrTable_MAP
 .text.load_AfrTable_TPS
                0x0000000008004010       0x10 obj/Release/src/fueling/fueling_config.o
                0x0000000008004010                load_AfrTable_TPS
 .text.store_AfrTable_TPS
                0x0000000008004020       0x10 obj/Release/src/fueling/fueling_config.o
                0x0000000008004020                store_AfrTable_TPS
 .text.show_AfrTable_TPS
                0x0000000008004030       0x20 obj/Release/src/fueling/fueling_config.o
                0x0000000008004030                show_AfrTable_TPS
 .text.modify_AfrTable_TPS
                0x0000000008004050       0x10 obj/Release/src/fueling/fueling_config.o
                0x0000000008004050                modify_AfrTable_TPS
 .text.send_AfrTable_TPS
                0x0000000008004060        0xc obj/Release/src/fueling/fueling_config.o
                0x0000000008004060                send_AfrTable_TPS
 .text.getValue_AfrTable_TPS
                0x000000000800406c       0x20 obj/Release/src/fueling/fueling_config.o
                0x000000000800406c                getValue_AfrTable_TPS
 .text.load_AccelCompTableTPS
                0x000000000800408c       0x10 obj/Release/src/fueling/fueling_config.o
                0x000000000800408c                load_AccelCompTableTPS
 .text.store_AccelCompTableTPS
                0x000000000800409c       0x10 obj/Release/src/fueling/fueling_config.o
                0x000000000800409c                store_AccelCompTableTPS
 .text.show_AccelCompTableTPS
                0x00000000080040ac       0x20 obj/Release/src/fueling/fueling_config.o
                0x00000000080040ac                show_AccelCompTableTPS
 .text.modify_AccelCompTableTPS
                0x00000000080040cc       0x10 obj/Release/src/fueling/fueling_config.o
                0x00000000080040cc                modify_AccelCompTableTPS
 .text.send_AccelCompTableTPS
                0x00000000080040dc        0xc obj/Release/src/fueling/fueling_config.o
                0x00000000080040dc                send_AccelCompTableTPS
 .text.getValue_AccelCompTableTPS
                0x00000000080040e8       0x24 obj/Release/src/fueling/fueling_config.o
                0x00000000080040e8                getValue_AccelCompTableTPS
 .text.load_AccelCompTableMAP
                0x000000000800410c       0x10 obj/Release/src/fueling/fueling_config.o
                0x000000000800410c                load_AccelCompTableMAP
 .text.store_AccelCompTableMAP
                0x000000000800411c       0x10 obj/Release/src/fueling/fueling_config.o
                0x000000000800411c                store_AccelCompTableMAP
 .text.show_AccelCompTableMAP
                0x000000000800412c       0x20 obj/Release/src/fueling/fueling_config.o
                0x000000000800412c                show_AccelCompTableMAP
 .text.modify_AccelCompTableMAP
                0x000000000800414c       0x10 obj/Release/src/fueling/fueling_config.o
                0x000000000800414c                modify_AccelCompTableMAP
 .text.send_AccelCompTableMAP
                0x000000000800415c        0xc obj/Release/src/fueling/fueling_config.o
                0x000000000800415c                send_AccelCompTableMAP
 .text.getValue_AccelCompTableMAP
                0x0000000008004168       0x24 obj/Release/src/fueling/fueling_config.o
                0x0000000008004168                getValue_AccelCompTableMAP
 .text.load_WarmUpCompTable
                0x000000000800418c       0x10 obj/Release/src/fueling/fueling_config.o
                0x000000000800418c                load_WarmUpCompTable
 .text.store_WarmUpCompTable
                0x000000000800419c       0x10 obj/Release/src/fueling/fueling_config.o
                0x000000000800419c                store_WarmUpCompTable
 .text.show_WarmUpCompTable
                0x00000000080041ac       0x20 obj/Release/src/fueling/fueling_config.o
                0x00000000080041ac                show_WarmUpCompTable
 .text.modify_WarmUpCompTable
                0x00000000080041cc       0x10 obj/Release/src/fueling/fueling_config.o
                0x00000000080041cc                modify_WarmUpCompTable
 .text.send_WarmUpCompTable
                0x00000000080041dc        0xc obj/Release/src/fueling/fueling_config.o
                0x00000000080041dc                send_WarmUpCompTable
 .text.getValue_WarmUpCompTable
                0x00000000080041e8       0x14 obj/Release/src/fueling/fueling_config.o
                0x00000000080041e8                getValue_WarmUpCompTable
 .text.load_InjectorTimingTable
                0x00000000080041fc       0x10 obj/Release/src/fueling/fueling_config.o
                0x00000000080041fc                load_InjectorTimingTable
 .text.store_InjectorTimingTable
                0x000000000800420c       0x10 obj/Release/src/fueling/fueling_config.o
                0x000000000800420c                store_InjectorTimingTable
 .text.show_InjectorTimingTable
                0x000000000800421c       0x20 obj/Release/src/fueling/fueling_config.o
                0x000000000800421c                show_InjectorTimingTable
 .text.modify_InjectorTimingTable
                0x000000000800423c       0x10 obj/Release/src/fueling/fueling_config.o
                0x000000000800423c                modify_InjectorTimingTable
 .text.send_InjectorTimingTable
                0x000000000800424c        0xc obj/Release/src/fueling/fueling_config.o
                0x000000000800424c                send_InjectorTimingTable
 .text.getValue_InjectorTimingTable
                0x0000000008004258       0x2c obj/Release/src/fueling/fueling_config.o
                0x0000000008004258                getValue_InjectorTimingTable
 .text.load_CrankingFuelTable
                0x0000000008004284       0x10 obj/Release/src/fueling/fueling_config.o
                0x0000000008004284                load_CrankingFuelTable
 .text.store_CrankingFuelTable
                0x0000000008004294       0x10 obj/Release/src/fueling/fueling_config.o
                0x0000000008004294                store_CrankingFuelTable
 .text.show_CrankingFuelTable
                0x00000000080042a4       0x20 obj/Release/src/fueling/fueling_config.o
                0x00000000080042a4                show_CrankingFuelTable
 .text.modify_CrankingFuelTable
                0x00000000080042c4       0x10 obj/Release/src/fueling/fueling_config.o
                0x00000000080042c4                modify_CrankingFuelTable
 .text.send_CrankingFuelTable
                0x00000000080042d4        0xc obj/Release/src/fueling/fueling_config.o
                0x00000000080042d4                send_CrankingFuelTable
 .text.getValue_CrankingFuelTable
                0x00000000080042e0       0x24 obj/Release/src/fueling/fueling_config.o
                0x00000000080042e0                getValue_CrankingFuelTable
 .text.load_InjectorPhaseTable
                0x0000000008004304       0x10 obj/Release/src/fueling/fueling_config.o
                0x0000000008004304                load_InjectorPhaseTable
 .text.store_InjectorPhaseTable
                0x0000000008004314       0x10 obj/Release/src/fueling/fueling_config.o
                0x0000000008004314                store_InjectorPhaseTable
 .text.show_InjectorPhaseTable
                0x0000000008004324       0x20 obj/Release/src/fueling/fueling_config.o
                0x0000000008004324                show_InjectorPhaseTable
 .text.modify_InjectorPhaseTable
                0x0000000008004344       0x10 obj/Release/src/fueling/fueling_config.o
                0x0000000008004344                modify_InjectorPhaseTable
 .text.send_InjectorPhaseTable
                0x0000000008004354        0xc obj/Release/src/fueling/fueling_config.o
                0x0000000008004354                send_InjectorPhaseTable
 .text.getValue_InjectorPhaseTable
                0x0000000008004360       0x14 obj/Release/src/fueling/fueling_config.o
                0x0000000008004360                getValue_InjectorPhaseTable
 .text.load_BAROtable
                0x0000000008004374       0x10 obj/Release/src/fueling/fueling_config.o
                0x0000000008004374                load_BAROtable
 .text.store_BAROtable
                0x0000000008004384       0x10 obj/Release/src/fueling/fueling_config.o
                0x0000000008004384                store_BAROtable
 .text.show_BAROtable
                0x0000000008004394       0x20 obj/Release/src/fueling/fueling_config.o
                0x0000000008004394                show_BAROtable
 .text.modify_BAROtable
                0x00000000080043b4       0x10 obj/Release/src/fueling/fueling_config.o
                0x00000000080043b4                modify_BAROtable
 .text.send_BAROtable
                0x00000000080043c4        0xc obj/Release/src/fueling/fueling_config.o
                0x00000000080043c4                send_BAROtable
 .text.getValue_BAROtable
                0x00000000080043d0       0x40 obj/Release/src/fueling/fueling_config.o
                0x00000000080043d0                getValue_BAROtable
 .text.load_ChargeTempTable
                0x0000000008004410       0x10 obj/Release/src/fueling/fueling_config.o
                0x0000000008004410                load_ChargeTempTable
 .text.load_Fueling_Config
                0x0000000008004420       0xd8 obj/Release/src/fueling/fueling_config.o
                0x0000000008004420                load_Fueling_Config
 .text.store_ChargeTempTable
                0x00000000080044f8       0x10 obj/Release/src/fueling/fueling_config.o
                0x00000000080044f8                store_ChargeTempTable
 .text.show_ChargeTempTable
                0x0000000008004508       0x20 obj/Release/src/fueling/fueling_config.o
                0x0000000008004508                show_ChargeTempTable
 .text.modify_ChargeTempTable
                0x0000000008004528       0x10 obj/Release/src/fueling/fueling_config.o
                0x0000000008004528                modify_ChargeTempTable
 .text.send_ChargeTempTable
                0x0000000008004538        0xc obj/Release/src/fueling/fueling_config.o
                0x0000000008004538                send_ChargeTempTable
 .text.getValue_ChargeTempTable
                0x0000000008004544       0x2c obj/Release/src/fueling/fueling_config.o
                0x0000000008004544                getValue_ChargeTempTable
 .text.update_fuel_mass_afterstart_correction
                0x0000000008004570       0xa4 obj/Release/src/fueling/fueling_corrections.o
                0x0000000008004570                update_fuel_mass_afterstart_correction
 .text.update_fuel_mass_warmup_correction
                0x0000000008004614       0x5c obj/Release/src/fueling/fueling_corrections.o
                0x0000000008004614                update_fuel_mass_warmup_correction
 .text.update_fuel_mass_barometric_correction
                0x0000000008004670       0x5c obj/Release/src/fueling/fueling_corrections.o
                0x0000000008004670                update_fuel_mass_barometric_correction
 .text.update_fuel_mass_corrections
                0x00000000080046cc       0x1c obj/Release/src/fueling/fueling_corrections.o
                0x00000000080046cc                update_fuel_mass_corrections
 .text.fueling_diag_log_event
                0x00000000080046e8       0x28 obj/Release/src/fueling/fueling_diag.o
                0x00000000080046e8                fueling_diag_log_event
 .text.print_fueling_diag
                0x0000000008004710       0x68 obj/Release/src/fueling/fueling_diag.o
                0x0000000008004710                print_fueling_diag
 .text.set_injector1_powered
                0x0000000008004778       0x28 obj/Release/src/fueling/fueling_hw.o
                0x0000000008004778                set_injector1_powered
 .text.set_injector1_unpowered
                0x00000000080047a0       0x28 obj/Release/src/fueling/fueling_hw.o
                0x00000000080047a0                set_injector1_unpowered
 .text.set_injector2_powered
                0x00000000080047c8       0x28 obj/Release/src/fueling/fueling_hw.o
                0x00000000080047c8                set_injector2_powered
 .text.set_injector2_unpowered
                0x00000000080047f0       0x28 obj/Release/src/fueling/fueling_hw.o
                0x00000000080047f0                set_injector2_unpowered
 .text.set_fuel_pump_powered
                0x0000000008004818       0x28 obj/Release/src/fueling/fueling_hw.o
                0x0000000008004818                set_fuel_pump_powered
 .text.set_fuel_pump_unpowered
                0x0000000008004840       0x20 obj/Release/src/fueling/fueling_hw.o
                0x0000000008004840                set_fuel_pump_unpowered
 .text.set_injector1
                0x0000000008004860       0x30 obj/Release/src/fueling/fueling_hw.o
                0x0000000008004860                set_injector1
 .text.set_injector2
                0x0000000008004890       0x30 obj/Release/src/fueling/fueling_hw.o
                0x0000000008004890                set_injector2
 .text.set_fuel_pump
                0x00000000080048c0        0xc obj/Release/src/fueling/fueling_hw.o
                0x00000000080048c0                set_fuel_pump
 .text.init_fueling_hw
                0x00000000080048cc       0x5c obj/Release/src/fueling/fueling_hw.o
                0x00000000080048cc                init_fueling_hw
 .text.update_injector_deadtime
                0x0000000008004928       0x50 obj/Release/src/fueling/injector_parameters.o
                0x0000000008004928                update_injector_deadtime
 .text.update_injector_intervals_sequential
                0x0000000008004978       0xf8 obj/Release/src/fueling/injector_parameters.o
                0x0000000008004978                update_injector_intervals_sequential
 .text.update_injector_intervals_batch
                0x0000000008004a70       0xf4 obj/Release/src/fueling/injector_parameters.o
                0x0000000008004a70                update_injector_intervals_batch
 .text.update_injection_begin_batch
                0x0000000008004b64       0x34 obj/Release/src/fueling/injector_parameters.o
                0x0000000008004b64                update_injection_begin_batch
 .text.update_injection_begin_sequential
                0x0000000008004b98       0xf0 obj/Release/src/fueling/injector_parameters.o
                0x0000000008004b98                update_injection_begin_sequential
 .text.init_Fueling
                0x0000000008004c88       0x64 obj/Release/src/fueling/Tuareg_fueling.o
                0x0000000008004c88                init_Fueling
 .text.Tuareg_fueling_update_crankpos_handler
                0x0000000008004cec      0x198 obj/Release/src/fueling/Tuareg_fueling.o
                0x0000000008004cec                Tuareg_fueling_update_crankpos_handler
 .text.invalid_fueling_controls
                0x0000000008004e84       0x48 obj/Release/src/fueling/Tuareg_fueling_controls.o
                0x0000000008004e84                invalid_fueling_controls
 .text.update_air_flow
                0x0000000008004ecc       0x94 obj/Release/src/fueling/Tuareg_fueling_controls.o
                0x0000000008004ecc                update_air_flow
 .text.update_AFR_target
                0x0000000008004f60       0x78 obj/Release/src/fueling/Tuareg_fueling_controls.o
                0x0000000008004f60                update_AFR_target
 .text.update_fuel_mass_cranking
                0x0000000008004fd8       0x74 obj/Release/src/fueling/Tuareg_fueling_controls.o
                0x0000000008004fd8                update_fuel_mass_cranking
 .text.update_base_fuel_mass
                0x000000000800504c       0x48 obj/Release/src/fueling/Tuareg_fueling_controls.o
                0x000000000800504c                update_base_fuel_mass
 .text.update_target_fuel_mass
                0x0000000008005094      0x110 obj/Release/src/fueling/Tuareg_fueling_controls.o
                0x0000000008005094                update_target_fuel_mass
 .text.Tuareg_update_fueling_controls
                0x00000000080051a4      0x234 obj/Release/src/fueling/Tuareg_fueling_controls.o
                0x00000000080051a4                Tuareg_update_fueling_controls
 .text.load_Ignition_Config
                0x00000000080053d8       0x40 obj/Release/src/ignition/ignition_config.o
                0x00000000080053d8                load_Ignition_Config
 .text.load_essential_Ignition_Config
                0x0000000008005418        0x2 obj/Release/src/ignition/ignition_config.o
                0x0000000008005418                load_essential_Ignition_Config
 *fill*         0x000000000800541a        0x2 
 .text.store_Ignition_Setup
                0x000000000800541c       0x10 obj/Release/src/ignition/ignition_config.o
                0x000000000800541c                store_Ignition_Setup
 .text.show_Ignition_Setup
                0x000000000800542c      0x17c obj/Release/src/ignition/ignition_config.o
                0x000000000800542c                show_Ignition_Setup
 .text.modify_Ignition_Setup
                0x00000000080055a8       0x18 obj/Release/src/ignition/ignition_config.o
                0x00000000080055a8                modify_Ignition_Setup
 .text.send_Ignition_Setup
                0x00000000080055c0        0xc obj/Release/src/ignition/ignition_config.o
                0x00000000080055c0                send_Ignition_Setup
 .text.store_ignAdvTable_TPS
                0x00000000080055cc       0x10 obj/Release/src/ignition/ignition_config.o
                0x00000000080055cc                store_ignAdvTable_TPS
 .text.show_ignAdvTable_TPS
                0x00000000080055dc       0x20 obj/Release/src/ignition/ignition_config.o
                0x00000000080055dc                show_ignAdvTable_TPS
 .text.modify_ignAdvTable_TPS
                0x00000000080055fc       0x10 obj/Release/src/ignition/ignition_config.o
                0x00000000080055fc                modify_ignAdvTable_TPS
 .text.send_ignAdvTable_TPS
                0x000000000800560c        0xc obj/Release/src/ignition/ignition_config.o
                0x000000000800560c                send_ignAdvTable_TPS
 .text.getValue_ignAdvTable_TPS
                0x0000000008005618       0x20 obj/Release/src/ignition/ignition_config.o
                0x0000000008005618                getValue_ignAdvTable_TPS
 .text.store_ignDwellTable
                0x0000000008005638       0x10 obj/Release/src/ignition/ignition_config.o
                0x0000000008005638                store_ignDwellTable
 .text.show_ignDwellTable
                0x0000000008005648       0x20 obj/Release/src/ignition/ignition_config.o
                0x0000000008005648                show_ignDwellTable
 .text.modify_ignDwellTable
                0x0000000008005668       0x10 obj/Release/src/ignition/ignition_config.o
                0x0000000008005668                modify_ignDwellTable
 .text.send_ignDwellTable
                0x0000000008005678        0xc obj/Release/src/ignition/ignition_config.o
                0x0000000008005678                send_ignDwellTable
 .text.getValue_ignDwellTable
                0x0000000008005684       0x24 obj/Release/src/ignition/ignition_config.o
                0x0000000008005684                getValue_ignDwellTable
 .text.ignition_diag_log_event
                0x00000000080056a8       0x28 obj/Release/src/ignition/ignition_diag.o
                0x00000000080056a8                ignition_diag_log_event
 .text.print_ignition_diag
                0x00000000080056d0       0x68 obj/Release/src/ignition/ignition_diag.o
                0x00000000080056d0                print_ignition_diag
 .text.set_coil1_powered
                0x0000000008005738       0x28 obj/Release/src/ignition/ignition_hw.o
                0x0000000008005738                set_coil1_powered
 .text.set_coil1_unpowered
                0x0000000008005760       0x20 obj/Release/src/ignition/ignition_hw.o
                0x0000000008005760                set_coil1_unpowered
 .text.set_coil2_powered
                0x0000000008005780       0x28 obj/Release/src/ignition/ignition_hw.o
                0x0000000008005780                set_coil2_powered
 .text.set_coil2_unpowered
                0x00000000080057a8       0x20 obj/Release/src/ignition/ignition_hw.o
                0x00000000080057a8                set_coil2_unpowered
 .text.set_ignition_ch1
                0x00000000080057c8       0x30 obj/Release/src/ignition/ignition_hw.o
                0x00000000080057c8                set_ignition_ch1
 .text.set_ignition_ch2
                0x00000000080057f8       0x30 obj/Release/src/ignition/ignition_hw.o
                0x00000000080057f8                set_ignition_ch2
 .text.init_ignition_hw
                0x0000000008005828       0x3c obj/Release/src/ignition/ignition_hw.o
                0x0000000008005828                init_ignition_hw
 .text.init_Ignition
                0x0000000008005864       0x68 obj/Release/src/ignition/Tuareg_ignition.o
                0x0000000008005864                init_Ignition
 .text.Tuareg_ignition_update_crankpos_handler
                0x00000000080058cc      0x154 obj/Release/src/ignition/Tuareg_ignition.o
                0x00000000080058cc                Tuareg_ignition_update_crankpos_handler
 .text.default_ignition_controls
                0x0000000008005a20       0x24 obj/Release/src/ignition/Tuareg_ignition_controls.o
                0x0000000008005a20                default_ignition_controls
 .text.revlimiter_ignition_controls
                0x0000000008005a44       0x1c obj/Release/src/ignition/Tuareg_ignition_controls.o
                0x0000000008005a44                revlimiter_ignition_controls
 .text.cranking_ignition_controls
                0x0000000008005a60       0x38 obj/Release/src/ignition/Tuareg_ignition_controls.o
                0x0000000008005a60                cranking_ignition_controls
 .text.dynamic_ignition_controls
                0x0000000008005a98      0x188 obj/Release/src/ignition/Tuareg_ignition_controls.o
                0x0000000008005a98                dynamic_ignition_controls
 .text.Tuareg_update_ignition_controls
                0x0000000008005c20       0xa8 obj/Release/src/ignition/Tuareg_ignition_controls.o
                0x0000000008005c20                Tuareg_update_ignition_controls
 .text.startup.main
                0x0000000008005cc8       0x78 obj/Release/src/main/main.o
                0x0000000008005cc8                main
 .text.EXTI2_IRQHandler
                0x0000000008005d40       0x5c obj/Release/src/main/main.o
                0x0000000008005d40                EXTI2_IRQHandler
 .text.Tuareg_load_config
                0x0000000008005d9c       0x7c obj/Release/src/main/Tuareg.o
                0x0000000008005d9c                Tuareg_load_config
 .text.Tuareg_Init
                0x0000000008005e18       0xb0 obj/Release/src/main/Tuareg.o
                0x0000000008005e18                Tuareg_Init
 .text.Tuareg_update_run_inhibit
                0x0000000008005ec8      0x140 obj/Release/src/main/Tuareg.o
                0x0000000008005ec8                Tuareg_update_run_inhibit
 .text.Tuareg_update_limited_op
                0x0000000008006008       0x38 obj/Release/src/main/Tuareg.o
                0x0000000008006008                Tuareg_update_limited_op
 .text.Tuareg_update_rev_limiter
                0x0000000008006040       0x60 obj/Release/src/main/Tuareg.o
                0x0000000008006040                Tuareg_update_rev_limiter
 .text.Tuareg_update_standby
                0x00000000080060a0       0xcc obj/Release/src/main/Tuareg.o
                0x00000000080060a0                Tuareg_update_standby
 .text.Tuareg_update_fuel_pump_control
                0x000000000800616c       0x54 obj/Release/src/main/Tuareg.o
                0x000000000800616c                Tuareg_update_fuel_pump_control
 .text.Tuareg_deactivate_vital_actors
                0x00000000080061c0       0x50 obj/Release/src/main/Tuareg.o
                0x00000000080061c0                Tuareg_deactivate_vital_actors
 .text.Tuareg_update
                0x0000000008006210       0x58 obj/Release/src/main/Tuareg.o
                0x0000000008006210                Tuareg_update
 .text.Tuareg_update_trip
                0x0000000008006268       0x1c obj/Release/src/main/Tuareg.o
                0x0000000008006268                Tuareg_update_trip
 .text.Tuareg_update_consumption_data
                0x0000000008006284       0x24 obj/Release/src/main/Tuareg.o
                0x0000000008006284                Tuareg_update_consumption_data
 .text.load_Tuareg_Setup
                0x00000000080062a8       0x10 obj/Release/src/main/Tuareg_config.o
                0x00000000080062a8                load_Tuareg_Setup
 .text.load_essential_Tuareg_Setup
                0x00000000080062b8       0xd0 obj/Release/src/main/Tuareg_config.o
                0x00000000080062b8                load_essential_Tuareg_Setup
 .text.store_Tuareg_Setup
                0x0000000008006388       0x10 obj/Release/src/main/Tuareg_config.o
                0x0000000008006388                store_Tuareg_Setup
 .text.show_Tuareg_Setup
                0x0000000008006398      0x1ec obj/Release/src/main/Tuareg_config.o
                0x0000000008006398                show_Tuareg_Setup
 .text.modify_Tuareg_Setup
                0x0000000008006584       0x18 obj/Release/src/main/Tuareg_config.o
                0x0000000008006584                modify_Tuareg_Setup
 .text.send_Tuareg_Setup
                0x000000000800659c        0xc obj/Release/src/main/Tuareg_config.o
                0x000000000800659c                send_Tuareg_Setup
 .text.tuareg_diag_log_event
                0x00000000080065a8       0x28 obj/Release/src/main/Tuareg_diag.o
                0x00000000080065a8                tuareg_diag_log_event
 .text.print_tuareg_diag
                0x00000000080065d0       0x68 obj/Release/src/main/Tuareg_diag.o
                0x00000000080065d0                print_tuareg_diag
 .text.Fatal    0x0000000008006638       0x68 obj/Release/src/main/Tuareg_errors.o
                0x0000000008006638                Fatal
 .text.VitalAssert
                0x00000000080066a0        0xe obj/Release/src/main/Tuareg_errors.o
                0x00000000080066a0                VitalAssert
 *fill*         0x00000000080066ae        0x2 
 .text.Limp     0x00000000080066b0       0x44 obj/Release/src/main/Tuareg_errors.o
                0x00000000080066b0                Limp
 .text.print_Tuareg_ID_label
                0x00000000080066f4       0x30 obj/Release/src/main/Tuareg_ID.o
                0x00000000080066f4                print_Tuareg_ID_label
 .text.Tuareg_update_process_data
                0x0000000008006724      0x13c obj/Release/src/main/Tuareg_process_data.o
                0x0000000008006724                Tuareg_update_process_data
 .text.request_service_mode
                0x0000000008006860       0x34 obj/Release/src/main/Tuareg_service_functions.o
                0x0000000008006860                request_service_mode
 .text.activate_fuel_pump
                0x0000000008006894       0x5c obj/Release/src/main/Tuareg_service_functions.o
                0x0000000008006894                activate_fuel_pump
 .text.deactivate_fuel_pump
                0x00000000080068f0       0x28 obj/Release/src/main/Tuareg_service_functions.o
                0x00000000080068f0                deactivate_fuel_pump
 .text.fuel_pump_periodic_update
                0x0000000008006918       0x24 obj/Release/src/main/Tuareg_service_functions.o
                0x0000000008006918                fuel_pump_periodic_update
 .text.activate_injector1
                0x000000000800693c       0x84 obj/Release/src/main/Tuareg_service_functions.o
                0x000000000800693c                activate_injector1
 .text.deactivate_injector1
                0x00000000080069c0       0x2c obj/Release/src/main/Tuareg_service_functions.o
                0x00000000080069c0                deactivate_injector1
 .text.injector1_periodic_update
                0x00000000080069ec       0x5c obj/Release/src/main/Tuareg_service_functions.o
                0x00000000080069ec                injector1_periodic_update
 .text.activate_injector2
                0x0000000008006a48       0x84 obj/Release/src/main/Tuareg_service_functions.o
                0x0000000008006a48                activate_injector2
 .text.deactivate_injector2
                0x0000000008006acc       0x2c obj/Release/src/main/Tuareg_service_functions.o
                0x0000000008006acc                deactivate_injector2
 .text.injector2_periodic_update
                0x0000000008006af8       0x5c obj/Release/src/main/Tuareg_service_functions.o
                0x0000000008006af8                injector2_periodic_update
 .text.activate_coil1
                0x0000000008006b54       0xa4 obj/Release/src/main/Tuareg_service_functions.o
                0x0000000008006b54                activate_coil1
 .text.deactivate_coil1
                0x0000000008006bf8       0x2c obj/Release/src/main/Tuareg_service_functions.o
                0x0000000008006bf8                deactivate_coil1
 .text.coil1_periodic_update
                0x0000000008006c24       0x5c obj/Release/src/main/Tuareg_service_functions.o
                0x0000000008006c24                coil1_periodic_update
 .text.activate_coil2
                0x0000000008006c80       0xa4 obj/Release/src/main/Tuareg_service_functions.o
                0x0000000008006c80                activate_coil2
 .text.deactivate_coil2
                0x0000000008006d24       0x2c obj/Release/src/main/Tuareg_service_functions.o
                0x0000000008006d24                deactivate_coil2
 .text.request_service_activation
                0x0000000008006d50       0x94 obj/Release/src/main/Tuareg_service_functions.o
                0x0000000008006d50                request_service_activation
 .text.coil2_periodic_update
                0x0000000008006de4       0x5c obj/Release/src/main/Tuareg_service_functions.o
                0x0000000008006de4                coil2_periodic_update
 .text.service_functions_periodic_update
                0x0000000008006e40       0x40 obj/Release/src/main/Tuareg_service_functions.o
                0x0000000008006e40                service_functions_periodic_update
 .text.update_process_table
                0x0000000008006e80       0xc0 obj/Release/src/process_table/process_table.o
                0x0000000008006e80                update_process_table
 .text.get_position_from_index
                0x0000000008006f40       0x5c obj/Release/src/process_table/process_table.o
                0x0000000008006f40                get_position_from_index
 .text.get_index_from_position
                0x0000000008006f9c       0x38 obj/Release/src/process_table/process_table.o
                0x0000000008006f9c                get_index_from_position
 .text.find_process_position_before
                0x0000000008006fd4       0x4c obj/Release/src/process_table/process_table.o
                0x0000000008006fd4                find_process_position_before
 .text.get_process_advance
                0x0000000008007020       0x34 obj/Release/src/process_table/process_table.o
                0x0000000008007020                get_process_advance
 .text.print_process_table
                0x0000000008007054       0x9c obj/Release/src/process_table/process_table.o
                0x0000000008007054                print_process_table
 .text.sensors_start_regular_group_conversion
                0x00000000080070f0        0xc obj/Release/src/sensors/analog_sensors.o
                0x00000000080070f0                sensors_start_regular_group_conversion
 .text.sensors_start_injected_group_conversion
                0x00000000080070fc        0xc obj/Release/src/sensors/analog_sensors.o
                0x00000000080070fc                sensors_start_injected_group_conversion
 .text.init_analog_sensors
                0x0000000008007108      0x2d8 obj/Release/src/sensors/analog_sensors.o
                0x0000000008007108                init_analog_sensors
 .text.update_analog_sensor
                0x00000000080073e0       0xdc obj/Release/src/sensors/analog_sensors.o
                0x00000000080073e0                update_analog_sensor
 .text.ADC_IRQHandler
                0x00000000080074bc       0x6c obj/Release/src/sensors/analog_sensors.o
                0x00000000080074bc                ADC_IRQHandler
 .text.DMA2_Stream0_IRQHandler
                0x0000000008007528       0x9c obj/Release/src/sensors/analog_sensors.o
                0x0000000008007528                DMA2_Stream0_IRQHandler
 .text.reset_dsensor_integrator
                0x00000000080075c4       0x2c obj/Release/src/sensors/digital_sensors.o
                0x00000000080075c4                reset_dsensor_integrator
 .text.init_digital_sensors
                0x00000000080075f0       0x88 obj/Release/src/sensors/digital_sensors.o
                0x00000000080075f0                init_digital_sensors
 .text.read_dsensors
                0x0000000008007678       0x64 obj/Release/src/sensors/digital_sensors.o
                0x0000000008007678                read_dsensors
 .text.update_digital_sensors
                0x00000000080076dc       0x6c obj/Release/src/sensors/digital_sensors.o
                0x00000000080076dc                update_digital_sensors
 .text.load_Sensor_Calibration
                0x0000000008007748       0x2c obj/Release/src/sensors/sensor_calibration.o
                0x0000000008007748                load_Sensor_Calibration
 .text.store_Sensor_Calibration
                0x0000000008007774       0x10 obj/Release/src/sensors/sensor_calibration.o
                0x0000000008007774                store_Sensor_Calibration
 .text.show_Sensor_Calibration
                0x0000000008007784       0x30 obj/Release/src/sensors/sensor_calibration.o
                0x0000000008007784                show_Sensor_Calibration
 .text.modify_Sensor_Calibration
                0x00000000080077b4       0x18 obj/Release/src/sensors/sensor_calibration.o
                0x00000000080077b4                modify_Sensor_Calibration
 .text.send_Sensor_Calibration
                0x00000000080077cc        0xc obj/Release/src/sensors/sensor_calibration.o
                0x00000000080077cc                send_Sensor_Calibration
 .text.store_InvTableCLT
                0x00000000080077d8       0x10 obj/Release/src/sensors/sensor_calibration.o
                0x00000000080077d8                store_InvTableCLT
 .text.show_InvTableCLT
                0x00000000080077e8       0x20 obj/Release/src/sensors/sensor_calibration.o
                0x00000000080077e8                show_InvTableCLT
 .text.modify_InvTableCLT
                0x0000000008007808       0x10 obj/Release/src/sensors/sensor_calibration.o
                0x0000000008007808                modify_InvTableCLT
 .text.send_InvTableCLT
                0x0000000008007818        0xc obj/Release/src/sensors/sensor_calibration.o
                0x0000000008007818                send_InvTableCLT
 .text.getValue_InvTableCLT
                0x0000000008007824       0x1c obj/Release/src/sensors/sensor_calibration.o
                0x0000000008007824                getValue_InvTableCLT
 .text.sensors_diag_log_event
                0x0000000008007840       0x28 obj/Release/src/sensors/sensors_diag.o
                0x0000000008007840                sensors_diag_log_event
 .text.print_sensors_diag
                0x0000000008007868       0x68 obj/Release/src/sensors/sensors_diag.o
                0x0000000008007868                print_sensors_diag
 .text.Tuareg_update_MAP_sensor
                0x00000000080078d0       0x5c obj/Release/src/sensors/Tuareg_sensors.o
                0x00000000080078d0                Tuareg_update_MAP_sensor
 .text.Tuareg_update_O2_sensor
                0x000000000800792c       0x54 obj/Release/src/sensors/Tuareg_sensors.o
                0x000000000800792c                Tuareg_update_O2_sensor
 .text.Tuareg_update_TPS_sensor
                0x0000000008007980       0x54 obj/Release/src/sensors/Tuareg_sensors.o
                0x0000000008007980                Tuareg_update_TPS_sensor
 .text.Tuareg_update_IAT_sensor
                0x00000000080079d4       0x64 obj/Release/src/sensors/Tuareg_sensors.o
                0x00000000080079d4                Tuareg_update_IAT_sensor
 .text.Tuareg_update_CLT_sensor
                0x0000000008007a38       0x68 obj/Release/src/sensors/Tuareg_sensors.o
                0x0000000008007a38                Tuareg_update_CLT_sensor
 .text.Tuareg_update_VBAT_sensor
                0x0000000008007aa0       0x58 obj/Release/src/sensors/Tuareg_sensors.o
                0x0000000008007aa0                Tuareg_update_VBAT_sensor
 .text.Tuareg_update_KNOCK_sensor
                0x0000000008007af8       0x58 obj/Release/src/sensors/Tuareg_sensors.o
                0x0000000008007af8                Tuareg_update_KNOCK_sensor
 .text.Tuareg_update_BARO_sensor
                0x0000000008007b50       0x5c obj/Release/src/sensors/Tuareg_sensors.o
                0x0000000008007b50                Tuareg_update_BARO_sensor
 .text.Tuareg_update_GEAR_sensor
                0x0000000008007bac       0x74 obj/Release/src/sensors/Tuareg_sensors.o
                0x0000000008007bac                Tuareg_update_GEAR_sensor
 .text.init_Sensors
                0x0000000008007c20       0xf0 obj/Release/src/sensors/Tuareg_sensors.o
                0x0000000008007c20                init_Sensors
 .text.adc_set_regular_group
                0x0000000008007d10       0x6e obj/Release/src/stm32_libs/stm32f4xx/boctok/stm32f4xx_adc_boctok.o
                0x0000000008007d10                adc_set_regular_group
 .text.adc_set_regular_group_length
                0x0000000008007d7e       0x18 obj/Release/src/stm32_libs/stm32f4xx/boctok/stm32f4xx_adc_boctok.o
                0x0000000008007d7e                adc_set_regular_group_length
 .text.adc_set_sample_time
                0x0000000008007d96       0x3c obj/Release/src/stm32_libs/stm32f4xx/boctok/stm32f4xx_adc_boctok.o
                0x0000000008007d96                adc_set_sample_time
 .text.adc_start_regular_group
                0x0000000008007dd2        0xa obj/Release/src/stm32_libs/stm32f4xx/boctok/stm32f4xx_adc_boctok.o
                0x0000000008007dd2                adc_start_regular_group
 .text.adc_start_injected_group
                0x0000000008007ddc        0xa obj/Release/src/stm32_libs/stm32f4xx/boctok/stm32f4xx_adc_boctok.o
                0x0000000008007ddc                adc_start_injected_group
 *fill*         0x0000000008007de6        0x2 
 .text.getScbDump
                0x0000000008007de8       0x24 obj/Release/src/stm32_libs/stm32f4xx/boctok/stm32f4xx_fault_handler_boctok.o
                0x0000000008007de8                getScbDump
 .text.getStackRegisters
                0x0000000008007e0c       0x30 obj/Release/src/stm32_libs/stm32f4xx/boctok/stm32f4xx_fault_handler_boctok.o
                0x0000000008007e0c                getStackRegisters
 .text.HardFault_Handler
                0x0000000008007e3c       0x28 obj/Release/src/stm32_libs/stm32f4xx/boctok/stm32f4xx_fault_handler_boctok.o
                0x0000000008007e3c                HardFault_Handler
 .text.NMI_Handler
                0x0000000008007e64       0x28 obj/Release/src/stm32_libs/stm32f4xx/boctok/stm32f4xx_fault_handler_boctok.o
                0x0000000008007e64                NMI_Handler
 .text.MemManage_Handler
                0x0000000008007e8c       0x28 obj/Release/src/stm32_libs/stm32f4xx/boctok/stm32f4xx_fault_handler_boctok.o
                0x0000000008007e8c                MemManage_Handler
 .text.BusFault_Handler
                0x0000000008007eb4       0x28 obj/Release/src/stm32_libs/stm32f4xx/boctok/stm32f4xx_fault_handler_boctok.o
                0x0000000008007eb4                BusFault_Handler
 .text.UsageFault_Handler
                0x0000000008007edc       0x28 obj/Release/src/stm32_libs/stm32f4xx/boctok/stm32f4xx_fault_handler_boctok.o
                0x0000000008007edc                UsageFault_Handler
 .text.SVC_Handler
                0x0000000008007f04       0x28 obj/Release/src/stm32_libs/stm32f4xx/boctok/stm32f4xx_fault_handler_boctok.o
                0x0000000008007f04                SVC_Handler
 .text.DebugMon_Handler
                0x0000000008007f2c       0x28 obj/Release/src/stm32_libs/stm32f4xx/boctok/stm32f4xx_fault_handler_boctok.o
                0x0000000008007f2c                DebugMon_Handler
 .text.PendSV_Handler
                0x0000000008007f54       0x28 obj/Release/src/stm32_libs/stm32f4xx/boctok/stm32f4xx_fault_handler_boctok.o
                0x0000000008007f54                PendSV_Handler
 .text.WWDG_IRQHandler
                0x0000000008007f7c       0x28 obj/Release/src/stm32_libs/stm32f4xx/boctok/stm32f4xx_fault_handler_boctok.o
                0x0000000008007f7c                WWDG_IRQHandler
 .text.FPU_IRQHandler
                0x0000000008007fa4       0x28 obj/Release/src/stm32_libs/stm32f4xx/boctok/stm32f4xx_fault_handler_boctok.o
                0x0000000008007fa4                FPU_IRQHandler
 .text.GPIO_configure
                0x0000000008007fcc       0x6c obj/Release/src/stm32_libs/stm32f4xx/boctok/stm32f4xx_gpio_boctok.o
                0x0000000008007fcc                GPIO_configure
 .text.SYSCFG_map_EXTI
                0x0000000008008038       0x98 obj/Release/src/stm32_libs/stm32f4xx/boctok/stm32f4xx_gpio_boctok.o
                0x0000000008008038                SYSCFG_map_EXTI
 .text.gpio_set_pin
                0x00000000080080d0       0x36 obj/Release/src/stm32_libs/stm32f4xx/boctok/stm32f4xx_gpio_boctok.o
                0x00000000080080d0                gpio_set_pin
 .text.GPIO_SetAF
                0x0000000008008106       0x44 obj/Release/src/stm32_libs/stm32f4xx/boctok/stm32f4xx_gpio_boctok.o
                0x0000000008008106                GPIO_SetAF
 *fill*         0x000000000800814a        0x2 
 .text.Reset_Handler
                0x000000000800814c       0x50 obj/Release/src/stm32_libs/stm32f4xx/cmsis/startup_stm32f410xx.o
                0x000000000800814c                Reset_Handler
 .text.Default_Handler
                0x000000000800819c        0x2 obj/Release/src/stm32_libs/stm32f4xx/cmsis/startup_stm32f410xx.o
                0x000000000800819c                RTC_Alarm_IRQHandler
                0x000000000800819c                FMPI2C1_EV_IRQHandler
                0x000000000800819c                TIM1_CC_IRQHandler
                0x000000000800819c                DMA2_Stream5_IRQHandler
                0x000000000800819c                DMA1_Stream5_IRQHandler
                0x000000000800819c                PVD_IRQHandler
                0x000000000800819c                TAMP_STAMP_IRQHandler
                0x000000000800819c                EXTI3_IRQHandler
                0x000000000800819c                I2C2_EV_IRQHandler
                0x000000000800819c                DMA1_Stream2_IRQHandler
                0x000000000800819c                DMA2_Stream2_IRQHandler
                0x000000000800819c                SPI1_IRQHandler
                0x000000000800819c                TIM6_DAC_IRQHandler
                0x000000000800819c                DMA2_Stream3_IRQHandler
                0x000000000800819c                USART6_IRQHandler
                0x000000000800819c                I2C1_EV_IRQHandler
                0x000000000800819c                DMA1_Stream6_IRQHandler
                0x000000000800819c                DMA1_Stream1_IRQHandler
                0x000000000800819c                RCC_IRQHandler
                0x000000000800819c                Default_Handler
                0x000000000800819c                EXTI15_10_IRQHandler
                0x000000000800819c                DMA1_Stream7_IRQHandler
                0x000000000800819c                SPI5_IRQHandler
                0x000000000800819c                DMA2_Stream7_IRQHandler
                0x000000000800819c                EXTI9_5_IRQHandler
                0x000000000800819c                RTC_WKUP_IRQHandler
                0x000000000800819c                SPI2_IRQHandler
                0x000000000800819c                DMA1_Stream0_IRQHandler
                0x000000000800819c                FMPI2C1_ER_IRQHandler
                0x000000000800819c                EXTI4_IRQHandler
                0x000000000800819c                RNG_IRQHandler
                0x000000000800819c                TIM1_UP_IRQHandler
                0x000000000800819c                TIM1_TRG_COM_TIM11_IRQHandler
                0x000000000800819c                USART2_IRQHandler
                0x000000000800819c                I2C2_ER_IRQHandler
                0x000000000800819c                DMA2_Stream1_IRQHandler
                0x000000000800819c                FLASH_IRQHandler
                0x000000000800819c                DMA2_Stream4_IRQHandler
                0x000000000800819c                DMA1_Stream4_IRQHandler
                0x000000000800819c                I2C1_ER_IRQHandler
                0x000000000800819c                LPTIM1_IRQHandler
                0x000000000800819c                DMA2_Stream6_IRQHandler
                0x000000000800819c                DMA1_Stream3_IRQHandler
 .text._init    0x000000000800819e        0x2 obj/Release/src/stm32_libs/stm32f4xx/cmsis/system_hse100_stm32f410.o
                0x000000000800819e                _init
 .text.SystemInit
                0x00000000080081a0       0xf0 obj/Release/src/stm32_libs/stm32f4xx/cmsis/system_hse100_stm32f410.o
                0x00000000080081a0                SystemInit
 .text.NVIC_PriorityGroupConfig
                0x0000000008008290       0x14 obj/Release/src/stm32_libs/stm32f4xx/spl/misc.o
                0x0000000008008290                NVIC_PriorityGroupConfig
 .text.DMA_Init
                0x00000000080082a4       0x54 obj/Release/src/stm32_libs/stm32f4xx/spl/stm32f4xx_dma.o
                0x00000000080082a4                DMA_Init
 .text.DMA_StructInit
                0x00000000080082f8       0x22 obj/Release/src/stm32_libs/stm32f4xx/spl/stm32f4xx_dma.o
                0x00000000080082f8                DMA_StructInit
 *fill*         0x000000000800831a        0x2 
 .text.I2C_Init
                0x000000000800831c       0xc8 obj/Release/src/stm32_libs/stm32f4xx/spl/stm32f4xx_i2c.o
                0x000000000800831c                I2C_Init
 .text.I2C_Cmd  0x00000000080083e4       0x16 obj/Release/src/stm32_libs/stm32f4xx/spl/stm32f4xx_i2c.o
                0x00000000080083e4                I2C_Cmd
 .text.I2C_GenerateSTART
                0x00000000080083fa       0x16 obj/Release/src/stm32_libs/stm32f4xx/spl/stm32f4xx_i2c.o
                0x00000000080083fa                I2C_GenerateSTART
 .text.I2C_GenerateSTOP
                0x0000000008008410       0x16 obj/Release/src/stm32_libs/stm32f4xx/spl/stm32f4xx_i2c.o
                0x0000000008008410                I2C_GenerateSTOP
 .text.I2C_Send7bitAddress
                0x0000000008008426       0x12 obj/Release/src/stm32_libs/stm32f4xx/spl/stm32f4xx_i2c.o
                0x0000000008008426                I2C_Send7bitAddress
 .text.I2C_AcknowledgeConfig
                0x0000000008008438       0x16 obj/Release/src/stm32_libs/stm32f4xx/spl/stm32f4xx_i2c.o
                0x0000000008008438                I2C_AcknowledgeConfig
 .text.I2C_SendData
                0x000000000800844e        0x4 obj/Release/src/stm32_libs/stm32f4xx/spl/stm32f4xx_i2c.o
                0x000000000800844e                I2C_SendData
 .text.I2C_ReceiveData
                0x0000000008008452        0x6 obj/Release/src/stm32_libs/stm32f4xx/spl/stm32f4xx_i2c.o
                0x0000000008008452                I2C_ReceiveData
 .text.I2C_CheckEvent
                0x0000000008008458       0x16 obj/Release/src/stm32_libs/stm32f4xx/spl/stm32f4xx_i2c.o
                0x0000000008008458                I2C_CheckEvent
 .text.I2C_GetFlagStatus
                0x000000000800846e       0x34 obj/Release/src/stm32_libs/stm32f4xx/spl/stm32f4xx_i2c.o
                0x000000000800846e                I2C_GetFlagStatus
 .text.I2C_ClearFlag
                0x00000000080084a2        0x8 obj/Release/src/stm32_libs/stm32f4xx/spl/stm32f4xx_i2c.o
                0x00000000080084a2                I2C_ClearFlag
 *fill*         0x00000000080084aa        0x2 
 .text.RCC_GetClocksFreq
                0x00000000080084ac       0x88 obj/Release/src/stm32_libs/stm32f4xx/spl/stm32f4xx_rcc.o
                0x00000000080084ac                RCC_GetClocksFreq
 .text.USART_Init
                0x0000000008008534       0xb0 obj/Release/src/stm32_libs/stm32f4xx/spl/stm32f4xx_usart.o
                0x0000000008008534                USART_Init
 .text.USART_Cmd
                0x00000000080085e4       0x16 obj/Release/src/stm32_libs/stm32f4xx/spl/stm32f4xx_usart.o
                0x00000000080085e4                USART_Cmd
 .text.USART_ReceiveData
                0x00000000080085fa        0x8 obj/Release/src/stm32_libs/stm32f4xx/spl/stm32f4xx_usart.o
                0x00000000080085fa                USART_ReceiveData
 .text.USART_ITConfig
                0x0000000008008602       0x32 obj/Release/src/stm32_libs/stm32f4xx/spl/stm32f4xx_usart.o
                0x0000000008008602                USART_ITConfig
 .text.Eeprom_init
                0x0000000008008634       0xa0 obj/Release/src/storage/eeprom.o
                0x0000000008008634                Eeprom_init
 .text.eeprom_wait
                0x00000000080086d4       0xb0 obj/Release/src/storage/eeprom.o
                0x00000000080086d4                eeprom_wait
 .text.eeprom_write_byte
                0x0000000008008784      0x104 obj/Release/src/storage/eeprom.o
                0x0000000008008784                eeprom_write_byte
 .text.eeprom_read_byte
                0x0000000008008888      0x188 obj/Release/src/storage/eeprom.o
                0x0000000008008888                eeprom_read_byte
 .text.eeprom_update_byte
                0x0000000008008a10       0x58 obj/Release/src/storage/eeprom.o
                0x0000000008008a10                eeprom_update_byte
 .text.Eeprom_load_data
                0x0000000008008a68       0x40 obj/Release/src/storage/eeprom.o
                0x0000000008008a68                Eeprom_load_data
 .text.Eeprom_update_data
                0x0000000008008aa8       0x38 obj/Release/src/storage/eeprom.o
                0x0000000008008aa8                Eeprom_update_data
 .text.getValue_t2D
                0x0000000008008ae0       0xb8 obj/Release/src/storage/table.o
                0x0000000008008ae0                getValue_t2D
 .text.getValue_t3D
                0x0000000008008b98      0x2c6 obj/Release/src/storage/table.o
                0x0000000008008b98                getValue_t3D
 .text.load_t2D_data
                0x0000000008008e5e        0xc obj/Release/src/storage/table.o
                0x0000000008008e5e                load_t2D_data
 .text.load_t2D
                0x0000000008008e6a        0xe obj/Release/src/storage/table.o
                0x0000000008008e6a                load_t2D
 .text.load_t3D_data
                0x0000000008008e78        0xe obj/Release/src/storage/table.o
                0x0000000008008e78                load_t3D_data
 .text.store_t2D_data
                0x0000000008008e86        0xc obj/Release/src/storage/table.o
                0x0000000008008e86                store_t2D_data
 .text.store_t2D
                0x0000000008008e92        0xe obj/Release/src/storage/table.o
                0x0000000008008e92                store_t2D
 .text.store_t3D_data
                0x0000000008008ea0        0xe obj/Release/src/storage/table.o
                0x0000000008008ea0                store_t3D_data
 *fill*         0x0000000008008eae        0x2 
 .text.show_t3D_data
                0x0000000008008eb0       0xa4 obj/Release/src/storage/table.o
                0x0000000008008eb0                show_t3D_data
 .text.show_t2D_data
                0x0000000008008f54       0x60 obj/Release/src/storage/table.o
                0x0000000008008f54                show_t2D_data
 .text.modify_t2D_data
                0x0000000008008fb4        0xe obj/Release/src/storage/table.o
                0x0000000008008fb4                modify_t2D_data
 .text.modify_t3D_data
                0x0000000008008fc2       0x10 obj/Release/src/storage/table.o
                0x0000000008008fc2                modify_t3D_data
 .text.send_t2D_data
                0x0000000008008fd2        0x6 obj/Release/src/storage/table.o
                0x0000000008008fd2                send_t2D_data
 .text.send_t3D_data
                0x0000000008008fd8        0x8 obj/Release/src/storage/table.o
                0x0000000008008fd8                send_t3D_data
 .text.allocate_timer_channel_1
                0x0000000008008fe0       0x3c obj/Release/src/timing/scheduler.o
                0x0000000008008fe0                allocate_timer_channel_1
 .text.reset_timer_channel_1
                0x000000000800901c       0x30 obj/Release/src/timing/scheduler.o
                0x000000000800901c                reset_timer_channel_1
 .text.allocate_timer_channel_2
                0x000000000800904c       0x3c obj/Release/src/timing/scheduler.o
                0x000000000800904c                allocate_timer_channel_2
 .text.reset_timer_channel_2
                0x0000000008009088       0x30 obj/Release/src/timing/scheduler.o
                0x0000000008009088                reset_timer_channel_2
 .text.allocate_timer_channel_3
                0x00000000080090b8       0x3c obj/Release/src/timing/scheduler.o
                0x00000000080090b8                allocate_timer_channel_3
 .text.reset_timer_channel_3
                0x00000000080090f4       0x30 obj/Release/src/timing/scheduler.o
                0x00000000080090f4                reset_timer_channel_3
 .text.allocate_timer_channel_4
                0x0000000008009124       0x3c obj/Release/src/timing/scheduler.o
                0x0000000008009124                allocate_timer_channel_4
 .text.reset_timer_channel_4
                0x0000000008009160       0x30 obj/Release/src/timing/scheduler.o
                0x0000000008009160                reset_timer_channel_4
 .text.init_Vital_Scheduler
                0x0000000008009190       0xd0 obj/Release/src/timing/scheduler.o
                0x0000000008009190                init_Vital_Scheduler
 .text.scheduler_reset_channel
                0x0000000008009260       0x44 obj/Release/src/timing/scheduler.o
                0x0000000008009260                scheduler_reset_channel
 .text.allocate_channel
                0x00000000080092a4       0x8c obj/Release/src/timing/scheduler.o
                0x00000000080092a4                allocate_channel
 .text.scheduler_set_channel
                0x0000000008009330      0x108 obj/Release/src/timing/scheduler.o
                0x0000000008009330                scheduler_set_channel
 .text.TIM5_IRQHandler
                0x0000000008009438      0x128 obj/Release/src/timing/scheduler.o
                0x0000000008009438                TIM5_IRQHandler
 .text.scheduler_diag_log_event
                0x0000000008009560       0x28 obj/Release/src/timing/scheduler_diag.o
                0x0000000008009560                scheduler_diag_log_event
 .text.print_scheduler_diag
                0x0000000008009588       0x68 obj/Release/src/timing/scheduler_diag.o
                0x0000000008009588                print_scheduler_diag
 .text.init_systick_timer
                0x00000000080095f0       0x24 obj/Release/src/timing/systick_timer.o
                0x00000000080095f0                init_systick_timer
 .text.get_timestamp_fraction_us
                0x0000000008009614       0x24 obj/Release/src/timing/systick_timer.o
                0x0000000008009614                get_timestamp_fraction_us
 .text.SysTick_Handler
                0x0000000008009638       0xf4 obj/Release/src/timing/systick_timer.o
                0x0000000008009638                SysTick_Handler
 .text.calc_rot_duration_us
                0x000000000800972c        0xc obj/Release/src/utils/base_calc.o
                0x000000000800972c                calc_rot_duration_us
 .text.calc_rot_angle_deg
                0x0000000008009738       0x20 obj/Release/src/utils/base_calc.o
                0x0000000008009738                calc_rot_angle_deg
 .text.calc_rpm
                0x0000000008009758       0x20 obj/Release/src/utils/base_calc.o
                0x0000000008009758                calc_rpm
 .text.sub_VU32
                0x0000000008009778       0x14 obj/Release/src/utils/base_calc.o
                0x0000000008009778                sub_VU32
 .text.subtract_U32
                0x000000000800978c        0xa obj/Release/src/utils/base_calc.o
                0x000000000800978c                subtract_U32
 .text.divide_U32
                0x0000000008009796       0x18 obj/Release/src/utils/base_calc.o
                0x0000000008009796                divide_U32
 *fill*         0x00000000080097ae        0x2 
 .text.divide_F32
                0x00000000080097b0       0x2c obj/Release/src/utils/base_calc.o
                0x00000000080097b0                divide_F32
 .text.divide_float
                0x00000000080097dc       0x28 obj/Release/src/utils/base_calc.o
                0x00000000080097dc                divide_float
 .text.crank_position_after
                0x0000000008009804       0x14 obj/Release/src/utils/base_calc.o
                0x0000000008009804                crank_position_after
 .text.opposite_phase
                0x0000000008009818       0x10 obj/Release/src/utils/base_calc.o
                0x0000000008009818                opposite_phase
 .text.solve_linear
                0x0000000008009828       0x48 obj/Release/src/utils/base_calc.o
                0x0000000008009828                solve_linear
 .text.calc_ema
                0x0000000008009870       0x42 obj/Release/src/utils/base_calc.o
                0x0000000008009870                calc_ema
 *fill*         0x00000000080098b2        0x2 
 .text.calc_derivative_s
                0x00000000080098b4       0x44 obj/Release/src/utils/base_calc.o
                0x00000000080098b4                calc_derivative_s
 .text.getBit_BF8
                0x00000000080098f8       0x26 obj/Release/src/utils/bitfields.o
                0x00000000080098f8                getBit_BF8
 *fill*         0x000000000800991e        0x2 
 .text.__libc_init_array
                0x0000000008009920       0x48 /opt/gcc-arm-none-eabi-7-2017-q4-major/bin/../lib/gcc/arm-none-eabi/7.2.1/../../../../arm-none-eabi/lib/thumb/v7e-m/fpv4-sp/hard/libc.a(lib_a-init.o)
                0x0000000008009920                __libc_init_array
 *(.rodata)
 .rodata        0x0000000008009968       0x17 obj/Release/src/com/Tuareg_console.o
                0x0000000008009968                Tuareg_Version
 .rodata        0x000000000800997f      0x208 obj/Release/src/decoder/decoder_diag.o
                0x000000000800997f                decoder_diag_legend
 .rodata        0x0000000008009b87      0x348 obj/Release/src/fueling/fueling_diag.o
                0x0000000008009b87                fueling_diag_legend
 .rodata        0x0000000008009ecf      0x1a4 obj/Release/src/ignition/ignition_diag.o
                0x0000000008009ecf                ignition_diag_legend
 .rodata        0x000000000800a073      0x258 obj/Release/src/main/Tuareg_diag.o
                0x000000000800a073                tuareg_diag_legend
 .rodata        0x000000000800a2cb      0x5be obj/Release/src/main/Tuareg_ID.o