Archive member included to satisfy reference by file (symbol)

/opt/gcc-arm-none-eabi-7-2017-q4-major/bin/../lib/gcc/arm-none-eabi/7.2.1/../../../../arm-none-eabi/lib/thumb/v7e-m/fpv4-sp/hard/libc.a(lib_a-init.o)
                              obj/Release/src/stm32_libs/stm32f4xx/cmsis/startup_stm32f410xx.o (__libc_init_array)

Discarded input sections

 .text          0x0000000000000000        0x0 obj/Release/src/actors/act_hw.o
 .data          0x0000000000000000        0x0 obj/Release/src/actors/act_hw.o
 .bss           0x0000000000000000        0x0 obj/Release/src/actors/act_hw.o
 .text.set_act1
                0x0000000000000000       0x20 obj/Release/src/actors/act_hw.o
 .text.set_act2
                0x0000000000000000       0x20 obj/Release/src/actors/act_hw.o
 .text.init_act_hw
                0x0000000000000000       0x4c obj/Release/src/actors/act_hw.o
 .comment       0x0000000000000000       0x7f obj/Release/src/actors/act_hw.o
 .ARM.attributes
                0x0000000000000000       0x39 obj/Release/src/actors/act_hw.o
 .text          0x0000000000000000        0x0 obj/Release/src/actors/act_logic.o
 .data          0x0000000000000000        0x0 obj/Release/src/actors/act_logic.o
 .bss           0x0000000000000000        0x0 obj/Release/src/actors/act_logic.o
 .text.init_act_logic
                0x0000000000000000        0x2 obj/Release/src/actors/act_logic.o
 .comment       0x0000000000000000       0x7f obj/Release/src/actors/act_logic.o
 .ARM.attributes
                0x0000000000000000       0x39 obj/Release/src/actors/act_logic.o
 .text          0x0000000000000000        0x0 obj/Release/src/com/serial_buffer.o
 .data          0x0000000000000000        0x0 obj/Release/src/com/serial_buffer.o
 .bss           0x0000000000000000        0x0 obj/Release/src/com/serial_buffer.o
 .text          0x0000000000000000        0x0 obj/Release/src/com/serial_monitor.o
 .data          0x0000000000000000        0x0 obj/Release/src/com/serial_monitor.o
 .bss           0x0000000000000000        0x0 obj/Release/src/com/serial_monitor.o
 .comment       0x0000000000000000       0x7f obj/Release/src/com/serial_monitor.o
 .ARM.attributes
                0x0000000000000000       0x39 obj/Release/src/com/serial_monitor.o
 .text          0x0000000000000000        0x0 obj/Release/src/com/Tuareg_console.o
 .data          0x0000000000000000        0x0 obj/Release/src/com/Tuareg_console.o
 .bss           0x0000000000000000        0x0 obj/Release/src/com/Tuareg_console.o
 .rodata.cTSmaxChunkLen
                0x0000000000000000        0x4 obj/Release/src/com/Tuareg_console.o
 .rodata.cTSmaxOffset
                0x0000000000000000        0x4 obj/Release/src/com/Tuareg_console.o
 .text          0x0000000000000000        0x0 obj/Release/src/com/TunerStudio.o
 .data          0x0000000000000000        0x0 obj/Release/src/com/TunerStudio.o
 .bss           0x0000000000000000        0x0 obj/Release/src/com/TunerStudio.o
 .text          0x0000000000000000        0x0 obj/Release/src/com/TunerStudio_outChannel.o
 .data          0x0000000000000000        0x0 obj/Release/src/com/TunerStudio_outChannel.o
 .bss           0x0000000000000000        0x0 obj/Release/src/com/TunerStudio_outChannel.o
 .rodata.cOut_size
                0x0000000000000000        0x4 obj/Release/src/com/TunerStudio_outChannel.o
 .rodata.pOut_data
                0x0000000000000000        0x4 obj/Release/src/com/TunerStudio_outChannel.o
 .text          0x0000000000000000        0x0 obj/Release/src/com/TunerStudio_service.o
 .data          0x0000000000000000        0x0 obj/Release/src/com/TunerStudio_service.o
 .bss           0x0000000000000000        0x0 obj/Release/src/com/TunerStudio_service.o
 .text          0x0000000000000000        0x0 obj/Release/src/com/uart.o
 .data          0x0000000000000000        0x0 obj/Release/src/com/uart.o
 .bss           0x0000000000000000        0x0 obj/Release/src/com/uart.o
 .text.UART_listen
                0x0000000000000000        0xa obj/Release/src/com/uart.o
 .text.UART_nolisten
                0x0000000000000000        0xa obj/Release/src/com/uart.o
 .text          0x0000000000000000        0x0 obj/Release/src/com/uart_printf.o
 .data          0x0000000000000000        0x0 obj/Release/src/com/uart_printf.o
 .bss           0x0000000000000000        0x0 obj/Release/src/com/uart_printf.o
 .text.printf_S
                0x0000000000000000       0x20 obj/Release/src/com/uart_printf.o
 .text.printf_U8
                0x0000000000000000       0x42 obj/Release/src/com/uart_printf.o
 .text.printf_U32hex
                0x0000000000000000       0x30 obj/Release/src/com/uart_printf.o
 .text          0x0000000000000000        0x0 obj/Release/src/dash/dash_hw.o
 .data          0x0000000000000000        0x0 obj/Release/src/dash/dash_hw.o
 .bss           0x0000000000000000        0x0 obj/Release/src/dash/dash_hw.o
 .text          0x0000000000000000        0x0 obj/Release/src/dash/Tuareg_dash.o
[...]
Memory Configuration

Name             Origin             Length             Attributes
FLASH            0x0000000008000000 0x0000000000020000 xr
RAM              0x0000000020000000 0x0000000000008000 xrw
MEMORY_B1        0x0000000060000000 0x0000000000000000 xr
*default*        0x0000000000000000 0xffffffffffffffff

Linker script and memory map

LOAD obj/Release/src/actors/act_hw.o
LOAD obj/Release/src/actors/act_logic.o
LOAD obj/Release/src/com/serial_buffer.o
LOAD obj/Release/src/com/serial_monitor.o
LOAD obj/Release/src/com/Tuareg_console.o
LOAD obj/Release/src/com/TunerStudio.o
LOAD obj/Release/src/com/TunerStudio_outChannel.o
LOAD obj/Release/src/com/TunerStudio_service.o
LOAD obj/Release/src/com/uart.o
LOAD obj/Release/src/com/uart_printf.o
LOAD obj/Release/src/dash/dash_hw.o
LOAD obj/Release/src/dash/Tuareg_dash.o
LOAD obj/Release/src/debug/debug.o
LOAD obj/Release/src/debug/debug_port_messages.o
LOAD obj/Release/src/debug/dwt.o
LOAD obj/Release/src/decoder/decoder_cis.o
LOAD obj/Release/src/decoder/decoder_config.o
LOAD obj/Release/src/decoder/decoder_debug.o
LOAD obj/Release/src/decoder/decoder_diag.o
LOAD obj/Release/src/decoder/decoder_hw.o
LOAD obj/Release/src/decoder/decoder_logic.o
LOAD obj/Release/src/decoder/Tuareg_decoder.o
LOAD obj/Release/src/diagnostics/diagnostics.o
LOAD obj/Release/src/diagnostics/fault_log.o
LOAD obj/Release/src/diagnostics/highspeed_loggers.o
LOAD obj/Release/src/diagnostics/syslog.o
LOAD obj/Release/src/fueling/accel_comp.o
LOAD obj/Release/src/fueling/fueling_config.o
LOAD obj/Release/src/fueling/fueling_corrections.o
LOAD obj/Release/src/fueling/fueling_diag.o
LOAD obj/Release/src/fueling/fueling_hw.o
LOAD obj/Release/src/fueling/injector_parameters.o
LOAD obj/Release/src/fueling/Tuareg_fueling.o
LOAD obj/Release/src/fueling/Tuareg_fueling_controls.o
LOAD obj/Release/src/ignition/ignition_config.o
LOAD obj/Release/src/ignition/ignition_diag.o
LOAD obj/Release/src/ignition/ignition_hw.o
LOAD obj/Release/src/ignition/Tuareg_ignition.o
LOAD obj/Release/src/ignition/Tuareg_ignition_controls.o
LOAD obj/Release/src/main/main.o
LOAD obj/Release/src/main/Tuareg.o
LOAD obj/Release/src/main/Tuareg_config.o
LOAD obj/Release/src/main/Tuareg_diag.o
LOAD obj/Release/src/main/Tuareg_errors.o
LOAD obj/Release/src/main/Tuareg_ID.o
LOAD obj/Release/src/main/Tuareg_process_data.o
LOAD obj/Release/src/main/Tuareg_service_functions.o
LOAD obj/Release/src/main/Tuareg_types.o
LOAD obj/Release/src/module_test/module_test.o
LOAD obj/Release/src/process_table/process_table.o
LOAD obj/Release/src/sensors/analog_sensors.o
LOAD obj/Release/src/sensors/digital_sensors.o
LOAD obj/Release/src/sensors/knock_sensor.o
LOAD obj/Release/src/sensors/sensor_calibration.o
LOAD obj/Release/src/sensors/sensors_diag.o
LOAD obj/Release/src/sensors/Tuareg_sensors.o
LOAD obj/Release/src/stm32_libs/stm32f4xx/boctok/stm32f4xx_adc_boctok.o
LOAD obj/Release/src/stm32_libs/stm32f4xx/boctok/stm32f4xx_fault_handler_boctok.o
LOAD obj/Release/src/stm32_libs/stm32f4xx/boctok/stm32f4xx_gpio_boctok.o
LOAD obj/Release/src/stm32_libs/stm32f4xx/cmsis/startup_stm32f410xx.o
LOAD obj/Release/src/stm32_libs/stm32f4xx/cmsis/system_hse100_stm32f410.o
LOAD obj/Release/src/stm32_libs/stm32f4xx/spl/misc.o
LOAD obj/Release/src/stm32_libs/stm32f4xx/spl/stm32f4xx_dma.o
LOAD obj/Release/src/stm32_libs/stm32f4xx/spl/stm32f4xx_i2c.o
LOAD obj/Release/src/stm32_libs/stm32f4xx/spl/stm32f4xx_rcc.o
LOAD obj/Release/src/stm32_libs/stm32f4xx/spl/stm32f4xx_usart.o
LOAD obj/Release/src/storage/eeprom.o
LOAD obj/Release/src/storage/table.o
LOAD obj/Release/src/timing/lowprio_scheduler.o
LOAD obj/Release/src/timing/scheduler.o
LOAD obj/Release/src/timing/scheduler_diag.o
LOAD obj/Release/src/timing/systick_timer.o
LOAD obj/Release/src/utils/base_calc.o
LOAD obj/Release/src/utils/bitfields.o
LOAD obj/Release/src/utils/conversion.o
                0x0000000020008000                _estack = 0x20008000
                0x0000000000000000                _Min_Heap_Size = 0x0
                0x0000000000000100                _Min_Stack_Size = 0x100

.isr_vector     0x0000000008000000      0x1c8
                0x0000000008000000                . = ALIGN (0x4)
 *(.isr_vector)
 .isr_vector    0x0000000008000000      0x1c8 obj/Release/src/stm32_libs/stm32f4xx/cmsis/startup_stm32f410xx.o
                0x0000000008000000                g_pfnVectors
                0x00000000080001c8                . = ALIGN (0x4)

.text           0x00000000080001c8     0xc208
                0x00000000080001c8                . = ALIGN (0x4)
 *(.text)
 *(.text*)
 .text.ComRx_Buffer_reset
                0x00000000080001c8       0x3c obj/Release/src/com/serial_buffer.o
                0x00000000080001c8                ComRx_Buffer_reset
 .text.ComRx_Buffer_avail
                0x0000000008000204        0xc obj/Release/src/com/serial_buffer.o
                0x0000000008000204                ComRx_Buffer_avail
 .text.ComRx_Buffer_push
                0x0000000008000210       0x50 obj/Release/src/com/serial_buffer.o
                0x0000000008000210                ComRx_Buffer_push
 .text.ComRx_Buffer_pull
                0x0000000008000260       0x44 obj/Release/src/com/serial_buffer.o
                0x0000000008000260                ComRx_Buffer_pull
 .text.ComRx_Buffer_pull_U16
                0x00000000080002a4       0x30 obj/Release/src/com/serial_buffer.o
                0x00000000080002a4                ComRx_Buffer_pull_U16
 .text.ComRx_Buffer_pull_U32
                0x00000000080002d4       0x56 obj/Release/src/com/serial_buffer.o
                0x00000000080002d4                ComRx_Buffer_pull_U32
 *fill*         0x000000000800032a        0x2 
 .text.cli_showPage
                0x000000000800032c       0xa0 obj/Release/src/com/Tuareg_console.o
                0x000000000800032c                cli_showPage
 .text.cli_setPermissions
                0x00000000080003cc      0x11c obj/Release/src/com/Tuareg_console.o
                0x00000000080003cc                cli_setPermissions
 .text.cli_show_help
                0x00000000080004e8       0x9c obj/Release/src/com/Tuareg_console.o
                0x00000000080004e8                cli_show_help
 .text.Tuareg_update_console
                0x0000000008000584      0x290 obj/Release/src/com/Tuareg_console.o
                0x0000000008000584                Tuareg_update_console
 .text.cli_cyclic_update
                0x0000000008000814       0x1c obj/Release/src/com/Tuareg_console.o
                0x0000000008000814                cli_cyclic_update
 .text.Tuareg_init_console
                0x0000000008000830       0x18 obj/Release/src/com/Tuareg_console.o
                0x0000000008000830                Tuareg_init_console
 .text.ts_readPage
                0x0000000008000848       0xac obj/Release/src/com/TunerStudio.o
                0x0000000008000848                ts_readPage
 .text.ts_valueWrite
                0x00000000080008f4      0x194 obj/Release/src/com/TunerStudio.o
                0x00000000080008f4                ts_valueWrite
 .text.ts_burnPage
                0x0000000008000a88       0xc0 obj/Release/src/com/TunerStudio.o
                0x0000000008000a88                ts_burnPage
 .text.ts_tuareg_bits
                0x0000000008000b48      0x1b4 obj/Release/src/com/TunerStudio_outChannel.o
                0x0000000008000b48                ts_tuareg_bits
 .text.ts_sendOutputChannels
                0x0000000008000cfc      0x128 obj/Release/src/com/TunerStudio_outChannel.o
                0x0000000008000cfc                ts_sendOutputChannels
 .text.ts_debug_features
                0x0000000008000e24       0xc4 obj/Release/src/com/TunerStudio_service.o
                0x0000000008000e24                ts_debug_features
 .text.cli_show_debug_help
                0x0000000008000ee8       0xc0 obj/Release/src/com/TunerStudio_service.o
                0x0000000008000ee8                cli_show_debug_help
 .text.cli_show_process_data
                0x0000000008000fa8      0x114 obj/Release/src/com/TunerStudio_service.o
                0x0000000008000fa8                cli_show_process_data
 .text.cli_show_ignition_controls
                0x00000000080010bc      0x108 obj/Release/src/com/TunerStudio_service.o
                0x00000000080010bc                cli_show_ignition_controls
 .text.cli_show_fueling_controls
                0x00000000080011c4      0x358 obj/Release/src/com/TunerStudio_service.o
                0x00000000080011c4                cli_show_fueling_controls
 .text.cli_show_decoder_interface
                0x000000000800151c      0x124 obj/Release/src/com/TunerStudio_service.o
                0x000000000800151c                cli_show_decoder_interface
 .text.cli_print_sensor_data
                0x0000000008001640      0x21c obj/Release/src/com/TunerStudio_service.o
                0x0000000008001640                cli_print_sensor_data
 .text.ts_debug_info
                0x000000000800185c       0xd8 obj/Release/src/com/TunerStudio_service.o
                0x000000000800185c                ts_debug_info
 .text.UART_TS_PORT_Init
                0x0000000008001934       0xa0 obj/Release/src/com/uart.o
                0x0000000008001934                UART_TS_PORT_Init
 .text.UART_DEBUG_PORT_Init
                0x00000000080019d4       0x68 obj/Release/src/com/uart.o
                0x00000000080019d4                UART_DEBUG_PORT_Init
 .text.UART_Tx  0x0000000008001a3c        0xc obj/Release/src/com/uart.o
                0x0000000008001a3c                UART_Tx
 .text.UART_send_data
                0x0000000008001a48       0x1a obj/Release/src/com/uart.o
                0x0000000008001a48                UART_send_data
 *fill*         0x0000000008001a62        0x2 
 .text.USART1_IRQHandler
                0x0000000008001a64       0x30 obj/Release/src/com/uart.o
                0x0000000008001a64                USART1_IRQHandler
 .text.printf_U
                0x0000000008001a94      0x164 obj/Release/src/com/uart_printf.o
                0x0000000008001a94                printf_U
 .text.printf_F32
                0x0000000008001bf8       0xcc obj/Release/src/com/uart_printf.o
                0x0000000008001bf8                printf_F32
 .text.printf_nib_hex
                0x0000000008001cc4       0x10 obj/Release/src/com/uart_printf.o
                0x0000000008001cc4                printf_nib_hex
 .text.print    0x0000000008001cd4       0x16 obj/Release/src/com/uart_printf.o
                0x0000000008001cd4                print
 *fill*         0x0000000008001cea        0x2 
 .text.printf_U8hex
                0x0000000008001cec       0x38 obj/Release/src/com/uart_printf.o
                0x0000000008001cec                printf_U8hex
 .text.printf_crkpos
                0x0000000008001d24       0x6c obj/Release/src/com/uart_printf.o
                0x0000000008001d24                printf_crkpos
 .text.printf_phase
                0x0000000008001d90       0x30 obj/Release/src/com/uart_printf.o
                0x0000000008001d90                printf_phase
 .text.printf_decoder_sensing
                0x0000000008001dc0       0x54 obj/Release/src/com/uart_printf.o
                0x0000000008001dc0                printf_decoder_sensing
 .text.print_flash
                0x0000000008001e14        0x4 obj/Release/src/com/uart_printf.o
                0x0000000008001e14                print_flash
 .text.set_mil_hw
                0x0000000008001e18       0x38 obj/Release/src/dash/dash_hw.o
                0x0000000008001e18                set_mil_hw
 .text.init_dash_hw
                0x0000000008001e50       0x78 obj/Release/src/dash/dash_hw.o
                0x0000000008001e50                init_dash_hw
 .text.set_tachometer_compare
                0x0000000008001ec8       0x28 obj/Release/src/dash/dash_hw.o
                0x0000000008001ec8                set_tachometer_compare
 .text.update_tachometer
                0x0000000008001ef0       0x38 obj/Release/src/dash/Tuareg_dash.o
                0x0000000008001ef0                update_tachometer
 .text.set_mil  0x0000000008001f28       0x58 obj/Release/src/dash/Tuareg_dash.o
                0x0000000008001f28                set_mil
 .text.update_mil
                0x0000000008001f80       0xa8 obj/Release/src/dash/Tuareg_dash.o
                0x0000000008001f80                update_mil
 .text.init_dash
                0x0000000008002028       0x10 obj/Release/src/dash/Tuareg_dash.o
                0x0000000008002028                init_dash
 .text.update_dash
                0x0000000008002038        0xe obj/Release/src/dash/Tuareg_dash.o
                0x0000000008002038                update_dash
 *fill*         0x0000000008002046        0x2 
 .text.DebugMsg_Warning
                0x0000000008002048       0x24 obj/Release/src/debug/debug_port_messages.o
                0x0000000008002048                DebugMsg_Warning
 .text.DebugMsg_Info
                0x000000000800206c       0x24 obj/Release/src/debug/debug_port_messages.o
                0x000000000800206c                DebugMsg_Info
 .text.decoder_update_cis
                0x0000000008002090      0x17c obj/Release/src/decoder/decoder_cis.o
                0x0000000008002090                decoder_update_cis
 .text.decoder_cis_handler
                0x000000000800220c       0x9c obj/Release/src/decoder/decoder_cis.o
                0x000000000800220c                decoder_cis_handler
 .text.decoder_cis_noisefilter_handler
                0x00000000080022a8        0x4 obj/Release/src/decoder/decoder_cis.o
                0x00000000080022a8                decoder_cis_noisefilter_handler
 .text.enable_cis
                0x00000000080022ac       0x4c obj/Release/src/decoder/decoder_cis.o
                0x00000000080022ac                enable_cis
 .text.disable_cis
                0x00000000080022f8        0xe obj/Release/src/decoder/decoder_cis.o
                0x00000000080022f8                disable_cis
 *fill*         0x0000000008002306        0x2 
 .text.load_Decoder_Setup
                0x0000000008002308       0x1c obj/Release/src/decoder/decoder_config.o
                0x0000000008002308                load_Decoder_Setup
 .text.load_essential_Decoder_Setup
                0x0000000008002324       0x3c obj/Release/src/decoder/decoder_config.o
                0x0000000008002324                load_essential_Decoder_Setup
 .text.store_Decoder_Setup
                0x0000000008002360       0x10 obj/Release/src/decoder/decoder_config.o
                0x0000000008002360                store_Decoder_Setup
 .text.show_Decoder_Setup
                0x0000000008002370      0x154 obj/Release/src/decoder/decoder_config.o
                0x0000000008002370                show_Decoder_Setup
 .text.modify_Decoder_Setup
                0x00000000080024c4       0x18 obj/Release/src/decoder/decoder_config.o
                0x00000000080024c4                modify_Decoder_Setup
 .text.send_Decoder_Setup
                0x00000000080024dc        0xc obj/Release/src/decoder/decoder_config.o
                0x00000000080024dc                send_Decoder_Setup
 .text.decoder_diag_log_event
                0x00000000080024e8       0x28 obj/Release/src/decoder/decoder_diag.o
                0x00000000080024e8                decoder_diag_log_event
 .text.print_decoder_diag
                0x0000000008002510       0x68 obj/Release/src/decoder/decoder_diag.o
                0x0000000008002510                print_decoder_diag
 .text.decoder_stop_timer
                0x0000000008002578       0x1c obj/Release/src/decoder/decoder_hw.o
                0x0000000008002578                decoder_stop_timer
 .text.update_crank_noisefilter
                0x0000000008002594       0x40 obj/Release/src/decoder/decoder_hw.o
                0x0000000008002594                update_crank_noisefilter
 .text.update_cam_noisefilter
                0x00000000080025d4       0x40 obj/Release/src/decoder/decoder_hw.o
                0x00000000080025d4                update_cam_noisefilter
 .text.decoder_mask_crank_irq
                0x0000000008002614       0x10 obj/Release/src/decoder/decoder_hw.o
                0x0000000008002614                decoder_mask_crank_irq
 .text.decoder_unmask_crank_irq
                0x0000000008002624       0x14 obj/Release/src/decoder/decoder_hw.o
                0x0000000008002624                decoder_unmask_crank_irq
 .text.decoder_mask_cis_irq
                0x0000000008002638       0x10 obj/Release/src/decoder/decoder_hw.o
                0x0000000008002638                decoder_mask_cis_irq
 .text.decoder_unmask_cis_irq
                0x0000000008002648       0x14 obj/Release/src/decoder/decoder_hw.o
                0x0000000008002648                decoder_unmask_cis_irq
 .text.set_crank_pickup_sensing_rise
                0x000000000800265c       0x24 obj/Release/src/decoder/decoder_hw.o
                0x000000000800265c                set_crank_pickup_sensing_rise
 .text.set_crank_pickup_sensing_fall
                0x0000000008002680       0x24 obj/Release/src/decoder/decoder_hw.o
                0x0000000008002680                set_crank_pickup_sensing_fall
 .text.set_crank_pickup_sensing_disabled
                0x00000000080026a4       0x24 obj/Release/src/decoder/decoder_hw.o
                0x00000000080026a4                set_crank_pickup_sensing_disabled
 .text.set_cis_sensing_rise
                0x00000000080026c8       0x24 obj/Release/src/decoder/decoder_hw.o
                0x00000000080026c8                set_cis_sensing_rise
 .text.set_cis_sensing_fall
                0x00000000080026ec       0x24 obj/Release/src/decoder/decoder_hw.o
                0x00000000080026ec                set_cis_sensing_fall
 .text.set_cis_sensing_disabled
                0x0000000008002710       0x24 obj/Release/src/decoder/decoder_hw.o
                0x0000000008002710                set_cis_sensing_disabled
 .text.decoder_set_crank_pickup_sensing
                0x0000000008002734       0x3c obj/Release/src/decoder/decoder_hw.o
                0x0000000008002734                decoder_set_crank_pickup_sensing
 .text.decoder_set_cis_sensing
                0x0000000008002770       0x3c obj/Release/src/decoder/decoder_hw.o
                0x0000000008002770                decoder_set_cis_sensing
 .text.trigger_decoder_irq
                0x00000000080027ac       0x14 obj/Release/src/decoder/decoder_hw.o
                0x00000000080027ac                trigger_decoder_irq
 .text.init_decoder_hw
                0x00000000080027c0       0xcc obj/Release/src/decoder/decoder_hw.o
                0x00000000080027c0                init_decoder_hw
 .text.decoder_get_timestamp
                0x000000000800288c        0xc obj/Release/src/decoder/decoder_hw.o
                0x000000000800288c                decoder_get_timestamp
 .text.decoder_set_timer_continuous_mode_on
                0x0000000008002898       0x1c obj/Release/src/decoder/decoder_hw.o
                0x0000000008002898                decoder_set_timer_continuous_mode_on
 .text.decoder_set_timer_continuous_mode_off
                0x00000000080028b4       0x1c obj/Release/src/decoder/decoder_hw.o
                0x00000000080028b4                decoder_set_timer_continuous_mode_off
 .text.decoder_start_timer
                0x00000000080028d0       0x5c obj/Release/src/decoder/decoder_hw.o
                0x00000000080028d0                decoder_start_timer
 .text.decoder_request_timer_reset
                0x000000000800292c       0x10 obj/Release/src/decoder/decoder_hw.o
                0x000000000800292c                decoder_request_timer_reset
 .text.disable_decoder_hw
                0x000000000800293c       0x3c obj/Release/src/decoder/decoder_hw.o
                0x000000000800293c                disable_decoder_hw
 .text.EXTI0_IRQHandler
                0x0000000008002978       0x60 obj/Release/src/decoder/decoder_hw.o
                0x0000000008002978                EXTI0_IRQHandler
 .text.TIM1_BRK_TIM9_IRQHandler
                0x00000000080029d8       0x74 obj/Release/src/decoder/decoder_hw.o
                0x00000000080029d8                TIM1_BRK_TIM9_IRQHandler
 .text.EXTI1_IRQHandler
                0x0000000008002a4c       0x1c obj/Release/src/decoder/decoder_hw.o
                0x0000000008002a4c                EXTI1_IRQHandler
 .text.reset_timeout_counter
                0x0000000008002a68       0x14 obj/Release/src/decoder/decoder_logic.o
                0x0000000008002a68                reset_timeout_counter
 .text.reset_timing_output
                0x0000000008002a7c       0x2c obj/Release/src/decoder/decoder_logic.o
                0x0000000008002a7c                reset_timing_output
 .text.reset_position_data
                0x0000000008002aa8       0x30 obj/Release/src/decoder/decoder_logic.o
                0x0000000008002aa8                reset_position_data
 .text.reset_internal_data
                0x0000000008002ad8       0x1c obj/Release/src/decoder/decoder_logic.o
                0x0000000008002ad8                reset_internal_data
 .text.decoder_set_state
                0x0000000008002af4       0x24 obj/Release/src/decoder/decoder_logic.o
                0x0000000008002af4                decoder_set_state
 .text.check_sync_ratio
                0x0000000008002b18       0x74 obj/Release/src/decoder/decoder_logic.o
                0x0000000008002b18                check_sync_ratio
 .text.check_sync_ratio_async
                0x0000000008002b8c       0x5c obj/Release/src/decoder/decoder_logic.o
                0x0000000008002b8c                check_sync_ratio_async
 .text.update_timing_data
                0x0000000008002be8       0xec obj/Release/src/decoder/decoder_logic.o
                0x0000000008002be8                update_timing_data
 .text.init_decoder_logic
                0x0000000008002cd4       0x24 obj/Release/src/decoder/decoder_logic.o
                0x0000000008002cd4                init_decoder_logic
 .text.disable_decoder_logic
                0x0000000008002cf8       0x18 obj/Release/src/decoder/decoder_logic.o
                0x0000000008002cf8                disable_decoder_logic
 .text.decoder_crank_handler
                0x0000000008002d10      0x140 obj/Release/src/decoder/decoder_logic.o
                0x0000000008002d10                decoder_crank_handler
 .text.decoder_crank_noisefilter_handler
                0x0000000008002e50        0x4 obj/Release/src/decoder/decoder_logic.o
                0x0000000008002e50                decoder_crank_noisefilter_handler
 .text.decoder_crank_timeout_handler
                0x0000000008002e54       0x3c obj/Release/src/decoder/decoder_logic.o
                0x0000000008002e54                decoder_crank_timeout_handler
 .text.init_Decoder
                0x0000000008002e90       0x5c obj/Release/src/decoder/Tuareg_decoder.o
                0x0000000008002e90                init_Decoder
 .text.disable_Decoder
                0x0000000008002eec       0x24 obj/Release/src/decoder/Tuareg_decoder.o
                0x0000000008002eec                disable_Decoder
 .text.decoder_get_position_data_age_us
                0x0000000008002f10       0x28 obj/Release/src/decoder/Tuareg_decoder.o
                0x0000000008002f10                decoder_get_position_data_age_us
 .text.copy_diag_data
                0x0000000008002f38       0x48 obj/Release/src/diagnostics/diagnostics.o
                0x0000000008002f38                copy_diag_data
 .text.get_diag_data
                0x0000000008002f80       0x24 obj/Release/src/diagnostics/diagnostics.o
                0x0000000008002f80                get_diag_data
 .text.release_diag_shadow
                0x0000000008002fa4        0xc obj/Release/src/diagnostics/diagnostics.o
                0x0000000008002fa4                release_diag_shadow
 .text.load_Fault_Log
                0x0000000008002fb0       0x1c obj/Release/src/diagnostics/fault_log.o
                0x0000000008002fb0                load_Fault_Log
 .text.load_void_Fault_Log
                0x0000000008002fcc       0x18 obj/Release/src/diagnostics/fault_log.o
                0x0000000008002fcc                load_void_Fault_Log
 .text.init_Fault_Log
                0x0000000008002fe4       0x44 obj/Release/src/diagnostics/fault_log.o
                0x0000000008002fe4                init_Fault_Log
 .text.store_Fault_Log
                0x0000000008003028       0x10 obj/Release/src/diagnostics/fault_log.o
                0x0000000008003028                store_Fault_Log
 .text.log_Fault
                0x0000000008003038       0x60 obj/Release/src/diagnostics/fault_log.o
                0x0000000008003038                log_Fault
 .text.show_Fault_Log
                0x0000000008003098       0x74 obj/Release/src/diagnostics/fault_log.o
                0x0000000008003098                show_Fault_Log
 .text.clear_Fault_Log
                0x000000000800310c       0x18 obj/Release/src/diagnostics/fault_log.o
                0x000000000800310c                clear_Fault_Log
 .text.Erase_Fault_Log
                0x0000000008003124       0x38 obj/Release/src/diagnostics/fault_log.o
                0x0000000008003124                Erase_Fault_Log
 .text.send_Fault_Log
                0x000000000800315c        0xc obj/Release/src/diagnostics/fault_log.o
                0x000000000800315c                send_Fault_Log
 .text.clear_highspeedlog
                0x0000000008003168       0x14 obj/Release/src/diagnostics/highspeed_loggers.o
                0x0000000008003168                clear_highspeedlog
 .text.highspeedlog_init
                0x000000000800317c       0x14 obj/Release/src/diagnostics/highspeed_loggers.o
                0x000000000800317c                highspeedlog_init
 .text.highspeedlog_register_error
                0x0000000008003190        0x2 obj/Release/src/diagnostics/highspeed_loggers.o
                0x0000000008003190                highspeedlog_register_error
 *fill*         0x0000000008003192        0x2 
 .text.highspeedlog_write
                0x0000000008003194       0xb8 obj/Release/src/diagnostics/highspeed_loggers.o
                0x0000000008003194                highspeedlog_write
 .text.highspeedlog_register_crankpos
                0x000000000800324c        0x6 obj/Release/src/diagnostics/highspeed_loggers.o
                0x000000000800324c                highspeedlog_register_crankpos
 *fill*         0x0000000008003252        0x2 
 .text.highspeedlog_register_cis_lobe_begin
                0x0000000008003254       0x10 obj/Release/src/diagnostics/highspeed_loggers.o
                0x0000000008003254                highspeedlog_register_cis_lobe_begin
 .text.highspeedlog_register_cis_lobe_end
                0x0000000008003264       0x10 obj/Release/src/diagnostics/highspeed_loggers.o
                0x0000000008003264                highspeedlog_register_cis_lobe_end
 .text.highspeedlog_register_coil1_power
                0x0000000008003274        0x6 obj/Release/src/diagnostics/highspeed_loggers.o
                0x0000000008003274                highspeedlog_register_coil1_power
 .text.highspeedlog_register_coil1_unpower
                0x000000000800327a        0x6 obj/Release/src/diagnostics/highspeed_loggers.o
                0x000000000800327a                highspeedlog_register_coil1_unpower
 .text.highspeedlog_register_coil2_power
                0x0000000008003280        0x6 obj/Release/src/diagnostics/highspeed_loggers.o
                0x0000000008003280                highspeedlog_register_coil2_power
 .text.highspeedlog_register_coil2_unpower
                0x0000000008003286        0x6 obj/Release/src/diagnostics/highspeed_loggers.o
                0x0000000008003286                highspeedlog_register_coil2_unpower
 .text.highspeedlog_register_injector1_power
                0x000000000800328c        0x6 obj/Release/src/diagnostics/highspeed_loggers.o
                0x000000000800328c                highspeedlog_register_injector1_power
 .text.highspeedlog_register_injector1_unpower
                0x0000000008003292        0x6 obj/Release/src/diagnostics/highspeed_loggers.o
                0x0000000008003292                highspeedlog_register_injector1_unpower
 .text.highspeedlog_register_injector2_power
                0x0000000008003298        0x6 obj/Release/src/diagnostics/highspeed_loggers.o
                0x0000000008003298                highspeedlog_register_injector2_power
 .text.highspeedlog_register_injector2_unpower
                0x000000000800329e        0x6 obj/Release/src/diagnostics/highspeed_loggers.o
                0x000000000800329e                highspeedlog_register_injector2_unpower
 .text.send_highspeedlog
                0x00000000080032a4       0xc4 obj/Release/src/diagnostics/highspeed_loggers.o
                0x00000000080032a4                send_highspeedlog
 .text.show_highspeedlog
                0x0000000008003368      0x150 obj/Release/src/diagnostics/highspeed_loggers.o
                0x0000000008003368                show_highspeedlog
 .text.clear_syslog
                0x00000000080034b8       0x38 obj/Release/src/diagnostics/syslog.o
                0x00000000080034b8                clear_syslog
 .text.Syslog_init
                0x00000000080034f0       0x18 obj/Release/src/diagnostics/syslog.o
                0x00000000080034f0                Syslog_init
 .text.Syslog_Error
                0x0000000008003508       0x48 obj/Release/src/diagnostics/syslog.o
                0x0000000008003508                Syslog_Error
 .text.Syslog_Fatal
                0x0000000008003550       0x38 obj/Release/src/diagnostics/syslog.o
                0x0000000008003550                Syslog_Fatal
 .text.Syslog_Warning
                0x0000000008003588       0x6c obj/Release/src/diagnostics/syslog.o
                0x0000000008003588                Syslog_Warning
 .text.Syslog_Info
                0x00000000080035f4       0x68 obj/Release/src/diagnostics/syslog.o
                0x00000000080035f4                Syslog_Info
 .text.show_syslog
                0x000000000800365c      0x130 obj/Release/src/diagnostics/syslog.o
                0x000000000800365c                show_syslog
 .text.send_syslog
                0x000000000800378c       0x20 obj/Release/src/diagnostics/syslog.o
                0x000000000800378c                send_syslog
 .text.update_load_transient_comp
                0x00000000080037ac       0x16 obj/Release/src/fueling/accel_comp.o
                0x00000000080037ac                update_load_transient_comp
 .text.disable_legacy_AE
                0x00000000080037c2       0x46 obj/Release/src/fueling/accel_comp.o
                0x00000000080037c2                disable_legacy_AE
 .text.update_legacy_AE
                0x0000000008003808      0x350 obj/Release/src/fueling/accel_comp.o
                0x0000000008003808                update_legacy_AE
 .text.load_Fueling_Setup
                0x0000000008003b58       0x10 obj/Release/src/fueling/fueling_config.o
                0x0000000008003b58                load_Fueling_Setup
 .text.store_Fueling_Setup
                0x0000000008003b68       0x10 obj/Release/src/fueling/fueling_config.o
                0x0000000008003b68                store_Fueling_Setup
 .text.show_Fueling_Setup
                0x0000000008003b78      0x34c obj/Release/src/fueling/fueling_config.o
                0x0000000008003b78                show_Fueling_Setup
 .text.modify_Fueling_Setup
                0x0000000008003ec4       0x18 obj/Release/src/fueling/fueling_config.o
                0x0000000008003ec4                modify_Fueling_Setup
 .text.send_Fueling_Setup
                0x0000000008003edc        0xc obj/Release/src/fueling/fueling_config.o
                0x0000000008003edc                send_Fueling_Setup
 .text.load_VeTable_TPS
                0x0000000008003ee8       0x10 obj/Release/src/fueling/fueling_config.o
                0x0000000008003ee8                load_VeTable_TPS
 .text.store_VeTable_TPS
                0x0000000008003ef8       0x10 obj/Release/src/fueling/fueling_config.o
                0x0000000008003ef8                store_VeTable_TPS
 .text.show_VeTable_TPS
                0x0000000008003f08       0x20 obj/Release/src/fueling/fueling_config.o
                0x0000000008003f08                show_VeTable_TPS
 .text.modify_VeTable_TPS
                0x0000000008003f28       0x10 obj/Release/src/fueling/fueling_config.o
                0x0000000008003f28                modify_VeTable_TPS
 .text.send_VeTable_TPS
                0x0000000008003f38        0xc obj/Release/src/fueling/fueling_config.o
                0x0000000008003f38                send_VeTable_TPS
 .text.getValue_VeTable_TPS
                0x0000000008003f44       0x24 obj/Release/src/fueling/fueling_config.o
                0x0000000008003f44                getValue_VeTable_TPS
 .text.load_VeTable_MAP
                0x0000000008003f68       0x10 obj/Release/src/fueling/fueling_config.o
                0x0000000008003f68                load_VeTable_MAP
 .text.store_VeTable_MAP
                0x0000000008003f78       0x10 obj/Release/src/fueling/fueling_config.o
                0x0000000008003f78                store_VeTable_MAP
 .text.show_VeTable_MAP
                0x0000000008003f88       0x20 obj/Release/src/fueling/fueling_config.o
                0x0000000008003f88                show_VeTable_MAP
 .text.modify_VeTable_MAP
                0x0000000008003fa8       0x10 obj/Release/src/fueling/fueling_config.o
                0x0000000008003fa8                modify_VeTable_MAP
 .text.send_VeTable_MAP
                0x0000000008003fb8        0xc obj/Release/src/fueling/fueling_config.o
                0x0000000008003fb8                send_VeTable_MAP
 .text.getValue_VeTable_MAP
                0x0000000008003fc4       0x24 obj/Release/src/fueling/fueling_config.o
                0x0000000008003fc4                getValue_VeTable_MAP
 .text.load_AfrTable_MAP
                0x0000000008003fe8       0x10 obj/Release/src/fueling/fueling_config.o
                0x0000000008003fe8                load_AfrTable_MAP
 .text.store_AfrTable_MAP
                0x0000000008003ff8       0x10 obj/Release/src/fueling/fueling_config.o
                0x0000000008003ff8                store_AfrTable_MAP
 .text.show_AfrTable_MAP
                0x0000000008004008       0x20 obj/Release/src/fueling/fueling_config.o
                0x0000000008004008                show_AfrTable_MAP
 .text.modify_AfrTable_MAP
                0x0000000008004028       0x10 obj/Release/src/fueling/fueling_config.o
                0x0000000008004028                modify_AfrTable_MAP
 .text.send_AfrTable_MAP
                0x0000000008004038        0xc obj/Release/src/fueling/fueling_config.o
                0x0000000008004038                send_AfrTable_MAP
 .text.getValue_AfrTable_MAP
                0x0000000008004044       0x24 obj/Release/src/fueling/fueling_config.o
                0x0000000008004044                getValue_AfrTable_MAP
 .text.load_AfrTable_TPS
                0x0000000008004068       0x10 obj/Release/src/fueling/fueling_config.o
                0x0000000008004068                load_AfrTable_TPS
 .text.store_AfrTable_TPS
                0x0000000008004078       0x10 obj/Release/src/fueling/fueling_config.o
                0x0000000008004078                store_AfrTable_TPS
 .text.show_AfrTable_TPS
                0x0000000008004088       0x20 obj/Release/src/fueling/fueling_config.o
                0x0000000008004088                show_AfrTable_TPS
 .text.modify_AfrTable_TPS
                0x00000000080040a8       0x10 obj/Release/src/fueling/fueling_config.o
                0x00000000080040a8                modify_AfrTable_TPS
 .text.send_AfrTable_TPS
                0x00000000080040b8        0xc obj/Release/src/fueling/fueling_config.o
                0x00000000080040b8                send_AfrTable_TPS
 .text.getValue_AfrTable_TPS
                0x00000000080040c4       0x24 obj/Release/src/fueling/fueling_config.o
                0x00000000080040c4                getValue_AfrTable_TPS
 .text.load_AccelCompTableTPS
                0x00000000080040e8       0x10 obj/Release/src/fueling/fueling_config.o
                0x00000000080040e8                load_AccelCompTableTPS
 .text.store_AccelCompTableTPS
                0x00000000080040f8       0x10 obj/Release/src/fueling/fueling_config.o
                0x00000000080040f8                store_AccelCompTableTPS
 .text.show_AccelCompTableTPS
                0x0000000008004108       0x20 obj/Release/src/fueling/fueling_config.o
                0x0000000008004108                show_AccelCompTableTPS
 .text.modify_AccelCompTableTPS
                0x0000000008004128       0x10 obj/Release/src/fueling/fueling_config.o
                0x0000000008004128                modify_AccelCompTableTPS
 .text.send_AccelCompTableTPS
                0x0000000008004138        0xc obj/Release/src/fueling/fueling_config.o
                0x0000000008004138                send_AccelCompTableTPS
 .text.getValue_AccelCompTableTPS
                0x0000000008004144        0xc obj/Release/src/fueling/fueling_config.o
                0x0000000008004144                getValue_AccelCompTableTPS
 .text.load_AccelCompTableMAP
                0x0000000008004150       0x10 obj/Release/src/fueling/fueling_config.o
                0x0000000008004150                load_AccelCompTableMAP
 .text.store_AccelCompTableMAP
                0x0000000008004160       0x10 obj/Release/src/fueling/fueling_config.o
                0x0000000008004160                store_AccelCompTableMAP
 .text.show_AccelCompTableMAP
                0x0000000008004170       0x20 obj/Release/src/fueling/fueling_config.o
                0x0000000008004170                show_AccelCompTableMAP
 .text.modify_AccelCompTableMAP
                0x0000000008004190       0x10 obj/Release/src/fueling/fueling_config.o
                0x0000000008004190                modify_AccelCompTableMAP
 .text.send_AccelCompTableMAP
                0x00000000080041a0        0xc obj/Release/src/fueling/fueling_config.o
                0x00000000080041a0                send_AccelCompTableMAP
 .text.getValue_AccelCompTableMAP
                0x00000000080041ac        0xc obj/Release/src/fueling/fueling_config.o
                0x00000000080041ac                getValue_AccelCompTableMAP
 .text.load_WarmUpCompTable
                0x00000000080041b8       0x10 obj/Release/src/fueling/fueling_config.o
                0x00000000080041b8                load_WarmUpCompTable
 .text.store_WarmUpCompTable
                0x00000000080041c8       0x10 obj/Release/src/fueling/fueling_config.o
                0x00000000080041c8                store_WarmUpCompTable
 .text.show_WarmUpCompTable
                0x00000000080041d8       0x20 obj/Release/src/fueling/fueling_config.o
                0x00000000080041d8                show_WarmUpCompTable
 .text.modify_WarmUpCompTable
                0x00000000080041f8       0x10 obj/Release/src/fueling/fueling_config.o
                0x00000000080041f8                modify_WarmUpCompTable
 .text.send_WarmUpCompTable
                0x0000000008004208        0xc obj/Release/src/fueling/fueling_config.o
                0x0000000008004208                send_WarmUpCompTable
 .text.getValue_WarmUpCompTable
                0x0000000008004214       0x18 obj/Release/src/fueling/fueling_config.o
                0x0000000008004214                getValue_WarmUpCompTable
 .text.load_InjectorTimingTable
                0x000000000800422c       0x10 obj/Release/src/fueling/fueling_config.o
                0x000000000800422c                load_InjectorTimingTable
 .text.store_InjectorTimingTable
                0x000000000800423c       0x10 obj/Release/src/fueling/fueling_config.o
                0x000000000800423c                store_InjectorTimingTable
 .text.show_InjectorTimingTable
                0x000000000800424c       0x20 obj/Release/src/fueling/fueling_config.o
                0x000000000800424c                show_InjectorTimingTable
 .text.modify_InjectorTimingTable
                0x000000000800426c       0x10 obj/Release/src/fueling/fueling_config.o
                0x000000000800426c                modify_InjectorTimingTable
 .text.send_InjectorTimingTable
                0x000000000800427c        0xc obj/Release/src/fueling/fueling_config.o
                0x000000000800427c                send_InjectorTimingTable
 .text.getValue_InjectorTimingTable
                0x0000000008004288       0x18 obj/Release/src/fueling/fueling_config.o
                0x0000000008004288                getValue_InjectorTimingTable
 .text.load_CrankingFuelTable
                0x00000000080042a0       0x10 obj/Release/src/fueling/fueling_config.o
                0x00000000080042a0                load_CrankingFuelTable
 .text.show_CrankingFuelTable
                0x00000000080042b0       0x20 obj/Release/src/fueling/fueling_config.o
                0x00000000080042b0                show_CrankingFuelTable
 .text.modify_CrankingFuelTable
                0x00000000080042d0       0x10 obj/Release/src/fueling/fueling_config.o
                0x00000000080042d0                modify_CrankingFuelTable
 .text.send_CrankingFuelTable
                0x00000000080042e0        0xc obj/Release/src/fueling/fueling_config.o
                0x00000000080042e0                send_CrankingFuelTable
 .text.getValue_CrankingFuelTable
                0x00000000080042ec        0xc obj/Release/src/fueling/fueling_config.o
                0x00000000080042ec                getValue_CrankingFuelTable
 .text.load_BAROtable
                0x00000000080042f8       0x10 obj/Release/src/fueling/fueling_config.o
                0x00000000080042f8                load_BAROtable
 .text.store_BAROtable
                0x0000000008004308       0x10 obj/Release/src/fueling/fueling_config.o
                0x0000000008004308                store_BAROtable
 .text.show_BAROtable
                0x0000000008004318       0x20 obj/Release/src/fueling/fueling_config.o
                0x0000000008004318                show_BAROtable
 .text.modify_BAROtable
                0x0000000008004338       0x10 obj/Release/src/fueling/fueling_config.o
                0x0000000008004338                modify_BAROtable
 .text.send_BAROtable
                0x0000000008004348        0xc obj/Release/src/fueling/fueling_config.o
                0x0000000008004348                send_BAROtable
 .text.getValue_BAROtable
                0x0000000008004354       0x30 obj/Release/src/fueling/fueling_config.o
                0x0000000008004354                getValue_BAROtable
 .text.load_ChargeTempTable
                0x0000000008004384       0x10 obj/Release/src/fueling/fueling_config.o
                0x0000000008004384                load_ChargeTempTable
 .text.load_Fueling_Config
                0x0000000008004394       0xc8 obj/Release/src/fueling/fueling_config.o
                0x0000000008004394                load_Fueling_Config
 .text.store_ChargeTempTable
                0x000000000800445c       0x10 obj/Release/src/fueling/fueling_config.o
                0x000000000800445c                store_ChargeTempTable
 .text.show_ChargeTempTable
                0x000000000800446c       0x20 obj/Release/src/fueling/fueling_config.o
                0x000000000800446c                show_ChargeTempTable
 .text.modify_ChargeTempTable
                0x000000000800448c       0x10 obj/Release/src/fueling/fueling_config.o
                0x000000000800448c                modify_ChargeTempTable
 .text.send_ChargeTempTable
                0x000000000800449c        0xc obj/Release/src/fueling/fueling_config.o
                0x000000000800449c                send_ChargeTempTable
 .text.getValue_ChargeTempTable
                0x00000000080044a8       0x1c obj/Release/src/fueling/fueling_config.o
                0x00000000080044a8                getValue_ChargeTempTable
 .text.update_fuel_mass_afterstart_correction
                0x00000000080044c4       0x9c obj/Release/src/fueling/fueling_corrections.o
                0x00000000080044c4                update_fuel_mass_afterstart_correction
 .text.update_fuel_mass_warmup_correction
                0x0000000008004560       0x58 obj/Release/src/fueling/fueling_corrections.o
                0x0000000008004560                update_fuel_mass_warmup_correction
 .text.update_fuel_mass_barometric_correction
                0x00000000080045b8       0x94 obj/Release/src/fueling/fueling_corrections.o
                0x00000000080045b8                update_fuel_mass_barometric_correction
 .text.update_fuel_mass_corrections
                0x000000000800464c       0x1c obj/Release/src/fueling/fueling_corrections.o
                0x000000000800464c                update_fuel_mass_corrections
 .text.fueling_diag_log_event
                0x0000000008004668       0x28 obj/Release/src/fueling/fueling_diag.o
                0x0000000008004668                fueling_diag_log_event
 .text.print_fueling_diag
                0x0000000008004690       0x68 obj/Release/src/fueling/fueling_diag.o
                0x0000000008004690                print_fueling_diag
 .text.set_injector1_powered
                0x00000000080046f8       0x28 obj/Release/src/fueling/fueling_hw.o
                0x00000000080046f8                set_injector1_powered
 .text.set_injector1_unpowered
                0x0000000008004720       0x28 obj/Release/src/fueling/fueling_hw.o
                0x0000000008004720                set_injector1_unpowered
 .text.set_injector2_powered
                0x0000000008004748       0x28 obj/Release/src/fueling/fueling_hw.o
                0x0000000008004748                set_injector2_powered
 .text.set_injector2_unpowered
                0x0000000008004770       0x28 obj/Release/src/fueling/fueling_hw.o
                0x0000000008004770                set_injector2_unpowered
 .text.set_fuel_pump_powered
                0x0000000008004798       0x28 obj/Release/src/fueling/fueling_hw.o
                0x0000000008004798                set_fuel_pump_powered
 .text.set_fuel_pump_unpowered
                0x00000000080047c0       0x20 obj/Release/src/fueling/fueling_hw.o
                0x00000000080047c0                set_fuel_pump_unpowered
 .text.set_injector1
                0x00000000080047e0       0x30 obj/Release/src/fueling/fueling_hw.o
                0x00000000080047e0                set_injector1
 .text.set_injector2
                0x0000000008004810       0x30 obj/Release/src/fueling/fueling_hw.o
                0x0000000008004810                set_injector2
 .text.set_fuel_pump
                0x0000000008004840        0xc obj/Release/src/fueling/fueling_hw.o
                0x0000000008004840                set_fuel_pump
 .text.init_fueling_hw
                0x000000000800484c       0x5c obj/Release/src/fueling/fueling_hw.o
                0x000000000800484c                init_fueling_hw
 .text.update_injector_deadtime
                0x00000000080048a8       0x38 obj/Release/src/fueling/injector_parameters.o
                0x00000000080048a8                update_injector_deadtime
 .text.update_injector_intervals_sequential
                0x00000000080048e0      0x108 obj/Release/src/fueling/injector_parameters.o
                0x00000000080048e0                update_injector_intervals_sequential
 .text.update_injector_intervals_batch
                0x00000000080049e8      0x104 obj/Release/src/fueling/injector_parameters.o
                0x00000000080049e8                update_injector_intervals_batch
 .text.init_Fueling
                0x0000000008004aec       0x4c obj/Release/src/fueling/Tuareg_fueling.o
                0x0000000008004aec                init_Fueling
 .text.Tuareg_fueling_update_crankpos_handler
                0x0000000008004b38       0xfc obj/Release/src/fueling/Tuareg_fueling.o
                0x0000000008004b38                Tuareg_fueling_update_crankpos_handler
 .text.invalid_fueling_controls
                0x0000000008004c34       0x34 obj/Release/src/fueling/Tuareg_fueling_controls.o
                0x0000000008004c34                invalid_fueling_controls
 .text.update_air_flow
                0x0000000008004c68       0xb4 obj/Release/src/fueling/Tuareg_fueling_controls.o
                0x0000000008004c68                update_air_flow
 .text.update_AFR_target
                0x0000000008004d1c       0x78 obj/Release/src/fueling/Tuareg_fueling_controls.o
                0x0000000008004d1c                update_AFR_target
 .text.update_fuel_mass_cranking
                0x0000000008004d94       0x74 obj/Release/src/fueling/Tuareg_fueling_controls.o
                0x0000000008004d94                update_fuel_mass_cranking
 .text.update_base_fuel_mass
                0x0000000008004e08       0x48 obj/Release/src/fueling/Tuareg_fueling_controls.o
                0x0000000008004e08                update_base_fuel_mass
 .text.update_target_fuel_mass
                0x0000000008004e50      0x120 obj/Release/src/fueling/Tuareg_fueling_controls.o
                0x0000000008004e50                update_target_fuel_mass
 .text.Tuareg_update_fueling_controls
                0x0000000008004f70      0x1e8 obj/Release/src/fueling/Tuareg_fueling_controls.o
                0x0000000008004f70                Tuareg_update_fueling_controls
 .text.load_Ignition_Config
                0x0000000008005158       0x6c obj/Release/src/ignition/ignition_config.o
                0x0000000008005158                load_Ignition_Config
 .text.store_Ignition_Setup
                0x00000000080051c4       0x10 obj/Release/src/ignition/ignition_config.o
                0x00000000080051c4                store_Ignition_Setup
 .text.show_Ignition_Setup
                0x00000000080051d4      0x17c obj/Release/src/ignition/ignition_config.o
                0x00000000080051d4                show_Ignition_Setup
 .text.modify_Ignition_Setup
                0x0000000008005350       0x18 obj/Release/src/ignition/ignition_config.o
                0x0000000008005350                modify_Ignition_Setup
 .text.send_Ignition_Setup
                0x0000000008005368        0xc obj/Release/src/ignition/ignition_config.o
                0x0000000008005368                send_Ignition_Setup
 .text.store_ignAdvTable_TPS
                0x0000000008005374       0x10 obj/Release/src/ignition/ignition_config.o
                0x0000000008005374                store_ignAdvTable_TPS
 .text.show_ignAdvTable_TPS
                0x0000000008005384       0x20 obj/Release/src/ignition/ignition_config.o
                0x0000000008005384                show_ignAdvTable_TPS
 .text.modify_ignAdvTable_TPS
                0x00000000080053a4       0x10 obj/Release/src/ignition/ignition_config.o
                0x00000000080053a4                modify_ignAdvTable_TPS
 .text.send_ignAdvTable_TPS
                0x00000000080053b4        0xc obj/Release/src/ignition/ignition_config.o
                0x00000000080053b4                send_ignAdvTable_TPS
 .text.getValue_ignAdvTable_TPS
                0x00000000080053c0       0x24 obj/Release/src/ignition/ignition_config.o
                0x00000000080053c0                getValue_ignAdvTable_TPS
 .text.store_ignDwellTable
                0x00000000080053e4       0x10 obj/Release/src/ignition/ignition_config.o
                0x00000000080053e4                store_ignDwellTable
 .text.show_ignDwellTable
                0x00000000080053f4       0x20 obj/Release/src/ignition/ignition_config.o
                0x00000000080053f4                show_ignDwellTable
 .text.modify_ignDwellTable
                0x0000000008005414       0x10 obj/Release/src/ignition/ignition_config.o
                0x0000000008005414                modify_ignDwellTable
 .text.send_ignDwellTable
                0x0000000008005424        0xc obj/Release/src/ignition/ignition_config.o
                0x0000000008005424                send_ignDwellTable
 .text.getValue_ignDwellTable
                0x0000000008005430       0x20 obj/Release/src/ignition/ignition_config.o
                0x0000000008005430                getValue_ignDwellTable
 .text.ignition_diag_log_event
                0x0000000008005450       0x28 obj/Release/src/ignition/ignition_diag.o
                0x0000000008005450                ignition_diag_log_event
 .text.print_ignition_diag
                0x0000000008005478       0x68 obj/Release/src/ignition/ignition_diag.o
                0x0000000008005478                print_ignition_diag
 .text.set_coil1_powered
                0x00000000080054e0       0x28 obj/Release/src/ignition/ignition_hw.o
                0x00000000080054e0                set_coil1_powered
 .text.set_coil1_unpowered
                0x0000000008005508       0x20 obj/Release/src/ignition/ignition_hw.o
                0x0000000008005508                set_coil1_unpowered
 .text.set_coil2_powered
                0x0000000008005528       0x28 obj/Release/src/ignition/ignition_hw.o
                0x0000000008005528                set_coil2_powered
 .text.set_coil2_unpowered
                0x0000000008005550       0x20 obj/Release/src/ignition/ignition_hw.o
                0x0000000008005550                set_coil2_unpowered
 .text.set_ignition_ch1
                0x0000000008005570       0x30 obj/Release/src/ignition/ignition_hw.o
                0x0000000008005570                set_ignition_ch1
 .text.set_ignition_ch2
                0x00000000080055a0       0x30 obj/Release/src/ignition/ignition_hw.o
                0x00000000080055a0                set_ignition_ch2
 .text.init_ignition_hw
                0x00000000080055d0       0x3c obj/Release/src/ignition/ignition_hw.o
                0x00000000080055d0                init_ignition_hw
 .text.init_Ignition
                0x000000000800560c       0x50 obj/Release/src/ignition/Tuareg_ignition.o
                0x000000000800560c                init_Ignition
 .text.Tuareg_ignition_update_crankpos_handler
                0x000000000800565c      0x154 obj/Release/src/ignition/Tuareg_ignition.o
                0x000000000800565c                Tuareg_ignition_update_crankpos_handler
 .text.default_ignition_controls
                0x00000000080057b0       0x24 obj/Release/src/ignition/Tuareg_ignition_controls.o
                0x00000000080057b0                default_ignition_controls
 .text.revlimiter_ignition_controls
                0x00000000080057d4       0x1c obj/Release/src/ignition/Tuareg_ignition_controls.o
                0x00000000080057d4                revlimiter_ignition_controls
 .text.cranking_ignition_controls
                0x00000000080057f0       0x38 obj/Release/src/ignition/Tuareg_ignition_controls.o
                0x00000000080057f0                cranking_ignition_controls
 .text.dynamic_ignition_controls
                0x0000000008005828      0x184 obj/Release/src/ignition/Tuareg_ignition_controls.o
                0x0000000008005828                dynamic_ignition_controls
 .text.Tuareg_update_ignition_controls
                0x00000000080059ac       0xa8 obj/Release/src/ignition/Tuareg_ignition_controls.o
                0x00000000080059ac                Tuareg_update_ignition_controls
 .text.startup.main
                0x0000000008005a54       0x74 obj/Release/src/main/main.o
                0x0000000008005a54                main
 .text.EXTI2_IRQHandler
                0x0000000008005ac8       0x58 obj/Release/src/main/main.o
                0x0000000008005ac8                EXTI2_IRQHandler
 .text.Tuareg_load_config
                0x0000000008005b20       0x44 obj/Release/src/main/Tuareg.o
                0x0000000008005b20                Tuareg_load_config
 .text.Tuareg_Init
                0x0000000008005b64      0x158 obj/Release/src/main/Tuareg.o
                0x0000000008005b64                Tuareg_Init
 .text.Tuareg_update_run_inhibit
                0x0000000008005cbc      0x138 obj/Release/src/main/Tuareg.o
                0x0000000008005cbc                Tuareg_update_run_inhibit
 .text.Tuareg_update_limited_op
                0x0000000008005df4       0x58 obj/Release/src/main/Tuareg.o
                0x0000000008005df4                Tuareg_update_limited_op
 .text.Tuareg_update_rev_limiter
                0x0000000008005e4c       0x60 obj/Release/src/main/Tuareg.o
                0x0000000008005e4c                Tuareg_update_rev_limiter
 .text.Tuareg_update_standby
                0x0000000008005eac       0xcc obj/Release/src/main/Tuareg.o
                0x0000000008005eac                Tuareg_update_standby
 .text.Tuareg_update_fuel_pump_control
                0x0000000008005f78       0x54 obj/Release/src/main/Tuareg.o
                0x0000000008005f78                Tuareg_update_fuel_pump_control
 .text.Tuareg_deactivate_vital_actors
                0x0000000008005fcc       0x50 obj/Release/src/main/Tuareg.o
                0x0000000008005fcc                Tuareg_deactivate_vital_actors
 .text.Tuareg_update
                0x000000000800601c       0x58 obj/Release/src/main/Tuareg.o
                0x000000000800601c                Tuareg_update
 .text.Tuareg_update_trip
                0x0000000008006074       0x30 obj/Release/src/main/Tuareg.o
                0x0000000008006074                Tuareg_update_trip
 .text.Tuareg_update_consumption_data
                0x00000000080060a4       0xa4 obj/Release/src/main/Tuareg.o
                0x00000000080060a4                Tuareg_update_consumption_data
 .text.store_Tuareg_Setup
                0x0000000008006148       0x10 obj/Release/src/main/Tuareg_config.o
                0x0000000008006148                store_Tuareg_Setup
 .text.show_Tuareg_Setup
                0x0000000008006158      0x1e0 obj/Release/src/main/Tuareg_config.o
                0x0000000008006158                show_Tuareg_Setup
 .text.modify_Tuareg_Setup
                0x0000000008006338       0x18 obj/Release/src/main/Tuareg_config.o
                0x0000000008006338                modify_Tuareg_Setup
 .text.send_Tuareg_Setup
                0x0000000008006350        0xc obj/Release/src/main/Tuareg_config.o
                0x0000000008006350                send_Tuareg_Setup
 .text.load_TachTable
                0x000000000800635c       0x10 obj/Release/src/main/Tuareg_config.o
                0x000000000800635c                load_TachTable
 .text.load_Tuareg_Config
                0x000000000800636c       0x38 obj/Release/src/main/Tuareg_config.o
                0x000000000800636c                load_Tuareg_Config
 .text.store_TachTable
                0x00000000080063a4       0x10 obj/Release/src/main/Tuareg_config.o
                0x00000000080063a4                store_TachTable
 .text.show_TachTable
                0x00000000080063b4       0x20 obj/Release/src/main/Tuareg_config.o
                0x00000000080063b4                show_TachTable
 .text.modify_TachTable
                0x00000000080063d4       0x10 obj/Release/src/main/Tuareg_config.o
                0x00000000080063d4                modify_TachTable
 .text.send_TachTable
                0x00000000080063e4        0xc obj/Release/src/main/Tuareg_config.o
                0x00000000080063e4                send_TachTable
 .text.getValue_TachTable
                0x00000000080063f0       0x20 obj/Release/src/main/Tuareg_config.o
                0x00000000080063f0                getValue_TachTable
 .text.tuareg_diag_log_event
                0x0000000008006410       0x28 obj/Release/src/main/Tuareg_diag.o
                0x0000000008006410                tuareg_diag_log_event
 .text.print_tuareg_diag
                0x0000000008006438       0x68 obj/Release/src/main/Tuareg_diag.o
                0x0000000008006438                print_tuareg_diag
 .text.Fatal    0x00000000080064a0       0x5c obj/Release/src/main/Tuareg_errors.o
                0x00000000080064a0                Fatal
 .text.VitalAssert
                0x00000000080064fc        0xe obj/Release/src/main/Tuareg_errors.o
                0x00000000080064fc                VitalAssert
 *fill*         0x000000000800650a        0x2 
 .text.Limp     0x000000000800650c       0x44 obj/Release/src/main/Tuareg_errors.o
                0x000000000800650c                Limp
 .text.print_Tuareg_ID_label
                0x0000000008006550       0x30 obj/Release/src/main/Tuareg_ID.o
                0x0000000008006550                print_Tuareg_ID_label
 .text.Tuareg_update_process_data
                0x0000000008006580      0x160 obj/Release/src/main/Tuareg_process_data.o
                0x0000000008006580                Tuareg_update_process_data
 .text.request_service_mode
                0x00000000080066e0       0x28 obj/Release/src/main/Tuareg_service_functions.o
                0x00000000080066e0                request_service_mode
 .text.activate_fuel_pump
                0x0000000008006708       0x5c obj/Release/src/main/Tuareg_service_functions.o
                0x0000000008006708                activate_fuel_pump
 .text.deactivate_fuel_pump
                0x0000000008006764       0x28 obj/Release/src/main/Tuareg_service_functions.o
                0x0000000008006764                deactivate_fuel_pump
 .text.fuel_pump_periodic_update
                0x000000000800678c       0x1c obj/Release/src/main/Tuareg_service_functions.o
                0x000000000800678c                fuel_pump_periodic_update
 .text.activate_injector1
                0x00000000080067a8       0x6c obj/Release/src/main/Tuareg_service_functions.o
                0x00000000080067a8                activate_injector1
 .text.deactivate_injector1
                0x0000000008006814       0x2c obj/Release/src/main/Tuareg_service_functions.o
                0x0000000008006814                deactivate_injector1
 .text.injector1_periodic_update
                0x0000000008006840       0x54 obj/Release/src/main/Tuareg_service_functions.o
                0x0000000008006840                injector1_periodic_update
 .text.activate_injector2
                0x0000000008006894       0x6c obj/Release/src/main/Tuareg_service_functions.o
                0x0000000008006894                activate_injector2
 .text.deactivate_injector2
                0x0000000008006900       0x2c obj/Release/src/main/Tuareg_service_functions.o
                0x0000000008006900                deactivate_injector2
 .text.injector2_periodic_update
                0x000000000800692c       0x54 obj/Release/src/main/Tuareg_service_functions.o
                0x000000000800692c                injector2_periodic_update
 .text.activate_coil1
                0x0000000008006980       0x8c obj/Release/src/main/Tuareg_service_functions.o
                0x0000000008006980                activate_coil1
 .text.deactivate_coil1
                0x0000000008006a0c       0x2c obj/Release/src/main/Tuareg_service_functions.o
                0x0000000008006a0c                deactivate_coil1
 .text.coil1_periodic_update
                0x0000000008006a38       0x54 obj/Release/src/main/Tuareg_service_functions.o
                0x0000000008006a38                coil1_periodic_update
 .text.activate_coil2
                0x0000000008006a8c       0x8c obj/Release/src/main/Tuareg_service_functions.o
                0x0000000008006a8c                activate_coil2
 .text.deactivate_coil2
                0x0000000008006b18       0x2c obj/Release/src/main/Tuareg_service_functions.o
                0x0000000008006b18                deactivate_coil2
 .text.coil2_periodic_update
                0x0000000008006b44       0x54 obj/Release/src/main/Tuareg_service_functions.o
                0x0000000008006b44                coil2_periodic_update
 .text.service_functions_periodic_update
                0x0000000008006b98       0x40 obj/Release/src/main/Tuareg_service_functions.o
                0x0000000008006b98                service_functions_periodic_update
 .text.activate_tachometer
                0x0000000008006bd8       0x38 obj/Release/src/main/Tuareg_service_functions.o
                0x0000000008006bd8                activate_tachometer
 .text.deactivate_tachometer
                0x0000000008006c10       0x14 obj/Release/src/main/Tuareg_service_functions.o
                0x0000000008006c10                deactivate_tachometer
 .text.request_service_activation
                0x0000000008006c24       0xb0 obj/Release/src/main/Tuareg_service_functions.o
                0x0000000008006c24                request_service_activation
 .text.update_process_table
                0x0000000008006cd4       0xc0 obj/Release/src/process_table/process_table.o
                0x0000000008006cd4                update_process_table
 .text.get_index_from_position
                0x0000000008006d94       0x38 obj/Release/src/process_table/process_table.o
                0x0000000008006d94                get_index_from_position
 .text.get_process_advance
                0x0000000008006dcc       0x34 obj/Release/src/process_table/process_table.o
                0x0000000008006dcc                get_process_advance
 .text.print_process_table
                0x0000000008006e00       0x9c obj/Release/src/process_table/process_table.o
                0x0000000008006e00                print_process_table
 .text.sensors_start_regular_group_conversion
                0x0000000008006e9c        0xc obj/Release/src/sensors/analog_sensors.o
                0x0000000008006e9c                sensors_start_regular_group_conversion
 .text.sensors_start_injected_group_conversion
                0x0000000008006ea8        0xc obj/Release/src/sensors/analog_sensors.o
                0x0000000008006ea8                sensors_start_injected_group_conversion
 .text.init_analog_sensors
                0x0000000008006eb4      0x2d8 obj/Release/src/sensors/analog_sensors.o
                0x0000000008006eb4                init_analog_sensors
 .text.update_analog_sensor
                0x000000000800718c       0xdc obj/Release/src/sensors/analog_sensors.o
                0x000000000800718c                update_analog_sensor
 .text.ADC_IRQHandler
                0x0000000008007268       0x6c obj/Release/src/sensors/analog_sensors.o
                0x0000000008007268                ADC_IRQHandler
 .text.DMA2_Stream0_IRQHandler
                0x00000000080072d4       0x98 obj/Release/src/sensors/analog_sensors.o
                0x00000000080072d4                DMA2_Stream0_IRQHandler
 .text.reset_dsensor_integrator
                0x000000000800736c       0x2c obj/Release/src/sensors/digital_sensors.o
                0x000000000800736c                reset_dsensor_integrator
 .text.init_digital_sensors
                0x0000000008007398       0x88 obj/Release/src/sensors/digital_sensors.o
                0x0000000008007398                init_digital_sensors
 .text.read_dsensors
                0x0000000008007420       0x64 obj/Release/src/sensors/digital_sensors.o
                0x0000000008007420                read_dsensors
 .text.update_digital_sensors
                0x0000000008007484       0x6c obj/Release/src/sensors/digital_sensors.o
                0x0000000008007484                update_digital_sensors
 .text.load_Sensor_Calibration
                0x00000000080074f0       0x2c obj/Release/src/sensors/sensor_calibration.o
                0x00000000080074f0                load_Sensor_Calibration
 .text.store_Sensor_Calibration
                0x000000000800751c       0x10 obj/Release/src/sensors/sensor_calibration.o
                0x000000000800751c                store_Sensor_Calibration
 .text.show_Sensor_Calibration
                0x000000000800752c       0x30 obj/Release/src/sensors/sensor_calibration.o
                0x000000000800752c                show_Sensor_Calibration
 .text.modify_Sensor_Calibration
                0x000000000800755c       0x18 obj/Release/src/sensors/sensor_calibration.o
                0x000000000800755c                modify_Sensor_Calibration
 .text.send_Sensor_Calibration
                0x0000000008007574        0xc obj/Release/src/sensors/sensor_calibration.o
                0x0000000008007574                send_Sensor_Calibration
 .text.store_InvTableCLT
                0x0000000008007580       0x10 obj/Release/src/sensors/sensor_calibration.o
                0x0000000008007580                store_InvTableCLT
 .text.show_InvTableCLT
                0x0000000008007590       0x20 obj/Release/src/sensors/sensor_calibration.o
                0x0000000008007590                show_InvTableCLT
 .text.modify_InvTableCLT
                0x00000000080075b0       0x10 obj/Release/src/sensors/sensor_calibration.o
                0x00000000080075b0                modify_InvTableCLT
 .text.send_InvTableCLT
                0x00000000080075c0        0xc obj/Release/src/sensors/sensor_calibration.o
                0x00000000080075c0                send_InvTableCLT
 .text.getValue_InvTableCLT
                0x00000000080075cc       0x18 obj/Release/src/sensors/sensor_calibration.o
                0x00000000080075cc                getValue_InvTableCLT
 .text.sensors_diag_log_event
                0x00000000080075e4       0x28 obj/Release/src/sensors/sensors_diag.o
                0x00000000080075e4                sensors_diag_log_event
 .text.print_sensors_diag
                0x000000000800760c       0x68 obj/Release/src/sensors/sensors_diag.o
                0x000000000800760c                print_sensors_diag
 .text.Tuareg_update_MAP_sensor
                0x0000000008007674       0x50 obj/Release/src/sensors/Tuareg_sensors.o
                0x0000000008007674                Tuareg_update_MAP_sensor
 .text.Tuareg_update_O2_sensor
                0x00000000080076c4       0x4c obj/Release/src/sensors/Tuareg_sensors.o
                0x00000000080076c4                Tuareg_update_O2_sensor
 .text.Tuareg_update_TPS_sensor
                0x0000000008007710       0x4c obj/Release/src/sensors/Tuareg_sensors.o
                0x0000000008007710                Tuareg_update_TPS_sensor
 .text.Tuareg_update_IAT_sensor
                0x000000000800775c       0x58 obj/Release/src/sensors/Tuareg_sensors.o
                0x000000000800775c                Tuareg_update_IAT_sensor
 .text.Tuareg_update_CLT_sensor
                0x00000000080077b4       0x5c obj/Release/src/sensors/Tuareg_sensors.o
                0x00000000080077b4                Tuareg_update_CLT_sensor
 .text.Tuareg_update_VBAT_sensor
                0x0000000008007810       0x50 obj/Release/src/sensors/Tuareg_sensors.o
                0x0000000008007810                Tuareg_update_VBAT_sensor
 .text.Tuareg_update_KNOCK_sensor
                0x0000000008007860       0x50 obj/Release/src/sensors/Tuareg_sensors.o
                0x0000000008007860                Tuareg_update_KNOCK_sensor
 .text.Tuareg_update_BARO_sensor
                0x00000000080078b0       0x50 obj/Release/src/sensors/Tuareg_sensors.o
                0x00000000080078b0                Tuareg_update_BARO_sensor
 .text.Tuareg_update_GEAR_sensor
                0x0000000008007900       0x68 obj/Release/src/sensors/Tuareg_sensors.o
                0x0000000008007900                Tuareg_update_GEAR_sensor
 .text.init_Sensors
                0x0000000008007968       0xc0 obj/Release/src/sensors/Tuareg_sensors.o
                0x0000000008007968                init_Sensors
 .text.adc_set_regular_group
                0x0000000008007a28       0x6e obj/Release/src/stm32_libs/stm32f4xx/boctok/stm32f4xx_adc_boctok.o
                0x0000000008007a28                adc_set_regular_group
 .text.adc_set_regular_group_length
                0x0000000008007a96       0x18 obj/Release/src/stm32_libs/stm32f4xx/boctok/stm32f4xx_adc_boctok.o
                0x0000000008007a96                adc_set_regular_group_length
 .text.adc_set_sample_time
                0x0000000008007aae       0x3c obj/Release/src/stm32_libs/stm32f4xx/boctok/stm32f4xx_adc_boctok.o
                0x0000000008007aae                adc_set_sample_time
 .text.adc_start_regular_group
                0x0000000008007aea        0xa obj/Release/src/stm32_libs/stm32f4xx/boctok/stm32f4xx_adc_boctok.o
                0x0000000008007aea                adc_start_regular_group
 .text.adc_start_injected_group
                0x0000000008007af4        0xa obj/Release/src/stm32_libs/stm32f4xx/boctok/stm32f4xx_adc_boctok.o
                0x0000000008007af4                adc_start_injected_group
 *fill*         0x0000000008007afe        0x2 
 .text.getScbDump
                0x0000000008007b00       0x24 obj/Release/src/stm32_libs/stm32f4xx/boctok/stm32f4xx_fault_handler_boctok.o
                0x0000000008007b00                getScbDump
 .text.getStackRegisters
                0x0000000008007b24       0x30 obj/Release/src/stm32_libs/stm32f4xx/boctok/stm32f4xx_fault_handler_boctok.o
                0x0000000008007b24                getStackRegisters
 .text.HardFault_Handler
                0x0000000008007b54       0x28 obj/Release/src/stm32_libs/stm32f4xx/boctok/stm32f4xx_fault_handler_boctok.o
                0x0000000008007b54                HardFault_Handler
 .text.NMI_Handler
                0x0000000008007b7c       0x28 obj/Release/src/stm32_libs/stm32f4xx/boctok/stm32f4xx_fault_handler_boctok.o
                0x0000000008007b7c                NMI_Handler
 .text.MemManage_Handler
                0x0000000008007ba4       0x28 obj/Release/src/stm32_libs/stm32f4xx/boctok/stm32f4xx_fault_handler_boctok.o
                0x0000000008007ba4                MemManage_Handler
 .text.BusFault_Handler
                0x0000000008007bcc       0x28 obj/Release/src/stm32_libs/stm32f4xx/boctok/stm32f4xx_fault_handler_boctok.o
                0x0000000008007bcc                BusFault_Handler
 .text.UsageFault_Handler
                0x0000000008007bf4       0x28 obj/Release/src/stm32_libs/stm32f4xx/boctok/stm32f4xx_fault_handler_boctok.o
                0x0000000008007bf4                UsageFault_Handler
 .text.SVC_Handler
                0x0000000008007c1c       0x28 obj/Release/src/stm32_libs/stm32f4xx/boctok/stm32f4xx_fault_handler_boctok.o
                0x0000000008007c1c                SVC_Handler
 .text.DebugMon_Handler
                0x0000000008007c44       0x28 obj/Release/src/stm32_libs/stm32f4xx/boctok/stm32f4xx_fault_handler_boctok.o
                0x0000000008007c44                DebugMon_Handler
 .text.PendSV_Handler
                0x0000000008007c6c       0x28 obj/Release/src/stm32_libs/stm32f4xx/boctok/stm32f4xx_fault_handler_boctok.o
                0x0000000008007c6c                PendSV_Handler
 .text.WWDG_IRQHandler
                0x0000000008007c94       0x28 obj/Release/src/stm32_libs/stm32f4xx/boctok/stm32f4xx_fault_handler_boctok.o
                0x0000000008007c94                WWDG_IRQHandler
 .text.FPU_IRQHandler
                0x0000000008007cbc       0x28 obj/Release/src/stm32_libs/stm32f4xx/boctok/stm32f4xx_fault_handler_boctok.o
                0x0000000008007cbc                FPU_IRQHandler
 .text.GPIO_configure
                0x0000000008007ce4       0x6c obj/Release/src/stm32_libs/stm32f4xx/boctok/stm32f4xx_gpio_boctok.o
                0x0000000008007ce4                GPIO_configure
 .text.SYSCFG_map_EXTI
                0x0000000008007d50       0x98 obj/Release/src/stm32_libs/stm32f4xx/boctok/stm32f4xx_gpio_boctok.o
                0x0000000008007d50                SYSCFG_map_EXTI
 .text.gpio_set_pin
                0x0000000008007de8       0x36 obj/Release/src/stm32_libs/stm32f4xx/boctok/stm32f4xx_gpio_boctok.o
                0x0000000008007de8                gpio_set_pin
 .text.GPIO_SetAF
                0x0000000008007e1e       0x44 obj/Release/src/stm32_libs/stm32f4xx/boctok/stm32f4xx_gpio_boctok.o
                0x0000000008007e1e                GPIO_SetAF
 *fill*         0x0000000008007e62        0x2 
 .text.Reset_Handler
                0x0000000008007e64       0x50 obj/Release/src/stm32_libs/stm32f4xx/cmsis/startup_stm32f410xx.o
                0x0000000008007e64                Reset_Handler
 .text.Default_Handler
                0x0000000008007eb4        0x2 obj/Release/src/stm32_libs/stm32f4xx/cmsis/startup_stm32f410xx.o
                0x0000000008007eb4                RTC_Alarm_IRQHandler
                0x0000000008007eb4                FMPI2C1_EV_IRQHandler
                0x0000000008007eb4                TIM1_CC_IRQHandler
                0x0000000008007eb4                DMA2_Stream5_IRQHandler
                0x0000000008007eb4                DMA1_Stream5_IRQHandler
                0x0000000008007eb4                PVD_IRQHandler
                0x0000000008007eb4                TAMP_STAMP_IRQHandler
                0x0000000008007eb4                EXTI3_IRQHandler
                0x0000000008007eb4                I2C2_EV_IRQHandler
                0x0000000008007eb4                DMA1_Stream2_IRQHandler
                0x0000000008007eb4                DMA2_Stream2_IRQHandler
                0x0000000008007eb4                SPI1_IRQHandler
                0x0000000008007eb4                TIM6_DAC_IRQHandler
                0x0000000008007eb4                DMA2_Stream3_IRQHandler
                0x0000000008007eb4                USART6_IRQHandler
                0x0000000008007eb4                I2C1_EV_IRQHandler
                0x0000000008007eb4                DMA1_Stream6_IRQHandler
                0x0000000008007eb4                DMA1_Stream1_IRQHandler
                0x0000000008007eb4                RCC_IRQHandler
                0x0000000008007eb4                Default_Handler
                0x0000000008007eb4                EXTI15_10_IRQHandler
                0x0000000008007eb4                DMA1_Stream7_IRQHandler
                0x0000000008007eb4                SPI5_IRQHandler
                0x0000000008007eb4                DMA2_Stream7_IRQHandler
                0x0000000008007eb4                EXTI9_5_IRQHandler
                0x0000000008007eb4                RTC_WKUP_IRQHandler
                0x0000000008007eb4                SPI2_IRQHandler
                0x0000000008007eb4                DMA1_Stream0_IRQHandler
                0x0000000008007eb4                FMPI2C1_ER_IRQHandler
                0x0000000008007eb4                EXTI4_IRQHandler
                0x0000000008007eb4                RNG_IRQHandler
                0x0000000008007eb4                TIM1_UP_IRQHandler
                0x0000000008007eb4                TIM1_TRG_COM_TIM11_IRQHandler
                0x0000000008007eb4                USART2_IRQHandler
                0x0000000008007eb4                I2C2_ER_IRQHandler
                0x0000000008007eb4                DMA2_Stream1_IRQHandler
                0x0000000008007eb4                FLASH_IRQHandler
                0x0000000008007eb4                DMA2_Stream4_IRQHandler
                0x0000000008007eb4                DMA1_Stream4_IRQHandler
                0x0000000008007eb4                I2C1_ER_IRQHandler
                0x0000000008007eb4                LPTIM1_IRQHandler
                0x0000000008007eb4                DMA2_Stream6_IRQHandler
                0x0000000008007eb4                DMA1_Stream3_IRQHandler
 .text._init    0x0000000008007eb6        0x2 obj/Release/src/stm32_libs/stm32f4xx/cmsis/system_hse100_stm32f410.o
                0x0000000008007eb6                _init
 .text.SystemInit
                0x0000000008007eb8       0xf0 obj/Release/src/stm32_libs/stm32f4xx/cmsis/system_hse100_stm32f410.o
                0x0000000008007eb8                SystemInit
 .text.NVIC_PriorityGroupConfig
                0x0000000008007fa8       0x14 obj/Release/src/stm32_libs/stm32f4xx/spl/misc.o
                0x0000000008007fa8                NVIC_PriorityGroupConfig
 .text.DMA_Init
                0x0000000008007fbc       0x54 obj/Release/src/stm32_libs/stm32f4xx/spl/stm32f4xx_dma.o
                0x0000000008007fbc                DMA_Init
 .text.DMA_StructInit
                0x0000000008008010       0x22 obj/Release/src/stm32_libs/stm32f4xx/spl/stm32f4xx_dma.o
                0x0000000008008010                DMA_StructInit
 *fill*         0x0000000008008032        0x2 
 .text.I2C_Init
                0x0000000008008034       0xc8 obj/Release/src/stm32_libs/stm32f4xx/spl/stm32f4xx_i2c.o
                0x0000000008008034                I2C_Init
 .text.I2C_Cmd  0x00000000080080fc       0x16 obj/Release/src/stm32_libs/stm32f4xx/spl/stm32f4xx_i2c.o
                0x00000000080080fc                I2C_Cmd
 .text.I2C_GenerateSTART
                0x0000000008008112       0x16 obj/Release/src/stm32_libs/stm32f4xx/spl/stm32f4xx_i2c.o
                0x0000000008008112                I2C_GenerateSTART
 .text.I2C_GenerateSTOP
                0x0000000008008128       0x16 obj/Release/src/stm32_libs/stm32f4xx/spl/stm32f4xx_i2c.o
                0x0000000008008128                I2C_GenerateSTOP
 .text.I2C_Send7bitAddress
                0x000000000800813e       0x12 obj/Release/src/stm32_libs/stm32f4xx/spl/stm32f4xx_i2c.o
                0x000000000800813e                I2C_Send7bitAddress
 .text.I2C_AcknowledgeConfig
                0x0000000008008150       0x16 obj/Release/src/stm32_libs/stm32f4xx/spl/stm32f4xx_i2c.o
                0x0000000008008150                I2C_AcknowledgeConfig
 .text.I2C_SendData
                0x0000000008008166        0x4 obj/Release/src/stm32_libs/stm32f4xx/spl/stm32f4xx_i2c.o
                0x0000000008008166                I2C_SendData
 .text.I2C_ReceiveData
                0x000000000800816a        0x6 obj/Release/src/stm32_libs/stm32f4xx/spl/stm32f4xx_i2c.o
                0x000000000800816a                I2C_ReceiveData
 .text.I2C_CheckEvent
                0x0000000008008170       0x16 obj/Release/src/stm32_libs/stm32f4xx/spl/stm32f4xx_i2c.o
                0x0000000008008170                I2C_CheckEvent
 .text.I2C_GetFlagStatus
                0x0000000008008186       0x34 obj/Release/src/stm32_libs/stm32f4xx/spl/stm32f4xx_i2c.o
                0x0000000008008186                I2C_GetFlagStatus
 .text.I2C_ClearFlag
                0x00000000080081ba        0x8 obj/Release/src/stm32_libs/stm32f4xx/spl/stm32f4xx_i2c.o
                0x00000000080081ba                I2C_ClearFlag
 *fill*         0x00000000080081c2        0x2 
 .text.RCC_GetClocksFreq
                0x00000000080081c4       0x88 obj/Release/src/stm32_libs/stm32f4xx/spl/stm32f4xx_rcc.o
                0x00000000080081c4                RCC_GetClocksFreq
 .text.USART_Init
                0x000000000800824c       0xb0 obj/Release/src/stm32_libs/stm32f4xx/spl/stm32f4xx_usart.o
                0x000000000800824c                USART_Init
 .text.USART_Cmd
                0x00000000080082fc       0x16 obj/Release/src/stm32_libs/stm32f4xx/spl/stm32f4xx_usart.o
                0x00000000080082fc                USART_Cmd
 .text.USART_ReceiveData
                0x0000000008008312        0x8 obj/Release/src/stm32_libs/stm32f4xx/spl/stm32f4xx_usart.o
                0x0000000008008312                USART_ReceiveData
 .text.USART_ITConfig
                0x000000000800831a       0x32 obj/Release/src/stm32_libs/stm32f4xx/spl/stm32f4xx_usart.o
                0x000000000800831a                USART_ITConfig
 .text.Eeprom_init
                0x000000000800834c       0xa0 obj/Release/src/storage/eeprom.o
                0x000000000800834c                Eeprom_init
 .text.eeprom_wait
                0x00000000080083ec       0xb0 obj/Release/src/storage/eeprom.o
                0x00000000080083ec                eeprom_wait
 .text.eeprom_write_byte
                0x000000000800849c      0x104 obj/Release/src/storage/eeprom.o
                0x000000000800849c                eeprom_write_byte
 .text.eeprom_read_byte
                0x00000000080085a0      0x188 obj/Release/src/storage/eeprom.o
                0x00000000080085a0                eeprom_read_byte
 .text.eeprom_update_byte
                0x0000000008008728       0x58 obj/Release/src/storage/eeprom.o
                0x0000000008008728                eeprom_update_byte
 .text.Eeprom_load_data
                0x0000000008008780       0x40 obj/Release/src/storage/eeprom.o
                0x0000000008008780                Eeprom_load_data
 .text.Eeprom_update_data
                0x00000000080087c0       0x38 obj/Release/src/storage/eeprom.o
                0x00000000080087c0                Eeprom_update_data
 .text.interpolate_t2D
                0x00000000080087f8       0x90 obj/Release/src/storage/table.o
                0x00000000080087f8                interpolate_t2D
 .text.getValue_t2D
                0x0000000008008888       0xbc obj/Release/src/storage/table.o
                0x0000000008008888                getValue_t2D
 .text.getValue_t3D
                0x0000000008008944      0x430 obj/Release/src/storage/table.o
                0x0000000008008944                getValue_t3D
 .text.load_t2D_data
                0x0000000008008d74        0xc obj/Release/src/storage/table.o
                0x0000000008008d74                load_t2D_data
 .text.load_t2D
                0x0000000008008d80        0xc obj/Release/src/storage/table.o
                0x0000000008008d80                load_t2D
 .text.load_t3D_data
                0x0000000008008d8c        0xe obj/Release/src/storage/table.o
                0x0000000008008d8c                load_t3D_data
 .text.store_t2D_data
                0x0000000008008d9a        0xc obj/Release/src/storage/table.o
                0x0000000008008d9a                store_t2D_data
 .text.store_t2D
                0x0000000008008da6        0xc obj/Release/src/storage/table.o
                0x0000000008008da6                store_t2D
 .text.store_t3D_data
                0x0000000008008db2        0xe obj/Release/src/storage/table.o
                0x0000000008008db2                store_t3D_data
 .text.show_t3D_data
                0x0000000008008dc0       0xa4 obj/Release/src/storage/table.o
                0x0000000008008dc0                show_t3D_data
 .text.show_t2D_data
                0x0000000008008e64       0x64 obj/Release/src/storage/table.o
                0x0000000008008e64                show_t2D_data
 .text.modify_t2D_data
                0x0000000008008ec8        0xe obj/Release/src/storage/table.o
                0x0000000008008ec8                modify_t2D_data
 .text.modify_t3D_data
                0x0000000008008ed6       0x10 obj/Release/src/storage/table.o
                0x0000000008008ed6                modify_t3D_data
 .text.send_t2D_data
                0x0000000008008ee6        0x6 obj/Release/src/storage/table.o
                0x0000000008008ee6                send_t2D_data
 .text.send_t3D_data
                0x0000000008008eec        0x8 obj/Release/src/storage/table.o
                0x0000000008008eec                send_t3D_data
 .text.allocate_timer_channel_1
                0x0000000008008ef4       0x3c obj/Release/src/timing/scheduler.o
                0x0000000008008ef4                allocate_timer_channel_1
 .text.reset_timer_channel_1
                0x0000000008008f30       0x30 obj/Release/src/timing/scheduler.o
                0x0000000008008f30                reset_timer_channel_1
 .text.allocate_timer_channel_2
                0x0000000008008f60       0x3c obj/Release/src/timing/scheduler.o
                0x0000000008008f60                allocate_timer_channel_2
 .text.reset_timer_channel_2
                0x0000000008008f9c       0x30 obj/Release/src/timing/scheduler.o
                0x0000000008008f9c                reset_timer_channel_2
 .text.allocate_timer_channel_3
                0x0000000008008fcc       0x3c obj/Release/src/timing/scheduler.o
                0x0000000008008fcc                allocate_timer_channel_3
 .text.reset_timer_channel_3
                0x0000000008009008       0x30 obj/Release/src/timing/scheduler.o
                0x0000000008009008                reset_timer_channel_3
 .text.allocate_timer_channel_4
                0x0000000008009038       0x3c obj/Release/src/timing/scheduler.o
                0x0000000008009038                allocate_timer_channel_4
 .text.reset_timer_channel_4
                0x0000000008009074       0x30 obj/Release/src/timing/scheduler.o
                0x0000000008009074                reset_timer_channel_4
 .text.init_Vital_Scheduler
                0x00000000080090a4       0xd0 obj/Release/src/timing/scheduler.o
                0x00000000080090a4                init_Vital_Scheduler
 .text.scheduler_reset_channel
                0x0000000008009174       0x58 obj/Release/src/timing/scheduler.o
                0x0000000008009174                scheduler_reset_channel
 .text.allocate_channel
                0x00000000080091cc       0x8c obj/Release/src/timing/scheduler.o
                0x00000000080091cc                allocate_channel
 .text.scheduler_set_channel
                0x0000000008009258      0x108 obj/Release/src/timing/scheduler.o
                0x0000000008009258                scheduler_set_channel
 .text.TIM5_IRQHandler
                0x0000000008009360      0x128 obj/Release/src/timing/scheduler.o
                0x0000000008009360                TIM5_IRQHandler
 .text.scheduler_diag_log_event
                0x0000000008009488       0x28 obj/Release/src/timing/scheduler_diag.o
                0x0000000008009488                scheduler_diag_log_event
 .text.print_scheduler_diag
                0x00000000080094b0       0x68 obj/Release/src/timing/scheduler_diag.o
                0x00000000080094b0                print_scheduler_diag
 .text.init_systick_timer
                0x0000000008009518       0x24 obj/Release/src/timing/systick_timer.o
                0x0000000008009518                init_systick_timer
 .text.get_timestamp_fraction_us
                0x000000000800953c       0x24 obj/Release/src/timing/systick_timer.o
                0x000000000800953c                get_timestamp_fraction_us
 .text.SysTick_Handler
                0x0000000008009560       0xf0 obj/Release/src/timing/systick_timer.o
                0x0000000008009560                SysTick_Handler
 .text.calc_rot_duration_us
                0x0000000008009650        0xc obj/Release/src/utils/base_calc.o
                0x0000000008009650                calc_rot_duration_us
 .text.calc_rot_angle_deg
                0x000000000800965c       0x1c obj/Release/src/utils/base_calc.o
                0x000000000800965c                calc_rot_angle_deg
 .text.calc_rpm
                0x0000000008009678       0x20 obj/Release/src/utils/base_calc.o
                0x0000000008009678                calc_rpm
 .text.sub_VU32
                0x0000000008009698       0x14 obj/Release/src/utils/base_calc.o
                0x0000000008009698                sub_VU32
 .text.subtract_U32
                0x00000000080096ac        0xa obj/Release/src/utils/base_calc.o
                0x00000000080096ac                subtract_U32
 .text.divide_U32
                0x00000000080096b6       0x18 obj/Release/src/utils/base_calc.o
                0x00000000080096b6                divide_U32
 *fill*         0x00000000080096ce        0x2 
 .text.divide_F32
                0x00000000080096d0       0x2c obj/Release/src/utils/base_calc.o
                0x00000000080096d0                divide_F32
 .text.divide_float
                0x00000000080096fc       0x28 obj/Release/src/utils/base_calc.o
                0x00000000080096fc                divide_float
 .text.crank_position_after
                0x0000000008009724       0x14 obj/Release/src/utils/base_calc.o
                0x0000000008009724                crank_position_after
 .text.opposite_phase
                0x0000000008009738       0x10 obj/Release/src/utils/base_calc.o
                0x0000000008009738                opposite_phase
 .text.solve_linear
                0x0000000008009748       0x28 obj/Release/src/utils/base_calc.o
                0x0000000008009748                solve_linear
 .text.calc_ema
                0x0000000008009770       0x42 obj/Release/src/utils/base_calc.o
                0x0000000008009770                calc_ema
 .text.update_ema_filter
                0x00000000080097b2       0x1a obj/Release/src/utils/base_calc.o
                0x00000000080097b2                update_ema_filter
 .text.calc_derivative_s
                0x00000000080097cc       0x34 obj/Release/src/utils/base_calc.o
                0x00000000080097cc                calc_derivative_s
 .text.abs_F32  0x0000000008009800       0x2c obj/Release/src/utils/base_calc.o
                0x0000000008009800                abs_F32
 .text.getBit_BF8
                0x000000000800982c       0x26 obj/Release/src/utils/bitfields.o
                0x000000000800982c                getBit_BF8
 *fill*         0x0000000008009852        0x2 
 .text.__libc_init_array
                0x0000000008009854       0x48 /opt/gcc-arm-none-eabi-7-2017-q4-major/bin/../lib/gcc/arm-none-eabi/7.2.1/../../../../arm-none-eabi/lib/thumb/v7e-m/fpv4-sp/hard/libc.a(lib_a-init.o)
                0x0000000008009854                __libc_init_array
 *(.rodata)
 .rodata        0x000000000800989c      0x208 obj/Release/src/decoder/decoder_diag.o
                0x000000000800989c                decoder_diag_legend
 .rodata        0x0000000008009aa4      0x32a obj/Release/src/fueling/fueling_diag.o
                0x0000000008009aa4                fueling_diag_legend
 .rodata        0x0000000008009dce      0x1a4 obj/Release/src/ignition/ignition_diag.o
                0x0000000008009dce                ignition_diag_legend
 .rodata        0x0000000008009f72       0x15 obj/Release/src/main/Tuareg.o
                0x0000000008009f72                Tuareg_Version
 .rodata        0x0000000008009f87      0x258 obj/Release/src/main/Tuareg_diag.o
                0x0000000008009f87                tuareg_diag_legend
 .rodata        0x000000000800a1df      0x636 obj/Release/src/main/Tuareg_ID.o
                0x000000000800a1df                Tuareg_ID_labels
 .rodata        0x000000000800a815       0x7d obj/Release/src/sensors/sensors_diag.o
                0x000000000800a815                sensors_diag_legend
 .rodata        0x000000000800a892      0x433 obj/Release/src/timing/scheduler_diag.o