Archive member included to satisfy reference by file (symbol)

/opt/gcc-arm-none-eabi-7-2017-q4-major/bin/../lib/gcc/arm-none-eabi/7.2.1/../../../../arm-none-eabi/lib/thumb/v7e-m/fpv4-sp/hard/libc.a(lib_a-init.o)
                              obj/Release/src/stm32_libs/stm32f4xx/cmsis/startup_stm32f410xx.o (__libc_init_array)

Discarded input sections

 .text          0x0000000000000000        0x0 obj/Release/src/actors/act_hw.o
 .data          0x0000000000000000        0x0 obj/Release/src/actors/act_hw.o
 .bss           0x0000000000000000        0x0 obj/Release/src/actors/act_hw.o
 .text.set_act1
                0x0000000000000000       0x20 obj/Release/src/actors/act_hw.o
 .text.set_act2
                0x0000000000000000       0x20 obj/Release/src/actors/act_hw.o
 .text.init_act_hw
                0x0000000000000000       0x4c obj/Release/src/actors/act_hw.o
 .comment       0x0000000000000000       0x7f obj/Release/src/actors/act_hw.o
 .ARM.attributes
                0x0000000000000000       0x39 obj/Release/src/actors/act_hw.o
 .text          0x0000000000000000        0x0 obj/Release/src/actors/act_logic.o
 .data          0x0000000000000000        0x0 obj/Release/src/actors/act_logic.o
 .bss           0x0000000000000000        0x0 obj/Release/src/actors/act_logic.o
 .text.init_act_logic
                0x0000000000000000        0x2 obj/Release/src/actors/act_logic.o
 .comment       0x0000000000000000       0x7f obj/Release/src/actors/act_logic.o
 .ARM.attributes
                0x0000000000000000       0x39 obj/Release/src/actors/act_logic.o
 .text          0x0000000000000000        0x0 obj/Release/src/com/serial_buffer.o
 .data          0x0000000000000000        0x0 obj/Release/src/com/serial_buffer.o
 .bss           0x0000000000000000        0x0 obj/Release/src/com/serial_buffer.o
 .text          0x0000000000000000        0x0 obj/Release/src/com/serial_monitor.o
 .data          0x0000000000000000        0x0 obj/Release/src/com/serial_monitor.o
 .bss           0x0000000000000000        0x0 obj/Release/src/com/serial_monitor.o
 .comment       0x0000000000000000       0x7f obj/Release/src/com/serial_monitor.o
 .ARM.attributes
                0x0000000000000000       0x39 obj/Release/src/com/serial_monitor.o
 .text          0x0000000000000000        0x0 obj/Release/src/com/Tuareg_console.o
 .data          0x0000000000000000        0x0 obj/Release/src/com/Tuareg_console.o
 .bss           0x0000000000000000        0x0 obj/Release/src/com/Tuareg_console.o
 .rodata.cTSmaxChunkLen
                0x0000000000000000        0x4 obj/Release/src/com/Tuareg_console.o
 .rodata.cTSmaxOffset
                0x0000000000000000        0x4 obj/Release/src/com/Tuareg_console.o
 .text          0x0000000000000000        0x0 obj/Release/src/com/TunerStudio.o
 .data          0x0000000000000000        0x0 obj/Release/src/com/TunerStudio.o
 .bss           0x0000000000000000        0x0 obj/Release/src/com/TunerStudio.o
 .text          0x0000000000000000        0x0 obj/Release/src/com/TunerStudio_outChannel.o
 .data          0x0000000000000000        0x0 obj/Release/src/com/TunerStudio_outChannel.o
 .bss           0x0000000000000000        0x0 obj/Release/src/com/TunerStudio_outChannel.o
 .rodata.cOut_size
                0x0000000000000000        0x4 obj/Release/src/com/TunerStudio_outChannel.o
 .rodata.pOut_data
                0x0000000000000000        0x4 obj/Release/src/com/TunerStudio_outChannel.o
 .text          0x0000000000000000        0x0 obj/Release/src/com/TunerStudio_service.o
 .data          0x0000000000000000        0x0 obj/Release/src/com/TunerStudio_service.o
 .bss           0x0000000000000000        0x0 obj/Release/src/com/TunerStudio_service.o
 .text          0x0000000000000000        0x0 obj/Release/src/com/uart.o
 .data          0x0000000000000000        0x0 obj/Release/src/com/uart.o
 .bss           0x0000000000000000        0x0 obj/Release/src/com/uart.o
 .text.UART_listen
                0x0000000000000000        0xa obj/Release/src/com/uart.o
 .text.UART_nolisten
                0x0000000000000000        0xa obj/Release/src/com/uart.o
 .text          0x0000000000000000        0x0 obj/Release/src/com/uart_printf.o
 .data          0x0000000000000000        0x0 obj/Release/src/com/uart_printf.o
 .bss           0x0000000000000000        0x0 obj/Release/src/com/uart_printf.o
 .text.printf_S
                0x0000000000000000       0x20 obj/Release/src/com/uart_printf.o
 .text.printf_U8
                0x0000000000000000       0x42 obj/Release/src/com/uart_printf.o
 .text.printf_U32hex
                0x0000000000000000       0x30 obj/Release/src/com/uart_printf.o
 .text          0x0000000000000000        0x0 obj/Release/src/config/Tuareg_control_sets.o
 .data          0x0000000000000000        0x0 obj/Release/src/config/Tuareg_control_sets.o
 .bss           0x0000000000000000        0x0 obj/Release/src/config/Tuareg_control_sets.o
 .text          0x0000000000000000        0x0 obj/Release/src/dash/dash_hw.o
[...]
Memory Configuration

Name             Origin             Length             Attributes
FLASH            0x0000000008000000 0x0000000000020000 xr
RAM              0x0000000020000000 0x0000000000008000 xrw
MEMORY_B1        0x0000000060000000 0x0000000000000000 xr
*default*        0x0000000000000000 0xffffffffffffffff

Linker script and memory map

LOAD obj/Release/src/actors/act_hw.o
LOAD obj/Release/src/actors/act_logic.o
LOAD obj/Release/src/com/serial_buffer.o
LOAD obj/Release/src/com/serial_monitor.o
LOAD obj/Release/src/com/Tuareg_console.o
LOAD obj/Release/src/com/TunerStudio.o
LOAD obj/Release/src/com/TunerStudio_outChannel.o
LOAD obj/Release/src/com/TunerStudio_service.o
LOAD obj/Release/src/com/uart.o
LOAD obj/Release/src/com/uart_printf.o
LOAD obj/Release/src/config/Tuareg_control_sets.o
LOAD obj/Release/src/dash/dash_hw.o
LOAD obj/Release/src/dash/Tuareg_dash.o
LOAD obj/Release/src/debug/debug.o
LOAD obj/Release/src/debug/debug_port_messages.o
LOAD obj/Release/src/debug/dwt.o
LOAD obj/Release/src/decoder/decoder_cis.o
LOAD obj/Release/src/decoder/decoder_config.o
LOAD obj/Release/src/decoder/decoder_debug.o
LOAD obj/Release/src/decoder/decoder_diag.o
LOAD obj/Release/src/decoder/decoder_hw.o
LOAD obj/Release/src/decoder/decoder_logic.o
LOAD obj/Release/src/decoder/Tuareg_decoder.o
LOAD obj/Release/src/diagnostics/diagnostics.o
LOAD obj/Release/src/diagnostics/fault_log.o
LOAD obj/Release/src/diagnostics/highspeed_loggers.o
LOAD obj/Release/src/diagnostics/syslog.o
LOAD obj/Release/src/fueling/accel_comp.o
LOAD obj/Release/src/fueling/fueling_config.o
LOAD obj/Release/src/fueling/fueling_corrections.o
LOAD obj/Release/src/fueling/fueling_diag.o
LOAD obj/Release/src/fueling/fueling_hw.o
LOAD obj/Release/src/fueling/injector_parameters.o
LOAD obj/Release/src/fueling/Tuareg_fueling.o
LOAD obj/Release/src/fueling/Tuareg_fueling_controls.o
LOAD obj/Release/src/ignition/ignition_config.o
LOAD obj/Release/src/ignition/ignition_diag.o
LOAD obj/Release/src/ignition/ignition_hw.o
LOAD obj/Release/src/ignition/Tuareg_ignition.o
LOAD obj/Release/src/ignition/Tuareg_ignition_controls.o
LOAD obj/Release/src/main/main.o
LOAD obj/Release/src/main/Tuareg.o
LOAD obj/Release/src/main/Tuareg_config.o
LOAD obj/Release/src/main/Tuareg_controls.o
LOAD obj/Release/src/main/Tuareg_diag.o
LOAD obj/Release/src/main/Tuareg_errors.o
LOAD obj/Release/src/main/Tuareg_ID.o
LOAD obj/Release/src/main/Tuareg_process_data.o
LOAD obj/Release/src/main/Tuareg_service_functions.o
LOAD obj/Release/src/main/Tuareg_types.o
LOAD obj/Release/src/module_test/module_test.o
LOAD obj/Release/src/process_table/process_table.o
LOAD obj/Release/src/sensors/analog_sensors.o
LOAD obj/Release/src/sensors/digital_sensors.o
LOAD obj/Release/src/sensors/knock_sensor.o
LOAD obj/Release/src/sensors/sensor_calibration.o
LOAD obj/Release/src/sensors/sensors_diag.o
LOAD obj/Release/src/sensors/Tuareg_sensors.o
LOAD obj/Release/src/stm32_libs/stm32f4xx/boctok/stm32f4xx_adc_boctok.o
LOAD obj/Release/src/stm32_libs/stm32f4xx/boctok/stm32f4xx_fault_handler_boctok.o
LOAD obj/Release/src/stm32_libs/stm32f4xx/boctok/stm32f4xx_gpio_boctok.o
LOAD obj/Release/src/stm32_libs/stm32f4xx/cmsis/startup_stm32f410xx.o
LOAD obj/Release/src/stm32_libs/stm32f4xx/cmsis/system_hse100_stm32f410.o
LOAD obj/Release/src/stm32_libs/stm32f4xx/spl/misc.o
LOAD obj/Release/src/stm32_libs/stm32f4xx/spl/stm32f4xx_dma.o
LOAD obj/Release/src/stm32_libs/stm32f4xx/spl/stm32f4xx_i2c.o
LOAD obj/Release/src/stm32_libs/stm32f4xx/spl/stm32f4xx_rcc.o
LOAD obj/Release/src/stm32_libs/stm32f4xx/spl/stm32f4xx_usart.o
LOAD obj/Release/src/storage/ctrlset.o
LOAD obj/Release/src/storage/eeprom.o
LOAD obj/Release/src/storage/map.o
LOAD obj/Release/src/storage/table.o
LOAD obj/Release/src/timing/lowprio_scheduler.o
LOAD obj/Release/src/timing/scheduler.o
LOAD obj/Release/src/timing/scheduler_diag.o
LOAD obj/Release/src/timing/systick_timer.o
LOAD obj/Release/src/utils/base_calc.o
LOAD obj/Release/src/utils/bitfields.o
LOAD obj/Release/src/utils/conversion.o
                0x0000000020008000                _estack = 0x20008000
                0x0000000000000000                _Min_Heap_Size = 0x0
                0x0000000000000100                _Min_Stack_Size = 0x100

.isr_vector     0x0000000008000000      0x1c8
                0x0000000008000000                . = ALIGN (0x4)
 *(.isr_vector)
 .isr_vector    0x0000000008000000      0x1c8 obj/Release/src/stm32_libs/stm32f4xx/cmsis/startup_stm32f410xx.o
                0x0000000008000000                g_pfnVectors
                0x00000000080001c8                . = ALIGN (0x4)

.text           0x00000000080001c8     0xc254
                0x00000000080001c8                . = ALIGN (0x4)
 *(.text)
 *(.text*)
 .text.ComRx_Buffer_reset
                0x00000000080001c8       0x3c obj/Release/src/com/serial_buffer.o
                0x00000000080001c8                ComRx_Buffer_reset
 .text.ComRx_Buffer_avail
                0x0000000008000204        0xc obj/Release/src/com/serial_buffer.o
                0x0000000008000204                ComRx_Buffer_avail
 .text.ComRx_Buffer_push
                0x0000000008000210       0x50 obj/Release/src/com/serial_buffer.o
                0x0000000008000210                ComRx_Buffer_push
 .text.ComRx_Buffer_pull
                0x0000000008000260       0x44 obj/Release/src/com/serial_buffer.o
                0x0000000008000260                ComRx_Buffer_pull
 .text.ComRx_Buffer_pull_U16
                0x00000000080002a4       0x30 obj/Release/src/com/serial_buffer.o
                0x00000000080002a4                ComRx_Buffer_pull_U16
 .text.ComRx_Buffer_pull_U32
                0x00000000080002d4       0x56 obj/Release/src/com/serial_buffer.o
                0x00000000080002d4                ComRx_Buffer_pull_U32
 *fill*         0x000000000800032a        0x2 
 .text.cli_showPage
                0x000000000800032c       0x94 obj/Release/src/com/Tuareg_console.o
                0x000000000800032c                cli_showPage
 .text.cli_setPermissions
                0x00000000080003c0      0x134 obj/Release/src/com/Tuareg_console.o
                0x00000000080003c0                cli_setPermissions
 .text.cli_show_help
                0x00000000080004f4       0x9c obj/Release/src/com/Tuareg_console.o
                0x00000000080004f4                cli_show_help
 .text.Tuareg_update_console
                0x0000000008000590      0x290 obj/Release/src/com/Tuareg_console.o
                0x0000000008000590                Tuareg_update_console
 .text.cli_cyclic_update
                0x0000000008000820       0x1c obj/Release/src/com/Tuareg_console.o
                0x0000000008000820                cli_cyclic_update
 .text.Tuareg_init_console
                0x000000000800083c       0x18 obj/Release/src/com/Tuareg_console.o
                0x000000000800083c                Tuareg_init_console
 .text.ts_readPage
                0x0000000008000854       0x9c obj/Release/src/com/TunerStudio.o
                0x0000000008000854                ts_readPage
 .text.ts_valueWrite
                0x00000000080008f0      0x18c obj/Release/src/com/TunerStudio.o
                0x00000000080008f0                ts_valueWrite
 .text.ts_burnPage
                0x0000000008000a7c       0xb0 obj/Release/src/com/TunerStudio.o
                0x0000000008000a7c                ts_burnPage
 .text.ts_tuareg_bits
                0x0000000008000b2c      0x1f0 obj/Release/src/com/TunerStudio_outChannel.o
                0x0000000008000b2c                ts_tuareg_bits
 .text.ts_sendOutputChannels
                0x0000000008000d1c      0x144 obj/Release/src/com/TunerStudio_outChannel.o
                0x0000000008000d1c                ts_sendOutputChannels
 .text.ts_debug_features
                0x0000000008000e60       0xc4 obj/Release/src/com/TunerStudio_service.o
                0x0000000008000e60                ts_debug_features
 .text.cli_show_debug_help
                0x0000000008000f24       0xc0 obj/Release/src/com/TunerStudio_service.o
                0x0000000008000f24                cli_show_debug_help
 .text.cli_show_process_data
                0x0000000008000fe4      0x114 obj/Release/src/com/TunerStudio_service.o
                0x0000000008000fe4                cli_show_process_data
 .text.cli_show_ignition_controls
                0x00000000080010f8      0x114 obj/Release/src/com/TunerStudio_service.o
                0x00000000080010f8                cli_show_ignition_controls
 .text.cli_show_fueling_controls
                0x000000000800120c      0x358 obj/Release/src/com/TunerStudio_service.o
                0x000000000800120c                cli_show_fueling_controls
 .text.cli_show_decoder_interface
                0x0000000008001564      0x124 obj/Release/src/com/TunerStudio_service.o
                0x0000000008001564                cli_show_decoder_interface
 .text.cli_print_sensor_data
                0x0000000008001688      0x21c obj/Release/src/com/TunerStudio_service.o
                0x0000000008001688                cli_print_sensor_data
 .text.ts_debug_info
                0x00000000080018a4       0xd8 obj/Release/src/com/TunerStudio_service.o
                0x00000000080018a4                ts_debug_info
 .text.UART_TS_PORT_Init
                0x000000000800197c       0xa0 obj/Release/src/com/uart.o
                0x000000000800197c                UART_TS_PORT_Init
 .text.UART_DEBUG_PORT_Init
                0x0000000008001a1c       0x68 obj/Release/src/com/uart.o
                0x0000000008001a1c                UART_DEBUG_PORT_Init
 .text.UART_Tx  0x0000000008001a84        0xc obj/Release/src/com/uart.o
                0x0000000008001a84                UART_Tx
 .text.UART_send_data
                0x0000000008001a90       0x1a obj/Release/src/com/uart.o
                0x0000000008001a90                UART_send_data
 *fill*         0x0000000008001aaa        0x2 
 .text.USART1_IRQHandler
                0x0000000008001aac       0x30 obj/Release/src/com/uart.o
                0x0000000008001aac                USART1_IRQHandler
 .text.printf_U
                0x0000000008001adc      0x164 obj/Release/src/com/uart_printf.o
                0x0000000008001adc                printf_U
 .text.printf_F32
                0x0000000008001c40       0xcc obj/Release/src/com/uart_printf.o
                0x0000000008001c40                printf_F32
 .text.printf_nib_hex
                0x0000000008001d0c       0x10 obj/Release/src/com/uart_printf.o
                0x0000000008001d0c                printf_nib_hex
 .text.print    0x0000000008001d1c       0x16 obj/Release/src/com/uart_printf.o
                0x0000000008001d1c                print
 *fill*         0x0000000008001d32        0x2 
 .text.printf_U8hex
                0x0000000008001d34       0x38 obj/Release/src/com/uart_printf.o
                0x0000000008001d34                printf_U8hex
 .text.printf_crkpos
                0x0000000008001d6c       0x6c obj/Release/src/com/uart_printf.o
                0x0000000008001d6c                printf_crkpos
 .text.printf_phase
                0x0000000008001dd8       0x30 obj/Release/src/com/uart_printf.o
                0x0000000008001dd8                printf_phase
 .text.printf_decoder_sensing
                0x0000000008001e08       0x54 obj/Release/src/com/uart_printf.o
                0x0000000008001e08                printf_decoder_sensing
 .text.print_flash
                0x0000000008001e5c        0x4 obj/Release/src/com/uart_printf.o
                0x0000000008001e5c                print_flash
 .text.load_Control_MAP
                0x0000000008001e60       0x10 obj/Release/src/config/Tuareg_control_sets.o
                0x0000000008001e60                load_Control_MAP
 .text.store_Control_MAP
                0x0000000008001e70       0x10 obj/Release/src/config/Tuareg_control_sets.o
                0x0000000008001e70                store_Control_MAP
 .text.modify_Control_MAP
                0x0000000008001e80       0x10 obj/Release/src/config/Tuareg_control_sets.o
                0x0000000008001e80                modify_Control_MAP
 .text.show_Control_MAP
                0x0000000008001e90       0x20 obj/Release/src/config/Tuareg_control_sets.o
                0x0000000008001e90                show_Control_MAP
 .text.send_Control_MAP
                0x0000000008001eb0        0xc obj/Release/src/config/Tuareg_control_sets.o
                0x0000000008001eb0                send_Control_MAP
 .text.load_Control_TPS
                0x0000000008001ebc       0x10 obj/Release/src/config/Tuareg_control_sets.o
                0x0000000008001ebc                load_Control_TPS
 .text.store_Control_TPS
                0x0000000008001ecc       0x10 obj/Release/src/config/Tuareg_control_sets.o
                0x0000000008001ecc                store_Control_TPS
 .text.modify_Control_TPS
                0x0000000008001edc       0x10 obj/Release/src/config/Tuareg_control_sets.o
                0x0000000008001edc                modify_Control_TPS
 .text.show_Control_TPS
                0x0000000008001eec       0x20 obj/Release/src/config/Tuareg_control_sets.o
                0x0000000008001eec                show_Control_TPS
 .text.send_Control_TPS
                0x0000000008001f0c        0xc obj/Release/src/config/Tuareg_control_sets.o
                0x0000000008001f0c                send_Control_TPS
 .text.load_Control_TPS_Limp
                0x0000000008001f18       0x10 obj/Release/src/config/Tuareg_control_sets.o
                0x0000000008001f18                load_Control_TPS_Limp
 .text.load_Control_Sets
                0x0000000008001f28       0x56 obj/Release/src/config/Tuareg_control_sets.o
                0x0000000008001f28                load_Control_Sets
 *fill*         0x0000000008001f7e        0x2 
 .text.store_Control_TPS_Limp
                0x0000000008001f80       0x10 obj/Release/src/config/Tuareg_control_sets.o
                0x0000000008001f80                store_Control_TPS_Limp
 .text.modify_Control_TPS_Limp
                0x0000000008001f90       0x10 obj/Release/src/config/Tuareg_control_sets.o
                0x0000000008001f90                modify_Control_TPS_Limp
 .text.show_Control_TPS_Limp
                0x0000000008001fa0       0x20 obj/Release/src/config/Tuareg_control_sets.o
                0x0000000008001fa0                show_Control_TPS_Limp
 .text.send_Control_TPS_Limp
                0x0000000008001fc0        0xc obj/Release/src/config/Tuareg_control_sets.o
                0x0000000008001fc0                send_Control_TPS_Limp
 .text.set_mil_hw
                0x0000000008001fcc       0x3c obj/Release/src/dash/dash_hw.o
                0x0000000008001fcc                set_mil_hw
 .text.init_dash_hw
                0x0000000008002008       0x78 obj/Release/src/dash/dash_hw.o
                0x0000000008002008                init_dash_hw
 .text.set_tachometer_compare
                0x0000000008002080       0x28 obj/Release/src/dash/dash_hw.o
                0x0000000008002080                set_tachometer_compare
 .text.update_tachometer
                0x00000000080020a8       0x3c obj/Release/src/dash/Tuareg_dash.o
                0x00000000080020a8                update_tachometer
 .text.set_mil  0x00000000080020e4       0x58 obj/Release/src/dash/Tuareg_dash.o
                0x00000000080020e4                set_mil
 .text.update_mil
                0x000000000800213c       0xb8 obj/Release/src/dash/Tuareg_dash.o
                0x000000000800213c                update_mil
 .text.init_dash
                0x00000000080021f4       0x10 obj/Release/src/dash/Tuareg_dash.o
                0x00000000080021f4                init_dash
 .text.update_dash
                0x0000000008002204        0xe obj/Release/src/dash/Tuareg_dash.o
                0x0000000008002204                update_dash
 *fill*         0x0000000008002212        0x2 
 .text.DebugMsg_Warning
                0x0000000008002214       0x24 obj/Release/src/debug/debug_port_messages.o
                0x0000000008002214                DebugMsg_Warning
 .text.decoder_update_cis
                0x0000000008002238      0x188 obj/Release/src/decoder/decoder_cis.o
                0x0000000008002238                decoder_update_cis
 .text.decoder_cis_handler
                0x00000000080023c0       0x9c obj/Release/src/decoder/decoder_cis.o
                0x00000000080023c0                decoder_cis_handler
 .text.decoder_cis_noisefilter_handler
                0x000000000800245c        0x4 obj/Release/src/decoder/decoder_cis.o
                0x000000000800245c                decoder_cis_noisefilter_handler
 .text.enable_cis
                0x0000000008002460       0x4c obj/Release/src/decoder/decoder_cis.o
                0x0000000008002460                enable_cis
 .text.disable_cis
                0x00000000080024ac        0xe obj/Release/src/decoder/decoder_cis.o
                0x00000000080024ac                disable_cis
 *fill*         0x00000000080024ba        0x2 
 .text.load_Decoder_Setup
                0x00000000080024bc       0x1c obj/Release/src/decoder/decoder_config.o
                0x00000000080024bc                load_Decoder_Setup
 .text.load_essential_Decoder_Setup
                0x00000000080024d8       0x3c obj/Release/src/decoder/decoder_config.o
                0x00000000080024d8                load_essential_Decoder_Setup
 .text.store_Decoder_Setup
                0x0000000008002514       0x10 obj/Release/src/decoder/decoder_config.o
                0x0000000008002514                store_Decoder_Setup
 .text.show_Decoder_Setup
                0x0000000008002524      0x154 obj/Release/src/decoder/decoder_config.o
                0x0000000008002524                show_Decoder_Setup
 .text.modify_Decoder_Setup
                0x0000000008002678       0x18 obj/Release/src/decoder/decoder_config.o
                0x0000000008002678                modify_Decoder_Setup
 .text.send_Decoder_Setup
                0x0000000008002690        0xc obj/Release/src/decoder/decoder_config.o
                0x0000000008002690                send_Decoder_Setup
 .text.decoder_diag_log_event
                0x000000000800269c       0x28 obj/Release/src/decoder/decoder_diag.o
                0x000000000800269c                decoder_diag_log_event
 .text.print_decoder_diag
                0x00000000080026c4       0x68 obj/Release/src/decoder/decoder_diag.o
                0x00000000080026c4                print_decoder_diag
 .text.decoder_stop_timer
                0x000000000800272c       0x1c obj/Release/src/decoder/decoder_hw.o
                0x000000000800272c                decoder_stop_timer
 .text.update_crank_noisefilter
                0x0000000008002748       0x40 obj/Release/src/decoder/decoder_hw.o
                0x0000000008002748                update_crank_noisefilter
 .text.update_cam_noisefilter
                0x0000000008002788       0x40 obj/Release/src/decoder/decoder_hw.o
                0x0000000008002788                update_cam_noisefilter
 .text.decoder_mask_crank_irq
                0x00000000080027c8       0x10 obj/Release/src/decoder/decoder_hw.o
                0x00000000080027c8                decoder_mask_crank_irq
 .text.decoder_unmask_crank_irq
                0x00000000080027d8       0x14 obj/Release/src/decoder/decoder_hw.o
                0x00000000080027d8                decoder_unmask_crank_irq
 .text.decoder_mask_cis_irq
                0x00000000080027ec       0x10 obj/Release/src/decoder/decoder_hw.o
                0x00000000080027ec                decoder_mask_cis_irq
 .text.decoder_unmask_cis_irq
                0x00000000080027fc       0x14 obj/Release/src/decoder/decoder_hw.o
                0x00000000080027fc                decoder_unmask_cis_irq
 .text.set_crank_pickup_sensing_rise
                0x0000000008002810       0x24 obj/Release/src/decoder/decoder_hw.o
                0x0000000008002810                set_crank_pickup_sensing_rise
 .text.set_crank_pickup_sensing_fall
                0x0000000008002834       0x24 obj/Release/src/decoder/decoder_hw.o
                0x0000000008002834                set_crank_pickup_sensing_fall
 .text.set_crank_pickup_sensing_disabled
                0x0000000008002858       0x24 obj/Release/src/decoder/decoder_hw.o
                0x0000000008002858                set_crank_pickup_sensing_disabled
 .text.set_cis_sensing_rise
                0x000000000800287c       0x24 obj/Release/src/decoder/decoder_hw.o
                0x000000000800287c                set_cis_sensing_rise
 .text.set_cis_sensing_fall
                0x00000000080028a0       0x24 obj/Release/src/decoder/decoder_hw.o
                0x00000000080028a0                set_cis_sensing_fall
 .text.set_cis_sensing_disabled
                0x00000000080028c4       0x24 obj/Release/src/decoder/decoder_hw.o
                0x00000000080028c4                set_cis_sensing_disabled
 .text.decoder_set_crank_pickup_sensing
                0x00000000080028e8       0x3c obj/Release/src/decoder/decoder_hw.o
                0x00000000080028e8                decoder_set_crank_pickup_sensing
 .text.decoder_set_cis_sensing
                0x0000000008002924       0x3c obj/Release/src/decoder/decoder_hw.o
                0x0000000008002924                decoder_set_cis_sensing
 .text.trigger_decoder_irq
                0x0000000008002960       0x14 obj/Release/src/decoder/decoder_hw.o
                0x0000000008002960                trigger_decoder_irq
 .text.init_decoder_hw
                0x0000000008002974       0xcc obj/Release/src/decoder/decoder_hw.o
                0x0000000008002974                init_decoder_hw
 .text.decoder_get_timestamp
                0x0000000008002a40        0xc obj/Release/src/decoder/decoder_hw.o
                0x0000000008002a40                decoder_get_timestamp
 .text.decoder_set_timer_continuous_mode_on
                0x0000000008002a4c       0x1c obj/Release/src/decoder/decoder_hw.o
                0x0000000008002a4c                decoder_set_timer_continuous_mode_on
 .text.decoder_set_timer_continuous_mode_off
                0x0000000008002a68       0x1c obj/Release/src/decoder/decoder_hw.o
                0x0000000008002a68                decoder_set_timer_continuous_mode_off
 .text.decoder_start_timer
                0x0000000008002a84       0x5c obj/Release/src/decoder/decoder_hw.o
                0x0000000008002a84                decoder_start_timer
 .text.decoder_request_timer_reset
                0x0000000008002ae0       0x10 obj/Release/src/decoder/decoder_hw.o
                0x0000000008002ae0                decoder_request_timer_reset
 .text.disable_decoder_hw
                0x0000000008002af0       0x3c obj/Release/src/decoder/decoder_hw.o
                0x0000000008002af0                disable_decoder_hw
 .text.EXTI0_IRQHandler
                0x0000000008002b2c       0x60 obj/Release/src/decoder/decoder_hw.o
                0x0000000008002b2c                EXTI0_IRQHandler
 .text.TIM1_BRK_TIM9_IRQHandler
                0x0000000008002b8c       0x74 obj/Release/src/decoder/decoder_hw.o
                0x0000000008002b8c                TIM1_BRK_TIM9_IRQHandler
 .text.EXTI1_IRQHandler
                0x0000000008002c00       0x1c obj/Release/src/decoder/decoder_hw.o
                0x0000000008002c00                EXTI1_IRQHandler
 .text.reset_timeout_counter
                0x0000000008002c1c       0x14 obj/Release/src/decoder/decoder_logic.o
                0x0000000008002c1c                reset_timeout_counter
 .text.reset_timing_output
                0x0000000008002c30       0x2c obj/Release/src/decoder/decoder_logic.o
                0x0000000008002c30                reset_timing_output
 .text.reset_position_data
                0x0000000008002c5c       0x34 obj/Release/src/decoder/decoder_logic.o
                0x0000000008002c5c                reset_position_data
 .text.reset_internal_data
                0x0000000008002c90       0x1c obj/Release/src/decoder/decoder_logic.o
                0x0000000008002c90                reset_internal_data
 .text.decoder_set_state
                0x0000000008002cac       0x24 obj/Release/src/decoder/decoder_logic.o
                0x0000000008002cac                decoder_set_state
 .text.check_sync_ratio
                0x0000000008002cd0       0x74 obj/Release/src/decoder/decoder_logic.o
                0x0000000008002cd0                check_sync_ratio
 .text.check_sync_ratio_async
                0x0000000008002d44       0x5c obj/Release/src/decoder/decoder_logic.o
                0x0000000008002d44                check_sync_ratio_async
 .text.update_timing_data
                0x0000000008002da0       0xf4 obj/Release/src/decoder/decoder_logic.o
                0x0000000008002da0                update_timing_data
 .text.init_decoder_logic
                0x0000000008002e94       0x24 obj/Release/src/decoder/decoder_logic.o
                0x0000000008002e94                init_decoder_logic
 .text.disable_decoder_logic
                0x0000000008002eb8       0x18 obj/Release/src/decoder/decoder_logic.o
                0x0000000008002eb8                disable_decoder_logic
 .text.decoder_crank_handler
                0x0000000008002ed0      0x14c obj/Release/src/decoder/decoder_logic.o
                0x0000000008002ed0                decoder_crank_handler
 .text.decoder_crank_noisefilter_handler
                0x000000000800301c        0x4 obj/Release/src/decoder/decoder_logic.o
                0x000000000800301c                decoder_crank_noisefilter_handler
 .text.decoder_crank_timeout_handler
                0x0000000008003020       0x3c obj/Release/src/decoder/decoder_logic.o
                0x0000000008003020                decoder_crank_timeout_handler
 .text.init_Decoder
                0x000000000800305c       0x68 obj/Release/src/decoder/Tuareg_decoder.o
                0x000000000800305c                init_Decoder
 .text.disable_Decoder
                0x00000000080030c4       0x28 obj/Release/src/decoder/Tuareg_decoder.o
                0x00000000080030c4                disable_Decoder
 .text.decoder_get_position_data_age_us
                0x00000000080030ec       0x28 obj/Release/src/decoder/Tuareg_decoder.o
                0x00000000080030ec                decoder_get_position_data_age_us
 .text.copy_diag_data
                0x0000000008003114       0x48 obj/Release/src/diagnostics/diagnostics.o
                0x0000000008003114                copy_diag_data
 .text.get_diag_data
                0x000000000800315c       0x24 obj/Release/src/diagnostics/diagnostics.o
                0x000000000800315c                get_diag_data
 .text.release_diag_shadow
                0x0000000008003180        0xc obj/Release/src/diagnostics/diagnostics.o
                0x0000000008003180                release_diag_shadow
 .text.load_Fault_Log
                0x000000000800318c       0x1c obj/Release/src/diagnostics/fault_log.o
                0x000000000800318c                load_Fault_Log
 .text.load_void_Fault_Log
                0x00000000080031a8       0x18 obj/Release/src/diagnostics/fault_log.o
                0x00000000080031a8                load_void_Fault_Log
 .text.init_Fault_Log
                0x00000000080031c0       0x4c obj/Release/src/diagnostics/fault_log.o
                0x00000000080031c0                init_Fault_Log
 .text.store_Fault_Log
                0x000000000800320c       0x10 obj/Release/src/diagnostics/fault_log.o
                0x000000000800320c                store_Fault_Log
 .text.log_Fault
                0x000000000800321c       0x68 obj/Release/src/diagnostics/fault_log.o
                0x000000000800321c                log_Fault
 .text.show_Fault_Log
                0x0000000008003284       0x74 obj/Release/src/diagnostics/fault_log.o
                0x0000000008003284                show_Fault_Log
 .text.clear_Fault_Log
                0x00000000080032f8       0x18 obj/Release/src/diagnostics/fault_log.o
                0x00000000080032f8                clear_Fault_Log
 .text.Erase_Fault_Log
                0x0000000008003310       0x3c obj/Release/src/diagnostics/fault_log.o
                0x0000000008003310                Erase_Fault_Log
 .text.send_Fault_Log
                0x000000000800334c        0xc obj/Release/src/diagnostics/fault_log.o
                0x000000000800334c                send_Fault_Log
 .text.clear_highspeedlog
                0x0000000008003358       0x14 obj/Release/src/diagnostics/highspeed_loggers.o
                0x0000000008003358                clear_highspeedlog
 .text.highspeedlog_init
                0x000000000800336c       0x14 obj/Release/src/diagnostics/highspeed_loggers.o
                0x000000000800336c                highspeedlog_init
 .text.highspeedlog_register_error
                0x0000000008003380        0x2 obj/Release/src/diagnostics/highspeed_loggers.o
                0x0000000008003380                highspeedlog_register_error
 *fill*         0x0000000008003382        0x2 
 .text.highspeedlog_write
                0x0000000008003384       0xc0 obj/Release/src/diagnostics/highspeed_loggers.o
                0x0000000008003384                highspeedlog_write
 .text.highspeedlog_register_crankpos
                0x0000000008003444        0x6 obj/Release/src/diagnostics/highspeed_loggers.o
                0x0000000008003444                highspeedlog_register_crankpos
 *fill*         0x000000000800344a        0x2 
 .text.highspeedlog_register_cis_lobe_begin
                0x000000000800344c       0x10 obj/Release/src/diagnostics/highspeed_loggers.o
                0x000000000800344c                highspeedlog_register_cis_lobe_begin
 .text.highspeedlog_register_cis_lobe_end
                0x000000000800345c       0x10 obj/Release/src/diagnostics/highspeed_loggers.o
                0x000000000800345c                highspeedlog_register_cis_lobe_end
 .text.highspeedlog_register_coil1_power
                0x000000000800346c        0x6 obj/Release/src/diagnostics/highspeed_loggers.o
                0x000000000800346c                highspeedlog_register_coil1_power
 .text.highspeedlog_register_coil1_unpower
                0x0000000008003472        0x6 obj/Release/src/diagnostics/highspeed_loggers.o
                0x0000000008003472                highspeedlog_register_coil1_unpower
 .text.highspeedlog_register_coil2_power
                0x0000000008003478        0x6 obj/Release/src/diagnostics/highspeed_loggers.o
                0x0000000008003478                highspeedlog_register_coil2_power
 .text.highspeedlog_register_coil2_unpower
                0x000000000800347e        0x6 obj/Release/src/diagnostics/highspeed_loggers.o
                0x000000000800347e                highspeedlog_register_coil2_unpower
 .text.highspeedlog_register_injector1_power
                0x0000000008003484        0x6 obj/Release/src/diagnostics/highspeed_loggers.o
                0x0000000008003484                highspeedlog_register_injector1_power
 .text.highspeedlog_register_injector1_unpower
                0x000000000800348a        0x6 obj/Release/src/diagnostics/highspeed_loggers.o
                0x000000000800348a                highspeedlog_register_injector1_unpower
 .text.highspeedlog_register_injector2_power
                0x0000000008003490        0x6 obj/Release/src/diagnostics/highspeed_loggers.o
                0x0000000008003490                highspeedlog_register_injector2_power
 .text.highspeedlog_register_injector2_unpower
                0x0000000008003496        0x6 obj/Release/src/diagnostics/highspeed_loggers.o
                0x0000000008003496                highspeedlog_register_injector2_unpower
 .text.send_highspeedlog
                0x000000000800349c       0xc4 obj/Release/src/diagnostics/highspeed_loggers.o
                0x000000000800349c                send_highspeedlog
 .text.show_highspeedlog
                0x0000000008003560      0x150 obj/Release/src/diagnostics/highspeed_loggers.o
                0x0000000008003560                show_highspeedlog
 .text.clear_syslog
                0x00000000080036b0       0x38 obj/Release/src/diagnostics/syslog.o
                0x00000000080036b0                clear_syslog
 .text.Syslog_init
                0x00000000080036e8       0x18 obj/Release/src/diagnostics/syslog.o
                0x00000000080036e8                Syslog_init
 .text.Syslog_Error
                0x0000000008003700       0x48 obj/Release/src/diagnostics/syslog.o
                0x0000000008003700                Syslog_Error
 .text.Syslog_Fatal
                0x0000000008003748       0x38 obj/Release/src/diagnostics/syslog.o
                0x0000000008003748                Syslog_Fatal
 .text.Syslog_Warning
                0x0000000008003780       0x6c obj/Release/src/diagnostics/syslog.o
                0x0000000008003780                Syslog_Warning
 .text.Syslog_Info
                0x00000000080037ec       0x68 obj/Release/src/diagnostics/syslog.o
                0x00000000080037ec                Syslog_Info
 .text.show_syslog
                0x0000000008003854      0x130 obj/Release/src/diagnostics/syslog.o
                0x0000000008003854                show_syslog
 .text.send_syslog
                0x0000000008003984       0x20 obj/Release/src/diagnostics/syslog.o
                0x0000000008003984                send_syslog
 .text.update_load_transient_comp
                0x00000000080039a4       0x16 obj/Release/src/fueling/accel_comp.o
                0x00000000080039a4                update_load_transient_comp
 .text.disable_legacy_AE
                0x00000000080039ba       0x46 obj/Release/src/fueling/accel_comp.o
                0x00000000080039ba                disable_legacy_AE
 .text.update_legacy_AE
                0x0000000008003a00      0x350 obj/Release/src/fueling/accel_comp.o
                0x0000000008003a00                update_legacy_AE
 .text.load_Fueling_Setup
                0x0000000008003d50       0x10 obj/Release/src/fueling/fueling_config.o
                0x0000000008003d50                load_Fueling_Setup
 .text.store_Fueling_Setup
                0x0000000008003d60       0x10 obj/Release/src/fueling/fueling_config.o
                0x0000000008003d60                store_Fueling_Setup
 .text.show_Fueling_Setup
                0x0000000008003d70      0x320 obj/Release/src/fueling/fueling_config.o
                0x0000000008003d70                show_Fueling_Setup
 .text.modify_Fueling_Setup
                0x0000000008004090       0x18 obj/Release/src/fueling/fueling_config.o
                0x0000000008004090                modify_Fueling_Setup
 .text.send_Fueling_Setup
                0x00000000080040a8        0xc obj/Release/src/fueling/fueling_config.o
                0x00000000080040a8                send_Fueling_Setup
 .text.load_AccelCompTableTPS
                0x00000000080040b4       0x10 obj/Release/src/fueling/fueling_config.o
                0x00000000080040b4                load_AccelCompTableTPS
 .text.store_AccelCompTableTPS
                0x00000000080040c4       0x10 obj/Release/src/fueling/fueling_config.o
                0x00000000080040c4                store_AccelCompTableTPS
 .text.show_AccelCompTableTPS
                0x00000000080040d4       0x20 obj/Release/src/fueling/fueling_config.o
                0x00000000080040d4                show_AccelCompTableTPS
 .text.modify_AccelCompTableTPS
                0x00000000080040f4       0x10 obj/Release/src/fueling/fueling_config.o
                0x00000000080040f4                modify_AccelCompTableTPS
 .text.send_AccelCompTableTPS
                0x0000000008004104        0xc obj/Release/src/fueling/fueling_config.o
                0x0000000008004104                send_AccelCompTableTPS
 .text.getValue_AccelCompTableTPS
                0x0000000008004110        0xc obj/Release/src/fueling/fueling_config.o
                0x0000000008004110                getValue_AccelCompTableTPS
 .text.load_AccelCompTableMAP
                0x000000000800411c       0x10 obj/Release/src/fueling/fueling_config.o
                0x000000000800411c                load_AccelCompTableMAP
 .text.store_AccelCompTableMAP
                0x000000000800412c       0x10 obj/Release/src/fueling/fueling_config.o
                0x000000000800412c                store_AccelCompTableMAP
 .text.show_AccelCompTableMAP
                0x000000000800413c       0x20 obj/Release/src/fueling/fueling_config.o
                0x000000000800413c                show_AccelCompTableMAP
 .text.modify_AccelCompTableMAP
                0x000000000800415c       0x10 obj/Release/src/fueling/fueling_config.o
                0x000000000800415c                modify_AccelCompTableMAP
 .text.send_AccelCompTableMAP
                0x000000000800416c        0xc obj/Release/src/fueling/fueling_config.o
                0x000000000800416c                send_AccelCompTableMAP
 .text.getValue_AccelCompTableMAP
                0x0000000008004178        0xc obj/Release/src/fueling/fueling_config.o
                0x0000000008004178                getValue_AccelCompTableMAP
 .text.load_WarmUpCompTable
                0x0000000008004184       0x10 obj/Release/src/fueling/fueling_config.o
                0x0000000008004184                load_WarmUpCompTable
 .text.store_WarmUpCompTable
                0x0000000008004194       0x10 obj/Release/src/fueling/fueling_config.o
                0x0000000008004194                store_WarmUpCompTable
 .text.show_WarmUpCompTable
                0x00000000080041a4       0x20 obj/Release/src/fueling/fueling_config.o
                0x00000000080041a4                show_WarmUpCompTable
 .text.modify_WarmUpCompTable
                0x00000000080041c4       0x10 obj/Release/src/fueling/fueling_config.o
                0x00000000080041c4                modify_WarmUpCompTable
 .text.send_WarmUpCompTable
                0x00000000080041d4        0xc obj/Release/src/fueling/fueling_config.o
                0x00000000080041d4                send_WarmUpCompTable
 .text.getValue_WarmUpCompTable
                0x00000000080041e0       0x18 obj/Release/src/fueling/fueling_config.o
                0x00000000080041e0                getValue_WarmUpCompTable
 .text.load_InjectorTimingTable
                0x00000000080041f8       0x10 obj/Release/src/fueling/fueling_config.o
                0x00000000080041f8                load_InjectorTimingTable
 .text.store_InjectorTimingTable
                0x0000000008004208       0x10 obj/Release/src/fueling/fueling_config.o
                0x0000000008004208                store_InjectorTimingTable
 .text.show_InjectorTimingTable
                0x0000000008004218       0x20 obj/Release/src/fueling/fueling_config.o
                0x0000000008004218                show_InjectorTimingTable
 .text.modify_InjectorTimingTable
                0x0000000008004238       0x10 obj/Release/src/fueling/fueling_config.o
                0x0000000008004238                modify_InjectorTimingTable
 .text.send_InjectorTimingTable
                0x0000000008004248        0xc obj/Release/src/fueling/fueling_config.o
                0x0000000008004248                send_InjectorTimingTable
 .text.getValue_InjectorTimingTable
                0x0000000008004254       0x18 obj/Release/src/fueling/fueling_config.o
                0x0000000008004254                getValue_InjectorTimingTable
 .text.load_CrankingFuelTable
                0x000000000800426c       0x10 obj/Release/src/fueling/fueling_config.o
                0x000000000800426c                load_CrankingFuelTable
 .text.show_CrankingFuelTable
                0x000000000800427c       0x20 obj/Release/src/fueling/fueling_config.o
                0x000000000800427c                show_CrankingFuelTable
 .text.modify_CrankingFuelTable
                0x000000000800429c       0x10 obj/Release/src/fueling/fueling_config.o
                0x000000000800429c                modify_CrankingFuelTable
 .text.send_CrankingFuelTable
                0x00000000080042ac        0xc obj/Release/src/fueling/fueling_config.o
                0x00000000080042ac                send_CrankingFuelTable
 .text.getValue_CrankingFuelTable
                0x00000000080042b8        0xc obj/Release/src/fueling/fueling_config.o
                0x00000000080042b8                getValue_CrankingFuelTable
 .text.load_BAROtable
                0x00000000080042c4       0x10 obj/Release/src/fueling/fueling_config.o
                0x00000000080042c4                load_BAROtable
 .text.store_BAROtable
                0x00000000080042d4       0x10 obj/Release/src/fueling/fueling_config.o
                0x00000000080042d4                store_BAROtable
 .text.show_BAROtable
                0x00000000080042e4       0x20 obj/Release/src/fueling/fueling_config.o
                0x00000000080042e4                show_BAROtable
 .text.modify_BAROtable
                0x0000000008004304       0x10 obj/Release/src/fueling/fueling_config.o
                0x0000000008004304                modify_BAROtable
 .text.send_BAROtable
                0x0000000008004314        0xc obj/Release/src/fueling/fueling_config.o
                0x0000000008004314                send_BAROtable
 .text.getValue_BAROtable
                0x0000000008004320       0x30 obj/Release/src/fueling/fueling_config.o
                0x0000000008004320                getValue_BAROtable
 .text.load_ChargeTempMap
                0x0000000008004350       0x10 obj/Release/src/fueling/fueling_config.o
                0x0000000008004350                load_ChargeTempMap
 .text.load_Fueling_Config
                0x0000000008004360       0x88 obj/Release/src/fueling/fueling_config.o
                0x0000000008004360                load_Fueling_Config
 .text.store_ChargeTempMap
                0x00000000080043e8       0x10 obj/Release/src/fueling/fueling_config.o
                0x00000000080043e8                store_ChargeTempMap
 .text.show_ChargeTempMap
                0x00000000080043f8       0x20 obj/Release/src/fueling/fueling_config.o
                0x00000000080043f8                show_ChargeTempMap
 .text.modify_ChargeTempMap
                0x0000000008004418       0x10 obj/Release/src/fueling/fueling_config.o
                0x0000000008004418                modify_ChargeTempMap
 .text.send_ChargeTempMap
                0x0000000008004428        0xc obj/Release/src/fueling/fueling_config.o
                0x0000000008004428                send_ChargeTempMap
 .text.getValue_ChargeTempMap
                0x0000000008004434       0x3c obj/Release/src/fueling/fueling_config.o
                0x0000000008004434                getValue_ChargeTempMap
 .text.update_fuel_mass_afterstart_correction
                0x0000000008004470       0xa0 obj/Release/src/fueling/fueling_corrections.o
                0x0000000008004470                update_fuel_mass_afterstart_correction
 .text.update_fuel_mass_warmup_correction
                0x0000000008004510       0x5c obj/Release/src/fueling/fueling_corrections.o
                0x0000000008004510                update_fuel_mass_warmup_correction
 .text.update_fuel_mass_barometric_correction
                0x000000000800456c       0x98 obj/Release/src/fueling/fueling_corrections.o
                0x000000000800456c                update_fuel_mass_barometric_correction
 .text.update_fuel_mass_corrections
                0x0000000008004604       0x1c obj/Release/src/fueling/fueling_corrections.o
                0x0000000008004604                update_fuel_mass_corrections
 .text.fueling_diag_log_event
                0x0000000008004620       0x28 obj/Release/src/fueling/fueling_diag.o
                0x0000000008004620                fueling_diag_log_event
 .text.print_fueling_diag
                0x0000000008004648       0x68 obj/Release/src/fueling/fueling_diag.o
                0x0000000008004648                print_fueling_diag
 .text.set_injector1_powered
                0x00000000080046b0       0x2c obj/Release/src/fueling/fueling_hw.o
                0x00000000080046b0                set_injector1_powered
 .text.set_injector1_unpowered
                0x00000000080046dc       0x2c obj/Release/src/fueling/fueling_hw.o
                0x00000000080046dc                set_injector1_unpowered
 .text.set_injector2_powered
                0x0000000008004708       0x2c obj/Release/src/fueling/fueling_hw.o
                0x0000000008004708                set_injector2_powered
 .text.set_injector2_unpowered
                0x0000000008004734       0x2c obj/Release/src/fueling/fueling_hw.o
                0x0000000008004734                set_injector2_unpowered
 .text.set_fuel_pump_powered
                0x0000000008004760       0x2c obj/Release/src/fueling/fueling_hw.o
                0x0000000008004760                set_fuel_pump_powered
 .text.set_fuel_pump_unpowered
                0x000000000800478c       0x24 obj/Release/src/fueling/fueling_hw.o
                0x000000000800478c                set_fuel_pump_unpowered
 .text.set_injector1
                0x00000000080047b0       0x34 obj/Release/src/fueling/fueling_hw.o
                0x00000000080047b0                set_injector1
 .text.set_injector2
                0x00000000080047e4       0x34 obj/Release/src/fueling/fueling_hw.o
                0x00000000080047e4                set_injector2
 .text.set_fuel_pump
                0x0000000008004818        0xc obj/Release/src/fueling/fueling_hw.o
                0x0000000008004818                set_fuel_pump
 .text.init_fueling_hw
                0x0000000008004824       0x5c obj/Release/src/fueling/fueling_hw.o
                0x0000000008004824                init_fueling_hw
 .text.update_injector_deadtime
                0x0000000008004880       0x38 obj/Release/src/fueling/injector_parameters.o
                0x0000000008004880                update_injector_deadtime
 .text.update_injector_intervals_sequential
                0x00000000080048b8       0xfc obj/Release/src/fueling/injector_parameters.o
                0x00000000080048b8                update_injector_intervals_sequential
 .text.update_injector_intervals_batch
                0x00000000080049b4       0xf8 obj/Release/src/fueling/injector_parameters.o
                0x00000000080049b4                update_injector_intervals_batch
 .text.init_Fueling
                0x0000000008004aac       0x54 obj/Release/src/fueling/Tuareg_fueling.o
                0x0000000008004aac                init_Fueling
 .text.Tuareg_fueling_update_crankpos_handler
                0x0000000008004b00      0x100 obj/Release/src/fueling/Tuareg_fueling.o
                0x0000000008004b00                Tuareg_fueling_update_crankpos_handler
 .text.invalid_fueling_controls
                0x0000000008004c00       0x2e obj/Release/src/fueling/Tuareg_fueling_controls.o
                0x0000000008004c00                invalid_fueling_controls
 *fill*         0x0000000008004c2e        0x2 
 .text.update_air_flow
                0x0000000008004c30       0xdc obj/Release/src/fueling/Tuareg_fueling_controls.o
                0x0000000008004c30                update_air_flow
 .text.update_fuel_mass_cranking
                0x0000000008004d0c       0x74 obj/Release/src/fueling/Tuareg_fueling_controls.o
                0x0000000008004d0c                update_fuel_mass_cranking
 .text.update_base_fuel_mass
                0x0000000008004d80       0x5c obj/Release/src/fueling/Tuareg_fueling_controls.o
                0x0000000008004d80                update_base_fuel_mass
 .text.update_target_fuel_mass
                0x0000000008004ddc      0x120 obj/Release/src/fueling/Tuareg_fueling_controls.o
                0x0000000008004ddc                update_target_fuel_mass
 .text.Tuareg_update_fueling_controls
                0x0000000008004efc      0x134 obj/Release/src/fueling/Tuareg_fueling_controls.o
                0x0000000008004efc                Tuareg_update_fueling_controls
 .text.load_Ignition_Config
                0x0000000008005030       0x4c obj/Release/src/ignition/ignition_config.o
                0x0000000008005030                load_Ignition_Config
 .text.store_Ignition_Setup
                0x000000000800507c       0x10 obj/Release/src/ignition/ignition_config.o
                0x000000000800507c                store_Ignition_Setup
 .text.show_Ignition_Setup
                0x000000000800508c      0x148 obj/Release/src/ignition/ignition_config.o
                0x000000000800508c                show_Ignition_Setup
 .text.modify_Ignition_Setup
                0x00000000080051d4       0x18 obj/Release/src/ignition/ignition_config.o
                0x00000000080051d4                modify_Ignition_Setup
 .text.send_Ignition_Setup
                0x00000000080051ec        0xc obj/Release/src/ignition/ignition_config.o
                0x00000000080051ec                send_Ignition_Setup
 .text.store_ignDwellTable
                0x00000000080051f8       0x10 obj/Release/src/ignition/ignition_config.o
                0x00000000080051f8                store_ignDwellTable
 .text.show_ignDwellTable
                0x0000000008005208       0x20 obj/Release/src/ignition/ignition_config.o
                0x0000000008005208                show_ignDwellTable
 .text.modify_ignDwellTable
                0x0000000008005228       0x10 obj/Release/src/ignition/ignition_config.o
                0x0000000008005228                modify_ignDwellTable
 .text.send_ignDwellTable
                0x0000000008005238        0xc obj/Release/src/ignition/ignition_config.o
                0x0000000008005238                send_ignDwellTable
 .text.getValue_ignDwellTable
                0x0000000008005244       0x14 obj/Release/src/ignition/ignition_config.o
                0x0000000008005244                getValue_ignDwellTable
 .text.ignition_diag_log_event
                0x0000000008005258       0x28 obj/Release/src/ignition/ignition_diag.o
                0x0000000008005258                ignition_diag_log_event
 .text.print_ignition_diag
                0x0000000008005280       0x68 obj/Release/src/ignition/ignition_diag.o
                0x0000000008005280                print_ignition_diag
 .text.set_coil1_powered
                0x00000000080052e8       0x2c obj/Release/src/ignition/ignition_hw.o
                0x00000000080052e8                set_coil1_powered
 .text.set_coil1_unpowered
                0x0000000008005314       0x24 obj/Release/src/ignition/ignition_hw.o
                0x0000000008005314                set_coil1_unpowered
 .text.set_coil2_powered
                0x0000000008005338       0x2c obj/Release/src/ignition/ignition_hw.o
                0x0000000008005338                set_coil2_powered
 .text.set_coil2_unpowered
                0x0000000008005364       0x24 obj/Release/src/ignition/ignition_hw.o
                0x0000000008005364                set_coil2_unpowered
 .text.set_ignition_ch1
                0x0000000008005388       0x34 obj/Release/src/ignition/ignition_hw.o
                0x0000000008005388                set_ignition_ch1
 .text.set_ignition_ch2
                0x00000000080053bc       0x34 obj/Release/src/ignition/ignition_hw.o
                0x00000000080053bc                set_ignition_ch2
 .text.init_ignition_hw
                0x00000000080053f0       0x3c obj/Release/src/ignition/ignition_hw.o
                0x00000000080053f0                init_ignition_hw
 .text.init_Ignition
                0x000000000800542c       0x5c obj/Release/src/ignition/Tuareg_ignition.o
                0x000000000800542c                init_Ignition
 .text.Tuareg_ignition_update_crankpos_handler
                0x0000000008005488      0x188 obj/Release/src/ignition/Tuareg_ignition.o
                0x0000000008005488                Tuareg_ignition_update_crankpos_handler
 .text.clear_ignition_controls
                0x0000000008005610       0x16 obj/Release/src/ignition/Tuareg_ignition_controls.o
                0x0000000008005610                clear_ignition_controls
 *fill*         0x0000000008005626        0x2 
 .text.cranking_ignition_controls
                0x0000000008005628       0x44 obj/Release/src/ignition/Tuareg_ignition_controls.o
                0x0000000008005628                cranking_ignition_controls
 .text.dynamic_ignition_controls
                0x000000000800566c      0x254 obj/Release/src/ignition/Tuareg_ignition_controls.o
                0x000000000800566c                dynamic_ignition_controls
 .text.Tuareg_update_ignition_controls
                0x00000000080058c0       0x4c obj/Release/src/ignition/Tuareg_ignition_controls.o
                0x00000000080058c0                Tuareg_update_ignition_controls
 .text.startup.main
                0x000000000800590c       0x78 obj/Release/src/main/main.o
                0x000000000800590c                main
 .text.EXTI2_IRQHandler
                0x0000000008005984       0x94 obj/Release/src/main/main.o
                0x0000000008005984                EXTI2_IRQHandler
 .text.Tuareg_load_config
                0x0000000008005a18       0x4c obj/Release/src/main/Tuareg.o
                0x0000000008005a18                Tuareg_load_config
 .text.Tuareg_Init
                0x0000000008005a64       0xd4 obj/Release/src/main/Tuareg.o
                0x0000000008005a64                Tuareg_Init
 .text.Tuareg_update_run_allow
                0x0000000008005b38      0x170 obj/Release/src/main/Tuareg.o
                0x0000000008005b38                Tuareg_update_run_allow
 .text.Tuareg_update_limited_op
                0x0000000008005ca8       0x50 obj/Release/src/main/Tuareg.o
                0x0000000008005ca8                Tuareg_update_limited_op
 .text.Tuareg_update_rev_limiter
                0x0000000008005cf8       0x68 obj/Release/src/main/Tuareg.o
                0x0000000008005cf8                Tuareg_update_rev_limiter
 .text.Tuareg_update_standby
                0x0000000008005d60       0x30 obj/Release/src/main/Tuareg.o
                0x0000000008005d60                Tuareg_update_standby
 .text.Tuareg_update_cranking
                0x0000000008005d90       0x74 obj/Release/src/main/Tuareg.o
                0x0000000008005d90                Tuareg_update_cranking
 .text.Tuareg_update_fuel_pump_control
                0x0000000008005e04       0x64 obj/Release/src/main/Tuareg.o
                0x0000000008005e04                Tuareg_update_fuel_pump_control
 .text.Tuareg_deactivate_vital_actors
                0x0000000008005e68       0x50 obj/Release/src/main/Tuareg.o
                0x0000000008005e68                Tuareg_deactivate_vital_actors
 .text.Tuareg_update_systick
                0x0000000008005eb8       0x68 obj/Release/src/main/Tuareg.o
                0x0000000008005eb8                Tuareg_update_systick
 .text.store_Tuareg_Setup
                0x0000000008005f20       0x10 obj/Release/src/main/Tuareg_config.o
                0x0000000008005f20                store_Tuareg_Setup
 .text.show_Tuareg_Setup
                0x0000000008005f30      0x1e0 obj/Release/src/main/Tuareg_config.o
                0x0000000008005f30                show_Tuareg_Setup
 .text.modify_Tuareg_Setup
                0x0000000008006110       0x18 obj/Release/src/main/Tuareg_config.o
                0x0000000008006110                modify_Tuareg_Setup
 .text.send_Tuareg_Setup
                0x0000000008006128        0xc obj/Release/src/main/Tuareg_config.o
                0x0000000008006128                send_Tuareg_Setup
 .text.load_TachTable
                0x0000000008006134       0x10 obj/Release/src/main/Tuareg_config.o
                0x0000000008006134                load_TachTable
 .text.load_Tuareg_Config
                0x0000000008006144       0x38 obj/Release/src/main/Tuareg_config.o
                0x0000000008006144                load_Tuareg_Config
 .text.store_TachTable
                0x000000000800617c       0x10 obj/Release/src/main/Tuareg_config.o
                0x000000000800617c                store_TachTable
 .text.show_TachTable
                0x000000000800618c       0x20 obj/Release/src/main/Tuareg_config.o
                0x000000000800618c                show_TachTable
 .text.modify_TachTable
                0x00000000080061ac       0x10 obj/Release/src/main/Tuareg_config.o
                0x00000000080061ac                modify_TachTable
 .text.send_TachTable
                0x00000000080061bc        0xc obj/Release/src/main/Tuareg_config.o
                0x00000000080061bc                send_TachTable
 .text.getValue_TachTable
                0x00000000080061c8       0x20 obj/Release/src/main/Tuareg_config.o
                0x00000000080061c8                getValue_TachTable
 .text.tuareg_diag_log_event
                0x00000000080061e8       0x28 obj/Release/src/main/Tuareg_diag.o
                0x00000000080061e8                tuareg_diag_log_event
 .text.print_tuareg_diag
                0x0000000008006210       0x68 obj/Release/src/main/Tuareg_diag.o
                0x0000000008006210                print_tuareg_diag
 .text.Fatal    0x0000000008006278       0x74 obj/Release/src/main/Tuareg_errors.o
                0x0000000008006278                Fatal
 .text.VitalAssert
                0x00000000080062ec        0xe obj/Release/src/main/Tuareg_errors.o
                0x00000000080062ec                VitalAssert
 *fill*         0x00000000080062fa        0x2 
 .text.Limp     0x00000000080062fc       0x50 obj/Release/src/main/Tuareg_errors.o
                0x00000000080062fc                Limp
 .text.print_Tuareg_ID_label
                0x000000000800634c       0x30 obj/Release/src/main/Tuareg_ID.o
                0x000000000800634c                print_Tuareg_ID_label
 .text.Tuareg_update_process_data
                0x000000000800637c      0x16c obj/Release/src/main/Tuareg_process_data.o
                0x000000000800637c                Tuareg_update_process_data
 .text.Tuareg_update_consumption_data
                0x00000000080064e8       0xa0 obj/Release/src/main/Tuareg_process_data.o
                0x00000000080064e8                Tuareg_update_consumption_data
 .text.Tuareg_update_trip
                0x0000000008006588       0x30 obj/Release/src/main/Tuareg_process_data.o
                0x0000000008006588                Tuareg_update_trip
 .text.Tuareg_update_runtime
                0x00000000080065b8       0x58 obj/Release/src/main/Tuareg_process_data.o
                0x00000000080065b8                Tuareg_update_runtime
 .text.request_service_mode
                0x0000000008006610       0x2c obj/Release/src/main/Tuareg_service_functions.o
                0x0000000008006610                request_service_mode
 .text.activate_fuel_pump
                0x000000000800663c       0x5c obj/Release/src/main/Tuareg_service_functions.o
                0x000000000800663c                activate_fuel_pump
 .text.deactivate_fuel_pump
                0x0000000008006698       0x28 obj/Release/src/main/Tuareg_service_functions.o
                0x0000000008006698                deactivate_fuel_pump
 .text.fuel_pump_periodic_update
                0x00000000080066c0       0x1c obj/Release/src/main/Tuareg_service_functions.o
                0x00000000080066c0                fuel_pump_periodic_update
 .text.activate_injector1
                0x00000000080066dc       0x6c obj/Release/src/main/Tuareg_service_functions.o
                0x00000000080066dc                activate_injector1
 .text.deactivate_injector1
                0x0000000008006748       0x2c obj/Release/src/main/Tuareg_service_functions.o
                0x0000000008006748                deactivate_injector1
 .text.injector1_periodic_update
                0x0000000008006774       0x54 obj/Release/src/main/Tuareg_service_functions.o
                0x0000000008006774                injector1_periodic_update
 .text.activate_injector2
                0x00000000080067c8       0x6c obj/Release/src/main/Tuareg_service_functions.o
                0x00000000080067c8                activate_injector2
 .text.deactivate_injector2
                0x0000000008006834       0x2c obj/Release/src/main/Tuareg_service_functions.o
                0x0000000008006834                deactivate_injector2
 .text.injector2_periodic_update
                0x0000000008006860       0x54 obj/Release/src/main/Tuareg_service_functions.o
                0x0000000008006860                injector2_periodic_update
 .text.activate_coil1
                0x00000000080068b4       0x8c obj/Release/src/main/Tuareg_service_functions.o
                0x00000000080068b4                activate_coil1
 .text.deactivate_coil1
                0x0000000008006940       0x2c obj/Release/src/main/Tuareg_service_functions.o
                0x0000000008006940                deactivate_coil1
 .text.coil1_periodic_update
                0x000000000800696c       0x54 obj/Release/src/main/Tuareg_service_functions.o
                0x000000000800696c                coil1_periodic_update
 .text.activate_coil2
                0x00000000080069c0       0x8c obj/Release/src/main/Tuareg_service_functions.o
                0x00000000080069c0                activate_coil2
 .text.deactivate_coil2
                0x0000000008006a4c       0x2c obj/Release/src/main/Tuareg_service_functions.o
                0x0000000008006a4c                deactivate_coil2
 .text.coil2_periodic_update
                0x0000000008006a78       0x54 obj/Release/src/main/Tuareg_service_functions.o
                0x0000000008006a78                coil2_periodic_update
 .text.service_functions_periodic_update
                0x0000000008006acc       0x40 obj/Release/src/main/Tuareg_service_functions.o
                0x0000000008006acc                service_functions_periodic_update
 .text.activate_tachometer
                0x0000000008006b0c       0x38 obj/Release/src/main/Tuareg_service_functions.o
                0x0000000008006b0c                activate_tachometer
 .text.deactivate_tachometer
                0x0000000008006b44       0x14 obj/Release/src/main/Tuareg_service_functions.o
                0x0000000008006b44                deactivate_tachometer
 .text.request_service_activation
                0x0000000008006b58       0xb4 obj/Release/src/main/Tuareg_service_functions.o
                0x0000000008006b58                request_service_activation
 .text.update_process_table
                0x0000000008006c0c       0xc0 obj/Release/src/process_table/process_table.o
                0x0000000008006c0c                update_process_table
 .text.print_process_table
                0x0000000008006ccc       0x9c obj/Release/src/process_table/process_table.o
                0x0000000008006ccc                print_process_table
 .text.sensors_start_regular_group_conversion
                0x0000000008006d68        0xc obj/Release/src/sensors/analog_sensors.o
                0x0000000008006d68                sensors_start_regular_group_conversion
 .text.sensors_start_injected_group_conversion
                0x0000000008006d74        0xc obj/Release/src/sensors/analog_sensors.o
                0x0000000008006d74                sensors_start_injected_group_conversion
 .text.init_analog_sensors
                0x0000000008006d80      0x2d8 obj/Release/src/sensors/analog_sensors.o
                0x0000000008006d80                init_analog_sensors
 .text.update_analog_sensor
                0x0000000008007058       0xdc obj/Release/src/sensors/analog_sensors.o
                0x0000000008007058                update_analog_sensor
 .text.ADC_IRQHandler
                0x0000000008007134       0x6c obj/Release/src/sensors/analog_sensors.o
                0x0000000008007134                ADC_IRQHandler
 .text.DMA2_Stream0_IRQHandler
                0x00000000080071a0       0x9c obj/Release/src/sensors/analog_sensors.o
                0x00000000080071a0                DMA2_Stream0_IRQHandler
 .text.reset_dsensor_integrator
                0x000000000800723c       0x2c obj/Release/src/sensors/digital_sensors.o
                0x000000000800723c                reset_dsensor_integrator
 .text.init_digital_sensors
                0x0000000008007268       0x88 obj/Release/src/sensors/digital_sensors.o
                0x0000000008007268                init_digital_sensors
 .text.read_dsensors
                0x00000000080072f0       0x64 obj/Release/src/sensors/digital_sensors.o
                0x00000000080072f0                read_dsensors
 .text.update_digital_sensors
                0x0000000008007354       0x6c obj/Release/src/sensors/digital_sensors.o
                0x0000000008007354                update_digital_sensors
 .text.load_Sensor_Calibration
                0x00000000080073c0       0x2c obj/Release/src/sensors/sensor_calibration.o
                0x00000000080073c0                load_Sensor_Calibration
 .text.store_Sensor_Calibration
                0x00000000080073ec       0x10 obj/Release/src/sensors/sensor_calibration.o
                0x00000000080073ec                store_Sensor_Calibration
 .text.show_Sensor_Calibration
                0x00000000080073fc       0x30 obj/Release/src/sensors/sensor_calibration.o
                0x00000000080073fc                show_Sensor_Calibration
 .text.modify_Sensor_Calibration
                0x000000000800742c       0x18 obj/Release/src/sensors/sensor_calibration.o
                0x000000000800742c                modify_Sensor_Calibration
 .text.send_Sensor_Calibration
                0x0000000008007444        0xc obj/Release/src/sensors/sensor_calibration.o
                0x0000000008007444                send_Sensor_Calibration
 .text.store_InvTableCLT
                0x0000000008007450       0x10 obj/Release/src/sensors/sensor_calibration.o
                0x0000000008007450                store_InvTableCLT
 .text.show_InvTableCLT
                0x0000000008007460       0x20 obj/Release/src/sensors/sensor_calibration.o
                0x0000000008007460                show_InvTableCLT
 .text.modify_InvTableCLT
                0x0000000008007480       0x10 obj/Release/src/sensors/sensor_calibration.o
                0x0000000008007480                modify_InvTableCLT
 .text.send_InvTableCLT
                0x0000000008007490        0xc obj/Release/src/sensors/sensor_calibration.o
                0x0000000008007490                send_InvTableCLT
 .text.getValue_InvTableCLT
                0x000000000800749c       0x18 obj/Release/src/sensors/sensor_calibration.o
                0x000000000800749c                getValue_InvTableCLT
 .text.sensors_diag_log_event
                0x00000000080074b4       0x28 obj/Release/src/sensors/sensors_diag.o
                0x00000000080074b4                sensors_diag_log_event
 .text.print_sensors_diag
                0x00000000080074dc       0x68 obj/Release/src/sensors/sensors_diag.o
                0x00000000080074dc                print_sensors_diag
 .text.Tuareg_update_MAP_sensor
                0x0000000008007544       0x5c obj/Release/src/sensors/Tuareg_sensors.o
                0x0000000008007544                Tuareg_update_MAP_sensor
 .text.Tuareg_update_O2_sensor
                0x00000000080075a0       0x54 obj/Release/src/sensors/Tuareg_sensors.o
                0x00000000080075a0                Tuareg_update_O2_sensor
 .text.Tuareg_update_TPS_sensor
                0x00000000080075f4       0x54 obj/Release/src/sensors/Tuareg_sensors.o
                0x00000000080075f4                Tuareg_update_TPS_sensor
 .text.Tuareg_update_IAT_sensor
                0x0000000008007648       0x64 obj/Release/src/sensors/Tuareg_sensors.o
                0x0000000008007648                Tuareg_update_IAT_sensor
 .text.Tuareg_update_CLT_sensor
                0x00000000080076ac       0x68 obj/Release/src/sensors/Tuareg_sensors.o
                0x00000000080076ac                Tuareg_update_CLT_sensor
 .text.Tuareg_update_VBAT_sensor
                0x0000000008007714       0x58 obj/Release/src/sensors/Tuareg_sensors.o
                0x0000000008007714                Tuareg_update_VBAT_sensor
 .text.Tuareg_update_KNOCK_sensor
                0x000000000800776c       0x58 obj/Release/src/sensors/Tuareg_sensors.o
                0x000000000800776c                Tuareg_update_KNOCK_sensor
 .text.Tuareg_update_BARO_sensor
                0x00000000080077c4       0x5c obj/Release/src/sensors/Tuareg_sensors.o
                0x00000000080077c4                Tuareg_update_BARO_sensor
 .text.Tuareg_update_GEAR_sensor
                0x0000000008007820       0x74 obj/Release/src/sensors/Tuareg_sensors.o
                0x0000000008007820                Tuareg_update_GEAR_sensor
 .text.init_Sensors
                0x0000000008007894       0xf0 obj/Release/src/sensors/Tuareg_sensors.o
                0x0000000008007894                init_Sensors
 .text.adc_set_regular_group
                0x0000000008007984       0x6e obj/Release/src/stm32_libs/stm32f4xx/boctok/stm32f4xx_adc_boctok.o
                0x0000000008007984                adc_set_regular_group
 .text.adc_set_regular_group_length
                0x00000000080079f2       0x18 obj/Release/src/stm32_libs/stm32f4xx/boctok/stm32f4xx_adc_boctok.o
                0x00000000080079f2                adc_set_regular_group_length
 .text.adc_set_sample_time
                0x0000000008007a0a       0x3c obj/Release/src/stm32_libs/stm32f4xx/boctok/stm32f4xx_adc_boctok.o
                0x0000000008007a0a                adc_set_sample_time
 .text.adc_start_regular_group
                0x0000000008007a46        0xa obj/Release/src/stm32_libs/stm32f4xx/boctok/stm32f4xx_adc_boctok.o
                0x0000000008007a46                adc_start_regular_group
 .text.adc_start_injected_group
                0x0000000008007a50        0xa obj/Release/src/stm32_libs/stm32f4xx/boctok/stm32f4xx_adc_boctok.o
                0x0000000008007a50                adc_start_injected_group
 *fill*         0x0000000008007a5a        0x2 
 .text.getScbDump
                0x0000000008007a5c       0x24 obj/Release/src/stm32_libs/stm32f4xx/boctok/stm32f4xx_fault_handler_boctok.o
                0x0000000008007a5c                getScbDump
 .text.getStackRegisters
                0x0000000008007a80       0x30 obj/Release/src/stm32_libs/stm32f4xx/boctok/stm32f4xx_fault_handler_boctok.o
                0x0000000008007a80                getStackRegisters
 .text.HardFault_Handler
                0x0000000008007ab0       0x28 obj/Release/src/stm32_libs/stm32f4xx/boctok/stm32f4xx_fault_handler_boctok.o
                0x0000000008007ab0                HardFault_Handler
 .text.NMI_Handler
                0x0000000008007ad8       0x28 obj/Release/src/stm32_libs/stm32f4xx/boctok/stm32f4xx_fault_handler_boctok.o
                0x0000000008007ad8                NMI_Handler
 .text.MemManage_Handler
                0x0000000008007b00       0x28 obj/Release/src/stm32_libs/stm32f4xx/boctok/stm32f4xx_fault_handler_boctok.o
                0x0000000008007b00                MemManage_Handler
 .text.BusFault_Handler
                0x0000000008007b28       0x28 obj/Release/src/stm32_libs/stm32f4xx/boctok/stm32f4xx_fault_handler_boctok.o
                0x0000000008007b28                BusFault_Handler
 .text.UsageFault_Handler
                0x0000000008007b50       0x28 obj/Release/src/stm32_libs/stm32f4xx/boctok/stm32f4xx_fault_handler_boctok.o
                0x0000000008007b50                UsageFault_Handler
 .text.SVC_Handler
                0x0000000008007b78       0x28 obj/Release/src/stm32_libs/stm32f4xx/boctok/stm32f4xx_fault_handler_boctok.o
                0x0000000008007b78                SVC_Handler
 .text.DebugMon_Handler
                0x0000000008007ba0       0x28 obj/Release/src/stm32_libs/stm32f4xx/boctok/stm32f4xx_fault_handler_boctok.o
                0x0000000008007ba0                DebugMon_Handler
 .text.PendSV_Handler
                0x0000000008007bc8       0x28 obj/Release/src/stm32_libs/stm32f4xx/boctok/stm32f4xx_fault_handler_boctok.o
                0x0000000008007bc8                PendSV_Handler
 .text.WWDG_IRQHandler
                0x0000000008007bf0       0x28 obj/Release/src/stm32_libs/stm32f4xx/boctok/stm32f4xx_fault_handler_boctok.o
                0x0000000008007bf0                WWDG_IRQHandler
 .text.FPU_IRQHandler
                0x0000000008007c18       0x28 obj/Release/src/stm32_libs/stm32f4xx/boctok/stm32f4xx_fault_handler_boctok.o
                0x0000000008007c18                FPU_IRQHandler
 .text.GPIO_configure
                0x0000000008007c40       0x6c obj/Release/src/stm32_libs/stm32f4xx/boctok/stm32f4xx_gpio_boctok.o
                0x0000000008007c40                GPIO_configure
 .text.SYSCFG_map_EXTI
                0x0000000008007cac       0x98 obj/Release/src/stm32_libs/stm32f4xx/boctok/stm32f4xx_gpio_boctok.o
                0x0000000008007cac                SYSCFG_map_EXTI
 .text.gpio_set_pin
                0x0000000008007d44       0x36 obj/Release/src/stm32_libs/stm32f4xx/boctok/stm32f4xx_gpio_boctok.o
                0x0000000008007d44                gpio_set_pin
 .text.GPIO_SetAF
                0x0000000008007d7a       0x44 obj/Release/src/stm32_libs/stm32f4xx/boctok/stm32f4xx_gpio_boctok.o
                0x0000000008007d7a                GPIO_SetAF
 *fill*         0x0000000008007dbe        0x2 
 .text.Reset_Handler
                0x0000000008007dc0       0x50 obj/Release/src/stm32_libs/stm32f4xx/cmsis/startup_stm32f410xx.o
                0x0000000008007dc0                Reset_Handler
 .text.Default_Handler
                0x0000000008007e10        0x2 obj/Release/src/stm32_libs/stm32f4xx/cmsis/startup_stm32f410xx.o
                0x0000000008007e10                RTC_Alarm_IRQHandler
                0x0000000008007e10                FMPI2C1_EV_IRQHandler
                0x0000000008007e10                TIM1_CC_IRQHandler
                0x0000000008007e10                DMA2_Stream5_IRQHandler
                0x0000000008007e10                DMA1_Stream5_IRQHandler
                0x0000000008007e10                PVD_IRQHandler
                0x0000000008007e10                TAMP_STAMP_IRQHandler
                0x0000000008007e10                EXTI3_IRQHandler
                0x0000000008007e10                I2C2_EV_IRQHandler
                0x0000000008007e10                DMA1_Stream2_IRQHandler
                0x0000000008007e10                DMA2_Stream2_IRQHandler
                0x0000000008007e10                SPI1_IRQHandler
                0x0000000008007e10                TIM6_DAC_IRQHandler
                0x0000000008007e10                DMA2_Stream3_IRQHandler
                0x0000000008007e10                USART6_IRQHandler
                0x0000000008007e10                I2C1_EV_IRQHandler
                0x0000000008007e10                DMA1_Stream6_IRQHandler
                0x0000000008007e10                DMA1_Stream1_IRQHandler
                0x0000000008007e10                RCC_IRQHandler
                0x0000000008007e10                Default_Handler
                0x0000000008007e10                EXTI15_10_IRQHandler
                0x0000000008007e10                DMA1_Stream7_IRQHandler
                0x0000000008007e10                SPI5_IRQHandler
                0x0000000008007e10                DMA2_Stream7_IRQHandler
                0x0000000008007e10                EXTI9_5_IRQHandler
                0x0000000008007e10                RTC_WKUP_IRQHandler
                0x0000000008007e10                SPI2_IRQHandler
                0x0000000008007e10                DMA1_Stream0_IRQHandler
                0x0000000008007e10                FMPI2C1_ER_IRQHandler
                0x0000000008007e10                EXTI4_IRQHandler
                0x0000000008007e10                RNG_IRQHandler
                0x0000000008007e10                TIM1_UP_IRQHandler
                0x0000000008007e10                TIM1_TRG_COM_TIM11_IRQHandler
                0x0000000008007e10                USART2_IRQHandler
                0x0000000008007e10                I2C2_ER_IRQHandler
                0x0000000008007e10                DMA2_Stream1_IRQHandler
                0x0000000008007e10                FLASH_IRQHandler
                0x0000000008007e10                DMA2_Stream4_IRQHandler
                0x0000000008007e10                DMA1_Stream4_IRQHandler
                0x0000000008007e10                I2C1_ER_IRQHandler
                0x0000000008007e10                LPTIM1_IRQHandler
                0x0000000008007e10                DMA2_Stream6_IRQHandler
                0x0000000008007e10                DMA1_Stream3_IRQHandler
 .text._init    0x0000000008007e12        0x2 obj/Release/src/stm32_libs/stm32f4xx/cmsis/system_hse100_stm32f410.o
                0x0000000008007e12                _init
 .text.SystemInit
                0x0000000008007e14       0xf0 obj/Release/src/stm32_libs/stm32f4xx/cmsis/system_hse100_stm32f410.o
                0x0000000008007e14                SystemInit
 .text.NVIC_PriorityGroupConfig
                0x0000000008007f04       0x14 obj/Release/src/stm32_libs/stm32f4xx/spl/misc.o
                0x0000000008007f04                NVIC_PriorityGroupConfig
 .text.DMA_Init
                0x0000000008007f18       0x54 obj/Release/src/stm32_libs/stm32f4xx/spl/stm32f4xx_dma.o
                0x0000000008007f18                DMA_Init
 .text.DMA_StructInit
                0x0000000008007f6c       0x22 obj/Release/src/stm32_libs/stm32f4xx/spl/stm32f4xx_dma.o
                0x0000000008007f6c                DMA_StructInit
 *fill*         0x0000000008007f8e        0x2 
 .text.I2C_Init
                0x0000000008007f90       0xc8 obj/Release/src/stm32_libs/stm32f4xx/spl/stm32f4xx_i2c.o
                0x0000000008007f90                I2C_Init
 .text.I2C_Cmd  0x0000000008008058       0x16 obj/Release/src/stm32_libs/stm32f4xx/spl/stm32f4xx_i2c.o
                0x0000000008008058                I2C_Cmd
 .text.I2C_GenerateSTART
                0x000000000800806e       0x16 obj/Release/src/stm32_libs/stm32f4xx/spl/stm32f4xx_i2c.o
                0x000000000800806e                I2C_GenerateSTART
 .text.I2C_GenerateSTOP
                0x0000000008008084       0x16 obj/Release/src/stm32_libs/stm32f4xx/spl/stm32f4xx_i2c.o
                0x0000000008008084                I2C_GenerateSTOP
 .text.I2C_Send7bitAddress
                0x000000000800809a       0x12 obj/Release/src/stm32_libs/stm32f4xx/spl/stm32f4xx_i2c.o
                0x000000000800809a                I2C_Send7bitAddress
 .text.I2C_AcknowledgeConfig
                0x00000000080080ac       0x16 obj/Release/src/stm32_libs/stm32f4xx/spl/stm32f4xx_i2c.o
                0x00000000080080ac                I2C_AcknowledgeConfig
 .text.I2C_SendData
                0x00000000080080c2        0x4 obj/Release/src/stm32_libs/stm32f4xx/spl/stm32f4xx_i2c.o
                0x00000000080080c2                I2C_SendData
 .text.I2C_ReceiveData
                0x00000000080080c6        0x6 obj/Release/src/stm32_libs/stm32f4xx/spl/stm32f4xx_i2c.o
                0x00000000080080c6                I2C_ReceiveData
 .text.I2C_CheckEvent
                0x00000000080080cc       0x16 obj/Release/src/stm32_libs/stm32f4xx/spl/stm32f4xx_i2c.o
                0x00000000080080cc                I2C_CheckEvent
 .text.I2C_GetFlagStatus
                0x00000000080080e2       0x34 obj/Release/src/stm32_libs/stm32f4xx/spl/stm32f4xx_i2c.o
                0x00000000080080e2                I2C_GetFlagStatus
 .text.I2C_ClearFlag
                0x0000000008008116        0x8 obj/Release/src/stm32_libs/stm32f4xx/spl/stm32f4xx_i2c.o
                0x0000000008008116                I2C_ClearFlag
 *fill*         0x000000000800811e        0x2 
 .text.RCC_GetClocksFreq
                0x0000000008008120       0x88 obj/Release/src/stm32_libs/stm32f4xx/spl/stm32f4xx_rcc.o
                0x0000000008008120                RCC_GetClocksFreq
 .text.USART_Init
                0x00000000080081a8       0xb0 obj/Release/src/stm32_libs/stm32f4xx/spl/stm32f4xx_usart.o
                0x00000000080081a8                USART_Init
 .text.USART_Cmd
                0x0000000008008258       0x16 obj/Release/src/stm32_libs/stm32f4xx/spl/stm32f4xx_usart.o
                0x0000000008008258                USART_Cmd
 .text.USART_ReceiveData
                0x000000000800826e        0x8 obj/Release/src/stm32_libs/stm32f4xx/spl/stm32f4xx_usart.o
                0x000000000800826e                USART_ReceiveData
 .text.USART_ITConfig
                0x0000000008008276       0x32 obj/Release/src/stm32_libs/stm32f4xx/spl/stm32f4xx_usart.o
                0x0000000008008276                USART_ITConfig
 .text.ctrlset_load
                0x00000000080082a8       0x36 obj/Release/src/storage/ctrlset.o
                0x00000000080082a8                ctrlset_load
 .text.ctrlset_store
                0x00000000080082de       0x28 obj/Release/src/storage/ctrlset.o
                0x00000000080082de                ctrlset_store
 .text.ctrlset_modify
                0x0000000008008306       0x2c obj/Release/src/storage/ctrlset.o
                0x0000000008008306                ctrlset_modify
 *fill*         0x0000000008008332        0x2 
 .text.ctrlset_show
                0x0000000008008334       0x68 obj/Release/src/storage/ctrlset.o
                0x0000000008008334                ctrlset_show
 .text.ctrlset_send
                0x000000000800839c       0x18 obj/Release/src/storage/ctrlset.o
                0x000000000800839c                ctrlset_send
 .text.Eeprom_init
                0x00000000080083b4       0xa0 obj/Release/src/storage/eeprom.o
                0x00000000080083b4                Eeprom_init
 .text.eeprom_wait
                0x0000000008008454       0xb0 obj/Release/src/storage/eeprom.o
                0x0000000008008454                eeprom_wait
 .text.eeprom_write_byte
                0x0000000008008504      0x104 obj/Release/src/storage/eeprom.o
                0x0000000008008504                eeprom_write_byte
 .text.eeprom_read_byte
                0x0000000008008608      0x188 obj/Release/src/storage/eeprom.o
                0x0000000008008608                eeprom_read_byte
 .text.eeprom_update_byte
                0x0000000008008790       0x58 obj/Release/src/storage/eeprom.o
                0x0000000008008790                eeprom_update_byte
 .text.Eeprom_load_data
                0x00000000080087e8       0x40 obj/Release/src/storage/eeprom.o
                0x00000000080087e8                Eeprom_load_data
 .text.Eeprom_update_data
                0x0000000008008828       0x38 obj/Release/src/storage/eeprom.o
                0x0000000008008828                Eeprom_update_data
 .text.map_get_domain_x
                0x0000000008008860      0x15a obj/Release/src/storage/map.o
                0x0000000008008860                map_get_domain_x
 .text.map_get_domain_y
                0x00000000080089ba      0x15e obj/Release/src/storage/map.o
                0x00000000080089ba                map_get_domain_y
 .text.map_interpolate
                0x0000000008008b18      0x136 obj/Release/src/storage/map.o
                0x0000000008008b18                map_interpolate
 .text.map_get  0x0000000008008c4e       0x6a obj/Release/src/storage/map.o
                0x0000000008008c4e                map_get
 .text.map_load
                0x0000000008008cb8        0xe obj/Release/src/storage/map.o
                0x0000000008008cb8                map_load
 .text.map_store
                0x0000000008008cc6        0xe obj/Release/src/storage/map.o
                0x0000000008008cc6                map_store
 .text.map_modify
                0x0000000008008cd4       0x10 obj/Release/src/storage/map.o
                0x0000000008008cd4                map_modify
 .text.map_show_axes
                0x0000000008008ce4       0xa0 obj/Release/src/storage/map.o
                0x0000000008008ce4                map_show_axes
 .text.map_show
                0x0000000008008d84        0x8 obj/Release/src/storage/map.o
                0x0000000008008d84                map_show
 .text.map_send
                0x0000000008008d8c        0x8 obj/Release/src/storage/map.o
                0x0000000008008d8c                map_send
 .text.interpolate_t2D
                0x0000000008008d94       0xa8 obj/Release/src/storage/table.o
                0x0000000008008d94                interpolate_t2D
 .text.getValue_table
                0x0000000008008e3c       0xbc obj/Release/src/storage/table.o
                0x0000000008008e3c                getValue_table
 .text.load_table
                0x0000000008008ef8        0xc obj/Release/src/storage/table.o
                0x0000000008008ef8                load_table
 .text.store_table
                0x0000000008008f04        0xc obj/Release/src/storage/table.o
                0x0000000008008f04                store_table
 .text.show_table
                0x0000000008008f10       0x64 obj/Release/src/storage/table.o
                0x0000000008008f10                show_table
 .text.modify_table
                0x0000000008008f74        0xe obj/Release/src/storage/table.o
                0x0000000008008f74                modify_table
 .text.send_table
                0x0000000008008f82        0x6 obj/Release/src/storage/table.o
                0x0000000008008f82                send_table
 .text.allocate_timer_channel_1
                0x0000000008008f88       0x3c obj/Release/src/timing/scheduler.o
                0x0000000008008f88                allocate_timer_channel_1
 .text.reset_timer_channel_1
                0x0000000008008fc4       0x30 obj/Release/src/timing/scheduler.o
                0x0000000008008fc4                reset_timer_channel_1
 .text.allocate_timer_channel_2
                0x0000000008008ff4       0x3c obj/Release/src/timing/scheduler.o
                0x0000000008008ff4                allocate_timer_channel_2
 .text.reset_timer_channel_2
                0x0000000008009030       0x30 obj/Release/src/timing/scheduler.o
                0x0000000008009030                reset_timer_channel_2
 .text.allocate_timer_channel_3
                0x0000000008009060       0x3c obj/Release/src/timing/scheduler.o
                0x0000000008009060                allocate_timer_channel_3
 .text.reset_timer_channel_3
                0x000000000800909c       0x30 obj/Release/src/timing/scheduler.o
                0x000000000800909c                reset_timer_channel_3
 .text.allocate_timer_channel_4
                0x00000000080090cc       0x3c obj/Release/src/timing/scheduler.o
                0x00000000080090cc                allocate_timer_channel_4
 .text.reset_timer_channel_4
                0x0000000008009108       0x30 obj/Release/src/timing/scheduler.o
                0x0000000008009108                reset_timer_channel_4
 .text.init_Vital_Scheduler
                0x0000000008009138       0xd0 obj/Release/src/timing/scheduler.o
                0x0000000008009138                init_Vital_Scheduler
 .text.scheduler_reset_channel
                0x0000000008009208       0x5c obj/Release/src/timing/scheduler.o
                0x0000000008009208                scheduler_reset_channel
 .text.allocate_channel
                0x0000000008009264       0x8c obj/Release/src/timing/scheduler.o
                0x0000000008009264                allocate_channel
 .text.scheduler_set_channel
                0x00000000080092f0      0x108 obj/Release/src/timing/scheduler.o
                0x00000000080092f0                scheduler_set_channel
 .text.TIM5_IRQHandler
                0x00000000080093f8      0x128 obj/Release/src/timing/scheduler.o
                0x00000000080093f8                TIM5_IRQHandler
 .text.scheduler_diag_log_event
                0x0000000008009520       0x28 obj/Release/src/timing/scheduler_diag.o
                0x0000000008009520                scheduler_diag_log_event
 .text.print_scheduler_diag
                0x0000000008009548       0x68 obj/Release/src/timing/scheduler_diag.o
                0x0000000008009548                print_scheduler_diag
 .text.init_systick_timer
                0x00000000080095b0       0x24 obj/Release/src/timing/systick_timer.o
                0x00000000080095b0                init_systick_timer
 .text.get_timestamp_fraction_us
                0x00000000080095d4       0x24 obj/Release/src/timing/systick_timer.o
                0x00000000080095d4                get_timestamp_fraction_us
 .text.SysTick_Handler
                0x00000000080095f8      0x100 obj/Release/src/timing/systick_timer.o
                0x00000000080095f8                SysTick_Handler
 .text.calc_rot_duration_us
                0x00000000080096f8        0xc obj/Release/src/utils/base_calc.o
                0x00000000080096f8                calc_rot_duration_us
 .text.calc_rot_angle_deg
                0x0000000008009704       0x1c obj/Release/src/utils/base_calc.o
                0x0000000008009704                calc_rot_angle_deg
 .text.calc_rpm
                0x0000000008009720       0x20 obj/Release/src/utils/base_calc.o
                0x0000000008009720                calc_rpm
 .text.sub_VU32
                0x0000000008009740       0x14 obj/Release/src/utils/base_calc.o
                0x0000000008009740                sub_VU32
 .text.subtract_U32
                0x0000000008009754        0xa obj/Release/src/utils/base_calc.o
                0x0000000008009754                subtract_U32
 .text.divide_U32
                0x000000000800975e       0x18 obj/Release/src/utils/base_calc.o
                0x000000000800975e                divide_U32
 *fill*         0x0000000008009776        0x2 
 .text.divide_F32
                0x0000000008009778       0x2c obj/Release/src/utils/base_calc.o
                0x0000000008009778                divide_F32
 .text.divide_float
                0x00000000080097a4       0x2a obj/Release/src/utils/base_calc.o
                0x00000000080097a4                divide_float
 .text.crank_position_after
                0x00000000080097ce       0x14 obj/Release/src/utils/base_calc.o
                0x00000000080097ce                crank_position_after
 .text.opposite_phase
                0x00000000080097e2       0x10 obj/Release/src/utils/base_calc.o
                0x00000000080097e2                opposite_phase
 *fill*         0x00000000080097f2        0x2 
 .text.solve_linear
                0x00000000080097f4       0x28 obj/Release/src/utils/base_calc.o
                0x00000000080097f4                solve_linear
 .text.calc_ema
                0x000000000800981c       0x42 obj/Release/src/utils/base_calc.o
                0x000000000800981c                calc_ema
 .text.update_ema_filter
                0x000000000800985e       0x1a obj/Release/src/utils/base_calc.o
                0x000000000800985e                update_ema_filter
 .text.calc_derivative_s
                0x0000000008009878       0x34 obj/Release/src/utils/base_calc.o
                0x0000000008009878                calc_derivative_s
 .text.abs_F32  0x00000000080098ac       0x2c obj/Release/src/utils/base_calc.o
                0x00000000080098ac                abs_F32
 .text.getBit_BF8
                0x00000000080098d8       0x26 obj/Release/src/utils/bitfields.o
                0x00000000080098d8                getBit_BF8
 *fill*         0x00000000080098fe        0x2 
 .text.__libc_init_array
                0x0000000008009900       0x48 /opt/gcc-arm-none-eabi-7-2017-q4-major/bin/../lib/gcc/arm-none-eabi/7.2.1/../../../../arm-none-eabi/lib/thumb/v7e-m/fpv4-sp/hard/libc.a(lib_a-init.o)
                0x0000000008009900                __libc_init_array
 *(.rodata)
 .rodata        0x0000000008009948      0x208 obj/Release/src/decoder/decoder_diag.o
                0x0000000008009948                decoder_diag_legend
 .rodata        0x0000000008009b50      0x32a obj/Release/src/fueling/fueling_diag.o
                0x0000000008009b50                fueling_diag_legend
 .rodata        0x0000000008009e7a      0x1a4 obj/Release/src/ignition/ignition_diag.o
                0x0000000008009e7a                ignition_diag_legend
 .rodata        0x000000000800a01e       0x15 obj/Release/src/main/Tuareg.o
                0x000000000800a01e                Tuareg_Version
 .rodata        0x000000000800a033      0x258 obj/Release/src/main/Tuareg_diag.o
                0x000000000800a033                tuareg_diag_legend
 .rodata        0x000000000800a28b      0x690 obj/Release/src/main/Tuareg_ID.o
                0x000000000800a28b                Tuareg_ID_labels
 .rodata        0x000000000800a91b       0x7d obj/Release/src/sensors/sensors_diag.o
                0x000000000800a91b                sensors_diag_legend
 .rodata        0x000000000800a998      0x433 obj/Release/src/timing/scheduler_diag.o
                0x000000000800a998                scheduler_diag_legend
 *(.rodata*)
 .rodata.Tuareg_update_console.str1.1
                0x000000000800adcb       0x33 obj/Release/src/com/Tuareg_console.o
 .rodata.cli_show_help.str1.1
                0x000000000800adfe      0x165 obj/Release/src/com/Tuareg_console.o
 .rodata.cli_print_sensor_data.str1.1
                0x000000000800af63       0x8c obj/Release/src/com/TunerStudio_service.o
                                         0x8f (size before relaxing)
 .rodata.cli_show_debug_help.str1.1
                0x000000000800afef      0x1b7 obj/Release/src/com/TunerStudio_service.o
 .rodata.cli_show_decoder_interface.str1.1
                0x000000000800b1a6       0xbe obj/Release/src/com/TunerStudio_service.o
 .rodata.cli_show_fueling_controls.str1.1
                0x000000000800b264      0x249 obj/Release/src/com/TunerStudio_service.o
 .rodata.cli_show_ignition_controls.str1.1
                0x000000000800b4ad       0x8a obj/Release/src/com/TunerStudio_service.o
 .rodata.cli_show_process_data.str1.1
                0x000000000800b537       0xb9 obj/Release/src/com/TunerStudio_service.o
 .rodata.ts_debug_features.str1.1
                0x000000000800b5f0       0x2f obj/Release/src/com/TunerStudio_service.o
 .rodata.printf_U8hex.str1.1
                0x000000000800b61f        0x3 obj/Release/src/com/uart_printf.o
 .rodata.printf_crkpos.str1.1