Archive member included to satisfy reference by file (symbol)

/opt/gcc-arm-none-eabi-7-2017-q4-major/bin/../lib/gcc/arm-none-eabi/7.2.1/../../../../arm-none-eabi/lib/thumb/v7e-m/fpv4-sp/hard/libc.a(lib_a-init.o)
                              obj/Release/src/stm32_libs/stm32f4xx/cmsis/startup_stm32f410xx.o (__libc_init_array)

Discarded input sections

 .text          0x0000000000000000        0x0 obj/Release/src/actors/act_hw.o
 .data          0x0000000000000000        0x0 obj/Release/src/actors/act_hw.o
 .bss           0x0000000000000000        0x0 obj/Release/src/actors/act_hw.o
 .text.set_act1
                0x0000000000000000       0x20 obj/Release/src/actors/act_hw.o
 .text.set_act2
                0x0000000000000000       0x20 obj/Release/src/actors/act_hw.o
 .text.init_act_hw
                0x0000000000000000       0x4c obj/Release/src/actors/act_hw.o
 .comment       0x0000000000000000       0x7f obj/Release/src/actors/act_hw.o
 .ARM.attributes
                0x0000000000000000       0x39 obj/Release/src/actors/act_hw.o
 .text          0x0000000000000000        0x0 obj/Release/src/actors/act_logic.o
 .data          0x0000000000000000        0x0 obj/Release/src/actors/act_logic.o
 .bss           0x0000000000000000        0x0 obj/Release/src/actors/act_logic.o
 .text.init_act_logic
                0x0000000000000000        0x2 obj/Release/src/actors/act_logic.o
 .comment       0x0000000000000000       0x7f obj/Release/src/actors/act_logic.o
 .ARM.attributes
                0x0000000000000000       0x39 obj/Release/src/actors/act_logic.o
 .text          0x0000000000000000        0x0 obj/Release/src/com/serial_buffer.o
 .data          0x0000000000000000        0x0 obj/Release/src/com/serial_buffer.o
 .bss           0x0000000000000000        0x0 obj/Release/src/com/serial_buffer.o
 .text          0x0000000000000000        0x0 obj/Release/src/com/serial_monitor.o
 .data          0x0000000000000000        0x0 obj/Release/src/com/serial_monitor.o
 .bss           0x0000000000000000        0x0 obj/Release/src/com/serial_monitor.o
 .comment       0x0000000000000000       0x7f obj/Release/src/com/serial_monitor.o
 .ARM.attributes
                0x0000000000000000       0x39 obj/Release/src/com/serial_monitor.o
 .text          0x0000000000000000        0x0 obj/Release/src/com/Tuareg_console.o
 .data          0x0000000000000000        0x0 obj/Release/src/com/Tuareg_console.o
 .bss           0x0000000000000000        0x0 obj/Release/src/com/Tuareg_console.o
 .rodata.cTSmaxChunkLen
                0x0000000000000000        0x4 obj/Release/src/com/Tuareg_console.o
 .rodata.cTSmaxOffset
                0x0000000000000000        0x4 obj/Release/src/com/Tuareg_console.o
 .text          0x0000000000000000        0x0 obj/Release/src/com/TunerStudio.o
 .data          0x0000000000000000        0x0 obj/Release/src/com/TunerStudio.o
 .bss           0x0000000000000000        0x0 obj/Release/src/com/TunerStudio.o
 .text          0x0000000000000000        0x0 obj/Release/src/com/TunerStudio_outChannel.o
 .data          0x0000000000000000        0x0 obj/Release/src/com/TunerStudio_outChannel.o
 .bss           0x0000000000000000        0x0 obj/Release/src/com/TunerStudio_outChannel.o
 .rodata.cOut_size
                0x0000000000000000        0x4 obj/Release/src/com/TunerStudio_outChannel.o
 .rodata.pOut_data
                0x0000000000000000        0x4 obj/Release/src/com/TunerStudio_outChannel.o
 .text          0x0000000000000000        0x0 obj/Release/src/com/TunerStudio_service.o
 .data          0x0000000000000000        0x0 obj/Release/src/com/TunerStudio_service.o
 .bss           0x0000000000000000        0x0 obj/Release/src/com/TunerStudio_service.o
 .text          0x0000000000000000        0x0 obj/Release/src/com/uart.o
 .data          0x0000000000000000        0x0 obj/Release/src/com/uart.o
 .bss           0x0000000000000000        0x0 obj/Release/src/com/uart.o
 .text.UART_listen
                0x0000000000000000        0xa obj/Release/src/com/uart.o
 .text.UART_nolisten
                0x0000000000000000        0xa obj/Release/src/com/uart.o
 .text          0x0000000000000000        0x0 obj/Release/src/com/uart_printf.o
 .data          0x0000000000000000        0x0 obj/Release/src/com/uart_printf.o
 .bss           0x0000000000000000        0x0 obj/Release/src/com/uart_printf.o
 .text.printf_S
                0x0000000000000000       0x20 obj/Release/src/com/uart_printf.o
 .text.printf_U8
                0x0000000000000000       0x42 obj/Release/src/com/uart_printf.o
 .text.printf_U32hex
                0x0000000000000000       0x30 obj/Release/src/com/uart_printf.o
 .text          0x0000000000000000        0x0 obj/Release/src/dash/dash_hw.o
 .data          0x0000000000000000        0x0 obj/Release/src/dash/dash_hw.o
 .bss           0x0000000000000000        0x0 obj/Release/src/dash/dash_hw.o
 .text          0x0000000000000000        0x0 obj/Release/src/dash/Tuareg_dash.o
[...]
Memory Configuration

Name             Origin             Length             Attributes
FLASH            0x0000000008000000 0x0000000000020000 xr
RAM              0x0000000020000000 0x0000000000008000 xrw
MEMORY_B1        0x0000000060000000 0x0000000000000000 xr
*default*        0x0000000000000000 0xffffffffffffffff

Linker script and memory map

LOAD obj/Release/src/actors/act_hw.o
LOAD obj/Release/src/actors/act_logic.o
LOAD obj/Release/src/com/serial_buffer.o
LOAD obj/Release/src/com/serial_monitor.o
LOAD obj/Release/src/com/Tuareg_console.o
LOAD obj/Release/src/com/TunerStudio.o
LOAD obj/Release/src/com/TunerStudio_outChannel.o
LOAD obj/Release/src/com/TunerStudio_service.o
LOAD obj/Release/src/com/uart.o
LOAD obj/Release/src/com/uart_printf.o
LOAD obj/Release/src/dash/dash_hw.o
LOAD obj/Release/src/dash/Tuareg_dash.o
LOAD obj/Release/src/debug/debug.o
LOAD obj/Release/src/debug/debug_port_messages.o
LOAD obj/Release/src/debug/dwt.o
LOAD obj/Release/src/decoder/decoder_cis.o
LOAD obj/Release/src/decoder/decoder_config.o
LOAD obj/Release/src/decoder/decoder_debug.o
LOAD obj/Release/src/decoder/decoder_diag.o
LOAD obj/Release/src/decoder/decoder_hw.o
LOAD obj/Release/src/decoder/decoder_logic.o
LOAD obj/Release/src/decoder/Tuareg_decoder.o
LOAD obj/Release/src/diagnostics/diagnostics.o
LOAD obj/Release/src/diagnostics/fault_log.o
LOAD obj/Release/src/diagnostics/highspeed_loggers.o
LOAD obj/Release/src/diagnostics/syslog.o
LOAD obj/Release/src/fueling/accel_comp.o
LOAD obj/Release/src/fueling/fueling_config.o
LOAD obj/Release/src/fueling/fueling_corrections.o
LOAD obj/Release/src/fueling/fueling_diag.o
LOAD obj/Release/src/fueling/fueling_hw.o
LOAD obj/Release/src/fueling/injector_parameters.o
LOAD obj/Release/src/fueling/Tuareg_fueling.o
LOAD obj/Release/src/fueling/Tuareg_fueling_controls.o
LOAD obj/Release/src/ignition/ignition_config.o
LOAD obj/Release/src/ignition/ignition_diag.o
LOAD obj/Release/src/ignition/ignition_hw.o
LOAD obj/Release/src/ignition/Tuareg_ignition.o
LOAD obj/Release/src/ignition/Tuareg_ignition_controls.o
LOAD obj/Release/src/main/main.o
LOAD obj/Release/src/main/Tuareg.o
LOAD obj/Release/src/main/Tuareg_config.o
LOAD obj/Release/src/main/Tuareg_diag.o
LOAD obj/Release/src/main/Tuareg_errors.o
LOAD obj/Release/src/main/Tuareg_ID.o
LOAD obj/Release/src/main/Tuareg_process_data.o
LOAD obj/Release/src/main/Tuareg_service_functions.o
LOAD obj/Release/src/main/Tuareg_types.o
LOAD obj/Release/src/module_test/module_test.o
LOAD obj/Release/src/process_table/process_table.o
LOAD obj/Release/src/sensors/analog_sensors.o
LOAD obj/Release/src/sensors/digital_sensors.o
LOAD obj/Release/src/sensors/knock_sensor.o
LOAD obj/Release/src/sensors/sensor_calibration.o
LOAD obj/Release/src/sensors/sensors_diag.o
LOAD obj/Release/src/sensors/Tuareg_sensors.o
LOAD obj/Release/src/stm32_libs/stm32f4xx/boctok/stm32f4xx_adc_boctok.o
LOAD obj/Release/src/stm32_libs/stm32f4xx/boctok/stm32f4xx_fault_handler_boctok.o
LOAD obj/Release/src/stm32_libs/stm32f4xx/boctok/stm32f4xx_gpio_boctok.o
LOAD obj/Release/src/stm32_libs/stm32f4xx/cmsis/startup_stm32f410xx.o
LOAD obj/Release/src/stm32_libs/stm32f4xx/cmsis/system_hse100_stm32f410.o
LOAD obj/Release/src/stm32_libs/stm32f4xx/spl/misc.o
LOAD obj/Release/src/stm32_libs/stm32f4xx/spl/stm32f4xx_dma.o
LOAD obj/Release/src/stm32_libs/stm32f4xx/spl/stm32f4xx_i2c.o
LOAD obj/Release/src/stm32_libs/stm32f4xx/spl/stm32f4xx_rcc.o
LOAD obj/Release/src/stm32_libs/stm32f4xx/spl/stm32f4xx_usart.o
LOAD obj/Release/src/storage/eeprom.o
LOAD obj/Release/src/storage/table.o
LOAD obj/Release/src/timing/lowprio_scheduler.o
LOAD obj/Release/src/timing/scheduler.o
LOAD obj/Release/src/timing/scheduler_diag.o
LOAD obj/Release/src/timing/systick_timer.o
LOAD obj/Release/src/utils/base_calc.o
LOAD obj/Release/src/utils/bitfields.o
LOAD obj/Release/src/utils/conversion.o
                0x0000000020008000                _estack = 0x20008000
                0x0000000000000000                _Min_Heap_Size = 0x0
                0x0000000000000100                _Min_Stack_Size = 0x100

.isr_vector     0x0000000008000000      0x1c8
                0x0000000008000000                . = ALIGN (0x4)
 *(.isr_vector)
 .isr_vector    0x0000000008000000      0x1c8 obj/Release/src/stm32_libs/stm32f4xx/cmsis/startup_stm32f410xx.o
                0x0000000008000000                g_pfnVectors
                0x00000000080001c8                . = ALIGN (0x4)

.text           0x00000000080001c8     0xcb34
                0x00000000080001c8                . = ALIGN (0x4)
 *(.text)
 *(.text*)
 .text.ComRx_Buffer_reset
                0x00000000080001c8       0x3c obj/Release/src/com/serial_buffer.o
                0x00000000080001c8                ComRx_Buffer_reset
 .text.ComRx_Buffer_avail
                0x0000000008000204        0xc obj/Release/src/com/serial_buffer.o
                0x0000000008000204                ComRx_Buffer_avail
 .text.ComRx_Buffer_push
                0x0000000008000210       0x50 obj/Release/src/com/serial_buffer.o
                0x0000000008000210                ComRx_Buffer_push
 .text.ComRx_Buffer_pull
                0x0000000008000260       0x44 obj/Release/src/com/serial_buffer.o
                0x0000000008000260                ComRx_Buffer_pull
 .text.ComRx_Buffer_pull_U16
                0x00000000080002a4       0x30 obj/Release/src/com/serial_buffer.o
                0x00000000080002a4                ComRx_Buffer_pull_U16
 .text.ComRx_Buffer_pull_U32
                0x00000000080002d4       0x56 obj/Release/src/com/serial_buffer.o
                0x00000000080002d4                ComRx_Buffer_pull_U32
 *fill*         0x000000000800032a        0x2 
 .text.cli_showPage
                0x000000000800032c       0xa8 obj/Release/src/com/Tuareg_console.o
                0x000000000800032c                cli_showPage
 .text.cli_setPermissions
                0x00000000080003d4      0x11c obj/Release/src/com/Tuareg_console.o
                0x00000000080003d4                cli_setPermissions
 .text.cli_show_help
                0x00000000080004f0       0x9c obj/Release/src/com/Tuareg_console.o
                0x00000000080004f0                cli_show_help
 .text.Tuareg_update_console
                0x000000000800058c      0x290 obj/Release/src/com/Tuareg_console.o
                0x000000000800058c                Tuareg_update_console
 .text.cli_cyclic_update
                0x000000000800081c       0x1c obj/Release/src/com/Tuareg_console.o
                0x000000000800081c                cli_cyclic_update
 .text.Tuareg_init_console
                0x0000000008000838       0x18 obj/Release/src/com/Tuareg_console.o
                0x0000000008000838                Tuareg_init_console
 .text.ts_readPage
                0x0000000008000850       0xb4 obj/Release/src/com/TunerStudio.o
                0x0000000008000850                ts_readPage
 .text.ts_valueWrite
                0x0000000008000904      0x1a8 obj/Release/src/com/TunerStudio.o
                0x0000000008000904                ts_valueWrite
 .text.ts_burnPage
                0x0000000008000aac       0xcc obj/Release/src/com/TunerStudio.o
                0x0000000008000aac                ts_burnPage
 .text.ts_tuareg_bits
                0x0000000008000b78      0x1d4 obj/Release/src/com/TunerStudio_outChannel.o
                0x0000000008000b78                ts_tuareg_bits
 .text.ts_sendOutputChannels
                0x0000000008000d4c      0x12c obj/Release/src/com/TunerStudio_outChannel.o
                0x0000000008000d4c                ts_sendOutputChannels
 .text.ts_debug_features
                0x0000000008000e78       0xe0 obj/Release/src/com/TunerStudio_service.o
                0x0000000008000e78                ts_debug_features
 .text.cli_show_debug_help
                0x0000000008000f58       0xc0 obj/Release/src/com/TunerStudio_service.o
                0x0000000008000f58                cli_show_debug_help
 .text.cli_show_process_data
                0x0000000008001018      0x114 obj/Release/src/com/TunerStudio_service.o
                0x0000000008001018                cli_show_process_data
 .text.cli_show_ignition_controls
                0x000000000800112c      0x108 obj/Release/src/com/TunerStudio_service.o
                0x000000000800112c                cli_show_ignition_controls
 .text.cli_show_fueling_controls
                0x0000000008001234      0x3b8 obj/Release/src/com/TunerStudio_service.o
                0x0000000008001234                cli_show_fueling_controls
 .text.cli_show_decoder_interface
                0x00000000080015ec        0xc obj/Release/src/com/TunerStudio_service.o
                0x00000000080015ec                cli_show_decoder_interface
 .text.cli_print_sensor_data
                0x00000000080015f8      0x21c obj/Release/src/com/TunerStudio_service.o
                0x00000000080015f8                cli_print_sensor_data
 .text.ts_debug_info
                0x0000000008001814       0xd8 obj/Release/src/com/TunerStudio_service.o
                0x0000000008001814                ts_debug_info
 .text.UART_TS_PORT_Init
                0x00000000080018ec       0xa0 obj/Release/src/com/uart.o
                0x00000000080018ec                UART_TS_PORT_Init
 .text.UART_DEBUG_PORT_Init
                0x000000000800198c       0x68 obj/Release/src/com/uart.o
                0x000000000800198c                UART_DEBUG_PORT_Init
 .text.UART_Tx  0x00000000080019f4        0xc obj/Release/src/com/uart.o
                0x00000000080019f4                UART_Tx
 .text.UART_send_data
                0x0000000008001a00       0x1a obj/Release/src/com/uart.o
                0x0000000008001a00                UART_send_data
 *fill*         0x0000000008001a1a        0x2 
 .text.USART1_IRQHandler
                0x0000000008001a1c       0x30 obj/Release/src/com/uart.o
                0x0000000008001a1c                USART1_IRQHandler
 .text.printf_U
                0x0000000008001a4c      0x164 obj/Release/src/com/uart_printf.o
                0x0000000008001a4c                printf_U
 .text.printf_F32
                0x0000000008001bb0       0xcc obj/Release/src/com/uart_printf.o
                0x0000000008001bb0                printf_F32
 .text.printf_nib_hex
                0x0000000008001c7c       0x10 obj/Release/src/com/uart_printf.o
                0x0000000008001c7c                printf_nib_hex
 .text.print    0x0000000008001c8c       0x16 obj/Release/src/com/uart_printf.o
                0x0000000008001c8c                print
 *fill*         0x0000000008001ca2        0x2 
 .text.printf_U8hex
                0x0000000008001ca4       0x38 obj/Release/src/com/uart_printf.o
                0x0000000008001ca4                printf_U8hex
 .text.printf_crkpos
                0x0000000008001cdc       0x6c obj/Release/src/com/uart_printf.o
                0x0000000008001cdc                printf_crkpos
 .text.printf_phase
                0x0000000008001d48       0x30 obj/Release/src/com/uart_printf.o
                0x0000000008001d48                printf_phase
 .text.printf_decoder_sensing
                0x0000000008001d78       0x54 obj/Release/src/com/uart_printf.o
                0x0000000008001d78                printf_decoder_sensing
 .text.print_flash
                0x0000000008001dcc        0x4 obj/Release/src/com/uart_printf.o
                0x0000000008001dcc                print_flash
 .text.set_mil_hw
                0x0000000008001dd0       0x38 obj/Release/src/dash/dash_hw.o
                0x0000000008001dd0                set_mil_hw
 .text.init_dash_hw
                0x0000000008001e08       0x78 obj/Release/src/dash/dash_hw.o
                0x0000000008001e08                init_dash_hw
 .text.set_tachometer_compare
                0x0000000008001e80       0x28 obj/Release/src/dash/dash_hw.o
                0x0000000008001e80                set_tachometer_compare
 .text.update_tachometer
                0x0000000008001ea8       0x38 obj/Release/src/dash/Tuareg_dash.o
                0x0000000008001ea8                update_tachometer
 .text.set_mil  0x0000000008001ee0       0x58 obj/Release/src/dash/Tuareg_dash.o
                0x0000000008001ee0                set_mil
 .text.update_mil
                0x0000000008001f38       0xac obj/Release/src/dash/Tuareg_dash.o
                0x0000000008001f38                update_mil
 .text.init_dash
                0x0000000008001fe4       0x10 obj/Release/src/dash/Tuareg_dash.o
                0x0000000008001fe4                init_dash
 .text.update_dash
                0x0000000008001ff4        0xe obj/Release/src/dash/Tuareg_dash.o
                0x0000000008001ff4                update_dash
 *fill*         0x0000000008002002        0x2 
 .text.DebugMsg_Warning
                0x0000000008002004       0x24 obj/Release/src/debug/debug_port_messages.o
                0x0000000008002004                DebugMsg_Warning
 .text.decoder_update_cis
                0x0000000008002028      0x188 obj/Release/src/decoder/decoder_cis.o
                0x0000000008002028                decoder_update_cis
 .text.decoder_cis_handler
                0x00000000080021b0       0x9c obj/Release/src/decoder/decoder_cis.o
                0x00000000080021b0                decoder_cis_handler
 .text.decoder_cis_noisefilter_handler
                0x000000000800224c        0x4 obj/Release/src/decoder/decoder_cis.o
                0x000000000800224c                decoder_cis_noisefilter_handler
 .text.enable_cis
                0x0000000008002250       0x4c obj/Release/src/decoder/decoder_cis.o
                0x0000000008002250                enable_cis
 .text.disable_cis
                0x000000000800229c        0xe obj/Release/src/decoder/decoder_cis.o
                0x000000000800229c                disable_cis
 *fill*         0x00000000080022aa        0x2 
 .text.load_Decoder_Setup
                0x00000000080022ac       0x1c obj/Release/src/decoder/decoder_config.o
                0x00000000080022ac                load_Decoder_Setup
 .text.load_essential_Decoder_Setup
                0x00000000080022c8       0x3c obj/Release/src/decoder/decoder_config.o
                0x00000000080022c8                load_essential_Decoder_Setup
 .text.store_Decoder_Setup
                0x0000000008002304       0x10 obj/Release/src/decoder/decoder_config.o
                0x0000000008002304                store_Decoder_Setup
 .text.show_Decoder_Setup
                0x0000000008002314      0x154 obj/Release/src/decoder/decoder_config.o
                0x0000000008002314                show_Decoder_Setup
 .text.modify_Decoder_Setup
                0x0000000008002468       0x18 obj/Release/src/decoder/decoder_config.o
                0x0000000008002468                modify_Decoder_Setup
 .text.send_Decoder_Setup
                0x0000000008002480        0xc obj/Release/src/decoder/decoder_config.o
                0x0000000008002480                send_Decoder_Setup
 .text.decoder_debug_show_internals
                0x000000000800248c      0x4e4 obj/Release/src/decoder/decoder_debug.o
                0x000000000800248c                decoder_debug_show_internals
 .text.decoder_diag_log_event
                0x0000000008002970       0x28 obj/Release/src/decoder/decoder_diag.o
                0x0000000008002970                decoder_diag_log_event
 .text.print_decoder_diag
                0x0000000008002998       0x68 obj/Release/src/decoder/decoder_diag.o
                0x0000000008002998                print_decoder_diag
 .text.decoder_stop_timer
                0x0000000008002a00       0x1c obj/Release/src/decoder/decoder_hw.o
                0x0000000008002a00                decoder_stop_timer
 .text.update_crank_noisefilter
                0x0000000008002a1c       0x4c obj/Release/src/decoder/decoder_hw.o
                0x0000000008002a1c                update_crank_noisefilter
 .text.update_cam_noisefilter
                0x0000000008002a68       0x4c obj/Release/src/decoder/decoder_hw.o
                0x0000000008002a68                update_cam_noisefilter
 .text.decoder_mask_crank_irq
                0x0000000008002ab4       0x10 obj/Release/src/decoder/decoder_hw.o
                0x0000000008002ab4                decoder_mask_crank_irq
 .text.decoder_unmask_crank_irq
                0x0000000008002ac4       0x14 obj/Release/src/decoder/decoder_hw.o
                0x0000000008002ac4                decoder_unmask_crank_irq
 .text.decoder_mask_cis_irq
                0x0000000008002ad8       0x10 obj/Release/src/decoder/decoder_hw.o
                0x0000000008002ad8                decoder_mask_cis_irq
 .text.decoder_unmask_cis_irq
                0x0000000008002ae8       0x14 obj/Release/src/decoder/decoder_hw.o
                0x0000000008002ae8                decoder_unmask_cis_irq
 .text.set_crank_pickup_sensing_rise
                0x0000000008002afc       0x24 obj/Release/src/decoder/decoder_hw.o
                0x0000000008002afc                set_crank_pickup_sensing_rise
 .text.set_crank_pickup_sensing_fall
                0x0000000008002b20       0x24 obj/Release/src/decoder/decoder_hw.o
                0x0000000008002b20                set_crank_pickup_sensing_fall
 .text.set_crank_pickup_sensing_disabled
                0x0000000008002b44       0x24 obj/Release/src/decoder/decoder_hw.o
                0x0000000008002b44                set_crank_pickup_sensing_disabled
 .text.set_cis_sensing_rise
                0x0000000008002b68       0x24 obj/Release/src/decoder/decoder_hw.o
                0x0000000008002b68                set_cis_sensing_rise
 .text.set_cis_sensing_fall
                0x0000000008002b8c       0x24 obj/Release/src/decoder/decoder_hw.o
                0x0000000008002b8c                set_cis_sensing_fall
 .text.set_cis_sensing_disabled
                0x0000000008002bb0       0x24 obj/Release/src/decoder/decoder_hw.o
                0x0000000008002bb0                set_cis_sensing_disabled
 .text.decoder_set_crank_pickup_sensing
                0x0000000008002bd4       0x4c obj/Release/src/decoder/decoder_hw.o
                0x0000000008002bd4                decoder_set_crank_pickup_sensing
 .text.decoder_set_cis_sensing
                0x0000000008002c20       0x4c obj/Release/src/decoder/decoder_hw.o
                0x0000000008002c20                decoder_set_cis_sensing
 .text.trigger_decoder_irq
                0x0000000008002c6c       0x14 obj/Release/src/decoder/decoder_hw.o
                0x0000000008002c6c                trigger_decoder_irq
 .text.init_decoder_hw
                0x0000000008002c80       0xcc obj/Release/src/decoder/decoder_hw.o
                0x0000000008002c80                init_decoder_hw
 .text.decoder_get_timestamp
                0x0000000008002d4c        0xc obj/Release/src/decoder/decoder_hw.o
                0x0000000008002d4c                decoder_get_timestamp
 .text.decoder_set_timer_continuous_mode_on
                0x0000000008002d58       0x1c obj/Release/src/decoder/decoder_hw.o
                0x0000000008002d58                decoder_set_timer_continuous_mode_on
 .text.decoder_set_timer_continuous_mode_off
                0x0000000008002d74       0x1c obj/Release/src/decoder/decoder_hw.o
                0x0000000008002d74                decoder_set_timer_continuous_mode_off
 .text.decoder_start_timer
                0x0000000008002d90       0x5c obj/Release/src/decoder/decoder_hw.o
                0x0000000008002d90                decoder_start_timer
 .text.decoder_request_timer_reset
                0x0000000008002dec       0x10 obj/Release/src/decoder/decoder_hw.o
                0x0000000008002dec                decoder_request_timer_reset
 .text.disable_decoder_hw
                0x0000000008002dfc       0x3c obj/Release/src/decoder/decoder_hw.o
                0x0000000008002dfc                disable_decoder_hw
 .text.EXTI0_IRQHandler
                0x0000000008002e38       0x68 obj/Release/src/decoder/decoder_hw.o
                0x0000000008002e38                EXTI0_IRQHandler
 .text.TIM1_BRK_TIM9_IRQHandler
                0x0000000008002ea0       0x74 obj/Release/src/decoder/decoder_hw.o
                0x0000000008002ea0                TIM1_BRK_TIM9_IRQHandler
 .text.EXTI1_IRQHandler
                0x0000000008002f14       0x1c obj/Release/src/decoder/decoder_hw.o
                0x0000000008002f14                EXTI1_IRQHandler
 .text.reset_timeout_counter
                0x0000000008002f30       0x14 obj/Release/src/decoder/decoder_logic.o
                0x0000000008002f30                reset_timeout_counter
 .text.reset_timing_output
                0x0000000008002f44       0x2c obj/Release/src/decoder/decoder_logic.o
                0x0000000008002f44                reset_timing_output
 .text.reset_position_data
                0x0000000008002f70       0x34 obj/Release/src/decoder/decoder_logic.o
                0x0000000008002f70                reset_position_data
 .text.reset_internal_data
                0x0000000008002fa4       0x1c obj/Release/src/decoder/decoder_logic.o
                0x0000000008002fa4                reset_internal_data
 .text.decoder_set_state
                0x0000000008002fc0       0x24 obj/Release/src/decoder/decoder_logic.o
                0x0000000008002fc0                decoder_set_state
 .text.check_sync_ratio
                0x0000000008002fe4       0x74 obj/Release/src/decoder/decoder_logic.o
                0x0000000008002fe4                check_sync_ratio
 .text.check_sync_ratio_async
                0x0000000008003058       0x5c obj/Release/src/decoder/decoder_logic.o
                0x0000000008003058                check_sync_ratio_async
 .text.update_timing_data
                0x00000000080030b4       0xe0 obj/Release/src/decoder/decoder_logic.o
                0x00000000080030b4                update_timing_data
 .text.init_decoder_logic
                0x0000000008003194       0x24 obj/Release/src/decoder/decoder_logic.o
                0x0000000008003194                init_decoder_logic
 .text.disable_decoder_logic
                0x00000000080031b8       0x18 obj/Release/src/decoder/decoder_logic.o
                0x00000000080031b8                disable_decoder_logic
 .text.decoder_crank_handler
                0x00000000080031d0      0x138 obj/Release/src/decoder/decoder_logic.o
                0x00000000080031d0                decoder_crank_handler
 .text.decoder_crank_noisefilter_handler
                0x0000000008003308        0x4 obj/Release/src/decoder/decoder_logic.o
                0x0000000008003308                decoder_crank_noisefilter_handler
 .text.decoder_crank_timeout_handler
                0x000000000800330c       0x3c obj/Release/src/decoder/decoder_logic.o
                0x000000000800330c                decoder_crank_timeout_handler
 .text.init_Decoder
                0x0000000008003348       0x68 obj/Release/src/decoder/Tuareg_decoder.o
                0x0000000008003348                init_Decoder
 .text.disable_Decoder
                0x00000000080033b0       0x28 obj/Release/src/decoder/Tuareg_decoder.o
                0x00000000080033b0                disable_Decoder
 .text.decoder_get_position_data_age_us
                0x00000000080033d8       0x28 obj/Release/src/decoder/Tuareg_decoder.o
                0x00000000080033d8                decoder_get_position_data_age_us
 .text.copy_diag_data
                0x0000000008003400       0x48 obj/Release/src/diagnostics/diagnostics.o
                0x0000000008003400                copy_diag_data
 .text.get_diag_data
                0x0000000008003448       0x24 obj/Release/src/diagnostics/diagnostics.o
                0x0000000008003448                get_diag_data
 .text.release_diag_shadow
                0x000000000800346c        0xc obj/Release/src/diagnostics/diagnostics.o
                0x000000000800346c                release_diag_shadow
 .text.load_Fault_Log
                0x0000000008003478       0x1c obj/Release/src/diagnostics/fault_log.o
                0x0000000008003478                load_Fault_Log
 .text.load_void_Fault_Log
                0x0000000008003494       0x18 obj/Release/src/diagnostics/fault_log.o
                0x0000000008003494                load_void_Fault_Log
 .text.init_Fault_Log
                0x00000000080034ac       0x4c obj/Release/src/diagnostics/fault_log.o
                0x00000000080034ac                init_Fault_Log
 .text.store_Fault_Log
                0x00000000080034f8       0x10 obj/Release/src/diagnostics/fault_log.o
                0x00000000080034f8                store_Fault_Log
 .text.log_Fault
                0x0000000008003508       0x68 obj/Release/src/diagnostics/fault_log.o
                0x0000000008003508                log_Fault
 .text.show_Fault_Log
                0x0000000008003570       0x74 obj/Release/src/diagnostics/fault_log.o
                0x0000000008003570                show_Fault_Log
 .text.clear_Fault_Log
                0x00000000080035e4       0x18 obj/Release/src/diagnostics/fault_log.o
                0x00000000080035e4                clear_Fault_Log
 .text.Erase_Fault_Log
                0x00000000080035fc       0x3c obj/Release/src/diagnostics/fault_log.o
                0x00000000080035fc                Erase_Fault_Log
 .text.send_Fault_Log
                0x0000000008003638        0xc obj/Release/src/diagnostics/fault_log.o
                0x0000000008003638                send_Fault_Log
 .text.clear_highspeedlog
                0x0000000008003644       0x14 obj/Release/src/diagnostics/highspeed_loggers.o
                0x0000000008003644                clear_highspeedlog
 .text.highspeedlog_init
                0x0000000008003658       0x14 obj/Release/src/diagnostics/highspeed_loggers.o
                0x0000000008003658                highspeedlog_init
 .text.highspeedlog_register_error
                0x000000000800366c        0x2 obj/Release/src/diagnostics/highspeed_loggers.o
                0x000000000800366c                highspeedlog_register_error
 *fill*         0x000000000800366e        0x2 
 .text.highspeedlog_write
                0x0000000008003670       0xb8 obj/Release/src/diagnostics/highspeed_loggers.o
                0x0000000008003670                highspeedlog_write
 .text.highspeedlog_register_crankpos
                0x0000000008003728        0x6 obj/Release/src/diagnostics/highspeed_loggers.o
                0x0000000008003728                highspeedlog_register_crankpos
 *fill*         0x000000000800372e        0x2 
 .text.highspeedlog_register_cis_lobe_begin
                0x0000000008003730       0x10 obj/Release/src/diagnostics/highspeed_loggers.o
                0x0000000008003730                highspeedlog_register_cis_lobe_begin
 .text.highspeedlog_register_cis_lobe_end
                0x0000000008003740       0x10 obj/Release/src/diagnostics/highspeed_loggers.o
                0x0000000008003740                highspeedlog_register_cis_lobe_end
 .text.highspeedlog_register_coil1_power
                0x0000000008003750        0x6 obj/Release/src/diagnostics/highspeed_loggers.o
                0x0000000008003750                highspeedlog_register_coil1_power
 .text.highspeedlog_register_coil1_unpower
                0x0000000008003756        0x6 obj/Release/src/diagnostics/highspeed_loggers.o
                0x0000000008003756                highspeedlog_register_coil1_unpower
 .text.highspeedlog_register_coil2_power
                0x000000000800375c        0x6 obj/Release/src/diagnostics/highspeed_loggers.o
                0x000000000800375c                highspeedlog_register_coil2_power
 .text.highspeedlog_register_coil2_unpower
                0x0000000008003762        0x6 obj/Release/src/diagnostics/highspeed_loggers.o
                0x0000000008003762                highspeedlog_register_coil2_unpower
 .text.highspeedlog_register_injector1_power
                0x0000000008003768        0x6 obj/Release/src/diagnostics/highspeed_loggers.o
                0x0000000008003768                highspeedlog_register_injector1_power
 .text.highspeedlog_register_injector1_unpower
                0x000000000800376e        0x6 obj/Release/src/diagnostics/highspeed_loggers.o
                0x000000000800376e                highspeedlog_register_injector1_unpower
 .text.highspeedlog_register_injector2_power
                0x0000000008003774        0x6 obj/Release/src/diagnostics/highspeed_loggers.o
                0x0000000008003774                highspeedlog_register_injector2_power
 .text.highspeedlog_register_injector2_unpower
                0x000000000800377a        0x6 obj/Release/src/diagnostics/highspeed_loggers.o
                0x000000000800377a                highspeedlog_register_injector2_unpower
 .text.send_highspeedlog
                0x0000000008003780       0xc4 obj/Release/src/diagnostics/highspeed_loggers.o
                0x0000000008003780                send_highspeedlog
 .text.show_highspeedlog
                0x0000000008003844      0x150 obj/Release/src/diagnostics/highspeed_loggers.o
                0x0000000008003844                show_highspeedlog
 .text.clear_syslog
                0x0000000008003994       0x38 obj/Release/src/diagnostics/syslog.o
                0x0000000008003994                clear_syslog
 .text.Syslog_init
                0x00000000080039cc       0x10 obj/Release/src/diagnostics/syslog.o
                0x00000000080039cc                Syslog_init
 .text.Syslog_Error
                0x00000000080039dc       0x48 obj/Release/src/diagnostics/syslog.o
                0x00000000080039dc                Syslog_Error
 .text.Syslog_Warning
                0x0000000008003a24       0x6c obj/Release/src/diagnostics/syslog.o
                0x0000000008003a24                Syslog_Warning
 .text.Syslog_Info
                0x0000000008003a90       0x68 obj/Release/src/diagnostics/syslog.o
                0x0000000008003a90                Syslog_Info
 .text.show_syslog
                0x0000000008003af8      0x11c obj/Release/src/diagnostics/syslog.o
                0x0000000008003af8                show_syslog
 .text.send_syslog
                0x0000000008003c14       0x20 obj/Release/src/diagnostics/syslog.o
                0x0000000008003c14                send_syslog
 .text.update_load_transient_comp
                0x0000000008003c34       0x16 obj/Release/src/fueling/accel_comp.o
                0x0000000008003c34                update_load_transient_comp
 .text.disable_legacy_AE
                0x0000000008003c4a       0x46 obj/Release/src/fueling/accel_comp.o
                0x0000000008003c4a                disable_legacy_AE
 .text.update_legacy_AE
                0x0000000008003c90      0x328 obj/Release/src/fueling/accel_comp.o
                0x0000000008003c90                update_legacy_AE
 .text.load_Fueling_Setup
                0x0000000008003fb8       0x10 obj/Release/src/fueling/fueling_config.o
                0x0000000008003fb8                load_Fueling_Setup
 .text.store_Fueling_Setup
                0x0000000008003fc8       0x10 obj/Release/src/fueling/fueling_config.o
                0x0000000008003fc8                store_Fueling_Setup
 .text.show_Fueling_Setup
                0x0000000008003fd8      0x350 obj/Release/src/fueling/fueling_config.o
                0x0000000008003fd8                show_Fueling_Setup
 .text.modify_Fueling_Setup
                0x0000000008004328       0x18 obj/Release/src/fueling/fueling_config.o
                0x0000000008004328                modify_Fueling_Setup
 .text.send_Fueling_Setup
                0x0000000008004340        0xc obj/Release/src/fueling/fueling_config.o
                0x0000000008004340                send_Fueling_Setup
 .text.load_VeTable_TPS
                0x000000000800434c       0x10 obj/Release/src/fueling/fueling_config.o
                0x000000000800434c                load_VeTable_TPS
 .text.store_VeTable_TPS
                0x000000000800435c       0x10 obj/Release/src/fueling/fueling_config.o
                0x000000000800435c                store_VeTable_TPS
 .text.show_VeTable_TPS
                0x000000000800436c       0x20 obj/Release/src/fueling/fueling_config.o
                0x000000000800436c                show_VeTable_TPS
 .text.modify_VeTable_TPS
                0x000000000800438c       0x10 obj/Release/src/fueling/fueling_config.o
                0x000000000800438c                modify_VeTable_TPS
 .text.send_VeTable_TPS
                0x000000000800439c        0xc obj/Release/src/fueling/fueling_config.o
                0x000000000800439c                send_VeTable_TPS
 .text.getValue_VeTable_TPS
                0x00000000080043a8       0x24 obj/Release/src/fueling/fueling_config.o
                0x00000000080043a8                getValue_VeTable_TPS
 .text.load_VeTable_MAP
                0x00000000080043cc       0x10 obj/Release/src/fueling/fueling_config.o
                0x00000000080043cc                load_VeTable_MAP
 .text.store_VeTable_MAP
                0x00000000080043dc       0x10 obj/Release/src/fueling/fueling_config.o
                0x00000000080043dc                store_VeTable_MAP
 .text.show_VeTable_MAP
                0x00000000080043ec       0x20 obj/Release/src/fueling/fueling_config.o
                0x00000000080043ec                show_VeTable_MAP
 .text.modify_VeTable_MAP
                0x000000000800440c       0x10 obj/Release/src/fueling/fueling_config.o
                0x000000000800440c                modify_VeTable_MAP
 .text.send_VeTable_MAP
                0x000000000800441c        0xc obj/Release/src/fueling/fueling_config.o
                0x000000000800441c                send_VeTable_MAP
 .text.getValue_VeTable_MAP
                0x0000000008004428       0x24 obj/Release/src/fueling/fueling_config.o
                0x0000000008004428                getValue_VeTable_MAP
 .text.load_AfrTable_MAP
                0x000000000800444c       0x10 obj/Release/src/fueling/fueling_config.o
                0x000000000800444c                load_AfrTable_MAP
 .text.store_AfrTable_MAP
                0x000000000800445c       0x10 obj/Release/src/fueling/fueling_config.o
                0x000000000800445c                store_AfrTable_MAP
 .text.show_AfrTable_MAP
                0x000000000800446c       0x20 obj/Release/src/fueling/fueling_config.o
                0x000000000800446c                show_AfrTable_MAP
 .text.modify_AfrTable_MAP
                0x000000000800448c       0x10 obj/Release/src/fueling/fueling_config.o
                0x000000000800448c                modify_AfrTable_MAP
 .text.send_AfrTable_MAP
                0x000000000800449c        0xc obj/Release/src/fueling/fueling_config.o
                0x000000000800449c                send_AfrTable_MAP
 .text.getValue_AfrTable_MAP
                0x00000000080044a8       0x20 obj/Release/src/fueling/fueling_config.o
                0x00000000080044a8                getValue_AfrTable_MAP
 .text.load_AfrTable_TPS
                0x00000000080044c8       0x10 obj/Release/src/fueling/fueling_config.o
                0x00000000080044c8                load_AfrTable_TPS
 .text.store_AfrTable_TPS
                0x00000000080044d8       0x10 obj/Release/src/fueling/fueling_config.o
                0x00000000080044d8                store_AfrTable_TPS
 .text.show_AfrTable_TPS
                0x00000000080044e8       0x20 obj/Release/src/fueling/fueling_config.o
                0x00000000080044e8                show_AfrTable_TPS
 .text.modify_AfrTable_TPS
                0x0000000008004508       0x10 obj/Release/src/fueling/fueling_config.o
                0x0000000008004508                modify_AfrTable_TPS
 .text.send_AfrTable_TPS
                0x0000000008004518        0xc obj/Release/src/fueling/fueling_config.o
                0x0000000008004518                send_AfrTable_TPS
 .text.getValue_AfrTable_TPS
                0x0000000008004524       0x20 obj/Release/src/fueling/fueling_config.o
                0x0000000008004524                getValue_AfrTable_TPS
 .text.load_AccelCompTableTPS
                0x0000000008004544       0x10 obj/Release/src/fueling/fueling_config.o
                0x0000000008004544                load_AccelCompTableTPS
 .text.store_AccelCompTableTPS
                0x0000000008004554       0x10 obj/Release/src/fueling/fueling_config.o
                0x0000000008004554                store_AccelCompTableTPS
 .text.show_AccelCompTableTPS
                0x0000000008004564       0x20 obj/Release/src/fueling/fueling_config.o
                0x0000000008004564                show_AccelCompTableTPS
 .text.modify_AccelCompTableTPS
                0x0000000008004584       0x10 obj/Release/src/fueling/fueling_config.o
                0x0000000008004584                modify_AccelCompTableTPS
 .text.send_AccelCompTableTPS
                0x0000000008004594        0xc obj/Release/src/fueling/fueling_config.o
                0x0000000008004594                send_AccelCompTableTPS
 .text.getValue_AccelCompTableTPS
                0x00000000080045a0       0x14 obj/Release/src/fueling/fueling_config.o
                0x00000000080045a0                getValue_AccelCompTableTPS
 .text.load_AccelCompTableMAP
                0x00000000080045b4       0x10 obj/Release/src/fueling/fueling_config.o
                0x00000000080045b4                load_AccelCompTableMAP
 .text.store_AccelCompTableMAP
                0x00000000080045c4       0x10 obj/Release/src/fueling/fueling_config.o
                0x00000000080045c4                store_AccelCompTableMAP
 .text.show_AccelCompTableMAP
                0x00000000080045d4       0x20 obj/Release/src/fueling/fueling_config.o
                0x00000000080045d4                show_AccelCompTableMAP
 .text.modify_AccelCompTableMAP
                0x00000000080045f4       0x10 obj/Release/src/fueling/fueling_config.o
                0x00000000080045f4                modify_AccelCompTableMAP
 .text.send_AccelCompTableMAP
                0x0000000008004604        0xc obj/Release/src/fueling/fueling_config.o
                0x0000000008004604                send_AccelCompTableMAP
 .text.getValue_AccelCompTableMAP
                0x0000000008004610       0x14 obj/Release/src/fueling/fueling_config.o
                0x0000000008004610                getValue_AccelCompTableMAP
 .text.load_WarmUpCompTable
                0x0000000008004624       0x10 obj/Release/src/fueling/fueling_config.o
                0x0000000008004624                load_WarmUpCompTable
 .text.store_WarmUpCompTable
                0x0000000008004634       0x10 obj/Release/src/fueling/fueling_config.o
                0x0000000008004634                store_WarmUpCompTable
 .text.show_WarmUpCompTable
                0x0000000008004644       0x20 obj/Release/src/fueling/fueling_config.o
                0x0000000008004644                show_WarmUpCompTable
 .text.modify_WarmUpCompTable
                0x0000000008004664       0x10 obj/Release/src/fueling/fueling_config.o
                0x0000000008004664                modify_WarmUpCompTable
 .text.send_WarmUpCompTable
                0x0000000008004674        0xc obj/Release/src/fueling/fueling_config.o
                0x0000000008004674                send_WarmUpCompTable
 .text.getValue_WarmUpCompTable
                0x0000000008004680       0x20 obj/Release/src/fueling/fueling_config.o
                0x0000000008004680                getValue_WarmUpCompTable
 .text.load_InjectorTimingTable
                0x00000000080046a0       0x10 obj/Release/src/fueling/fueling_config.o
                0x00000000080046a0                load_InjectorTimingTable
 .text.store_InjectorTimingTable
                0x00000000080046b0       0x10 obj/Release/src/fueling/fueling_config.o
                0x00000000080046b0                store_InjectorTimingTable
 .text.show_InjectorTimingTable
                0x00000000080046c0       0x20 obj/Release/src/fueling/fueling_config.o
                0x00000000080046c0                show_InjectorTimingTable
 .text.modify_InjectorTimingTable
                0x00000000080046e0       0x10 obj/Release/src/fueling/fueling_config.o
                0x00000000080046e0                modify_InjectorTimingTable
 .text.send_InjectorTimingTable
                0x00000000080046f0        0xc obj/Release/src/fueling/fueling_config.o
                0x00000000080046f0                send_InjectorTimingTable
 .text.getValue_InjectorTimingTable
                0x00000000080046fc       0x20 obj/Release/src/fueling/fueling_config.o
                0x00000000080046fc                getValue_InjectorTimingTable
 .text.load_CrankingFuelTable
                0x000000000800471c       0x10 obj/Release/src/fueling/fueling_config.o
                0x000000000800471c                load_CrankingFuelTable
 .text.store_CrankingFuelTable
                0x000000000800472c       0x10 obj/Release/src/fueling/fueling_config.o
                0x000000000800472c                store_CrankingFuelTable
 .text.show_CrankingFuelTable
                0x000000000800473c       0x20 obj/Release/src/fueling/fueling_config.o
                0x000000000800473c                show_CrankingFuelTable
 .text.modify_CrankingFuelTable
                0x000000000800475c       0x10 obj/Release/src/fueling/fueling_config.o
                0x000000000800475c                modify_CrankingFuelTable
 .text.send_CrankingFuelTable
                0x000000000800476c        0xc obj/Release/src/fueling/fueling_config.o
                0x000000000800476c                send_CrankingFuelTable
 .text.getValue_CrankingFuelTable
                0x0000000008004778       0x14 obj/Release/src/fueling/fueling_config.o
                0x0000000008004778                getValue_CrankingFuelTable
 .text.load_InjectorPhaseTable
                0x000000000800478c       0x10 obj/Release/src/fueling/fueling_config.o
                0x000000000800478c                load_InjectorPhaseTable
 .text.store_InjectorPhaseTable
                0x000000000800479c       0x10 obj/Release/src/fueling/fueling_config.o
                0x000000000800479c                store_InjectorPhaseTable
 .text.show_InjectorPhaseTable
                0x00000000080047ac       0x20 obj/Release/src/fueling/fueling_config.o
                0x00000000080047ac                show_InjectorPhaseTable
 .text.modify_InjectorPhaseTable
                0x00000000080047cc       0x10 obj/Release/src/fueling/fueling_config.o
                0x00000000080047cc                modify_InjectorPhaseTable
 .text.send_InjectorPhaseTable
                0x00000000080047dc        0xc obj/Release/src/fueling/fueling_config.o
                0x00000000080047dc                send_InjectorPhaseTable
 .text.getValue_InjectorPhaseTable
                0x00000000080047e8        0xc obj/Release/src/fueling/fueling_config.o
                0x00000000080047e8                getValue_InjectorPhaseTable
 .text.load_BAROtable
                0x00000000080047f4       0x10 obj/Release/src/fueling/fueling_config.o
                0x00000000080047f4                load_BAROtable
 .text.store_BAROtable
                0x0000000008004804       0x10 obj/Release/src/fueling/fueling_config.o
                0x0000000008004804                store_BAROtable
 .text.show_BAROtable
                0x0000000008004814       0x20 obj/Release/src/fueling/fueling_config.o
                0x0000000008004814                show_BAROtable
 .text.modify_BAROtable
                0x0000000008004834       0x10 obj/Release/src/fueling/fueling_config.o
                0x0000000008004834                modify_BAROtable
 .text.send_BAROtable
                0x0000000008004844        0xc obj/Release/src/fueling/fueling_config.o
                0x0000000008004844                send_BAROtable
 .text.getValue_BAROtable
                0x0000000008004850       0x38 obj/Release/src/fueling/fueling_config.o
                0x0000000008004850                getValue_BAROtable
 .text.load_ChargeTempTable
                0x0000000008004888       0x10 obj/Release/src/fueling/fueling_config.o
                0x0000000008004888                load_ChargeTempTable
 .text.load_Fueling_Config
                0x0000000008004898       0xd8 obj/Release/src/fueling/fueling_config.o
                0x0000000008004898                load_Fueling_Config
 .text.store_ChargeTempTable
                0x0000000008004970       0x10 obj/Release/src/fueling/fueling_config.o
                0x0000000008004970                store_ChargeTempTable
 .text.show_ChargeTempTable
                0x0000000008004980       0x20 obj/Release/src/fueling/fueling_config.o
                0x0000000008004980                show_ChargeTempTable
 .text.modify_ChargeTempTable
                0x00000000080049a0       0x10 obj/Release/src/fueling/fueling_config.o
                0x00000000080049a0                modify_ChargeTempTable
 .text.send_ChargeTempTable
                0x00000000080049b0        0xc obj/Release/src/fueling/fueling_config.o
                0x00000000080049b0                send_ChargeTempTable
 .text.getValue_ChargeTempTable
                0x00000000080049bc       0x2c obj/Release/src/fueling/fueling_config.o
                0x00000000080049bc                getValue_ChargeTempTable
 .text.update_fuel_mass_afterstart_correction
                0x00000000080049e8       0xa0 obj/Release/src/fueling/fueling_corrections.o
                0x00000000080049e8                update_fuel_mass_afterstart_correction
 .text.update_fuel_mass_warmup_correction
                0x0000000008004a88       0x5c obj/Release/src/fueling/fueling_corrections.o
                0x0000000008004a88                update_fuel_mass_warmup_correction
 .text.update_fuel_mass_barometric_correction
                0x0000000008004ae4       0x98 obj/Release/src/fueling/fueling_corrections.o
                0x0000000008004ae4                update_fuel_mass_barometric_correction
 .text.update_fuel_mass_corrections
                0x0000000008004b7c       0x1c obj/Release/src/fueling/fueling_corrections.o
                0x0000000008004b7c                update_fuel_mass_corrections
 .text.fueling_diag_log_event
                0x0000000008004b98       0x28 obj/Release/src/fueling/fueling_diag.o
                0x0000000008004b98                fueling_diag_log_event
 .text.print_fueling_diag
                0x0000000008004bc0       0x68 obj/Release/src/fueling/fueling_diag.o
                0x0000000008004bc0                print_fueling_diag
 .text.set_injector1_powered
                0x0000000008004c28       0x28 obj/Release/src/fueling/fueling_hw.o
                0x0000000008004c28                set_injector1_powered
 .text.set_injector1_unpowered
                0x0000000008004c50       0x28 obj/Release/src/fueling/fueling_hw.o
                0x0000000008004c50                set_injector1_unpowered
 .text.set_injector2_powered
                0x0000000008004c78       0x28 obj/Release/src/fueling/fueling_hw.o
                0x0000000008004c78                set_injector2_powered
 .text.set_injector2_unpowered
                0x0000000008004ca0       0x28 obj/Release/src/fueling/fueling_hw.o
                0x0000000008004ca0                set_injector2_unpowered
 .text.set_fuel_pump_powered
                0x0000000008004cc8       0x28 obj/Release/src/fueling/fueling_hw.o
                0x0000000008004cc8                set_fuel_pump_powered
 .text.set_fuel_pump_unpowered
                0x0000000008004cf0       0x20 obj/Release/src/fueling/fueling_hw.o
                0x0000000008004cf0                set_fuel_pump_unpowered
 .text.set_injector1
                0x0000000008004d10       0x30 obj/Release/src/fueling/fueling_hw.o
                0x0000000008004d10                set_injector1
 .text.set_injector2
                0x0000000008004d40       0x30 obj/Release/src/fueling/fueling_hw.o
                0x0000000008004d40                set_injector2
 .text.set_fuel_pump
                0x0000000008004d70        0xc obj/Release/src/fueling/fueling_hw.o
                0x0000000008004d70                set_fuel_pump
 .text.init_fueling_hw
                0x0000000008004d7c       0x5c obj/Release/src/fueling/fueling_hw.o
                0x0000000008004d7c                init_fueling_hw
 .text.update_injector_deadtime
                0x0000000008004dd8       0x50 obj/Release/src/fueling/injector_parameters.o
                0x0000000008004dd8                update_injector_deadtime
 .text.update_injector_intervals_sequential
                0x0000000008004e28       0xf8 obj/Release/src/fueling/injector_parameters.o
                0x0000000008004e28                update_injector_intervals_sequential
 .text.update_injector_intervals_batch
                0x0000000008004f20       0xf4 obj/Release/src/fueling/injector_parameters.o
                0x0000000008004f20                update_injector_intervals_batch
 .text.update_injection_begin_batch
                0x0000000008005014       0x34 obj/Release/src/fueling/injector_parameters.o
                0x0000000008005014                update_injection_begin_batch
 .text.update_injection_begin_sequential
                0x0000000008005048       0xf0 obj/Release/src/fueling/injector_parameters.o
                0x0000000008005048                update_injection_begin_sequential
 .text.init_Fueling
                0x0000000008005138       0x54 obj/Release/src/fueling/Tuareg_fueling.o
                0x0000000008005138                init_Fueling
 .text.Tuareg_fueling_update_crankpos_handler
                0x000000000800518c      0x198 obj/Release/src/fueling/Tuareg_fueling.o
                0x000000000800518c                Tuareg_fueling_update_crankpos_handler
 .text.invalid_fueling_controls
                0x0000000008005324       0x48 obj/Release/src/fueling/Tuareg_fueling_controls.o
                0x0000000008005324                invalid_fueling_controls
 .text.update_air_flow
                0x000000000800536c       0x94 obj/Release/src/fueling/Tuareg_fueling_controls.o
                0x000000000800536c                update_air_flow
 .text.update_AFR_target
                0x0000000008005400       0x78 obj/Release/src/fueling/Tuareg_fueling_controls.o
                0x0000000008005400                update_AFR_target
 .text.update_fuel_mass_cranking
                0x0000000008005478       0x74 obj/Release/src/fueling/Tuareg_fueling_controls.o
                0x0000000008005478                update_fuel_mass_cranking
 .text.update_base_fuel_mass
                0x00000000080054ec       0x48 obj/Release/src/fueling/Tuareg_fueling_controls.o
                0x00000000080054ec                update_base_fuel_mass
 .text.update_target_fuel_mass
                0x0000000008005534      0x120 obj/Release/src/fueling/Tuareg_fueling_controls.o
                0x0000000008005534                update_target_fuel_mass
 .text.Tuareg_update_fueling_controls
                0x0000000008005654      0x22c obj/Release/src/fueling/Tuareg_fueling_controls.o
                0x0000000008005654                Tuareg_update_fueling_controls
 .text.load_Ignition_Config
                0x0000000008005880       0x6c obj/Release/src/ignition/ignition_config.o
                0x0000000008005880                load_Ignition_Config
 .text.store_Ignition_Setup
                0x00000000080058ec       0x10 obj/Release/src/ignition/ignition_config.o
                0x00000000080058ec                store_Ignition_Setup
 .text.show_Ignition_Setup
                0x00000000080058fc      0x17c obj/Release/src/ignition/ignition_config.o
                0x00000000080058fc                show_Ignition_Setup
 .text.modify_Ignition_Setup
                0x0000000008005a78       0x18 obj/Release/src/ignition/ignition_config.o
                0x0000000008005a78                modify_Ignition_Setup
 .text.send_Ignition_Setup
                0x0000000008005a90        0xc obj/Release/src/ignition/ignition_config.o
                0x0000000008005a90                send_Ignition_Setup
 .text.store_ignAdvTable_TPS
                0x0000000008005a9c       0x10 obj/Release/src/ignition/ignition_config.o
                0x0000000008005a9c                store_ignAdvTable_TPS
 .text.show_ignAdvTable_TPS
                0x0000000008005aac       0x20 obj/Release/src/ignition/ignition_config.o
                0x0000000008005aac                show_ignAdvTable_TPS
 .text.modify_ignAdvTable_TPS
                0x0000000008005acc       0x10 obj/Release/src/ignition/ignition_config.o
                0x0000000008005acc                modify_ignAdvTable_TPS
 .text.send_ignAdvTable_TPS
                0x0000000008005adc        0xc obj/Release/src/ignition/ignition_config.o
                0x0000000008005adc                send_ignAdvTable_TPS
 .text.getValue_ignAdvTable_TPS
                0x0000000008005ae8       0x20 obj/Release/src/ignition/ignition_config.o
                0x0000000008005ae8                getValue_ignAdvTable_TPS
 .text.store_ignDwellTable
                0x0000000008005b08       0x10 obj/Release/src/ignition/ignition_config.o
                0x0000000008005b08                store_ignDwellTable
 .text.show_ignDwellTable
                0x0000000008005b18       0x20 obj/Release/src/ignition/ignition_config.o
                0x0000000008005b18                show_ignDwellTable
 .text.modify_ignDwellTable
                0x0000000008005b38       0x10 obj/Release/src/ignition/ignition_config.o
                0x0000000008005b38                modify_ignDwellTable
 .text.send_ignDwellTable
                0x0000000008005b48        0xc obj/Release/src/ignition/ignition_config.o
                0x0000000008005b48                send_ignDwellTable
 .text.getValue_ignDwellTable
                0x0000000008005b54       0x18 obj/Release/src/ignition/ignition_config.o
                0x0000000008005b54                getValue_ignDwellTable
 .text.ignition_diag_log_event
                0x0000000008005b6c       0x28 obj/Release/src/ignition/ignition_diag.o
                0x0000000008005b6c                ignition_diag_log_event
 .text.print_ignition_diag
                0x0000000008005b94       0x68 obj/Release/src/ignition/ignition_diag.o
                0x0000000008005b94                print_ignition_diag
 .text.set_coil1_powered
                0x0000000008005bfc       0x28 obj/Release/src/ignition/ignition_hw.o
                0x0000000008005bfc                set_coil1_powered
 .text.set_coil1_unpowered
                0x0000000008005c24       0x20 obj/Release/src/ignition/ignition_hw.o
                0x0000000008005c24                set_coil1_unpowered
 .text.set_coil2_powered
                0x0000000008005c44       0x28 obj/Release/src/ignition/ignition_hw.o
                0x0000000008005c44                set_coil2_powered
 .text.set_coil2_unpowered
                0x0000000008005c6c       0x20 obj/Release/src/ignition/ignition_hw.o
                0x0000000008005c6c                set_coil2_unpowered
 .text.set_ignition_ch1
                0x0000000008005c8c       0x30 obj/Release/src/ignition/ignition_hw.o
                0x0000000008005c8c                set_ignition_ch1
 .text.set_ignition_ch2
                0x0000000008005cbc       0x30 obj/Release/src/ignition/ignition_hw.o
                0x0000000008005cbc                set_ignition_ch2
 .text.init_ignition_hw
                0x0000000008005cec       0x3c obj/Release/src/ignition/ignition_hw.o
                0x0000000008005cec                init_ignition_hw
 .text.init_Ignition
                0x0000000008005d28       0x58 obj/Release/src/ignition/Tuareg_ignition.o
                0x0000000008005d28                init_Ignition
 .text.Tuareg_ignition_update_crankpos_handler
                0x0000000008005d80      0x154 obj/Release/src/ignition/Tuareg_ignition.o
                0x0000000008005d80                Tuareg_ignition_update_crankpos_handler
 .text.default_ignition_controls
                0x0000000008005ed4       0x24 obj/Release/src/ignition/Tuareg_ignition_controls.o
                0x0000000008005ed4                default_ignition_controls
 .text.revlimiter_ignition_controls
                0x0000000008005ef8       0x1c obj/Release/src/ignition/Tuareg_ignition_controls.o
                0x0000000008005ef8                revlimiter_ignition_controls
 .text.cranking_ignition_controls
                0x0000000008005f14       0x38 obj/Release/src/ignition/Tuareg_ignition_controls.o
                0x0000000008005f14                cranking_ignition_controls
 .text.dynamic_ignition_controls
                0x0000000008005f4c      0x188 obj/Release/src/ignition/Tuareg_ignition_controls.o
                0x0000000008005f4c                dynamic_ignition_controls
 .text.Tuareg_update_ignition_controls
                0x00000000080060d4       0xa8 obj/Release/src/ignition/Tuareg_ignition_controls.o
                0x00000000080060d4                Tuareg_update_ignition_controls
 .text.startup.main
                0x000000000800617c       0x78 obj/Release/src/main/main.o
                0x000000000800617c                main
 .text.EXTI2_IRQHandler
                0x00000000080061f4       0x5c obj/Release/src/main/main.o
                0x00000000080061f4                EXTI2_IRQHandler
 .text.Tuareg_load_config
                0x0000000008006250       0x4c obj/Release/src/main/Tuareg.o
                0x0000000008006250                Tuareg_load_config
 .text.Tuareg_Init
                0x000000000800629c       0xc0 obj/Release/src/main/Tuareg.o
                0x000000000800629c                Tuareg_Init
 .text.Tuareg_update_run_inhibit
                0x000000000800635c      0x140 obj/Release/src/main/Tuareg.o
                0x000000000800635c                Tuareg_update_run_inhibit
 .text.Tuareg_update_limited_op
                0x000000000800649c       0x38 obj/Release/src/main/Tuareg.o
                0x000000000800649c                Tuareg_update_limited_op
 .text.Tuareg_update_rev_limiter
                0x00000000080064d4       0x60 obj/Release/src/main/Tuareg.o
                0x00000000080064d4                Tuareg_update_rev_limiter
 .text.Tuareg_update_standby
                0x0000000008006534       0xcc obj/Release/src/main/Tuareg.o
                0x0000000008006534                Tuareg_update_standby
 .text.Tuareg_update_fuel_pump_control
                0x0000000008006600       0x54 obj/Release/src/main/Tuareg.o
                0x0000000008006600                Tuareg_update_fuel_pump_control
 .text.Tuareg_deactivate_vital_actors
                0x0000000008006654       0x50 obj/Release/src/main/Tuareg.o
                0x0000000008006654                Tuareg_deactivate_vital_actors
 .text.Tuareg_update
                0x00000000080066a4       0x58 obj/Release/src/main/Tuareg.o
                0x00000000080066a4                Tuareg_update
 .text.Tuareg_update_trip
                0x00000000080066fc       0x30 obj/Release/src/main/Tuareg.o
                0x00000000080066fc                Tuareg_update_trip
 .text.Tuareg_update_consumption_data
                0x000000000800672c       0x90 obj/Release/src/main/Tuareg.o
                0x000000000800672c                Tuareg_update_consumption_data
 .text.store_Tuareg_Setup
                0x00000000080067bc       0x10 obj/Release/src/main/Tuareg_config.o
                0x00000000080067bc                store_Tuareg_Setup
 .text.show_Tuareg_Setup
                0x00000000080067cc      0x1e0 obj/Release/src/main/Tuareg_config.o
                0x00000000080067cc                show_Tuareg_Setup
 .text.modify_Tuareg_Setup
                0x00000000080069ac       0x18 obj/Release/src/main/Tuareg_config.o
                0x00000000080069ac                modify_Tuareg_Setup
 .text.send_Tuareg_Setup
                0x00000000080069c4        0xc obj/Release/src/main/Tuareg_config.o
                0x00000000080069c4                send_Tuareg_Setup
 .text.load_TachTable
                0x00000000080069d0       0x10 obj/Release/src/main/Tuareg_config.o
                0x00000000080069d0                load_TachTable
 .text.load_Tuareg_Config
                0x00000000080069e0       0x38 obj/Release/src/main/Tuareg_config.o
                0x00000000080069e0                load_Tuareg_Config
 .text.store_TachTable
                0x0000000008006a18       0x10 obj/Release/src/main/Tuareg_config.o
                0x0000000008006a18                store_TachTable
 .text.show_TachTable
                0x0000000008006a28       0x20 obj/Release/src/main/Tuareg_config.o
                0x0000000008006a28                show_TachTable
 .text.modify_TachTable
                0x0000000008006a48       0x10 obj/Release/src/main/Tuareg_config.o
                0x0000000008006a48                modify_TachTable
 .text.send_TachTable
                0x0000000008006a58        0xc obj/Release/src/main/Tuareg_config.o
                0x0000000008006a58                send_TachTable
 .text.getValue_TachTable
                0x0000000008006a64       0x18 obj/Release/src/main/Tuareg_config.o
                0x0000000008006a64                getValue_TachTable
 .text.tuareg_diag_log_event
                0x0000000008006a7c       0x28 obj/Release/src/main/Tuareg_diag.o
                0x0000000008006a7c                tuareg_diag_log_event
 .text.print_tuareg_diag
                0x0000000008006aa4       0x68 obj/Release/src/main/Tuareg_diag.o
                0x0000000008006aa4                print_tuareg_diag
 .text.Fatal    0x0000000008006b0c       0x68 obj/Release/src/main/Tuareg_errors.o
                0x0000000008006b0c                Fatal
 .text.VitalAssert
                0x0000000008006b74        0xe obj/Release/src/main/Tuareg_errors.o
                0x0000000008006b74                VitalAssert
 *fill*         0x0000000008006b82        0x2 
 .text.Limp     0x0000000008006b84       0x44 obj/Release/src/main/Tuareg_errors.o
                0x0000000008006b84                Limp
 .text.print_Tuareg_ID_label
                0x0000000008006bc8       0x30 obj/Release/src/main/Tuareg_ID.o
                0x0000000008006bc8                print_Tuareg_ID_label
 .text.Tuareg_update_process_data
                0x0000000008006bf8      0x168 obj/Release/src/main/Tuareg_process_data.o
                0x0000000008006bf8                Tuareg_update_process_data
 .text.request_service_mode
                0x0000000008006d60       0x28 obj/Release/src/main/Tuareg_service_functions.o
                0x0000000008006d60                request_service_mode
 .text.activate_fuel_pump
                0x0000000008006d88       0x5c obj/Release/src/main/Tuareg_service_functions.o
                0x0000000008006d88                activate_fuel_pump
 .text.deactivate_fuel_pump
                0x0000000008006de4       0x28 obj/Release/src/main/Tuareg_service_functions.o
                0x0000000008006de4                deactivate_fuel_pump
 .text.fuel_pump_periodic_update
                0x0000000008006e0c       0x1c obj/Release/src/main/Tuareg_service_functions.o
                0x0000000008006e0c                fuel_pump_periodic_update
 .text.activate_injector1
                0x0000000008006e28       0x6c obj/Release/src/main/Tuareg_service_functions.o
                0x0000000008006e28                activate_injector1
 .text.deactivate_injector1
                0x0000000008006e94       0x2c obj/Release/src/main/Tuareg_service_functions.o
                0x0000000008006e94                deactivate_injector1
 .text.injector1_periodic_update
                0x0000000008006ec0       0x54 obj/Release/src/main/Tuareg_service_functions.o
                0x0000000008006ec0                injector1_periodic_update
 .text.activate_injector2
                0x0000000008006f14       0x6c obj/Release/src/main/Tuareg_service_functions.o
                0x0000000008006f14                activate_injector2
 .text.deactivate_injector2
                0x0000000008006f80       0x2c obj/Release/src/main/Tuareg_service_functions.o
                0x0000000008006f80                deactivate_injector2
 .text.injector2_periodic_update
                0x0000000008006fac       0x54 obj/Release/src/main/Tuareg_service_functions.o
                0x0000000008006fac                injector2_periodic_update
 .text.activate_coil1
                0x0000000008007000       0x8c obj/Release/src/main/Tuareg_service_functions.o
                0x0000000008007000                activate_coil1
 .text.deactivate_coil1
                0x000000000800708c       0x2c obj/Release/src/main/Tuareg_service_functions.o
                0x000000000800708c                deactivate_coil1
 .text.coil1_periodic_update
                0x00000000080070b8       0x54 obj/Release/src/main/Tuareg_service_functions.o
                0x00000000080070b8                coil1_periodic_update
 .text.activate_coil2
                0x000000000800710c       0x8c obj/Release/src/main/Tuareg_service_functions.o
                0x000000000800710c                activate_coil2
 .text.deactivate_coil2
                0x0000000008007198       0x2c obj/Release/src/main/Tuareg_service_functions.o
                0x0000000008007198                deactivate_coil2
 .text.coil2_periodic_update
                0x00000000080071c4       0x54 obj/Release/src/main/Tuareg_service_functions.o
                0x00000000080071c4                coil2_periodic_update
 .text.service_functions_periodic_update
                0x0000000008007218       0x40 obj/Release/src/main/Tuareg_service_functions.o
                0x0000000008007218                service_functions_periodic_update
 .text.activate_tachometer
                0x0000000008007258       0x38 obj/Release/src/main/Tuareg_service_functions.o
                0x0000000008007258                activate_tachometer
 .text.deactivate_tachometer
                0x0000000008007290       0x14 obj/Release/src/main/Tuareg_service_functions.o
                0x0000000008007290                deactivate_tachometer
 .text.request_service_activation
                0x00000000080072a4       0xb0 obj/Release/src/main/Tuareg_service_functions.o
                0x00000000080072a4                request_service_activation
 .text.update_process_table
                0x0000000008007354       0xc0 obj/Release/src/process_table/process_table.o
                0x0000000008007354                update_process_table
 .text.get_position_from_index
                0x0000000008007414       0x5c obj/Release/src/process_table/process_table.o
                0x0000000008007414                get_position_from_index
 .text.get_index_from_position
                0x0000000008007470       0x38 obj/Release/src/process_table/process_table.o
                0x0000000008007470                get_index_from_position
 .text.find_process_position_before
                0x00000000080074a8       0x4c obj/Release/src/process_table/process_table.o
                0x00000000080074a8                find_process_position_before
 .text.get_process_advance
                0x00000000080074f4       0x34 obj/Release/src/process_table/process_table.o
                0x00000000080074f4                get_process_advance
 .text.print_process_table
                0x0000000008007528       0x9c obj/Release/src/process_table/process_table.o
                0x0000000008007528                print_process_table
 .text.sensors_start_regular_group_conversion
                0x00000000080075c4        0xc obj/Release/src/sensors/analog_sensors.o
                0x00000000080075c4                sensors_start_regular_group_conversion
 .text.sensors_start_injected_group_conversion
                0x00000000080075d0        0xc obj/Release/src/sensors/analog_sensors.o
                0x00000000080075d0                sensors_start_injected_group_conversion
 .text.init_analog_sensors
                0x00000000080075dc      0x2d8 obj/Release/src/sensors/analog_sensors.o
                0x00000000080075dc                init_analog_sensors
 .text.update_analog_sensor
                0x00000000080078b4       0xdc obj/Release/src/sensors/analog_sensors.o
                0x00000000080078b4                update_analog_sensor
 .text.ADC_IRQHandler
                0x0000000008007990       0x6c obj/Release/src/sensors/analog_sensors.o
                0x0000000008007990                ADC_IRQHandler
 .text.DMA2_Stream0_IRQHandler
                0x00000000080079fc       0x9c obj/Release/src/sensors/analog_sensors.o
                0x00000000080079fc                DMA2_Stream0_IRQHandler
 .text.reset_dsensor_integrator
                0x0000000008007a98       0x2c obj/Release/src/sensors/digital_sensors.o
                0x0000000008007a98                reset_dsensor_integrator
 .text.init_digital_sensors
                0x0000000008007ac4       0x88 obj/Release/src/sensors/digital_sensors.o
                0x0000000008007ac4                init_digital_sensors
 .text.read_dsensors
                0x0000000008007b4c       0x64 obj/Release/src/sensors/digital_sensors.o
                0x0000000008007b4c                read_dsensors
 .text.update_digital_sensors
                0x0000000008007bb0       0x6c obj/Release/src/sensors/digital_sensors.o
                0x0000000008007bb0                update_digital_sensors
 .text.load_Sensor_Calibration
                0x0000000008007c1c       0x2c obj/Release/src/sensors/sensor_calibration.o
                0x0000000008007c1c                load_Sensor_Calibration
 .text.store_Sensor_Calibration
                0x0000000008007c48       0x10 obj/Release/src/sensors/sensor_calibration.o
                0x0000000008007c48                store_Sensor_Calibration
 .text.show_Sensor_Calibration
                0x0000000008007c58       0x30 obj/Release/src/sensors/sensor_calibration.o
                0x0000000008007c58                show_Sensor_Calibration
 .text.modify_Sensor_Calibration
                0x0000000008007c88       0x18 obj/Release/src/sensors/sensor_calibration.o
                0x0000000008007c88                modify_Sensor_Calibration
 .text.send_Sensor_Calibration
                0x0000000008007ca0        0xc obj/Release/src/sensors/sensor_calibration.o
                0x0000000008007ca0                send_Sensor_Calibration
 .text.store_InvTableCLT
                0x0000000008007cac       0x10 obj/Release/src/sensors/sensor_calibration.o
                0x0000000008007cac                store_InvTableCLT
 .text.show_InvTableCLT
                0x0000000008007cbc       0x20 obj/Release/src/sensors/sensor_calibration.o
                0x0000000008007cbc                show_InvTableCLT
 .text.modify_InvTableCLT
                0x0000000008007cdc       0x10 obj/Release/src/sensors/sensor_calibration.o
                0x0000000008007cdc                modify_InvTableCLT
 .text.send_InvTableCLT
                0x0000000008007cec        0xc obj/Release/src/sensors/sensor_calibration.o
                0x0000000008007cec                send_InvTableCLT
 .text.getValue_InvTableCLT
                0x0000000008007cf8       0x14 obj/Release/src/sensors/sensor_calibration.o
                0x0000000008007cf8                getValue_InvTableCLT
 .text.sensors_diag_log_event
                0x0000000008007d0c       0x28 obj/Release/src/sensors/sensors_diag.o
                0x0000000008007d0c                sensors_diag_log_event
 .text.print_sensors_diag
                0x0000000008007d34       0x68 obj/Release/src/sensors/sensors_diag.o
                0x0000000008007d34                print_sensors_diag
 .text.Tuareg_update_MAP_sensor
                0x0000000008007d9c       0x5c obj/Release/src/sensors/Tuareg_sensors.o
                0x0000000008007d9c                Tuareg_update_MAP_sensor
 .text.Tuareg_update_O2_sensor
                0x0000000008007df8       0x54 obj/Release/src/sensors/Tuareg_sensors.o
                0x0000000008007df8                Tuareg_update_O2_sensor
 .text.Tuareg_update_TPS_sensor
                0x0000000008007e4c       0x54 obj/Release/src/sensors/Tuareg_sensors.o
                0x0000000008007e4c                Tuareg_update_TPS_sensor
 .text.Tuareg_update_IAT_sensor
                0x0000000008007ea0       0x64 obj/Release/src/sensors/Tuareg_sensors.o
                0x0000000008007ea0                Tuareg_update_IAT_sensor
 .text.Tuareg_update_CLT_sensor
                0x0000000008007f04       0x68 obj/Release/src/sensors/Tuareg_sensors.o
                0x0000000008007f04                Tuareg_update_CLT_sensor
 .text.Tuareg_update_VBAT_sensor
                0x0000000008007f6c       0x58 obj/Release/src/sensors/Tuareg_sensors.o
                0x0000000008007f6c                Tuareg_update_VBAT_sensor
 .text.Tuareg_update_KNOCK_sensor
                0x0000000008007fc4       0x58 obj/Release/src/sensors/Tuareg_sensors.o
                0x0000000008007fc4                Tuareg_update_KNOCK_sensor
 .text.Tuareg_update_BARO_sensor
                0x000000000800801c       0x5c obj/Release/src/sensors/Tuareg_sensors.o
                0x000000000800801c                Tuareg_update_BARO_sensor
 .text.Tuareg_update_GEAR_sensor
                0x0000000008008078       0x74 obj/Release/src/sensors/Tuareg_sensors.o
                0x0000000008008078                Tuareg_update_GEAR_sensor
 .text.init_Sensors
                0x00000000080080ec       0xf0 obj/Release/src/sensors/Tuareg_sensors.o
                0x00000000080080ec                init_Sensors
 .text.adc_set_regular_group
                0x00000000080081dc       0x6e obj/Release/src/stm32_libs/stm32f4xx/boctok/stm32f4xx_adc_boctok.o
                0x00000000080081dc                adc_set_regular_group
 .text.adc_set_regular_group_length
                0x000000000800824a       0x18 obj/Release/src/stm32_libs/stm32f4xx/boctok/stm32f4xx_adc_boctok.o
                0x000000000800824a                adc_set_regular_group_length
 .text.adc_set_sample_time
                0x0000000008008262       0x3c obj/Release/src/stm32_libs/stm32f4xx/boctok/stm32f4xx_adc_boctok.o
                0x0000000008008262                adc_set_sample_time
 .text.adc_start_regular_group
                0x000000000800829e        0xa obj/Release/src/stm32_libs/stm32f4xx/boctok/stm32f4xx_adc_boctok.o
                0x000000000800829e                adc_start_regular_group
 .text.adc_start_injected_group
                0x00000000080082a8        0xa obj/Release/src/stm32_libs/stm32f4xx/boctok/stm32f4xx_adc_boctok.o
                0x00000000080082a8                adc_start_injected_group
 *fill*         0x00000000080082b2        0x2 
 .text.getScbDump
                0x00000000080082b4       0x24 obj/Release/src/stm32_libs/stm32f4xx/boctok/stm32f4xx_fault_handler_boctok.o
                0x00000000080082b4                getScbDump
 .text.getStackRegisters
                0x00000000080082d8       0x30 obj/Release/src/stm32_libs/stm32f4xx/boctok/stm32f4xx_fault_handler_boctok.o
                0x00000000080082d8                getStackRegisters
 .text.HardFault_Handler
                0x0000000008008308       0x28 obj/Release/src/stm32_libs/stm32f4xx/boctok/stm32f4xx_fault_handler_boctok.o
                0x0000000008008308                HardFault_Handler
 .text.NMI_Handler
                0x0000000008008330       0x28 obj/Release/src/stm32_libs/stm32f4xx/boctok/stm32f4xx_fault_handler_boctok.o
                0x0000000008008330                NMI_Handler
 .text.MemManage_Handler
                0x0000000008008358       0x28 obj/Release/src/stm32_libs/stm32f4xx/boctok/stm32f4xx_fault_handler_boctok.o
                0x0000000008008358                MemManage_Handler
 .text.BusFault_Handler
                0x0000000008008380       0x28 obj/Release/src/stm32_libs/stm32f4xx/boctok/stm32f4xx_fault_handler_boctok.o
                0x0000000008008380                BusFault_Handler
 .text.UsageFault_Handler
                0x00000000080083a8       0x28 obj/Release/src/stm32_libs/stm32f4xx/boctok/stm32f4xx_fault_handler_boctok.o
                0x00000000080083a8                UsageFault_Handler
 .text.SVC_Handler
                0x00000000080083d0       0x28 obj/Release/src/stm32_libs/stm32f4xx/boctok/stm32f4xx_fault_handler_boctok.o
                0x00000000080083d0                SVC_Handler
 .text.DebugMon_Handler
                0x00000000080083f8       0x28 obj/Release/src/stm32_libs/stm32f4xx/boctok/stm32f4xx_fault_handler_boctok.o
                0x00000000080083f8                DebugMon_Handler
 .text.PendSV_Handler
                0x0000000008008420       0x28 obj/Release/src/stm32_libs/stm32f4xx/boctok/stm32f4xx_fault_handler_boctok.o
                0x0000000008008420                PendSV_Handler
 .text.WWDG_IRQHandler
                0x0000000008008448       0x28 obj/Release/src/stm32_libs/stm32f4xx/boctok/stm32f4xx_fault_handler_boctok.o
                0x0000000008008448                WWDG_IRQHandler
 .text.FPU_IRQHandler
                0x0000000008008470       0x28 obj/Release/src/stm32_libs/stm32f4xx/boctok/stm32f4xx_fault_handler_boctok.o
                0x0000000008008470                FPU_IRQHandler
 .text.GPIO_configure
                0x0000000008008498       0x6c obj/Release/src/stm32_libs/stm32f4xx/boctok/stm32f4xx_gpio_boctok.o
                0x0000000008008498                GPIO_configure
 .text.SYSCFG_map_EXTI
                0x0000000008008504       0x98 obj/Release/src/stm32_libs/stm32f4xx/boctok/stm32f4xx_gpio_boctok.o
                0x0000000008008504                SYSCFG_map_EXTI
 .text.gpio_set_pin
                0x000000000800859c       0x36 obj/Release/src/stm32_libs/stm32f4xx/boctok/stm32f4xx_gpio_boctok.o
                0x000000000800859c                gpio_set_pin
 .text.GPIO_SetAF
                0x00000000080085d2       0x44 obj/Release/src/stm32_libs/stm32f4xx/boctok/stm32f4xx_gpio_boctok.o
                0x00000000080085d2                GPIO_SetAF
 *fill*         0x0000000008008616        0x2 
 .text.Reset_Handler
                0x0000000008008618       0x50 obj/Release/src/stm32_libs/stm32f4xx/cmsis/startup_stm32f410xx.o
                0x0000000008008618                Reset_Handler
 .text.Default_Handler
                0x0000000008008668        0x2 obj/Release/src/stm32_libs/stm32f4xx/cmsis/startup_stm32f410xx.o
                0x0000000008008668                RTC_Alarm_IRQHandler
                0x0000000008008668                FMPI2C1_EV_IRQHandler
                0x0000000008008668                TIM1_CC_IRQHandler
                0x0000000008008668                DMA2_Stream5_IRQHandler
                0x0000000008008668                DMA1_Stream5_IRQHandler
                0x0000000008008668                PVD_IRQHandler
                0x0000000008008668                TAMP_STAMP_IRQHandler
                0x0000000008008668                EXTI3_IRQHandler
                0x0000000008008668                I2C2_EV_IRQHandler
                0x0000000008008668                DMA1_Stream2_IRQHandler
                0x0000000008008668                DMA2_Stream2_IRQHandler
                0x0000000008008668                SPI1_IRQHandler
                0x0000000008008668                TIM6_DAC_IRQHandler
                0x0000000008008668                DMA2_Stream3_IRQHandler
                0x0000000008008668                USART6_IRQHandler
                0x0000000008008668                I2C1_EV_IRQHandler
                0x0000000008008668                DMA1_Stream6_IRQHandler
                0x0000000008008668                DMA1_Stream1_IRQHandler
                0x0000000008008668                RCC_IRQHandler
                0x0000000008008668                Default_Handler
                0x0000000008008668                EXTI15_10_IRQHandler
                0x0000000008008668                DMA1_Stream7_IRQHandler
                0x0000000008008668                SPI5_IRQHandler
                0x0000000008008668                DMA2_Stream7_IRQHandler
                0x0000000008008668                EXTI9_5_IRQHandler
                0x0000000008008668                RTC_WKUP_IRQHandler
                0x0000000008008668                SPI2_IRQHandler
                0x0000000008008668                DMA1_Stream0_IRQHandler
                0x0000000008008668                FMPI2C1_ER_IRQHandler
                0x0000000008008668                EXTI4_IRQHandler
                0x0000000008008668                RNG_IRQHandler
                0x0000000008008668                TIM1_UP_IRQHandler
                0x0000000008008668                TIM1_TRG_COM_TIM11_IRQHandler
                0x0000000008008668                USART2_IRQHandler
                0x0000000008008668                I2C2_ER_IRQHandler
                0x0000000008008668                DMA2_Stream1_IRQHandler
                0x0000000008008668                FLASH_IRQHandler
                0x0000000008008668                DMA2_Stream4_IRQHandler
                0x0000000008008668                DMA1_Stream4_IRQHandler
                0x0000000008008668                I2C1_ER_IRQHandler
                0x0000000008008668                LPTIM1_IRQHandler
                0x0000000008008668                DMA2_Stream6_IRQHandler
                0x0000000008008668                DMA1_Stream3_IRQHandler
 .text._init    0x000000000800866a        0x2 obj/Release/src/stm32_libs/stm32f4xx/cmsis/system_hse100_stm32f410.o
                0x000000000800866a                _init
 .text.SystemInit
                0x000000000800866c       0xf0 obj/Release/src/stm32_libs/stm32f4xx/cmsis/system_hse100_stm32f410.o
                0x000000000800866c                SystemInit
 .text.NVIC_PriorityGroupConfig
                0x000000000800875c       0x14 obj/Release/src/stm32_libs/stm32f4xx/spl/misc.o
                0x000000000800875c                NVIC_PriorityGroupConfig
 .text.DMA_Init
                0x0000000008008770       0x54 obj/Release/src/stm32_libs/stm32f4xx/spl/stm32f4xx_dma.o
                0x0000000008008770                DMA_Init
 .text.DMA_StructInit
                0x00000000080087c4       0x22 obj/Release/src/stm32_libs/stm32f4xx/spl/stm32f4xx_dma.o
                0x00000000080087c4                DMA_StructInit
 *fill*         0x00000000080087e6        0x2 
 .text.I2C_Init
                0x00000000080087e8       0xc8 obj/Release/src/stm32_libs/stm32f4xx/spl/stm32f4xx_i2c.o
                0x00000000080087e8                I2C_Init
 .text.I2C_Cmd  0x00000000080088b0       0x16 obj/Release/src/stm32_libs/stm32f4xx/spl/stm32f4xx_i2c.o
                0x00000000080088b0                I2C_Cmd
 .text.I2C_GenerateSTART
                0x00000000080088c6       0x16 obj/Release/src/stm32_libs/stm32f4xx/spl/stm32f4xx_i2c.o
                0x00000000080088c6                I2C_GenerateSTART
 .text.I2C_GenerateSTOP
                0x00000000080088dc       0x16 obj/Release/src/stm32_libs/stm32f4xx/spl/stm32f4xx_i2c.o
                0x00000000080088dc                I2C_GenerateSTOP
 .text.I2C_Send7bitAddress
                0x00000000080088f2       0x12 obj/Release/src/stm32_libs/stm32f4xx/spl/stm32f4xx_i2c.o
                0x00000000080088f2                I2C_Send7bitAddress
 .text.I2C_AcknowledgeConfig
                0x0000000008008904       0x16 obj/Release/src/stm32_libs/stm32f4xx/spl/stm32f4xx_i2c.o
                0x0000000008008904                I2C_AcknowledgeConfig
 .text.I2C_SendData
                0x000000000800891a        0x4 obj/Release/src/stm32_libs/stm32f4xx/spl/stm32f4xx_i2c.o
                0x000000000800891a                I2C_SendData
 .text.I2C_ReceiveData
                0x000000000800891e        0x6 obj/Release/src/stm32_libs/stm32f4xx/spl/stm32f4xx_i2c.o
                0x000000000800891e                I2C_ReceiveData
 .text.I2C_CheckEvent
                0x0000000008008924       0x16 obj/Release/src/stm32_libs/stm32f4xx/spl/stm32f4xx_i2c.o
                0x0000000008008924                I2C_CheckEvent
 .text.I2C_GetFlagStatus
                0x000000000800893a       0x34 obj/Release/src/stm32_libs/stm32f4xx/spl/stm32f4xx_i2c.o
                0x000000000800893a                I2C_GetFlagStatus
 .text.I2C_ClearFlag
                0x000000000800896e        0x8 obj/Release/src/stm32_libs/stm32f4xx/spl/stm32f4xx_i2c.o
                0x000000000800896e                I2C_ClearFlag
 *fill*         0x0000000008008976        0x2 
 .text.RCC_GetClocksFreq
                0x0000000008008978       0x88 obj/Release/src/stm32_libs/stm32f4xx/spl/stm32f4xx_rcc.o
                0x0000000008008978                RCC_GetClocksFreq
 .text.USART_Init
                0x0000000008008a00       0xb0 obj/Release/src/stm32_libs/stm32f4xx/spl/stm32f4xx_usart.o
                0x0000000008008a00                USART_Init
 .text.USART_Cmd
                0x0000000008008ab0       0x16 obj/Release/src/stm32_libs/stm32f4xx/spl/stm32f4xx_usart.o
                0x0000000008008ab0                USART_Cmd
 .text.USART_ReceiveData
                0x0000000008008ac6        0x8 obj/Release/src/stm32_libs/stm32f4xx/spl/stm32f4xx_usart.o
                0x0000000008008ac6                USART_ReceiveData
 .text.USART_ITConfig
                0x0000000008008ace       0x32 obj/Release/src/stm32_libs/stm32f4xx/spl/stm32f4xx_usart.o
                0x0000000008008ace                USART_ITConfig
 .text.Eeprom_init
                0x0000000008008b00       0xa0 obj/Release/src/storage/eeprom.o
                0x0000000008008b00                Eeprom_init
 .text.eeprom_wait
                0x0000000008008ba0       0xb0 obj/Release/src/storage/eeprom.o
                0x0000000008008ba0                eeprom_wait
 .text.eeprom_write_byte
                0x0000000008008c50      0x104 obj/Release/src/storage/eeprom.o
                0x0000000008008c50                eeprom_write_byte
 .text.eeprom_read_byte
                0x0000000008008d54      0x188 obj/Release/src/storage/eeprom.o
                0x0000000008008d54                eeprom_read_byte
 .text.eeprom_update_byte
                0x0000000008008edc       0x58 obj/Release/src/storage/eeprom.o
                0x0000000008008edc                eeprom_update_byte
 .text.Eeprom_load_data
                0x0000000008008f34       0x40 obj/Release/src/storage/eeprom.o
                0x0000000008008f34                Eeprom_load_data
 .text.Eeprom_update_data
                0x0000000008008f74       0x38 obj/Release/src/storage/eeprom.o
                0x0000000008008f74                Eeprom_update_data
 .text.getValue_t2D
                0x0000000008008fac       0xbc obj/Release/src/storage/table.o
                0x0000000008008fac                getValue_t2D
 .text.getValue_t3D
                0x0000000008009068      0x304 obj/Release/src/storage/table.o
                0x0000000008009068                getValue_t3D
 .text.load_t2D_data
                0x000000000800936c        0xc obj/Release/src/storage/table.o
                0x000000000800936c                load_t2D_data
 .text.load_t2D
                0x0000000008009378        0xe obj/Release/src/storage/table.o
                0x0000000008009378                load_t2D
 .text.load_t3D_data
                0x0000000008009386        0xe obj/Release/src/storage/table.o
                0x0000000008009386                load_t3D_data
 .text.store_t2D_data
                0x0000000008009394        0xc obj/Release/src/storage/table.o
                0x0000000008009394                store_t2D_data
 .text.store_t2D
                0x00000000080093a0        0xe obj/Release/src/storage/table.o
                0x00000000080093a0                store_t2D
 .text.store_t3D_data
                0x00000000080093ae        0xe obj/Release/src/storage/table.o
                0x00000000080093ae                store_t3D_data
 .text.show_t3D_data
                0x00000000080093bc       0xa4 obj/Release/src/storage/table.o
                0x00000000080093bc                show_t3D_data
 .text.show_t2D_data
                0x0000000008009460       0x64 obj/Release/src/storage/table.o
                0x0000000008009460                show_t2D_data
 .text.modify_t2D_data
                0x00000000080094c4        0xe obj/Release/src/storage/table.o
                0x00000000080094c4                modify_t2D_data
 .text.modify_t3D_data
                0x00000000080094d2       0x10 obj/Release/src/storage/table.o
                0x00000000080094d2                modify_t3D_data
 .text.send_t2D_data
                0x00000000080094e2        0x6 obj/Release/src/storage/table.o
                0x00000000080094e2                send_t2D_data
 .text.send_t3D_data
                0x00000000080094e8        0x8 obj/Release/src/storage/table.o
                0x00000000080094e8                send_t3D_data
 .text.allocate_timer_channel_1
                0x00000000080094f0       0x3c obj/Release/src/timing/scheduler.o
                0x00000000080094f0                allocate_timer_channel_1
 .text.reset_timer_channel_1
                0x000000000800952c       0x30 obj/Release/src/timing/scheduler.o
                0x000000000800952c                reset_timer_channel_1
 .text.allocate_timer_channel_2
                0x000000000800955c       0x3c obj/Release/src/timing/scheduler.o
                0x000000000800955c                allocate_timer_channel_2
 .text.reset_timer_channel_2
                0x0000000008009598       0x30 obj/Release/src/timing/scheduler.o
                0x0000000008009598                reset_timer_channel_2
 .text.allocate_timer_channel_3
                0x00000000080095c8       0x3c obj/Release/src/timing/scheduler.o
                0x00000000080095c8                allocate_timer_channel_3
 .text.reset_timer_channel_3
                0x0000000008009604       0x30 obj/Release/src/timing/scheduler.o
                0x0000000008009604                reset_timer_channel_3
 .text.allocate_timer_channel_4
                0x0000000008009634       0x3c obj/Release/src/timing/scheduler.o
                0x0000000008009634                allocate_timer_channel_4
 .text.reset_timer_channel_4
                0x0000000008009670       0x30 obj/Release/src/timing/scheduler.o
                0x0000000008009670                reset_timer_channel_4
 .text.init_Vital_Scheduler
                0x00000000080096a0       0xd0 obj/Release/src/timing/scheduler.o
                0x00000000080096a0                init_Vital_Scheduler
 .text.scheduler_reset_channel
                0x0000000008009770       0x5c obj/Release/src/timing/scheduler.o
                0x0000000008009770                scheduler_reset_channel
 .text.allocate_channel
                0x00000000080097cc       0x8c obj/Release/src/timing/scheduler.o
                0x00000000080097cc                allocate_channel
 .text.scheduler_set_channel
                0x0000000008009858      0x108 obj/Release/src/timing/scheduler.o
                0x0000000008009858                scheduler_set_channel
 .text.TIM5_IRQHandler
                0x0000000008009960      0x128 obj/Release/src/timing/scheduler.o
                0x0000000008009960                TIM5_IRQHandler
 .text.scheduler_diag_log_event
                0x0000000008009a88       0x28 obj/Release/src/timing/scheduler_diag.o
                0x0000000008009a88                scheduler_diag_log_event
 .text.print_scheduler_diag
                0x0000000008009ab0       0x68 obj/Release/src/timing/scheduler_diag.o
                0x0000000008009ab0                print_scheduler_diag
 .text.init_systick_timer
                0x0000000008009b18       0x24 obj/Release/src/timing/systick_timer.o
                0x0000000008009b18                init_systick_timer
 .text.get_timestamp_fraction_us
                0x0000000008009b3c       0x24 obj/Release/src/timing/systick_timer.o
                0x0000000008009b3c                get_timestamp_fraction_us
 .text.SysTick_Handler
                0x0000000008009b60       0xf4 obj/Release/src/timing/systick_timer.o
                0x0000000008009b60                SysTick_Handler
 .text.calc_rot_duration_us
                0x0000000008009c54        0xc obj/Release/src/utils/base_calc.o
                0x0000000008009c54                calc_rot_duration_us
 .text.calc_rot_angle_deg
                0x0000000008009c60       0x20 obj/Release/src/utils/base_calc.o
                0x0000000008009c60                calc_rot_angle_deg
 .text.calc_rpm
                0x0000000008009c80       0x20 obj/Release/src/utils/base_calc.o
                0x0000000008009c80                calc_rpm
 .text.sub_VU32
                0x0000000008009ca0       0x14 obj/Release/src/utils/base_calc.o
                0x0000000008009ca0                sub_VU32
 .text.subtract_U32
                0x0000000008009cb4        0xa obj/Release/src/utils/base_calc.o
                0x0000000008009cb4                subtract_U32
 .text.divide_U32
                0x0000000008009cbe       0x18 obj/Release/src/utils/base_calc.o
                0x0000000008009cbe                divide_U32
 *fill*         0x0000000008009cd6        0x2 
 .text.divide_F32
                0x0000000008009cd8       0x2c obj/Release/src/utils/base_calc.o
                0x0000000008009cd8                divide_F32
 .text.divide_float
                0x0000000008009d04       0x28 obj/Release/src/utils/base_calc.o
                0x0000000008009d04                divide_float
 .text.crank_position_after
                0x0000000008009d2c       0x14 obj/Release/src/utils/base_calc.o
                0x0000000008009d2c                crank_position_after
 .text.opposite_phase
                0x0000000008009d40       0x10 obj/Release/src/utils/base_calc.o
                0x0000000008009d40                opposite_phase
 .text.solve_linear
                0x0000000008009d50       0x48 obj/Release/src/utils/base_calc.o
                0x0000000008009d50                solve_linear
 .text.calc_ema
                0x0000000008009d98       0x42 obj/Release/src/utils/base_calc.o
                0x0000000008009d98                calc_ema
 .text.update_ema_filter
                0x0000000008009dda       0x1a obj/Release/src/utils/base_calc.o
                0x0000000008009dda                update_ema_filter
 .text.calc_derivative_s
                0x0000000008009df4       0x44 obj/Release/src/utils/base_calc.o