Archive member included to satisfy reference by file (symbol)

/opt/gcc-arm-none-eabi-7-2017-q4-major/bin/../lib/gcc/arm-none-eabi/7.2.1/../../../../arm-none-eabi/lib/thumb/v7e-m/fpv4-sp/hard/libc.a(lib_a-init.o)
                              obj/Debug/src/stm32_libs/stm32f4xx/cmsis/startup_stm32f410xx.o (__libc_init_array)

Discarded input sections

 .group         0x0000000000000000        0xc obj/Debug/src/actors/act_hw.o
 .group         0x0000000000000000        0xc obj/Debug/src/actors/act_hw.o
 .group         0x0000000000000000        0xc obj/Debug/src/actors/act_hw.o
 .group         0x0000000000000000        0xc obj/Debug/src/actors/act_hw.o
 .group         0x0000000000000000        0xc obj/Debug/src/actors/act_hw.o
 .group         0x0000000000000000        0xc obj/Debug/src/actors/act_hw.o
 .group         0x0000000000000000        0xc obj/Debug/src/actors/act_hw.o
 .group         0x0000000000000000        0xc obj/Debug/src/actors/act_hw.o
 .group         0x0000000000000000        0xc obj/Debug/src/actors/act_hw.o
 .group         0x0000000000000000        0xc obj/Debug/src/actors/act_hw.o
 .group         0x0000000000000000        0xc obj/Debug/src/actors/act_hw.o
 .group         0x0000000000000000        0xc obj/Debug/src/actors/act_hw.o
 .group         0x0000000000000000        0xc obj/Debug/src/actors/act_hw.o
 .group         0x0000000000000000        0xc obj/Debug/src/actors/act_hw.o
 .group         0x0000000000000000        0xc obj/Debug/src/actors/act_hw.o
 .group         0x0000000000000000        0xc obj/Debug/src/actors/act_hw.o
 .group         0x0000000000000000        0xc obj/Debug/src/actors/act_hw.o
 .group         0x0000000000000000        0xc obj/Debug/src/actors/act_hw.o
 .group         0x0000000000000000        0xc obj/Debug/src/actors/act_hw.o
 .group         0x0000000000000000        0xc obj/Debug/src/actors/act_hw.o
 .group         0x0000000000000000        0xc obj/Debug/src/actors/act_hw.o
 .group         0x0000000000000000        0xc obj/Debug/src/actors/act_hw.o
 .group         0x0000000000000000        0xc obj/Debug/src/actors/act_hw.o
 .group         0x0000000000000000        0xc obj/Debug/src/actors/act_hw.o
 .group         0x0000000000000000        0xc obj/Debug/src/actors/act_hw.o
 .group         0x0000000000000000        0xc obj/Debug/src/actors/act_hw.o
 .group         0x0000000000000000        0xc obj/Debug/src/actors/act_hw.o
 .group         0x0000000000000000        0xc obj/Debug/src/actors/act_hw.o
 .group         0x0000000000000000        0xc obj/Debug/src/actors/act_hw.o
 .group         0x0000000000000000        0xc obj/Debug/src/actors/act_hw.o
 .group         0x0000000000000000        0xc obj/Debug/src/actors/act_hw.o
 .group         0x0000000000000000        0xc obj/Debug/src/actors/act_hw.o
 .group         0x0000000000000000        0xc obj/Debug/src/actors/act_hw.o
 .group         0x0000000000000000        0xc obj/Debug/src/actors/act_hw.o
 .group         0x0000000000000000        0xc obj/Debug/src/actors/act_hw.o
 .group         0x0000000000000000        0xc obj/Debug/src/actors/act_hw.o
 .group         0x0000000000000000        0xc obj/Debug/src/actors/act_hw.o
 .group         0x0000000000000000        0xc obj/Debug/src/actors/act_hw.o
 .group         0x0000000000000000        0xc obj/Debug/src/actors/act_hw.o
 .group         0x0000000000000000        0xc obj/Debug/src/actors/act_hw.o
 .group         0x0000000000000000        0xc obj/Debug/src/actors/act_hw.o
 .group         0x0000000000000000        0xc obj/Debug/src/actors/act_hw.o
 .group         0x0000000000000000        0xc obj/Debug/src/actors/act_hw.o
 .group         0x0000000000000000        0xc obj/Debug/src/actors/act_hw.o
 .group         0x0000000000000000        0xc obj/Debug/src/actors/act_hw.o
 .group         0x0000000000000000        0xc obj/Debug/src/actors/act_hw.o
 .group         0x0000000000000000        0xc obj/Debug/src/actors/act_hw.o
 .group         0x0000000000000000        0xc obj/Debug/src/actors/act_hw.o
 .group         0x0000000000000000        0xc obj/Debug/src/actors/act_hw.o
 .group         0x0000000000000000        0xc obj/Debug/src/actors/act_hw.o
 .group         0x0000000000000000        0xc obj/Debug/src/actors/act_hw.o
 .group         0x0000000000000000        0xc obj/Debug/src/actors/act_hw.o
 .group         0x0000000000000000        0xc obj/Debug/src/actors/act_hw.o
 .group         0x0000000000000000        0xc obj/Debug/src/actors/act_hw.o
 .text          0x0000000000000000        0x0 obj/Debug/src/actors/act_hw.o
 .data          0x0000000000000000        0x0 obj/Debug/src/actors/act_hw.o
 .bss           0x0000000000000000        0x0 obj/Debug/src/actors/act_hw.o
 .text.set_act1
                0x0000000000000000       0x34 obj/Debug/src/actors/act_hw.o
 .text.set_act2
                0x0000000000000000       0x34 obj/Debug/src/actors/act_hw.o
 .text.init_act_hw
                0x0000000000000000       0x54 obj/Debug/src/actors/act_hw.o
[...]
Memory Configuration

Name             Origin             Length             Attributes
FLASH            0x0000000008000000 0x0000000000020000 xr
RAM              0x0000000020000000 0x0000000000008000 xrw
MEMORY_B1        0x0000000060000000 0x0000000000000000 xr
*default*        0x0000000000000000 0xffffffffffffffff

Linker script and memory map

LOAD obj/Debug/src/actors/act_hw.o
LOAD obj/Debug/src/actors/act_logic.o
LOAD obj/Debug/src/com/serial_monitor.o
LOAD obj/Debug/src/com/Tuareg_console.o
LOAD obj/Debug/src/com/TunerStudio.o
LOAD obj/Debug/src/com/TunerStudio_outChannel.o
LOAD obj/Debug/src/com/TunerStudio_service.o
LOAD obj/Debug/src/com/uart.o
LOAD obj/Debug/src/com/uart_printf.o
LOAD obj/Debug/src/dash/dash_hw.o
LOAD obj/Debug/src/dash/dash_logic.o
LOAD obj/Debug/src/debug/debug.o
LOAD obj/Debug/src/debug/debug_port_messages.o
LOAD obj/Debug/src/debug/dwt.o
LOAD obj/Debug/src/decoder/decoder_cis.o
LOAD obj/Debug/src/decoder/decoder_config.o
LOAD obj/Debug/src/decoder/decoder_debug.o
LOAD obj/Debug/src/decoder/decoder_diag.o
LOAD obj/Debug/src/decoder/decoder_hw.o
LOAD obj/Debug/src/decoder/decoder_logic.o
LOAD obj/Debug/src/decoder/Tuareg_decoder.o
LOAD obj/Debug/src/diagnostics/diagnostics.o
LOAD obj/Debug/src/diagnostics/fault_log.o
LOAD obj/Debug/src/diagnostics/highspeed_loggers.o
LOAD obj/Debug/src/diagnostics/syslog.o
LOAD obj/Debug/src/fueling/fueling_config.o
LOAD obj/Debug/src/fueling/fueling_diag.o
LOAD obj/Debug/src/fueling/fueling_hw.o
LOAD obj/Debug/src/fueling/fueling_logic.o
LOAD obj/Debug/src/fueling/Tuareg_fueling.o
LOAD obj/Debug/src/fueling/Tuareg_fueling_controls.o
LOAD obj/Debug/src/ignition/ignition_config.o
LOAD obj/Debug/src/ignition/ignition_diag.o
LOAD obj/Debug/src/ignition/ignition_hw.o
LOAD obj/Debug/src/ignition/Tuareg_ignition.o
LOAD obj/Debug/src/ignition/Tuareg_ignition_controls.o
LOAD obj/Debug/src/main/main.o
LOAD obj/Debug/src/main/Tuareg.o
LOAD obj/Debug/src/main/Tuareg_config.o
LOAD obj/Debug/src/main/Tuareg_diag.o
LOAD obj/Debug/src/main/Tuareg_errors.o
LOAD obj/Debug/src/main/Tuareg_ID.o
LOAD obj/Debug/src/main/Tuareg_process_data.o
LOAD obj/Debug/src/main/Tuareg_service_functions.o
LOAD obj/Debug/src/main/Tuareg_types.o
LOAD obj/Debug/src/module_test/module_test.o
LOAD obj/Debug/src/process_table/process_table.o
LOAD obj/Debug/src/sensors/analog_sensors.o
LOAD obj/Debug/src/sensors/digital_sensors.o
LOAD obj/Debug/src/sensors/knock_sensor.o
LOAD obj/Debug/src/sensors/sensor_calibration.o
LOAD obj/Debug/src/sensors/sensors_diag.o
LOAD obj/Debug/src/sensors/Tuareg_sensors.o
LOAD obj/Debug/src/stm32_libs/stm32f4xx/boctok/stm32f4xx_adc.o
LOAD obj/Debug/src/stm32_libs/stm32f4xx/boctok/stm32f4xx_fault_handler.o
LOAD obj/Debug/src/stm32_libs/stm32f4xx/boctok/stm32f4xx_gpio.o
LOAD obj/Debug/src/stm32_libs/stm32f4xx/cmsis/startup_stm32f410xx.o
LOAD obj/Debug/src/stm32_libs/stm32f4xx/cmsis/system_hse100_stm32f410.o
LOAD obj/Debug/src/stm32_libs/stm32f4xx/spl/misc.o
LOAD obj/Debug/src/stm32_libs/stm32f4xx/spl/stm32f4xx_dma.o
LOAD obj/Debug/src/stm32_libs/stm32f4xx/spl/stm32f4xx_i2c.o
LOAD obj/Debug/src/stm32_libs/stm32f4xx/spl/stm32f4xx_rcc.o
LOAD obj/Debug/src/stm32_libs/stm32f4xx/spl/stm32f4xx_usart.o
LOAD obj/Debug/src/storage/eeprom.o
LOAD obj/Debug/src/storage/table.o
LOAD obj/Debug/src/timing/lowprio_scheduler.o
LOAD obj/Debug/src/timing/scheduler.o
LOAD obj/Debug/src/timing/scheduler_diag.o
LOAD obj/Debug/src/timing/systick_timer.o
LOAD obj/Debug/src/utils/base_calc.o
LOAD obj/Debug/src/utils/bitfields.o
LOAD obj/Debug/src/utils/conversion.o
                0x0000000020008000                _estack = 0x20008000
                0x0000000000000000                _Min_Heap_Size = 0x0
                0x0000000000000100                _Min_Stack_Size = 0x100

.isr_vector     0x0000000008000000      0x1c8
                0x0000000008000000                . = ALIGN (0x4)
 *(.isr_vector)
 .isr_vector    0x0000000008000000      0x1c8 obj/Debug/src/stm32_libs/stm32f4xx/cmsis/startup_stm32f410xx.o
                0x0000000008000000                g_pfnVectors
                0x00000000080001c8                . = ALIGN (0x4)

.text           0x00000000080001c8    0x10d08
                0x00000000080001c8                . = ALIGN (0x4)
 *(.text)
 *(.text*)
 .text.Tuareg_update_console
                0x00000000080001c8      0x3d0 obj/Debug/src/com/Tuareg_console.o
                0x00000000080001c8                Tuareg_update_console
 .text.cli_showPage
                0x0000000008000598      0x1a0 obj/Debug/src/com/Tuareg_console.o
                0x0000000008000598                cli_showPage
 .text.cli_checkPermissions
                0x0000000008000738      0x1a4 obj/Debug/src/com/Tuareg_console.o
                0x0000000008000738                cli_checkPermissions
 .text.cli_show_help
                0x00000000080008dc      0x11c obj/Debug/src/com/Tuareg_console.o
                0x00000000080008dc                cli_show_help
 .text.cli_cyclic_update
                0x00000000080009f8       0x24 obj/Debug/src/com/Tuareg_console.o
                0x00000000080009f8                cli_cyclic_update
 .text.Tuareg_init_console
                0x0000000008000a1c       0x18 obj/Debug/src/com/Tuareg_console.o
                0x0000000008000a1c                Tuareg_init_console
 .text.ts_readPage
                0x0000000008000a34      0x114 obj/Debug/src/com/TunerStudio.o
                0x0000000008000a34                ts_readPage
 .text.ts_valueWrite
                0x0000000008000b48      0x334 obj/Debug/src/com/TunerStudio.o
                0x0000000008000b48                ts_valueWrite
 .text.ts_burnPage
                0x0000000008000e7c      0x12c obj/Debug/src/com/TunerStudio.o
                0x0000000008000e7c                ts_burnPage
 .text.ts_sendOutputChannels
                0x0000000008000fa8      0x1e4 obj/Debug/src/com/TunerStudio_outChannel.o
                0x0000000008000fa8                ts_sendOutputChannels
 .text.ts_tuareg_bits
                0x000000000800118c      0x27c obj/Debug/src/com/TunerStudio_outChannel.o
                0x000000000800118c                ts_tuareg_bits
 .text.NVIC_SystemReset
                0x0000000008001408       0x24 obj/Debug/src/com/TunerStudio_service.o
 .text.ts_debug_features
                0x000000000800142c       0xe4 obj/Debug/src/com/TunerStudio_service.o
                0x000000000800142c                ts_debug_features
 .text.ts_debug_info
                0x0000000008001510      0x104 obj/Debug/src/com/TunerStudio_service.o
                0x0000000008001510                ts_debug_info
 .text.cli_show_process_data
                0x0000000008001614       0xd4 obj/Debug/src/com/TunerStudio_service.o
                0x0000000008001614                cli_show_process_data
 .text.cli_show_ignition_controls
                0x00000000080016e8      0x15c obj/Debug/src/com/TunerStudio_service.o
                0x00000000080016e8                cli_show_ignition_controls
 .text.cli_show_decoder_interface
                0x0000000008001844      0x180 obj/Debug/src/com/TunerStudio_service.o
                0x0000000008001844                cli_show_decoder_interface
 .text.cli_print_sensor_data
                0x00000000080019c4      0x294 obj/Debug/src/com/TunerStudio_service.o
                0x00000000080019c4                cli_print_sensor_data
 .text.NVIC_EnableIRQ
                0x0000000008001c58       0x2c obj/Debug/src/com/uart.o
 .text.NVIC_SetPriority
                0x0000000008001c84       0x50 obj/Debug/src/com/uart.o
 .text.UART_TS_PORT_Init
                0x0000000008001cd4       0xc8 obj/Debug/src/com/uart.o
                0x0000000008001cd4                UART_TS_PORT_Init
 .text.UART_DEBUG_PORT_Init
                0x0000000008001d9c       0x84 obj/Debug/src/com/uart.o
                0x0000000008001d9c                UART_DEBUG_PORT_Init
 .text.UART_Tx  0x0000000008001e20       0x44 obj/Debug/src/com/uart.o
                0x0000000008001e20                UART_Tx
 .text.UART_Tx_n
                0x0000000008001e64       0x36 obj/Debug/src/com/uart.o
                0x0000000008001e64                UART_Tx_n
 *fill*         0x0000000008001e9a        0x2 
 .text.UART_TS_PORT_NEXT_LINE
                0x0000000008001e9c       0x24 obj/Debug/src/com/uart.o
                0x0000000008001e9c                UART_TS_PORT_NEXT_LINE
 .text.UART_TS_PORT_reset_char_count
                0x0000000008001ec0       0x10 obj/Debug/src/com/uart.o
                0x0000000008001ec0                UART_TS_PORT_reset_char_count
 .text.UART_TS_PORT_get_char_count
                0x0000000008001ed0        0xc obj/Debug/src/com/uart.o
                0x0000000008001ed0                UART_TS_PORT_get_char_count
 .text.UART_available
                0x0000000008001edc        0xc obj/Debug/src/com/uart.o
                0x0000000008001edc                UART_available
 .text.UART_getRX
                0x0000000008001ee8       0x20 obj/Debug/src/com/uart.o
                0x0000000008001ee8                UART_getRX
 .text.serial_buffer_push
                0x0000000008001f08       0x58 obj/Debug/src/com/uart.o
                0x0000000008001f08                serial_buffer_push
 .text.serial_buffer_pull
                0x0000000008001f60       0x56 obj/Debug/src/com/uart.o
                0x0000000008001f60                serial_buffer_pull
 .text.UART_send_data
                0x0000000008001fb6       0x3e obj/Debug/src/com/uart.o
                0x0000000008001fb6                UART_send_data
 .text.USART1_IRQHandler
                0x0000000008001ff4       0x48 obj/Debug/src/com/uart.o
                0x0000000008001ff4                USART1_IRQHandler
 .text.printf_U
                0x000000000800203c      0x254 obj/Debug/src/com/uart_printf.o
                0x000000000800203c                printf_U
 .text.printf_F32
                0x0000000008002290      0x18c obj/Debug/src/com/uart_printf.o
                0x0000000008002290                printf_F32
 .text.printf_nib_hex
                0x000000000800241c       0x28 obj/Debug/src/com/uart_printf.o
                0x000000000800241c                printf_nib_hex
 .text.printf_U32hex
                0x0000000008002444       0x50 obj/Debug/src/com/uart_printf.o
                0x0000000008002444                printf_U32hex
 .text.printf_crkpos
                0x0000000008002494       0xc4 obj/Debug/src/com/uart_printf.o
                0x0000000008002494                printf_crkpos
 .text.printf_phase
                0x0000000008002558       0x54 obj/Debug/src/com/uart_printf.o
                0x0000000008002558                printf_phase
 .text.printf_decoder_sensing
                0x00000000080025ac       0x94 obj/Debug/src/com/uart_printf.o
                0x00000000080025ac                printf_decoder_sensing
 .text.print    0x0000000008002640       0x2c obj/Debug/src/com/uart_printf.o
                0x0000000008002640                print
 .text.print_flash
                0x000000000800266c       0x2c obj/Debug/src/com/uart_printf.o
                0x000000000800266c                print_flash
 .text.set_tachometer
                0x0000000008002698       0x48 obj/Debug/src/dash/dash_hw.o
                0x0000000008002698                set_tachometer
 .text.set_mil  0x00000000080026e0       0x64 obj/Debug/src/dash/dash_hw.o
                0x00000000080026e0                set_mil
 .text.init_dash_hw
                0x0000000008002744       0x54 obj/Debug/src/dash/dash_hw.o
                0x0000000008002744                init_dash_hw
 .text.init_dash
                0x0000000008002798       0x16 obj/Debug/src/dash/dash_logic.o
                0x0000000008002798                init_dash
 .text.dash_set_tachometer
                0x00000000080027ae        0xe obj/Debug/src/dash/dash_logic.o
                0x00000000080027ae                dash_set_tachometer
 .text.dash_set_mil
                0x00000000080027bc       0x38 obj/Debug/src/dash/dash_logic.o
                0x00000000080027bc                dash_set_mil
 .text.DebugMsg_Error
                0x00000000080027f4       0x28 obj/Debug/src/debug/debug_port_messages.o
                0x00000000080027f4                DebugMsg_Error
 .text.DebugMsg_Warning
                0x000000000800281c       0x28 obj/Debug/src/debug/debug_port_messages.o
                0x000000000800281c                DebugMsg_Warning
 .text.DebugMsg_Info
                0x0000000008002844       0x28 obj/Debug/src/debug/debug_port_messages.o
                0x0000000008002844                DebugMsg_Info
 .text.decoder_update_cis
                0x000000000800286c      0x234 obj/Debug/src/decoder/decoder_cis.o
                0x000000000800286c                decoder_update_cis
 .text.decoder_cis_handler
                0x0000000008002aa0       0xcc obj/Debug/src/decoder/decoder_cis.o
                0x0000000008002aa0                decoder_cis_handler
 .text.decoder_cis_noisefilter_handler
                0x0000000008002b6c        0xa obj/Debug/src/decoder/decoder_cis.o
                0x0000000008002b6c                decoder_cis_noisefilter_handler
 *fill*         0x0000000008002b76        0x2 
 .text.enable_cis
                0x0000000008002b78       0x54 obj/Debug/src/decoder/decoder_cis.o
                0x0000000008002b78                enable_cis
 .text.disable_cis
                0x0000000008002bcc        0xe obj/Debug/src/decoder/decoder_cis.o
                0x0000000008002bcc                disable_cis
 *fill*         0x0000000008002bda        0x2 
 .text.load_Decoder_Setup
                0x0000000008002bdc       0x20 obj/Debug/src/decoder/decoder_config.o
                0x0000000008002bdc                load_Decoder_Setup
 .text.load_essential_Decoder_Setup
                0x0000000008002bfc       0x64 obj/Debug/src/decoder/decoder_config.o
                0x0000000008002bfc                load_essential_Decoder_Setup
 .text.store_Decoder_Setup
                0x0000000008002c60       0x1c obj/Debug/src/decoder/decoder_config.o
                0x0000000008002c60                store_Decoder_Setup
 .text.show_Decoder_Setup
                0x0000000008002c7c      0x1b4 obj/Debug/src/decoder/decoder_config.o
                0x0000000008002c7c                show_Decoder_Setup
 .text.modify_Decoder_Setup
                0x0000000008002e30       0x2c obj/Debug/src/decoder/decoder_config.o
                0x0000000008002e30                modify_Decoder_Setup
 .text.send_Decoder_Setup
                0x0000000008002e5c       0x20 obj/Debug/src/decoder/decoder_config.o
                0x0000000008002e5c                send_Decoder_Setup
 .text.decoder_diag_log_event
                0x0000000008002e7c       0x44 obj/Debug/src/decoder/decoder_diag.o
                0x0000000008002e7c                decoder_diag_log_event
 .text.print_decoder_diag
                0x0000000008002ec0       0x84 obj/Debug/src/decoder/decoder_diag.o
                0x0000000008002ec0                print_decoder_diag
 .text.NVIC_EnableIRQ
                0x0000000008002f44       0x2c obj/Debug/src/decoder/decoder_hw.o
 .text.NVIC_ClearPendingIRQ
                0x0000000008002f70       0x30 obj/Debug/src/decoder/decoder_hw.o
 .text.NVIC_SetPriority
                0x0000000008002fa0       0x50 obj/Debug/src/decoder/decoder_hw.o
 .text.decoder_start_timer
                0x0000000008002ff0       0x84 obj/Debug/src/decoder/decoder_hw.o
                0x0000000008002ff0                decoder_start_timer
 .text.decoder_set_timer_prescaler
                0x0000000008003074       0x38 obj/Debug/src/decoder/decoder_hw.o
                0x0000000008003074                decoder_set_timer_prescaler
 .text.decoder_stop_timer
                0x00000000080030ac       0x24 obj/Debug/src/decoder/decoder_hw.o
                0x00000000080030ac                decoder_stop_timer
 .text.update_crank_noisefilter
                0x00000000080030d0       0x54 obj/Debug/src/decoder/decoder_hw.o
                0x00000000080030d0                update_crank_noisefilter
 .text.update_cam_noisefilter
                0x0000000008003124       0x54 obj/Debug/src/decoder/decoder_hw.o
                0x0000000008003124                update_cam_noisefilter
 .text.decoder_mask_crank_irq
                0x0000000008003178       0x14 obj/Debug/src/decoder/decoder_hw.o
                0x0000000008003178                decoder_mask_crank_irq
 .text.decoder_unmask_crank_irq
                0x000000000800318c       0x1c obj/Debug/src/decoder/decoder_hw.o
                0x000000000800318c                decoder_unmask_crank_irq
 .text.decoder_mask_cis_irq
                0x00000000080031a8       0x14 obj/Debug/src/decoder/decoder_hw.o
                0x00000000080031a8                decoder_mask_cis_irq
 .text.decoder_unmask_cis_irq
                0x00000000080031bc       0x1c obj/Debug/src/decoder/decoder_hw.o
                0x00000000080031bc                decoder_unmask_cis_irq
 .text.set_crank_pickup_sensing_rise
                0x00000000080031d8       0x2c obj/Debug/src/decoder/decoder_hw.o
                0x00000000080031d8                set_crank_pickup_sensing_rise
 .text.set_crank_pickup_sensing_fall
                0x0000000008003204       0x2c obj/Debug/src/decoder/decoder_hw.o
                0x0000000008003204                set_crank_pickup_sensing_fall
 .text.set_crank_pickup_sensing_disabled
                0x0000000008003230       0x2c obj/Debug/src/decoder/decoder_hw.o
                0x0000000008003230                set_crank_pickup_sensing_disabled
 .text.set_cis_sensing_rise
                0x000000000800325c       0x2c obj/Debug/src/decoder/decoder_hw.o
                0x000000000800325c                set_cis_sensing_rise
 .text.set_cis_sensing_fall
                0x0000000008003288       0x2c obj/Debug/src/decoder/decoder_hw.o
                0x0000000008003288                set_cis_sensing_fall
 .text.decoder_set_crank_pickup_sensing
                0x00000000080032b4       0x64 obj/Debug/src/decoder/decoder_hw.o
                0x00000000080032b4                decoder_set_crank_pickup_sensing
 .text.decoder_set_cis_sensing
                0x0000000008003318       0x64 obj/Debug/src/decoder/decoder_hw.o
                0x0000000008003318                decoder_set_cis_sensing
 .text.trigger_decoder_irq
                0x000000000800337c       0x18 obj/Debug/src/decoder/decoder_hw.o
                0x000000000800337c                trigger_decoder_irq
 .text.init_decoder_hw
                0x0000000008003394      0x108 obj/Debug/src/decoder/decoder_hw.o
                0x0000000008003394                init_decoder_hw
 .text.decoder_get_timestamp
                0x000000000800349c        0xc obj/Debug/src/decoder/decoder_hw.o
                0x000000000800349c                decoder_get_timestamp
 .text.decoder_set_timer_continuous_mode_on
                0x00000000080034a8       0x2c obj/Debug/src/decoder/decoder_hw.o
                0x00000000080034a8                decoder_set_timer_continuous_mode_on
 .text.decoder_set_timer_continuous_mode_off
                0x00000000080034d4       0x2c obj/Debug/src/decoder/decoder_hw.o
                0x00000000080034d4                decoder_set_timer_continuous_mode_off
 .text.decoder_request_timer_reset
                0x0000000008003500       0x14 obj/Debug/src/decoder/decoder_hw.o
                0x0000000008003500                decoder_request_timer_reset
 .text.EXTI0_IRQHandler
                0x0000000008003514       0x88 obj/Debug/src/decoder/decoder_hw.o
                0x0000000008003514                EXTI0_IRQHandler
 .text.TIM1_BRK_TIM9_IRQHandler
                0x000000000800359c       0xb0 obj/Debug/src/decoder/decoder_hw.o
                0x000000000800359c                TIM1_BRK_TIM9_IRQHandler
 .text.EXTI1_IRQHandler
                0x000000000800364c       0x1c obj/Debug/src/decoder/decoder_hw.o
                0x000000000800364c                EXTI1_IRQHandler
 .text.reset_timeout_counter
                0x0000000008003668       0x18 obj/Debug/src/decoder/decoder_logic.o
                0x0000000008003668                reset_timeout_counter
 .text.reset_timing_output
                0x0000000008003680       0x3c obj/Debug/src/decoder/decoder_logic.o
                0x0000000008003680                reset_timing_output
 .text.reset_position_data
                0x00000000080036bc       0x38 obj/Debug/src/decoder/decoder_logic.o
                0x00000000080036bc                reset_position_data
 .text.reset_internal_data
                0x00000000080036f4       0x18 obj/Debug/src/decoder/decoder_logic.o
                0x00000000080036f4                reset_internal_data
 .text.decoder_set_state
                0x000000000800370c       0x38 obj/Debug/src/decoder/decoder_logic.o
                0x000000000800370c                decoder_set_state
 .text.check_sync_ratio
                0x0000000008003744       0xb8 obj/Debug/src/decoder/decoder_logic.o
                0x0000000008003744                check_sync_ratio
 .text.check_sync_ratio_async
                0x00000000080037fc       0x8c obj/Debug/src/decoder/decoder_logic.o
                0x00000000080037fc                check_sync_ratio_async
 .text.update_timing_data
                0x0000000008003888      0x118 obj/Debug/src/decoder/decoder_logic.o
                0x0000000008003888                update_timing_data
 .text.init_decoder_logic
                0x00000000080039a0       0x24 obj/Debug/src/decoder/decoder_logic.o
                0x00000000080039a0                init_decoder_logic
 .text.decoder_crank_handler
                0x00000000080039c4      0x1ac obj/Debug/src/decoder/decoder_logic.o
                0x00000000080039c4                decoder_crank_handler
 .text.decoder_crank_noisefilter_handler
                0x0000000008003b70        0xa obj/Debug/src/decoder/decoder_logic.o
                0x0000000008003b70                decoder_crank_noisefilter_handler
 *fill*         0x0000000008003b7a        0x2 
 .text.decoder_crank_timeout_handler
                0x0000000008003b7c       0x44 obj/Debug/src/decoder/decoder_logic.o
                0x0000000008003b7c                decoder_crank_timeout_handler
 .text.init_Decoder
                0x0000000008003bc0       0x7c obj/Debug/src/decoder/Tuareg_decoder.o
                0x0000000008003bc0                init_Decoder
 .text.decoder_get_position_data_age_us
                0x0000000008003c3c       0x54 obj/Debug/src/decoder/Tuareg_decoder.o
                0x0000000008003c3c                decoder_get_position_data_age_us
 .text.copy_diag_data
                0x0000000008003c90       0x6c obj/Debug/src/diagnostics/diagnostics.o
                0x0000000008003c90                copy_diag_data
 .text.get_diag_data
                0x0000000008003cfc       0x30 obj/Debug/src/diagnostics/diagnostics.o
                0x0000000008003cfc                get_diag_data
 .text.release_diag_shadow
                0x0000000008003d2c       0x10 obj/Debug/src/diagnostics/diagnostics.o
                0x0000000008003d2c                release_diag_shadow
 .text.init_Fault_Log
                0x0000000008003d3c       0x5c obj/Debug/src/diagnostics/fault_log.o
                0x0000000008003d3c                init_Fault_Log
 .text.log_Fault
                0x0000000008003d98       0xa8 obj/Debug/src/diagnostics/fault_log.o
                0x0000000008003d98                log_Fault
 .text.Erase_Fault_Log
                0x0000000008003e40       0x4c obj/Debug/src/diagnostics/fault_log.o
                0x0000000008003e40                Erase_Fault_Log
 .text.load_Fault_Log
                0x0000000008003e8c       0x20 obj/Debug/src/diagnostics/fault_log.o
                0x0000000008003e8c                load_Fault_Log
 .text.load_void_Fault_Log
                0x0000000008003eac       0x2c obj/Debug/src/diagnostics/fault_log.o
                0x0000000008003eac                load_void_Fault_Log
 .text.store_Fault_Log
                0x0000000008003ed8       0x1c obj/Debug/src/diagnostics/fault_log.o
                0x0000000008003ed8                store_Fault_Log
 .text.show_Fault_Log
                0x0000000008003ef4       0xa0 obj/Debug/src/diagnostics/fault_log.o
                0x0000000008003ef4                show_Fault_Log
 .text.clear_Fault_Log
                0x0000000008003f94       0x2c obj/Debug/src/diagnostics/fault_log.o
                0x0000000008003f94                clear_Fault_Log
 .text.send_Fault_Log
                0x0000000008003fc0       0x20 obj/Debug/src/diagnostics/fault_log.o
                0x0000000008003fc0                send_Fault_Log
 .text.highspeedlog_init
                0x0000000008003fe0       0x1c obj/Debug/src/diagnostics/highspeed_loggers.o
                0x0000000008003fe0                highspeedlog_init
 .text.clear_highspeedlog
                0x0000000008003ffc       0x18 obj/Debug/src/diagnostics/highspeed_loggers.o
                0x0000000008003ffc                clear_highspeedlog
 .text.highspeedlog_register_error
                0x0000000008004014        0x4 obj/Debug/src/diagnostics/highspeed_loggers.o
                0x0000000008004014                highspeedlog_register_error
 .text.highspeedlog_write
                0x0000000008004018      0x11c obj/Debug/src/diagnostics/highspeed_loggers.o
                0x0000000008004018                highspeedlog_write
 .text.highspeedlog_register_crankpos
                0x0000000008004134        0xc obj/Debug/src/diagnostics/highspeed_loggers.o
                0x0000000008004134                highspeedlog_register_crankpos
 .text.highspeedlog_register_cis_lobe_begin
                0x0000000008004140       0x18 obj/Debug/src/diagnostics/highspeed_loggers.o
                0x0000000008004140                highspeedlog_register_cis_lobe_begin
 .text.highspeedlog_register_cis_lobe_end
                0x0000000008004158       0x18 obj/Debug/src/diagnostics/highspeed_loggers.o
                0x0000000008004158                highspeedlog_register_cis_lobe_end
 .text.highspeedlog_register_coil1_power
                0x0000000008004170        0xc obj/Debug/src/diagnostics/highspeed_loggers.o
                0x0000000008004170                highspeedlog_register_coil1_power
 .text.highspeedlog_register_coil1_unpower
                0x000000000800417c        0xc obj/Debug/src/diagnostics/highspeed_loggers.o
                0x000000000800417c                highspeedlog_register_coil1_unpower
 .text.highspeedlog_register_coil2_power
                0x0000000008004188        0xc obj/Debug/src/diagnostics/highspeed_loggers.o
                0x0000000008004188                highspeedlog_register_coil2_power
 .text.highspeedlog_register_coil2_unpower
                0x0000000008004194        0xc obj/Debug/src/diagnostics/highspeed_loggers.o
                0x0000000008004194                highspeedlog_register_coil2_unpower
 .text.highspeedlog_register_injector1_power
                0x00000000080041a0        0xc obj/Debug/src/diagnostics/highspeed_loggers.o
                0x00000000080041a0                highspeedlog_register_injector1_power
 .text.highspeedlog_register_injector1_unpower
                0x00000000080041ac        0xc obj/Debug/src/diagnostics/highspeed_loggers.o
                0x00000000080041ac                highspeedlog_register_injector1_unpower
 .text.highspeedlog_register_injector2_power
                0x00000000080041b8        0xc obj/Debug/src/diagnostics/highspeed_loggers.o
                0x00000000080041b8                highspeedlog_register_injector2_power
 .text.highspeedlog_register_injector2_unpower
                0x00000000080041c4        0xc obj/Debug/src/diagnostics/highspeed_loggers.o
                0x00000000080041c4                highspeedlog_register_injector2_unpower
 .text.send_highspeedlog
                0x00000000080041d0      0x120 obj/Debug/src/diagnostics/highspeed_loggers.o
                0x00000000080041d0                send_highspeedlog
 .text.show_highspeedlog
                0x00000000080042f0      0x1c4 obj/Debug/src/diagnostics/highspeed_loggers.o
                0x00000000080042f0                show_highspeedlog
 .text.Syslog_init
                0x00000000080044b4       0x14 obj/Debug/src/diagnostics/syslog.o
                0x00000000080044b4                Syslog_init
 .text.clear_syslog
                0x00000000080044c8       0x4c obj/Debug/src/diagnostics/syslog.o
                0x00000000080044c8                clear_syslog
 .text.clear_datalog
                0x0000000008004514       0x48 obj/Debug/src/diagnostics/syslog.o
                0x0000000008004514                clear_datalog
 .text.Syslog_Error
                0x000000000800455c       0x9c obj/Debug/src/diagnostics/syslog.o
                0x000000000800455c                Syslog_Error
 .text.Syslog_Warning
                0x00000000080045f8       0xcc obj/Debug/src/diagnostics/syslog.o
                0x00000000080045f8                Syslog_Warning
 .text.Syslog_Info
                0x00000000080046c4       0xc4 obj/Debug/src/diagnostics/syslog.o
                0x00000000080046c4                Syslog_Info
 .text.show_syslog
                0x0000000008004788      0x14c obj/Debug/src/diagnostics/syslog.o
                0x0000000008004788                show_syslog
 .text.send_syslog
                0x00000000080048d4       0x2c obj/Debug/src/diagnostics/syslog.o
                0x00000000080048d4                send_syslog
 .text.load_Fueling_Config
                0x0000000008004900      0x12c obj/Debug/src/fueling/fueling_config.o
                0x0000000008004900                load_Fueling_Config
 .text.load_essential_Fueling_Config
                0x0000000008004a2c      0x128 obj/Debug/src/fueling/fueling_config.o
                0x0000000008004a2c                load_essential_Fueling_Config
 .text.store_Fueling_Setup
                0x0000000008004b54       0x1c obj/Debug/src/fueling/fueling_config.o
                0x0000000008004b54                store_Fueling_Setup
 .text.show_Fueling_Setup
                0x0000000008004b70      0x3d4 obj/Debug/src/fueling/fueling_config.o
                0x0000000008004b70                show_Fueling_Setup
 .text.modify_Fueling_Setup
                0x0000000008004f44       0x2c obj/Debug/src/fueling/fueling_config.o
                0x0000000008004f44                modify_Fueling_Setup
 .text.send_Fueling_Setup
                0x0000000008004f70       0x20 obj/Debug/src/fueling/fueling_config.o
                0x0000000008004f70                send_Fueling_Setup
 .text.store_VeTable_TPS
                0x0000000008004f90       0x18 obj/Debug/src/fueling/fueling_config.o
                0x0000000008004f90                store_VeTable_TPS
 .text.show_VeTable_TPS
                0x0000000008004fa8       0x2c obj/Debug/src/fueling/fueling_config.o
                0x0000000008004fa8                show_VeTable_TPS
 .text.modify_VeTable_TPS
                0x0000000008004fd4       0x20 obj/Debug/src/fueling/fueling_config.o
                0x0000000008004fd4                modify_VeTable_TPS
 .text.send_VeTable_TPS
                0x0000000008004ff4       0x1c obj/Debug/src/fueling/fueling_config.o
                0x0000000008004ff4                send_VeTable_TPS
 .text.getValue_VeTable_TPS
                0x0000000008005010       0x34 obj/Debug/src/fueling/fueling_config.o
                0x0000000008005010                getValue_VeTable_TPS
 .text.store_VeTable_MAP
                0x0000000008005044       0x18 obj/Debug/src/fueling/fueling_config.o
                0x0000000008005044                store_VeTable_MAP
 .text.show_VeTable_MAP
                0x000000000800505c       0x2c obj/Debug/src/fueling/fueling_config.o
                0x000000000800505c                show_VeTable_MAP
 .text.modify_VeTable_MAP
                0x0000000008005088       0x20 obj/Debug/src/fueling/fueling_config.o
                0x0000000008005088                modify_VeTable_MAP
 .text.send_VeTable_MAP
                0x00000000080050a8       0x1c obj/Debug/src/fueling/fueling_config.o
                0x00000000080050a8                send_VeTable_MAP
 .text.getValue_VeTable_MAP
                0x00000000080050c4       0x34 obj/Debug/src/fueling/fueling_config.o
                0x00000000080050c4                getValue_VeTable_MAP
 .text.store_AfrTable_MAP
                0x00000000080050f8       0x18 obj/Debug/src/fueling/fueling_config.o
                0x00000000080050f8                store_AfrTable_MAP
 .text.show_AfrTable_MAP
                0x0000000008005110       0x2c obj/Debug/src/fueling/fueling_config.o
                0x0000000008005110                show_AfrTable_MAP
 .text.modify_AfrTable_MAP
                0x000000000800513c       0x20 obj/Debug/src/fueling/fueling_config.o
                0x000000000800513c                modify_AfrTable_MAP
 .text.send_AfrTable_MAP
                0x000000000800515c       0x1c obj/Debug/src/fueling/fueling_config.o
                0x000000000800515c                send_AfrTable_MAP
 .text.getValue_AfrTable_MAP
                0x0000000008005178       0x40 obj/Debug/src/fueling/fueling_config.o
                0x0000000008005178                getValue_AfrTable_MAP
 .text.store_AfrTable_TPS
                0x00000000080051b8       0x18 obj/Debug/src/fueling/fueling_config.o
                0x00000000080051b8                store_AfrTable_TPS
 .text.show_AfrTable_TPS
                0x00000000080051d0       0x2c obj/Debug/src/fueling/fueling_config.o
                0x00000000080051d0                show_AfrTable_TPS
 .text.modify_AfrTable_TPS
                0x00000000080051fc       0x20 obj/Debug/src/fueling/fueling_config.o
                0x00000000080051fc                modify_AfrTable_TPS
 .text.send_AfrTable_TPS
                0x000000000800521c       0x1c obj/Debug/src/fueling/fueling_config.o
                0x000000000800521c                send_AfrTable_TPS
 .text.getValue_AfrTable_TPS
                0x0000000008005238       0x40 obj/Debug/src/fueling/fueling_config.o
                0x0000000008005238                getValue_AfrTable_TPS
 .text.store_AccelCompTableTPS
                0x0000000008005278       0x18 obj/Debug/src/fueling/fueling_config.o
                0x0000000008005278                store_AccelCompTableTPS
 .text.show_AccelCompTableTPS
                0x0000000008005290       0x2c obj/Debug/src/fueling/fueling_config.o
                0x0000000008005290                show_AccelCompTableTPS
 .text.modify_AccelCompTableTPS
                0x00000000080052bc       0x20 obj/Debug/src/fueling/fueling_config.o
                0x00000000080052bc                modify_AccelCompTableTPS
 .text.send_AccelCompTableTPS
                0x00000000080052dc       0x1c obj/Debug/src/fueling/fueling_config.o
                0x00000000080052dc                send_AccelCompTableTPS
 .text.getValue_AccelCompTableTPS
                0x00000000080052f8       0x3c obj/Debug/src/fueling/fueling_config.o
                0x00000000080052f8                getValue_AccelCompTableTPS
 .text.store_AccelCompTableMAP
                0x0000000008005334       0x18 obj/Debug/src/fueling/fueling_config.o
                0x0000000008005334                store_AccelCompTableMAP
 .text.show_AccelCompTableMAP
                0x000000000800534c       0x2c obj/Debug/src/fueling/fueling_config.o
                0x000000000800534c                show_AccelCompTableMAP
 .text.modify_AccelCompTableMAP
                0x0000000008005378       0x20 obj/Debug/src/fueling/fueling_config.o
                0x0000000008005378                modify_AccelCompTableMAP
 .text.send_AccelCompTableMAP
                0x0000000008005398       0x1c obj/Debug/src/fueling/fueling_config.o
                0x0000000008005398                send_AccelCompTableMAP
 .text.getValue_AccelCompTableMAP
                0x00000000080053b4       0x3c obj/Debug/src/fueling/fueling_config.o
                0x00000000080053b4                getValue_AccelCompTableMAP
 .text.store_WarmUpCompTable
                0x00000000080053f0       0x18 obj/Debug/src/fueling/fueling_config.o
                0x00000000080053f0                store_WarmUpCompTable
 .text.show_WarmUpCompTable
                0x0000000008005408       0x2c obj/Debug/src/fueling/fueling_config.o
                0x0000000008005408                show_WarmUpCompTable
 .text.modify_WarmUpCompTable
                0x0000000008005434       0x20 obj/Debug/src/fueling/fueling_config.o
                0x0000000008005434                modify_WarmUpCompTable
 .text.send_WarmUpCompTable
                0x0000000008005454       0x1c obj/Debug/src/fueling/fueling_config.o
                0x0000000008005454                send_WarmUpCompTable
 .text.getValue_WarmUpCompTable
                0x0000000008005470       0x2c obj/Debug/src/fueling/fueling_config.o
                0x0000000008005470                getValue_WarmUpCompTable
 .text.store_InjectorTimingTable
                0x000000000800549c       0x18 obj/Debug/src/fueling/fueling_config.o
                0x000000000800549c                store_InjectorTimingTable
 .text.show_InjectorTimingTable
                0x00000000080054b4       0x2c obj/Debug/src/fueling/fueling_config.o
                0x00000000080054b4                show_InjectorTimingTable
 .text.modify_InjectorTimingTable
                0x00000000080054e0       0x20 obj/Debug/src/fueling/fueling_config.o
                0x00000000080054e0                modify_InjectorTimingTable
 .text.send_InjectorTimingTable
                0x0000000008005500       0x1c obj/Debug/src/fueling/fueling_config.o
                0x0000000008005500                send_InjectorTimingTable
 .text.getValue_InjectorTimingTable
                0x000000000800551c       0x44 obj/Debug/src/fueling/fueling_config.o
                0x000000000800551c                getValue_InjectorTimingTable
 .text.store_CrankingFuelTable
                0x0000000008005560       0x18 obj/Debug/src/fueling/fueling_config.o
                0x0000000008005560                store_CrankingFuelTable
 .text.show_CrankingFuelTable
                0x0000000008005578       0x2c obj/Debug/src/fueling/fueling_config.o
                0x0000000008005578                show_CrankingFuelTable
 .text.modify_CrankingFuelTable
                0x00000000080055a4       0x20 obj/Debug/src/fueling/fueling_config.o
                0x00000000080055a4                modify_CrankingFuelTable
 .text.send_CrankingFuelTable
                0x00000000080055c4       0x1c obj/Debug/src/fueling/fueling_config.o
                0x00000000080055c4                send_CrankingFuelTable
 .text.getValue_CrankingFuelTable
                0x00000000080055e0       0x3c obj/Debug/src/fueling/fueling_config.o
                0x00000000080055e0                getValue_CrankingFuelTable
 .text.store_InjectorPhaseTable
                0x000000000800561c       0x18 obj/Debug/src/fueling/fueling_config.o
                0x000000000800561c                store_InjectorPhaseTable
 .text.show_InjectorPhaseTable
                0x0000000008005634       0x2c obj/Debug/src/fueling/fueling_config.o
                0x0000000008005634                show_InjectorPhaseTable
 .text.modify_InjectorPhaseTable
                0x0000000008005660       0x20 obj/Debug/src/fueling/fueling_config.o
                0x0000000008005660                modify_InjectorPhaseTable
 .text.send_InjectorPhaseTable
                0x0000000008005680       0x1c obj/Debug/src/fueling/fueling_config.o
                0x0000000008005680                send_InjectorPhaseTable
 .text.getValue_InjectorPhaseTable
                0x000000000800569c       0x30 obj/Debug/src/fueling/fueling_config.o
                0x000000000800569c                getValue_InjectorPhaseTable
 .text.fueling_diag_log_event
                0x00000000080056cc       0x44 obj/Debug/src/fueling/fueling_diag.o
                0x00000000080056cc                fueling_diag_log_event
 .text.print_fueling_diag
                0x0000000008005710       0x84 obj/Debug/src/fueling/fueling_diag.o
                0x0000000008005710                print_fueling_diag
 .text.set_injector1_powered
                0x0000000008005794       0x24 obj/Debug/src/fueling/fueling_hw.o
                0x0000000008005794                set_injector1_powered
 .text.set_injector1_unpowered
                0x00000000080057b8       0x2c obj/Debug/src/fueling/fueling_hw.o
                0x00000000080057b8                set_injector1_unpowered
 .text.set_injector2_powered
                0x00000000080057e4       0x24 obj/Debug/src/fueling/fueling_hw.o
                0x00000000080057e4                set_injector2_powered
 .text.set_injector2_unpowered
                0x0000000008005808       0x2c obj/Debug/src/fueling/fueling_hw.o
                0x0000000008005808                set_injector2_unpowered
 .text.set_fuel_pump_powered
                0x0000000008005834       0x24 obj/Debug/src/fueling/fueling_hw.o
                0x0000000008005834                set_fuel_pump_powered
 .text.set_fuel_pump_unpowered
                0x0000000008005858       0x24 obj/Debug/src/fueling/fueling_hw.o
                0x0000000008005858                set_fuel_pump_unpowered
 .text.set_injector1
                0x000000000800587c       0x2c obj/Debug/src/fueling/fueling_hw.o
                0x000000000800587c                set_injector1
 .text.set_injector2
                0x00000000080058a8       0x2c obj/Debug/src/fueling/fueling_hw.o
                0x00000000080058a8                set_injector2
 .text.set_fuel_pump
                0x00000000080058d4       0x24 obj/Debug/src/fueling/fueling_hw.o
                0x00000000080058d4                set_fuel_pump
 .text.init_fueling_hw
                0x00000000080058f8       0x68 obj/Debug/src/fueling/fueling_hw.o
                0x00000000080058f8                init_fueling_hw
 .text.init_Fueling
                0x0000000008005960       0x74 obj/Debug/src/fueling/Tuareg_fueling.o
                0x0000000008005960                init_Fueling
 .text.Tuareg_fueling_update_crankpos_handler
                0x00000000080059d4      0x1e4 obj/Debug/src/fueling/Tuareg_fueling.o
                0x00000000080059d4                Tuareg_fueling_update_crankpos_handler
 .text.Tuareg_update_fueling_controls
                0x0000000008005bb8      0x1c0 obj/Debug/src/fueling/Tuareg_fueling_controls.o
                0x0000000008005bb8                Tuareg_update_fueling_controls
 .text.invalid_fueling_controls
                0x0000000008005d78       0x5c obj/Debug/src/fueling/Tuareg_fueling_controls.o
                0x0000000008005d78                invalid_fueling_controls
 .text.update_mode
                0x0000000008005dd4       0x7c obj/Debug/src/fueling/Tuareg_fueling_controls.o
                0x0000000008005dd4                update_mode
 .text.update_strategy
                0x0000000008005e50       0x90 obj/Debug/src/fueling/Tuareg_fueling_controls.o
                0x0000000008005e50                update_strategy
 .text.update_volumetric_efficiency
                0x0000000008005ee0       0xbc obj/Debug/src/fueling/Tuareg_fueling_controls.o
                0x0000000008005ee0                update_volumetric_efficiency
 .text.update_air_density
                0x0000000008005f9c       0x64 obj/Debug/src/fueling/Tuareg_fueling_controls.o
                0x0000000008005f9c                update_air_density
 .text.update_AFR_target
                0x0000000008006000       0xb8 obj/Debug/src/fueling/Tuareg_fueling_controls.o
                0x0000000008006000                update_AFR_target
 .text.update_base_fuel_mass
                0x00000000080060b8       0x68 obj/Debug/src/fueling/Tuareg_fueling_controls.o
                0x00000000080060b8                update_base_fuel_mass
 .text.update_base_fuel_mass_cranking
                0x0000000008006120       0xbc obj/Debug/src/fueling/Tuareg_fueling_controls.o
                0x0000000008006120                update_base_fuel_mass_cranking
 .text.update_airflowrate
                0x00000000080061dc       0xac obj/Debug/src/fueling/Tuareg_fueling_controls.o
                0x00000000080061dc                update_airflowrate
 .text.update_fuel_mass_accel_correction
                0x0000000008006288      0x3a8 obj/Debug/src/fueling/Tuareg_fueling_controls.o
                0x0000000008006288                update_fuel_mass_accel_correction
 .text.disable_fuel_mass_accel_correction
                0x0000000008006630       0x40 obj/Debug/src/fueling/Tuareg_fueling_controls.o
                0x0000000008006630                disable_fuel_mass_accel_correction
 .text.update_fuel_mass_afterstart_correction
                0x0000000008006670       0xe0 obj/Debug/src/fueling/Tuareg_fueling_controls.o
                0x0000000008006670                update_fuel_mass_afterstart_correction
 .text.disable_fuel_mass_afterstart_correction
                0x0000000008006750       0x26 obj/Debug/src/fueling/Tuareg_fueling_controls.o
                0x0000000008006750                disable_fuel_mass_afterstart_correction
 *fill*         0x0000000008006776        0x2 
 .text.update_fuel_mass_warmup_correction
                0x0000000008006778       0xa4 obj/Debug/src/fueling/Tuareg_fueling_controls.o
                0x0000000008006778                update_fuel_mass_warmup_correction
 .text.update_target_fuel_mass
                0x000000000800681c      0x184 obj/Debug/src/fueling/Tuareg_fueling_controls.o
                0x000000000800681c                update_target_fuel_mass
 .text.update_injector_deadtime
                0x00000000080069a0       0x64 obj/Debug/src/fueling/Tuareg_fueling_controls.o
                0x00000000080069a0                update_injector_deadtime
 .text.update_injector_intervals_sequential
                0x0000000008006a04      0x100 obj/Debug/src/fueling/Tuareg_fueling_controls.o
                0x0000000008006a04                update_injector_intervals_sequential
 .text.update_injector_intervals_batch
                0x0000000008006b04       0xfc obj/Debug/src/fueling/Tuareg_fueling_controls.o
                0x0000000008006b04                update_injector_intervals_batch
 .text.update_injection_begin_batch
                0x0000000008006c00       0x48 obj/Debug/src/fueling/Tuareg_fueling_controls.o
                0x0000000008006c00                update_injection_begin_batch
 .text.update_injection_begin_sequential
                0x0000000008006c48      0x178 obj/Debug/src/fueling/Tuareg_fueling_controls.o
                0x0000000008006c48                update_injection_begin_sequential
 .text.load_Ignition_Config
                0x0000000008006dc0       0x5c obj/Debug/src/ignition/ignition_config.o
                0x0000000008006dc0                load_Ignition_Config
 .text.load_essential_Ignition_Config
                0x0000000008006e1c        0x4 obj/Debug/src/ignition/ignition_config.o
                0x0000000008006e1c                load_essential_Ignition_Config
 .text.store_Ignition_Setup
                0x0000000008006e20       0x1c obj/Debug/src/ignition/ignition_config.o
                0x0000000008006e20                store_Ignition_Setup
 .text.show_Ignition_Setup
                0x0000000008006e3c      0x1f0 obj/Debug/src/ignition/ignition_config.o
                0x0000000008006e3c                show_Ignition_Setup
 .text.modify_Ignition_Setup
                0x000000000800702c       0x2c obj/Debug/src/ignition/ignition_config.o
                0x000000000800702c                modify_Ignition_Setup
 .text.send_Ignition_Setup
                0x0000000008007058       0x20 obj/Debug/src/ignition/ignition_config.o
                0x0000000008007058                send_Ignition_Setup
 .text.store_ignAdvTable_TPS
                0x0000000008007078       0x18 obj/Debug/src/ignition/ignition_config.o
                0x0000000008007078                store_ignAdvTable_TPS
 .text.show_ignAdvTable_TPS
                0x0000000008007090       0x2c obj/Debug/src/ignition/ignition_config.o
                0x0000000008007090                show_ignAdvTable_TPS
 .text.modify_ignAdvTable_TPS
                0x00000000080070bc       0x20 obj/Debug/src/ignition/ignition_config.o
                0x00000000080070bc                modify_ignAdvTable_TPS
 .text.send_ignAdvTable_TPS
                0x00000000080070dc       0x1c obj/Debug/src/ignition/ignition_config.o
                0x00000000080070dc                send_ignAdvTable_TPS
 .text.getValue_ignAdvTable_TPS
                0x00000000080070f8       0x38 obj/Debug/src/ignition/ignition_config.o
                0x00000000080070f8                getValue_ignAdvTable_TPS
 .text.store_ignDwellTable
                0x0000000008007130       0x18 obj/Debug/src/ignition/ignition_config.o
                0x0000000008007130                store_ignDwellTable
 .text.show_ignDwellTable
                0x0000000008007148       0x2c obj/Debug/src/ignition/ignition_config.o
                0x0000000008007148                show_ignDwellTable
 .text.modify_ignDwellTable
                0x0000000008007174       0x20 obj/Debug/src/ignition/ignition_config.o
                0x0000000008007174                modify_ignDwellTable
 .text.send_ignDwellTable
                0x0000000008007194       0x1c obj/Debug/src/ignition/ignition_config.o
                0x0000000008007194                send_ignDwellTable
 .text.getValue_ignDwellTable
                0x00000000080071b0       0x34 obj/Debug/src/ignition/ignition_config.o
                0x00000000080071b0                getValue_ignDwellTable
 .text.ignition_diag_log_event
                0x00000000080071e4       0x44 obj/Debug/src/ignition/ignition_diag.o
                0x00000000080071e4                ignition_diag_log_event
 .text.print_ignition_diag
                0x0000000008007228       0x84 obj/Debug/src/ignition/ignition_diag.o
                0x0000000008007228                print_ignition_diag
 .text.NVIC_EnableIRQ
                0x00000000080072ac       0x2c obj/Debug/src/ignition/ignition_hw.o
 .text.NVIC_ClearPendingIRQ
                0x00000000080072d8       0x30 obj/Debug/src/ignition/ignition_hw.o
 .text.NVIC_SetPriority
                0x0000000008007308       0x50 obj/Debug/src/ignition/ignition_hw.o
 .text.set_coil1_powered
                0x0000000008007358       0x24 obj/Debug/src/ignition/ignition_hw.o
                0x0000000008007358                set_coil1_powered
 .text.set_coil1_unpowered
                0x000000000800737c       0x24 obj/Debug/src/ignition/ignition_hw.o
                0x000000000800737c                set_coil1_unpowered
 .text.set_coil2_powered
                0x00000000080073a0       0x24 obj/Debug/src/ignition/ignition_hw.o
                0x00000000080073a0                set_coil2_powered
 .text.set_coil2_unpowered
                0x00000000080073c4       0x24 obj/Debug/src/ignition/ignition_hw.o
                0x00000000080073c4                set_coil2_unpowered
 .text.set_ignition_ch1
                0x00000000080073e8       0x2c obj/Debug/src/ignition/ignition_hw.o
                0x00000000080073e8                set_ignition_ch1
 .text.set_ignition_ch2
                0x0000000008007414       0x2c obj/Debug/src/ignition/ignition_hw.o
                0x0000000008007414                set_ignition_ch2
 .text.init_ignition_hw
                0x0000000008007440       0x74 obj/Debug/src/ignition/ignition_hw.o
                0x0000000008007440                init_ignition_hw
 .text.init_Ignition
                0x00000000080074b4       0x78 obj/Debug/src/ignition/Tuareg_ignition.o
                0x00000000080074b4                init_Ignition
 .text.Tuareg_ignition_update_crankpos_handler
                0x000000000800752c      0x1dc obj/Debug/src/ignition/Tuareg_ignition.o
                0x000000000800752c                Tuareg_ignition_update_crankpos_handler
 .text.Tuareg_update_ignition_controls
                0x0000000008007708      0x100 obj/Debug/src/ignition/Tuareg_ignition_controls.o
                0x0000000008007708                Tuareg_update_ignition_controls
 .text.default_ignition_controls
                0x0000000008007808       0x40 obj/Debug/src/ignition/Tuareg_ignition_controls.o
                0x0000000008007808                default_ignition_controls
 .text.revlimiter_ignition_controls
                0x0000000008007848       0x3e obj/Debug/src/ignition/Tuareg_ignition_controls.o
                0x0000000008007848                revlimiter_ignition_controls
 *fill*         0x0000000008007886        0x2 
 .text.cranking_ignition_controls
                0x0000000008007888       0x50 obj/Debug/src/ignition/Tuareg_ignition_controls.o
                0x0000000008007888                cranking_ignition_controls
 .text.dynamic_ignition_controls
                0x00000000080078d8      0x26c obj/Debug/src/ignition/Tuareg_ignition_controls.o
                0x00000000080078d8                dynamic_ignition_controls
 .text.main     0x0000000008007b44       0xb0 obj/Debug/src/main/main.o
                0x0000000008007b44                main
 .text.EXTI2_IRQHandler
                0x0000000008007bf4       0x64 obj/Debug/src/main/main.o
                0x0000000008007bf4                EXTI2_IRQHandler
 .text.EXTI3_IRQHandler
                0x0000000008007c58       0x18 obj/Debug/src/main/main.o
                0x0000000008007c58                EXTI3_IRQHandler
 .text.Tuareg_Init
                0x0000000008007c70       0xc4 obj/Debug/src/main/Tuareg.o
                0x0000000008007c70                Tuareg_Init
 .text.Tuareg_load_config
                0x0000000008007d34       0x94 obj/Debug/src/main/Tuareg.o
                0x0000000008007d34                Tuareg_load_config
 .text.Tuareg_update
                0x0000000008007dc8       0x7c obj/Debug/src/main/Tuareg.o
                0x0000000008007dc8                Tuareg_update
 .text.Tuareg_update_run_inhibit
                0x0000000008007e44      0x1b0 obj/Debug/src/main/Tuareg.o
                0x0000000008007e44                Tuareg_update_run_inhibit
 .text.Tuareg_update_limited_op
                0x0000000008007ff4       0x4c obj/Debug/src/main/Tuareg.o
                0x0000000008007ff4                Tuareg_update_limited_op
 .text.Tuareg_update_rev_limiter
                0x0000000008008040       0x9c obj/Debug/src/main/Tuareg.o
                0x0000000008008040                Tuareg_update_rev_limiter
 .text.Tuareg_update_standby
                0x00000000080080dc      0x158 obj/Debug/src/main/Tuareg.o
                0x00000000080080dc                Tuareg_update_standby
 .text.Tuareg_update_fuel_pump_control
                0x0000000008008234       0x98 obj/Debug/src/main/Tuareg.o
                0x0000000008008234                Tuareg_update_fuel_pump_control
 .text.Tuareg_deactivate_vital_actors
                0x00000000080082cc       0x74 obj/Debug/src/main/Tuareg.o
                0x00000000080082cc                Tuareg_deactivate_vital_actors
 .text.Tuareg_update_trip
                0x0000000008008340       0x30 obj/Debug/src/main/Tuareg.o
                0x0000000008008340                Tuareg_update_trip
 .text.Tuareg_update_consumption_data
                0x0000000008008370       0x30 obj/Debug/src/main/Tuareg.o
                0x0000000008008370                Tuareg_update_consumption_data
 .text.load_Tuareg_Setup
                0x00000000080083a0       0x18 obj/Debug/src/main/Tuareg_config.o
                0x00000000080083a0                load_Tuareg_Setup
 .text.load_essential_Tuareg_Setup
                0x00000000080083b8      0x154 obj/Debug/src/main/Tuareg_config.o
                0x00000000080083b8                load_essential_Tuareg_Setup
 .text.store_Tuareg_Setup
                0x000000000800850c       0x18 obj/Debug/src/main/Tuareg_config.o
                0x000000000800850c                store_Tuareg_Setup
 .text.show_Tuareg_Setup
                0x0000000008008524      0x288 obj/Debug/src/main/Tuareg_config.o
                0x0000000008008524                show_Tuareg_Setup
 .text.modify_Tuareg_Setup
                0x00000000080087ac       0x2c obj/Debug/src/main/Tuareg_config.o
                0x00000000080087ac                modify_Tuareg_Setup
 .text.send_Tuareg_Setup
                0x00000000080087d8       0x20 obj/Debug/src/main/Tuareg_config.o
                0x00000000080087d8                send_Tuareg_Setup
 .text.tuareg_diag_log_event
                0x00000000080087f8       0x44 obj/Debug/src/main/Tuareg_diag.o
                0x00000000080087f8                tuareg_diag_log_event
 .text.print_tuareg_diag
                0x000000000800883c       0x84 obj/Debug/src/main/Tuareg_diag.o
                0x000000000800883c                print_tuareg_diag
 .text.Fatal    0x00000000080088c0       0xa4 obj/Debug/src/main/Tuareg_errors.o
                0x00000000080088c0                Fatal
 .text.Assert   0x0000000008008964       0x3c obj/Debug/src/main/Tuareg_errors.o
                0x0000000008008964                Assert
 .text.Limp     0x00000000080089a0       0x80 obj/Debug/src/main/Tuareg_errors.o
                0x00000000080089a0                Limp
 .text.print_Tuareg_ID_label
                0x0000000008008a20       0x48 obj/Debug/src/main/Tuareg_ID.o
                0x0000000008008a20                print_Tuareg_ID_label
 .text.Tuareg_update_process_data
                0x0000000008008a68      0x1c8 obj/Debug/src/main/Tuareg_process_data.o
                0x0000000008008a68                Tuareg_update_process_data
 .text.request_service_mode
                0x0000000008008c30       0x2c obj/Debug/src/main/Tuareg_service_functions.o
                0x0000000008008c30                request_service_mode
 .text.request_service_activation
                0x0000000008008c5c       0xdc obj/Debug/src/main/Tuareg_service_functions.o
                0x0000000008008c5c                request_service_activation
 .text.service_functions_periodic_update
                0x0000000008008d38       0x40 obj/Debug/src/main/Tuareg_service_functions.o
                0x0000000008008d38                service_functions_periodic_update
 .text.activate_fuel_pump
                0x0000000008008d78       0x70 obj/Debug/src/main/Tuareg_service_functions.o
                0x0000000008008d78                activate_fuel_pump
 .text.deactivate_fuel_pump
                0x0000000008008de8       0x2c obj/Debug/src/main/Tuareg_service_functions.o
                0x0000000008008de8                deactivate_fuel_pump
 .text.fuel_pump_periodic_update
                0x0000000008008e14       0x30 obj/Debug/src/main/Tuareg_service_functions.o
                0x0000000008008e14                fuel_pump_periodic_update
 .text.activate_injector1
                0x0000000008008e44       0xa0 obj/Debug/src/main/Tuareg_service_functions.o
                0x0000000008008e44                activate_injector1
 .text.deactivate_injector1
                0x0000000008008ee4       0x2c obj/Debug/src/main/Tuareg_service_functions.o
                0x0000000008008ee4                deactivate_injector1
 .text.injector1_periodic_update
                0x0000000008008f10       0x84 obj/Debug/src/main/Tuareg_service_functions.o
                0x0000000008008f10                injector1_periodic_update
 .text.activate_injector2
                0x0000000008008f94       0xa0 obj/Debug/src/main/Tuareg_service_functions.o
                0x0000000008008f94                activate_injector2
 .text.deactivate_injector2
                0x0000000008009034       0x2c obj/Debug/src/main/Tuareg_service_functions.o
                0x0000000008009034                deactivate_injector2
 .text.injector2_periodic_update
                0x0000000008009060       0x84 obj/Debug/src/main/Tuareg_service_functions.o
                0x0000000008009060                injector2_periodic_update
 .text.activate_coil1
                0x00000000080090e4       0xb0 obj/Debug/src/main/Tuareg_service_functions.o
                0x00000000080090e4                activate_coil1
 .text.deactivate_coil1
                0x0000000008009194       0x2c obj/Debug/src/main/Tuareg_service_functions.o
                0x0000000008009194                deactivate_coil1
 .text.coil1_periodic_update
                0x00000000080091c0       0x80 obj/Debug/src/main/Tuareg_service_functions.o
                0x00000000080091c0                coil1_periodic_update
 .text.activate_coil2
                0x0000000008009240       0xb0 obj/Debug/src/main/Tuareg_service_functions.o
                0x0000000008009240                activate_coil2
 .text.deactivate_coil2
                0x00000000080092f0       0x2c obj/Debug/src/main/Tuareg_service_functions.o
                0x00000000080092f0                deactivate_coil2
 .text.coil2_periodic_update
                0x000000000800931c       0x80 obj/Debug/src/main/Tuareg_service_functions.o
                0x000000000800931c                coil2_periodic_update
 .text.update_process_table
                0x000000000800939c      0x124 obj/Debug/src/process_table/process_table.o
                0x000000000800939c                update_process_table
 .text.get_position_from_index
                0x00000000080094c0       0x88 obj/Debug/src/process_table/process_table.o
                0x00000000080094c0                get_position_from_index
 .text.get_index_from_position
                0x0000000008009548       0x70 obj/Debug/src/process_table/process_table.o
                0x0000000008009548                get_index_from_position
 .text.find_process_position_before
                0x00000000080095b8       0x88 obj/Debug/src/process_table/process_table.o
                0x00000000080095b8                find_process_position_before
 .text.get_process_advance
                0x0000000008009640       0x5c obj/Debug/src/process_table/process_table.o
                0x0000000008009640                get_process_advance
 .text.print_process_table_fancy
                0x000000000800969c      0x280 obj/Debug/src/process_table/process_table.o
                0x000000000800969c                print_process_table_fancy
 .text.NVIC_EnableIRQ
                0x000000000800991c       0x2c obj/Debug/src/sensors/analog_sensors.o
 .text.NVIC_ClearPendingIRQ
                0x0000000008009948       0x30 obj/Debug/src/sensors/analog_sensors.o
 .text.NVIC_SetPriority
                0x0000000008009978       0x50 obj/Debug/src/sensors/analog_sensors.o
 .text.init_sensor_inputs
                0x00000000080099c8      0x314 obj/Debug/src/sensors/analog_sensors.o
                0x00000000080099c8                init_sensor_inputs
 .text.sensors_start_regular_group_conversion
                0x0000000008009cdc       0x10 obj/Debug/src/sensors/analog_sensors.o
                0x0000000008009cdc                sensors_start_regular_group_conversion
 .text.sensors_start_injected_group_conversion
                0x0000000008009cec       0x10 obj/Debug/src/sensors/analog_sensors.o
                0x0000000008009cec                sensors_start_injected_group_conversion
 .text.reset_integrator
                0x0000000008009cfc       0x16 obj/Debug/src/sensors/analog_sensors.o
                0x0000000008009cfc                reset_integrator
 *fill*         0x0000000008009d12        0x2 
 .text.update_analog_sensor
                0x0000000008009d14      0x15c obj/Debug/src/sensors/analog_sensors.o
                0x0000000008009d14                update_analog_sensor
 .text.ADC_IRQHandler
                0x0000000008009e70       0x58 obj/Debug/src/sensors/analog_sensors.o
                0x0000000008009e70                ADC_IRQHandler
 .text.DMA2_Stream0_IRQHandler
                0x0000000008009ec8       0x74 obj/Debug/src/sensors/analog_sensors.o
                0x0000000008009ec8                DMA2_Stream0_IRQHandler
 .text.reset_dsensor_integrator
                0x0000000008009f3c       0x34 obj/Debug/src/sensors/digital_sensors.o
                0x0000000008009f3c                reset_dsensor_integrator
 .text.init_digital_sensors
                0x0000000008009f70       0xa0 obj/Debug/src/sensors/digital_sensors.o
                0x0000000008009f70                init_digital_sensors
 .text.read_dsensors
                0x000000000800a010       0x8c obj/Debug/src/sensors/digital_sensors.o
                0x000000000800a010                read_dsensors
 .text.update_digital_sensors
                0x000000000800a09c       0x78 obj/Debug/src/sensors/digital_sensors.o
                0x000000000800a09c                update_digital_sensors
 .text.load_Sensor_Calibration
                0x000000000800a114       0x40 obj/Debug/src/sensors/sensor_calibration.o
                0x000000000800a114                load_Sensor_Calibration
 .text.store_Sensor_Calibration
                0x000000000800a154       0x18 obj/Debug/src/sensors/sensor_calibration.o
                0x000000000800a154                store_Sensor_Calibration
 .text.show_Sensor_Calibration
                0x000000000800a16c       0x3c obj/Debug/src/sensors/sensor_calibration.o
                0x000000000800a16c                show_Sensor_Calibration
 .text.modify_Sensor_Calibration
                0x000000000800a1a8       0x2c obj/Debug/src/sensors/sensor_calibration.o
                0x000000000800a1a8                modify_Sensor_Calibration
 .text.send_Sensor_Calibration
                0x000000000800a1d4       0x20 obj/Debug/src/sensors/sensor_calibration.o
                0x000000000800a1d4                send_Sensor_Calibration
 .text.store_InvTableCLT
                0x000000000800a1f4       0x18 obj/Debug/src/sensors/sensor_calibration.o
                0x000000000800a1f4                store_InvTableCLT
 .text.show_InvTableCLT
                0x000000000800a20c       0x2c obj/Debug/src/sensors/sensor_calibration.o
                0x000000000800a20c                show_InvTableCLT
 .text.modify_InvTableCLT
                0x000000000800a238       0x20 obj/Debug/src/sensors/sensor_calibration.o
                0x000000000800a238                modify_InvTableCLT
 .text.send_InvTableCLT
                0x000000000800a258       0x1c obj/Debug/src/sensors/sensor_calibration.o
                0x000000000800a258                send_InvTableCLT
 .text.getValue_InvTableCLT
                0x000000000800a274       0x2c obj/Debug/src/sensors/sensor_calibration.o
                0x000000000800a274                getValue_InvTableCLT
 .text.sensors_diag_log_event
                0x000000000800a2a0       0x44 obj/Debug/src/sensors/sensors_diag.o
                0x000000000800a2a0                sensors_diag_log_event
 .text.print_sensors_diag
                0x000000000800a2e4       0x84 obj/Debug/src/sensors/sensors_diag.o
                0x000000000800a2e4                print_sensors_diag
 .text.init_Sensors
                0x000000000800a368       0xc8 obj/Debug/src/sensors/Tuareg_sensors.o
                0x000000000800a368                init_Sensors
 .text.Tuareg_update_MAP_sensor
                0x000000000800a430       0x6c obj/Debug/src/sensors/Tuareg_sensors.o
                0x000000000800a430                Tuareg_update_MAP_sensor
 .text.Tuareg_update_O2_sensor
                0x000000000800a49c       0x68 obj/Debug/src/sensors/Tuareg_sensors.o
                0x000000000800a49c                Tuareg_update_O2_sensor
 .text.Tuareg_update_TPS_sensor
                0x000000000800a504       0x68 obj/Debug/src/sensors/Tuareg_sensors.o
                0x000000000800a504                Tuareg_update_TPS_sensor
 .text.Tuareg_update_IAT_sensor
                0x000000000800a56c       0x74 obj/Debug/src/sensors/Tuareg_sensors.o
                0x000000000800a56c                Tuareg_update_IAT_sensor
 .text.Tuareg_update_CLT_sensor
                0x000000000800a5e0       0x78 obj/Debug/src/sensors/Tuareg_sensors.o
                0x000000000800a5e0                Tuareg_update_CLT_sensor
 .text.Tuareg_update_VBAT_sensor
                0x000000000800a658       0x68 obj/Debug/src/sensors/Tuareg_sensors.o
                0x000000000800a658                Tuareg_update_VBAT_sensor
 .text.Tuareg_update_BARO_sensor
                0x000000000800a6c0       0x6c obj/Debug/src/sensors/Tuareg_sensors.o
                0x000000000800a6c0                Tuareg_update_BARO_sensor
 .text.Tuareg_update_GEAR_sensor
                0x000000000800a72c       0x88 obj/Debug/src/sensors/Tuareg_sensors.o
                0x000000000800a72c                Tuareg_update_GEAR_sensor
 .text.adc_set_regular_group
                0x000000000800a7b4       0xe0 obj/Debug/src/stm32_libs/stm32f4xx/boctok/stm32f4xx_adc.o
                0x000000000800a7b4                adc_set_regular_group
 .text.adc_set_regular_group_length
                0x000000000800a894       0x36 obj/Debug/src/stm32_libs/stm32f4xx/boctok/stm32f4xx_adc.o
                0x000000000800a894                adc_set_regular_group_length
 .text.adc_set_sample_time
                0x000000000800a8ca       0x94 obj/Debug/src/stm32_libs/stm32f4xx/boctok/stm32f4xx_adc.o
                0x000000000800a8ca                adc_set_sample_time
 .text.adc_start_regular_group
                0x000000000800a95e       0x16 obj/Debug/src/stm32_libs/stm32f4xx/boctok/stm32f4xx_adc.o
                0x000000000800a95e                adc_start_regular_group
 .text.adc_start_injected_group
                0x000000000800a974       0x16 obj/Debug/src/stm32_libs/stm32f4xx/boctok/stm32f4xx_adc.o
                0x000000000800a974                adc_start_injected_group
 *fill*         0x000000000800a98a        0x2 
 .text.getScbDump
                0x000000000800a98c       0x30 obj/Debug/src/stm32_libs/stm32f4xx/boctok/stm32f4xx_fault_handler.o
                0x000000000800a98c                getScbDump
 .text.getStackRegisters
                0x000000000800a9bc       0x54 obj/Debug/src/stm32_libs/stm32f4xx/boctok/stm32f4xx_fault_handler.o
                0x000000000800a9bc                getStackRegisters
 .text.HardFault_Handler
                0x000000000800aa10       0x28 obj/Debug/src/stm32_libs/stm32f4xx/boctok/stm32f4xx_fault_handler.o
                0x000000000800aa10                HardFault_Handler
 .text.NMI_Handler
                0x000000000800aa38       0x28 obj/Debug/src/stm32_libs/stm32f4xx/boctok/stm32f4xx_fault_handler.o
                0x000000000800aa38                NMI_Handler
 .text.MemManage_Handler
                0x000000000800aa60       0x28 obj/Debug/src/stm32_libs/stm32f4xx/boctok/stm32f4xx_fault_handler.o
                0x000000000800aa60                MemManage_Handler
 .text.BusFault_Handler
                0x000000000800aa88       0x28 obj/Debug/src/stm32_libs/stm32f4xx/boctok/stm32f4xx_fault_handler.o
                0x000000000800aa88                BusFault_Handler
 .text.UsageFault_Handler
                0x000000000800aab0       0x28 obj/Debug/src/stm32_libs/stm32f4xx/boctok/stm32f4xx_fault_handler.o
                0x000000000800aab0                UsageFault_Handler
 .text.SVC_Handler
                0x000000000800aad8       0x28 obj/Debug/src/stm32_libs/stm32f4xx/boctok/stm32f4xx_fault_handler.o
                0x000000000800aad8                SVC_Handler
 .text.DebugMon_Handler
                0x000000000800ab00       0x28 obj/Debug/src/stm32_libs/stm32f4xx/boctok/stm32f4xx_fault_handler.o
                0x000000000800ab00                DebugMon_Handler
 .text.PendSV_Handler
                0x000000000800ab28       0x28 obj/Debug/src/stm32_libs/stm32f4xx/boctok/stm32f4xx_fault_handler.o
                0x000000000800ab28                PendSV_Handler
 .text.WWDG_IRQHandler
                0x000000000800ab50       0x28 obj/Debug/src/stm32_libs/stm32f4xx/boctok/stm32f4xx_fault_handler.o
                0x000000000800ab50                WWDG_IRQHandler
 .text.FPU_IRQHandler
                0x000000000800ab78       0x28 obj/Debug/src/stm32_libs/stm32f4xx/boctok/stm32f4xx_fault_handler.o
                0x000000000800ab78                FPU_IRQHandler
 .text.GPIO_configure
                0x000000000800aba0       0xda obj/Debug/src/stm32_libs/stm32f4xx/boctok/stm32f4xx_gpio.o
                0x000000000800aba0                GPIO_configure
 *fill*         0x000000000800ac7a        0x2 
 .text.SYSCFG_map_EXTI
                0x000000000800ac7c       0xfc obj/Debug/src/stm32_libs/stm32f4xx/boctok/stm32f4xx_gpio.o
                0x000000000800ac7c                SYSCFG_map_EXTI
 .text.gpio_set_pin_high
                0x000000000800ad78       0x1a obj/Debug/src/stm32_libs/stm32f4xx/boctok/stm32f4xx_gpio.o
                0x000000000800ad78                gpio_set_pin_high
 .text.gpio_set_pin_low
                0x000000000800ad92       0x1c obj/Debug/src/stm32_libs/stm32f4xx/boctok/stm32f4xx_gpio.o
                0x000000000800ad92                gpio_set_pin_low
 .text.gpio_get_pin
                0x000000000800adae       0x2e obj/Debug/src/stm32_libs/stm32f4xx/boctok/stm32f4xx_gpio.o
                0x000000000800adae                gpio_get_pin
 .text.gpio_set_pin
                0x000000000800addc       0x6e obj/Debug/src/stm32_libs/stm32f4xx/boctok/stm32f4xx_gpio.o
                0x000000000800addc                gpio_set_pin
 .text.GPIO_SetAF
                0x000000000800ae4a       0x9a obj/Debug/src/stm32_libs/stm32f4xx/boctok/stm32f4xx_gpio.o
                0x000000000800ae4a                GPIO_SetAF
 .text.Reset_Handler
                0x000000000800aee4       0x50 obj/Debug/src/stm32_libs/stm32f4xx/cmsis/startup_stm32f410xx.o
                0x000000000800aee4                Reset_Handler
 .text.Default_Handler
                0x000000000800af34        0x2 obj/Debug/src/stm32_libs/stm32f4xx/cmsis/startup_stm32f410xx.o
                0x000000000800af34                RTC_Alarm_IRQHandler
                0x000000000800af34                FMPI2C1_EV_IRQHandler
                0x000000000800af34                TIM1_CC_IRQHandler
                0x000000000800af34                DMA2_Stream5_IRQHandler
                0x000000000800af34                DMA1_Stream5_IRQHandler
                0x000000000800af34                PVD_IRQHandler
                0x000000000800af34                TAMP_STAMP_IRQHandler
                0x000000000800af34                I2C2_EV_IRQHandler
                0x000000000800af34                DMA1_Stream2_IRQHandler
                0x000000000800af34                DMA2_Stream2_IRQHandler
                0x000000000800af34                SPI1_IRQHandler
                0x000000000800af34                TIM6_DAC_IRQHandler
                0x000000000800af34                DMA2_Stream3_IRQHandler
                0x000000000800af34                USART6_IRQHandler
                0x000000000800af34                I2C1_EV_IRQHandler
                0x000000000800af34                DMA1_Stream6_IRQHandler
                0x000000000800af34                DMA1_Stream1_IRQHandler
                0x000000000800af34                RCC_IRQHandler
                0x000000000800af34                Default_Handler
                0x000000000800af34                EXTI15_10_IRQHandler
                0x000000000800af34                DMA1_Stream7_IRQHandler
                0x000000000800af34                SPI5_IRQHandler
                0x000000000800af34                DMA2_Stream7_IRQHandler
                0x000000000800af34                EXTI9_5_IRQHandler
                0x000000000800af34                RTC_WKUP_IRQHandler
                0x000000000800af34                SPI2_IRQHandler
                0x000000000800af34                DMA1_Stream0_IRQHandler
                0x000000000800af34                FMPI2C1_ER_IRQHandler
                0x000000000800af34                EXTI4_IRQHandler
                0x000000000800af34                RNG_IRQHandler
                0x000000000800af34                TIM1_UP_IRQHandler
                0x000000000800af34                USART2_IRQHandler
                0x000000000800af34                I2C2_ER_IRQHandler
                0x000000000800af34                DMA2_Stream1_IRQHandler
                0x000000000800af34                FLASH_IRQHandler
                0x000000000800af34                DMA2_Stream4_IRQHandler
                0x000000000800af34                DMA1_Stream4_IRQHandler
                0x000000000800af34                I2C1_ER_IRQHandler
                0x000000000800af34                LPTIM1_IRQHandler
                0x000000000800af34                DMA2_Stream6_IRQHandler
                0x000000000800af34                DMA1_Stream3_IRQHandler
 .text._init    0x000000000800af36        0x4 obj/Debug/src/stm32_libs/stm32f4xx/cmsis/system_hse100_stm32f410.o
                0x000000000800af36                _init
 *fill*         0x000000000800af3a        0x2 
 .text.SystemInit
                0x000000000800af3c       0x68 obj/Debug/src/stm32_libs/stm32f4xx/cmsis/system_hse100_stm32f410.o
                0x000000000800af3c                SystemInit
 .text.SetSysClock
                0x000000000800afa4       0xe8 obj/Debug/src/stm32_libs/stm32f4xx/cmsis/system_hse100_stm32f410.o
 .text.NVIC_PriorityGroupConfig
                0x000000000800b08c       0x1c obj/Debug/src/stm32_libs/stm32f4xx/spl/misc.o
                0x000000000800b08c                NVIC_PriorityGroupConfig
 .text.DMA_Init
                0x000000000800b0a8       0xa4 obj/Debug/src/stm32_libs/stm32f4xx/spl/stm32f4xx_dma.o
                0x000000000800b0a8                DMA_Init
 .text.DMA_StructInit
                0x000000000800b14c       0x64 obj/Debug/src/stm32_libs/stm32f4xx/spl/stm32f4xx_dma.o
                0x000000000800b14c                DMA_StructInit
 .text.I2C_Init
                0x000000000800b1b0      0x1cc obj/Debug/src/stm32_libs/stm32f4xx/spl/stm32f4xx_i2c.o
                0x000000000800b1b0                I2C_Init
 .text.I2C_Cmd  0x000000000800b37c       0x3a obj/Debug/src/stm32_libs/stm32f4xx/spl/stm32f4xx_i2c.o
                0x000000000800b37c                I2C_Cmd
 .text.I2C_GenerateSTART
                0x000000000800b3b6       0x3a obj/Debug/src/stm32_libs/stm32f4xx/spl/stm32f4xx_i2c.o
                0x000000000800b3b6                I2C_GenerateSTART
 .text.I2C_GenerateSTOP
                0x000000000800b3f0       0x3a obj/Debug/src/stm32_libs/stm32f4xx/spl/stm32f4xx_i2c.o
                0x000000000800b3f0                I2C_GenerateSTOP
 .text.I2C_Send7bitAddress
                0x000000000800b42a       0x42 obj/Debug/src/stm32_libs/stm32f4xx/spl/stm32f4xx_i2c.o
                0x000000000800b42a                I2C_Send7bitAddress
 .text.I2C_AcknowledgeConfig
                0x000000000800b46c       0x3a obj/Debug/src/stm32_libs/stm32f4xx/spl/stm32f4xx_i2c.o
                0x000000000800b46c                I2C_AcknowledgeConfig
 .text.I2C_SendData
                0x000000000800b4a6       0x1a obj/Debug/src/stm32_libs/stm32f4xx/spl/stm32f4xx_i2c.o
                0x000000000800b4a6                I2C_SendData
 .text.I2C_ReceiveData
                0x000000000800b4c0       0x12 obj/Debug/src/stm32_libs/stm32f4xx/spl/stm32f4xx_i2c.o
                0x000000000800b4c0                I2C_ReceiveData
 .text.I2C_CheckEvent
                0x000000000800b4d2       0x5e obj/Debug/src/stm32_libs/stm32f4xx/spl/stm32f4xx_i2c.o
                0x000000000800b4d2                I2C_CheckEvent
 .text.I2C_GetFlagStatus
                0x000000000800b530       0x64 obj/Debug/src/stm32_libs/stm32f4xx/spl/stm32f4xx_i2c.o
                0x000000000800b530                I2C_GetFlagStatus
 .text.I2C_ClearFlag
                0x000000000800b594       0x24 obj/Debug/src/stm32_libs/stm32f4xx/spl/stm32f4xx_i2c.o
                0x000000000800b594                I2C_ClearFlag
 .text.RCC_GetClocksFreq
                0x000000000800b5b8      0x148 obj/Debug/src/stm32_libs/stm32f4xx/spl/stm32f4xx_rcc.o
                0x000000000800b5b8                RCC_GetClocksFreq
 .text.USART_Init
                0x000000000800b700      0x170 obj/Debug/src/stm32_libs/stm32f4xx/spl/stm32f4xx_usart.o
                0x000000000800b700                USART_Init
 .text.USART_Cmd
                0x000000000800b870       0x3a obj/Debug/src/stm32_libs/stm32f4xx/spl/stm32f4xx_usart.o
                0x000000000800b870                USART_Cmd
 .text.USART_ReceiveData
                0x000000000800b8aa       0x16 obj/Debug/src/stm32_libs/stm32f4xx/spl/stm32f4xx_usart.o
                0x000000000800b8aa                USART_ReceiveData
 .text.USART_ITConfig
                0x000000000800b8c0       0x90 obj/Debug/src/stm32_libs/stm32f4xx/spl/stm32f4xx_usart.o
                0x000000000800b8c0                USART_ITConfig
 .text.Eeprom_init
                0x000000000800b950       0xc0 obj/Debug/src/storage/eeprom.o
                0x000000000800b950                Eeprom_init
 .text.eeprom_write_byte
                0x000000000800ba10      0x15c obj/Debug/src/storage/eeprom.o
                0x000000000800ba10                eeprom_write_byte
 .text.eeprom_read_byte
                0x000000000800bb6c      0x1f4 obj/Debug/src/storage/eeprom.o
                0x000000000800bb6c                eeprom_read_byte
 .text.eeprom_wait
                0x000000000800bd60       0xe4 obj/Debug/src/storage/eeprom.o
                0x000000000800bd60                eeprom_wait
 .text.eeprom_update_byte
                0x000000000800be44       0x9c obj/Debug/src/storage/eeprom.o
                0x000000000800be44                eeprom_update_byte
 .text.Eeprom_load_data
                0x000000000800bee0       0x6c obj/Debug/src/storage/eeprom.o
                0x000000000800bee0                Eeprom_load_data
 .text.Eeprom_update_data
                0x000000000800bf4c       0x64 obj/Debug/src/storage/eeprom.o
                0x000000000800bf4c                Eeprom_update_data
 .text.getValue_t2D
                0x000000000800bfb0      0x194 obj/Debug/src/storage/table.o
                0x000000000800bfb0                getValue_t2D
 .text.getValue_t3D
                0x000000000800c144      0x5d2 obj/Debug/src/storage/table.o
                0x000000000800c144                getValue_t3D
 .text.load_t2D_data
                0x000000000800c716       0x24 obj/Debug/src/storage/table.o
                0x000000000800c716                load_t2D_data
 .text.load_t2D
                0x000000000800c73a       0x26 obj/Debug/src/storage/table.o
                0x000000000800c73a                load_t2D
 .text.load_t3D_data
                0x000000000800c760       0x26 obj/Debug/src/storage/table.o
                0x000000000800c760                load_t3D_data
 .text.store_t2D_data
                0x000000000800c786       0x22 obj/Debug/src/storage/table.o
                0x000000000800c786                store_t2D_data
 .text.store_t2D
                0x000000000800c7a8       0x24 obj/Debug/src/storage/table.o
                0x000000000800c7a8                store_t2D
 .text.store_t3D_data
                0x000000000800c7cc       0x24 obj/Debug/src/storage/table.o
                0x000000000800c7cc                store_t3D_data
 .text.show_t3D_data
                0x000000000800c7f0       0xd8 obj/Debug/src/storage/table.o
                0x000000000800c7f0                show_t3D_data
 .text.show_t2D_data
                0x000000000800c8c8       0x8c obj/Debug/src/storage/table.o
                0x000000000800c8c8                show_t2D_data
 .text.modify_t2D_data
                0x000000000800c954       0x2c obj/Debug/src/storage/table.o
                0x000000000800c954                modify_t2D_data
 .text.modify_t3D_data
                0x000000000800c980       0x2e obj/Debug/src/storage/table.o
                0x000000000800c980                modify_t3D_data
 .text.send_t2D_data
                0x000000000800c9ae       0x20 obj/Debug/src/storage/table.o
                0x000000000800c9ae                send_t2D_data
 .text.send_t3D_data
                0x000000000800c9ce       0x22 obj/Debug/src/storage/table.o
                0x000000000800c9ce                send_t3D_data
 .text.NVIC_EnableIRQ
                0x000000000800c9f0       0x2c obj/Debug/src/timing/lowprio_scheduler.o
 .text.NVIC_ClearPendingIRQ
                0x000000000800ca1c       0x30 obj/Debug/src/timing/lowprio_scheduler.o
 .text.NVIC_SetPriority
                0x000000000800ca4c       0x50 obj/Debug/src/timing/lowprio_scheduler.o
 .text.safe_callback
                0x000000000800ca9c        0xe obj/Debug/src/timing/lowprio_scheduler.o
 *fill*         0x000000000800caaa        0x2 
 .text.init_lowprio_scheduler
                0x000000000800caac       0xac obj/Debug/src/timing/lowprio_scheduler.o
                0x000000000800caac                init_lowprio_scheduler
 .text.lowprio_scheduler_set_channel
                0x000000000800cb58      0x384 obj/Debug/src/timing/lowprio_scheduler.o
                0x000000000800cb58                lowprio_scheduler_set_channel
 .text.TIM1_TRG_COM_TIM11_IRQHandler
                0x000000000800cedc      0x2d4 obj/Debug/src/timing/lowprio_scheduler.o
                0x000000000800cedc                TIM1_TRG_COM_TIM11_IRQHandler
 .text.NVIC_EnableIRQ
                0x000000000800d1b0       0x2c obj/Debug/src/timing/scheduler.o
 .text.NVIC_ClearPendingIRQ
                0x000000000800d1dc       0x30 obj/Debug/src/timing/scheduler.o
 .text.NVIC_SetPriority
                0x000000000800d20c       0x50 obj/Debug/src/timing/scheduler.o
 .text.allocate_timer_channel_1
                0x000000000800d25c       0x6c obj/Debug/src/timing/scheduler.o
                0x000000000800d25c                allocate_timer_channel_1
 .text.reset_timer_channel_1
                0x000000000800d2c8       0x38 obj/Debug/src/timing/scheduler.o
                0x000000000800d2c8                reset_timer_channel_1
 .text.allocate_timer_channel_2
                0x000000000800d300       0x6c obj/Debug/src/timing/scheduler.o
                0x000000000800d300                allocate_timer_channel_2
 .text.reset_timer_channel_2
                0x000000000800d36c       0x38 obj/Debug/src/timing/scheduler.o
                0x000000000800d36c                reset_timer_channel_2
 .text.allocate_timer_channel_3
                0x000000000800d3a4       0x6c obj/Debug/src/timing/scheduler.o
                0x000000000800d3a4                allocate_timer_channel_3
 .text.reset_timer_channel_3
                0x000000000800d410       0x38 obj/Debug/src/timing/scheduler.o
                0x000000000800d410                reset_timer_channel_3
 .text.allocate_timer_channel_4
                0x000000000800d448       0x6c obj/Debug/src/timing/scheduler.o
                0x000000000800d448                allocate_timer_channel_4
 .text.reset_timer_channel_4
                0x000000000800d4b4       0x38 obj/Debug/src/timing/scheduler.o
                0x000000000800d4b4                reset_timer_channel_4
 .text.init_Vital_Scheduler
                0x000000000800d4ec      0x108 obj/Debug/src/timing/scheduler.o
                0x000000000800d4ec                init_Vital_Scheduler
 .text.scheduler_set_channel
                0x000000000800d5f4      0x1a4 obj/Debug/src/timing/scheduler.o
                0x000000000800d5f4                scheduler_set_channel
 .text.scheduler_reset_channel
                0x000000000800d798       0x7c obj/Debug/src/timing/scheduler.o
                0x000000000800d798                scheduler_reset_channel
 .text.allocate_channel
                0x000000000800d814      0x108 obj/Debug/src/timing/scheduler.o
                0x000000000800d814                allocate_channel
 .text.TIM5_IRQHandler
                0x000000000800d91c      0x1c0 obj/Debug/src/timing/scheduler.o
                0x000000000800d91c                TIM5_IRQHandler
 .text.scheduler_diag_log_event
                0x000000000800dadc       0x44 obj/Debug/src/timing/scheduler_diag.o
                0x000000000800dadc                scheduler_diag_log_event
 .text.print_scheduler_diag
                0x000000000800db20       0x84 obj/Debug/src/timing/scheduler_diag.o
                0x000000000800db20                print_scheduler_diag
 .text.NVIC_SetPriority
                0x000000000800dba4       0x50 obj/Debug/src/timing/systick_timer.o
 .text.init_systick_timer
                0x000000000800dbf4       0x30 obj/Debug/src/timing/systick_timer.o
                0x000000000800dbf4                init_systick_timer
 .text.get_timestamp_fraction_us
                0x000000000800dc24       0x2c obj/Debug/src/timing/systick_timer.o
                0x000000000800dc24                get_timestamp_fraction_us
 .text.SysTick_Handler
                0x000000000800dc50      0x200 obj/Debug/src/timing/systick_timer.o
                0x000000000800dc50                SysTick_Handler
 .text.calc_rot_duration_us
                0x000000000800de50       0x24 obj/Debug/src/utils/base_calc.o
                0x000000000800de50                calc_rot_duration_us
 .text.calc_rot_angle_deg
                0x000000000800de74       0x36 obj/Debug/src/utils/base_calc.o
                0x000000000800de74                calc_rot_angle_deg
 *fill*         0x000000000800deaa        0x2 
 .text.calc_rpm
                0x000000000800deac       0x30 obj/Debug/src/utils/base_calc.o
                0x000000000800deac                calc_rpm
 .text.sub_VU32
                0x000000000800dedc       0x2a obj/Debug/src/utils/base_calc.o
                0x000000000800dedc                sub_VU32
 .text.subtract_VU32
                0x000000000800df06       0x1e obj/Debug/src/utils/base_calc.o
                0x000000000800df06                subtract_VU32
 .text.divide_VU32
                0x000000000800df24       0x2a obj/Debug/src/utils/base_calc.o
                0x000000000800df24                divide_VU32
 *fill*         0x000000000800df4e        0x2 
 .text.divide_VF32
                0x000000000800df50       0x48 obj/Debug/src/utils/base_calc.o
                0x000000000800df50                divide_VF32
 .text.divide_float
                0x000000000800df98       0x48 obj/Debug/src/utils/base_calc.o
                0x000000000800df98                divide_float
 .text.crank_position_after
                0x000000000800dfe0       0x2e obj/Debug/src/utils/base_calc.o
                0x000000000800dfe0                crank_position_after
 .text.opposite_phase
                0x000000000800e00e       0x2c obj/Debug/src/utils/base_calc.o
                0x000000000800e00e                opposite_phase
 .text.solve_linear
                0x000000000800e03a       0x56 obj/Debug/src/utils/base_calc.o
                0x000000000800e03a                solve_linear
 .text.calc_ema
                0x000000000800e090       0x8c obj/Debug/src/utils/base_calc.o
                0x000000000800e090                calc_ema
 .text.calc_derivative_s
                0x000000000800e11c       0x68 obj/Debug/src/utils/base_calc.o
                0x000000000800e11c                calc_derivative_s
 .text.getBit_BF8
                0x000000000800e184       0x46 obj/Debug/src/utils/bitfields.o
                0x000000000800e184                getBit_BF8
 *fill*         0x000000000800e1ca        0x2 
 .text.__libc_init_array
                0x000000000800e1cc       0x48 /opt/gcc-arm-none-eabi-7-2017-q4-major/bin/../lib/gcc/arm-none-eabi/7.2.1/../../../../arm-none-eabi/lib/thumb/v7e-m/fpv4-sp/hard/libc.a(lib_a-init.o)
                0x000000000800e1cc                __libc_init_array
 *(.rodata)
 .rodata        0x000000000800e214      0x7b6 obj/Debug/src/com/Tuareg_console.o
                0x000000000800e214                Tuareg_Version
 *fill*         0x000000000800e9ca        0x2 
 .rodata        0x000000000800e9cc      0x2ac obj/Debug/src/com/TunerStudio_service.o
 .rodata        0x000000000800ec78       0x5f obj/Debug/src/com/uart_printf.o
 *fill*         0x000000000800ecd7        0x1 
 .rodata        0x000000000800ecd8       0x16 obj/Debug/src/debug/debug_port_messages.o
 *fill*         0x000000000800ecee        0x2 
 .rodata        0x000000000800ecf0      0x15f obj/Debug/src/decoder/decoder_config.o
 *fill*         0x000000000800ee4f        0x1 
 .rodata        0x000000000800ee50      0x227 obj/Debug/src/decoder/decoder_diag.o
                0x000000000800ee50                decoder_diag_legend
 *fill*         0x000000000800f077        0x1 
 .rodata        0x000000000800f078       0x32 obj/Debug/src/diagnostics/fault_log.o
 *fill*         0x000000000800f0aa        0x2 
 .rodata        0x000000000800f0ac       0x76 obj/Debug/src/diagnostics/highspeed_loggers.o
 *fill*         0x000000000800f122        0x2 
 .rodata        0x000000000800f124       0x6c obj/Debug/src/diagnostics/syslog.o
 .rodata        0x000000000800f190      0x5d0 obj/Debug/src/fueling/fueling_config.o
 .rodata        0x000000000800f760      0x34b obj/Debug/src/fueling/fueling_diag.o
                0x000000000800f760                fueling_diag_legend
 *fill*         0x000000000800faab        0x1 
 .rodata        0x000000000800faac      0x1d8 obj/Debug/src/ignition/ignition_config.o
 .rodata        0x000000000800fc84      0x1c7 obj/Debug/src/ignition/ignition_diag.o
                0x000000000800fc84                ignition_diag_legend
 *fill*         0x000000000800fe4b        0x1 
 .rodata        0x000000000800fe4c        0xb obj/Debug/src/main/main.o
 *fill*         0x000000000800fe57        0x1 
 .rodata        0x000000000800fe58      0x1a1 obj/Debug/src/main/Tuareg_config.o
 *fill*         0x000000000800fff9        0x3 
 .rodata        0x000000000800fffc      0x28b obj/Debug/src/main/Tuareg_diag.o
                0x000000000800fffc                tuareg_diag_legend
 *fill*         0x0000000008010287        0x1 
 .rodata        0x0000000008010288       0x31 obj/Debug/src/main/Tuareg_errors.o
 *fill*         0x00000000080102b9        0x3 
 .rodata        0x00000000080102bc      0x5a0 obj/Debug/src/main/Tuareg_ID.o
                0x00000000080102bc                Tuareg_ID_labels
 .rodata        0x000000000801085c       0x73 obj/Debug/src/process_table/process_table.o
 *fill*         0x00000000080108cf        0x1 