Archive member included to satisfy reference by file (symbol)

/opt/gcc-arm-none-eabi-7-2017-q4-major/bin/../lib/gcc/arm-none-eabi/7.2.1/../../../../arm-none-eabi/lib/thumb/v7e-m/fpv4-sp/hard/libc.a(lib_a-init.o)
                              obj/Release/src/stm32_libs/stm32f4xx/cmsis/startup_stm32f410xx.o (__libc_init_array)

Discarded input sections

 .text          0x0000000000000000        0x0 obj/Release/src/actors/act_hw.o
 .data          0x0000000000000000        0x0 obj/Release/src/actors/act_hw.o
 .bss           0x0000000000000000        0x0 obj/Release/src/actors/act_hw.o
 .text.set_act1
                0x0000000000000000       0x20 obj/Release/src/actors/act_hw.o
 .text.set_act2
                0x0000000000000000       0x20 obj/Release/src/actors/act_hw.o
 .text.init_act_hw
                0x0000000000000000       0x4c obj/Release/src/actors/act_hw.o
 .comment       0x0000000000000000       0x7f obj/Release/src/actors/act_hw.o
 .ARM.attributes
                0x0000000000000000       0x39 obj/Release/src/actors/act_hw.o
 .text          0x0000000000000000        0x0 obj/Release/src/actors/act_logic.o
 .data          0x0000000000000000        0x0 obj/Release/src/actors/act_logic.o
 .bss           0x0000000000000000        0x0 obj/Release/src/actors/act_logic.o
 .text.init_act_logic
                0x0000000000000000        0x2 obj/Release/src/actors/act_logic.o
 .comment       0x0000000000000000       0x7f obj/Release/src/actors/act_logic.o
 .ARM.attributes
                0x0000000000000000       0x39 obj/Release/src/actors/act_logic.o
 .text          0x0000000000000000        0x0 obj/Release/src/com/serial_buffer.o
 .data          0x0000000000000000        0x0 obj/Release/src/com/serial_buffer.o
 .bss           0x0000000000000000        0x0 obj/Release/src/com/serial_buffer.o
 .text          0x0000000000000000        0x0 obj/Release/src/com/serial_monitor.o
 .data          0x0000000000000000        0x0 obj/Release/src/com/serial_monitor.o
 .bss           0x0000000000000000        0x0 obj/Release/src/com/serial_monitor.o
 .comment       0x0000000000000000       0x7f obj/Release/src/com/serial_monitor.o
 .ARM.attributes
                0x0000000000000000       0x39 obj/Release/src/com/serial_monitor.o
 .text          0x0000000000000000        0x0 obj/Release/src/com/Tuareg_console.o
 .data          0x0000000000000000        0x0 obj/Release/src/com/Tuareg_console.o
 .bss           0x0000000000000000        0x0 obj/Release/src/com/Tuareg_console.o
 .rodata.cTSmaxChunkLen
                0x0000000000000000        0x4 obj/Release/src/com/Tuareg_console.o
 .rodata.cTSmaxOffset
                0x0000000000000000        0x4 obj/Release/src/com/Tuareg_console.o
 .text          0x0000000000000000        0x0 obj/Release/src/com/TunerStudio.o
 .data          0x0000000000000000        0x0 obj/Release/src/com/TunerStudio.o
 .bss           0x0000000000000000        0x0 obj/Release/src/com/TunerStudio.o
 .text          0x0000000000000000        0x0 obj/Release/src/com/TunerStudio_outChannel.o
 .data          0x0000000000000000        0x0 obj/Release/src/com/TunerStudio_outChannel.o
 .bss           0x0000000000000000        0x0 obj/Release/src/com/TunerStudio_outChannel.o
 .rodata.cOut_size
                0x0000000000000000        0x4 obj/Release/src/com/TunerStudio_outChannel.o
 .rodata.pOut_data
                0x0000000000000000        0x4 obj/Release/src/com/TunerStudio_outChannel.o
 .text          0x0000000000000000        0x0 obj/Release/src/com/TunerStudio_service.o
 .data          0x0000000000000000        0x0 obj/Release/src/com/TunerStudio_service.o
 .bss           0x0000000000000000        0x0 obj/Release/src/com/TunerStudio_service.o
 .text          0x0000000000000000        0x0 obj/Release/src/com/uart.o
 .data          0x0000000000000000        0x0 obj/Release/src/com/uart.o
 .bss           0x0000000000000000        0x0 obj/Release/src/com/uart.o
 .text.UART_listen
                0x0000000000000000        0xa obj/Release/src/com/uart.o
 .text.UART_nolisten
                0x0000000000000000        0xa obj/Release/src/com/uart.o
 .text          0x0000000000000000        0x0 obj/Release/src/com/uart_printf.o
 .data          0x0000000000000000        0x0 obj/Release/src/com/uart_printf.o
 .bss           0x0000000000000000        0x0 obj/Release/src/com/uart_printf.o
 .text.printf_S
                0x0000000000000000       0x20 obj/Release/src/com/uart_printf.o
 .text.printf_U8
                0x0000000000000000       0x42 obj/Release/src/com/uart_printf.o
 .text.printf_U32hex
                0x0000000000000000       0x30 obj/Release/src/com/uart_printf.o
 .text          0x0000000000000000        0x0 obj/Release/src/dash/dash_hw.o
 .data          0x0000000000000000        0x0 obj/Release/src/dash/dash_hw.o
 .bss           0x0000000000000000        0x0 obj/Release/src/dash/dash_hw.o
 .text          0x0000000000000000        0x0 obj/Release/src/dash/Tuareg_dash.o
[...]
Memory Configuration

Name             Origin             Length             Attributes
FLASH            0x0000000008000000 0x0000000000020000 xr
RAM              0x0000000020000000 0x0000000000008000 xrw
MEMORY_B1        0x0000000060000000 0x0000000000000000 xr
*default*        0x0000000000000000 0xffffffffffffffff

Linker script and memory map

LOAD obj/Release/src/actors/act_hw.o
LOAD obj/Release/src/actors/act_logic.o
LOAD obj/Release/src/com/serial_buffer.o
LOAD obj/Release/src/com/serial_monitor.o
LOAD obj/Release/src/com/Tuareg_console.o
LOAD obj/Release/src/com/TunerStudio.o
LOAD obj/Release/src/com/TunerStudio_outChannel.o
LOAD obj/Release/src/com/TunerStudio_service.o
LOAD obj/Release/src/com/uart.o
LOAD obj/Release/src/com/uart_printf.o
LOAD obj/Release/src/dash/dash_hw.o
LOAD obj/Release/src/dash/Tuareg_dash.o
LOAD obj/Release/src/debug/debug.o
LOAD obj/Release/src/debug/debug_port_messages.o
LOAD obj/Release/src/debug/dwt.o
LOAD obj/Release/src/decoder/decoder_cis.o
LOAD obj/Release/src/decoder/decoder_config.o
LOAD obj/Release/src/decoder/decoder_debug.o
LOAD obj/Release/src/decoder/decoder_diag.o
LOAD obj/Release/src/decoder/decoder_hw.o
LOAD obj/Release/src/decoder/decoder_logic.o
LOAD obj/Release/src/decoder/Tuareg_decoder.o
LOAD obj/Release/src/diagnostics/diagnostics.o
LOAD obj/Release/src/diagnostics/fault_log.o
LOAD obj/Release/src/diagnostics/highspeed_loggers.o
LOAD obj/Release/src/diagnostics/syslog.o
LOAD obj/Release/src/fueling/accel_comp.o
LOAD obj/Release/src/fueling/fueling_config.o
LOAD obj/Release/src/fueling/fueling_corrections.o
LOAD obj/Release/src/fueling/fueling_diag.o
LOAD obj/Release/src/fueling/fueling_hw.o
LOAD obj/Release/src/fueling/injector_parameters.o
LOAD obj/Release/src/fueling/Tuareg_fueling.o
LOAD obj/Release/src/fueling/Tuareg_fueling_controls.o
LOAD obj/Release/src/ignition/ignition_config.o
LOAD obj/Release/src/ignition/ignition_diag.o
LOAD obj/Release/src/ignition/ignition_hw.o
LOAD obj/Release/src/ignition/Tuareg_ignition.o
LOAD obj/Release/src/ignition/Tuareg_ignition_controls.o
LOAD obj/Release/src/main/main.o
LOAD obj/Release/src/main/Tuareg.o
LOAD obj/Release/src/main/Tuareg_config.o
LOAD obj/Release/src/main/Tuareg_diag.o
LOAD obj/Release/src/main/Tuareg_errors.o
LOAD obj/Release/src/main/Tuareg_ID.o
LOAD obj/Release/src/main/Tuareg_process_data.o
LOAD obj/Release/src/main/Tuareg_service_functions.o
LOAD obj/Release/src/main/Tuareg_types.o
LOAD obj/Release/src/module_test/module_test.o
LOAD obj/Release/src/process_table/process_table.o
LOAD obj/Release/src/sensors/analog_sensors.o
LOAD obj/Release/src/sensors/digital_sensors.o
LOAD obj/Release/src/sensors/knock_sensor.o
LOAD obj/Release/src/sensors/sensor_calibration.o
LOAD obj/Release/src/sensors/sensors_diag.o
LOAD obj/Release/src/sensors/Tuareg_sensors.o
LOAD obj/Release/src/stm32_libs/stm32f4xx/boctok/stm32f4xx_adc_boctok.o
LOAD obj/Release/src/stm32_libs/stm32f4xx/boctok/stm32f4xx_fault_handler_boctok.o
LOAD obj/Release/src/stm32_libs/stm32f4xx/boctok/stm32f4xx_gpio_boctok.o
LOAD obj/Release/src/stm32_libs/stm32f4xx/cmsis/startup_stm32f410xx.o
LOAD obj/Release/src/stm32_libs/stm32f4xx/cmsis/system_hse100_stm32f410.o
LOAD obj/Release/src/stm32_libs/stm32f4xx/spl/misc.o
LOAD obj/Release/src/stm32_libs/stm32f4xx/spl/stm32f4xx_dma.o
LOAD obj/Release/src/stm32_libs/stm32f4xx/spl/stm32f4xx_i2c.o
LOAD obj/Release/src/stm32_libs/stm32f4xx/spl/stm32f4xx_rcc.o
LOAD obj/Release/src/stm32_libs/stm32f4xx/spl/stm32f4xx_usart.o
LOAD obj/Release/src/storage/eeprom.o
LOAD obj/Release/src/storage/table.o
LOAD obj/Release/src/timing/lowprio_scheduler.o
LOAD obj/Release/src/timing/scheduler.o
LOAD obj/Release/src/timing/scheduler_diag.o
LOAD obj/Release/src/timing/systick_timer.o
LOAD obj/Release/src/utils/base_calc.o
LOAD obj/Release/src/utils/bitfields.o
LOAD obj/Release/src/utils/conversion.o
                0x0000000020008000                _estack = 0x20008000
                0x0000000000000000                _Min_Heap_Size = 0x0
                0x0000000000000100                _Min_Stack_Size = 0x100

.isr_vector     0x0000000008000000      0x1c8
                0x0000000008000000                . = ALIGN (0x4)
 *(.isr_vector)
 .isr_vector    0x0000000008000000      0x1c8 obj/Release/src/stm32_libs/stm32f4xx/cmsis/startup_stm32f410xx.o
                0x0000000008000000                g_pfnVectors
                0x00000000080001c8                . = ALIGN (0x4)

.text           0x00000000080001c8     0xc254
                0x00000000080001c8                . = ALIGN (0x4)
 *(.text)
 *(.text*)
 .text.ComRx_Buffer_reset
                0x00000000080001c8       0x3c obj/Release/src/com/serial_buffer.o
                0x00000000080001c8                ComRx_Buffer_reset
 .text.ComRx_Buffer_avail
                0x0000000008000204        0xc obj/Release/src/com/serial_buffer.o
                0x0000000008000204                ComRx_Buffer_avail
 .text.ComRx_Buffer_push
                0x0000000008000210       0x50 obj/Release/src/com/serial_buffer.o
                0x0000000008000210                ComRx_Buffer_push
 .text.ComRx_Buffer_pull
                0x0000000008000260       0x44 obj/Release/src/com/serial_buffer.o
                0x0000000008000260                ComRx_Buffer_pull
 .text.ComRx_Buffer_pull_U16
                0x00000000080002a4       0x30 obj/Release/src/com/serial_buffer.o
                0x00000000080002a4                ComRx_Buffer_pull_U16
 .text.ComRx_Buffer_pull_U32
                0x00000000080002d4       0x56 obj/Release/src/com/serial_buffer.o
                0x00000000080002d4                ComRx_Buffer_pull_U32
 *fill*         0x000000000800032a        0x2 
 .text.cli_showPage
                0x000000000800032c       0xa8 obj/Release/src/com/Tuareg_console.o
                0x000000000800032c                cli_showPage
 .text.cli_setPermissions
                0x00000000080003d4      0x11c obj/Release/src/com/Tuareg_console.o
                0x00000000080003d4                cli_setPermissions
 .text.cli_show_help
                0x00000000080004f0       0x9c obj/Release/src/com/Tuareg_console.o
                0x00000000080004f0                cli_show_help
 .text.Tuareg_update_console
                0x000000000800058c      0x290 obj/Release/src/com/Tuareg_console.o
                0x000000000800058c                Tuareg_update_console
 .text.cli_cyclic_update
                0x000000000800081c       0x1c obj/Release/src/com/Tuareg_console.o
                0x000000000800081c                cli_cyclic_update
 .text.Tuareg_init_console
                0x0000000008000838       0x18 obj/Release/src/com/Tuareg_console.o
                0x0000000008000838                Tuareg_init_console
 .text.ts_readPage
                0x0000000008000850       0xb4 obj/Release/src/com/TunerStudio.o
                0x0000000008000850                ts_readPage
 .text.ts_valueWrite
                0x0000000008000904      0x1a8 obj/Release/src/com/TunerStudio.o
                0x0000000008000904                ts_valueWrite
 .text.ts_burnPage
                0x0000000008000aac       0xcc obj/Release/src/com/TunerStudio.o
                0x0000000008000aac                ts_burnPage
 .text.ts_tuareg_bits
                0x0000000008000b78      0x1d4 obj/Release/src/com/TunerStudio_outChannel.o
                0x0000000008000b78                ts_tuareg_bits
 .text.ts_sendOutputChannels
                0x0000000008000d4c      0x11c obj/Release/src/com/TunerStudio_outChannel.o
                0x0000000008000d4c                ts_sendOutputChannels
 .text.ts_debug_features
                0x0000000008000e68       0xc4 obj/Release/src/com/TunerStudio_service.o
                0x0000000008000e68                ts_debug_features
 .text.cli_show_debug_help
                0x0000000008000f2c       0xc0 obj/Release/src/com/TunerStudio_service.o
                0x0000000008000f2c                cli_show_debug_help
 .text.cli_show_process_data
                0x0000000008000fec      0x114 obj/Release/src/com/TunerStudio_service.o
                0x0000000008000fec                cli_show_process_data
 .text.cli_show_ignition_controls
                0x0000000008001100      0x108 obj/Release/src/com/TunerStudio_service.o
                0x0000000008001100                cli_show_ignition_controls
 .text.cli_show_fueling_controls
                0x0000000008001208      0x3b8 obj/Release/src/com/TunerStudio_service.o
                0x0000000008001208                cli_show_fueling_controls
 .text.cli_show_decoder_interface
                0x00000000080015c0      0x124 obj/Release/src/com/TunerStudio_service.o
                0x00000000080015c0                cli_show_decoder_interface
 .text.cli_print_sensor_data
                0x00000000080016e4      0x21c obj/Release/src/com/TunerStudio_service.o
                0x00000000080016e4                cli_print_sensor_data
 .text.ts_debug_info
                0x0000000008001900       0xd8 obj/Release/src/com/TunerStudio_service.o
                0x0000000008001900                ts_debug_info
 .text.UART_TS_PORT_Init
                0x00000000080019d8       0xa0 obj/Release/src/com/uart.o
                0x00000000080019d8                UART_TS_PORT_Init
 .text.UART_DEBUG_PORT_Init
                0x0000000008001a78       0x68 obj/Release/src/com/uart.o
                0x0000000008001a78                UART_DEBUG_PORT_Init
 .text.UART_Tx  0x0000000008001ae0        0xc obj/Release/src/com/uart.o
                0x0000000008001ae0                UART_Tx
 .text.UART_send_data
                0x0000000008001aec       0x1a obj/Release/src/com/uart.o
                0x0000000008001aec                UART_send_data
 *fill*         0x0000000008001b06        0x2 
 .text.USART1_IRQHandler
                0x0000000008001b08       0x30 obj/Release/src/com/uart.o
                0x0000000008001b08                USART1_IRQHandler
 .text.printf_U
                0x0000000008001b38      0x164 obj/Release/src/com/uart_printf.o
                0x0000000008001b38                printf_U
 .text.printf_F32
                0x0000000008001c9c       0xcc obj/Release/src/com/uart_printf.o
                0x0000000008001c9c                printf_F32
 .text.printf_nib_hex
                0x0000000008001d68       0x10 obj/Release/src/com/uart_printf.o
                0x0000000008001d68                printf_nib_hex
 .text.print    0x0000000008001d78       0x16 obj/Release/src/com/uart_printf.o
                0x0000000008001d78                print
 *fill*         0x0000000008001d8e        0x2 
 .text.printf_U8hex
                0x0000000008001d90       0x38 obj/Release/src/com/uart_printf.o
                0x0000000008001d90                printf_U8hex
 .text.printf_crkpos
                0x0000000008001dc8       0x6c obj/Release/src/com/uart_printf.o
                0x0000000008001dc8                printf_crkpos
 .text.printf_phase
                0x0000000008001e34       0x30 obj/Release/src/com/uart_printf.o
                0x0000000008001e34                printf_phase
 .text.printf_decoder_sensing
                0x0000000008001e64       0x54 obj/Release/src/com/uart_printf.o
                0x0000000008001e64                printf_decoder_sensing
 .text.print_flash
                0x0000000008001eb8        0x4 obj/Release/src/com/uart_printf.o
                0x0000000008001eb8                print_flash
 .text.set_mil_hw
                0x0000000008001ebc       0x38 obj/Release/src/dash/dash_hw.o
                0x0000000008001ebc                set_mil_hw
 .text.init_dash_hw
                0x0000000008001ef4       0x78 obj/Release/src/dash/dash_hw.o
                0x0000000008001ef4                init_dash_hw
 .text.set_tachometer_compare
                0x0000000008001f6c       0x28 obj/Release/src/dash/dash_hw.o
                0x0000000008001f6c                set_tachometer_compare
 .text.update_tachometer
                0x0000000008001f94       0x38 obj/Release/src/dash/Tuareg_dash.o
                0x0000000008001f94                update_tachometer
 .text.set_mil  0x0000000008001fcc       0x48 obj/Release/src/dash/Tuareg_dash.o
                0x0000000008001fcc                set_mil
 .text.update_mil
                0x0000000008002014       0x94 obj/Release/src/dash/Tuareg_dash.o
                0x0000000008002014                update_mil
 .text.init_dash
                0x00000000080020a8       0x10 obj/Release/src/dash/Tuareg_dash.o
                0x00000000080020a8                init_dash
 .text.update_dash
                0x00000000080020b8        0xe obj/Release/src/dash/Tuareg_dash.o
                0x00000000080020b8                update_dash
 *fill*         0x00000000080020c6        0x2 
 .text.DebugMsg_Warning
                0x00000000080020c8       0x24 obj/Release/src/debug/debug_port_messages.o
                0x00000000080020c8                DebugMsg_Warning
 .text.decoder_update_cis
                0x00000000080020ec      0x188 obj/Release/src/decoder/decoder_cis.o
                0x00000000080020ec                decoder_update_cis
 .text.decoder_cis_handler
                0x0000000008002274       0x9c obj/Release/src/decoder/decoder_cis.o
                0x0000000008002274                decoder_cis_handler
 .text.decoder_cis_noisefilter_handler
                0x0000000008002310        0x4 obj/Release/src/decoder/decoder_cis.o
                0x0000000008002310                decoder_cis_noisefilter_handler
 .text.enable_cis
                0x0000000008002314       0x4c obj/Release/src/decoder/decoder_cis.o
                0x0000000008002314                enable_cis
 .text.disable_cis
                0x0000000008002360        0xe obj/Release/src/decoder/decoder_cis.o
                0x0000000008002360                disable_cis
 *fill*         0x000000000800236e        0x2 
 .text.load_Decoder_Setup
                0x0000000008002370       0x1c obj/Release/src/decoder/decoder_config.o
                0x0000000008002370                load_Decoder_Setup
 .text.load_essential_Decoder_Setup
                0x000000000800238c       0x3c obj/Release/src/decoder/decoder_config.o
                0x000000000800238c                load_essential_Decoder_Setup
 .text.store_Decoder_Setup
                0x00000000080023c8       0x10 obj/Release/src/decoder/decoder_config.o
                0x00000000080023c8                store_Decoder_Setup
 .text.show_Decoder_Setup
                0x00000000080023d8      0x154 obj/Release/src/decoder/decoder_config.o
                0x00000000080023d8                show_Decoder_Setup
 .text.modify_Decoder_Setup
                0x000000000800252c       0x18 obj/Release/src/decoder/decoder_config.o
                0x000000000800252c                modify_Decoder_Setup
 .text.send_Decoder_Setup
                0x0000000008002544        0xc obj/Release/src/decoder/decoder_config.o
                0x0000000008002544                send_Decoder_Setup
 .text.decoder_diag_log_event
                0x0000000008002550       0x28 obj/Release/src/decoder/decoder_diag.o
                0x0000000008002550                decoder_diag_log_event
 .text.print_decoder_diag
                0x0000000008002578       0x68 obj/Release/src/decoder/decoder_diag.o
                0x0000000008002578                print_decoder_diag
 .text.decoder_stop_timer
                0x00000000080025e0       0x1c obj/Release/src/decoder/decoder_hw.o
                0x00000000080025e0                decoder_stop_timer
 .text.update_crank_noisefilter
                0x00000000080025fc       0x40 obj/Release/src/decoder/decoder_hw.o
                0x00000000080025fc                update_crank_noisefilter
 .text.update_cam_noisefilter
                0x000000000800263c       0x40 obj/Release/src/decoder/decoder_hw.o
                0x000000000800263c                update_cam_noisefilter
 .text.decoder_mask_crank_irq
                0x000000000800267c       0x10 obj/Release/src/decoder/decoder_hw.o
                0x000000000800267c                decoder_mask_crank_irq
 .text.decoder_unmask_crank_irq
                0x000000000800268c       0x14 obj/Release/src/decoder/decoder_hw.o
                0x000000000800268c                decoder_unmask_crank_irq
 .text.decoder_mask_cis_irq
                0x00000000080026a0       0x10 obj/Release/src/decoder/decoder_hw.o
                0x00000000080026a0                decoder_mask_cis_irq
 .text.decoder_unmask_cis_irq
                0x00000000080026b0       0x14 obj/Release/src/decoder/decoder_hw.o
                0x00000000080026b0                decoder_unmask_cis_irq
 .text.set_crank_pickup_sensing_rise
                0x00000000080026c4       0x24 obj/Release/src/decoder/decoder_hw.o
                0x00000000080026c4                set_crank_pickup_sensing_rise
 .text.set_crank_pickup_sensing_fall
                0x00000000080026e8       0x24 obj/Release/src/decoder/decoder_hw.o
                0x00000000080026e8                set_crank_pickup_sensing_fall
 .text.set_crank_pickup_sensing_disabled
                0x000000000800270c       0x24 obj/Release/src/decoder/decoder_hw.o
                0x000000000800270c                set_crank_pickup_sensing_disabled
 .text.set_cis_sensing_rise
                0x0000000008002730       0x24 obj/Release/src/decoder/decoder_hw.o
                0x0000000008002730                set_cis_sensing_rise
 .text.set_cis_sensing_fall
                0x0000000008002754       0x24 obj/Release/src/decoder/decoder_hw.o
                0x0000000008002754                set_cis_sensing_fall
 .text.set_cis_sensing_disabled
                0x0000000008002778       0x24 obj/Release/src/decoder/decoder_hw.o
                0x0000000008002778                set_cis_sensing_disabled
 .text.decoder_set_crank_pickup_sensing
                0x000000000800279c       0x3c obj/Release/src/decoder/decoder_hw.o
                0x000000000800279c                decoder_set_crank_pickup_sensing
 .text.decoder_set_cis_sensing
                0x00000000080027d8       0x3c obj/Release/src/decoder/decoder_hw.o
                0x00000000080027d8                decoder_set_cis_sensing
 .text.trigger_decoder_irq
                0x0000000008002814       0x14 obj/Release/src/decoder/decoder_hw.o
                0x0000000008002814                trigger_decoder_irq
 .text.init_decoder_hw
                0x0000000008002828       0xcc obj/Release/src/decoder/decoder_hw.o
                0x0000000008002828                init_decoder_hw
 .text.decoder_get_timestamp
                0x00000000080028f4        0xc obj/Release/src/decoder/decoder_hw.o
                0x00000000080028f4                decoder_get_timestamp
 .text.decoder_set_timer_continuous_mode_on
                0x0000000008002900       0x1c obj/Release/src/decoder/decoder_hw.o
                0x0000000008002900                decoder_set_timer_continuous_mode_on
 .text.decoder_set_timer_continuous_mode_off
                0x000000000800291c       0x1c obj/Release/src/decoder/decoder_hw.o
                0x000000000800291c                decoder_set_timer_continuous_mode_off
 .text.decoder_start_timer
                0x0000000008002938       0x5c obj/Release/src/decoder/decoder_hw.o
                0x0000000008002938                decoder_start_timer
 .text.decoder_request_timer_reset
                0x0000000008002994       0x10 obj/Release/src/decoder/decoder_hw.o
                0x0000000008002994                decoder_request_timer_reset
 .text.disable_decoder_hw
                0x00000000080029a4       0x3c obj/Release/src/decoder/decoder_hw.o
                0x00000000080029a4                disable_decoder_hw
 .text.EXTI0_IRQHandler
                0x00000000080029e0       0x60 obj/Release/src/decoder/decoder_hw.o
                0x00000000080029e0                EXTI0_IRQHandler
 .text.TIM1_BRK_TIM9_IRQHandler
                0x0000000008002a40       0x74 obj/Release/src/decoder/decoder_hw.o
                0x0000000008002a40                TIM1_BRK_TIM9_IRQHandler
 .text.EXTI1_IRQHandler
                0x0000000008002ab4       0x1c obj/Release/src/decoder/decoder_hw.o
                0x0000000008002ab4                EXTI1_IRQHandler
 .text.reset_timeout_counter
                0x0000000008002ad0       0x14 obj/Release/src/decoder/decoder_logic.o
                0x0000000008002ad0                reset_timeout_counter
 .text.reset_timing_output
                0x0000000008002ae4       0x2c obj/Release/src/decoder/decoder_logic.o
                0x0000000008002ae4                reset_timing_output
 .text.reset_position_data
                0x0000000008002b10       0x34 obj/Release/src/decoder/decoder_logic.o
                0x0000000008002b10                reset_position_data
 .text.reset_internal_data
                0x0000000008002b44       0x18 obj/Release/src/decoder/decoder_logic.o
                0x0000000008002b44                reset_internal_data
 .text.decoder_set_state
                0x0000000008002b5c       0x20 obj/Release/src/decoder/decoder_logic.o
                0x0000000008002b5c                decoder_set_state
 .text.check_sync_ratio
                0x0000000008002b7c       0x74 obj/Release/src/decoder/decoder_logic.o
                0x0000000008002b7c                check_sync_ratio
 .text.check_sync_ratio_async
                0x0000000008002bf0       0x5c obj/Release/src/decoder/decoder_logic.o
                0x0000000008002bf0                check_sync_ratio_async
 .text.update_timing_data
                0x0000000008002c4c       0xc0 obj/Release/src/decoder/decoder_logic.o
                0x0000000008002c4c                update_timing_data
 .text.init_decoder_logic
                0x0000000008002d0c       0x24 obj/Release/src/decoder/decoder_logic.o
                0x0000000008002d0c                init_decoder_logic
 .text.disable_decoder_logic
                0x0000000008002d30       0x18 obj/Release/src/decoder/decoder_logic.o
                0x0000000008002d30                disable_decoder_logic
 .text.decoder_crank_handler
                0x0000000008002d48      0x138 obj/Release/src/decoder/decoder_logic.o
                0x0000000008002d48                decoder_crank_handler
 .text.decoder_crank_noisefilter_handler
                0x0000000008002e80        0x4 obj/Release/src/decoder/decoder_logic.o
                0x0000000008002e80                decoder_crank_noisefilter_handler
 .text.decoder_crank_timeout_handler
                0x0000000008002e84       0x3c obj/Release/src/decoder/decoder_logic.o
                0x0000000008002e84                decoder_crank_timeout_handler
 .text.init_Decoder
                0x0000000008002ec0       0x68 obj/Release/src/decoder/Tuareg_decoder.o
                0x0000000008002ec0                init_Decoder
 .text.disable_Decoder
                0x0000000008002f28       0x28 obj/Release/src/decoder/Tuareg_decoder.o
                0x0000000008002f28                disable_Decoder
 .text.decoder_get_position_data_age_us
                0x0000000008002f50       0x28 obj/Release/src/decoder/Tuareg_decoder.o
                0x0000000008002f50                decoder_get_position_data_age_us
 .text.copy_diag_data
                0x0000000008002f78       0x48 obj/Release/src/diagnostics/diagnostics.o
                0x0000000008002f78                copy_diag_data
 .text.get_diag_data
                0x0000000008002fc0       0x24 obj/Release/src/diagnostics/diagnostics.o
                0x0000000008002fc0                get_diag_data
 .text.release_diag_shadow
                0x0000000008002fe4        0xc obj/Release/src/diagnostics/diagnostics.o
                0x0000000008002fe4                release_diag_shadow
 .text.load_Fault_Log
                0x0000000008002ff0       0x1c obj/Release/src/diagnostics/fault_log.o
                0x0000000008002ff0                load_Fault_Log
 .text.load_void_Fault_Log
                0x000000000800300c       0x18 obj/Release/src/diagnostics/fault_log.o
                0x000000000800300c                load_void_Fault_Log
 .text.init_Fault_Log
                0x0000000008003024       0x4c obj/Release/src/diagnostics/fault_log.o
                0x0000000008003024                init_Fault_Log
 .text.store_Fault_Log
                0x0000000008003070       0x10 obj/Release/src/diagnostics/fault_log.o
                0x0000000008003070                store_Fault_Log
 .text.log_Fault
                0x0000000008003080       0x68 obj/Release/src/diagnostics/fault_log.o
                0x0000000008003080                log_Fault
 .text.show_Fault_Log
                0x00000000080030e8       0x74 obj/Release/src/diagnostics/fault_log.o
                0x00000000080030e8                show_Fault_Log
 .text.clear_Fault_Log
                0x000000000800315c       0x18 obj/Release/src/diagnostics/fault_log.o
                0x000000000800315c                clear_Fault_Log
 .text.Erase_Fault_Log
                0x0000000008003174       0x3c obj/Release/src/diagnostics/fault_log.o
                0x0000000008003174                Erase_Fault_Log
 .text.send_Fault_Log
                0x00000000080031b0        0xc obj/Release/src/diagnostics/fault_log.o
                0x00000000080031b0                send_Fault_Log
 .text.clear_highspeedlog
                0x00000000080031bc       0x14 obj/Release/src/diagnostics/highspeed_loggers.o
                0x00000000080031bc                clear_highspeedlog
 .text.highspeedlog_init
                0x00000000080031d0       0x14 obj/Release/src/diagnostics/highspeed_loggers.o
                0x00000000080031d0                highspeedlog_init
 .text.highspeedlog_register_error
                0x00000000080031e4        0x2 obj/Release/src/diagnostics/highspeed_loggers.o
                0x00000000080031e4                highspeedlog_register_error
 *fill*         0x00000000080031e6        0x2 
 .text.highspeedlog_write
                0x00000000080031e8       0xb8 obj/Release/src/diagnostics/highspeed_loggers.o
                0x00000000080031e8                highspeedlog_write
 .text.highspeedlog_register_crankpos
                0x00000000080032a0        0x6 obj/Release/src/diagnostics/highspeed_loggers.o
                0x00000000080032a0                highspeedlog_register_crankpos
 *fill*         0x00000000080032a6        0x2 
 .text.highspeedlog_register_cis_lobe_begin
                0x00000000080032a8       0x10 obj/Release/src/diagnostics/highspeed_loggers.o
                0x00000000080032a8                highspeedlog_register_cis_lobe_begin
 .text.highspeedlog_register_cis_lobe_end
                0x00000000080032b8       0x10 obj/Release/src/diagnostics/highspeed_loggers.o
                0x00000000080032b8                highspeedlog_register_cis_lobe_end
 .text.highspeedlog_register_coil1_power
                0x00000000080032c8        0x6 obj/Release/src/diagnostics/highspeed_loggers.o
                0x00000000080032c8                highspeedlog_register_coil1_power
 .text.highspeedlog_register_coil1_unpower
                0x00000000080032ce        0x6 obj/Release/src/diagnostics/highspeed_loggers.o
                0x00000000080032ce                highspeedlog_register_coil1_unpower
 .text.highspeedlog_register_coil2_power
                0x00000000080032d4        0x6 obj/Release/src/diagnostics/highspeed_loggers.o
                0x00000000080032d4                highspeedlog_register_coil2_power
 .text.highspeedlog_register_coil2_unpower
                0x00000000080032da        0x6 obj/Release/src/diagnostics/highspeed_loggers.o
                0x00000000080032da                highspeedlog_register_coil2_unpower
 .text.highspeedlog_register_injector1_power
                0x00000000080032e0        0x6 obj/Release/src/diagnostics/highspeed_loggers.o
                0x00000000080032e0                highspeedlog_register_injector1_power
 .text.highspeedlog_register_injector1_unpower
                0x00000000080032e6        0x6 obj/Release/src/diagnostics/highspeed_loggers.o
                0x00000000080032e6                highspeedlog_register_injector1_unpower
 .text.highspeedlog_register_injector2_power
                0x00000000080032ec        0x6 obj/Release/src/diagnostics/highspeed_loggers.o
                0x00000000080032ec                highspeedlog_register_injector2_power
 .text.highspeedlog_register_injector2_unpower
                0x00000000080032f2        0x6 obj/Release/src/diagnostics/highspeed_loggers.o
                0x00000000080032f2                highspeedlog_register_injector2_unpower
 .text.send_highspeedlog
                0x00000000080032f8       0xc4 obj/Release/src/diagnostics/highspeed_loggers.o
                0x00000000080032f8                send_highspeedlog
 .text.show_highspeedlog
                0x00000000080033bc      0x150 obj/Release/src/diagnostics/highspeed_loggers.o
                0x00000000080033bc                show_highspeedlog
 .text.clear_syslog
                0x000000000800350c       0x38 obj/Release/src/diagnostics/syslog.o
                0x000000000800350c                clear_syslog
 .text.Syslog_init
                0x0000000008003544       0x10 obj/Release/src/diagnostics/syslog.o
                0x0000000008003544                Syslog_init
 .text.Syslog_Error
                0x0000000008003554       0x48 obj/Release/src/diagnostics/syslog.o
                0x0000000008003554                Syslog_Error
 .text.Syslog_Warning
                0x000000000800359c       0x6c obj/Release/src/diagnostics/syslog.o
                0x000000000800359c                Syslog_Warning
 .text.Syslog_Info
                0x0000000008003608       0x68 obj/Release/src/diagnostics/syslog.o
                0x0000000008003608                Syslog_Info
 .text.show_syslog
                0x0000000008003670      0x11c obj/Release/src/diagnostics/syslog.o
                0x0000000008003670                show_syslog
 .text.send_syslog
                0x000000000800378c       0x20 obj/Release/src/diagnostics/syslog.o
                0x000000000800378c                send_syslog
 .text.update_load_transient_comp
                0x00000000080037ac       0x16 obj/Release/src/fueling/accel_comp.o
                0x00000000080037ac                update_load_transient_comp
 .text.disable_legacy_AE
                0x00000000080037c2       0x46 obj/Release/src/fueling/accel_comp.o
                0x00000000080037c2                disable_legacy_AE
 .text.update_legacy_AE
                0x0000000008003808      0x31c obj/Release/src/fueling/accel_comp.o
                0x0000000008003808                update_legacy_AE
 .text.load_essential_Fueling_Config
                0x0000000008003b24       0xd4 obj/Release/src/fueling/fueling_config.o
                0x0000000008003b24                load_essential_Fueling_Config
 .text.load_Fueling_Setup
                0x0000000008003bf8       0x10 obj/Release/src/fueling/fueling_config.o
                0x0000000008003bf8                load_Fueling_Setup
 .text.store_Fueling_Setup
                0x0000000008003c08       0x10 obj/Release/src/fueling/fueling_config.o
                0x0000000008003c08                store_Fueling_Setup
 .text.show_Fueling_Setup
                0x0000000008003c18      0x30c obj/Release/src/fueling/fueling_config.o
                0x0000000008003c18                show_Fueling_Setup
 .text.modify_Fueling_Setup
                0x0000000008003f24       0x18 obj/Release/src/fueling/fueling_config.o
                0x0000000008003f24                modify_Fueling_Setup
 .text.send_Fueling_Setup
                0x0000000008003f3c        0xc obj/Release/src/fueling/fueling_config.o
                0x0000000008003f3c                send_Fueling_Setup
 .text.load_VeTable_TPS
                0x0000000008003f48       0x10 obj/Release/src/fueling/fueling_config.o
                0x0000000008003f48                load_VeTable_TPS
 .text.store_VeTable_TPS
                0x0000000008003f58       0x10 obj/Release/src/fueling/fueling_config.o
                0x0000000008003f58                store_VeTable_TPS
 .text.show_VeTable_TPS
                0x0000000008003f68       0x20 obj/Release/src/fueling/fueling_config.o
                0x0000000008003f68                show_VeTable_TPS
 .text.modify_VeTable_TPS
                0x0000000008003f88       0x10 obj/Release/src/fueling/fueling_config.o
                0x0000000008003f88                modify_VeTable_TPS
 .text.send_VeTable_TPS
                0x0000000008003f98        0xc obj/Release/src/fueling/fueling_config.o
                0x0000000008003f98                send_VeTable_TPS
 .text.getValue_VeTable_TPS
                0x0000000008003fa4       0x14 obj/Release/src/fueling/fueling_config.o
                0x0000000008003fa4                getValue_VeTable_TPS
 .text.load_VeTable_MAP
                0x0000000008003fb8       0x10 obj/Release/src/fueling/fueling_config.o
                0x0000000008003fb8                load_VeTable_MAP
 .text.store_VeTable_MAP
                0x0000000008003fc8       0x10 obj/Release/src/fueling/fueling_config.o
                0x0000000008003fc8                store_VeTable_MAP
 .text.show_VeTable_MAP
                0x0000000008003fd8       0x20 obj/Release/src/fueling/fueling_config.o
                0x0000000008003fd8                show_VeTable_MAP
 .text.modify_VeTable_MAP
                0x0000000008003ff8       0x10 obj/Release/src/fueling/fueling_config.o
                0x0000000008003ff8                modify_VeTable_MAP
 .text.send_VeTable_MAP
                0x0000000008004008        0xc obj/Release/src/fueling/fueling_config.o
                0x0000000008004008                send_VeTable_MAP
 .text.getValue_VeTable_MAP
                0x0000000008004014       0x14 obj/Release/src/fueling/fueling_config.o
                0x0000000008004014                getValue_VeTable_MAP
 .text.load_AfrTable_MAP
                0x0000000008004028       0x10 obj/Release/src/fueling/fueling_config.o
                0x0000000008004028                load_AfrTable_MAP
 .text.store_AfrTable_MAP
                0x0000000008004038       0x10 obj/Release/src/fueling/fueling_config.o
                0x0000000008004038                store_AfrTable_MAP
 .text.show_AfrTable_MAP
                0x0000000008004048       0x20 obj/Release/src/fueling/fueling_config.o
                0x0000000008004048                show_AfrTable_MAP
 .text.modify_AfrTable_MAP
                0x0000000008004068       0x10 obj/Release/src/fueling/fueling_config.o
                0x0000000008004068                modify_AfrTable_MAP
 .text.send_AfrTable_MAP
                0x0000000008004078        0xc obj/Release/src/fueling/fueling_config.o
                0x0000000008004078                send_AfrTable_MAP
 .text.getValue_AfrTable_MAP
                0x0000000008004084       0x20 obj/Release/src/fueling/fueling_config.o
                0x0000000008004084                getValue_AfrTable_MAP
 .text.load_AfrTable_TPS
                0x00000000080040a4       0x10 obj/Release/src/fueling/fueling_config.o
                0x00000000080040a4                load_AfrTable_TPS
 .text.store_AfrTable_TPS
                0x00000000080040b4       0x10 obj/Release/src/fueling/fueling_config.o
                0x00000000080040b4                store_AfrTable_TPS
 .text.show_AfrTable_TPS
                0x00000000080040c4       0x20 obj/Release/src/fueling/fueling_config.o
                0x00000000080040c4                show_AfrTable_TPS
 .text.modify_AfrTable_TPS
                0x00000000080040e4       0x10 obj/Release/src/fueling/fueling_config.o
                0x00000000080040e4                modify_AfrTable_TPS
 .text.send_AfrTable_TPS
                0x00000000080040f4        0xc obj/Release/src/fueling/fueling_config.o
                0x00000000080040f4                send_AfrTable_TPS
 .text.getValue_AfrTable_TPS
                0x0000000008004100       0x20 obj/Release/src/fueling/fueling_config.o
                0x0000000008004100                getValue_AfrTable_TPS
 .text.load_AccelCompTableTPS
                0x0000000008004120       0x10 obj/Release/src/fueling/fueling_config.o
                0x0000000008004120                load_AccelCompTableTPS
 .text.store_AccelCompTableTPS
                0x0000000008004130       0x10 obj/Release/src/fueling/fueling_config.o
                0x0000000008004130                store_AccelCompTableTPS
 .text.show_AccelCompTableTPS
                0x0000000008004140       0x20 obj/Release/src/fueling/fueling_config.o
                0x0000000008004140                show_AccelCompTableTPS
 .text.modify_AccelCompTableTPS
                0x0000000008004160       0x10 obj/Release/src/fueling/fueling_config.o
                0x0000000008004160                modify_AccelCompTableTPS
 .text.send_AccelCompTableTPS
                0x0000000008004170        0xc obj/Release/src/fueling/fueling_config.o
                0x0000000008004170                send_AccelCompTableTPS
 .text.getValue_AccelCompTableTPS
                0x000000000800417c       0x14 obj/Release/src/fueling/fueling_config.o
                0x000000000800417c                getValue_AccelCompTableTPS
 .text.load_AccelCompTableMAP
                0x0000000008004190       0x10 obj/Release/src/fueling/fueling_config.o
                0x0000000008004190                load_AccelCompTableMAP
 .text.store_AccelCompTableMAP
                0x00000000080041a0       0x10 obj/Release/src/fueling/fueling_config.o
                0x00000000080041a0                store_AccelCompTableMAP
 .text.show_AccelCompTableMAP
                0x00000000080041b0       0x20 obj/Release/src/fueling/fueling_config.o
                0x00000000080041b0                show_AccelCompTableMAP
 .text.modify_AccelCompTableMAP
                0x00000000080041d0       0x10 obj/Release/src/fueling/fueling_config.o
                0x00000000080041d0                modify_AccelCompTableMAP
 .text.send_AccelCompTableMAP
                0x00000000080041e0        0xc obj/Release/src/fueling/fueling_config.o
                0x00000000080041e0                send_AccelCompTableMAP
 .text.getValue_AccelCompTableMAP
                0x00000000080041ec       0x14 obj/Release/src/fueling/fueling_config.o
                0x00000000080041ec                getValue_AccelCompTableMAP
 .text.load_WarmUpCompTable
                0x0000000008004200       0x10 obj/Release/src/fueling/fueling_config.o
                0x0000000008004200                load_WarmUpCompTable
 .text.store_WarmUpCompTable
                0x0000000008004210       0x10 obj/Release/src/fueling/fueling_config.o
                0x0000000008004210                store_WarmUpCompTable
 .text.show_WarmUpCompTable
                0x0000000008004220       0x20 obj/Release/src/fueling/fueling_config.o
                0x0000000008004220                show_WarmUpCompTable
 .text.modify_WarmUpCompTable
                0x0000000008004240       0x10 obj/Release/src/fueling/fueling_config.o
                0x0000000008004240                modify_WarmUpCompTable
 .text.send_WarmUpCompTable
                0x0000000008004250        0xc obj/Release/src/fueling/fueling_config.o
                0x0000000008004250                send_WarmUpCompTable
 .text.getValue_WarmUpCompTable
                0x000000000800425c       0x20 obj/Release/src/fueling/fueling_config.o
                0x000000000800425c                getValue_WarmUpCompTable
 .text.load_InjectorTimingTable
                0x000000000800427c       0x10 obj/Release/src/fueling/fueling_config.o
                0x000000000800427c                load_InjectorTimingTable
 .text.store_InjectorTimingTable
                0x000000000800428c       0x10 obj/Release/src/fueling/fueling_config.o
                0x000000000800428c                store_InjectorTimingTable
 .text.show_InjectorTimingTable
                0x000000000800429c       0x20 obj/Release/src/fueling/fueling_config.o
                0x000000000800429c                show_InjectorTimingTable
 .text.modify_InjectorTimingTable
                0x00000000080042bc       0x10 obj/Release/src/fueling/fueling_config.o
                0x00000000080042bc                modify_InjectorTimingTable
 .text.send_InjectorTimingTable
                0x00000000080042cc        0xc obj/Release/src/fueling/fueling_config.o
                0x00000000080042cc                send_InjectorTimingTable
 .text.getValue_InjectorTimingTable
                0x00000000080042d8       0x20 obj/Release/src/fueling/fueling_config.o
                0x00000000080042d8                getValue_InjectorTimingTable
 .text.load_CrankingFuelTable
                0x00000000080042f8       0x10 obj/Release/src/fueling/fueling_config.o
                0x00000000080042f8                load_CrankingFuelTable
 .text.store_CrankingFuelTable
                0x0000000008004308       0x10 obj/Release/src/fueling/fueling_config.o
                0x0000000008004308                store_CrankingFuelTable
 .text.show_CrankingFuelTable
                0x0000000008004318       0x20 obj/Release/src/fueling/fueling_config.o
                0x0000000008004318                show_CrankingFuelTable
 .text.modify_CrankingFuelTable
                0x0000000008004338       0x10 obj/Release/src/fueling/fueling_config.o
                0x0000000008004338                modify_CrankingFuelTable
 .text.send_CrankingFuelTable
                0x0000000008004348        0xc obj/Release/src/fueling/fueling_config.o
                0x0000000008004348                send_CrankingFuelTable
 .text.getValue_CrankingFuelTable
                0x0000000008004354       0x14 obj/Release/src/fueling/fueling_config.o
                0x0000000008004354                getValue_CrankingFuelTable
 .text.load_InjectorPhaseTable
                0x0000000008004368       0x10 obj/Release/src/fueling/fueling_config.o
                0x0000000008004368                load_InjectorPhaseTable
 .text.store_InjectorPhaseTable
                0x0000000008004378       0x10 obj/Release/src/fueling/fueling_config.o
                0x0000000008004378                store_InjectorPhaseTable
 .text.show_InjectorPhaseTable
                0x0000000008004388       0x20 obj/Release/src/fueling/fueling_config.o
                0x0000000008004388                show_InjectorPhaseTable
 .text.modify_InjectorPhaseTable
                0x00000000080043a8       0x10 obj/Release/src/fueling/fueling_config.o
                0x00000000080043a8                modify_InjectorPhaseTable
 .text.send_InjectorPhaseTable
                0x00000000080043b8        0xc obj/Release/src/fueling/fueling_config.o
                0x00000000080043b8                send_InjectorPhaseTable
 .text.getValue_InjectorPhaseTable
                0x00000000080043c4        0xc obj/Release/src/fueling/fueling_config.o
                0x00000000080043c4                getValue_InjectorPhaseTable
 .text.load_BAROtable
                0x00000000080043d0       0x10 obj/Release/src/fueling/fueling_config.o
                0x00000000080043d0                load_BAROtable
 .text.store_BAROtable
                0x00000000080043e0       0x10 obj/Release/src/fueling/fueling_config.o
                0x00000000080043e0                store_BAROtable
 .text.show_BAROtable
                0x00000000080043f0       0x20 obj/Release/src/fueling/fueling_config.o
                0x00000000080043f0                show_BAROtable
 .text.modify_BAROtable
                0x0000000008004410       0x10 obj/Release/src/fueling/fueling_config.o
                0x0000000008004410                modify_BAROtable
 .text.send_BAROtable
                0x0000000008004420        0xc obj/Release/src/fueling/fueling_config.o
                0x0000000008004420                send_BAROtable
 .text.getValue_BAROtable
                0x000000000800442c       0x30 obj/Release/src/fueling/fueling_config.o
                0x000000000800442c                getValue_BAROtable
 .text.load_ChargeTempTable
                0x000000000800445c       0x10 obj/Release/src/fueling/fueling_config.o
                0x000000000800445c                load_ChargeTempTable
 .text.load_Fueling_Config
                0x000000000800446c       0xd8 obj/Release/src/fueling/fueling_config.o
                0x000000000800446c                load_Fueling_Config
 .text.store_ChargeTempTable
                0x0000000008004544       0x10 obj/Release/src/fueling/fueling_config.o
                0x0000000008004544                store_ChargeTempTable
 .text.show_ChargeTempTable
                0x0000000008004554       0x20 obj/Release/src/fueling/fueling_config.o
                0x0000000008004554                show_ChargeTempTable
 .text.modify_ChargeTempTable
                0x0000000008004574       0x10 obj/Release/src/fueling/fueling_config.o
                0x0000000008004574                modify_ChargeTempTable
 .text.send_ChargeTempTable
                0x0000000008004584        0xc obj/Release/src/fueling/fueling_config.o
                0x0000000008004584                send_ChargeTempTable
 .text.getValue_ChargeTempTable
                0x0000000008004590       0x2c obj/Release/src/fueling/fueling_config.o
                0x0000000008004590                getValue_ChargeTempTable
 .text.update_fuel_mass_afterstart_correction
                0x00000000080045bc       0xa4 obj/Release/src/fueling/fueling_corrections.o
                0x00000000080045bc                update_fuel_mass_afterstart_correction
 .text.update_fuel_mass_warmup_correction
                0x0000000008004660       0x5c obj/Release/src/fueling/fueling_corrections.o
                0x0000000008004660                update_fuel_mass_warmup_correction
 .text.update_fuel_mass_barometric_correction
                0x00000000080046bc       0x5c obj/Release/src/fueling/fueling_corrections.o
                0x00000000080046bc                update_fuel_mass_barometric_correction
 .text.update_fuel_mass_corrections
                0x0000000008004718       0x1c obj/Release/src/fueling/fueling_corrections.o
                0x0000000008004718                update_fuel_mass_corrections
 .text.fueling_diag_log_event
                0x0000000008004734       0x28 obj/Release/src/fueling/fueling_diag.o
                0x0000000008004734                fueling_diag_log_event
 .text.print_fueling_diag
                0x000000000800475c       0x68 obj/Release/src/fueling/fueling_diag.o
                0x000000000800475c                print_fueling_diag
 .text.set_injector1_powered
                0x00000000080047c4       0x28 obj/Release/src/fueling/fueling_hw.o
                0x00000000080047c4                set_injector1_powered
 .text.set_injector1_unpowered
                0x00000000080047ec       0x28 obj/Release/src/fueling/fueling_hw.o
                0x00000000080047ec                set_injector1_unpowered
 .text.set_injector2_powered
                0x0000000008004814       0x28 obj/Release/src/fueling/fueling_hw.o
                0x0000000008004814                set_injector2_powered
 .text.set_injector2_unpowered
                0x000000000800483c       0x28 obj/Release/src/fueling/fueling_hw.o
                0x000000000800483c                set_injector2_unpowered
 .text.set_fuel_pump_powered
                0x0000000008004864       0x28 obj/Release/src/fueling/fueling_hw.o
                0x0000000008004864                set_fuel_pump_powered
 .text.set_fuel_pump_unpowered
                0x000000000800488c       0x20 obj/Release/src/fueling/fueling_hw.o
                0x000000000800488c                set_fuel_pump_unpowered
 .text.set_injector1
                0x00000000080048ac       0x30 obj/Release/src/fueling/fueling_hw.o
                0x00000000080048ac                set_injector1
 .text.set_injector2
                0x00000000080048dc       0x30 obj/Release/src/fueling/fueling_hw.o
                0x00000000080048dc                set_injector2
 .text.set_fuel_pump
                0x000000000800490c        0xc obj/Release/src/fueling/fueling_hw.o
                0x000000000800490c                set_fuel_pump
 .text.init_fueling_hw
                0x0000000008004918       0x5c obj/Release/src/fueling/fueling_hw.o
                0x0000000008004918                init_fueling_hw
 .text.update_injector_deadtime
                0x0000000008004974       0x50 obj/Release/src/fueling/injector_parameters.o
                0x0000000008004974                update_injector_deadtime
 .text.update_injector_intervals_sequential
                0x00000000080049c4       0xf8 obj/Release/src/fueling/injector_parameters.o
                0x00000000080049c4                update_injector_intervals_sequential
 .text.update_injector_intervals_batch
                0x0000000008004abc       0xf4 obj/Release/src/fueling/injector_parameters.o
                0x0000000008004abc                update_injector_intervals_batch
 .text.update_injection_begin_batch
                0x0000000008004bb0       0x34 obj/Release/src/fueling/injector_parameters.o
                0x0000000008004bb0                update_injection_begin_batch
 .text.update_injection_begin_sequential
                0x0000000008004be4       0xf0 obj/Release/src/fueling/injector_parameters.o
                0x0000000008004be4                update_injection_begin_sequential
 .text.init_Fueling
                0x0000000008004cd4       0x64 obj/Release/src/fueling/Tuareg_fueling.o
                0x0000000008004cd4                init_Fueling
 .text.Tuareg_fueling_update_crankpos_handler
                0x0000000008004d38      0x198 obj/Release/src/fueling/Tuareg_fueling.o
                0x0000000008004d38                Tuareg_fueling_update_crankpos_handler
 .text.invalid_fueling_controls
                0x0000000008004ed0       0x48 obj/Release/src/fueling/Tuareg_fueling_controls.o
                0x0000000008004ed0                invalid_fueling_controls
 .text.update_air_flow
                0x0000000008004f18       0x94 obj/Release/src/fueling/Tuareg_fueling_controls.o
                0x0000000008004f18                update_air_flow
 .text.update_AFR_target
                0x0000000008004fac       0x78 obj/Release/src/fueling/Tuareg_fueling_controls.o
                0x0000000008004fac                update_AFR_target
 .text.update_fuel_mass_cranking
                0x0000000008005024       0x74 obj/Release/src/fueling/Tuareg_fueling_controls.o
                0x0000000008005024                update_fuel_mass_cranking
 .text.update_base_fuel_mass
                0x0000000008005098       0x48 obj/Release/src/fueling/Tuareg_fueling_controls.o
                0x0000000008005098                update_base_fuel_mass
 .text.update_target_fuel_mass
                0x00000000080050e0      0x110 obj/Release/src/fueling/Tuareg_fueling_controls.o
                0x00000000080050e0                update_target_fuel_mass
 .text.Tuareg_update_fueling_controls
                0x00000000080051f0      0x234 obj/Release/src/fueling/Tuareg_fueling_controls.o
                0x00000000080051f0                Tuareg_update_fueling_controls
 .text.load_Ignition_Config
                0x0000000008005424       0x40 obj/Release/src/ignition/ignition_config.o
                0x0000000008005424                load_Ignition_Config
 .text.load_essential_Ignition_Config
                0x0000000008005464        0x2 obj/Release/src/ignition/ignition_config.o
                0x0000000008005464                load_essential_Ignition_Config
 *fill*         0x0000000008005466        0x2 
 .text.store_Ignition_Setup
                0x0000000008005468       0x10 obj/Release/src/ignition/ignition_config.o
                0x0000000008005468                store_Ignition_Setup
 .text.show_Ignition_Setup
                0x0000000008005478      0x17c obj/Release/src/ignition/ignition_config.o
                0x0000000008005478                show_Ignition_Setup
 .text.modify_Ignition_Setup
                0x00000000080055f4       0x18 obj/Release/src/ignition/ignition_config.o
                0x00000000080055f4                modify_Ignition_Setup
 .text.send_Ignition_Setup
                0x000000000800560c        0xc obj/Release/src/ignition/ignition_config.o
                0x000000000800560c                send_Ignition_Setup
 .text.store_ignAdvTable_TPS
                0x0000000008005618       0x10 obj/Release/src/ignition/ignition_config.o
                0x0000000008005618                store_ignAdvTable_TPS
 .text.show_ignAdvTable_TPS
                0x0000000008005628       0x20 obj/Release/src/ignition/ignition_config.o
                0x0000000008005628                show_ignAdvTable_TPS
 .text.modify_ignAdvTable_TPS
                0x0000000008005648       0x10 obj/Release/src/ignition/ignition_config.o
                0x0000000008005648                modify_ignAdvTable_TPS
 .text.send_ignAdvTable_TPS
                0x0000000008005658        0xc obj/Release/src/ignition/ignition_config.o
                0x0000000008005658                send_ignAdvTable_TPS
 .text.getValue_ignAdvTable_TPS
                0x0000000008005664       0x20 obj/Release/src/ignition/ignition_config.o
                0x0000000008005664                getValue_ignAdvTable_TPS
 .text.store_ignDwellTable
                0x0000000008005684       0x10 obj/Release/src/ignition/ignition_config.o
                0x0000000008005684                store_ignDwellTable
 .text.show_ignDwellTable
                0x0000000008005694       0x20 obj/Release/src/ignition/ignition_config.o
                0x0000000008005694                show_ignDwellTable
 .text.modify_ignDwellTable
                0x00000000080056b4       0x10 obj/Release/src/ignition/ignition_config.o
                0x00000000080056b4                modify_ignDwellTable
 .text.send_ignDwellTable
                0x00000000080056c4        0xc obj/Release/src/ignition/ignition_config.o
                0x00000000080056c4                send_ignDwellTable
 .text.getValue_ignDwellTable
                0x00000000080056d0       0x24 obj/Release/src/ignition/ignition_config.o
                0x00000000080056d0                getValue_ignDwellTable
 .text.ignition_diag_log_event
                0x00000000080056f4       0x28 obj/Release/src/ignition/ignition_diag.o
                0x00000000080056f4                ignition_diag_log_event
 .text.print_ignition_diag
                0x000000000800571c       0x68 obj/Release/src/ignition/ignition_diag.o
                0x000000000800571c                print_ignition_diag
 .text.set_coil1_powered
                0x0000000008005784       0x28 obj/Release/src/ignition/ignition_hw.o
                0x0000000008005784                set_coil1_powered
 .text.set_coil1_unpowered
                0x00000000080057ac       0x20 obj/Release/src/ignition/ignition_hw.o
                0x00000000080057ac                set_coil1_unpowered
 .text.set_coil2_powered
                0x00000000080057cc       0x28 obj/Release/src/ignition/ignition_hw.o
                0x00000000080057cc                set_coil2_powered
 .text.set_coil2_unpowered
                0x00000000080057f4       0x20 obj/Release/src/ignition/ignition_hw.o
                0x00000000080057f4                set_coil2_unpowered
 .text.set_ignition_ch1
                0x0000000008005814       0x30 obj/Release/src/ignition/ignition_hw.o
                0x0000000008005814                set_ignition_ch1
 .text.set_ignition_ch2
                0x0000000008005844       0x30 obj/Release/src/ignition/ignition_hw.o
                0x0000000008005844                set_ignition_ch2
 .text.init_ignition_hw
                0x0000000008005874       0x3c obj/Release/src/ignition/ignition_hw.o
                0x0000000008005874                init_ignition_hw
 .text.init_Ignition
                0x00000000080058b0       0x68 obj/Release/src/ignition/Tuareg_ignition.o
                0x00000000080058b0                init_Ignition
 .text.Tuareg_ignition_update_crankpos_handler
                0x0000000008005918      0x154 obj/Release/src/ignition/Tuareg_ignition.o
                0x0000000008005918                Tuareg_ignition_update_crankpos_handler
 .text.default_ignition_controls
                0x0000000008005a6c       0x24 obj/Release/src/ignition/Tuareg_ignition_controls.o
                0x0000000008005a6c                default_ignition_controls
 .text.revlimiter_ignition_controls
                0x0000000008005a90       0x1c obj/Release/src/ignition/Tuareg_ignition_controls.o
                0x0000000008005a90                revlimiter_ignition_controls
 .text.cranking_ignition_controls
                0x0000000008005aac       0x38 obj/Release/src/ignition/Tuareg_ignition_controls.o
                0x0000000008005aac                cranking_ignition_controls
 .text.dynamic_ignition_controls
                0x0000000008005ae4      0x188 obj/Release/src/ignition/Tuareg_ignition_controls.o
                0x0000000008005ae4                dynamic_ignition_controls
 .text.Tuareg_update_ignition_controls
                0x0000000008005c6c       0xa8 obj/Release/src/ignition/Tuareg_ignition_controls.o
                0x0000000008005c6c                Tuareg_update_ignition_controls
 .text.startup.main
                0x0000000008005d14       0x78 obj/Release/src/main/main.o
                0x0000000008005d14                main
 .text.EXTI2_IRQHandler
                0x0000000008005d8c       0x5c obj/Release/src/main/main.o
                0x0000000008005d8c                EXTI2_IRQHandler
 .text.Tuareg_load_config
                0x0000000008005de8       0x80 obj/Release/src/main/Tuareg.o
                0x0000000008005de8                Tuareg_load_config
 .text.Tuareg_Init
                0x0000000008005e68       0xc0 obj/Release/src/main/Tuareg.o
                0x0000000008005e68                Tuareg_Init
 .text.Tuareg_update_run_inhibit
                0x0000000008005f28      0x140 obj/Release/src/main/Tuareg.o
                0x0000000008005f28                Tuareg_update_run_inhibit
 .text.Tuareg_update_limited_op
                0x0000000008006068       0x38 obj/Release/src/main/Tuareg.o
                0x0000000008006068                Tuareg_update_limited_op
 .text.Tuareg_update_rev_limiter
                0x00000000080060a0       0x60 obj/Release/src/main/Tuareg.o
                0x00000000080060a0                Tuareg_update_rev_limiter
 .text.Tuareg_update_standby
                0x0000000008006100       0xcc obj/Release/src/main/Tuareg.o
                0x0000000008006100                Tuareg_update_standby
 .text.Tuareg_update_fuel_pump_control
                0x00000000080061cc       0x54 obj/Release/src/main/Tuareg.o
                0x00000000080061cc                Tuareg_update_fuel_pump_control
 .text.Tuareg_deactivate_vital_actors
                0x0000000008006220       0x50 obj/Release/src/main/Tuareg.o
                0x0000000008006220                Tuareg_deactivate_vital_actors
 .text.Tuareg_update
                0x0000000008006270       0x58 obj/Release/src/main/Tuareg.o
                0x0000000008006270                Tuareg_update
 .text.Tuareg_update_trip
                0x00000000080062c8       0x1c obj/Release/src/main/Tuareg.o
                0x00000000080062c8                Tuareg_update_trip
 .text.Tuareg_update_consumption_data
                0x00000000080062e4       0x24 obj/Release/src/main/Tuareg.o
                0x00000000080062e4                Tuareg_update_consumption_data
 .text.load_Tuareg_Setup
                0x0000000008006308       0x10 obj/Release/src/main/Tuareg_config.o
                0x0000000008006308                load_Tuareg_Setup
 .text.load_essential_Tuareg_Setup
                0x0000000008006318       0xd0 obj/Release/src/main/Tuareg_config.o
                0x0000000008006318                load_essential_Tuareg_Setup
 .text.store_Tuareg_Setup
                0x00000000080063e8       0x10 obj/Release/src/main/Tuareg_config.o
                0x00000000080063e8                store_Tuareg_Setup
 .text.show_Tuareg_Setup
                0x00000000080063f8      0x1ec obj/Release/src/main/Tuareg_config.o
                0x00000000080063f8                show_Tuareg_Setup
 .text.modify_Tuareg_Setup
                0x00000000080065e4       0x18 obj/Release/src/main/Tuareg_config.o
                0x00000000080065e4                modify_Tuareg_Setup
 .text.send_Tuareg_Setup
                0x00000000080065fc        0xc obj/Release/src/main/Tuareg_config.o
                0x00000000080065fc                send_Tuareg_Setup
 .text.load_TachTable
                0x0000000008006608       0x10 obj/Release/src/main/Tuareg_config.o
                0x0000000008006608                load_TachTable
 .text.store_TachTable
                0x0000000008006618       0x10 obj/Release/src/main/Tuareg_config.o
                0x0000000008006618                store_TachTable
 .text.show_TachTable
                0x0000000008006628       0x20 obj/Release/src/main/Tuareg_config.o
                0x0000000008006628                show_TachTable
 .text.modify_TachTable
                0x0000000008006648       0x10 obj/Release/src/main/Tuareg_config.o
                0x0000000008006648                modify_TachTable
 .text.send_TachTable
                0x0000000008006658        0xc obj/Release/src/main/Tuareg_config.o
                0x0000000008006658                send_TachTable
 .text.getValue_TachTable
                0x0000000008006664       0x18 obj/Release/src/main/Tuareg_config.o
                0x0000000008006664                getValue_TachTable
 .text.tuareg_diag_log_event
                0x000000000800667c       0x28 obj/Release/src/main/Tuareg_diag.o
                0x000000000800667c                tuareg_diag_log_event
 .text.print_tuareg_diag
                0x00000000080066a4       0x68 obj/Release/src/main/Tuareg_diag.o
                0x00000000080066a4                print_tuareg_diag
 .text.Fatal    0x000000000800670c       0x68 obj/Release/src/main/Tuareg_errors.o
                0x000000000800670c                Fatal
 .text.VitalAssert
                0x0000000008006774        0xe obj/Release/src/main/Tuareg_errors.o
                0x0000000008006774                VitalAssert
 *fill*         0x0000000008006782        0x2 
 .text.Limp     0x0000000008006784       0x44 obj/Release/src/main/Tuareg_errors.o
                0x0000000008006784                Limp
 .text.print_Tuareg_ID_label
                0x00000000080067c8       0x30 obj/Release/src/main/Tuareg_ID.o
                0x00000000080067c8                print_Tuareg_ID_label
 .text.Tuareg_update_process_data
                0x00000000080067f8      0x13c obj/Release/src/main/Tuareg_process_data.o
                0x00000000080067f8                Tuareg_update_process_data
 .text.request_service_mode
                0x0000000008006934       0x28 obj/Release/src/main/Tuareg_service_functions.o
                0x0000000008006934                request_service_mode
 .text.activate_fuel_pump
                0x000000000800695c       0x5c obj/Release/src/main/Tuareg_service_functions.o
                0x000000000800695c                activate_fuel_pump
 .text.deactivate_fuel_pump
                0x00000000080069b8       0x28 obj/Release/src/main/Tuareg_service_functions.o
                0x00000000080069b8                deactivate_fuel_pump
 .text.fuel_pump_periodic_update
                0x00000000080069e0       0x1c obj/Release/src/main/Tuareg_service_functions.o
                0x00000000080069e0                fuel_pump_periodic_update
 .text.activate_injector1
                0x00000000080069fc       0x6c obj/Release/src/main/Tuareg_service_functions.o
                0x00000000080069fc                activate_injector1
 .text.deactivate_injector1
                0x0000000008006a68       0x2c obj/Release/src/main/Tuareg_service_functions.o
                0x0000000008006a68                deactivate_injector1
 .text.injector1_periodic_update
                0x0000000008006a94       0x54 obj/Release/src/main/Tuareg_service_functions.o
                0x0000000008006a94                injector1_periodic_update
 .text.activate_injector2
                0x0000000008006ae8       0x6c obj/Release/src/main/Tuareg_service_functions.o
                0x0000000008006ae8                activate_injector2
 .text.deactivate_injector2
                0x0000000008006b54       0x2c obj/Release/src/main/Tuareg_service_functions.o
                0x0000000008006b54                deactivate_injector2
 .text.injector2_periodic_update
                0x0000000008006b80       0x54 obj/Release/src/main/Tuareg_service_functions.o
                0x0000000008006b80                injector2_periodic_update
 .text.activate_coil1
                0x0000000008006bd4       0x8c obj/Release/src/main/Tuareg_service_functions.o
                0x0000000008006bd4                activate_coil1
 .text.deactivate_coil1
                0x0000000008006c60       0x2c obj/Release/src/main/Tuareg_service_functions.o
                0x0000000008006c60                deactivate_coil1
 .text.coil1_periodic_update
                0x0000000008006c8c       0x54 obj/Release/src/main/Tuareg_service_functions.o
                0x0000000008006c8c                coil1_periodic_update
 .text.activate_coil2
                0x0000000008006ce0       0x8c obj/Release/src/main/Tuareg_service_functions.o
                0x0000000008006ce0                activate_coil2
 .text.deactivate_coil2
                0x0000000008006d6c       0x2c obj/Release/src/main/Tuareg_service_functions.o
                0x0000000008006d6c                deactivate_coil2
 .text.coil2_periodic_update
                0x0000000008006d98       0x54 obj/Release/src/main/Tuareg_service_functions.o
                0x0000000008006d98                coil2_periodic_update
 .text.service_functions_periodic_update
                0x0000000008006dec       0x40 obj/Release/src/main/Tuareg_service_functions.o
                0x0000000008006dec                service_functions_periodic_update
 .text.activate_tachometer
                0x0000000008006e2c       0x38 obj/Release/src/main/Tuareg_service_functions.o
                0x0000000008006e2c                activate_tachometer
 .text.deactivate_tachometer
                0x0000000008006e64       0x14 obj/Release/src/main/Tuareg_service_functions.o
                0x0000000008006e64                deactivate_tachometer
 .text.request_service_activation
                0x0000000008006e78       0xb0 obj/Release/src/main/Tuareg_service_functions.o
                0x0000000008006e78                request_service_activation
 .text.update_process_table
                0x0000000008006f28       0xc0 obj/Release/src/process_table/process_table.o
                0x0000000008006f28                update_process_table
 .text.get_position_from_index
                0x0000000008006fe8       0x5c obj/Release/src/process_table/process_table.o
                0x0000000008006fe8                get_position_from_index
 .text.get_index_from_position
                0x0000000008007044       0x38 obj/Release/src/process_table/process_table.o
                0x0000000008007044                get_index_from_position
 .text.find_process_position_before
                0x000000000800707c       0x4c obj/Release/src/process_table/process_table.o
                0x000000000800707c                find_process_position_before
 .text.get_process_advance
                0x00000000080070c8       0x34 obj/Release/src/process_table/process_table.o
                0x00000000080070c8                get_process_advance
 .text.print_process_table
                0x00000000080070fc       0x9c obj/Release/src/process_table/process_table.o
                0x00000000080070fc                print_process_table
 .text.sensors_start_regular_group_conversion
                0x0000000008007198        0xc obj/Release/src/sensors/analog_sensors.o
                0x0000000008007198                sensors_start_regular_group_conversion
 .text.sensors_start_injected_group_conversion
                0x00000000080071a4        0xc obj/Release/src/sensors/analog_sensors.o
                0x00000000080071a4                sensors_start_injected_group_conversion
 .text.init_analog_sensors
                0x00000000080071b0      0x2d8 obj/Release/src/sensors/analog_sensors.o
                0x00000000080071b0                init_analog_sensors
 .text.update_analog_sensor
                0x0000000008007488       0xdc obj/Release/src/sensors/analog_sensors.o
                0x0000000008007488                update_analog_sensor
 .text.ADC_IRQHandler
                0x0000000008007564       0x6c obj/Release/src/sensors/analog_sensors.o
                0x0000000008007564                ADC_IRQHandler
 .text.DMA2_Stream0_IRQHandler
                0x00000000080075d0       0x9c obj/Release/src/sensors/analog_sensors.o
                0x00000000080075d0                DMA2_Stream0_IRQHandler
 .text.reset_dsensor_integrator
                0x000000000800766c       0x2c obj/Release/src/sensors/digital_sensors.o
                0x000000000800766c                reset_dsensor_integrator
 .text.init_digital_sensors
                0x0000000008007698       0x88 obj/Release/src/sensors/digital_sensors.o
                0x0000000008007698                init_digital_sensors
 .text.read_dsensors
                0x0000000008007720       0x64 obj/Release/src/sensors/digital_sensors.o
                0x0000000008007720                read_dsensors
 .text.update_digital_sensors
                0x0000000008007784       0x6c obj/Release/src/sensors/digital_sensors.o
                0x0000000008007784                update_digital_sensors
 .text.load_Sensor_Calibration
                0x00000000080077f0       0x2c obj/Release/src/sensors/sensor_calibration.o
                0x00000000080077f0                load_Sensor_Calibration
 .text.store_Sensor_Calibration
                0x000000000800781c       0x10 obj/Release/src/sensors/sensor_calibration.o
                0x000000000800781c                store_Sensor_Calibration
 .text.show_Sensor_Calibration
                0x000000000800782c       0x30 obj/Release/src/sensors/sensor_calibration.o
                0x000000000800782c                show_Sensor_Calibration
 .text.modify_Sensor_Calibration
                0x000000000800785c       0x18 obj/Release/src/sensors/sensor_calibration.o
                0x000000000800785c                modify_Sensor_Calibration
 .text.send_Sensor_Calibration
                0x0000000008007874        0xc obj/Release/src/sensors/sensor_calibration.o
                0x0000000008007874                send_Sensor_Calibration
 .text.store_InvTableCLT
                0x0000000008007880       0x10 obj/Release/src/sensors/sensor_calibration.o
                0x0000000008007880                store_InvTableCLT
 .text.show_InvTableCLT
                0x0000000008007890       0x20 obj/Release/src/sensors/sensor_calibration.o
                0x0000000008007890                show_InvTableCLT
 .text.modify_InvTableCLT
                0x00000000080078b0       0x10 obj/Release/src/sensors/sensor_calibration.o
                0x00000000080078b0                modify_InvTableCLT
 .text.send_InvTableCLT
                0x00000000080078c0        0xc obj/Release/src/sensors/sensor_calibration.o
                0x00000000080078c0                send_InvTableCLT
 .text.getValue_InvTableCLT
                0x00000000080078cc       0x1c obj/Release/src/sensors/sensor_calibration.o
                0x00000000080078cc                getValue_InvTableCLT
 .text.sensors_diag_log_event
                0x00000000080078e8       0x28 obj/Release/src/sensors/sensors_diag.o
                0x00000000080078e8                sensors_diag_log_event
 .text.print_sensors_diag
                0x0000000008007910       0x68 obj/Release/src/sensors/sensors_diag.o
                0x0000000008007910                print_sensors_diag
 .text.Tuareg_update_MAP_sensor
                0x0000000008007978       0x5c obj/Release/src/sensors/Tuareg_sensors.o
                0x0000000008007978                Tuareg_update_MAP_sensor
 .text.Tuareg_update_O2_sensor
                0x00000000080079d4       0x54 obj/Release/src/sensors/Tuareg_sensors.o
                0x00000000080079d4                Tuareg_update_O2_sensor
 .text.Tuareg_update_TPS_sensor
                0x0000000008007a28       0x54 obj/Release/src/sensors/Tuareg_sensors.o
                0x0000000008007a28                Tuareg_update_TPS_sensor
 .text.Tuareg_update_IAT_sensor
                0x0000000008007a7c       0x64 obj/Release/src/sensors/Tuareg_sensors.o
                0x0000000008007a7c                Tuareg_update_IAT_sensor
 .text.Tuareg_update_CLT_sensor
                0x0000000008007ae0       0x68 obj/Release/src/sensors/Tuareg_sensors.o
                0x0000000008007ae0                Tuareg_update_CLT_sensor
 .text.Tuareg_update_VBAT_sensor
                0x0000000008007b48       0x58 obj/Release/src/sensors/Tuareg_sensors.o
                0x0000000008007b48                Tuareg_update_VBAT_sensor
 .text.Tuareg_update_KNOCK_sensor
                0x0000000008007ba0       0x58 obj/Release/src/sensors/Tuareg_sensors.o
                0x0000000008007ba0                Tuareg_update_KNOCK_sensor
 .text.Tuareg_update_BARO_sensor
                0x0000000008007bf8       0x5c obj/Release/src/sensors/Tuareg_sensors.o
                0x0000000008007bf8                Tuareg_update_BARO_sensor
 .text.Tuareg_update_GEAR_sensor
                0x0000000008007c54       0x74 obj/Release/src/sensors/Tuareg_sensors.o
                0x0000000008007c54                Tuareg_update_GEAR_sensor
 .text.init_Sensors
                0x0000000008007cc8       0xf0 obj/Release/src/sensors/Tuareg_sensors.o
                0x0000000008007cc8                init_Sensors
 .text.adc_set_regular_group
                0x0000000008007db8       0x6e obj/Release/src/stm32_libs/stm32f4xx/boctok/stm32f4xx_adc_boctok.o
                0x0000000008007db8                adc_set_regular_group
 .text.adc_set_regular_group_length
                0x0000000008007e26       0x18 obj/Release/src/stm32_libs/stm32f4xx/boctok/stm32f4xx_adc_boctok.o
                0x0000000008007e26                adc_set_regular_group_length
 .text.adc_set_sample_time
                0x0000000008007e3e       0x3c obj/Release/src/stm32_libs/stm32f4xx/boctok/stm32f4xx_adc_boctok.o
                0x0000000008007e3e                adc_set_sample_time
 .text.adc_start_regular_group
                0x0000000008007e7a        0xa obj/Release/src/stm32_libs/stm32f4xx/boctok/stm32f4xx_adc_boctok.o
                0x0000000008007e7a                adc_start_regular_group
 .text.adc_start_injected_group
                0x0000000008007e84        0xa obj/Release/src/stm32_libs/stm32f4xx/boctok/stm32f4xx_adc_boctok.o
                0x0000000008007e84                adc_start_injected_group
 *fill*         0x0000000008007e8e        0x2 
 .text.getScbDump
                0x0000000008007e90       0x24 obj/Release/src/stm32_libs/stm32f4xx/boctok/stm32f4xx_fault_handler_boctok.o
                0x0000000008007e90                getScbDump
 .text.getStackRegisters
                0x0000000008007eb4       0x30 obj/Release/src/stm32_libs/stm32f4xx/boctok/stm32f4xx_fault_handler_boctok.o
                0x0000000008007eb4                getStackRegisters
 .text.HardFault_Handler
                0x0000000008007ee4       0x28 obj/Release/src/stm32_libs/stm32f4xx/boctok/stm32f4xx_fault_handler_boctok.o
                0x0000000008007ee4                HardFault_Handler
 .text.NMI_Handler
                0x0000000008007f0c       0x28 obj/Release/src/stm32_libs/stm32f4xx/boctok/stm32f4xx_fault_handler_boctok.o
                0x0000000008007f0c                NMI_Handler
 .text.MemManage_Handler
                0x0000000008007f34       0x28 obj/Release/src/stm32_libs/stm32f4xx/boctok/stm32f4xx_fault_handler_boctok.o
                0x0000000008007f34                MemManage_Handler
 .text.BusFault_Handler
                0x0000000008007f5c       0x28 obj/Release/src/stm32_libs/stm32f4xx/boctok/stm32f4xx_fault_handler_boctok.o
                0x0000000008007f5c                BusFault_Handler
 .text.UsageFault_Handler
                0x0000000008007f84       0x28 obj/Release/src/stm32_libs/stm32f4xx/boctok/stm32f4xx_fault_handler_boctok.o
                0x0000000008007f84                UsageFault_Handler
 .text.SVC_Handler
                0x0000000008007fac       0x28 obj/Release/src/stm32_libs/stm32f4xx/boctok/stm32f4xx_fault_handler_boctok.o
                0x0000000008007fac                SVC_Handler
 .text.DebugMon_Handler
                0x0000000008007fd4       0x28 obj/Release/src/stm32_libs/stm32f4xx/boctok/stm32f4xx_fault_handler_boctok.o
                0x0000000008007fd4                DebugMon_Handler
 .text.PendSV_Handler
                0x0000000008007ffc       0x28 obj/Release/src/stm32_libs/stm32f4xx/boctok/stm32f4xx_fault_handler_boctok.o
                0x0000000008007ffc                PendSV_Handler
 .text.WWDG_IRQHandler
                0x0000000008008024       0x28 obj/Release/src/stm32_libs/stm32f4xx/boctok/stm32f4xx_fault_handler_boctok.o
                0x0000000008008024                WWDG_IRQHandler
 .text.FPU_IRQHandler
                0x000000000800804c       0x28 obj/Release/src/stm32_libs/stm32f4xx/boctok/stm32f4xx_fault_handler_boctok.o
                0x000000000800804c                FPU_IRQHandler
 .text.GPIO_configure
                0x0000000008008074       0x6c obj/Release/src/stm32_libs/stm32f4xx/boctok/stm32f4xx_gpio_boctok.o
                0x0000000008008074                GPIO_configure
 .text.SYSCFG_map_EXTI
                0x00000000080080e0       0x98 obj/Release/src/stm32_libs/stm32f4xx/boctok/stm32f4xx_gpio_boctok.o
                0x00000000080080e0                SYSCFG_map_EXTI
 .text.gpio_set_pin
                0x0000000008008178       0x36 obj/Release/src/stm32_libs/stm32f4xx/boctok/stm32f4xx_gpio_boctok.o
                0x0000000008008178                gpio_set_pin
 .text.GPIO_SetAF
                0x00000000080081ae       0x44 obj/Release/src/stm32_libs/stm32f4xx/boctok/stm32f4xx_gpio_boctok.o
                0x00000000080081ae                GPIO_SetAF
 *fill*         0x00000000080081f2        0x2 
 .text.Reset_Handler
                0x00000000080081f4       0x50 obj/Release/src/stm32_libs/stm32f4xx/cmsis/startup_stm32f410xx.o
                0x00000000080081f4                Reset_Handler
 .text.Default_Handler
                0x0000000008008244        0x2 obj/Release/src/stm32_libs/stm32f4xx/cmsis/startup_stm32f410xx.o
                0x0000000008008244                RTC_Alarm_IRQHandler
                0x0000000008008244                FMPI2C1_EV_IRQHandler
                0x0000000008008244                TIM1_CC_IRQHandler
                0x0000000008008244                DMA2_Stream5_IRQHandler
                0x0000000008008244                DMA1_Stream5_IRQHandler
                0x0000000008008244                PVD_IRQHandler
                0x0000000008008244                TAMP_STAMP_IRQHandler
                0x0000000008008244                EXTI3_IRQHandler
                0x0000000008008244                I2C2_EV_IRQHandler
                0x0000000008008244                DMA1_Stream2_IRQHandler
                0x0000000008008244                DMA2_Stream2_IRQHandler
                0x0000000008008244                SPI1_IRQHandler
                0x0000000008008244                TIM6_DAC_IRQHandler
                0x0000000008008244                DMA2_Stream3_IRQHandler
                0x0000000008008244                USART6_IRQHandler
                0x0000000008008244                I2C1_EV_IRQHandler
                0x0000000008008244                DMA1_Stream6_IRQHandler
                0x0000000008008244                DMA1_Stream1_IRQHandler
                0x0000000008008244                RCC_IRQHandler
                0x0000000008008244                Default_Handler
                0x0000000008008244                EXTI15_10_IRQHandler
                0x0000000008008244                DMA1_Stream7_IRQHandler
                0x0000000008008244                SPI5_IRQHandler
                0x0000000008008244                DMA2_Stream7_IRQHandler
                0x0000000008008244                EXTI9_5_IRQHandler
                0x0000000008008244                RTC_WKUP_IRQHandler
                0x0000000008008244                SPI2_IRQHandler
                0x0000000008008244                DMA1_Stream0_IRQHandler
                0x0000000008008244                FMPI2C1_ER_IRQHandler
                0x0000000008008244                EXTI4_IRQHandler
                0x0000000008008244                RNG_IRQHandler
                0x0000000008008244                TIM1_UP_IRQHandler
                0x0000000008008244                TIM1_TRG_COM_TIM11_IRQHandler
                0x0000000008008244                USART2_IRQHandler
                0x0000000008008244                I2C2_ER_IRQHandler
                0x0000000008008244                DMA2_Stream1_IRQHandler
                0x0000000008008244                FLASH_IRQHandler
                0x0000000008008244                DMA2_Stream4_IRQHandler
                0x0000000008008244                DMA1_Stream4_IRQHandler
                0x0000000008008244                I2C1_ER_IRQHandler
                0x0000000008008244                LPTIM1_IRQHandler
                0x0000000008008244                DMA2_Stream6_IRQHandler
                0x0000000008008244                DMA1_Stream3_IRQHandler
 .text._init    0x0000000008008246        0x2 obj/Release/src/stm32_libs/stm32f4xx/cmsis/system_hse100_stm32f410.o
                0x0000000008008246                _init
 .text.SystemInit
                0x0000000008008248       0xf0 obj/Release/src/stm32_libs/stm32f4xx/cmsis/system_hse100_stm32f410.o
                0x0000000008008248                SystemInit
 .text.NVIC_PriorityGroupConfig
                0x0000000008008338       0x14 obj/Release/src/stm32_libs/stm32f4xx/spl/misc.o
                0x0000000008008338                NVIC_PriorityGroupConfig
 .text.DMA_Init
                0x000000000800834c       0x54 obj/Release/src/stm32_libs/stm32f4xx/spl/stm32f4xx_dma.o
                0x000000000800834c                DMA_Init
 .text.DMA_StructInit
                0x00000000080083a0       0x22 obj/Release/src/stm32_libs/stm32f4xx/spl/stm32f4xx_dma.o
                0x00000000080083a0                DMA_StructInit
 *fill*         0x00000000080083c2        0x2 
 .text.I2C_Init
                0x00000000080083c4       0xc8 obj/Release/src/stm32_libs/stm32f4xx/spl/stm32f4xx_i2c.o
                0x00000000080083c4                I2C_Init
 .text.I2C_Cmd  0x000000000800848c       0x16 obj/Release/src/stm32_libs/stm32f4xx/spl/stm32f4xx_i2c.o
                0x000000000800848c                I2C_Cmd
 .text.I2C_GenerateSTART
                0x00000000080084a2       0x16 obj/Release/src/stm32_libs/stm32f4xx/spl/stm32f4xx_i2c.o
                0x00000000080084a2                I2C_GenerateSTART
 .text.I2C_GenerateSTOP
                0x00000000080084b8       0x16 obj/Release/src/stm32_libs/stm32f4xx/spl/stm32f4xx_i2c.o
                0x00000000080084b8                I2C_GenerateSTOP
 .text.I2C_Send7bitAddress
                0x00000000080084ce       0x12 obj/Release/src/stm32_libs/stm32f4xx/spl/stm32f4xx_i2c.o
                0x00000000080084ce                I2C_Send7bitAddress
 .text.I2C_AcknowledgeConfig
                0x00000000080084e0       0x16 obj/Release/src/stm32_libs/stm32f4xx/spl/stm32f4xx_i2c.o
                0x00000000080084e0                I2C_AcknowledgeConfig
 .text.I2C_SendData
                0x00000000080084f6        0x4 obj/Release/src/stm32_libs/stm32f4xx/spl/stm32f4xx_i2c.o
                0x00000000080084f6                I2C_SendData
 .text.I2C_ReceiveData
                0x00000000080084fa        0x6 obj/Release/src/stm32_libs/stm32f4xx/spl/stm32f4xx_i2c.o
                0x00000000080084fa                I2C_ReceiveData
 .text.I2C_CheckEvent
                0x0000000008008500       0x16 obj/Release/src/stm32_libs/stm32f4xx/spl/stm32f4xx_i2c.o
                0x0000000008008500                I2C_CheckEvent
 .text.I2C_GetFlagStatus
                0x0000000008008516       0x34 obj/Release/src/stm32_libs/stm32f4xx/spl/stm32f4xx_i2c.o
                0x0000000008008516                I2C_GetFlagStatus
 .text.I2C_ClearFlag
                0x000000000800854a        0x8 obj/Release/src/stm32_libs/stm32f4xx/spl/stm32f4xx_i2c.o
                0x000000000800854a                I2C_ClearFlag
 *fill*         0x0000000008008552        0x2 
 .text.RCC_GetClocksFreq
                0x0000000008008554       0x88 obj/Release/src/stm32_libs/stm32f4xx/spl/stm32f4xx_rcc.o
                0x0000000008008554                RCC_GetClocksFreq
 .text.USART_Init
                0x00000000080085dc       0xb0 obj/Release/src/stm32_libs/stm32f4xx/spl/stm32f4xx_usart.o
                0x00000000080085dc                USART_Init
 .text.USART_Cmd
                0x000000000800868c       0x16 obj/Release/src/stm32_libs/stm32f4xx/spl/stm32f4xx_usart.o
                0x000000000800868c                USART_Cmd
 .text.USART_ReceiveData
                0x00000000080086a2        0x8 obj/Release/src/stm32_libs/stm32f4xx/spl/stm32f4xx_usart.o
                0x00000000080086a2                USART_ReceiveData
 .text.USART_ITConfig
                0x00000000080086aa       0x32 obj/Release/src/stm32_libs/stm32f4xx/spl/stm32f4xx_usart.o
                0x00000000080086aa                USART_ITConfig
 .text.Eeprom_init
                0x00000000080086dc       0xa0 obj/Release/src/storage/eeprom.o
                0x00000000080086dc                Eeprom_init
 .text.eeprom_wait
                0x000000000800877c       0xb0 obj/Release/src/storage/eeprom.o
                0x000000000800877c                eeprom_wait
 .text.eeprom_write_byte
                0x000000000800882c      0x104 obj/Release/src/storage/eeprom.o
                0x000000000800882c                eeprom_write_byte
 .text.eeprom_read_byte
                0x0000000008008930      0x188 obj/Release/src/storage/eeprom.o
                0x0000000008008930                eeprom_read_byte
 .text.eeprom_update_byte
                0x0000000008008ab8       0x58 obj/Release/src/storage/eeprom.o
                0x0000000008008ab8                eeprom_update_byte
 .text.Eeprom_load_data
                0x0000000008008b10       0x40 obj/Release/src/storage/eeprom.o
                0x0000000008008b10                Eeprom_load_data
 .text.Eeprom_update_data
                0x0000000008008b50       0x38 obj/Release/src/storage/eeprom.o
                0x0000000008008b50                Eeprom_update_data
 .text.getValue_t2D
                0x0000000008008b88       0xbc obj/Release/src/storage/table.o
                0x0000000008008b88                getValue_t2D
 .text.getValue_t3D
                0x0000000008008c44      0x2c6 obj/Release/src/storage/table.o
                0x0000000008008c44                getValue_t3D
 .text.load_t2D_data
                0x0000000008008f0a        0xc obj/Release/src/storage/table.o
                0x0000000008008f0a                load_t2D_data
 .text.load_t2D
                0x0000000008008f16        0xe obj/Release/src/storage/table.o
                0x0000000008008f16                load_t2D
 .text.load_t3D_data
                0x0000000008008f24        0xe obj/Release/src/storage/table.o
                0x0000000008008f24                load_t3D_data
 .text.store_t2D_data
                0x0000000008008f32        0xc obj/Release/src/storage/table.o
                0x0000000008008f32                store_t2D_data
 .text.store_t2D
                0x0000000008008f3e        0xe obj/Release/src/storage/table.o
                0x0000000008008f3e                store_t2D
 .text.store_t3D_data
                0x0000000008008f4c        0xe obj/Release/src/storage/table.o
                0x0000000008008f4c                store_t3D_data
 *fill*         0x0000000008008f5a        0x2 
 .text.show_t3D_data
                0x0000000008008f5c       0xa4 obj/Release/src/storage/table.o
                0x0000000008008f5c                show_t3D_data
 .text.show_t2D_data
                0x0000000008009000       0x64 obj/Release/src/storage/table.o
                0x0000000008009000                show_t2D_data
 .text.modify_t2D_data
                0x0000000008009064        0xe obj/Release/src/storage/table.o
                0x0000000008009064                modify_t2D_data
 .text.modify_t3D_data
                0x0000000008009072       0x10 obj/Release/src/storage/table.o
                0x0000000008009072                modify_t3D_data
 .text.send_t2D_data
                0x0000000008009082        0x6 obj/Release/src/storage/table.o
                0x0000000008009082                send_t2D_data
 .text.send_t3D_data
                0x0000000008009088        0x8 obj/Release/src/storage/table.o
                0x0000000008009088                send_t3D_data
 .text.allocate_timer_channel_1
                0x0000000008009090       0x3c obj/Release/src/timing/scheduler.o
                0x0000000008009090                allocate_timer_channel_1
 .text.reset_timer_channel_1
                0x00000000080090cc       0x30 obj/Release/src/timing/scheduler.o
                0x00000000080090cc                reset_timer_channel_1
 .text.allocate_timer_channel_2
                0x00000000080090fc       0x3c obj/Release/src/timing/scheduler.o
                0x00000000080090fc                allocate_timer_channel_2
 .text.reset_timer_channel_2
                0x0000000008009138       0x30 obj/Release/src/timing/scheduler.o
                0x0000000008009138                reset_timer_channel_2
 .text.allocate_timer_channel_3
                0x0000000008009168       0x3c obj/Release/src/timing/scheduler.o
                0x0000000008009168                allocate_timer_channel_3
 .text.reset_timer_channel_3
                0x00000000080091a4       0x30 obj/Release/src/timing/scheduler.o
                0x00000000080091a4                reset_timer_channel_3
 .text.allocate_timer_channel_4
                0x00000000080091d4       0x3c obj/Release/src/timing/scheduler.o
                0x00000000080091d4                allocate_timer_channel_4
 .text.reset_timer_channel_4
                0x0000000008009210       0x30 obj/Release/src/timing/scheduler.o
                0x0000000008009210                reset_timer_channel_4
 .text.init_Vital_Scheduler
                0x0000000008009240       0xd0 obj/Release/src/timing/scheduler.o
                0x0000000008009240                init_Vital_Scheduler
 .text.scheduler_reset_channel
                0x0000000008009310       0x44 obj/Release/src/timing/scheduler.o
                0x0000000008009310                scheduler_reset_channel
 .text.allocate_channel
                0x0000000008009354       0x8c obj/Release/src/timing/scheduler.o
                0x0000000008009354                allocate_channel
 .text.scheduler_set_channel
                0x00000000080093e0      0x108 obj/Release/src/timing/scheduler.o
                0x00000000080093e0                scheduler_set_channel
 .text.TIM5_IRQHandler
                0x00000000080094e8      0x128 obj/Release/src/timing/scheduler.o
                0x00000000080094e8                TIM5_IRQHandler
 .text.scheduler_diag_log_event
                0x0000000008009610       0x28 obj/Release/src/timing/scheduler_diag.o
                0x0000000008009610                scheduler_diag_log_event
 .text.print_scheduler_diag
                0x0000000008009638       0x68 obj/Release/src/timing/scheduler_diag.o
                0x0000000008009638                print_scheduler_diag
 .text.init_systick_timer
                0x00000000080096a0       0x24 obj/Release/src/timing/systick_timer.o
                0x00000000080096a0                init_systick_timer
 .text.get_timestamp_fraction_us
                0x00000000080096c4       0x24 obj/Release/src/timing/systick_timer.o
                0x00000000080096c4                get_timestamp_fraction_us
 .text.SysTick_Handler
                0x00000000080096e8       0xf4 obj/Release/src/timing/systick_timer.o
                0x00000000080096e8                SysTick_Handler
 .text.calc_rot_duration_us
                0x00000000080097dc        0xc obj/Release/src/utils/base_calc.o
                0x00000000080097dc                calc_rot_duration_us
 .text.calc_rot_angle_deg
                0x00000000080097e8       0x20 obj/Release/src/utils/base_calc.o
                0x00000000080097e8                calc_rot_angle_deg
 .text.calc_rpm
                0x0000000008009808       0x20 obj/Release/src/utils/base_calc.o
                0x0000000008009808                calc_rpm
 .text.sub_VU32
                0x0000000008009828       0x14 obj/Release/src/utils/base_calc.o
                0x0000000008009828                sub_VU32
 .text.subtract_U32
                0x000000000800983c        0xa obj/Release/src/utils/base_calc.o
                0x000000000800983c                subtract_U32
 .text.divide_U32
                0x0000000008009846       0x18 obj/Release/src/utils/base_calc.o
                0x0000000008009846                divide_U32
 *fill*         0x000000000800985e        0x2 
 .text.divide_F32
                0x0000000008009860       0x2c obj/Release/src/utils/base_calc.o
                0x0000000008009860                divide_F32
 .text.divide_float
                0x000000000800988c       0x28 obj/Release/src/utils/base_calc.o
                0x000000000800988c                divide_float
 .text.crank_position_after
                0x00000000080098b4       0x14 obj/Release/src/utils/base_calc.o
                0x00000000080098b4                crank_position_after
 .text.opposite_phase
                0x00000000080098c8       0x10 obj/Release/src/utils/base_calc.o
                0x00000000080098c8                opposite_phase
 .text.solve_linear
                0x00000000080098d8       0x48 obj/Release/src/utils/base_calc.o