Archive member included to satisfy reference by file (symbol)

/opt/gcc-arm-none-eabi-7-2017-q4-major/bin/../lib/gcc/arm-none-eabi/7.2.1/../../../../arm-none-eabi/lib/thumb/v7e-m/fpv4-sp/hard/libc.a(lib_a-init.o)
                              obj/Release/src/stm32_libs/stm32f4xx/cmsis/startup_stm32f410xx.o (__libc_init_array)

Discarded input sections

 .text          0x0000000000000000        0x0 obj/Release/src/actors/act_hw.o
 .data          0x0000000000000000        0x0 obj/Release/src/actors/act_hw.o
 .bss           0x0000000000000000        0x0 obj/Release/src/actors/act_hw.o
 .text.set_act1
                0x0000000000000000       0x20 obj/Release/src/actors/act_hw.o
 .text.set_act2
                0x0000000000000000       0x20 obj/Release/src/actors/act_hw.o
 .text.init_act_hw
                0x0000000000000000       0x4c obj/Release/src/actors/act_hw.o
 .comment       0x0000000000000000       0x7f obj/Release/src/actors/act_hw.o
 .ARM.attributes
                0x0000000000000000       0x39 obj/Release/src/actors/act_hw.o
 .text          0x0000000000000000        0x0 obj/Release/src/actors/act_logic.o
 .data          0x0000000000000000        0x0 obj/Release/src/actors/act_logic.o
 .bss           0x0000000000000000        0x0 obj/Release/src/actors/act_logic.o
 .text.init_act_logic
                0x0000000000000000        0x2 obj/Release/src/actors/act_logic.o
 .comment       0x0000000000000000       0x7f obj/Release/src/actors/act_logic.o
 .ARM.attributes
                0x0000000000000000       0x39 obj/Release/src/actors/act_logic.o
 .text          0x0000000000000000        0x0 obj/Release/src/com/serial_buffer.o
 .data          0x0000000000000000        0x0 obj/Release/src/com/serial_buffer.o
 .bss           0x0000000000000000        0x0 obj/Release/src/com/serial_buffer.o
 .text          0x0000000000000000        0x0 obj/Release/src/com/serial_monitor.o
 .data          0x0000000000000000        0x0 obj/Release/src/com/serial_monitor.o
 .bss           0x0000000000000000        0x0 obj/Release/src/com/serial_monitor.o
 .comment       0x0000000000000000       0x7f obj/Release/src/com/serial_monitor.o
 .ARM.attributes
                0x0000000000000000       0x39 obj/Release/src/com/serial_monitor.o
 .text          0x0000000000000000        0x0 obj/Release/src/com/Tuareg_console.o
 .data          0x0000000000000000        0x0 obj/Release/src/com/Tuareg_console.o
 .bss           0x0000000000000000        0x0 obj/Release/src/com/Tuareg_console.o
 .rodata.cTSmaxChunkLen
                0x0000000000000000        0x4 obj/Release/src/com/Tuareg_console.o
 .rodata.cTSmaxOffset
                0x0000000000000000        0x4 obj/Release/src/com/Tuareg_console.o
 .text          0x0000000000000000        0x0 obj/Release/src/com/TunerStudio.o
 .data          0x0000000000000000        0x0 obj/Release/src/com/TunerStudio.o
 .bss           0x0000000000000000        0x0 obj/Release/src/com/TunerStudio.o
 .text          0x0000000000000000        0x0 obj/Release/src/com/TunerStudio_outChannel.o
 .data          0x0000000000000000        0x0 obj/Release/src/com/TunerStudio_outChannel.o
 .bss           0x0000000000000000        0x0 obj/Release/src/com/TunerStudio_outChannel.o
 .rodata.cOut_size
                0x0000000000000000        0x4 obj/Release/src/com/TunerStudio_outChannel.o
 .rodata.pOut_data
                0x0000000000000000        0x4 obj/Release/src/com/TunerStudio_outChannel.o
 .text          0x0000000000000000        0x0 obj/Release/src/com/TunerStudio_service.o
 .data          0x0000000000000000        0x0 obj/Release/src/com/TunerStudio_service.o
 .bss           0x0000000000000000        0x0 obj/Release/src/com/TunerStudio_service.o
 .text          0x0000000000000000        0x0 obj/Release/src/com/uart.o
 .data          0x0000000000000000        0x0 obj/Release/src/com/uart.o
 .bss           0x0000000000000000        0x0 obj/Release/src/com/uart.o
 .text.UART_listen
                0x0000000000000000        0xa obj/Release/src/com/uart.o
 .text.UART_nolisten
                0x0000000000000000        0xa obj/Release/src/com/uart.o
 .text          0x0000000000000000        0x0 obj/Release/src/com/uart_printf.o
 .data          0x0000000000000000        0x0 obj/Release/src/com/uart_printf.o
 .bss           0x0000000000000000        0x0 obj/Release/src/com/uart_printf.o
 .text.printf_S
                0x0000000000000000       0x20 obj/Release/src/com/uart_printf.o
 .text.printf_U8
                0x0000000000000000       0x42 obj/Release/src/com/uart_printf.o
 .text.printf_U32hex
                0x0000000000000000       0x30 obj/Release/src/com/uart_printf.o
 .text          0x0000000000000000        0x0 obj/Release/src/dash/dash_hw.o
 .data          0x0000000000000000        0x0 obj/Release/src/dash/dash_hw.o
 .bss           0x0000000000000000        0x0 obj/Release/src/dash/dash_hw.o
 .text          0x0000000000000000        0x0 obj/Release/src/dash/Tuareg_dash.o
[...]
Memory Configuration

Name             Origin             Length             Attributes
FLASH            0x0000000008000000 0x0000000000020000 xr
RAM              0x0000000020000000 0x0000000000008000 xrw
MEMORY_B1        0x0000000060000000 0x0000000000000000 xr
*default*        0x0000000000000000 0xffffffffffffffff

Linker script and memory map

LOAD obj/Release/src/actors/act_hw.o
LOAD obj/Release/src/actors/act_logic.o
LOAD obj/Release/src/com/serial_buffer.o
LOAD obj/Release/src/com/serial_monitor.o
LOAD obj/Release/src/com/Tuareg_console.o
LOAD obj/Release/src/com/TunerStudio.o
LOAD obj/Release/src/com/TunerStudio_outChannel.o
LOAD obj/Release/src/com/TunerStudio_service.o
LOAD obj/Release/src/com/uart.o
LOAD obj/Release/src/com/uart_printf.o
LOAD obj/Release/src/dash/dash_hw.o
LOAD obj/Release/src/dash/Tuareg_dash.o
LOAD obj/Release/src/debug/debug.o
LOAD obj/Release/src/debug/debug_port_messages.o
LOAD obj/Release/src/debug/dwt.o
LOAD obj/Release/src/decoder/decoder_cis.o
LOAD obj/Release/src/decoder/decoder_config.o
LOAD obj/Release/src/decoder/decoder_debug.o
LOAD obj/Release/src/decoder/decoder_diag.o
LOAD obj/Release/src/decoder/decoder_hw.o
LOAD obj/Release/src/decoder/decoder_logic.o
LOAD obj/Release/src/decoder/Tuareg_decoder.o
LOAD obj/Release/src/diagnostics/diagnostics.o
LOAD obj/Release/src/diagnostics/fault_log.o
LOAD obj/Release/src/diagnostics/highspeed_loggers.o
LOAD obj/Release/src/diagnostics/syslog.o
LOAD obj/Release/src/fueling/accel_comp.o
LOAD obj/Release/src/fueling/fueling_config.o
LOAD obj/Release/src/fueling/fueling_corrections.o
LOAD obj/Release/src/fueling/fueling_diag.o
LOAD obj/Release/src/fueling/fueling_hw.o
LOAD obj/Release/src/fueling/injector_parameters.o
LOAD obj/Release/src/fueling/Tuareg_fueling.o
LOAD obj/Release/src/fueling/Tuareg_fueling_controls.o
LOAD obj/Release/src/ignition/ignition_config.o
LOAD obj/Release/src/ignition/ignition_diag.o
LOAD obj/Release/src/ignition/ignition_hw.o
LOAD obj/Release/src/ignition/Tuareg_ignition.o
LOAD obj/Release/src/ignition/Tuareg_ignition_controls.o
LOAD obj/Release/src/main/main.o
LOAD obj/Release/src/main/Tuareg.o
LOAD obj/Release/src/main/Tuareg_config.o
LOAD obj/Release/src/main/Tuareg_diag.o
LOAD obj/Release/src/main/Tuareg_errors.o
LOAD obj/Release/src/main/Tuareg_ID.o
LOAD obj/Release/src/main/Tuareg_process_data.o
LOAD obj/Release/src/main/Tuareg_service_functions.o
LOAD obj/Release/src/main/Tuareg_types.o
LOAD obj/Release/src/module_test/module_test.o
LOAD obj/Release/src/process_table/process_table.o
LOAD obj/Release/src/sensors/analog_sensors.o
LOAD obj/Release/src/sensors/digital_sensors.o
LOAD obj/Release/src/sensors/knock_sensor.o
LOAD obj/Release/src/sensors/sensor_calibration.o
LOAD obj/Release/src/sensors/sensors_diag.o
LOAD obj/Release/src/sensors/Tuareg_sensors.o
LOAD obj/Release/src/stm32_libs/stm32f4xx/boctok/stm32f4xx_adc_boctok.o
LOAD obj/Release/src/stm32_libs/stm32f4xx/boctok/stm32f4xx_fault_handler_boctok.o
LOAD obj/Release/src/stm32_libs/stm32f4xx/boctok/stm32f4xx_gpio_boctok.o
LOAD obj/Release/src/stm32_libs/stm32f4xx/cmsis/startup_stm32f410xx.o
LOAD obj/Release/src/stm32_libs/stm32f4xx/cmsis/system_hse100_stm32f410.o
LOAD obj/Release/src/stm32_libs/stm32f4xx/spl/misc.o
LOAD obj/Release/src/stm32_libs/stm32f4xx/spl/stm32f4xx_dma.o
LOAD obj/Release/src/stm32_libs/stm32f4xx/spl/stm32f4xx_i2c.o
LOAD obj/Release/src/stm32_libs/stm32f4xx/spl/stm32f4xx_rcc.o
LOAD obj/Release/src/stm32_libs/stm32f4xx/spl/stm32f4xx_usart.o
LOAD obj/Release/src/storage/eeprom.o
LOAD obj/Release/src/storage/table.o
LOAD obj/Release/src/timing/lowprio_scheduler.o
LOAD obj/Release/src/timing/scheduler.o
LOAD obj/Release/src/timing/scheduler_diag.o
LOAD obj/Release/src/timing/systick_timer.o
LOAD obj/Release/src/utils/base_calc.o
LOAD obj/Release/src/utils/bitfields.o
LOAD obj/Release/src/utils/conversion.o
                0x0000000020008000                _estack = 0x20008000
                0x0000000000000000                _Min_Heap_Size = 0x0
                0x0000000000000100                _Min_Stack_Size = 0x100

.isr_vector     0x0000000008000000      0x1c8
                0x0000000008000000                . = ALIGN (0x4)
 *(.isr_vector)
 .isr_vector    0x0000000008000000      0x1c8 obj/Release/src/stm32_libs/stm32f4xx/cmsis/startup_stm32f410xx.o
                0x0000000008000000                g_pfnVectors
                0x00000000080001c8                . = ALIGN (0x4)

.text           0x00000000080001c8     0xc0cc
                0x00000000080001c8                . = ALIGN (0x4)
 *(.text)
 *(.text*)
 .text.ComRx_Buffer_reset
                0x00000000080001c8       0x3c obj/Release/src/com/serial_buffer.o
                0x00000000080001c8                ComRx_Buffer_reset
 .text.ComRx_Buffer_avail
                0x0000000008000204        0xc obj/Release/src/com/serial_buffer.o
                0x0000000008000204                ComRx_Buffer_avail
 .text.ComRx_Buffer_push
                0x0000000008000210       0x50 obj/Release/src/com/serial_buffer.o
                0x0000000008000210                ComRx_Buffer_push
 .text.ComRx_Buffer_pull
                0x0000000008000260       0x44 obj/Release/src/com/serial_buffer.o
                0x0000000008000260                ComRx_Buffer_pull
 .text.ComRx_Buffer_pull_U16
                0x00000000080002a4       0x30 obj/Release/src/com/serial_buffer.o
                0x00000000080002a4                ComRx_Buffer_pull_U16
 .text.ComRx_Buffer_pull_U32
                0x00000000080002d4       0x56 obj/Release/src/com/serial_buffer.o
                0x00000000080002d4                ComRx_Buffer_pull_U32
 *fill*         0x000000000800032a        0x2 
 .text.cli_showPage
                0x000000000800032c       0xa0 obj/Release/src/com/Tuareg_console.o
                0x000000000800032c                cli_showPage
 .text.cli_setPermissions
                0x00000000080003cc      0x11c obj/Release/src/com/Tuareg_console.o
                0x00000000080003cc                cli_setPermissions
 .text.cli_show_help
                0x00000000080004e8       0x9c obj/Release/src/com/Tuareg_console.o
                0x00000000080004e8                cli_show_help
 .text.Tuareg_update_console
                0x0000000008000584      0x290 obj/Release/src/com/Tuareg_console.o
                0x0000000008000584                Tuareg_update_console
 .text.cli_cyclic_update
                0x0000000008000814       0x1c obj/Release/src/com/Tuareg_console.o
                0x0000000008000814                cli_cyclic_update
 .text.Tuareg_init_console
                0x0000000008000830       0x18 obj/Release/src/com/Tuareg_console.o
                0x0000000008000830                Tuareg_init_console
 .text.ts_readPage
                0x0000000008000848       0xac obj/Release/src/com/TunerStudio.o
                0x0000000008000848                ts_readPage
 .text.ts_valueWrite
                0x00000000080008f4      0x194 obj/Release/src/com/TunerStudio.o
                0x00000000080008f4                ts_valueWrite
 .text.ts_burnPage
                0x0000000008000a88       0xc4 obj/Release/src/com/TunerStudio.o
                0x0000000008000a88                ts_burnPage
 .text.ts_tuareg_bits
                0x0000000008000b4c      0x1d4 obj/Release/src/com/TunerStudio_outChannel.o
                0x0000000008000b4c                ts_tuareg_bits
 .text.ts_sendOutputChannels
                0x0000000008000d20      0x11c obj/Release/src/com/TunerStudio_outChannel.o
                0x0000000008000d20                ts_sendOutputChannels
 .text.ts_debug_features
                0x0000000008000e3c       0xc4 obj/Release/src/com/TunerStudio_service.o
                0x0000000008000e3c                ts_debug_features
 .text.cli_show_debug_help
                0x0000000008000f00       0xc0 obj/Release/src/com/TunerStudio_service.o
                0x0000000008000f00                cli_show_debug_help
 .text.cli_show_process_data
                0x0000000008000fc0      0x114 obj/Release/src/com/TunerStudio_service.o
                0x0000000008000fc0                cli_show_process_data
 .text.cli_show_ignition_controls
                0x00000000080010d4      0x108 obj/Release/src/com/TunerStudio_service.o
                0x00000000080010d4                cli_show_ignition_controls
 .text.cli_show_fueling_controls
                0x00000000080011dc      0x3b8 obj/Release/src/com/TunerStudio_service.o
                0x00000000080011dc                cli_show_fueling_controls
 .text.cli_show_decoder_interface
                0x0000000008001594      0x124 obj/Release/src/com/TunerStudio_service.o
                0x0000000008001594                cli_show_decoder_interface
 .text.cli_print_sensor_data
                0x00000000080016b8      0x21c obj/Release/src/com/TunerStudio_service.o
                0x00000000080016b8                cli_print_sensor_data
 .text.ts_debug_info
                0x00000000080018d4       0xd8 obj/Release/src/com/TunerStudio_service.o
                0x00000000080018d4                ts_debug_info
 .text.UART_TS_PORT_Init
                0x00000000080019ac       0xa0 obj/Release/src/com/uart.o
                0x00000000080019ac                UART_TS_PORT_Init
 .text.UART_DEBUG_PORT_Init
                0x0000000008001a4c       0x68 obj/Release/src/com/uart.o
                0x0000000008001a4c                UART_DEBUG_PORT_Init
 .text.UART_Tx  0x0000000008001ab4        0xc obj/Release/src/com/uart.o
                0x0000000008001ab4                UART_Tx
 .text.UART_send_data
                0x0000000008001ac0       0x1a obj/Release/src/com/uart.o
                0x0000000008001ac0                UART_send_data
 *fill*         0x0000000008001ada        0x2 
 .text.USART1_IRQHandler
                0x0000000008001adc       0x30 obj/Release/src/com/uart.o
                0x0000000008001adc                USART1_IRQHandler
 .text.printf_U
                0x0000000008001b0c      0x164 obj/Release/src/com/uart_printf.o
                0x0000000008001b0c                printf_U
 .text.printf_F32
                0x0000000008001c70       0xcc obj/Release/src/com/uart_printf.o
                0x0000000008001c70                printf_F32
 .text.printf_nib_hex
                0x0000000008001d3c       0x10 obj/Release/src/com/uart_printf.o
                0x0000000008001d3c                printf_nib_hex
 .text.print    0x0000000008001d4c       0x16 obj/Release/src/com/uart_printf.o
                0x0000000008001d4c                print
 *fill*         0x0000000008001d62        0x2 
 .text.printf_U8hex
                0x0000000008001d64       0x38 obj/Release/src/com/uart_printf.o
                0x0000000008001d64                printf_U8hex
 .text.printf_crkpos
                0x0000000008001d9c       0x6c obj/Release/src/com/uart_printf.o
                0x0000000008001d9c                printf_crkpos
 .text.printf_phase
                0x0000000008001e08       0x30 obj/Release/src/com/uart_printf.o
                0x0000000008001e08                printf_phase
 .text.printf_decoder_sensing
                0x0000000008001e38       0x54 obj/Release/src/com/uart_printf.o
                0x0000000008001e38                printf_decoder_sensing
 .text.print_flash
                0x0000000008001e8c        0x4 obj/Release/src/com/uart_printf.o
                0x0000000008001e8c                print_flash
 .text.set_mil_hw
                0x0000000008001e90       0x38 obj/Release/src/dash/dash_hw.o
                0x0000000008001e90                set_mil_hw
 .text.init_dash_hw
                0x0000000008001ec8       0x34 obj/Release/src/dash/dash_hw.o
                0x0000000008001ec8                init_dash_hw
 .text.set_mil  0x0000000008001efc       0x48 obj/Release/src/dash/Tuareg_dash.o
                0x0000000008001efc                set_mil
 .text.init_dash
                0x0000000008001f44       0x10 obj/Release/src/dash/Tuareg_dash.o
                0x0000000008001f44                init_dash
 .text.update_mil
                0x0000000008001f54       0xa0 obj/Release/src/dash/Tuareg_dash.o
                0x0000000008001f54                update_mil
 .text.DebugMsg_Warning
                0x0000000008001ff4       0x24 obj/Release/src/debug/debug_port_messages.o
                0x0000000008001ff4                DebugMsg_Warning
 .text.decoder_update_cis
                0x0000000008002018      0x188 obj/Release/src/decoder/decoder_cis.o
                0x0000000008002018                decoder_update_cis
 .text.decoder_cis_handler
                0x00000000080021a0       0x9c obj/Release/src/decoder/decoder_cis.o
                0x00000000080021a0                decoder_cis_handler
 .text.decoder_cis_noisefilter_handler
                0x000000000800223c        0x4 obj/Release/src/decoder/decoder_cis.o
                0x000000000800223c                decoder_cis_noisefilter_handler
 .text.enable_cis
                0x0000000008002240       0x4c obj/Release/src/decoder/decoder_cis.o
                0x0000000008002240                enable_cis
 .text.disable_cis
                0x000000000800228c        0xe obj/Release/src/decoder/decoder_cis.o
                0x000000000800228c                disable_cis
 *fill*         0x000000000800229a        0x2 
 .text.load_Decoder_Setup
                0x000000000800229c       0x1c obj/Release/src/decoder/decoder_config.o
                0x000000000800229c                load_Decoder_Setup
 .text.load_essential_Decoder_Setup
                0x00000000080022b8       0x3c obj/Release/src/decoder/decoder_config.o
                0x00000000080022b8                load_essential_Decoder_Setup
 .text.store_Decoder_Setup
                0x00000000080022f4       0x10 obj/Release/src/decoder/decoder_config.o
                0x00000000080022f4                store_Decoder_Setup
 .text.show_Decoder_Setup
                0x0000000008002304      0x154 obj/Release/src/decoder/decoder_config.o
                0x0000000008002304                show_Decoder_Setup
 .text.modify_Decoder_Setup
                0x0000000008002458       0x18 obj/Release/src/decoder/decoder_config.o
                0x0000000008002458                modify_Decoder_Setup
 .text.send_Decoder_Setup
                0x0000000008002470        0xc obj/Release/src/decoder/decoder_config.o
                0x0000000008002470                send_Decoder_Setup
 .text.decoder_diag_log_event
                0x000000000800247c       0x28 obj/Release/src/decoder/decoder_diag.o
                0x000000000800247c                decoder_diag_log_event
 .text.print_decoder_diag
                0x00000000080024a4       0x68 obj/Release/src/decoder/decoder_diag.o
                0x00000000080024a4                print_decoder_diag
 .text.decoder_stop_timer
                0x000000000800250c       0x1c obj/Release/src/decoder/decoder_hw.o
                0x000000000800250c                decoder_stop_timer
 .text.update_crank_noisefilter
                0x0000000008002528       0x40 obj/Release/src/decoder/decoder_hw.o
                0x0000000008002528                update_crank_noisefilter
 .text.update_cam_noisefilter
                0x0000000008002568       0x40 obj/Release/src/decoder/decoder_hw.o
                0x0000000008002568                update_cam_noisefilter
 .text.decoder_mask_crank_irq
                0x00000000080025a8       0x10 obj/Release/src/decoder/decoder_hw.o
                0x00000000080025a8                decoder_mask_crank_irq
 .text.decoder_unmask_crank_irq
                0x00000000080025b8       0x14 obj/Release/src/decoder/decoder_hw.o
                0x00000000080025b8                decoder_unmask_crank_irq
 .text.decoder_mask_cis_irq
                0x00000000080025cc       0x10 obj/Release/src/decoder/decoder_hw.o
                0x00000000080025cc                decoder_mask_cis_irq
 .text.decoder_unmask_cis_irq
                0x00000000080025dc       0x14 obj/Release/src/decoder/decoder_hw.o
                0x00000000080025dc                decoder_unmask_cis_irq
 .text.set_crank_pickup_sensing_rise
                0x00000000080025f0       0x24 obj/Release/src/decoder/decoder_hw.o
                0x00000000080025f0                set_crank_pickup_sensing_rise
 .text.set_crank_pickup_sensing_fall
                0x0000000008002614       0x24 obj/Release/src/decoder/decoder_hw.o
                0x0000000008002614                set_crank_pickup_sensing_fall
 .text.set_crank_pickup_sensing_disabled
                0x0000000008002638       0x24 obj/Release/src/decoder/decoder_hw.o
                0x0000000008002638                set_crank_pickup_sensing_disabled
 .text.set_cis_sensing_rise
                0x000000000800265c       0x24 obj/Release/src/decoder/decoder_hw.o
                0x000000000800265c                set_cis_sensing_rise
 .text.set_cis_sensing_fall
                0x0000000008002680       0x24 obj/Release/src/decoder/decoder_hw.o
                0x0000000008002680                set_cis_sensing_fall
 .text.set_cis_sensing_disabled
                0x00000000080026a4       0x24 obj/Release/src/decoder/decoder_hw.o
                0x00000000080026a4                set_cis_sensing_disabled
 .text.decoder_set_crank_pickup_sensing
                0x00000000080026c8       0x3c obj/Release/src/decoder/decoder_hw.o
                0x00000000080026c8                decoder_set_crank_pickup_sensing
 .text.decoder_set_cis_sensing
                0x0000000008002704       0x3c obj/Release/src/decoder/decoder_hw.o
                0x0000000008002704                decoder_set_cis_sensing
 .text.trigger_decoder_irq
                0x0000000008002740       0x14 obj/Release/src/decoder/decoder_hw.o
                0x0000000008002740                trigger_decoder_irq
 .text.init_decoder_hw
                0x0000000008002754       0xcc obj/Release/src/decoder/decoder_hw.o
                0x0000000008002754                init_decoder_hw
 .text.decoder_get_timestamp
                0x0000000008002820        0xc obj/Release/src/decoder/decoder_hw.o
                0x0000000008002820                decoder_get_timestamp
 .text.decoder_set_timer_continuous_mode_on
                0x000000000800282c       0x1c obj/Release/src/decoder/decoder_hw.o
                0x000000000800282c                decoder_set_timer_continuous_mode_on
 .text.decoder_set_timer_continuous_mode_off
                0x0000000008002848       0x1c obj/Release/src/decoder/decoder_hw.o
                0x0000000008002848                decoder_set_timer_continuous_mode_off
 .text.decoder_start_timer
                0x0000000008002864       0x5c obj/Release/src/decoder/decoder_hw.o
                0x0000000008002864                decoder_start_timer
 .text.decoder_request_timer_reset
                0x00000000080028c0       0x10 obj/Release/src/decoder/decoder_hw.o
                0x00000000080028c0                decoder_request_timer_reset
 .text.disable_decoder_hw
                0x00000000080028d0       0x3c obj/Release/src/decoder/decoder_hw.o
                0x00000000080028d0                disable_decoder_hw
 .text.EXTI0_IRQHandler
                0x000000000800290c       0x60 obj/Release/src/decoder/decoder_hw.o
                0x000000000800290c                EXTI0_IRQHandler
 .text.TIM1_BRK_TIM9_IRQHandler
                0x000000000800296c       0x74 obj/Release/src/decoder/decoder_hw.o
                0x000000000800296c                TIM1_BRK_TIM9_IRQHandler
 .text.EXTI1_IRQHandler
                0x00000000080029e0       0x1c obj/Release/src/decoder/decoder_hw.o
                0x00000000080029e0                EXTI1_IRQHandler
 .text.reset_timeout_counter
                0x00000000080029fc       0x14 obj/Release/src/decoder/decoder_logic.o
                0x00000000080029fc                reset_timeout_counter
 .text.reset_timing_output
                0x0000000008002a10       0x2c obj/Release/src/decoder/decoder_logic.o
                0x0000000008002a10                reset_timing_output
 .text.reset_position_data
                0x0000000008002a3c       0x34 obj/Release/src/decoder/decoder_logic.o
                0x0000000008002a3c                reset_position_data
 .text.reset_internal_data
                0x0000000008002a70       0x18 obj/Release/src/decoder/decoder_logic.o
                0x0000000008002a70                reset_internal_data
 .text.decoder_set_state
                0x0000000008002a88       0x20 obj/Release/src/decoder/decoder_logic.o
                0x0000000008002a88                decoder_set_state
 .text.check_sync_ratio
                0x0000000008002aa8       0x74 obj/Release/src/decoder/decoder_logic.o
                0x0000000008002aa8                check_sync_ratio
 .text.check_sync_ratio_async
                0x0000000008002b1c       0x5c obj/Release/src/decoder/decoder_logic.o
                0x0000000008002b1c                check_sync_ratio_async
 .text.update_timing_data
                0x0000000008002b78       0xc0 obj/Release/src/decoder/decoder_logic.o
                0x0000000008002b78                update_timing_data
 .text.init_decoder_logic
                0x0000000008002c38       0x24 obj/Release/src/decoder/decoder_logic.o
                0x0000000008002c38                init_decoder_logic
 .text.disable_decoder_logic
                0x0000000008002c5c       0x18 obj/Release/src/decoder/decoder_logic.o
                0x0000000008002c5c                disable_decoder_logic
 .text.decoder_crank_handler
                0x0000000008002c74      0x138 obj/Release/src/decoder/decoder_logic.o
                0x0000000008002c74                decoder_crank_handler
 .text.decoder_crank_noisefilter_handler
                0x0000000008002dac        0x4 obj/Release/src/decoder/decoder_logic.o
                0x0000000008002dac                decoder_crank_noisefilter_handler
 .text.decoder_crank_timeout_handler
                0x0000000008002db0       0x3c obj/Release/src/decoder/decoder_logic.o
                0x0000000008002db0                decoder_crank_timeout_handler
 .text.init_Decoder
                0x0000000008002dec       0x68 obj/Release/src/decoder/Tuareg_decoder.o
                0x0000000008002dec                init_Decoder
 .text.disable_Decoder
                0x0000000008002e54       0x28 obj/Release/src/decoder/Tuareg_decoder.o
                0x0000000008002e54                disable_Decoder
 .text.decoder_get_position_data_age_us
                0x0000000008002e7c       0x28 obj/Release/src/decoder/Tuareg_decoder.o
                0x0000000008002e7c                decoder_get_position_data_age_us
 .text.copy_diag_data
                0x0000000008002ea4       0x48 obj/Release/src/diagnostics/diagnostics.o
                0x0000000008002ea4                copy_diag_data
 .text.get_diag_data
                0x0000000008002eec       0x24 obj/Release/src/diagnostics/diagnostics.o
                0x0000000008002eec                get_diag_data
 .text.release_diag_shadow
                0x0000000008002f10        0xc obj/Release/src/diagnostics/diagnostics.o
                0x0000000008002f10                release_diag_shadow
 .text.load_Fault_Log
                0x0000000008002f1c       0x1c obj/Release/src/diagnostics/fault_log.o
                0x0000000008002f1c                load_Fault_Log
 .text.load_void_Fault_Log
                0x0000000008002f38       0x18 obj/Release/src/diagnostics/fault_log.o
                0x0000000008002f38                load_void_Fault_Log
 .text.init_Fault_Log
                0x0000000008002f50       0x4c obj/Release/src/diagnostics/fault_log.o
                0x0000000008002f50                init_Fault_Log
 .text.store_Fault_Log
                0x0000000008002f9c       0x10 obj/Release/src/diagnostics/fault_log.o
                0x0000000008002f9c                store_Fault_Log
 .text.log_Fault
                0x0000000008002fac       0x68 obj/Release/src/diagnostics/fault_log.o
                0x0000000008002fac                log_Fault
 .text.show_Fault_Log
                0x0000000008003014       0x74 obj/Release/src/diagnostics/fault_log.o
                0x0000000008003014                show_Fault_Log
 .text.clear_Fault_Log
                0x0000000008003088       0x18 obj/Release/src/diagnostics/fault_log.o
                0x0000000008003088                clear_Fault_Log
 .text.Erase_Fault_Log
                0x00000000080030a0       0x3c obj/Release/src/diagnostics/fault_log.o
                0x00000000080030a0                Erase_Fault_Log
 .text.send_Fault_Log
                0x00000000080030dc        0xc obj/Release/src/diagnostics/fault_log.o
                0x00000000080030dc                send_Fault_Log
 .text.clear_highspeedlog
                0x00000000080030e8       0x14 obj/Release/src/diagnostics/highspeed_loggers.o
                0x00000000080030e8                clear_highspeedlog
 .text.highspeedlog_init
                0x00000000080030fc       0x14 obj/Release/src/diagnostics/highspeed_loggers.o
                0x00000000080030fc                highspeedlog_init
 .text.highspeedlog_register_error
                0x0000000008003110        0x2 obj/Release/src/diagnostics/highspeed_loggers.o
                0x0000000008003110                highspeedlog_register_error
 *fill*         0x0000000008003112        0x2 
 .text.highspeedlog_write
                0x0000000008003114       0xb8 obj/Release/src/diagnostics/highspeed_loggers.o
                0x0000000008003114                highspeedlog_write
 .text.highspeedlog_register_crankpos
                0x00000000080031cc        0x6 obj/Release/src/diagnostics/highspeed_loggers.o
                0x00000000080031cc                highspeedlog_register_crankpos
 *fill*         0x00000000080031d2        0x2 
 .text.highspeedlog_register_cis_lobe_begin
                0x00000000080031d4       0x10 obj/Release/src/diagnostics/highspeed_loggers.o
                0x00000000080031d4                highspeedlog_register_cis_lobe_begin
 .text.highspeedlog_register_cis_lobe_end
                0x00000000080031e4       0x10 obj/Release/src/diagnostics/highspeed_loggers.o
                0x00000000080031e4                highspeedlog_register_cis_lobe_end
 .text.highspeedlog_register_coil1_power
                0x00000000080031f4        0x6 obj/Release/src/diagnostics/highspeed_loggers.o
                0x00000000080031f4                highspeedlog_register_coil1_power
 .text.highspeedlog_register_coil1_unpower
                0x00000000080031fa        0x6 obj/Release/src/diagnostics/highspeed_loggers.o
                0x00000000080031fa                highspeedlog_register_coil1_unpower
 .text.highspeedlog_register_coil2_power
                0x0000000008003200        0x6 obj/Release/src/diagnostics/highspeed_loggers.o
                0x0000000008003200                highspeedlog_register_coil2_power
 .text.highspeedlog_register_coil2_unpower
                0x0000000008003206        0x6 obj/Release/src/diagnostics/highspeed_loggers.o
                0x0000000008003206                highspeedlog_register_coil2_unpower
 .text.highspeedlog_register_injector1_power
                0x000000000800320c        0x6 obj/Release/src/diagnostics/highspeed_loggers.o
                0x000000000800320c                highspeedlog_register_injector1_power
 .text.highspeedlog_register_injector1_unpower
                0x0000000008003212        0x6 obj/Release/src/diagnostics/highspeed_loggers.o
                0x0000000008003212                highspeedlog_register_injector1_unpower
 .text.highspeedlog_register_injector2_power
                0x0000000008003218        0x6 obj/Release/src/diagnostics/highspeed_loggers.o
                0x0000000008003218                highspeedlog_register_injector2_power
 .text.highspeedlog_register_injector2_unpower
                0x000000000800321e        0x6 obj/Release/src/diagnostics/highspeed_loggers.o
                0x000000000800321e                highspeedlog_register_injector2_unpower
 .text.send_highspeedlog
                0x0000000008003224       0xc4 obj/Release/src/diagnostics/highspeed_loggers.o
                0x0000000008003224                send_highspeedlog
 .text.show_highspeedlog
                0x00000000080032e8      0x150 obj/Release/src/diagnostics/highspeed_loggers.o
                0x00000000080032e8                show_highspeedlog
 .text.clear_syslog
                0x0000000008003438       0x38 obj/Release/src/diagnostics/syslog.o
                0x0000000008003438                clear_syslog
 .text.Syslog_init
                0x0000000008003470       0x10 obj/Release/src/diagnostics/syslog.o
                0x0000000008003470                Syslog_init
 .text.Syslog_Error
                0x0000000008003480       0x48 obj/Release/src/diagnostics/syslog.o
                0x0000000008003480                Syslog_Error
 .text.Syslog_Warning
                0x00000000080034c8       0x6c obj/Release/src/diagnostics/syslog.o
                0x00000000080034c8                Syslog_Warning
 .text.Syslog_Info
                0x0000000008003534       0x68 obj/Release/src/diagnostics/syslog.o
                0x0000000008003534                Syslog_Info
 .text.show_syslog
                0x000000000800359c      0x11c obj/Release/src/diagnostics/syslog.o
                0x000000000800359c                show_syslog
 .text.send_syslog
                0x00000000080036b8       0x20 obj/Release/src/diagnostics/syslog.o
                0x00000000080036b8                send_syslog
 .text.update_load_transient_comp
                0x00000000080036d8       0x16 obj/Release/src/fueling/accel_comp.o
                0x00000000080036d8                update_load_transient_comp
 .text.disable_legacy_AE
                0x00000000080036ee       0x46 obj/Release/src/fueling/accel_comp.o
                0x00000000080036ee                disable_legacy_AE
 .text.update_legacy_AE
                0x0000000008003734      0x31c obj/Release/src/fueling/accel_comp.o
                0x0000000008003734                update_legacy_AE
 .text.load_essential_Fueling_Config
                0x0000000008003a50       0xd4 obj/Release/src/fueling/fueling_config.o
                0x0000000008003a50                load_essential_Fueling_Config
 .text.load_Fueling_Setup
                0x0000000008003b24       0x10 obj/Release/src/fueling/fueling_config.o
                0x0000000008003b24                load_Fueling_Setup
 .text.store_Fueling_Setup
                0x0000000008003b34       0x10 obj/Release/src/fueling/fueling_config.o
                0x0000000008003b34                store_Fueling_Setup
 .text.show_Fueling_Setup
                0x0000000008003b44      0x30c obj/Release/src/fueling/fueling_config.o
                0x0000000008003b44                show_Fueling_Setup
 .text.modify_Fueling_Setup
                0x0000000008003e50       0x18 obj/Release/src/fueling/fueling_config.o
                0x0000000008003e50                modify_Fueling_Setup
 .text.send_Fueling_Setup
                0x0000000008003e68        0xc obj/Release/src/fueling/fueling_config.o
                0x0000000008003e68                send_Fueling_Setup
 .text.load_VeTable_TPS
                0x0000000008003e74       0x10 obj/Release/src/fueling/fueling_config.o
                0x0000000008003e74                load_VeTable_TPS
 .text.store_VeTable_TPS
                0x0000000008003e84       0x10 obj/Release/src/fueling/fueling_config.o
                0x0000000008003e84                store_VeTable_TPS
 .text.show_VeTable_TPS
                0x0000000008003e94       0x20 obj/Release/src/fueling/fueling_config.o
                0x0000000008003e94                show_VeTable_TPS
 .text.modify_VeTable_TPS
                0x0000000008003eb4       0x10 obj/Release/src/fueling/fueling_config.o
                0x0000000008003eb4                modify_VeTable_TPS
 .text.send_VeTable_TPS
                0x0000000008003ec4        0xc obj/Release/src/fueling/fueling_config.o
                0x0000000008003ec4                send_VeTable_TPS
 .text.getValue_VeTable_TPS
                0x0000000008003ed0       0x14 obj/Release/src/fueling/fueling_config.o
                0x0000000008003ed0                getValue_VeTable_TPS
 .text.load_VeTable_MAP
                0x0000000008003ee4       0x10 obj/Release/src/fueling/fueling_config.o
                0x0000000008003ee4                load_VeTable_MAP
 .text.store_VeTable_MAP
                0x0000000008003ef4       0x10 obj/Release/src/fueling/fueling_config.o
                0x0000000008003ef4                store_VeTable_MAP
 .text.show_VeTable_MAP
                0x0000000008003f04       0x20 obj/Release/src/fueling/fueling_config.o
                0x0000000008003f04                show_VeTable_MAP
 .text.modify_VeTable_MAP
                0x0000000008003f24       0x10 obj/Release/src/fueling/fueling_config.o
                0x0000000008003f24                modify_VeTable_MAP
 .text.send_VeTable_MAP
                0x0000000008003f34        0xc obj/Release/src/fueling/fueling_config.o
                0x0000000008003f34                send_VeTable_MAP
 .text.getValue_VeTable_MAP
                0x0000000008003f40       0x14 obj/Release/src/fueling/fueling_config.o
                0x0000000008003f40                getValue_VeTable_MAP
 .text.load_AfrTable_MAP
                0x0000000008003f54       0x10 obj/Release/src/fueling/fueling_config.o
                0x0000000008003f54                load_AfrTable_MAP
 .text.store_AfrTable_MAP
                0x0000000008003f64       0x10 obj/Release/src/fueling/fueling_config.o
                0x0000000008003f64                store_AfrTable_MAP
 .text.show_AfrTable_MAP
                0x0000000008003f74       0x20 obj/Release/src/fueling/fueling_config.o
                0x0000000008003f74                show_AfrTable_MAP
 .text.modify_AfrTable_MAP
                0x0000000008003f94       0x10 obj/Release/src/fueling/fueling_config.o
                0x0000000008003f94                modify_AfrTable_MAP
 .text.send_AfrTable_MAP
                0x0000000008003fa4        0xc obj/Release/src/fueling/fueling_config.o
                0x0000000008003fa4                send_AfrTable_MAP
 .text.getValue_AfrTable_MAP
                0x0000000008003fb0       0x20 obj/Release/src/fueling/fueling_config.o
                0x0000000008003fb0                getValue_AfrTable_MAP
 .text.load_AfrTable_TPS
                0x0000000008003fd0       0x10 obj/Release/src/fueling/fueling_config.o
                0x0000000008003fd0                load_AfrTable_TPS
 .text.store_AfrTable_TPS
                0x0000000008003fe0       0x10 obj/Release/src/fueling/fueling_config.o
                0x0000000008003fe0                store_AfrTable_TPS
 .text.show_AfrTable_TPS
                0x0000000008003ff0       0x20 obj/Release/src/fueling/fueling_config.o
                0x0000000008003ff0                show_AfrTable_TPS
 .text.modify_AfrTable_TPS
                0x0000000008004010       0x10 obj/Release/src/fueling/fueling_config.o
                0x0000000008004010                modify_AfrTable_TPS
 .text.send_AfrTable_TPS
                0x0000000008004020        0xc obj/Release/src/fueling/fueling_config.o
                0x0000000008004020                send_AfrTable_TPS
 .text.getValue_AfrTable_TPS
                0x000000000800402c       0x20 obj/Release/src/fueling/fueling_config.o
                0x000000000800402c                getValue_AfrTable_TPS
 .text.load_AccelCompTableTPS
                0x000000000800404c       0x10 obj/Release/src/fueling/fueling_config.o
                0x000000000800404c                load_AccelCompTableTPS
 .text.store_AccelCompTableTPS
                0x000000000800405c       0x10 obj/Release/src/fueling/fueling_config.o
                0x000000000800405c                store_AccelCompTableTPS
 .text.show_AccelCompTableTPS
                0x000000000800406c       0x20 obj/Release/src/fueling/fueling_config.o
                0x000000000800406c                show_AccelCompTableTPS
 .text.modify_AccelCompTableTPS
                0x000000000800408c       0x10 obj/Release/src/fueling/fueling_config.o
                0x000000000800408c                modify_AccelCompTableTPS
 .text.send_AccelCompTableTPS
                0x000000000800409c        0xc obj/Release/src/fueling/fueling_config.o
                0x000000000800409c                send_AccelCompTableTPS
 .text.getValue_AccelCompTableTPS
                0x00000000080040a8       0x24 obj/Release/src/fueling/fueling_config.o
                0x00000000080040a8                getValue_AccelCompTableTPS
 .text.load_AccelCompTableMAP
                0x00000000080040cc       0x10 obj/Release/src/fueling/fueling_config.o
                0x00000000080040cc                load_AccelCompTableMAP
 .text.store_AccelCompTableMAP
                0x00000000080040dc       0x10 obj/Release/src/fueling/fueling_config.o
                0x00000000080040dc                store_AccelCompTableMAP
 .text.show_AccelCompTableMAP
                0x00000000080040ec       0x20 obj/Release/src/fueling/fueling_config.o
                0x00000000080040ec                show_AccelCompTableMAP
 .text.modify_AccelCompTableMAP
                0x000000000800410c       0x10 obj/Release/src/fueling/fueling_config.o
                0x000000000800410c                modify_AccelCompTableMAP
 .text.send_AccelCompTableMAP
                0x000000000800411c        0xc obj/Release/src/fueling/fueling_config.o
                0x000000000800411c                send_AccelCompTableMAP
 .text.getValue_AccelCompTableMAP
                0x0000000008004128       0x24 obj/Release/src/fueling/fueling_config.o
                0x0000000008004128                getValue_AccelCompTableMAP
 .text.load_WarmUpCompTable
                0x000000000800414c       0x10 obj/Release/src/fueling/fueling_config.o
                0x000000000800414c                load_WarmUpCompTable
 .text.store_WarmUpCompTable
                0x000000000800415c       0x10 obj/Release/src/fueling/fueling_config.o
                0x000000000800415c                store_WarmUpCompTable
 .text.show_WarmUpCompTable
                0x000000000800416c       0x20 obj/Release/src/fueling/fueling_config.o
                0x000000000800416c                show_WarmUpCompTable
 .text.modify_WarmUpCompTable
                0x000000000800418c       0x10 obj/Release/src/fueling/fueling_config.o
                0x000000000800418c                modify_WarmUpCompTable
 .text.send_WarmUpCompTable
                0x000000000800419c        0xc obj/Release/src/fueling/fueling_config.o
                0x000000000800419c                send_WarmUpCompTable
 .text.getValue_WarmUpCompTable
                0x00000000080041a8       0x14 obj/Release/src/fueling/fueling_config.o
                0x00000000080041a8                getValue_WarmUpCompTable
 .text.load_InjectorTimingTable
                0x00000000080041bc       0x10 obj/Release/src/fueling/fueling_config.o
                0x00000000080041bc                load_InjectorTimingTable
 .text.store_InjectorTimingTable
                0x00000000080041cc       0x10 obj/Release/src/fueling/fueling_config.o
                0x00000000080041cc                store_InjectorTimingTable
 .text.show_InjectorTimingTable
                0x00000000080041dc       0x20 obj/Release/src/fueling/fueling_config.o
                0x00000000080041dc                show_InjectorTimingTable
 .text.modify_InjectorTimingTable
                0x00000000080041fc       0x10 obj/Release/src/fueling/fueling_config.o
                0x00000000080041fc                modify_InjectorTimingTable
 .text.send_InjectorTimingTable
                0x000000000800420c        0xc obj/Release/src/fueling/fueling_config.o
                0x000000000800420c                send_InjectorTimingTable
 .text.getValue_InjectorTimingTable
                0x0000000008004218       0x2c obj/Release/src/fueling/fueling_config.o
                0x0000000008004218                getValue_InjectorTimingTable
 .text.load_CrankingFuelTable
                0x0000000008004244       0x10 obj/Release/src/fueling/fueling_config.o
                0x0000000008004244                load_CrankingFuelTable
 .text.store_CrankingFuelTable
                0x0000000008004254       0x10 obj/Release/src/fueling/fueling_config.o
                0x0000000008004254                store_CrankingFuelTable
 .text.show_CrankingFuelTable
                0x0000000008004264       0x20 obj/Release/src/fueling/fueling_config.o
                0x0000000008004264                show_CrankingFuelTable
 .text.modify_CrankingFuelTable
                0x0000000008004284       0x10 obj/Release/src/fueling/fueling_config.o
                0x0000000008004284                modify_CrankingFuelTable
 .text.send_CrankingFuelTable
                0x0000000008004294        0xc obj/Release/src/fueling/fueling_config.o
                0x0000000008004294                send_CrankingFuelTable
 .text.getValue_CrankingFuelTable
                0x00000000080042a0       0x24 obj/Release/src/fueling/fueling_config.o
                0x00000000080042a0                getValue_CrankingFuelTable
 .text.load_InjectorPhaseTable
                0x00000000080042c4       0x10 obj/Release/src/fueling/fueling_config.o
                0x00000000080042c4                load_InjectorPhaseTable
 .text.store_InjectorPhaseTable
                0x00000000080042d4       0x10 obj/Release/src/fueling/fueling_config.o
                0x00000000080042d4                store_InjectorPhaseTable
 .text.show_InjectorPhaseTable
                0x00000000080042e4       0x20 obj/Release/src/fueling/fueling_config.o
                0x00000000080042e4                show_InjectorPhaseTable
 .text.modify_InjectorPhaseTable
                0x0000000008004304       0x10 obj/Release/src/fueling/fueling_config.o
                0x0000000008004304                modify_InjectorPhaseTable
 .text.send_InjectorPhaseTable
                0x0000000008004314        0xc obj/Release/src/fueling/fueling_config.o
                0x0000000008004314                send_InjectorPhaseTable
 .text.getValue_InjectorPhaseTable
                0x0000000008004320       0x14 obj/Release/src/fueling/fueling_config.o
                0x0000000008004320                getValue_InjectorPhaseTable
 .text.load_BAROtable
                0x0000000008004334       0x10 obj/Release/src/fueling/fueling_config.o
                0x0000000008004334                load_BAROtable
 .text.store_BAROtable
                0x0000000008004344       0x10 obj/Release/src/fueling/fueling_config.o
                0x0000000008004344                store_BAROtable
 .text.show_BAROtable
                0x0000000008004354       0x20 obj/Release/src/fueling/fueling_config.o
                0x0000000008004354                show_BAROtable
 .text.modify_BAROtable
                0x0000000008004374       0x10 obj/Release/src/fueling/fueling_config.o
                0x0000000008004374                modify_BAROtable
 .text.send_BAROtable
                0x0000000008004384        0xc obj/Release/src/fueling/fueling_config.o
                0x0000000008004384                send_BAROtable
 .text.getValue_BAROtable
                0x0000000008004390       0x40 obj/Release/src/fueling/fueling_config.o
                0x0000000008004390                getValue_BAROtable
 .text.load_ChargeTempTable
                0x00000000080043d0       0x10 obj/Release/src/fueling/fueling_config.o
                0x00000000080043d0                load_ChargeTempTable
 .text.load_Fueling_Config
                0x00000000080043e0       0xd8 obj/Release/src/fueling/fueling_config.o
                0x00000000080043e0                load_Fueling_Config
 .text.store_ChargeTempTable
                0x00000000080044b8       0x10 obj/Release/src/fueling/fueling_config.o
                0x00000000080044b8                store_ChargeTempTable
 .text.show_ChargeTempTable
                0x00000000080044c8       0x20 obj/Release/src/fueling/fueling_config.o
                0x00000000080044c8                show_ChargeTempTable
 .text.modify_ChargeTempTable
                0x00000000080044e8       0x10 obj/Release/src/fueling/fueling_config.o
                0x00000000080044e8                modify_ChargeTempTable
 .text.send_ChargeTempTable
                0x00000000080044f8        0xc obj/Release/src/fueling/fueling_config.o
                0x00000000080044f8                send_ChargeTempTable
 .text.getValue_ChargeTempTable
                0x0000000008004504       0x2c obj/Release/src/fueling/fueling_config.o
                0x0000000008004504                getValue_ChargeTempTable
 .text.update_fuel_mass_afterstart_correction
                0x0000000008004530       0xa4 obj/Release/src/fueling/fueling_corrections.o
                0x0000000008004530                update_fuel_mass_afterstart_correction
 .text.update_fuel_mass_warmup_correction
                0x00000000080045d4       0x5c obj/Release/src/fueling/fueling_corrections.o
                0x00000000080045d4                update_fuel_mass_warmup_correction
 .text.update_fuel_mass_barometric_correction
                0x0000000008004630       0x5c obj/Release/src/fueling/fueling_corrections.o
                0x0000000008004630                update_fuel_mass_barometric_correction
 .text.update_fuel_mass_corrections
                0x000000000800468c       0x1c obj/Release/src/fueling/fueling_corrections.o
                0x000000000800468c                update_fuel_mass_corrections
 .text.fueling_diag_log_event
                0x00000000080046a8       0x28 obj/Release/src/fueling/fueling_diag.o
                0x00000000080046a8                fueling_diag_log_event
 .text.print_fueling_diag
                0x00000000080046d0       0x68 obj/Release/src/fueling/fueling_diag.o
                0x00000000080046d0                print_fueling_diag
 .text.set_injector1_powered
                0x0000000008004738       0x28 obj/Release/src/fueling/fueling_hw.o
                0x0000000008004738                set_injector1_powered
 .text.set_injector1_unpowered
                0x0000000008004760       0x28 obj/Release/src/fueling/fueling_hw.o
                0x0000000008004760                set_injector1_unpowered
 .text.set_injector2_powered
                0x0000000008004788       0x28 obj/Release/src/fueling/fueling_hw.o
                0x0000000008004788                set_injector2_powered
 .text.set_injector2_unpowered
                0x00000000080047b0       0x28 obj/Release/src/fueling/fueling_hw.o
                0x00000000080047b0                set_injector2_unpowered
 .text.set_fuel_pump_powered
                0x00000000080047d8       0x28 obj/Release/src/fueling/fueling_hw.o
                0x00000000080047d8                set_fuel_pump_powered
 .text.set_fuel_pump_unpowered
                0x0000000008004800       0x20 obj/Release/src/fueling/fueling_hw.o
                0x0000000008004800                set_fuel_pump_unpowered
 .text.set_injector1
                0x0000000008004820       0x30 obj/Release/src/fueling/fueling_hw.o
                0x0000000008004820                set_injector1
 .text.set_injector2
                0x0000000008004850       0x30 obj/Release/src/fueling/fueling_hw.o
                0x0000000008004850                set_injector2
 .text.set_fuel_pump
                0x0000000008004880        0xc obj/Release/src/fueling/fueling_hw.o
                0x0000000008004880                set_fuel_pump
 .text.init_fueling_hw
                0x000000000800488c       0x5c obj/Release/src/fueling/fueling_hw.o
                0x000000000800488c                init_fueling_hw
 .text.update_injector_deadtime
                0x00000000080048e8       0x50 obj/Release/src/fueling/injector_parameters.o
                0x00000000080048e8                update_injector_deadtime
 .text.update_injector_intervals_sequential
                0x0000000008004938       0xf8 obj/Release/src/fueling/injector_parameters.o
                0x0000000008004938                update_injector_intervals_sequential
 .text.update_injector_intervals_batch
                0x0000000008004a30       0xf4 obj/Release/src/fueling/injector_parameters.o
                0x0000000008004a30                update_injector_intervals_batch
 .text.update_injection_begin_batch
                0x0000000008004b24       0x34 obj/Release/src/fueling/injector_parameters.o
                0x0000000008004b24                update_injection_begin_batch
 .text.update_injection_begin_sequential
                0x0000000008004b58       0xf0 obj/Release/src/fueling/injector_parameters.o
                0x0000000008004b58                update_injection_begin_sequential
 .text.init_Fueling
                0x0000000008004c48       0x64 obj/Release/src/fueling/Tuareg_fueling.o
                0x0000000008004c48                init_Fueling
 .text.Tuareg_fueling_update_crankpos_handler
                0x0000000008004cac      0x198 obj/Release/src/fueling/Tuareg_fueling.o
                0x0000000008004cac                Tuareg_fueling_update_crankpos_handler
 .text.invalid_fueling_controls
                0x0000000008004e44       0x48 obj/Release/src/fueling/Tuareg_fueling_controls.o
                0x0000000008004e44                invalid_fueling_controls
 .text.update_air_flow
                0x0000000008004e8c       0x94 obj/Release/src/fueling/Tuareg_fueling_controls.o
                0x0000000008004e8c                update_air_flow
 .text.update_AFR_target
                0x0000000008004f20       0x78 obj/Release/src/fueling/Tuareg_fueling_controls.o
                0x0000000008004f20                update_AFR_target
 .text.update_fuel_mass_cranking
                0x0000000008004f98       0x74 obj/Release/src/fueling/Tuareg_fueling_controls.o
                0x0000000008004f98                update_fuel_mass_cranking
 .text.update_base_fuel_mass
                0x000000000800500c       0x48 obj/Release/src/fueling/Tuareg_fueling_controls.o
                0x000000000800500c                update_base_fuel_mass
 .text.update_target_fuel_mass
                0x0000000008005054      0x110 obj/Release/src/fueling/Tuareg_fueling_controls.o
                0x0000000008005054                update_target_fuel_mass
 .text.Tuareg_update_fueling_controls
                0x0000000008005164      0x234 obj/Release/src/fueling/Tuareg_fueling_controls.o
                0x0000000008005164                Tuareg_update_fueling_controls
 .text.load_Ignition_Config
                0x0000000008005398       0x40 obj/Release/src/ignition/ignition_config.o
                0x0000000008005398                load_Ignition_Config
 .text.load_essential_Ignition_Config
                0x00000000080053d8        0x2 obj/Release/src/ignition/ignition_config.o
                0x00000000080053d8                load_essential_Ignition_Config
 *fill*         0x00000000080053da        0x2 
 .text.store_Ignition_Setup
                0x00000000080053dc       0x10 obj/Release/src/ignition/ignition_config.o
                0x00000000080053dc                store_Ignition_Setup
 .text.show_Ignition_Setup
                0x00000000080053ec      0x17c obj/Release/src/ignition/ignition_config.o
                0x00000000080053ec                show_Ignition_Setup
 .text.modify_Ignition_Setup
                0x0000000008005568       0x18 obj/Release/src/ignition/ignition_config.o
                0x0000000008005568                modify_Ignition_Setup
 .text.send_Ignition_Setup
                0x0000000008005580        0xc obj/Release/src/ignition/ignition_config.o
                0x0000000008005580                send_Ignition_Setup
 .text.store_ignAdvTable_TPS
                0x000000000800558c       0x10 obj/Release/src/ignition/ignition_config.o
                0x000000000800558c                store_ignAdvTable_TPS
 .text.show_ignAdvTable_TPS
                0x000000000800559c       0x20 obj/Release/src/ignition/ignition_config.o
                0x000000000800559c                show_ignAdvTable_TPS
 .text.modify_ignAdvTable_TPS
                0x00000000080055bc       0x10 obj/Release/src/ignition/ignition_config.o
                0x00000000080055bc                modify_ignAdvTable_TPS
 .text.send_ignAdvTable_TPS
                0x00000000080055cc        0xc obj/Release/src/ignition/ignition_config.o
                0x00000000080055cc                send_ignAdvTable_TPS
 .text.getValue_ignAdvTable_TPS
                0x00000000080055d8       0x20 obj/Release/src/ignition/ignition_config.o
                0x00000000080055d8                getValue_ignAdvTable_TPS
 .text.store_ignDwellTable
                0x00000000080055f8       0x10 obj/Release/src/ignition/ignition_config.o
                0x00000000080055f8                store_ignDwellTable
 .text.show_ignDwellTable
                0x0000000008005608       0x20 obj/Release/src/ignition/ignition_config.o
                0x0000000008005608                show_ignDwellTable
 .text.modify_ignDwellTable
                0x0000000008005628       0x10 obj/Release/src/ignition/ignition_config.o
                0x0000000008005628                modify_ignDwellTable
 .text.send_ignDwellTable
                0x0000000008005638        0xc obj/Release/src/ignition/ignition_config.o
                0x0000000008005638                send_ignDwellTable
 .text.getValue_ignDwellTable
                0x0000000008005644       0x24 obj/Release/src/ignition/ignition_config.o
                0x0000000008005644                getValue_ignDwellTable
 .text.ignition_diag_log_event
                0x0000000008005668       0x28 obj/Release/src/ignition/ignition_diag.o
                0x0000000008005668                ignition_diag_log_event
 .text.print_ignition_diag
                0x0000000008005690       0x68 obj/Release/src/ignition/ignition_diag.o
                0x0000000008005690                print_ignition_diag
 .text.set_coil1_powered
                0x00000000080056f8       0x28 obj/Release/src/ignition/ignition_hw.o
                0x00000000080056f8                set_coil1_powered
 .text.set_coil1_unpowered
                0x0000000008005720       0x20 obj/Release/src/ignition/ignition_hw.o
                0x0000000008005720                set_coil1_unpowered
 .text.set_coil2_powered
                0x0000000008005740       0x28 obj/Release/src/ignition/ignition_hw.o
                0x0000000008005740                set_coil2_powered
 .text.set_coil2_unpowered
                0x0000000008005768       0x20 obj/Release/src/ignition/ignition_hw.o
                0x0000000008005768                set_coil2_unpowered
 .text.set_ignition_ch1
                0x0000000008005788       0x30 obj/Release/src/ignition/ignition_hw.o
                0x0000000008005788                set_ignition_ch1
 .text.set_ignition_ch2
                0x00000000080057b8       0x30 obj/Release/src/ignition/ignition_hw.o
                0x00000000080057b8                set_ignition_ch2
 .text.init_ignition_hw
                0x00000000080057e8       0x3c obj/Release/src/ignition/ignition_hw.o
                0x00000000080057e8                init_ignition_hw
 .text.init_Ignition
                0x0000000008005824       0x68 obj/Release/src/ignition/Tuareg_ignition.o
                0x0000000008005824                init_Ignition
 .text.Tuareg_ignition_update_crankpos_handler
                0x000000000800588c      0x154 obj/Release/src/ignition/Tuareg_ignition.o
                0x000000000800588c                Tuareg_ignition_update_crankpos_handler
 .text.default_ignition_controls
                0x00000000080059e0       0x24 obj/Release/src/ignition/Tuareg_ignition_controls.o
                0x00000000080059e0                default_ignition_controls
 .text.revlimiter_ignition_controls
                0x0000000008005a04       0x1c obj/Release/src/ignition/Tuareg_ignition_controls.o
                0x0000000008005a04                revlimiter_ignition_controls
 .text.cranking_ignition_controls
                0x0000000008005a20       0x38 obj/Release/src/ignition/Tuareg_ignition_controls.o
                0x0000000008005a20                cranking_ignition_controls
 .text.dynamic_ignition_controls
                0x0000000008005a58      0x188 obj/Release/src/ignition/Tuareg_ignition_controls.o
                0x0000000008005a58                dynamic_ignition_controls
 .text.Tuareg_update_ignition_controls
                0x0000000008005be0       0xa8 obj/Release/src/ignition/Tuareg_ignition_controls.o
                0x0000000008005be0                Tuareg_update_ignition_controls
 .text.startup.main
                0x0000000008005c88       0x78 obj/Release/src/main/main.o
                0x0000000008005c88                main
 .text.EXTI2_IRQHandler
                0x0000000008005d00       0x5c obj/Release/src/main/main.o
                0x0000000008005d00                EXTI2_IRQHandler
 .text.Tuareg_load_config
                0x0000000008005d5c       0x7c obj/Release/src/main/Tuareg.o
                0x0000000008005d5c                Tuareg_load_config
 .text.Tuareg_Init
                0x0000000008005dd8       0xc0 obj/Release/src/main/Tuareg.o
                0x0000000008005dd8                Tuareg_Init
 .text.Tuareg_update_run_inhibit
                0x0000000008005e98      0x140 obj/Release/src/main/Tuareg.o
                0x0000000008005e98                Tuareg_update_run_inhibit
 .text.Tuareg_update_limited_op
                0x0000000008005fd8       0x38 obj/Release/src/main/Tuareg.o
                0x0000000008005fd8                Tuareg_update_limited_op
 .text.Tuareg_update_rev_limiter
                0x0000000008006010       0x60 obj/Release/src/main/Tuareg.o
                0x0000000008006010                Tuareg_update_rev_limiter
 .text.Tuareg_update_standby
                0x0000000008006070       0xcc obj/Release/src/main/Tuareg.o
                0x0000000008006070                Tuareg_update_standby
 .text.Tuareg_update_fuel_pump_control
                0x000000000800613c       0x54 obj/Release/src/main/Tuareg.o
                0x000000000800613c                Tuareg_update_fuel_pump_control
 .text.Tuareg_deactivate_vital_actors
                0x0000000008006190       0x50 obj/Release/src/main/Tuareg.o
                0x0000000008006190                Tuareg_deactivate_vital_actors
 .text.Tuareg_update
                0x00000000080061e0       0x58 obj/Release/src/main/Tuareg.o
                0x00000000080061e0                Tuareg_update
 .text.Tuareg_update_trip
                0x0000000008006238       0x1c obj/Release/src/main/Tuareg.o
                0x0000000008006238                Tuareg_update_trip
 .text.Tuareg_update_consumption_data
                0x0000000008006254       0x24 obj/Release/src/main/Tuareg.o
                0x0000000008006254                Tuareg_update_consumption_data
 .text.load_Tuareg_Setup
                0x0000000008006278       0x10 obj/Release/src/main/Tuareg_config.o
                0x0000000008006278                load_Tuareg_Setup
 .text.load_essential_Tuareg_Setup
                0x0000000008006288       0xd0 obj/Release/src/main/Tuareg_config.o
                0x0000000008006288                load_essential_Tuareg_Setup
 .text.store_Tuareg_Setup
                0x0000000008006358       0x10 obj/Release/src/main/Tuareg_config.o
                0x0000000008006358                store_Tuareg_Setup
 .text.show_Tuareg_Setup
                0x0000000008006368      0x1ec obj/Release/src/main/Tuareg_config.o
                0x0000000008006368                show_Tuareg_Setup
 .text.modify_Tuareg_Setup
                0x0000000008006554       0x18 obj/Release/src/main/Tuareg_config.o
                0x0000000008006554                modify_Tuareg_Setup
 .text.send_Tuareg_Setup
                0x000000000800656c        0xc obj/Release/src/main/Tuareg_config.o
                0x000000000800656c                send_Tuareg_Setup
 .text.tuareg_diag_log_event
                0x0000000008006578       0x28 obj/Release/src/main/Tuareg_diag.o
                0x0000000008006578                tuareg_diag_log_event
 .text.print_tuareg_diag
                0x00000000080065a0       0x68 obj/Release/src/main/Tuareg_diag.o
                0x00000000080065a0                print_tuareg_diag
 .text.Fatal    0x0000000008006608       0x68 obj/Release/src/main/Tuareg_errors.o
                0x0000000008006608                Fatal
 .text.VitalAssert
                0x0000000008006670        0xe obj/Release/src/main/Tuareg_errors.o
                0x0000000008006670                VitalAssert
 *fill*         0x000000000800667e        0x2 
 .text.Limp     0x0000000008006680       0x44 obj/Release/src/main/Tuareg_errors.o
                0x0000000008006680                Limp
 .text.print_Tuareg_ID_label
                0x00000000080066c4       0x30 obj/Release/src/main/Tuareg_ID.o
                0x00000000080066c4                print_Tuareg_ID_label
 .text.Tuareg_update_process_data
                0x00000000080066f4      0x13c obj/Release/src/main/Tuareg_process_data.o
                0x00000000080066f4                Tuareg_update_process_data
 .text.request_service_mode
                0x0000000008006830       0x34 obj/Release/src/main/Tuareg_service_functions.o
                0x0000000008006830                request_service_mode
 .text.activate_fuel_pump
                0x0000000008006864       0x5c obj/Release/src/main/Tuareg_service_functions.o
                0x0000000008006864                activate_fuel_pump
 .text.deactivate_fuel_pump
                0x00000000080068c0       0x28 obj/Release/src/main/Tuareg_service_functions.o
                0x00000000080068c0                deactivate_fuel_pump
 .text.fuel_pump_periodic_update
                0x00000000080068e8       0x1c obj/Release/src/main/Tuareg_service_functions.o
                0x00000000080068e8                fuel_pump_periodic_update
 .text.activate_injector1
                0x0000000008006904       0x6c obj/Release/src/main/Tuareg_service_functions.o
                0x0000000008006904                activate_injector1
 .text.deactivate_injector1
                0x0000000008006970       0x2c obj/Release/src/main/Tuareg_service_functions.o
                0x0000000008006970                deactivate_injector1
 .text.injector1_periodic_update
                0x000000000800699c       0x54 obj/Release/src/main/Tuareg_service_functions.o
                0x000000000800699c                injector1_periodic_update
 .text.activate_injector2
                0x00000000080069f0       0x6c obj/Release/src/main/Tuareg_service_functions.o
                0x00000000080069f0                activate_injector2
 .text.deactivate_injector2
                0x0000000008006a5c       0x2c obj/Release/src/main/Tuareg_service_functions.o
                0x0000000008006a5c                deactivate_injector2
 .text.injector2_periodic_update
                0x0000000008006a88       0x54 obj/Release/src/main/Tuareg_service_functions.o
                0x0000000008006a88                injector2_periodic_update
 .text.activate_coil1
                0x0000000008006adc       0x8c obj/Release/src/main/Tuareg_service_functions.o
                0x0000000008006adc                activate_coil1
 .text.deactivate_coil1
                0x0000000008006b68       0x2c obj/Release/src/main/Tuareg_service_functions.o
                0x0000000008006b68                deactivate_coil1
 .text.coil1_periodic_update
                0x0000000008006b94       0x54 obj/Release/src/main/Tuareg_service_functions.o
                0x0000000008006b94                coil1_periodic_update
 .text.activate_coil2
                0x0000000008006be8       0x8c obj/Release/src/main/Tuareg_service_functions.o
                0x0000000008006be8                activate_coil2
 .text.deactivate_coil2
                0x0000000008006c74       0x2c obj/Release/src/main/Tuareg_service_functions.o
                0x0000000008006c74                deactivate_coil2
 .text.request_service_activation
                0x0000000008006ca0       0x94 obj/Release/src/main/Tuareg_service_functions.o
                0x0000000008006ca0                request_service_activation
 .text.coil2_periodic_update
                0x0000000008006d34       0x54 obj/Release/src/main/Tuareg_service_functions.o
                0x0000000008006d34                coil2_periodic_update
 .text.service_functions_periodic_update
                0x0000000008006d88       0x40 obj/Release/src/main/Tuareg_service_functions.o
                0x0000000008006d88                service_functions_periodic_update
 .text.update_process_table
                0x0000000008006dc8       0xc0 obj/Release/src/process_table/process_table.o
                0x0000000008006dc8                update_process_table
 .text.get_position_from_index
                0x0000000008006e88       0x5c obj/Release/src/process_table/process_table.o
                0x0000000008006e88                get_position_from_index
 .text.get_index_from_position
                0x0000000008006ee4       0x38 obj/Release/src/process_table/process_table.o
                0x0000000008006ee4                get_index_from_position
 .text.find_process_position_before
                0x0000000008006f1c       0x4c obj/Release/src/process_table/process_table.o
                0x0000000008006f1c                find_process_position_before
 .text.get_process_advance
                0x0000000008006f68       0x34 obj/Release/src/process_table/process_table.o
                0x0000000008006f68                get_process_advance
 .text.print_process_table
                0x0000000008006f9c       0x9c obj/Release/src/process_table/process_table.o
                0x0000000008006f9c                print_process_table
 .text.sensors_start_regular_group_conversion
                0x0000000008007038        0xc obj/Release/src/sensors/analog_sensors.o
                0x0000000008007038                sensors_start_regular_group_conversion
 .text.sensors_start_injected_group_conversion
                0x0000000008007044        0xc obj/Release/src/sensors/analog_sensors.o
                0x0000000008007044                sensors_start_injected_group_conversion
 .text.init_analog_sensors
                0x0000000008007050      0x2d8 obj/Release/src/sensors/analog_sensors.o
                0x0000000008007050                init_analog_sensors
 .text.update_analog_sensor
                0x0000000008007328       0xdc obj/Release/src/sensors/analog_sensors.o
                0x0000000008007328                update_analog_sensor
 .text.ADC_IRQHandler
                0x0000000008007404       0x6c obj/Release/src/sensors/analog_sensors.o
                0x0000000008007404                ADC_IRQHandler
 .text.DMA2_Stream0_IRQHandler
                0x0000000008007470       0x9c obj/Release/src/sensors/analog_sensors.o
                0x0000000008007470                DMA2_Stream0_IRQHandler
 .text.reset_dsensor_integrator
                0x000000000800750c       0x2c obj/Release/src/sensors/digital_sensors.o
                0x000000000800750c                reset_dsensor_integrator
 .text.init_digital_sensors
                0x0000000008007538       0x88 obj/Release/src/sensors/digital_sensors.o
                0x0000000008007538                init_digital_sensors
 .text.read_dsensors
                0x00000000080075c0       0x64 obj/Release/src/sensors/digital_sensors.o
                0x00000000080075c0                read_dsensors
 .text.update_digital_sensors
                0x0000000008007624       0x6c obj/Release/src/sensors/digital_sensors.o
                0x0000000008007624                update_digital_sensors
 .text.load_Sensor_Calibration
                0x0000000008007690       0x2c obj/Release/src/sensors/sensor_calibration.o
                0x0000000008007690                load_Sensor_Calibration
 .text.store_Sensor_Calibration
                0x00000000080076bc       0x10 obj/Release/src/sensors/sensor_calibration.o
                0x00000000080076bc                store_Sensor_Calibration
 .text.show_Sensor_Calibration
                0x00000000080076cc       0x30 obj/Release/src/sensors/sensor_calibration.o
                0x00000000080076cc                show_Sensor_Calibration
 .text.modify_Sensor_Calibration
                0x00000000080076fc       0x18 obj/Release/src/sensors/sensor_calibration.o
                0x00000000080076fc                modify_Sensor_Calibration
 .text.send_Sensor_Calibration
                0x0000000008007714        0xc obj/Release/src/sensors/sensor_calibration.o
                0x0000000008007714                send_Sensor_Calibration
 .text.store_InvTableCLT
                0x0000000008007720       0x10 obj/Release/src/sensors/sensor_calibration.o
                0x0000000008007720                store_InvTableCLT
 .text.show_InvTableCLT
                0x0000000008007730       0x20 obj/Release/src/sensors/sensor_calibration.o
                0x0000000008007730                show_InvTableCLT
 .text.modify_InvTableCLT
                0x0000000008007750       0x10 obj/Release/src/sensors/sensor_calibration.o
                0x0000000008007750                modify_InvTableCLT
 .text.send_InvTableCLT
                0x0000000008007760        0xc obj/Release/src/sensors/sensor_calibration.o
                0x0000000008007760                send_InvTableCLT
 .text.getValue_InvTableCLT
                0x000000000800776c       0x1c obj/Release/src/sensors/sensor_calibration.o
                0x000000000800776c                getValue_InvTableCLT
 .text.sensors_diag_log_event
                0x0000000008007788       0x28 obj/Release/src/sensors/sensors_diag.o
                0x0000000008007788                sensors_diag_log_event
 .text.print_sensors_diag
                0x00000000080077b0       0x68 obj/Release/src/sensors/sensors_diag.o
                0x00000000080077b0                print_sensors_diag
 .text.Tuareg_update_MAP_sensor
                0x0000000008007818       0x5c obj/Release/src/sensors/Tuareg_sensors.o
                0x0000000008007818                Tuareg_update_MAP_sensor
 .text.Tuareg_update_O2_sensor
                0x0000000008007874       0x54 obj/Release/src/sensors/Tuareg_sensors.o
                0x0000000008007874                Tuareg_update_O2_sensor
 .text.Tuareg_update_TPS_sensor
                0x00000000080078c8       0x54 obj/Release/src/sensors/Tuareg_sensors.o
                0x00000000080078c8                Tuareg_update_TPS_sensor
 .text.Tuareg_update_IAT_sensor
                0x000000000800791c       0x64 obj/Release/src/sensors/Tuareg_sensors.o
                0x000000000800791c                Tuareg_update_IAT_sensor
 .text.Tuareg_update_CLT_sensor
                0x0000000008007980       0x68 obj/Release/src/sensors/Tuareg_sensors.o
                0x0000000008007980                Tuareg_update_CLT_sensor
 .text.Tuareg_update_VBAT_sensor
                0x00000000080079e8       0x58 obj/Release/src/sensors/Tuareg_sensors.o
                0x00000000080079e8                Tuareg_update_VBAT_sensor
 .text.Tuareg_update_KNOCK_sensor
                0x0000000008007a40       0x58 obj/Release/src/sensors/Tuareg_sensors.o
                0x0000000008007a40                Tuareg_update_KNOCK_sensor
 .text.Tuareg_update_BARO_sensor
                0x0000000008007a98       0x5c obj/Release/src/sensors/Tuareg_sensors.o
                0x0000000008007a98                Tuareg_update_BARO_sensor
 .text.Tuareg_update_GEAR_sensor
                0x0000000008007af4       0x74 obj/Release/src/sensors/Tuareg_sensors.o
                0x0000000008007af4                Tuareg_update_GEAR_sensor
 .text.init_Sensors
                0x0000000008007b68       0xf0 obj/Release/src/sensors/Tuareg_sensors.o
                0x0000000008007b68                init_Sensors
 .text.adc_set_regular_group
                0x0000000008007c58       0x6e obj/Release/src/stm32_libs/stm32f4xx/boctok/stm32f4xx_adc_boctok.o
                0x0000000008007c58                adc_set_regular_group
 .text.adc_set_regular_group_length
                0x0000000008007cc6       0x18 obj/Release/src/stm32_libs/stm32f4xx/boctok/stm32f4xx_adc_boctok.o
                0x0000000008007cc6                adc_set_regular_group_length
 .text.adc_set_sample_time
                0x0000000008007cde       0x3c obj/Release/src/stm32_libs/stm32f4xx/boctok/stm32f4xx_adc_boctok.o
                0x0000000008007cde                adc_set_sample_time
 .text.adc_start_regular_group
                0x0000000008007d1a        0xa obj/Release/src/stm32_libs/stm32f4xx/boctok/stm32f4xx_adc_boctok.o
                0x0000000008007d1a                adc_start_regular_group
 .text.adc_start_injected_group
                0x0000000008007d24        0xa obj/Release/src/stm32_libs/stm32f4xx/boctok/stm32f4xx_adc_boctok.o
                0x0000000008007d24                adc_start_injected_group
 *fill*         0x0000000008007d2e        0x2 
 .text.getScbDump
                0x0000000008007d30       0x24 obj/Release/src/stm32_libs/stm32f4xx/boctok/stm32f4xx_fault_handler_boctok.o
                0x0000000008007d30                getScbDump
 .text.getStackRegisters
                0x0000000008007d54       0x30 obj/Release/src/stm32_libs/stm32f4xx/boctok/stm32f4xx_fault_handler_boctok.o
                0x0000000008007d54                getStackRegisters
 .text.HardFault_Handler
                0x0000000008007d84       0x28 obj/Release/src/stm32_libs/stm32f4xx/boctok/stm32f4xx_fault_handler_boctok.o
                0x0000000008007d84                HardFault_Handler
 .text.NMI_Handler
                0x0000000008007dac       0x28 obj/Release/src/stm32_libs/stm32f4xx/boctok/stm32f4xx_fault_handler_boctok.o
                0x0000000008007dac                NMI_Handler
 .text.MemManage_Handler
                0x0000000008007dd4       0x28 obj/Release/src/stm32_libs/stm32f4xx/boctok/stm32f4xx_fault_handler_boctok.o
                0x0000000008007dd4                MemManage_Handler
 .text.BusFault_Handler
                0x0000000008007dfc       0x28 obj/Release/src/stm32_libs/stm32f4xx/boctok/stm32f4xx_fault_handler_boctok.o
                0x0000000008007dfc                BusFault_Handler
 .text.UsageFault_Handler
                0x0000000008007e24       0x28 obj/Release/src/stm32_libs/stm32f4xx/boctok/stm32f4xx_fault_handler_boctok.o
                0x0000000008007e24                UsageFault_Handler
 .text.SVC_Handler
                0x0000000008007e4c       0x28 obj/Release/src/stm32_libs/stm32f4xx/boctok/stm32f4xx_fault_handler_boctok.o
                0x0000000008007e4c                SVC_Handler
 .text.DebugMon_Handler
                0x0000000008007e74       0x28 obj/Release/src/stm32_libs/stm32f4xx/boctok/stm32f4xx_fault_handler_boctok.o
                0x0000000008007e74                DebugMon_Handler
 .text.PendSV_Handler
                0x0000000008007e9c       0x28 obj/Release/src/stm32_libs/stm32f4xx/boctok/stm32f4xx_fault_handler_boctok.o
                0x0000000008007e9c                PendSV_Handler
 .text.WWDG_IRQHandler
                0x0000000008007ec4       0x28 obj/Release/src/stm32_libs/stm32f4xx/boctok/stm32f4xx_fault_handler_boctok.o
                0x0000000008007ec4                WWDG_IRQHandler
 .text.FPU_IRQHandler
                0x0000000008007eec       0x28 obj/Release/src/stm32_libs/stm32f4xx/boctok/stm32f4xx_fault_handler_boctok.o
                0x0000000008007eec                FPU_IRQHandler
 .text.GPIO_configure
                0x0000000008007f14       0x6c obj/Release/src/stm32_libs/stm32f4xx/boctok/stm32f4xx_gpio_boctok.o
                0x0000000008007f14                GPIO_configure
 .text.SYSCFG_map_EXTI
                0x0000000008007f80       0x98 obj/Release/src/stm32_libs/stm32f4xx/boctok/stm32f4xx_gpio_boctok.o
                0x0000000008007f80                SYSCFG_map_EXTI
 .text.gpio_set_pin
                0x0000000008008018       0x36 obj/Release/src/stm32_libs/stm32f4xx/boctok/stm32f4xx_gpio_boctok.o
                0x0000000008008018                gpio_set_pin
 .text.GPIO_SetAF
                0x000000000800804e       0x44 obj/Release/src/stm32_libs/stm32f4xx/boctok/stm32f4xx_gpio_boctok.o
                0x000000000800804e                GPIO_SetAF
 *fill*         0x0000000008008092        0x2 
 .text.Reset_Handler
                0x0000000008008094       0x50 obj/Release/src/stm32_libs/stm32f4xx/cmsis/startup_stm32f410xx.o
                0x0000000008008094                Reset_Handler
 .text.Default_Handler
                0x00000000080080e4        0x2 obj/Release/src/stm32_libs/stm32f4xx/cmsis/startup_stm32f410xx.o
                0x00000000080080e4                RTC_Alarm_IRQHandler
                0x00000000080080e4                FMPI2C1_EV_IRQHandler
                0x00000000080080e4                TIM1_CC_IRQHandler
                0x00000000080080e4                DMA2_Stream5_IRQHandler
                0x00000000080080e4                DMA1_Stream5_IRQHandler
                0x00000000080080e4                PVD_IRQHandler
                0x00000000080080e4                TAMP_STAMP_IRQHandler
                0x00000000080080e4                EXTI3_IRQHandler
                0x00000000080080e4                I2C2_EV_IRQHandler
                0x00000000080080e4                DMA1_Stream2_IRQHandler
                0x00000000080080e4                DMA2_Stream2_IRQHandler
                0x00000000080080e4                SPI1_IRQHandler
                0x00000000080080e4                TIM6_DAC_IRQHandler
                0x00000000080080e4                DMA2_Stream3_IRQHandler
                0x00000000080080e4                USART6_IRQHandler
                0x00000000080080e4                I2C1_EV_IRQHandler
                0x00000000080080e4                DMA1_Stream6_IRQHandler
                0x00000000080080e4                DMA1_Stream1_IRQHandler
                0x00000000080080e4                RCC_IRQHandler
                0x00000000080080e4                Default_Handler
                0x00000000080080e4                EXTI15_10_IRQHandler
                0x00000000080080e4                DMA1_Stream7_IRQHandler
                0x00000000080080e4                SPI5_IRQHandler
                0x00000000080080e4                DMA2_Stream7_IRQHandler
                0x00000000080080e4                EXTI9_5_IRQHandler
                0x00000000080080e4                RTC_WKUP_IRQHandler
                0x00000000080080e4                SPI2_IRQHandler
                0x00000000080080e4                DMA1_Stream0_IRQHandler
                0x00000000080080e4                FMPI2C1_ER_IRQHandler
                0x00000000080080e4                EXTI4_IRQHandler
                0x00000000080080e4                RNG_IRQHandler
                0x00000000080080e4                TIM1_UP_IRQHandler
                0x00000000080080e4                TIM1_TRG_COM_TIM11_IRQHandler
                0x00000000080080e4                USART2_IRQHandler
                0x00000000080080e4                I2C2_ER_IRQHandler
                0x00000000080080e4                DMA2_Stream1_IRQHandler
                0x00000000080080e4                FLASH_IRQHandler
                0x00000000080080e4                DMA2_Stream4_IRQHandler
                0x00000000080080e4                DMA1_Stream4_IRQHandler
                0x00000000080080e4                I2C1_ER_IRQHandler
                0x00000000080080e4                LPTIM1_IRQHandler
                0x00000000080080e4                DMA2_Stream6_IRQHandler
                0x00000000080080e4                DMA1_Stream3_IRQHandler
 .text._init    0x00000000080080e6        0x2 obj/Release/src/stm32_libs/stm32f4xx/cmsis/system_hse100_stm32f410.o
                0x00000000080080e6                _init
 .text.SystemInit
                0x00000000080080e8       0xf0 obj/Release/src/stm32_libs/stm32f4xx/cmsis/system_hse100_stm32f410.o
                0x00000000080080e8                SystemInit
 .text.NVIC_PriorityGroupConfig
                0x00000000080081d8       0x14 obj/Release/src/stm32_libs/stm32f4xx/spl/misc.o
                0x00000000080081d8                NVIC_PriorityGroupConfig
 .text.DMA_Init
                0x00000000080081ec       0x54 obj/Release/src/stm32_libs/stm32f4xx/spl/stm32f4xx_dma.o
                0x00000000080081ec                DMA_Init
 .text.DMA_StructInit
                0x0000000008008240       0x22 obj/Release/src/stm32_libs/stm32f4xx/spl/stm32f4xx_dma.o
                0x0000000008008240                DMA_StructInit
 *fill*         0x0000000008008262        0x2 
 .text.I2C_Init
                0x0000000008008264       0xc8 obj/Release/src/stm32_libs/stm32f4xx/spl/stm32f4xx_i2c.o
                0x0000000008008264                I2C_Init
 .text.I2C_Cmd  0x000000000800832c       0x16 obj/Release/src/stm32_libs/stm32f4xx/spl/stm32f4xx_i2c.o
                0x000000000800832c                I2C_Cmd
 .text.I2C_GenerateSTART
                0x0000000008008342       0x16 obj/Release/src/stm32_libs/stm32f4xx/spl/stm32f4xx_i2c.o
                0x0000000008008342                I2C_GenerateSTART
 .text.I2C_GenerateSTOP
                0x0000000008008358       0x16 obj/Release/src/stm32_libs/stm32f4xx/spl/stm32f4xx_i2c.o
                0x0000000008008358                I2C_GenerateSTOP
 .text.I2C_Send7bitAddress
                0x000000000800836e       0x12 obj/Release/src/stm32_libs/stm32f4xx/spl/stm32f4xx_i2c.o
                0x000000000800836e                I2C_Send7bitAddress
 .text.I2C_AcknowledgeConfig
                0x0000000008008380       0x16 obj/Release/src/stm32_libs/stm32f4xx/spl/stm32f4xx_i2c.o
                0x0000000008008380                I2C_AcknowledgeConfig
 .text.I2C_SendData
                0x0000000008008396        0x4 obj/Release/src/stm32_libs/stm32f4xx/spl/stm32f4xx_i2c.o
                0x0000000008008396                I2C_SendData
 .text.I2C_ReceiveData
                0x000000000800839a        0x6 obj/Release/src/stm32_libs/stm32f4xx/spl/stm32f4xx_i2c.o
                0x000000000800839a                I2C_ReceiveData
 .text.I2C_CheckEvent
                0x00000000080083a0       0x16 obj/Release/src/stm32_libs/stm32f4xx/spl/stm32f4xx_i2c.o
                0x00000000080083a0                I2C_CheckEvent
 .text.I2C_GetFlagStatus
                0x00000000080083b6       0x34 obj/Release/src/stm32_libs/stm32f4xx/spl/stm32f4xx_i2c.o
                0x00000000080083b6                I2C_GetFlagStatus
 .text.I2C_ClearFlag
                0x00000000080083ea        0x8 obj/Release/src/stm32_libs/stm32f4xx/spl/stm32f4xx_i2c.o
                0x00000000080083ea                I2C_ClearFlag
 *fill*         0x00000000080083f2        0x2 
 .text.RCC_GetClocksFreq
                0x00000000080083f4       0x88 obj/Release/src/stm32_libs/stm32f4xx/spl/stm32f4xx_rcc.o
                0x00000000080083f4                RCC_GetClocksFreq
 .text.USART_Init
                0x000000000800847c       0xb0 obj/Release/src/stm32_libs/stm32f4xx/spl/stm32f4xx_usart.o
                0x000000000800847c                USART_Init
 .text.USART_Cmd
                0x000000000800852c       0x16 obj/Release/src/stm32_libs/stm32f4xx/spl/stm32f4xx_usart.o
                0x000000000800852c                USART_Cmd
 .text.USART_ReceiveData
                0x0000000008008542        0x8 obj/Release/src/stm32_libs/stm32f4xx/spl/stm32f4xx_usart.o
                0x0000000008008542                USART_ReceiveData
 .text.USART_ITConfig
                0x000000000800854a       0x32 obj/Release/src/stm32_libs/stm32f4xx/spl/stm32f4xx_usart.o
                0x000000000800854a                USART_ITConfig
 .text.Eeprom_init
                0x000000000800857c       0xa0 obj/Release/src/storage/eeprom.o
                0x000000000800857c                Eeprom_init
 .text.eeprom_wait
                0x000000000800861c       0xb0 obj/Release/src/storage/eeprom.o
                0x000000000800861c                eeprom_wait
 .text.eeprom_write_byte
                0x00000000080086cc      0x104 obj/Release/src/storage/eeprom.o
                0x00000000080086cc                eeprom_write_byte
 .text.eeprom_read_byte
                0x00000000080087d0      0x188 obj/Release/src/storage/eeprom.o
                0x00000000080087d0                eeprom_read_byte
 .text.eeprom_update_byte
                0x0000000008008958       0x58 obj/Release/src/storage/eeprom.o
                0x0000000008008958                eeprom_update_byte
 .text.Eeprom_load_data
                0x00000000080089b0       0x40 obj/Release/src/storage/eeprom.o
                0x00000000080089b0                Eeprom_load_data
 .text.Eeprom_update_data
                0x00000000080089f0       0x38 obj/Release/src/storage/eeprom.o
                0x00000000080089f0                Eeprom_update_data
 .text.getValue_t2D
                0x0000000008008a28       0xb8 obj/Release/src/storage/table.o
                0x0000000008008a28                getValue_t2D
 .text.getValue_t3D
                0x0000000008008ae0      0x2c6 obj/Release/src/storage/table.o
                0x0000000008008ae0                getValue_t3D
 .text.load_t2D_data
                0x0000000008008da6        0xc obj/Release/src/storage/table.o
                0x0000000008008da6                load_t2D_data
 .text.load_t2D
                0x0000000008008db2        0xe obj/Release/src/storage/table.o
                0x0000000008008db2                load_t2D
 .text.load_t3D_data
                0x0000000008008dc0        0xe obj/Release/src/storage/table.o
                0x0000000008008dc0                load_t3D_data
 .text.store_t2D_data
                0x0000000008008dce        0xc obj/Release/src/storage/table.o
                0x0000000008008dce                store_t2D_data
 .text.store_t2D
                0x0000000008008dda        0xe obj/Release/src/storage/table.o
                0x0000000008008dda                store_t2D
 .text.store_t3D_data
                0x0000000008008de8        0xe obj/Release/src/storage/table.o
                0x0000000008008de8                store_t3D_data
 *fill*         0x0000000008008df6        0x2 
 .text.show_t3D_data
                0x0000000008008df8       0xa4 obj/Release/src/storage/table.o
                0x0000000008008df8                show_t3D_data
 .text.show_t2D_data
                0x0000000008008e9c       0x60 obj/Release/src/storage/table.o
                0x0000000008008e9c                show_t2D_data
 .text.modify_t2D_data
                0x0000000008008efc        0xe obj/Release/src/storage/table.o
                0x0000000008008efc                modify_t2D_data
 .text.modify_t3D_data
                0x0000000008008f0a       0x10 obj/Release/src/storage/table.o
                0x0000000008008f0a                modify_t3D_data
 .text.send_t2D_data
                0x0000000008008f1a        0x6 obj/Release/src/storage/table.o
                0x0000000008008f1a                send_t2D_data
 .text.send_t3D_data
                0x0000000008008f20        0x8 obj/Release/src/storage/table.o
                0x0000000008008f20                send_t3D_data
 .text.allocate_timer_channel_1
                0x0000000008008f28       0x3c obj/Release/src/timing/scheduler.o
                0x0000000008008f28                allocate_timer_channel_1
 .text.reset_timer_channel_1
                0x0000000008008f64       0x30 obj/Release/src/timing/scheduler.o
                0x0000000008008f64                reset_timer_channel_1
 .text.allocate_timer_channel_2
                0x0000000008008f94       0x3c obj/Release/src/timing/scheduler.o
                0x0000000008008f94                allocate_timer_channel_2
 .text.reset_timer_channel_2
                0x0000000008008fd0       0x30 obj/Release/src/timing/scheduler.o
                0x0000000008008fd0                reset_timer_channel_2
 .text.allocate_timer_channel_3
                0x0000000008009000       0x3c obj/Release/src/timing/scheduler.o
                0x0000000008009000                allocate_timer_channel_3
 .text.reset_timer_channel_3
                0x000000000800903c       0x30 obj/Release/src/timing/scheduler.o
                0x000000000800903c                reset_timer_channel_3
 .text.allocate_timer_channel_4
                0x000000000800906c       0x3c obj/Release/src/timing/scheduler.o
                0x000000000800906c                allocate_timer_channel_4
 .text.reset_timer_channel_4
                0x00000000080090a8       0x30 obj/Release/src/timing/scheduler.o
                0x00000000080090a8                reset_timer_channel_4
 .text.init_Vital_Scheduler
                0x00000000080090d8       0xd0 obj/Release/src/timing/scheduler.o
                0x00000000080090d8                init_Vital_Scheduler
 .text.scheduler_reset_channel
                0x00000000080091a8       0x44 obj/Release/src/timing/scheduler.o
                0x00000000080091a8                scheduler_reset_channel
 .text.allocate_channel
                0x00000000080091ec       0x8c obj/Release/src/timing/scheduler.o
                0x00000000080091ec                allocate_channel
 .text.scheduler_set_channel
                0x0000000008009278      0x108 obj/Release/src/timing/scheduler.o
                0x0000000008009278                scheduler_set_channel
 .text.TIM5_IRQHandler
                0x0000000008009380      0x128 obj/Release/src/timing/scheduler.o
                0x0000000008009380                TIM5_IRQHandler
 .text.scheduler_diag_log_event
                0x00000000080094a8       0x28 obj/Release/src/timing/scheduler_diag.o
                0x00000000080094a8                scheduler_diag_log_event
 .text.print_scheduler_diag
                0x00000000080094d0       0x68 obj/Release/src/timing/scheduler_diag.o
                0x00000000080094d0                print_scheduler_diag
 .text.init_systick_timer
                0x0000000008009538       0x24 obj/Release/src/timing/systick_timer.o
                0x0000000008009538                init_systick_timer
 .text.get_timestamp_fraction_us
                0x000000000800955c       0x24 obj/Release/src/timing/systick_timer.o
                0x000000000800955c                get_timestamp_fraction_us
 .text.SysTick_Handler
                0x0000000008009580       0xf4 obj/Release/src/timing/systick_timer.o
                0x0000000008009580                SysTick_Handler
 .text.calc_rot_duration_us
                0x0000000008009674        0xc obj/Release/src/utils/base_calc.o
                0x0000000008009674                calc_rot_duration_us
 .text.calc_rot_angle_deg
                0x0000000008009680       0x20 obj/Release/src/utils/base_calc.o
                0x0000000008009680                calc_rot_angle_deg
 .text.calc_rpm
                0x00000000080096a0       0x20 obj/Release/src/utils/base_calc.o
                0x00000000080096a0                calc_rpm
 .text.sub_VU32
                0x00000000080096c0       0x14 obj/Release/src/utils/base_calc.o
                0x00000000080096c0                sub_VU32
 .text.subtract_U32
                0x00000000080096d4        0xa obj/Release/src/utils/base_calc.o
                0x00000000080096d4                subtract_U32
 .text.divide_U32
                0x00000000080096de       0x18 obj/Release/src/utils/base_calc.o
                0x00000000080096de                divide_U32
 *fill*         0x00000000080096f6        0x2 
 .text.divide_F32
                0x00000000080096f8       0x2c obj/Release/src/utils/base_calc.o
                0x00000000080096f8                divide_F32
 .text.divide_float
                0x0000000008009724       0x28 obj/Release/src/utils/base_calc.o
                0x0000000008009724                divide_float
 .text.crank_position_after
                0x000000000800974c       0x14 obj/Release/src/utils/base_calc.o
                0x000000000800974c                crank_position_after
 .text.opposite_phase
                0x0000000008009760       0x10 obj/Release/src/utils/base_calc.o
                0x0000000008009760                opposite_phase
 .text.solve_linear
                0x0000000008009770       0x48 obj/Release/src/utils/base_calc.o
                0x0000000008009770                solve_linear
 .text.calc_ema
                0x00000000080097b8       0x42 obj/Release/src/utils/base_calc.o
                0x00000000080097b8                calc_ema
 *fill*         0x00000000080097fa        0x2 
 .text.calc_derivative_s
                0x00000000080097fc       0x44 obj/Release/src/utils/base_calc.o
                0x00000000080097fc                calc_derivative_s
 .text.getBit_BF8
                0x0000000008009840       0x26 obj/Release/src/utils/bitfields.o
                0x0000000008009840                getBit_BF8
 *fill*         0x0000000008009866        0x2 
 .text.__libc_init_array
                0x0000000008009868       0x48 /opt/gcc-arm-none-eabi-7-2017-q4-major/bin/../lib/gcc/arm-none-eabi/7.2.1/../../../../arm-none-eabi/lib/thumb/v7e-m/fpv4-sp/hard/libc.a(lib_a-init.o)
                0x0000000008009868                __libc_init_array
 *(.rodata)
 .rodata        0x00000000080098b0      0x208 obj/Release/src/decoder/decoder_diag.o
                0x00000000080098b0                decoder_diag_legend
 .rodata        0x0000000008009ab8      0x348 obj/Release/src/fueling/fueling_diag.o
                0x0000000008009ab8                fueling_diag_legend
 .rodata        0x0000000008009e00      0x1a4 obj/Release/src/ignition/ignition_diag.o
                0x0000000008009e00                ignition_diag_legend
 .rodata        0x0000000008009fa4       0x17 obj/Release/src/main/Tuareg.o
                0x0000000008009fa4                Tuareg_Version
 .rodata        0x0000000008009fbb      0x258 obj/Release/src/main/Tuareg_diag.o
                0x0000000008009fbb                tuareg_diag_legend
 .rodata        0x000000000800a213      0x5be obj/Release/src/main/Tuareg_ID.o
                0x000000000800a213                Tuareg_ID_labels
 .rodata        0x000000000800a7d1       0x7d obj/Release/src/sensors/sensors_diag.o
                0x000000000800a7d1                sensors_diag_legend