Archive member included to satisfy reference by file (symbol)

/opt/gcc-arm-none-eabi-7-2017-q4-major/bin/../lib/gcc/arm-none-eabi/7.2.1/../../../../arm-none-eabi/lib/thumb/v7e-m/fpv4-sp/hard/libc.a(lib_a-init.o)
                              obj/Release/src/stm32_libs/stm32f4xx/cmsis/startup_stm32f410xx.o (__libc_init_array)

Discarded input sections

 .text          0x0000000000000000        0x0 obj/Release/src/actors/act_hw.o
 .data          0x0000000000000000        0x0 obj/Release/src/actors/act_hw.o
 .bss           0x0000000000000000        0x0 obj/Release/src/actors/act_hw.o
 .text.set_act1
                0x0000000000000000       0x20 obj/Release/src/actors/act_hw.o
 .text.set_act2
                0x0000000000000000       0x20 obj/Release/src/actors/act_hw.o
 .text.init_act_hw
                0x0000000000000000       0x4c obj/Release/src/actors/act_hw.o
 .comment       0x0000000000000000       0x7f obj/Release/src/actors/act_hw.o
 .ARM.attributes
                0x0000000000000000       0x39 obj/Release/src/actors/act_hw.o
 .text          0x0000000000000000        0x0 obj/Release/src/actors/act_logic.o
 .data          0x0000000000000000        0x0 obj/Release/src/actors/act_logic.o
 .bss           0x0000000000000000        0x0 obj/Release/src/actors/act_logic.o
 .text.init_act_logic
                0x0000000000000000        0x2 obj/Release/src/actors/act_logic.o
 .comment       0x0000000000000000       0x7f obj/Release/src/actors/act_logic.o
 .ARM.attributes
                0x0000000000000000       0x39 obj/Release/src/actors/act_logic.o
 .text          0x0000000000000000        0x0 obj/Release/src/com/serial_buffer.o
 .data          0x0000000000000000        0x0 obj/Release/src/com/serial_buffer.o
 .bss           0x0000000000000000        0x0 obj/Release/src/com/serial_buffer.o
 .text          0x0000000000000000        0x0 obj/Release/src/com/serial_monitor.o
 .data          0x0000000000000000        0x0 obj/Release/src/com/serial_monitor.o
 .bss           0x0000000000000000        0x0 obj/Release/src/com/serial_monitor.o
 .comment       0x0000000000000000       0x7f obj/Release/src/com/serial_monitor.o
 .ARM.attributes
                0x0000000000000000       0x39 obj/Release/src/com/serial_monitor.o
 .text          0x0000000000000000        0x0 obj/Release/src/com/Tuareg_console.o
 .data          0x0000000000000000        0x0 obj/Release/src/com/Tuareg_console.o
 .bss           0x0000000000000000        0x0 obj/Release/src/com/Tuareg_console.o
 .rodata.cTSmaxChunkLen
                0x0000000000000000        0x4 obj/Release/src/com/Tuareg_console.o
 .rodata.cTSmaxOffset
                0x0000000000000000        0x4 obj/Release/src/com/Tuareg_console.o
 .text          0x0000000000000000        0x0 obj/Release/src/com/TunerStudio.o
 .data          0x0000000000000000        0x0 obj/Release/src/com/TunerStudio.o
 .bss           0x0000000000000000        0x0 obj/Release/src/com/TunerStudio.o
 .text          0x0000000000000000        0x0 obj/Release/src/com/TunerStudio_outChannel.o
 .data          0x0000000000000000        0x0 obj/Release/src/com/TunerStudio_outChannel.o
 .bss           0x0000000000000000        0x0 obj/Release/src/com/TunerStudio_outChannel.o
 .rodata.cOut_size
                0x0000000000000000        0x4 obj/Release/src/com/TunerStudio_outChannel.o
 .rodata.pOut_data
                0x0000000000000000        0x4 obj/Release/src/com/TunerStudio_outChannel.o
 .text          0x0000000000000000        0x0 obj/Release/src/com/TunerStudio_service.o
 .data          0x0000000000000000        0x0 obj/Release/src/com/TunerStudio_service.o
 .bss           0x0000000000000000        0x0 obj/Release/src/com/TunerStudio_service.o
 .text          0x0000000000000000        0x0 obj/Release/src/com/uart.o
 .data          0x0000000000000000        0x0 obj/Release/src/com/uart.o
 .bss           0x0000000000000000        0x0 obj/Release/src/com/uart.o
 .text.UART_listen
                0x0000000000000000        0xa obj/Release/src/com/uart.o
 .text.UART_nolisten
                0x0000000000000000        0xa obj/Release/src/com/uart.o
 .text          0x0000000000000000        0x0 obj/Release/src/com/uart_printf.o
 .data          0x0000000000000000        0x0 obj/Release/src/com/uart_printf.o
 .bss           0x0000000000000000        0x0 obj/Release/src/com/uart_printf.o
 .text.printf_S
                0x0000000000000000       0x20 obj/Release/src/com/uart_printf.o
 .text.printf_U8
                0x0000000000000000       0x42 obj/Release/src/com/uart_printf.o
 .text.printf_U32hex
                0x0000000000000000       0x30 obj/Release/src/com/uart_printf.o
 .text          0x0000000000000000        0x0 obj/Release/src/dash/dash_hw.o
 .data          0x0000000000000000        0x0 obj/Release/src/dash/dash_hw.o
 .bss           0x0000000000000000        0x0 obj/Release/src/dash/dash_hw.o
 .text          0x0000000000000000        0x0 obj/Release/src/dash/Tuareg_dash.o
[...]
Memory Configuration

Name             Origin             Length             Attributes
FLASH            0x0000000008000000 0x0000000000020000 xr
RAM              0x0000000020000000 0x0000000000008000 xrw
MEMORY_B1        0x0000000060000000 0x0000000000000000 xr
*default*        0x0000000000000000 0xffffffffffffffff

Linker script and memory map

LOAD obj/Release/src/actors/act_hw.o
LOAD obj/Release/src/actors/act_logic.o
LOAD obj/Release/src/com/serial_buffer.o
LOAD obj/Release/src/com/serial_monitor.o
LOAD obj/Release/src/com/Tuareg_console.o
LOAD obj/Release/src/com/TunerStudio.o
LOAD obj/Release/src/com/TunerStudio_outChannel.o
LOAD obj/Release/src/com/TunerStudio_service.o
LOAD obj/Release/src/com/uart.o
LOAD obj/Release/src/com/uart_printf.o
LOAD obj/Release/src/dash/dash_hw.o
LOAD obj/Release/src/dash/Tuareg_dash.o
LOAD obj/Release/src/debug/debug.o
LOAD obj/Release/src/debug/debug_port_messages.o
LOAD obj/Release/src/debug/dwt.o
LOAD obj/Release/src/decoder/decoder_cis.o
LOAD obj/Release/src/decoder/decoder_config.o
LOAD obj/Release/src/decoder/decoder_debug.o
LOAD obj/Release/src/decoder/decoder_diag.o
LOAD obj/Release/src/decoder/decoder_hw.o
LOAD obj/Release/src/decoder/decoder_logic.o
LOAD obj/Release/src/decoder/Tuareg_decoder.o
LOAD obj/Release/src/diagnostics/diagnostics.o
LOAD obj/Release/src/diagnostics/fault_log.o
LOAD obj/Release/src/diagnostics/highspeed_loggers.o
LOAD obj/Release/src/diagnostics/syslog.o
LOAD obj/Release/src/fueling/accel_comp.o
LOAD obj/Release/src/fueling/fueling_config.o
LOAD obj/Release/src/fueling/fueling_corrections.o
LOAD obj/Release/src/fueling/fueling_diag.o
LOAD obj/Release/src/fueling/fueling_hw.o
LOAD obj/Release/src/fueling/injector_parameters.o
LOAD obj/Release/src/fueling/Tuareg_fueling.o
LOAD obj/Release/src/fueling/Tuareg_fueling_controls.o
LOAD obj/Release/src/ignition/ignition_config.o
LOAD obj/Release/src/ignition/ignition_diag.o
LOAD obj/Release/src/ignition/ignition_hw.o
LOAD obj/Release/src/ignition/Tuareg_ignition.o
LOAD obj/Release/src/ignition/Tuareg_ignition_controls.o
LOAD obj/Release/src/main/main.o
LOAD obj/Release/src/main/Tuareg.o
LOAD obj/Release/src/main/Tuareg_config.o
LOAD obj/Release/src/main/Tuareg_diag.o
LOAD obj/Release/src/main/Tuareg_errors.o
LOAD obj/Release/src/main/Tuareg_ID.o
LOAD obj/Release/src/main/Tuareg_process_data.o
LOAD obj/Release/src/main/Tuareg_service_functions.o
LOAD obj/Release/src/main/Tuareg_types.o
LOAD obj/Release/src/module_test/module_test.o
LOAD obj/Release/src/process_table/process_table.o
LOAD obj/Release/src/sensors/analog_sensors.o
LOAD obj/Release/src/sensors/digital_sensors.o
LOAD obj/Release/src/sensors/knock_sensor.o
LOAD obj/Release/src/sensors/sensor_calibration.o
LOAD obj/Release/src/sensors/sensors_diag.o
LOAD obj/Release/src/sensors/Tuareg_sensors.o
LOAD obj/Release/src/stm32_libs/stm32f4xx/boctok/stm32f4xx_adc_boctok.o
LOAD obj/Release/src/stm32_libs/stm32f4xx/boctok/stm32f4xx_fault_handler_boctok.o
LOAD obj/Release/src/stm32_libs/stm32f4xx/boctok/stm32f4xx_gpio_boctok.o
LOAD obj/Release/src/stm32_libs/stm32f4xx/cmsis/startup_stm32f410xx.o
LOAD obj/Release/src/stm32_libs/stm32f4xx/cmsis/system_hse100_stm32f410.o
LOAD obj/Release/src/stm32_libs/stm32f4xx/spl/misc.o
LOAD obj/Release/src/stm32_libs/stm32f4xx/spl/stm32f4xx_dma.o
LOAD obj/Release/src/stm32_libs/stm32f4xx/spl/stm32f4xx_i2c.o
LOAD obj/Release/src/stm32_libs/stm32f4xx/spl/stm32f4xx_rcc.o
LOAD obj/Release/src/stm32_libs/stm32f4xx/spl/stm32f4xx_usart.o
LOAD obj/Release/src/storage/eeprom.o
LOAD obj/Release/src/storage/table.o
LOAD obj/Release/src/timing/lowprio_scheduler.o
LOAD obj/Release/src/timing/scheduler.o
LOAD obj/Release/src/timing/scheduler_diag.o
LOAD obj/Release/src/timing/systick_timer.o
LOAD obj/Release/src/utils/base_calc.o
LOAD obj/Release/src/utils/bitfields.o
LOAD obj/Release/src/utils/conversion.o
                0x0000000020008000                _estack = 0x20008000
                0x0000000000000000                _Min_Heap_Size = 0x0
                0x0000000000000100                _Min_Stack_Size = 0x100

.isr_vector     0x0000000008000000      0x1c8
                0x0000000008000000                . = ALIGN (0x4)
 *(.isr_vector)
 .isr_vector    0x0000000008000000      0x1c8 obj/Release/src/stm32_libs/stm32f4xx/cmsis/startup_stm32f410xx.o
                0x0000000008000000                g_pfnVectors
                0x00000000080001c8                . = ALIGN (0x4)

.text           0x00000000080001c8     0xc130
                0x00000000080001c8                . = ALIGN (0x4)
 *(.text)
 *(.text*)
 .text.ComRx_Buffer_reset
                0x00000000080001c8       0x3c obj/Release/src/com/serial_buffer.o
                0x00000000080001c8                ComRx_Buffer_reset
 .text.ComRx_Buffer_avail
                0x0000000008000204        0xc obj/Release/src/com/serial_buffer.o
                0x0000000008000204                ComRx_Buffer_avail
 .text.ComRx_Buffer_push
                0x0000000008000210       0x50 obj/Release/src/com/serial_buffer.o
                0x0000000008000210                ComRx_Buffer_push
 .text.ComRx_Buffer_pull
                0x0000000008000260       0x44 obj/Release/src/com/serial_buffer.o
                0x0000000008000260                ComRx_Buffer_pull
 .text.ComRx_Buffer_pull_U16
                0x00000000080002a4       0x30 obj/Release/src/com/serial_buffer.o
                0x00000000080002a4                ComRx_Buffer_pull_U16
 .text.ComRx_Buffer_pull_U32
                0x00000000080002d4       0x56 obj/Release/src/com/serial_buffer.o
                0x00000000080002d4                ComRx_Buffer_pull_U32
 *fill*         0x000000000800032a        0x2 
 .text.cli_showPage
                0x000000000800032c       0xa0 obj/Release/src/com/Tuareg_console.o
                0x000000000800032c                cli_showPage
 .text.cli_setPermissions
                0x00000000080003cc      0x11c obj/Release/src/com/Tuareg_console.o
                0x00000000080003cc                cli_setPermissions
 .text.cli_show_help
                0x00000000080004e8       0x84 obj/Release/src/com/Tuareg_console.o
                0x00000000080004e8                cli_show_help
 .text.Tuareg_update_console
                0x000000000800056c      0x298 obj/Release/src/com/Tuareg_console.o
                0x000000000800056c                Tuareg_update_console
 .text.cli_cyclic_update
                0x0000000008000804       0x1c obj/Release/src/com/Tuareg_console.o
                0x0000000008000804                cli_cyclic_update
 .text.Tuareg_init_console
                0x0000000008000820       0x18 obj/Release/src/com/Tuareg_console.o
                0x0000000008000820                Tuareg_init_console
 .text.ts_readPage
                0x0000000008000838       0xac obj/Release/src/com/TunerStudio.o
                0x0000000008000838                ts_readPage
 .text.ts_valueWrite
                0x00000000080008e4      0x194 obj/Release/src/com/TunerStudio.o
                0x00000000080008e4                ts_valueWrite
 .text.ts_burnPage
                0x0000000008000a78       0xc4 obj/Release/src/com/TunerStudio.o
                0x0000000008000a78                ts_burnPage
 .text.ts_tuareg_bits
                0x0000000008000b3c      0x1d4 obj/Release/src/com/TunerStudio_outChannel.o
                0x0000000008000b3c                ts_tuareg_bits
 .text.ts_sendOutputChannels
                0x0000000008000d10      0x144 obj/Release/src/com/TunerStudio_outChannel.o
                0x0000000008000d10                ts_sendOutputChannels
 .text.ts_debug_features
                0x0000000008000e54       0xc4 obj/Release/src/com/TunerStudio_service.o
                0x0000000008000e54                ts_debug_features
 .text.cli_show_debug_help
                0x0000000008000f18       0xb4 obj/Release/src/com/TunerStudio_service.o
                0x0000000008000f18                cli_show_debug_help
 .text.cli_show_process_data
                0x0000000008000fcc      0x114 obj/Release/src/com/TunerStudio_service.o
                0x0000000008000fcc                cli_show_process_data
 .text.cli_show_ignition_controls
                0x00000000080010e0      0x108 obj/Release/src/com/TunerStudio_service.o
                0x00000000080010e0                cli_show_ignition_controls
 .text.cli_show_fueling_controls
                0x00000000080011e8      0x338 obj/Release/src/com/TunerStudio_service.o
                0x00000000080011e8                cli_show_fueling_controls
 .text.cli_show_decoder_interface
                0x0000000008001520      0x124 obj/Release/src/com/TunerStudio_service.o
                0x0000000008001520                cli_show_decoder_interface
 .text.cli_print_sensor_data
                0x0000000008001644      0x21c obj/Release/src/com/TunerStudio_service.o
                0x0000000008001644                cli_print_sensor_data
 .text.ts_debug_info
                0x0000000008001860       0xc4 obj/Release/src/com/TunerStudio_service.o
                0x0000000008001860                ts_debug_info
 .text.UART_TS_PORT_Init
                0x0000000008001924       0xa0 obj/Release/src/com/uart.o
                0x0000000008001924                UART_TS_PORT_Init
 .text.UART_DEBUG_PORT_Init
                0x00000000080019c4       0x68 obj/Release/src/com/uart.o
                0x00000000080019c4                UART_DEBUG_PORT_Init
 .text.UART_Tx  0x0000000008001a2c        0xc obj/Release/src/com/uart.o
                0x0000000008001a2c                UART_Tx
 .text.UART_send_data
                0x0000000008001a38       0x1a obj/Release/src/com/uart.o
                0x0000000008001a38                UART_send_data
 *fill*         0x0000000008001a52        0x2 
 .text.USART1_IRQHandler
                0x0000000008001a54       0x30 obj/Release/src/com/uart.o
                0x0000000008001a54                USART1_IRQHandler
 .text.printf_U
                0x0000000008001a84      0x164 obj/Release/src/com/uart_printf.o
                0x0000000008001a84                printf_U
 .text.printf_F32
                0x0000000008001be8       0xcc obj/Release/src/com/uart_printf.o
                0x0000000008001be8                printf_F32
 .text.printf_nib_hex
                0x0000000008001cb4       0x10 obj/Release/src/com/uart_printf.o
                0x0000000008001cb4                printf_nib_hex
 .text.print    0x0000000008001cc4       0x16 obj/Release/src/com/uart_printf.o
                0x0000000008001cc4                print
 *fill*         0x0000000008001cda        0x2 
 .text.printf_U8hex
                0x0000000008001cdc       0x38 obj/Release/src/com/uart_printf.o
                0x0000000008001cdc                printf_U8hex
 .text.printf_crkpos
                0x0000000008001d14       0x6c obj/Release/src/com/uart_printf.o
                0x0000000008001d14                printf_crkpos
 .text.printf_phase
                0x0000000008001d80       0x30 obj/Release/src/com/uart_printf.o
                0x0000000008001d80                printf_phase
 .text.printf_decoder_sensing
                0x0000000008001db0       0x54 obj/Release/src/com/uart_printf.o
                0x0000000008001db0                printf_decoder_sensing
 .text.print_flash
                0x0000000008001e04        0x4 obj/Release/src/com/uart_printf.o
                0x0000000008001e04                print_flash
 .text.set_tachometer_hw
                0x0000000008001e08       0x30 obj/Release/src/dash/dash_hw.o
                0x0000000008001e08                set_tachometer_hw
 .text.set_mil_hw
                0x0000000008001e38       0x38 obj/Release/src/dash/dash_hw.o
                0x0000000008001e38                set_mil_hw
 .text.init_dash_hw
                0x0000000008001e70       0x4c obj/Release/src/dash/dash_hw.o
                0x0000000008001e70                init_dash_hw
 .text.set_mil  0x0000000008001ebc       0x48 obj/Release/src/dash/Tuareg_dash.o
                0x0000000008001ebc                set_mil
 .text.init_dash
                0x0000000008001f04       0x10 obj/Release/src/dash/Tuareg_dash.o
                0x0000000008001f04                init_dash
 .text.update_mil
                0x0000000008001f14       0xa0 obj/Release/src/dash/Tuareg_dash.o
                0x0000000008001f14                update_mil
 .text.DebugMsg_Warning
                0x0000000008001fb4       0x24 obj/Release/src/debug/debug_port_messages.o
                0x0000000008001fb4                DebugMsg_Warning
 .text.decoder_update_cis
                0x0000000008001fd8      0x188 obj/Release/src/decoder/decoder_cis.o
                0x0000000008001fd8                decoder_update_cis
 .text.decoder_cis_handler
                0x0000000008002160       0x9c obj/Release/src/decoder/decoder_cis.o
                0x0000000008002160                decoder_cis_handler
 .text.decoder_cis_noisefilter_handler
                0x00000000080021fc        0x4 obj/Release/src/decoder/decoder_cis.o
                0x00000000080021fc                decoder_cis_noisefilter_handler
 .text.enable_cis
                0x0000000008002200       0x4c obj/Release/src/decoder/decoder_cis.o
                0x0000000008002200                enable_cis
 .text.disable_cis
                0x000000000800224c        0xe obj/Release/src/decoder/decoder_cis.o
                0x000000000800224c                disable_cis
 *fill*         0x000000000800225a        0x2 
 .text.load_Decoder_Setup
                0x000000000800225c       0x1c obj/Release/src/decoder/decoder_config.o
                0x000000000800225c                load_Decoder_Setup
 .text.load_essential_Decoder_Setup
                0x0000000008002278       0x3c obj/Release/src/decoder/decoder_config.o
                0x0000000008002278                load_essential_Decoder_Setup
 .text.store_Decoder_Setup
                0x00000000080022b4       0x10 obj/Release/src/decoder/decoder_config.o
                0x00000000080022b4                store_Decoder_Setup
 .text.show_Decoder_Setup
                0x00000000080022c4      0x154 obj/Release/src/decoder/decoder_config.o
                0x00000000080022c4                show_Decoder_Setup
 .text.modify_Decoder_Setup
                0x0000000008002418       0x18 obj/Release/src/decoder/decoder_config.o
                0x0000000008002418                modify_Decoder_Setup
 .text.send_Decoder_Setup
                0x0000000008002430        0xc obj/Release/src/decoder/decoder_config.o
                0x0000000008002430                send_Decoder_Setup
 .text.decoder_diag_log_event
                0x000000000800243c       0x28 obj/Release/src/decoder/decoder_diag.o
                0x000000000800243c                decoder_diag_log_event
 .text.print_decoder_diag
                0x0000000008002464       0x68 obj/Release/src/decoder/decoder_diag.o
                0x0000000008002464                print_decoder_diag
 .text.decoder_stop_timer
                0x00000000080024cc       0x1c obj/Release/src/decoder/decoder_hw.o
                0x00000000080024cc                decoder_stop_timer
 .text.update_crank_noisefilter
                0x00000000080024e8       0x40 obj/Release/src/decoder/decoder_hw.o
                0x00000000080024e8                update_crank_noisefilter
 .text.update_cam_noisefilter
                0x0000000008002528       0x40 obj/Release/src/decoder/decoder_hw.o
                0x0000000008002528                update_cam_noisefilter
 .text.decoder_mask_crank_irq
                0x0000000008002568       0x10 obj/Release/src/decoder/decoder_hw.o
                0x0000000008002568                decoder_mask_crank_irq
 .text.decoder_unmask_crank_irq
                0x0000000008002578       0x14 obj/Release/src/decoder/decoder_hw.o
                0x0000000008002578                decoder_unmask_crank_irq
 .text.decoder_mask_cis_irq
                0x000000000800258c       0x10 obj/Release/src/decoder/decoder_hw.o
                0x000000000800258c                decoder_mask_cis_irq
 .text.decoder_unmask_cis_irq
                0x000000000800259c       0x14 obj/Release/src/decoder/decoder_hw.o
                0x000000000800259c                decoder_unmask_cis_irq
 .text.set_crank_pickup_sensing_rise
                0x00000000080025b0       0x24 obj/Release/src/decoder/decoder_hw.o
                0x00000000080025b0                set_crank_pickup_sensing_rise
 .text.set_crank_pickup_sensing_fall
                0x00000000080025d4       0x24 obj/Release/src/decoder/decoder_hw.o
                0x00000000080025d4                set_crank_pickup_sensing_fall
 .text.set_crank_pickup_sensing_disabled
                0x00000000080025f8       0x24 obj/Release/src/decoder/decoder_hw.o
                0x00000000080025f8                set_crank_pickup_sensing_disabled
 .text.set_cis_sensing_rise
                0x000000000800261c       0x24 obj/Release/src/decoder/decoder_hw.o
                0x000000000800261c                set_cis_sensing_rise
 .text.set_cis_sensing_fall
                0x0000000008002640       0x24 obj/Release/src/decoder/decoder_hw.o
                0x0000000008002640                set_cis_sensing_fall
 .text.set_cis_sensing_disabled
                0x0000000008002664       0x24 obj/Release/src/decoder/decoder_hw.o
                0x0000000008002664                set_cis_sensing_disabled
 .text.decoder_set_crank_pickup_sensing
                0x0000000008002688       0x3c obj/Release/src/decoder/decoder_hw.o
                0x0000000008002688                decoder_set_crank_pickup_sensing
 .text.decoder_set_cis_sensing
                0x00000000080026c4       0x3c obj/Release/src/decoder/decoder_hw.o
                0x00000000080026c4                decoder_set_cis_sensing
 .text.trigger_decoder_irq
                0x0000000008002700       0x14 obj/Release/src/decoder/decoder_hw.o
                0x0000000008002700                trigger_decoder_irq
 .text.init_decoder_hw
                0x0000000008002714       0xcc obj/Release/src/decoder/decoder_hw.o
                0x0000000008002714                init_decoder_hw
 .text.decoder_get_timestamp
                0x00000000080027e0        0xc obj/Release/src/decoder/decoder_hw.o
                0x00000000080027e0                decoder_get_timestamp
 .text.decoder_set_timer_continuous_mode_on
                0x00000000080027ec       0x1c obj/Release/src/decoder/decoder_hw.o
                0x00000000080027ec                decoder_set_timer_continuous_mode_on
 .text.decoder_set_timer_continuous_mode_off
                0x0000000008002808       0x1c obj/Release/src/decoder/decoder_hw.o
                0x0000000008002808                decoder_set_timer_continuous_mode_off
 .text.decoder_start_timer
                0x0000000008002824       0x5c obj/Release/src/decoder/decoder_hw.o
                0x0000000008002824                decoder_start_timer
 .text.decoder_request_timer_reset
                0x0000000008002880       0x10 obj/Release/src/decoder/decoder_hw.o
                0x0000000008002880                decoder_request_timer_reset
 .text.disable_decoder_hw
                0x0000000008002890       0x3c obj/Release/src/decoder/decoder_hw.o
                0x0000000008002890                disable_decoder_hw
 .text.EXTI0_IRQHandler
                0x00000000080028cc       0x60 obj/Release/src/decoder/decoder_hw.o
                0x00000000080028cc                EXTI0_IRQHandler
 .text.TIM1_BRK_TIM9_IRQHandler
                0x000000000800292c       0x74 obj/Release/src/decoder/decoder_hw.o
                0x000000000800292c                TIM1_BRK_TIM9_IRQHandler
 .text.EXTI1_IRQHandler
                0x00000000080029a0       0x1c obj/Release/src/decoder/decoder_hw.o
                0x00000000080029a0                EXTI1_IRQHandler
 .text.reset_timeout_counter
                0x00000000080029bc       0x14 obj/Release/src/decoder/decoder_logic.o
                0x00000000080029bc                reset_timeout_counter
 .text.reset_timing_output
                0x00000000080029d0       0x2c obj/Release/src/decoder/decoder_logic.o
                0x00000000080029d0                reset_timing_output
 .text.reset_position_data
                0x00000000080029fc       0x34 obj/Release/src/decoder/decoder_logic.o
                0x00000000080029fc                reset_position_data
 .text.reset_internal_data
                0x0000000008002a30       0x18 obj/Release/src/decoder/decoder_logic.o
                0x0000000008002a30                reset_internal_data
 .text.decoder_set_state
                0x0000000008002a48       0x20 obj/Release/src/decoder/decoder_logic.o
                0x0000000008002a48                decoder_set_state
 .text.check_sync_ratio
                0x0000000008002a68       0x74 obj/Release/src/decoder/decoder_logic.o
                0x0000000008002a68                check_sync_ratio
 .text.check_sync_ratio_async
                0x0000000008002adc       0x5c obj/Release/src/decoder/decoder_logic.o
                0x0000000008002adc                check_sync_ratio_async
 .text.update_timing_data
                0x0000000008002b38       0xc0 obj/Release/src/decoder/decoder_logic.o
                0x0000000008002b38                update_timing_data
 .text.init_decoder_logic
                0x0000000008002bf8       0x24 obj/Release/src/decoder/decoder_logic.o
                0x0000000008002bf8                init_decoder_logic
 .text.disable_decoder_logic
                0x0000000008002c1c       0x18 obj/Release/src/decoder/decoder_logic.o
                0x0000000008002c1c                disable_decoder_logic
 .text.decoder_crank_handler
                0x0000000008002c34      0x138 obj/Release/src/decoder/decoder_logic.o
                0x0000000008002c34                decoder_crank_handler
 .text.decoder_crank_noisefilter_handler
                0x0000000008002d6c        0x4 obj/Release/src/decoder/decoder_logic.o
                0x0000000008002d6c                decoder_crank_noisefilter_handler
 .text.decoder_crank_timeout_handler
                0x0000000008002d70       0x3c obj/Release/src/decoder/decoder_logic.o
                0x0000000008002d70                decoder_crank_timeout_handler
 .text.init_Decoder
                0x0000000008002dac       0x68 obj/Release/src/decoder/Tuareg_decoder.o
                0x0000000008002dac                init_Decoder
 .text.disable_Decoder
                0x0000000008002e14       0x28 obj/Release/src/decoder/Tuareg_decoder.o
                0x0000000008002e14                disable_Decoder
 .text.decoder_get_position_data_age_us
                0x0000000008002e3c       0x28 obj/Release/src/decoder/Tuareg_decoder.o
                0x0000000008002e3c                decoder_get_position_data_age_us
 .text.copy_diag_data
                0x0000000008002e64       0x48 obj/Release/src/diagnostics/diagnostics.o
                0x0000000008002e64                copy_diag_data
 .text.get_diag_data
                0x0000000008002eac       0x24 obj/Release/src/diagnostics/diagnostics.o
                0x0000000008002eac                get_diag_data
 .text.release_diag_shadow
                0x0000000008002ed0        0xc obj/Release/src/diagnostics/diagnostics.o
                0x0000000008002ed0                release_diag_shadow
 .text.load_Fault_Log
                0x0000000008002edc       0x1c obj/Release/src/diagnostics/fault_log.o
                0x0000000008002edc                load_Fault_Log
 .text.load_void_Fault_Log
                0x0000000008002ef8       0x18 obj/Release/src/diagnostics/fault_log.o
                0x0000000008002ef8                load_void_Fault_Log
 .text.init_Fault_Log
                0x0000000008002f10       0x4c obj/Release/src/diagnostics/fault_log.o
                0x0000000008002f10                init_Fault_Log
 .text.store_Fault_Log
                0x0000000008002f5c       0x10 obj/Release/src/diagnostics/fault_log.o
                0x0000000008002f5c                store_Fault_Log
 .text.log_Fault
                0x0000000008002f6c       0x68 obj/Release/src/diagnostics/fault_log.o
                0x0000000008002f6c                log_Fault
 .text.show_Fault_Log
                0x0000000008002fd4       0x74 obj/Release/src/diagnostics/fault_log.o
                0x0000000008002fd4                show_Fault_Log
 .text.clear_Fault_Log
                0x0000000008003048       0x18 obj/Release/src/diagnostics/fault_log.o
                0x0000000008003048                clear_Fault_Log
 .text.Erase_Fault_Log
                0x0000000008003060       0x3c obj/Release/src/diagnostics/fault_log.o
                0x0000000008003060                Erase_Fault_Log
 .text.send_Fault_Log
                0x000000000800309c        0xc obj/Release/src/diagnostics/fault_log.o
                0x000000000800309c                send_Fault_Log
 .text.clear_highspeedlog
                0x00000000080030a8       0x14 obj/Release/src/diagnostics/highspeed_loggers.o
                0x00000000080030a8                clear_highspeedlog
 .text.highspeedlog_init
                0x00000000080030bc       0x14 obj/Release/src/diagnostics/highspeed_loggers.o
                0x00000000080030bc                highspeedlog_init
 .text.highspeedlog_register_error
                0x00000000080030d0        0x2 obj/Release/src/diagnostics/highspeed_loggers.o
                0x00000000080030d0                highspeedlog_register_error
 *fill*         0x00000000080030d2        0x2 
 .text.highspeedlog_write
                0x00000000080030d4       0xb8 obj/Release/src/diagnostics/highspeed_loggers.o
                0x00000000080030d4                highspeedlog_write
 .text.highspeedlog_register_crankpos
                0x000000000800318c        0x6 obj/Release/src/diagnostics/highspeed_loggers.o
                0x000000000800318c                highspeedlog_register_crankpos
 *fill*         0x0000000008003192        0x2 
 .text.highspeedlog_register_cis_lobe_begin
                0x0000000008003194       0x10 obj/Release/src/diagnostics/highspeed_loggers.o
                0x0000000008003194                highspeedlog_register_cis_lobe_begin
 .text.highspeedlog_register_cis_lobe_end
                0x00000000080031a4       0x10 obj/Release/src/diagnostics/highspeed_loggers.o
                0x00000000080031a4                highspeedlog_register_cis_lobe_end
 .text.highspeedlog_register_coil1_power
                0x00000000080031b4        0x6 obj/Release/src/diagnostics/highspeed_loggers.o
                0x00000000080031b4                highspeedlog_register_coil1_power
 .text.highspeedlog_register_coil1_unpower
                0x00000000080031ba        0x6 obj/Release/src/diagnostics/highspeed_loggers.o
                0x00000000080031ba                highspeedlog_register_coil1_unpower
 .text.highspeedlog_register_coil2_power
                0x00000000080031c0        0x6 obj/Release/src/diagnostics/highspeed_loggers.o
                0x00000000080031c0                highspeedlog_register_coil2_power
 .text.highspeedlog_register_coil2_unpower
                0x00000000080031c6        0x6 obj/Release/src/diagnostics/highspeed_loggers.o
                0x00000000080031c6                highspeedlog_register_coil2_unpower
 .text.highspeedlog_register_injector1_power
                0x00000000080031cc        0x6 obj/Release/src/diagnostics/highspeed_loggers.o
                0x00000000080031cc                highspeedlog_register_injector1_power
 .text.highspeedlog_register_injector1_unpower
                0x00000000080031d2        0x6 obj/Release/src/diagnostics/highspeed_loggers.o
                0x00000000080031d2                highspeedlog_register_injector1_unpower
 .text.highspeedlog_register_injector2_power
                0x00000000080031d8        0x6 obj/Release/src/diagnostics/highspeed_loggers.o
                0x00000000080031d8                highspeedlog_register_injector2_power
 .text.highspeedlog_register_injector2_unpower
                0x00000000080031de        0x6 obj/Release/src/diagnostics/highspeed_loggers.o
                0x00000000080031de                highspeedlog_register_injector2_unpower
 .text.send_highspeedlog
                0x00000000080031e4       0xc4 obj/Release/src/diagnostics/highspeed_loggers.o
                0x00000000080031e4                send_highspeedlog
 .text.show_highspeedlog
                0x00000000080032a8      0x150 obj/Release/src/diagnostics/highspeed_loggers.o
                0x00000000080032a8                show_highspeedlog
 .text.clear_syslog
                0x00000000080033f8       0x38 obj/Release/src/diagnostics/syslog.o
                0x00000000080033f8                clear_syslog
 .text.Syslog_init
                0x0000000008003430       0x10 obj/Release/src/diagnostics/syslog.o
                0x0000000008003430                Syslog_init
 .text.Syslog_Error
                0x0000000008003440       0x48 obj/Release/src/diagnostics/syslog.o
                0x0000000008003440                Syslog_Error
 .text.Syslog_Warning
                0x0000000008003488       0x6c obj/Release/src/diagnostics/syslog.o
                0x0000000008003488                Syslog_Warning
 .text.Syslog_Info
                0x00000000080034f4       0x68 obj/Release/src/diagnostics/syslog.o
                0x00000000080034f4                Syslog_Info
 .text.show_syslog
                0x000000000800355c      0x11c obj/Release/src/diagnostics/syslog.o
                0x000000000800355c                show_syslog
 .text.send_syslog
                0x0000000008003678       0x20 obj/Release/src/diagnostics/syslog.o
                0x0000000008003678                send_syslog
 .text.calc_alpha
                0x0000000008003698       0x24 obj/Release/src/fueling/accel_comp.o
                0x0000000008003698                calc_alpha
 .text.update_load_transient_comp
                0x00000000080036bc       0xa4 obj/Release/src/fueling/accel_comp.o
                0x00000000080036bc                update_load_transient_comp
 .text.update_legacy_AE
                0x0000000008003760      0x26c obj/Release/src/fueling/accel_comp.o
                0x0000000008003760                update_legacy_AE
 .text.load_essential_Fueling_Config
                0x00000000080039cc       0xd4 obj/Release/src/fueling/fueling_config.o
                0x00000000080039cc                load_essential_Fueling_Config
 .text.load_Fueling_Setup
                0x0000000008003aa0       0x10 obj/Release/src/fueling/fueling_config.o
                0x0000000008003aa0                load_Fueling_Setup
 .text.store_Fueling_Setup
                0x0000000008003ab0       0x10 obj/Release/src/fueling/fueling_config.o
                0x0000000008003ab0                store_Fueling_Setup
 .text.show_Fueling_Setup
                0x0000000008003ac0      0x30c obj/Release/src/fueling/fueling_config.o
                0x0000000008003ac0                show_Fueling_Setup
 .text.modify_Fueling_Setup
                0x0000000008003dcc       0x18 obj/Release/src/fueling/fueling_config.o
                0x0000000008003dcc                modify_Fueling_Setup
 .text.send_Fueling_Setup
                0x0000000008003de4        0xc obj/Release/src/fueling/fueling_config.o
                0x0000000008003de4                send_Fueling_Setup
 .text.load_VeTable_TPS
                0x0000000008003df0       0x10 obj/Release/src/fueling/fueling_config.o
                0x0000000008003df0                load_VeTable_TPS
 .text.store_VeTable_TPS
                0x0000000008003e00       0x10 obj/Release/src/fueling/fueling_config.o
                0x0000000008003e00                store_VeTable_TPS
 .text.show_VeTable_TPS
                0x0000000008003e10       0x20 obj/Release/src/fueling/fueling_config.o
                0x0000000008003e10                show_VeTable_TPS
 .text.modify_VeTable_TPS
                0x0000000008003e30       0x10 obj/Release/src/fueling/fueling_config.o
                0x0000000008003e30                modify_VeTable_TPS
 .text.send_VeTable_TPS
                0x0000000008003e40        0xc obj/Release/src/fueling/fueling_config.o
                0x0000000008003e40                send_VeTable_TPS
 .text.getValue_VeTable_TPS
                0x0000000008003e4c       0x14 obj/Release/src/fueling/fueling_config.o
                0x0000000008003e4c                getValue_VeTable_TPS
 .text.load_VeTable_MAP
                0x0000000008003e60       0x10 obj/Release/src/fueling/fueling_config.o
                0x0000000008003e60                load_VeTable_MAP
 .text.store_VeTable_MAP
                0x0000000008003e70       0x10 obj/Release/src/fueling/fueling_config.o
                0x0000000008003e70                store_VeTable_MAP
 .text.show_VeTable_MAP
                0x0000000008003e80       0x20 obj/Release/src/fueling/fueling_config.o
                0x0000000008003e80                show_VeTable_MAP
 .text.modify_VeTable_MAP
                0x0000000008003ea0       0x10 obj/Release/src/fueling/fueling_config.o
                0x0000000008003ea0                modify_VeTable_MAP
 .text.send_VeTable_MAP
                0x0000000008003eb0        0xc obj/Release/src/fueling/fueling_config.o
                0x0000000008003eb0                send_VeTable_MAP
 .text.getValue_VeTable_MAP
                0x0000000008003ebc       0x14 obj/Release/src/fueling/fueling_config.o
                0x0000000008003ebc                getValue_VeTable_MAP
 .text.load_AfrTable_MAP
                0x0000000008003ed0       0x10 obj/Release/src/fueling/fueling_config.o
                0x0000000008003ed0                load_AfrTable_MAP
 .text.store_AfrTable_MAP
                0x0000000008003ee0       0x10 obj/Release/src/fueling/fueling_config.o
                0x0000000008003ee0                store_AfrTable_MAP
 .text.show_AfrTable_MAP
                0x0000000008003ef0       0x20 obj/Release/src/fueling/fueling_config.o
                0x0000000008003ef0                show_AfrTable_MAP
 .text.modify_AfrTable_MAP
                0x0000000008003f10       0x10 obj/Release/src/fueling/fueling_config.o
                0x0000000008003f10                modify_AfrTable_MAP
 .text.send_AfrTable_MAP
                0x0000000008003f20        0xc obj/Release/src/fueling/fueling_config.o
                0x0000000008003f20                send_AfrTable_MAP
 .text.getValue_AfrTable_MAP
                0x0000000008003f2c       0x20 obj/Release/src/fueling/fueling_config.o
                0x0000000008003f2c                getValue_AfrTable_MAP
 .text.load_AfrTable_TPS
                0x0000000008003f4c       0x10 obj/Release/src/fueling/fueling_config.o
                0x0000000008003f4c                load_AfrTable_TPS
 .text.store_AfrTable_TPS
                0x0000000008003f5c       0x10 obj/Release/src/fueling/fueling_config.o
                0x0000000008003f5c                store_AfrTable_TPS
 .text.show_AfrTable_TPS
                0x0000000008003f6c       0x20 obj/Release/src/fueling/fueling_config.o
                0x0000000008003f6c                show_AfrTable_TPS
 .text.modify_AfrTable_TPS
                0x0000000008003f8c       0x10 obj/Release/src/fueling/fueling_config.o
                0x0000000008003f8c                modify_AfrTable_TPS
 .text.send_AfrTable_TPS
                0x0000000008003f9c        0xc obj/Release/src/fueling/fueling_config.o
                0x0000000008003f9c                send_AfrTable_TPS
 .text.getValue_AfrTable_TPS
                0x0000000008003fa8       0x20 obj/Release/src/fueling/fueling_config.o
                0x0000000008003fa8                getValue_AfrTable_TPS
 .text.load_AccelCompTableTPS
                0x0000000008003fc8       0x10 obj/Release/src/fueling/fueling_config.o
                0x0000000008003fc8                load_AccelCompTableTPS
 .text.store_AccelCompTableTPS
                0x0000000008003fd8       0x10 obj/Release/src/fueling/fueling_config.o
                0x0000000008003fd8                store_AccelCompTableTPS
 .text.show_AccelCompTableTPS
                0x0000000008003fe8       0x20 obj/Release/src/fueling/fueling_config.o
                0x0000000008003fe8                show_AccelCompTableTPS
 .text.modify_AccelCompTableTPS
                0x0000000008004008       0x10 obj/Release/src/fueling/fueling_config.o
                0x0000000008004008                modify_AccelCompTableTPS
 .text.send_AccelCompTableTPS
                0x0000000008004018        0xc obj/Release/src/fueling/fueling_config.o
                0x0000000008004018                send_AccelCompTableTPS
 .text.getValue_AccelCompTableTPS
                0x0000000008004024       0x24 obj/Release/src/fueling/fueling_config.o
                0x0000000008004024                getValue_AccelCompTableTPS
 .text.load_AccelCompTableMAP
                0x0000000008004048       0x10 obj/Release/src/fueling/fueling_config.o
                0x0000000008004048                load_AccelCompTableMAP
 .text.store_AccelCompTableMAP
                0x0000000008004058       0x10 obj/Release/src/fueling/fueling_config.o
                0x0000000008004058                store_AccelCompTableMAP
 .text.show_AccelCompTableMAP
                0x0000000008004068       0x20 obj/Release/src/fueling/fueling_config.o
                0x0000000008004068                show_AccelCompTableMAP
 .text.modify_AccelCompTableMAP
                0x0000000008004088       0x10 obj/Release/src/fueling/fueling_config.o
                0x0000000008004088                modify_AccelCompTableMAP
 .text.send_AccelCompTableMAP
                0x0000000008004098        0xc obj/Release/src/fueling/fueling_config.o
                0x0000000008004098                send_AccelCompTableMAP
 .text.getValue_AccelCompTableMAP
                0x00000000080040a4       0x24 obj/Release/src/fueling/fueling_config.o
                0x00000000080040a4                getValue_AccelCompTableMAP
 .text.load_WarmUpCompTable
                0x00000000080040c8       0x10 obj/Release/src/fueling/fueling_config.o
                0x00000000080040c8                load_WarmUpCompTable
 .text.store_WarmUpCompTable
                0x00000000080040d8       0x10 obj/Release/src/fueling/fueling_config.o
                0x00000000080040d8                store_WarmUpCompTable
 .text.show_WarmUpCompTable
                0x00000000080040e8       0x20 obj/Release/src/fueling/fueling_config.o
                0x00000000080040e8                show_WarmUpCompTable
 .text.modify_WarmUpCompTable
                0x0000000008004108       0x10 obj/Release/src/fueling/fueling_config.o
                0x0000000008004108                modify_WarmUpCompTable
 .text.send_WarmUpCompTable
                0x0000000008004118        0xc obj/Release/src/fueling/fueling_config.o
                0x0000000008004118                send_WarmUpCompTable
 .text.getValue_WarmUpCompTable
                0x0000000008004124       0x14 obj/Release/src/fueling/fueling_config.o
                0x0000000008004124                getValue_WarmUpCompTable
 .text.load_InjectorTimingTable
                0x0000000008004138       0x10 obj/Release/src/fueling/fueling_config.o
                0x0000000008004138                load_InjectorTimingTable
 .text.store_InjectorTimingTable
                0x0000000008004148       0x10 obj/Release/src/fueling/fueling_config.o
                0x0000000008004148                store_InjectorTimingTable
 .text.show_InjectorTimingTable
                0x0000000008004158       0x20 obj/Release/src/fueling/fueling_config.o
                0x0000000008004158                show_InjectorTimingTable
 .text.modify_InjectorTimingTable
                0x0000000008004178       0x10 obj/Release/src/fueling/fueling_config.o
                0x0000000008004178                modify_InjectorTimingTable
 .text.send_InjectorTimingTable
                0x0000000008004188        0xc obj/Release/src/fueling/fueling_config.o
                0x0000000008004188                send_InjectorTimingTable
 .text.getValue_InjectorTimingTable
                0x0000000008004194       0x2c obj/Release/src/fueling/fueling_config.o
                0x0000000008004194                getValue_InjectorTimingTable
 .text.load_CrankingFuelTable
                0x00000000080041c0       0x10 obj/Release/src/fueling/fueling_config.o
                0x00000000080041c0                load_CrankingFuelTable
 .text.store_CrankingFuelTable
                0x00000000080041d0       0x10 obj/Release/src/fueling/fueling_config.o
                0x00000000080041d0                store_CrankingFuelTable
 .text.show_CrankingFuelTable
                0x00000000080041e0       0x20 obj/Release/src/fueling/fueling_config.o
                0x00000000080041e0                show_CrankingFuelTable
 .text.modify_CrankingFuelTable
                0x0000000008004200       0x10 obj/Release/src/fueling/fueling_config.o
                0x0000000008004200                modify_CrankingFuelTable
 .text.send_CrankingFuelTable
                0x0000000008004210        0xc obj/Release/src/fueling/fueling_config.o
                0x0000000008004210                send_CrankingFuelTable
 .text.getValue_CrankingFuelTable
                0x000000000800421c       0x24 obj/Release/src/fueling/fueling_config.o
                0x000000000800421c                getValue_CrankingFuelTable
 .text.load_InjectorPhaseTable
                0x0000000008004240       0x10 obj/Release/src/fueling/fueling_config.o
                0x0000000008004240                load_InjectorPhaseTable
 .text.store_InjectorPhaseTable
                0x0000000008004250       0x10 obj/Release/src/fueling/fueling_config.o
                0x0000000008004250                store_InjectorPhaseTable
 .text.show_InjectorPhaseTable
                0x0000000008004260       0x20 obj/Release/src/fueling/fueling_config.o
                0x0000000008004260                show_InjectorPhaseTable
 .text.modify_InjectorPhaseTable
                0x0000000008004280       0x10 obj/Release/src/fueling/fueling_config.o
                0x0000000008004280                modify_InjectorPhaseTable
 .text.send_InjectorPhaseTable
                0x0000000008004290        0xc obj/Release/src/fueling/fueling_config.o
                0x0000000008004290                send_InjectorPhaseTable
 .text.getValue_InjectorPhaseTable
                0x000000000800429c       0x14 obj/Release/src/fueling/fueling_config.o
                0x000000000800429c                getValue_InjectorPhaseTable
 .text.load_BAROtable
                0x00000000080042b0       0x10 obj/Release/src/fueling/fueling_config.o
                0x00000000080042b0                load_BAROtable
 .text.store_BAROtable
                0x00000000080042c0       0x10 obj/Release/src/fueling/fueling_config.o
                0x00000000080042c0                store_BAROtable
 .text.show_BAROtable
                0x00000000080042d0       0x20 obj/Release/src/fueling/fueling_config.o
                0x00000000080042d0                show_BAROtable
 .text.modify_BAROtable
                0x00000000080042f0       0x10 obj/Release/src/fueling/fueling_config.o
                0x00000000080042f0                modify_BAROtable
 .text.send_BAROtable
                0x0000000008004300        0xc obj/Release/src/fueling/fueling_config.o
                0x0000000008004300                send_BAROtable
 .text.getValue_BAROtable
                0x000000000800430c       0x40 obj/Release/src/fueling/fueling_config.o
                0x000000000800430c                getValue_BAROtable
 .text.load_ChargeTempTable
                0x000000000800434c       0x10 obj/Release/src/fueling/fueling_config.o
                0x000000000800434c                load_ChargeTempTable
 .text.load_Fueling_Config
                0x000000000800435c       0xd8 obj/Release/src/fueling/fueling_config.o
                0x000000000800435c                load_Fueling_Config
 .text.store_ChargeTempTable
                0x0000000008004434       0x10 obj/Release/src/fueling/fueling_config.o
                0x0000000008004434                store_ChargeTempTable
 .text.show_ChargeTempTable
                0x0000000008004444       0x20 obj/Release/src/fueling/fueling_config.o
                0x0000000008004444                show_ChargeTempTable
 .text.modify_ChargeTempTable
                0x0000000008004464       0x10 obj/Release/src/fueling/fueling_config.o
                0x0000000008004464                modify_ChargeTempTable
 .text.send_ChargeTempTable
                0x0000000008004474        0xc obj/Release/src/fueling/fueling_config.o
                0x0000000008004474                send_ChargeTempTable
 .text.getValue_ChargeTempTable
                0x0000000008004480       0x2c obj/Release/src/fueling/fueling_config.o
                0x0000000008004480                getValue_ChargeTempTable
 .text.update_fuel_mass_afterstart_correction
                0x00000000080044ac       0xa4 obj/Release/src/fueling/fueling_corrections.o
                0x00000000080044ac                update_fuel_mass_afterstart_correction
 .text.update_fuel_mass_warmup_correction
                0x0000000008004550       0x5c obj/Release/src/fueling/fueling_corrections.o
                0x0000000008004550                update_fuel_mass_warmup_correction
 .text.update_fuel_mass_barometric_correction
                0x00000000080045ac       0x5c obj/Release/src/fueling/fueling_corrections.o
                0x00000000080045ac                update_fuel_mass_barometric_correction
 .text.update_fuel_mass_corrections
                0x0000000008004608       0x1c obj/Release/src/fueling/fueling_corrections.o
                0x0000000008004608                update_fuel_mass_corrections
 .text.fueling_diag_log_event
                0x0000000008004624       0x28 obj/Release/src/fueling/fueling_diag.o
                0x0000000008004624                fueling_diag_log_event
 .text.print_fueling_diag
                0x000000000800464c       0x68 obj/Release/src/fueling/fueling_diag.o
                0x000000000800464c                print_fueling_diag
 .text.set_injector1_powered
                0x00000000080046b4       0x28 obj/Release/src/fueling/fueling_hw.o
                0x00000000080046b4                set_injector1_powered
 .text.set_injector1_unpowered
                0x00000000080046dc       0x28 obj/Release/src/fueling/fueling_hw.o
                0x00000000080046dc                set_injector1_unpowered
 .text.set_injector2_powered
                0x0000000008004704       0x28 obj/Release/src/fueling/fueling_hw.o
                0x0000000008004704                set_injector2_powered
 .text.set_injector2_unpowered
                0x000000000800472c       0x28 obj/Release/src/fueling/fueling_hw.o
                0x000000000800472c                set_injector2_unpowered
 .text.set_fuel_pump_powered
                0x0000000008004754       0x28 obj/Release/src/fueling/fueling_hw.o
                0x0000000008004754                set_fuel_pump_powered
 .text.set_fuel_pump_unpowered
                0x000000000800477c       0x20 obj/Release/src/fueling/fueling_hw.o
                0x000000000800477c                set_fuel_pump_unpowered
 .text.set_injector1
                0x000000000800479c       0x30 obj/Release/src/fueling/fueling_hw.o
                0x000000000800479c                set_injector1
 .text.set_injector2
                0x00000000080047cc       0x30 obj/Release/src/fueling/fueling_hw.o
                0x00000000080047cc                set_injector2
 .text.set_fuel_pump
                0x00000000080047fc        0xc obj/Release/src/fueling/fueling_hw.o
                0x00000000080047fc                set_fuel_pump
 .text.init_fueling_hw
                0x0000000008004808       0x5c obj/Release/src/fueling/fueling_hw.o
                0x0000000008004808                init_fueling_hw
 .text.update_injector_deadtime
                0x0000000008004864       0x50 obj/Release/src/fueling/injector_parameters.o
                0x0000000008004864                update_injector_deadtime
 .text.update_injector_intervals_sequential
                0x00000000080048b4       0xf8 obj/Release/src/fueling/injector_parameters.o
                0x00000000080048b4                update_injector_intervals_sequential
 .text.update_injector_intervals_batch
                0x00000000080049ac       0xf4 obj/Release/src/fueling/injector_parameters.o
                0x00000000080049ac                update_injector_intervals_batch
 .text.update_injection_begin_batch
                0x0000000008004aa0       0x34 obj/Release/src/fueling/injector_parameters.o
                0x0000000008004aa0                update_injection_begin_batch
 .text.update_injection_begin_sequential
                0x0000000008004ad4       0xf0 obj/Release/src/fueling/injector_parameters.o
                0x0000000008004ad4                update_injection_begin_sequential
 .text.init_Fueling
                0x0000000008004bc4       0x64 obj/Release/src/fueling/Tuareg_fueling.o
                0x0000000008004bc4                init_Fueling
 .text.Tuareg_fueling_update_crankpos_handler
                0x0000000008004c28      0x198 obj/Release/src/fueling/Tuareg_fueling.o
                0x0000000008004c28                Tuareg_fueling_update_crankpos_handler
 .text.invalid_fueling_controls
                0x0000000008004dc0       0x48 obj/Release/src/fueling/Tuareg_fueling_controls.o
                0x0000000008004dc0                invalid_fueling_controls
 .text.update_air_flow
                0x0000000008004e08       0x94 obj/Release/src/fueling/Tuareg_fueling_controls.o
                0x0000000008004e08                update_air_flow
 .text.update_AFR_target
                0x0000000008004e9c       0x78 obj/Release/src/fueling/Tuareg_fueling_controls.o
                0x0000000008004e9c                update_AFR_target
 .text.update_fuel_mass_cranking
                0x0000000008004f14       0x74 obj/Release/src/fueling/Tuareg_fueling_controls.o
                0x0000000008004f14                update_fuel_mass_cranking
 .text.update_base_fuel_mass
                0x0000000008004f88       0x48 obj/Release/src/fueling/Tuareg_fueling_controls.o
                0x0000000008004f88                update_base_fuel_mass
 .text.update_target_fuel_mass
                0x0000000008004fd0      0x110 obj/Release/src/fueling/Tuareg_fueling_controls.o
                0x0000000008004fd0                update_target_fuel_mass
 .text.Tuareg_update_fueling_controls
                0x00000000080050e0      0x234 obj/Release/src/fueling/Tuareg_fueling_controls.o
                0x00000000080050e0                Tuareg_update_fueling_controls
 .text.load_Ignition_Config
                0x0000000008005314       0x40 obj/Release/src/ignition/ignition_config.o
                0x0000000008005314                load_Ignition_Config
 .text.load_essential_Ignition_Config
                0x0000000008005354        0x2 obj/Release/src/ignition/ignition_config.o
                0x0000000008005354                load_essential_Ignition_Config
 *fill*         0x0000000008005356        0x2 
 .text.store_Ignition_Setup
                0x0000000008005358       0x10 obj/Release/src/ignition/ignition_config.o
                0x0000000008005358                store_Ignition_Setup
 .text.show_Ignition_Setup
                0x0000000008005368      0x17c obj/Release/src/ignition/ignition_config.o
                0x0000000008005368                show_Ignition_Setup
 .text.modify_Ignition_Setup
                0x00000000080054e4       0x18 obj/Release/src/ignition/ignition_config.o
                0x00000000080054e4                modify_Ignition_Setup
 .text.send_Ignition_Setup
                0x00000000080054fc        0xc obj/Release/src/ignition/ignition_config.o
                0x00000000080054fc                send_Ignition_Setup
 .text.store_ignAdvTable_TPS
                0x0000000008005508       0x10 obj/Release/src/ignition/ignition_config.o
                0x0000000008005508                store_ignAdvTable_TPS
 .text.show_ignAdvTable_TPS
                0x0000000008005518       0x20 obj/Release/src/ignition/ignition_config.o
                0x0000000008005518                show_ignAdvTable_TPS
 .text.modify_ignAdvTable_TPS
                0x0000000008005538       0x10 obj/Release/src/ignition/ignition_config.o
                0x0000000008005538                modify_ignAdvTable_TPS
 .text.send_ignAdvTable_TPS
                0x0000000008005548        0xc obj/Release/src/ignition/ignition_config.o
                0x0000000008005548                send_ignAdvTable_TPS
 .text.getValue_ignAdvTable_TPS
                0x0000000008005554       0x20 obj/Release/src/ignition/ignition_config.o
                0x0000000008005554                getValue_ignAdvTable_TPS
 .text.store_ignDwellTable
                0x0000000008005574       0x10 obj/Release/src/ignition/ignition_config.o
                0x0000000008005574                store_ignDwellTable
 .text.show_ignDwellTable
                0x0000000008005584       0x20 obj/Release/src/ignition/ignition_config.o
                0x0000000008005584                show_ignDwellTable
 .text.modify_ignDwellTable
                0x00000000080055a4       0x10 obj/Release/src/ignition/ignition_config.o
                0x00000000080055a4                modify_ignDwellTable
 .text.send_ignDwellTable
                0x00000000080055b4        0xc obj/Release/src/ignition/ignition_config.o
                0x00000000080055b4                send_ignDwellTable
 .text.getValue_ignDwellTable
                0x00000000080055c0       0x24 obj/Release/src/ignition/ignition_config.o
                0x00000000080055c0                getValue_ignDwellTable
 .text.ignition_diag_log_event
                0x00000000080055e4       0x28 obj/Release/src/ignition/ignition_diag.o
                0x00000000080055e4                ignition_diag_log_event
 .text.print_ignition_diag
                0x000000000800560c       0x68 obj/Release/src/ignition/ignition_diag.o
                0x000000000800560c                print_ignition_diag
 .text.set_coil1_powered
                0x0000000008005674       0x28 obj/Release/src/ignition/ignition_hw.o
                0x0000000008005674                set_coil1_powered
 .text.set_coil1_unpowered
                0x000000000800569c       0x20 obj/Release/src/ignition/ignition_hw.o
                0x000000000800569c                set_coil1_unpowered
 .text.set_coil2_powered
                0x00000000080056bc       0x28 obj/Release/src/ignition/ignition_hw.o
                0x00000000080056bc                set_coil2_powered
 .text.set_coil2_unpowered
                0x00000000080056e4       0x20 obj/Release/src/ignition/ignition_hw.o
                0x00000000080056e4                set_coil2_unpowered
 .text.set_ignition_ch1
                0x0000000008005704       0x30 obj/Release/src/ignition/ignition_hw.o
                0x0000000008005704                set_ignition_ch1
 .text.set_ignition_ch2
                0x0000000008005734       0x30 obj/Release/src/ignition/ignition_hw.o
                0x0000000008005734                set_ignition_ch2
 .text.init_ignition_hw
                0x0000000008005764       0x3c obj/Release/src/ignition/ignition_hw.o
                0x0000000008005764                init_ignition_hw
 .text.init_Ignition
                0x00000000080057a0       0x68 obj/Release/src/ignition/Tuareg_ignition.o
                0x00000000080057a0                init_Ignition
 .text.Tuareg_ignition_update_crankpos_handler
                0x0000000008005808      0x154 obj/Release/src/ignition/Tuareg_ignition.o
                0x0000000008005808                Tuareg_ignition_update_crankpos_handler
 .text.default_ignition_controls
                0x000000000800595c       0x24 obj/Release/src/ignition/Tuareg_ignition_controls.o
                0x000000000800595c                default_ignition_controls
 .text.revlimiter_ignition_controls
                0x0000000008005980       0x1c obj/Release/src/ignition/Tuareg_ignition_controls.o
                0x0000000008005980                revlimiter_ignition_controls
 .text.cranking_ignition_controls
                0x000000000800599c       0x38 obj/Release/src/ignition/Tuareg_ignition_controls.o
                0x000000000800599c                cranking_ignition_controls
 .text.dynamic_ignition_controls
                0x00000000080059d4      0x188 obj/Release/src/ignition/Tuareg_ignition_controls.o
                0x00000000080059d4                dynamic_ignition_controls
 .text.Tuareg_update_ignition_controls
                0x0000000008005b5c       0xa8 obj/Release/src/ignition/Tuareg_ignition_controls.o
                0x0000000008005b5c                Tuareg_update_ignition_controls
 .text.startup.main
                0x0000000008005c04       0x78 obj/Release/src/main/main.o
                0x0000000008005c04                main
 .text.EXTI2_IRQHandler
                0x0000000008005c7c       0x5c obj/Release/src/main/main.o
                0x0000000008005c7c                EXTI2_IRQHandler
 .text.Tuareg_load_config
                0x0000000008005cd8       0x7c obj/Release/src/main/Tuareg.o
                0x0000000008005cd8                Tuareg_load_config
 .text.Tuareg_Init
                0x0000000008005d54       0xb0 obj/Release/src/main/Tuareg.o
                0x0000000008005d54                Tuareg_Init
 .text.Tuareg_update_run_inhibit
                0x0000000008005e04      0x140 obj/Release/src/main/Tuareg.o
                0x0000000008005e04                Tuareg_update_run_inhibit
 .text.Tuareg_update_limited_op
                0x0000000008005f44       0x38 obj/Release/src/main/Tuareg.o
                0x0000000008005f44                Tuareg_update_limited_op
 .text.Tuareg_update_rev_limiter
                0x0000000008005f7c       0x60 obj/Release/src/main/Tuareg.o
                0x0000000008005f7c                Tuareg_update_rev_limiter
 .text.Tuareg_update_standby
                0x0000000008005fdc       0xcc obj/Release/src/main/Tuareg.o
                0x0000000008005fdc                Tuareg_update_standby
 .text.Tuareg_update_fuel_pump_control
                0x00000000080060a8       0x54 obj/Release/src/main/Tuareg.o
                0x00000000080060a8                Tuareg_update_fuel_pump_control
 .text.Tuareg_deactivate_vital_actors
                0x00000000080060fc       0x50 obj/Release/src/main/Tuareg.o
                0x00000000080060fc                Tuareg_deactivate_vital_actors
 .text.Tuareg_update
                0x000000000800614c       0x58 obj/Release/src/main/Tuareg.o
                0x000000000800614c                Tuareg_update
 .text.Tuareg_update_trip
                0x00000000080061a4       0x1c obj/Release/src/main/Tuareg.o
                0x00000000080061a4                Tuareg_update_trip
 .text.Tuareg_update_consumption_data
                0x00000000080061c0       0x24 obj/Release/src/main/Tuareg.o
                0x00000000080061c0                Tuareg_update_consumption_data
 .text.load_Tuareg_Setup
                0x00000000080061e4       0x10 obj/Release/src/main/Tuareg_config.o
                0x00000000080061e4                load_Tuareg_Setup
 .text.load_essential_Tuareg_Setup
                0x00000000080061f4       0xd0 obj/Release/src/main/Tuareg_config.o
                0x00000000080061f4                load_essential_Tuareg_Setup
 .text.store_Tuareg_Setup
                0x00000000080062c4       0x10 obj/Release/src/main/Tuareg_config.o
                0x00000000080062c4                store_Tuareg_Setup
 .text.show_Tuareg_Setup
                0x00000000080062d4      0x1ec obj/Release/src/main/Tuareg_config.o
                0x00000000080062d4                show_Tuareg_Setup
 .text.modify_Tuareg_Setup
                0x00000000080064c0       0x18 obj/Release/src/main/Tuareg_config.o
                0x00000000080064c0                modify_Tuareg_Setup
 .text.send_Tuareg_Setup
                0x00000000080064d8        0xc obj/Release/src/main/Tuareg_config.o
                0x00000000080064d8                send_Tuareg_Setup
 .text.tuareg_diag_log_event
                0x00000000080064e4       0x28 obj/Release/src/main/Tuareg_diag.o
                0x00000000080064e4                tuareg_diag_log_event
 .text.print_tuareg_diag
                0x000000000800650c       0x68 obj/Release/src/main/Tuareg_diag.o
                0x000000000800650c                print_tuareg_diag
 .text.Fatal    0x0000000008006574       0x68 obj/Release/src/main/Tuareg_errors.o
                0x0000000008006574                Fatal
 .text.VitalAssert
                0x00000000080065dc        0xe obj/Release/src/main/Tuareg_errors.o
                0x00000000080065dc                VitalAssert
 *fill*         0x00000000080065ea        0x2 
 .text.Limp     0x00000000080065ec       0x44 obj/Release/src/main/Tuareg_errors.o
                0x00000000080065ec                Limp
 .text.print_Tuareg_ID_label
                0x0000000008006630       0x30 obj/Release/src/main/Tuareg_ID.o
                0x0000000008006630                print_Tuareg_ID_label
 .text.Tuareg_update_process_data
                0x0000000008006660      0x13c obj/Release/src/main/Tuareg_process_data.o
                0x0000000008006660                Tuareg_update_process_data
 .text.request_service_mode
                0x000000000800679c       0x34 obj/Release/src/main/Tuareg_service_functions.o
                0x000000000800679c                request_service_mode
 .text.activate_fuel_pump
                0x00000000080067d0       0x5c obj/Release/src/main/Tuareg_service_functions.o
                0x00000000080067d0                activate_fuel_pump
 .text.deactivate_fuel_pump
                0x000000000800682c       0x28 obj/Release/src/main/Tuareg_service_functions.o
                0x000000000800682c                deactivate_fuel_pump
 .text.fuel_pump_periodic_update
                0x0000000008006854       0x24 obj/Release/src/main/Tuareg_service_functions.o
                0x0000000008006854                fuel_pump_periodic_update
 .text.activate_injector1
                0x0000000008006878       0x84 obj/Release/src/main/Tuareg_service_functions.o
                0x0000000008006878                activate_injector1
 .text.deactivate_injector1
                0x00000000080068fc       0x2c obj/Release/src/main/Tuareg_service_functions.o
                0x00000000080068fc                deactivate_injector1
 .text.injector1_periodic_update
                0x0000000008006928       0x5c obj/Release/src/main/Tuareg_service_functions.o
                0x0000000008006928                injector1_periodic_update
 .text.activate_injector2
                0x0000000008006984       0x84 obj/Release/src/main/Tuareg_service_functions.o
                0x0000000008006984                activate_injector2
 .text.deactivate_injector2
                0x0000000008006a08       0x2c obj/Release/src/main/Tuareg_service_functions.o
                0x0000000008006a08                deactivate_injector2
 .text.injector2_periodic_update
                0x0000000008006a34       0x5c obj/Release/src/main/Tuareg_service_functions.o
                0x0000000008006a34                injector2_periodic_update
 .text.activate_coil1
                0x0000000008006a90       0xa4 obj/Release/src/main/Tuareg_service_functions.o
                0x0000000008006a90                activate_coil1
 .text.deactivate_coil1
                0x0000000008006b34       0x2c obj/Release/src/main/Tuareg_service_functions.o
                0x0000000008006b34                deactivate_coil1
 .text.coil1_periodic_update
                0x0000000008006b60       0x5c obj/Release/src/main/Tuareg_service_functions.o
                0x0000000008006b60                coil1_periodic_update
 .text.activate_coil2
                0x0000000008006bbc       0xa4 obj/Release/src/main/Tuareg_service_functions.o
                0x0000000008006bbc                activate_coil2
 .text.deactivate_coil2
                0x0000000008006c60       0x2c obj/Release/src/main/Tuareg_service_functions.o
                0x0000000008006c60                deactivate_coil2
 .text.request_service_activation
                0x0000000008006c8c       0x94 obj/Release/src/main/Tuareg_service_functions.o
                0x0000000008006c8c                request_service_activation
 .text.coil2_periodic_update
                0x0000000008006d20       0x5c obj/Release/src/main/Tuareg_service_functions.o
                0x0000000008006d20                coil2_periodic_update
 .text.service_functions_periodic_update
                0x0000000008006d7c       0x40 obj/Release/src/main/Tuareg_service_functions.o
                0x0000000008006d7c                service_functions_periodic_update
 .text.update_process_table
                0x0000000008006dbc       0xc0 obj/Release/src/process_table/process_table.o
                0x0000000008006dbc                update_process_table
 .text.get_position_from_index
                0x0000000008006e7c       0x5c obj/Release/src/process_table/process_table.o
                0x0000000008006e7c                get_position_from_index
 .text.get_index_from_position
                0x0000000008006ed8       0x38 obj/Release/src/process_table/process_table.o
                0x0000000008006ed8                get_index_from_position
 .text.find_process_position_before
                0x0000000008006f10       0x4c obj/Release/src/process_table/process_table.o
                0x0000000008006f10                find_process_position_before
 .text.get_process_advance
                0x0000000008006f5c       0x34 obj/Release/src/process_table/process_table.o
                0x0000000008006f5c                get_process_advance
 .text.print_process_table
                0x0000000008006f90       0x9c obj/Release/src/process_table/process_table.o
                0x0000000008006f90                print_process_table
 .text.sensors_start_regular_group_conversion
                0x000000000800702c        0xc obj/Release/src/sensors/analog_sensors.o
                0x000000000800702c                sensors_start_regular_group_conversion
 .text.sensors_start_injected_group_conversion
                0x0000000008007038        0xc obj/Release/src/sensors/analog_sensors.o
                0x0000000008007038                sensors_start_injected_group_conversion
 .text.init_analog_sensors
                0x0000000008007044      0x2d8 obj/Release/src/sensors/analog_sensors.o
                0x0000000008007044                init_analog_sensors
 .text.update_analog_sensor
                0x000000000800731c       0xdc obj/Release/src/sensors/analog_sensors.o
                0x000000000800731c                update_analog_sensor
 .text.ADC_IRQHandler
                0x00000000080073f8       0x6c obj/Release/src/sensors/analog_sensors.o
                0x00000000080073f8                ADC_IRQHandler
 .text.DMA2_Stream0_IRQHandler
                0x0000000008007464       0x9c obj/Release/src/sensors/analog_sensors.o
                0x0000000008007464                DMA2_Stream0_IRQHandler
 .text.reset_dsensor_integrator
                0x0000000008007500       0x2c obj/Release/src/sensors/digital_sensors.o
                0x0000000008007500                reset_dsensor_integrator
 .text.init_digital_sensors
                0x000000000800752c       0x88 obj/Release/src/sensors/digital_sensors.o
                0x000000000800752c                init_digital_sensors
 .text.read_dsensors
                0x00000000080075b4       0x64 obj/Release/src/sensors/digital_sensors.o
                0x00000000080075b4                read_dsensors
 .text.update_digital_sensors
                0x0000000008007618       0x6c obj/Release/src/sensors/digital_sensors.o
                0x0000000008007618                update_digital_sensors
 .text.load_Sensor_Calibration
                0x0000000008007684       0x2c obj/Release/src/sensors/sensor_calibration.o
                0x0000000008007684                load_Sensor_Calibration
 .text.store_Sensor_Calibration
                0x00000000080076b0       0x10 obj/Release/src/sensors/sensor_calibration.o
                0x00000000080076b0                store_Sensor_Calibration
 .text.show_Sensor_Calibration
                0x00000000080076c0       0x30 obj/Release/src/sensors/sensor_calibration.o
                0x00000000080076c0                show_Sensor_Calibration
 .text.modify_Sensor_Calibration
                0x00000000080076f0       0x18 obj/Release/src/sensors/sensor_calibration.o
                0x00000000080076f0                modify_Sensor_Calibration
 .text.send_Sensor_Calibration
                0x0000000008007708        0xc obj/Release/src/sensors/sensor_calibration.o
                0x0000000008007708                send_Sensor_Calibration
 .text.store_InvTableCLT
                0x0000000008007714       0x10 obj/Release/src/sensors/sensor_calibration.o
                0x0000000008007714                store_InvTableCLT
 .text.show_InvTableCLT
                0x0000000008007724       0x20 obj/Release/src/sensors/sensor_calibration.o
                0x0000000008007724                show_InvTableCLT
 .text.modify_InvTableCLT
                0x0000000008007744       0x10 obj/Release/src/sensors/sensor_calibration.o
                0x0000000008007744                modify_InvTableCLT
 .text.send_InvTableCLT
                0x0000000008007754        0xc obj/Release/src/sensors/sensor_calibration.o
                0x0000000008007754                send_InvTableCLT
 .text.getValue_InvTableCLT
                0x0000000008007760       0x1c obj/Release/src/sensors/sensor_calibration.o
                0x0000000008007760                getValue_InvTableCLT
 .text.sensors_diag_log_event
                0x000000000800777c       0x28 obj/Release/src/sensors/sensors_diag.o
                0x000000000800777c                sensors_diag_log_event
 .text.print_sensors_diag
                0x00000000080077a4       0x68 obj/Release/src/sensors/sensors_diag.o
                0x00000000080077a4                print_sensors_diag
 .text.Tuareg_update_MAP_sensor
                0x000000000800780c       0x5c obj/Release/src/sensors/Tuareg_sensors.o
                0x000000000800780c                Tuareg_update_MAP_sensor
 .text.Tuareg_update_O2_sensor
                0x0000000008007868       0x54 obj/Release/src/sensors/Tuareg_sensors.o
                0x0000000008007868                Tuareg_update_O2_sensor
 .text.Tuareg_update_TPS_sensor
                0x00000000080078bc       0x54 obj/Release/src/sensors/Tuareg_sensors.o
                0x00000000080078bc                Tuareg_update_TPS_sensor
 .text.Tuareg_update_IAT_sensor
                0x0000000008007910       0x64 obj/Release/src/sensors/Tuareg_sensors.o
                0x0000000008007910                Tuareg_update_IAT_sensor
 .text.Tuareg_update_CLT_sensor
                0x0000000008007974       0x68 obj/Release/src/sensors/Tuareg_sensors.o
                0x0000000008007974                Tuareg_update_CLT_sensor
 .text.Tuareg_update_VBAT_sensor
                0x00000000080079dc       0x58 obj/Release/src/sensors/Tuareg_sensors.o
                0x00000000080079dc                Tuareg_update_VBAT_sensor
 .text.Tuareg_update_KNOCK_sensor
                0x0000000008007a34       0x58 obj/Release/src/sensors/Tuareg_sensors.o
                0x0000000008007a34                Tuareg_update_KNOCK_sensor
 .text.Tuareg_update_BARO_sensor
                0x0000000008007a8c       0x5c obj/Release/src/sensors/Tuareg_sensors.o
                0x0000000008007a8c                Tuareg_update_BARO_sensor
 .text.Tuareg_update_GEAR_sensor
                0x0000000008007ae8       0x74 obj/Release/src/sensors/Tuareg_sensors.o
                0x0000000008007ae8                Tuareg_update_GEAR_sensor
 .text.init_Sensors
                0x0000000008007b5c       0xf0 obj/Release/src/sensors/Tuareg_sensors.o
                0x0000000008007b5c                init_Sensors
 .text.adc_set_regular_group
                0x0000000008007c4c       0x6e obj/Release/src/stm32_libs/stm32f4xx/boctok/stm32f4xx_adc_boctok.o
                0x0000000008007c4c                adc_set_regular_group
 .text.adc_set_regular_group_length
                0x0000000008007cba       0x18 obj/Release/src/stm32_libs/stm32f4xx/boctok/stm32f4xx_adc_boctok.o
                0x0000000008007cba                adc_set_regular_group_length
 .text.adc_set_sample_time
                0x0000000008007cd2       0x3c obj/Release/src/stm32_libs/stm32f4xx/boctok/stm32f4xx_adc_boctok.o
                0x0000000008007cd2                adc_set_sample_time
 .text.adc_start_regular_group
                0x0000000008007d0e        0xa obj/Release/src/stm32_libs/stm32f4xx/boctok/stm32f4xx_adc_boctok.o
                0x0000000008007d0e                adc_start_regular_group
 .text.adc_start_injected_group
                0x0000000008007d18        0xa obj/Release/src/stm32_libs/stm32f4xx/boctok/stm32f4xx_adc_boctok.o
                0x0000000008007d18                adc_start_injected_group
 *fill*         0x0000000008007d22        0x2 
 .text.getScbDump
                0x0000000008007d24       0x24 obj/Release/src/stm32_libs/stm32f4xx/boctok/stm32f4xx_fault_handler_boctok.o
                0x0000000008007d24                getScbDump
 .text.getStackRegisters
                0x0000000008007d48       0x30 obj/Release/src/stm32_libs/stm32f4xx/boctok/stm32f4xx_fault_handler_boctok.o
                0x0000000008007d48                getStackRegisters
 .text.HardFault_Handler
                0x0000000008007d78       0x28 obj/Release/src/stm32_libs/stm32f4xx/boctok/stm32f4xx_fault_handler_boctok.o
                0x0000000008007d78                HardFault_Handler
 .text.NMI_Handler
                0x0000000008007da0       0x28 obj/Release/src/stm32_libs/stm32f4xx/boctok/stm32f4xx_fault_handler_boctok.o
                0x0000000008007da0                NMI_Handler
 .text.MemManage_Handler
                0x0000000008007dc8       0x28 obj/Release/src/stm32_libs/stm32f4xx/boctok/stm32f4xx_fault_handler_boctok.o
                0x0000000008007dc8                MemManage_Handler
 .text.BusFault_Handler
                0x0000000008007df0       0x28 obj/Release/src/stm32_libs/stm32f4xx/boctok/stm32f4xx_fault_handler_boctok.o
                0x0000000008007df0                BusFault_Handler
 .text.UsageFault_Handler
                0x0000000008007e18       0x28 obj/Release/src/stm32_libs/stm32f4xx/boctok/stm32f4xx_fault_handler_boctok.o
                0x0000000008007e18                UsageFault_Handler
 .text.SVC_Handler
                0x0000000008007e40       0x28 obj/Release/src/stm32_libs/stm32f4xx/boctok/stm32f4xx_fault_handler_boctok.o
                0x0000000008007e40                SVC_Handler
 .text.DebugMon_Handler
                0x0000000008007e68       0x28 obj/Release/src/stm32_libs/stm32f4xx/boctok/stm32f4xx_fault_handler_boctok.o
                0x0000000008007e68                DebugMon_Handler
 .text.PendSV_Handler
                0x0000000008007e90       0x28 obj/Release/src/stm32_libs/stm32f4xx/boctok/stm32f4xx_fault_handler_boctok.o
                0x0000000008007e90                PendSV_Handler
 .text.WWDG_IRQHandler
                0x0000000008007eb8       0x28 obj/Release/src/stm32_libs/stm32f4xx/boctok/stm32f4xx_fault_handler_boctok.o
                0x0000000008007eb8                WWDG_IRQHandler
 .text.FPU_IRQHandler
                0x0000000008007ee0       0x28 obj/Release/src/stm32_libs/stm32f4xx/boctok/stm32f4xx_fault_handler_boctok.o
                0x0000000008007ee0                FPU_IRQHandler
 .text.GPIO_configure
                0x0000000008007f08       0x6c obj/Release/src/stm32_libs/stm32f4xx/boctok/stm32f4xx_gpio_boctok.o
                0x0000000008007f08                GPIO_configure
 .text.SYSCFG_map_EXTI
                0x0000000008007f74       0x98 obj/Release/src/stm32_libs/stm32f4xx/boctok/stm32f4xx_gpio_boctok.o
                0x0000000008007f74                SYSCFG_map_EXTI
 .text.gpio_set_pin
                0x000000000800800c       0x36 obj/Release/src/stm32_libs/stm32f4xx/boctok/stm32f4xx_gpio_boctok.o
                0x000000000800800c                gpio_set_pin
 .text.GPIO_SetAF
                0x0000000008008042       0x44 obj/Release/src/stm32_libs/stm32f4xx/boctok/stm32f4xx_gpio_boctok.o
                0x0000000008008042                GPIO_SetAF
 *fill*         0x0000000008008086        0x2 
 .text.Reset_Handler
                0x0000000008008088       0x50 obj/Release/src/stm32_libs/stm32f4xx/cmsis/startup_stm32f410xx.o
                0x0000000008008088                Reset_Handler
 .text.Default_Handler
                0x00000000080080d8        0x2 obj/Release/src/stm32_libs/stm32f4xx/cmsis/startup_stm32f410xx.o
                0x00000000080080d8                RTC_Alarm_IRQHandler
                0x00000000080080d8                FMPI2C1_EV_IRQHandler
                0x00000000080080d8                TIM1_CC_IRQHandler
                0x00000000080080d8                DMA2_Stream5_IRQHandler
                0x00000000080080d8                DMA1_Stream5_IRQHandler
                0x00000000080080d8                PVD_IRQHandler
                0x00000000080080d8                TAMP_STAMP_IRQHandler
                0x00000000080080d8                EXTI3_IRQHandler
                0x00000000080080d8                I2C2_EV_IRQHandler
                0x00000000080080d8                DMA1_Stream2_IRQHandler
                0x00000000080080d8                DMA2_Stream2_IRQHandler
                0x00000000080080d8                SPI1_IRQHandler
                0x00000000080080d8                TIM6_DAC_IRQHandler
                0x00000000080080d8                DMA2_Stream3_IRQHandler
                0x00000000080080d8                USART6_IRQHandler
                0x00000000080080d8                I2C1_EV_IRQHandler
                0x00000000080080d8                DMA1_Stream6_IRQHandler
                0x00000000080080d8                DMA1_Stream1_IRQHandler
                0x00000000080080d8                RCC_IRQHandler
                0x00000000080080d8                Default_Handler
                0x00000000080080d8                EXTI15_10_IRQHandler
                0x00000000080080d8                DMA1_Stream7_IRQHandler
                0x00000000080080d8                SPI5_IRQHandler
                0x00000000080080d8                DMA2_Stream7_IRQHandler
                0x00000000080080d8                EXTI9_5_IRQHandler
                0x00000000080080d8                RTC_WKUP_IRQHandler
                0x00000000080080d8                SPI2_IRQHandler
                0x00000000080080d8                DMA1_Stream0_IRQHandler
                0x00000000080080d8                FMPI2C1_ER_IRQHandler
                0x00000000080080d8                EXTI4_IRQHandler
                0x00000000080080d8                RNG_IRQHandler
                0x00000000080080d8                TIM1_UP_IRQHandler
                0x00000000080080d8                TIM1_TRG_COM_TIM11_IRQHandler
                0x00000000080080d8                USART2_IRQHandler
                0x00000000080080d8                I2C2_ER_IRQHandler
                0x00000000080080d8                DMA2_Stream1_IRQHandler
                0x00000000080080d8                FLASH_IRQHandler
                0x00000000080080d8                DMA2_Stream4_IRQHandler
                0x00000000080080d8                DMA1_Stream4_IRQHandler
                0x00000000080080d8                I2C1_ER_IRQHandler
                0x00000000080080d8                LPTIM1_IRQHandler
                0x00000000080080d8                DMA2_Stream6_IRQHandler
                0x00000000080080d8                DMA1_Stream3_IRQHandler
 .text._init    0x00000000080080da        0x2 obj/Release/src/stm32_libs/stm32f4xx/cmsis/system_hse100_stm32f410.o
                0x00000000080080da                _init
 .text.SystemInit
                0x00000000080080dc       0xf0 obj/Release/src/stm32_libs/stm32f4xx/cmsis/system_hse100_stm32f410.o
                0x00000000080080dc                SystemInit
 .text.NVIC_PriorityGroupConfig
                0x00000000080081cc       0x14 obj/Release/src/stm32_libs/stm32f4xx/spl/misc.o
                0x00000000080081cc                NVIC_PriorityGroupConfig
 .text.DMA_Init
                0x00000000080081e0       0x54 obj/Release/src/stm32_libs/stm32f4xx/spl/stm32f4xx_dma.o
                0x00000000080081e0                DMA_Init
 .text.DMA_StructInit
                0x0000000008008234       0x22 obj/Release/src/stm32_libs/stm32f4xx/spl/stm32f4xx_dma.o
                0x0000000008008234                DMA_StructInit
 *fill*         0x0000000008008256        0x2 
 .text.I2C_Init
                0x0000000008008258       0xc8 obj/Release/src/stm32_libs/stm32f4xx/spl/stm32f4xx_i2c.o
                0x0000000008008258                I2C_Init
 .text.I2C_Cmd  0x0000000008008320       0x16 obj/Release/src/stm32_libs/stm32f4xx/spl/stm32f4xx_i2c.o
                0x0000000008008320                I2C_Cmd
 .text.I2C_GenerateSTART
                0x0000000008008336       0x16 obj/Release/src/stm32_libs/stm32f4xx/spl/stm32f4xx_i2c.o
                0x0000000008008336                I2C_GenerateSTART
 .text.I2C_GenerateSTOP
                0x000000000800834c       0x16 obj/Release/src/stm32_libs/stm32f4xx/spl/stm32f4xx_i2c.o
                0x000000000800834c                I2C_GenerateSTOP
 .text.I2C_Send7bitAddress
                0x0000000008008362       0x12 obj/Release/src/stm32_libs/stm32f4xx/spl/stm32f4xx_i2c.o
                0x0000000008008362                I2C_Send7bitAddress
 .text.I2C_AcknowledgeConfig
                0x0000000008008374       0x16 obj/Release/src/stm32_libs/stm32f4xx/spl/stm32f4xx_i2c.o
                0x0000000008008374                I2C_AcknowledgeConfig
 .text.I2C_SendData
                0x000000000800838a        0x4 obj/Release/src/stm32_libs/stm32f4xx/spl/stm32f4xx_i2c.o
                0x000000000800838a                I2C_SendData
 .text.I2C_ReceiveData
                0x000000000800838e        0x6 obj/Release/src/stm32_libs/stm32f4xx/spl/stm32f4xx_i2c.o
                0x000000000800838e                I2C_ReceiveData
 .text.I2C_CheckEvent
                0x0000000008008394       0x16 obj/Release/src/stm32_libs/stm32f4xx/spl/stm32f4xx_i2c.o
                0x0000000008008394                I2C_CheckEvent
 .text.I2C_GetFlagStatus
                0x00000000080083aa       0x34 obj/Release/src/stm32_libs/stm32f4xx/spl/stm32f4xx_i2c.o
                0x00000000080083aa                I2C_GetFlagStatus
 .text.I2C_ClearFlag
                0x00000000080083de        0x8 obj/Release/src/stm32_libs/stm32f4xx/spl/stm32f4xx_i2c.o
                0x00000000080083de                I2C_ClearFlag
 *fill*         0x00000000080083e6        0x2 
 .text.RCC_GetClocksFreq
                0x00000000080083e8       0x88 obj/Release/src/stm32_libs/stm32f4xx/spl/stm32f4xx_rcc.o
                0x00000000080083e8                RCC_GetClocksFreq
 .text.USART_Init
                0x0000000008008470       0xb0 obj/Release/src/stm32_libs/stm32f4xx/spl/stm32f4xx_usart.o
                0x0000000008008470                USART_Init
 .text.USART_Cmd
                0x0000000008008520       0x16 obj/Release/src/stm32_libs/stm32f4xx/spl/stm32f4xx_usart.o
                0x0000000008008520                USART_Cmd
 .text.USART_ReceiveData
                0x0000000008008536        0x8 obj/Release/src/stm32_libs/stm32f4xx/spl/stm32f4xx_usart.o
                0x0000000008008536                USART_ReceiveData
 .text.USART_ITConfig
                0x000000000800853e       0x32 obj/Release/src/stm32_libs/stm32f4xx/spl/stm32f4xx_usart.o
                0x000000000800853e                USART_ITConfig
 .text.Eeprom_init
                0x0000000008008570       0xa0 obj/Release/src/storage/eeprom.o
                0x0000000008008570                Eeprom_init
 .text.eeprom_wait
                0x0000000008008610       0xb0 obj/Release/src/storage/eeprom.o
                0x0000000008008610                eeprom_wait
 .text.eeprom_write_byte
                0x00000000080086c0      0x104 obj/Release/src/storage/eeprom.o
                0x00000000080086c0                eeprom_write_byte
 .text.eeprom_read_byte
                0x00000000080087c4      0x188 obj/Release/src/storage/eeprom.o
                0x00000000080087c4                eeprom_read_byte
 .text.eeprom_update_byte
                0x000000000800894c       0x58 obj/Release/src/storage/eeprom.o
                0x000000000800894c                eeprom_update_byte
 .text.Eeprom_load_data
                0x00000000080089a4       0x40 obj/Release/src/storage/eeprom.o
                0x00000000080089a4                Eeprom_load_data
 .text.Eeprom_update_data
                0x00000000080089e4       0x38 obj/Release/src/storage/eeprom.o
                0x00000000080089e4                Eeprom_update_data
 .text.getValue_t2D
                0x0000000008008a1c       0xb8 obj/Release/src/storage/table.o
                0x0000000008008a1c                getValue_t2D
 .text.getValue_t3D
                0x0000000008008ad4      0x2c6 obj/Release/src/storage/table.o
                0x0000000008008ad4                getValue_t3D
 .text.load_t2D_data
                0x0000000008008d9a        0xc obj/Release/src/storage/table.o
                0x0000000008008d9a                load_t2D_data
 .text.load_t2D
                0x0000000008008da6        0xe obj/Release/src/storage/table.o
                0x0000000008008da6                load_t2D
 .text.load_t3D_data
                0x0000000008008db4        0xe obj/Release/src/storage/table.o
                0x0000000008008db4                load_t3D_data
 .text.store_t2D_data
                0x0000000008008dc2        0xc obj/Release/src/storage/table.o
                0x0000000008008dc2                store_t2D_data
 .text.store_t2D
                0x0000000008008dce        0xe obj/Release/src/storage/table.o
                0x0000000008008dce                store_t2D
 .text.store_t3D_data
                0x0000000008008ddc        0xe obj/Release/src/storage/table.o
                0x0000000008008ddc                store_t3D_data
 *fill*         0x0000000008008dea        0x2 
 .text.show_t3D_data
                0x0000000008008dec       0xa4 obj/Release/src/storage/table.o
                0x0000000008008dec                show_t3D_data
 .text.show_t2D_data
                0x0000000008008e90       0x60 obj/Release/src/storage/table.o
                0x0000000008008e90                show_t2D_data
 .text.modify_t2D_data
                0x0000000008008ef0        0xe obj/Release/src/storage/table.o
                0x0000000008008ef0                modify_t2D_data
 .text.modify_t3D_data
                0x0000000008008efe       0x10 obj/Release/src/storage/table.o
                0x0000000008008efe                modify_t3D_data
 .text.send_t2D_data
                0x0000000008008f0e        0x6 obj/Release/src/storage/table.o
                0x0000000008008f0e                send_t2D_data
 .text.send_t3D_data
                0x0000000008008f14        0x8 obj/Release/src/storage/table.o
                0x0000000008008f14                send_t3D_data
 .text.allocate_timer_channel_1
                0x0000000008008f1c       0x3c obj/Release/src/timing/scheduler.o
                0x0000000008008f1c                allocate_timer_channel_1
 .text.reset_timer_channel_1
                0x0000000008008f58       0x30 obj/Release/src/timing/scheduler.o
                0x0000000008008f58                reset_timer_channel_1
 .text.allocate_timer_channel_2
                0x0000000008008f88       0x3c obj/Release/src/timing/scheduler.o
                0x0000000008008f88                allocate_timer_channel_2
 .text.reset_timer_channel_2
                0x0000000008008fc4       0x30 obj/Release/src/timing/scheduler.o
                0x0000000008008fc4                reset_timer_channel_2
 .text.allocate_timer_channel_3
                0x0000000008008ff4       0x3c obj/Release/src/timing/scheduler.o
                0x0000000008008ff4                allocate_timer_channel_3
 .text.reset_timer_channel_3
                0x0000000008009030       0x30 obj/Release/src/timing/scheduler.o
                0x0000000008009030                reset_timer_channel_3
 .text.allocate_timer_channel_4
                0x0000000008009060       0x3c obj/Release/src/timing/scheduler.o
                0x0000000008009060                allocate_timer_channel_4
 .text.reset_timer_channel_4
                0x000000000800909c       0x30 obj/Release/src/timing/scheduler.o
                0x000000000800909c                reset_timer_channel_4
 .text.init_Vital_Scheduler
                0x00000000080090cc       0xd0 obj/Release/src/timing/scheduler.o
                0x00000000080090cc                init_Vital_Scheduler
 .text.scheduler_reset_channel
                0x000000000800919c       0x44 obj/Release/src/timing/scheduler.o
                0x000000000800919c                scheduler_reset_channel
 .text.allocate_channel
                0x00000000080091e0       0x8c obj/Release/src/timing/scheduler.o
                0x00000000080091e0                allocate_channel
 .text.scheduler_set_channel
                0x000000000800926c      0x108 obj/Release/src/timing/scheduler.o
                0x000000000800926c                scheduler_set_channel
 .text.TIM5_IRQHandler
                0x0000000008009374      0x128 obj/Release/src/timing/scheduler.o
                0x0000000008009374                TIM5_IRQHandler
 .text.scheduler_diag_log_event
                0x000000000800949c       0x28 obj/Release/src/timing/scheduler_diag.o
                0x000000000800949c                scheduler_diag_log_event
 .text.print_scheduler_diag
                0x00000000080094c4       0x68 obj/Release/src/timing/scheduler_diag.o
                0x00000000080094c4                print_scheduler_diag
 .text.init_systick_timer
                0x000000000800952c       0x24 obj/Release/src/timing/systick_timer.o
                0x000000000800952c                init_systick_timer
 .text.get_timestamp_fraction_us
                0x0000000008009550       0x24 obj/Release/src/timing/systick_timer.o
                0x0000000008009550                get_timestamp_fraction_us
 .text.SysTick_Handler
                0x0000000008009574       0xf4 obj/Release/src/timing/systick_timer.o
                0x0000000008009574                SysTick_Handler
 .text.calc_rot_duration_us
                0x0000000008009668        0xc obj/Release/src/utils/base_calc.o
                0x0000000008009668                calc_rot_duration_us
 .text.calc_rot_angle_deg
                0x0000000008009674       0x20 obj/Release/src/utils/base_calc.o
                0x0000000008009674                calc_rot_angle_deg
 .text.calc_rpm
                0x0000000008009694       0x20 obj/Release/src/utils/base_calc.o
                0x0000000008009694                calc_rpm
 .text.sub_VU32
                0x00000000080096b4       0x14 obj/Release/src/utils/base_calc.o
                0x00000000080096b4                sub_VU32
 .text.subtract_U32
                0x00000000080096c8        0xa obj/Release/src/utils/base_calc.o
                0x00000000080096c8                subtract_U32
 .text.divide_U32
                0x00000000080096d2       0x18 obj/Release/src/utils/base_calc.o
                0x00000000080096d2                divide_U32
 *fill*         0x00000000080096ea        0x2 
 .text.divide_F32
                0x00000000080096ec       0x2c obj/Release/src/utils/base_calc.o
                0x00000000080096ec                divide_F32
 .text.divide_float
                0x0000000008009718       0x28 obj/Release/src/utils/base_calc.o
                0x0000000008009718                divide_float
 .text.crank_position_after
                0x0000000008009740       0x14 obj/Release/src/utils/base_calc.o
                0x0000000008009740                crank_position_after
 .text.opposite_phase
                0x0000000008009754       0x10 obj/Release/src/utils/base_calc.o
                0x0000000008009754                opposite_phase
 .text.solve_linear
                0x0000000008009764       0x48 obj/Release/src/utils/base_calc.o
                0x0000000008009764                solve_linear
 .text.calc_ema
                0x00000000080097ac       0x42 obj/Release/src/utils/base_calc.o
                0x00000000080097ac                calc_ema
 *fill*         0x00000000080097ee        0x2 
 .text.calc_derivative_s
                0x00000000080097f0       0x44 obj/Release/src/utils/base_calc.o
                0x00000000080097f0                calc_derivative_s
 .text.calc_pow_float
                0x0000000008009834       0x22 obj/Release/src/utils/base_calc.o
                0x0000000008009834                calc_pow_float
 *fill*         0x0000000008009856        0x2 
 .text.calc_expf
                0x0000000008009858       0x80 obj/Release/src/utils/base_calc.o
                0x0000000008009858                calc_expf
 .text.getBit_BF8
                0x00000000080098d8       0x26 obj/Release/src/utils/bitfields.o
                0x00000000080098d8                getBit_BF8
 *fill*         0x00000000080098fe        0x2 
 .text.__libc_init_array
                0x0000000008009900       0x48 /opt/gcc-arm-none-eabi-7-2017-q4-major/bin/../lib/gcc/arm-none-eabi/7.2.1/../../../../arm-none-eabi/lib/thumb/v7e-m/fpv4-sp/hard/libc.a(lib_a-init.o)
                0x0000000008009900                __libc_init_array
 *(.rodata)
 .rodata        0x0000000008009948       0x17 obj/Release/src/com/Tuareg_console.o
                0x0000000008009948                Tuareg_Version
 .rodata        0x000000000800995f      0x208 obj/Release/src/decoder/decoder_diag.o
                0x000000000800995f                decoder_diag_legend
 .rodata        0x0000000008009b67      0x348 obj/Release/src/fueling/fueling_diag.o
                0x0000000008009b67                fueling_diag_legend