Archive member included to satisfy reference by file (symbol)

/opt/gcc-arm-none-eabi-7-2017-q4-major/bin/../lib/gcc/arm-none-eabi/7.2.1/../../../../arm-none-eabi/lib/thumb/v7e-m/fpv4-sp/hard/libc.a(lib_a-init.o)
                              obj/Release/src/stm32_libs/stm32f4xx/cmsis/startup_stm32f410xx.o (__libc_init_array)

Discarded input sections

 .text          0x0000000000000000        0x0 obj/Release/src/actors/act_hw.o
 .data          0x0000000000000000        0x0 obj/Release/src/actors/act_hw.o
 .bss           0x0000000000000000        0x0 obj/Release/src/actors/act_hw.o
 .text.set_act1
                0x0000000000000000       0x20 obj/Release/src/actors/act_hw.o
 .text.set_act2
                0x0000000000000000       0x20 obj/Release/src/actors/act_hw.o
 .text.init_act_hw
                0x0000000000000000       0x4c obj/Release/src/actors/act_hw.o
 .comment       0x0000000000000000       0x7f obj/Release/src/actors/act_hw.o
 .ARM.attributes
                0x0000000000000000       0x39 obj/Release/src/actors/act_hw.o
 .text          0x0000000000000000        0x0 obj/Release/src/actors/act_logic.o
 .data          0x0000000000000000        0x0 obj/Release/src/actors/act_logic.o
 .bss           0x0000000000000000        0x0 obj/Release/src/actors/act_logic.o
 .text.init_act_logic
                0x0000000000000000        0x2 obj/Release/src/actors/act_logic.o
 .comment       0x0000000000000000       0x7f obj/Release/src/actors/act_logic.o
 .ARM.attributes
                0x0000000000000000       0x39 obj/Release/src/actors/act_logic.o
 .text          0x0000000000000000        0x0 obj/Release/src/com/serial_buffer.o
 .data          0x0000000000000000        0x0 obj/Release/src/com/serial_buffer.o
 .bss           0x0000000000000000        0x0 obj/Release/src/com/serial_buffer.o
 .text          0x0000000000000000        0x0 obj/Release/src/com/serial_monitor.o
 .data          0x0000000000000000        0x0 obj/Release/src/com/serial_monitor.o
 .bss           0x0000000000000000        0x0 obj/Release/src/com/serial_monitor.o
 .comment       0x0000000000000000       0x7f obj/Release/src/com/serial_monitor.o
 .ARM.attributes
                0x0000000000000000       0x39 obj/Release/src/com/serial_monitor.o
 .text          0x0000000000000000        0x0 obj/Release/src/com/Tuareg_console.o
 .data          0x0000000000000000        0x0 obj/Release/src/com/Tuareg_console.o
 .bss           0x0000000000000000        0x0 obj/Release/src/com/Tuareg_console.o
 .rodata.cTSmaxChunkLen
                0x0000000000000000        0x4 obj/Release/src/com/Tuareg_console.o
 .rodata.cTSmaxOffset
                0x0000000000000000        0x4 obj/Release/src/com/Tuareg_console.o
 .text          0x0000000000000000        0x0 obj/Release/src/com/TunerStudio.o
 .data          0x0000000000000000        0x0 obj/Release/src/com/TunerStudio.o
 .bss           0x0000000000000000        0x0 obj/Release/src/com/TunerStudio.o
 .text          0x0000000000000000        0x0 obj/Release/src/com/TunerStudio_outChannel.o
 .data          0x0000000000000000        0x0 obj/Release/src/com/TunerStudio_outChannel.o
 .bss           0x0000000000000000        0x0 obj/Release/src/com/TunerStudio_outChannel.o
 .rodata.cOut_size
                0x0000000000000000        0x4 obj/Release/src/com/TunerStudio_outChannel.o
 .rodata.pOut_data
                0x0000000000000000        0x4 obj/Release/src/com/TunerStudio_outChannel.o
 .text          0x0000000000000000        0x0 obj/Release/src/com/TunerStudio_service.o
 .data          0x0000000000000000        0x0 obj/Release/src/com/TunerStudio_service.o
 .bss           0x0000000000000000        0x0 obj/Release/src/com/TunerStudio_service.o
 .text          0x0000000000000000        0x0 obj/Release/src/com/uart.o
 .data          0x0000000000000000        0x0 obj/Release/src/com/uart.o
 .bss           0x0000000000000000        0x0 obj/Release/src/com/uart.o
 .text.UART_listen
                0x0000000000000000        0xa obj/Release/src/com/uart.o
 .text.UART_nolisten
                0x0000000000000000        0xa obj/Release/src/com/uart.o
 .text          0x0000000000000000        0x0 obj/Release/src/com/uart_printf.o
 .data          0x0000000000000000        0x0 obj/Release/src/com/uart_printf.o
 .bss           0x0000000000000000        0x0 obj/Release/src/com/uart_printf.o
 .text.printf_S
                0x0000000000000000       0x20 obj/Release/src/com/uart_printf.o
 .text.printf_U8
                0x0000000000000000       0x42 obj/Release/src/com/uart_printf.o
 .text.printf_U32hex
                0x0000000000000000       0x30 obj/Release/src/com/uart_printf.o
 .text          0x0000000000000000        0x0 obj/Release/src/config/Tuareg_control_sets.o
 .data          0x0000000000000000        0x0 obj/Release/src/config/Tuareg_control_sets.o
 .bss           0x0000000000000000        0x0 obj/Release/src/config/Tuareg_control_sets.o
 .text.load_Control_MAP
[...]
Memory Configuration

Name             Origin             Length             Attributes
FLASH            0x0000000008000000 0x0000000000020000 xr
RAM              0x0000000020000000 0x0000000000008000 xrw
MEMORY_B1        0x0000000060000000 0x0000000000000000 xr
*default*        0x0000000000000000 0xffffffffffffffff

Linker script and memory map

LOAD obj/Release/src/actors/act_hw.o
LOAD obj/Release/src/actors/act_logic.o
LOAD obj/Release/src/com/serial_buffer.o
LOAD obj/Release/src/com/serial_monitor.o
LOAD obj/Release/src/com/Tuareg_console.o
LOAD obj/Release/src/com/TunerStudio.o
LOAD obj/Release/src/com/TunerStudio_outChannel.o
LOAD obj/Release/src/com/TunerStudio_service.o
LOAD obj/Release/src/com/uart.o
LOAD obj/Release/src/com/uart_printf.o
LOAD obj/Release/src/config/Tuareg_control_sets.o
LOAD obj/Release/src/dash/dash_hw.o
LOAD obj/Release/src/dash/Tuareg_dash.o
LOAD obj/Release/src/debug/debug.o
LOAD obj/Release/src/debug/debug_port_messages.o
LOAD obj/Release/src/debug/dwt.o
LOAD obj/Release/src/decoder/decoder_cis.o
LOAD obj/Release/src/decoder/decoder_config.o
LOAD obj/Release/src/decoder/decoder_debug.o
LOAD obj/Release/src/decoder/decoder_diag.o
LOAD obj/Release/src/decoder/decoder_hw.o
LOAD obj/Release/src/decoder/decoder_logic.o
LOAD obj/Release/src/decoder/Tuareg_decoder.o
LOAD obj/Release/src/diagnostics/diagnostics.o
LOAD obj/Release/src/diagnostics/fault_log.o
LOAD obj/Release/src/diagnostics/highspeed_loggers.o
LOAD obj/Release/src/diagnostics/syslog.o
LOAD obj/Release/src/fueling/accel_comp.o
LOAD obj/Release/src/fueling/fueling_config.o
LOAD obj/Release/src/fueling/fueling_corrections.o
LOAD obj/Release/src/fueling/fueling_diag.o
LOAD obj/Release/src/fueling/fueling_hw.o
LOAD obj/Release/src/fueling/injector_parameters.o
LOAD obj/Release/src/fueling/Tuareg_fueling.o
LOAD obj/Release/src/fueling/Tuareg_fueling_controls.o
LOAD obj/Release/src/ignition/ignition_config.o
LOAD obj/Release/src/ignition/ignition_diag.o
LOAD obj/Release/src/ignition/ignition_hw.o
LOAD obj/Release/src/ignition/Tuareg_ignition.o
LOAD obj/Release/src/ignition/Tuareg_ignition_controls.o
LOAD obj/Release/src/main/main.o
LOAD obj/Release/src/main/Tuareg.o
LOAD obj/Release/src/main/Tuareg_config.o
LOAD obj/Release/src/main/Tuareg_controls.o
LOAD obj/Release/src/main/Tuareg_diag.o
LOAD obj/Release/src/main/Tuareg_errors.o
LOAD obj/Release/src/main/Tuareg_ID.o
LOAD obj/Release/src/main/Tuareg_process_data.o
LOAD obj/Release/src/main/Tuareg_service_functions.o
LOAD obj/Release/src/main/Tuareg_types.o
LOAD obj/Release/src/module_test/module_test.o
LOAD obj/Release/src/process_table/process_table.o
LOAD obj/Release/src/sensors/analog_sensors.o
LOAD obj/Release/src/sensors/digital_sensors.o
LOAD obj/Release/src/sensors/knock_sensor.o
LOAD obj/Release/src/sensors/sensor_calibration.o
LOAD obj/Release/src/sensors/sensors_diag.o
LOAD obj/Release/src/sensors/Tuareg_sensors.o
LOAD obj/Release/src/stm32_libs/stm32f4xx/boctok/stm32f4xx_adc_boctok.o
LOAD obj/Release/src/stm32_libs/stm32f4xx/boctok/stm32f4xx_fault_handler_boctok.o
LOAD obj/Release/src/stm32_libs/stm32f4xx/boctok/stm32f4xx_gpio_boctok.o
LOAD obj/Release/src/stm32_libs/stm32f4xx/cmsis/startup_stm32f410xx.o
LOAD obj/Release/src/stm32_libs/stm32f4xx/cmsis/system_hse100_stm32f410.o
LOAD obj/Release/src/stm32_libs/stm32f4xx/spl/misc.o
LOAD obj/Release/src/stm32_libs/stm32f4xx/spl/stm32f4xx_dma.o
LOAD obj/Release/src/stm32_libs/stm32f4xx/spl/stm32f4xx_i2c.o
LOAD obj/Release/src/stm32_libs/stm32f4xx/spl/stm32f4xx_rcc.o
LOAD obj/Release/src/stm32_libs/stm32f4xx/spl/stm32f4xx_usart.o
LOAD obj/Release/src/storage/ctrlset.o
LOAD obj/Release/src/storage/eeprom.o
LOAD obj/Release/src/storage/map.o
LOAD obj/Release/src/storage/table.o
LOAD obj/Release/src/timing/lowprio_scheduler.o
LOAD obj/Release/src/timing/scheduler.o
LOAD obj/Release/src/timing/scheduler_diag.o
LOAD obj/Release/src/timing/systick_timer.o
LOAD obj/Release/src/utils/base_calc.o
LOAD obj/Release/src/utils/bitfields.o
LOAD obj/Release/src/utils/conversion.o
                0x0000000020008000                _estack = 0x20008000
                0x0000000000000000                _Min_Heap_Size = 0x0
                0x0000000000000100                _Min_Stack_Size = 0x100

.isr_vector     0x0000000008000000      0x1c8
                0x0000000008000000                . = ALIGN (0x4)
 *(.isr_vector)
 .isr_vector    0x0000000008000000      0x1c8 obj/Release/src/stm32_libs/stm32f4xx/cmsis/startup_stm32f410xx.o
                0x0000000008000000                g_pfnVectors
                0x00000000080001c8                . = ALIGN (0x4)

.text           0x00000000080001c8     0xbec0
                0x00000000080001c8                . = ALIGN (0x4)
 *(.text)
 *(.text*)
 .text.ComRx_Buffer_reset
                0x00000000080001c8       0x3c obj/Release/src/com/serial_buffer.o
                0x00000000080001c8                ComRx_Buffer_reset
 .text.ComRx_Buffer_avail
                0x0000000008000204        0xc obj/Release/src/com/serial_buffer.o
                0x0000000008000204                ComRx_Buffer_avail
 .text.ComRx_Buffer_push
                0x0000000008000210       0x50 obj/Release/src/com/serial_buffer.o
                0x0000000008000210                ComRx_Buffer_push
 .text.ComRx_Buffer_pull
                0x0000000008000260       0x44 obj/Release/src/com/serial_buffer.o
                0x0000000008000260                ComRx_Buffer_pull
 .text.ComRx_Buffer_pull_U16
                0x00000000080002a4       0x30 obj/Release/src/com/serial_buffer.o
                0x00000000080002a4                ComRx_Buffer_pull_U16
 .text.ComRx_Buffer_pull_U32
                0x00000000080002d4       0x56 obj/Release/src/com/serial_buffer.o
                0x00000000080002d4                ComRx_Buffer_pull_U32
 *fill*         0x000000000800032a        0x2 
 .text.cli_showPage
                0x000000000800032c       0x84 obj/Release/src/com/Tuareg_console.o
                0x000000000800032c                cli_showPage
 .text.cli_setPermissions
                0x00000000080003b0      0x134 obj/Release/src/com/Tuareg_console.o
                0x00000000080003b0                cli_setPermissions
 .text.cli_show_help
                0x00000000080004e4       0x9c obj/Release/src/com/Tuareg_console.o
                0x00000000080004e4                cli_show_help
 .text.Tuareg_update_console
                0x0000000008000580      0x290 obj/Release/src/com/Tuareg_console.o
                0x0000000008000580                Tuareg_update_console
 .text.cli_cyclic_update
                0x0000000008000810       0x1c obj/Release/src/com/Tuareg_console.o
                0x0000000008000810                cli_cyclic_update
 .text.Tuareg_init_console
                0x000000000800082c       0x18 obj/Release/src/com/Tuareg_console.o
                0x000000000800082c                Tuareg_init_console
 .text.ts_readPage
                0x0000000008000844       0x8c obj/Release/src/com/TunerStudio.o
                0x0000000008000844                ts_readPage
 .text.ts_valueWrite
                0x00000000080008d0      0x150 obj/Release/src/com/TunerStudio.o
                0x00000000080008d0                ts_valueWrite
 .text.ts_burnPage
                0x0000000008000a20       0xa0 obj/Release/src/com/TunerStudio.o
                0x0000000008000a20                ts_burnPage
 .text.ts_tuareg_bits
                0x0000000008000ac0      0x1f0 obj/Release/src/com/TunerStudio_outChannel.o
                0x0000000008000ac0                ts_tuareg_bits
 .text.ts_sendOutputChannels
                0x0000000008000cb0      0x144 obj/Release/src/com/TunerStudio_outChannel.o
                0x0000000008000cb0                ts_sendOutputChannels
 .text.ts_debug_features
                0x0000000008000df4       0xc4 obj/Release/src/com/TunerStudio_service.o
                0x0000000008000df4                ts_debug_features
 .text.cli_show_debug_help
                0x0000000008000eb8       0xc0 obj/Release/src/com/TunerStudio_service.o
                0x0000000008000eb8                cli_show_debug_help
 .text.cli_show_process_data
                0x0000000008000f78      0x114 obj/Release/src/com/TunerStudio_service.o
                0x0000000008000f78                cli_show_process_data
 .text.cli_show_ignition_controls
                0x000000000800108c      0x114 obj/Release/src/com/TunerStudio_service.o
                0x000000000800108c                cli_show_ignition_controls
 .text.cli_show_fueling_controls
                0x00000000080011a0      0x358 obj/Release/src/com/TunerStudio_service.o
                0x00000000080011a0                cli_show_fueling_controls
 .text.cli_show_decoder_interface
                0x00000000080014f8      0x124 obj/Release/src/com/TunerStudio_service.o
                0x00000000080014f8                cli_show_decoder_interface
 .text.cli_print_sensor_data
                0x000000000800161c      0x21c obj/Release/src/com/TunerStudio_service.o
                0x000000000800161c                cli_print_sensor_data
 .text.ts_debug_info
                0x0000000008001838       0xd8 obj/Release/src/com/TunerStudio_service.o
                0x0000000008001838                ts_debug_info
 .text.UART_TS_PORT_Init
                0x0000000008001910       0xa0 obj/Release/src/com/uart.o
                0x0000000008001910                UART_TS_PORT_Init
 .text.UART_DEBUG_PORT_Init
                0x00000000080019b0       0x68 obj/Release/src/com/uart.o
                0x00000000080019b0                UART_DEBUG_PORT_Init
 .text.UART_Tx  0x0000000008001a18        0xc obj/Release/src/com/uart.o
                0x0000000008001a18                UART_Tx
 .text.UART_send_data
                0x0000000008001a24       0x1a obj/Release/src/com/uart.o
                0x0000000008001a24                UART_send_data
 *fill*         0x0000000008001a3e        0x2 
 .text.USART1_IRQHandler
                0x0000000008001a40       0x30 obj/Release/src/com/uart.o
                0x0000000008001a40                USART1_IRQHandler
 .text.printf_U
                0x0000000008001a70      0x164 obj/Release/src/com/uart_printf.o
                0x0000000008001a70                printf_U
 .text.printf_F32
                0x0000000008001bd4       0xcc obj/Release/src/com/uart_printf.o
                0x0000000008001bd4                printf_F32
 .text.printf_nib_hex
                0x0000000008001ca0       0x10 obj/Release/src/com/uart_printf.o
                0x0000000008001ca0                printf_nib_hex
 .text.print    0x0000000008001cb0       0x16 obj/Release/src/com/uart_printf.o
                0x0000000008001cb0                print
 *fill*         0x0000000008001cc6        0x2 
 .text.printf_U8hex
                0x0000000008001cc8       0x38 obj/Release/src/com/uart_printf.o
                0x0000000008001cc8                printf_U8hex
 .text.printf_crkpos
                0x0000000008001d00       0x6c obj/Release/src/com/uart_printf.o
                0x0000000008001d00                printf_crkpos
 .text.printf_phase
                0x0000000008001d6c       0x30 obj/Release/src/com/uart_printf.o
                0x0000000008001d6c                printf_phase
 .text.printf_decoder_sensing
                0x0000000008001d9c       0x54 obj/Release/src/com/uart_printf.o
                0x0000000008001d9c                printf_decoder_sensing
 .text.print_flash
                0x0000000008001df0        0x4 obj/Release/src/com/uart_printf.o
                0x0000000008001df0                print_flash
 .text.set_mil_hw
                0x0000000008001df4       0x3c obj/Release/src/dash/dash_hw.o
                0x0000000008001df4                set_mil_hw
 .text.init_dash_hw
                0x0000000008001e30       0x78 obj/Release/src/dash/dash_hw.o
                0x0000000008001e30                init_dash_hw
 .text.set_tachometer_compare
                0x0000000008001ea8       0x28 obj/Release/src/dash/dash_hw.o
                0x0000000008001ea8                set_tachometer_compare
 .text.update_tachometer
                0x0000000008001ed0       0x3c obj/Release/src/dash/Tuareg_dash.o
                0x0000000008001ed0                update_tachometer
 .text.set_mil  0x0000000008001f0c       0x58 obj/Release/src/dash/Tuareg_dash.o
                0x0000000008001f0c                set_mil
 .text.update_mil
                0x0000000008001f64       0xb8 obj/Release/src/dash/Tuareg_dash.o
                0x0000000008001f64                update_mil
 .text.init_dash
                0x000000000800201c       0x10 obj/Release/src/dash/Tuareg_dash.o
                0x000000000800201c                init_dash
 .text.update_dash
                0x000000000800202c        0xe obj/Release/src/dash/Tuareg_dash.o
                0x000000000800202c                update_dash
 *fill*         0x000000000800203a        0x2 
 .text.DebugMsg_Warning
                0x000000000800203c       0x24 obj/Release/src/debug/debug_port_messages.o
                0x000000000800203c                DebugMsg_Warning
 .text.decoder_update_cis
                0x0000000008002060      0x188 obj/Release/src/decoder/decoder_cis.o
                0x0000000008002060                decoder_update_cis
 .text.decoder_cis_handler
                0x00000000080021e8       0x9c obj/Release/src/decoder/decoder_cis.o
                0x00000000080021e8                decoder_cis_handler
 .text.decoder_cis_noisefilter_handler
                0x0000000008002284        0x4 obj/Release/src/decoder/decoder_cis.o
                0x0000000008002284                decoder_cis_noisefilter_handler
 .text.enable_cis
                0x0000000008002288       0x4c obj/Release/src/decoder/decoder_cis.o
                0x0000000008002288                enable_cis
 .text.disable_cis
                0x00000000080022d4        0xe obj/Release/src/decoder/decoder_cis.o
                0x00000000080022d4                disable_cis
 *fill*         0x00000000080022e2        0x2 
 .text.load_Decoder_Setup
                0x00000000080022e4       0x1c obj/Release/src/decoder/decoder_config.o
                0x00000000080022e4                load_Decoder_Setup
 .text.load_essential_Decoder_Setup
                0x0000000008002300       0x3c obj/Release/src/decoder/decoder_config.o
                0x0000000008002300                load_essential_Decoder_Setup
 .text.store_Decoder_Setup
                0x000000000800233c       0x10 obj/Release/src/decoder/decoder_config.o
                0x000000000800233c                store_Decoder_Setup
 .text.show_Decoder_Setup
                0x000000000800234c      0x154 obj/Release/src/decoder/decoder_config.o
                0x000000000800234c                show_Decoder_Setup
 .text.modify_Decoder_Setup
                0x00000000080024a0       0x18 obj/Release/src/decoder/decoder_config.o
                0x00000000080024a0                modify_Decoder_Setup
 .text.send_Decoder_Setup
                0x00000000080024b8        0xc obj/Release/src/decoder/decoder_config.o
                0x00000000080024b8                send_Decoder_Setup
 .text.decoder_diag_log_event
                0x00000000080024c4       0x28 obj/Release/src/decoder/decoder_diag.o
                0x00000000080024c4                decoder_diag_log_event
 .text.print_decoder_diag
                0x00000000080024ec       0x68 obj/Release/src/decoder/decoder_diag.o
                0x00000000080024ec                print_decoder_diag
 .text.decoder_stop_timer
                0x0000000008002554       0x1c obj/Release/src/decoder/decoder_hw.o
                0x0000000008002554                decoder_stop_timer
 .text.update_crank_noisefilter
                0x0000000008002570       0x40 obj/Release/src/decoder/decoder_hw.o
                0x0000000008002570                update_crank_noisefilter
 .text.update_cam_noisefilter
                0x00000000080025b0       0x40 obj/Release/src/decoder/decoder_hw.o
                0x00000000080025b0                update_cam_noisefilter
 .text.decoder_mask_crank_irq
                0x00000000080025f0       0x10 obj/Release/src/decoder/decoder_hw.o
                0x00000000080025f0                decoder_mask_crank_irq
 .text.decoder_unmask_crank_irq
                0x0000000008002600       0x14 obj/Release/src/decoder/decoder_hw.o
                0x0000000008002600                decoder_unmask_crank_irq
 .text.decoder_mask_cis_irq
                0x0000000008002614       0x10 obj/Release/src/decoder/decoder_hw.o
                0x0000000008002614                decoder_mask_cis_irq
 .text.decoder_unmask_cis_irq
                0x0000000008002624       0x14 obj/Release/src/decoder/decoder_hw.o
                0x0000000008002624                decoder_unmask_cis_irq
 .text.set_crank_pickup_sensing_rise
                0x0000000008002638       0x24 obj/Release/src/decoder/decoder_hw.o
                0x0000000008002638                set_crank_pickup_sensing_rise
 .text.set_crank_pickup_sensing_fall
                0x000000000800265c       0x24 obj/Release/src/decoder/decoder_hw.o
                0x000000000800265c                set_crank_pickup_sensing_fall
 .text.set_crank_pickup_sensing_disabled
                0x0000000008002680       0x24 obj/Release/src/decoder/decoder_hw.o
                0x0000000008002680                set_crank_pickup_sensing_disabled
 .text.set_cis_sensing_rise
                0x00000000080026a4       0x24 obj/Release/src/decoder/decoder_hw.o
                0x00000000080026a4                set_cis_sensing_rise
 .text.set_cis_sensing_fall
                0x00000000080026c8       0x24 obj/Release/src/decoder/decoder_hw.o
                0x00000000080026c8                set_cis_sensing_fall
 .text.set_cis_sensing_disabled
                0x00000000080026ec       0x24 obj/Release/src/decoder/decoder_hw.o
                0x00000000080026ec                set_cis_sensing_disabled
 .text.decoder_set_crank_pickup_sensing
                0x0000000008002710       0x3c obj/Release/src/decoder/decoder_hw.o
                0x0000000008002710                decoder_set_crank_pickup_sensing
 .text.decoder_set_cis_sensing
                0x000000000800274c       0x3c obj/Release/src/decoder/decoder_hw.o
                0x000000000800274c                decoder_set_cis_sensing
 .text.trigger_decoder_irq
                0x0000000008002788       0x14 obj/Release/src/decoder/decoder_hw.o
                0x0000000008002788                trigger_decoder_irq
 .text.init_decoder_hw
                0x000000000800279c       0xcc obj/Release/src/decoder/decoder_hw.o
                0x000000000800279c                init_decoder_hw
 .text.decoder_get_timestamp
                0x0000000008002868        0xc obj/Release/src/decoder/decoder_hw.o
                0x0000000008002868                decoder_get_timestamp
 .text.decoder_set_timer_continuous_mode_on
                0x0000000008002874       0x1c obj/Release/src/decoder/decoder_hw.o
                0x0000000008002874                decoder_set_timer_continuous_mode_on
 .text.decoder_set_timer_continuous_mode_off
                0x0000000008002890       0x1c obj/Release/src/decoder/decoder_hw.o
                0x0000000008002890                decoder_set_timer_continuous_mode_off
 .text.decoder_start_timer
                0x00000000080028ac       0x5c obj/Release/src/decoder/decoder_hw.o
                0x00000000080028ac                decoder_start_timer
 .text.decoder_request_timer_reset
                0x0000000008002908       0x10 obj/Release/src/decoder/decoder_hw.o
                0x0000000008002908                decoder_request_timer_reset
 .text.disable_decoder_hw
                0x0000000008002918       0x3c obj/Release/src/decoder/decoder_hw.o
                0x0000000008002918                disable_decoder_hw
 .text.EXTI0_IRQHandler
                0x0000000008002954       0x60 obj/Release/src/decoder/decoder_hw.o
                0x0000000008002954                EXTI0_IRQHandler
 .text.TIM1_BRK_TIM9_IRQHandler
                0x00000000080029b4       0x74 obj/Release/src/decoder/decoder_hw.o
                0x00000000080029b4                TIM1_BRK_TIM9_IRQHandler
 .text.EXTI1_IRQHandler
                0x0000000008002a28       0x1c obj/Release/src/decoder/decoder_hw.o
                0x0000000008002a28                EXTI1_IRQHandler
 .text.reset_timeout_counter
                0x0000000008002a44       0x14 obj/Release/src/decoder/decoder_logic.o
                0x0000000008002a44                reset_timeout_counter
 .text.reset_timing_output
                0x0000000008002a58       0x2c obj/Release/src/decoder/decoder_logic.o
                0x0000000008002a58                reset_timing_output
 .text.reset_position_data
                0x0000000008002a84       0x34 obj/Release/src/decoder/decoder_logic.o
                0x0000000008002a84                reset_position_data
 .text.reset_internal_data
                0x0000000008002ab8       0x1c obj/Release/src/decoder/decoder_logic.o
                0x0000000008002ab8                reset_internal_data
 .text.decoder_set_state
                0x0000000008002ad4       0x24 obj/Release/src/decoder/decoder_logic.o
                0x0000000008002ad4                decoder_set_state
 .text.check_sync_ratio
                0x0000000008002af8       0x74 obj/Release/src/decoder/decoder_logic.o
                0x0000000008002af8                check_sync_ratio
 .text.check_sync_ratio_async
                0x0000000008002b6c       0x5c obj/Release/src/decoder/decoder_logic.o
                0x0000000008002b6c                check_sync_ratio_async
 .text.update_timing_data
                0x0000000008002bc8       0xf4 obj/Release/src/decoder/decoder_logic.o
                0x0000000008002bc8                update_timing_data
 .text.init_decoder_logic
                0x0000000008002cbc       0x24 obj/Release/src/decoder/decoder_logic.o
                0x0000000008002cbc                init_decoder_logic
 .text.disable_decoder_logic
                0x0000000008002ce0       0x18 obj/Release/src/decoder/decoder_logic.o
                0x0000000008002ce0                disable_decoder_logic
 .text.decoder_crank_handler
                0x0000000008002cf8      0x14c obj/Release/src/decoder/decoder_logic.o
                0x0000000008002cf8                decoder_crank_handler
 .text.decoder_crank_noisefilter_handler
                0x0000000008002e44        0x4 obj/Release/src/decoder/decoder_logic.o
                0x0000000008002e44                decoder_crank_noisefilter_handler
 .text.decoder_crank_timeout_handler
                0x0000000008002e48       0x3c obj/Release/src/decoder/decoder_logic.o
                0x0000000008002e48                decoder_crank_timeout_handler
 .text.init_Decoder
                0x0000000008002e84       0x68 obj/Release/src/decoder/Tuareg_decoder.o
                0x0000000008002e84                init_Decoder
 .text.disable_Decoder
                0x0000000008002eec       0x28 obj/Release/src/decoder/Tuareg_decoder.o
                0x0000000008002eec                disable_Decoder
 .text.decoder_get_position_data_age_us
                0x0000000008002f14       0x28 obj/Release/src/decoder/Tuareg_decoder.o
                0x0000000008002f14                decoder_get_position_data_age_us
 .text.copy_diag_data
                0x0000000008002f3c       0x48 obj/Release/src/diagnostics/diagnostics.o
                0x0000000008002f3c                copy_diag_data
 .text.get_diag_data
                0x0000000008002f84       0x24 obj/Release/src/diagnostics/diagnostics.o
                0x0000000008002f84                get_diag_data
 .text.release_diag_shadow
                0x0000000008002fa8        0xc obj/Release/src/diagnostics/diagnostics.o
                0x0000000008002fa8                release_diag_shadow
 .text.load_Fault_Log
                0x0000000008002fb4       0x1c obj/Release/src/diagnostics/fault_log.o
                0x0000000008002fb4                load_Fault_Log
 .text.load_void_Fault_Log
                0x0000000008002fd0       0x18 obj/Release/src/diagnostics/fault_log.o
                0x0000000008002fd0                load_void_Fault_Log
 .text.init_Fault_Log
                0x0000000008002fe8       0x4c obj/Release/src/diagnostics/fault_log.o
                0x0000000008002fe8                init_Fault_Log
 .text.store_Fault_Log
                0x0000000008003034       0x10 obj/Release/src/diagnostics/fault_log.o
                0x0000000008003034                store_Fault_Log
 .text.log_Fault
                0x0000000008003044       0x68 obj/Release/src/diagnostics/fault_log.o
                0x0000000008003044                log_Fault
 .text.show_Fault_Log
                0x00000000080030ac       0x74 obj/Release/src/diagnostics/fault_log.o
                0x00000000080030ac                show_Fault_Log
 .text.clear_Fault_Log
                0x0000000008003120       0x18 obj/Release/src/diagnostics/fault_log.o
                0x0000000008003120                clear_Fault_Log
 .text.Erase_Fault_Log
                0x0000000008003138       0x3c obj/Release/src/diagnostics/fault_log.o
                0x0000000008003138                Erase_Fault_Log
 .text.send_Fault_Log
                0x0000000008003174        0xc obj/Release/src/diagnostics/fault_log.o
                0x0000000008003174                send_Fault_Log
 .text.clear_highspeedlog
                0x0000000008003180       0x14 obj/Release/src/diagnostics/highspeed_loggers.o
                0x0000000008003180                clear_highspeedlog
 .text.highspeedlog_init
                0x0000000008003194       0x14 obj/Release/src/diagnostics/highspeed_loggers.o
                0x0000000008003194                highspeedlog_init
 .text.highspeedlog_register_error
                0x00000000080031a8        0x2 obj/Release/src/diagnostics/highspeed_loggers.o
                0x00000000080031a8                highspeedlog_register_error
 *fill*         0x00000000080031aa        0x2 
 .text.highspeedlog_write
                0x00000000080031ac       0xc0 obj/Release/src/diagnostics/highspeed_loggers.o
                0x00000000080031ac                highspeedlog_write
 .text.highspeedlog_register_crankpos
                0x000000000800326c        0x6 obj/Release/src/diagnostics/highspeed_loggers.o
                0x000000000800326c                highspeedlog_register_crankpos
 *fill*         0x0000000008003272        0x2 
 .text.highspeedlog_register_cis_lobe_begin
                0x0000000008003274       0x10 obj/Release/src/diagnostics/highspeed_loggers.o
                0x0000000008003274                highspeedlog_register_cis_lobe_begin
 .text.highspeedlog_register_cis_lobe_end
                0x0000000008003284       0x10 obj/Release/src/diagnostics/highspeed_loggers.o
                0x0000000008003284                highspeedlog_register_cis_lobe_end
 .text.highspeedlog_register_coil1_power
                0x0000000008003294        0x6 obj/Release/src/diagnostics/highspeed_loggers.o
                0x0000000008003294                highspeedlog_register_coil1_power
 .text.highspeedlog_register_coil1_unpower
                0x000000000800329a        0x6 obj/Release/src/diagnostics/highspeed_loggers.o
                0x000000000800329a                highspeedlog_register_coil1_unpower
 .text.highspeedlog_register_coil2_power
                0x00000000080032a0        0x6 obj/Release/src/diagnostics/highspeed_loggers.o
                0x00000000080032a0                highspeedlog_register_coil2_power
 .text.highspeedlog_register_coil2_unpower
                0x00000000080032a6        0x6 obj/Release/src/diagnostics/highspeed_loggers.o
                0x00000000080032a6                highspeedlog_register_coil2_unpower
 .text.highspeedlog_register_injector1_power
                0x00000000080032ac        0x6 obj/Release/src/diagnostics/highspeed_loggers.o
                0x00000000080032ac                highspeedlog_register_injector1_power
 .text.highspeedlog_register_injector1_unpower
                0x00000000080032b2        0x6 obj/Release/src/diagnostics/highspeed_loggers.o
                0x00000000080032b2                highspeedlog_register_injector1_unpower
 .text.highspeedlog_register_injector2_power
                0x00000000080032b8        0x6 obj/Release/src/diagnostics/highspeed_loggers.o
                0x00000000080032b8                highspeedlog_register_injector2_power
 .text.highspeedlog_register_injector2_unpower
                0x00000000080032be        0x6 obj/Release/src/diagnostics/highspeed_loggers.o
                0x00000000080032be                highspeedlog_register_injector2_unpower
 .text.send_highspeedlog
                0x00000000080032c4       0xc4 obj/Release/src/diagnostics/highspeed_loggers.o
                0x00000000080032c4                send_highspeedlog
 .text.show_highspeedlog
                0x0000000008003388      0x150 obj/Release/src/diagnostics/highspeed_loggers.o
                0x0000000008003388                show_highspeedlog
 .text.clear_syslog
                0x00000000080034d8       0x38 obj/Release/src/diagnostics/syslog.o
                0x00000000080034d8                clear_syslog
 .text.Syslog_init
                0x0000000008003510       0x18 obj/Release/src/diagnostics/syslog.o
                0x0000000008003510                Syslog_init
 .text.Syslog_Error
                0x0000000008003528       0x48 obj/Release/src/diagnostics/syslog.o
                0x0000000008003528                Syslog_Error
 .text.Syslog_Fatal
                0x0000000008003570       0x38 obj/Release/src/diagnostics/syslog.o
                0x0000000008003570                Syslog_Fatal
 .text.Syslog_Warning
                0x00000000080035a8       0x6c obj/Release/src/diagnostics/syslog.o
                0x00000000080035a8                Syslog_Warning
 .text.Syslog_Info
                0x0000000008003614       0x68 obj/Release/src/diagnostics/syslog.o
                0x0000000008003614                Syslog_Info
 .text.show_syslog
                0x000000000800367c      0x130 obj/Release/src/diagnostics/syslog.o
                0x000000000800367c                show_syslog
 .text.send_syslog
                0x00000000080037ac       0x20 obj/Release/src/diagnostics/syslog.o
                0x00000000080037ac                send_syslog
 .text.update_load_transient_comp
                0x00000000080037cc       0x16 obj/Release/src/fueling/accel_comp.o
                0x00000000080037cc                update_load_transient_comp
 .text.disable_legacy_AE
                0x00000000080037e2       0x46 obj/Release/src/fueling/accel_comp.o
                0x00000000080037e2                disable_legacy_AE
 .text.update_legacy_AE
                0x0000000008003828      0x350 obj/Release/src/fueling/accel_comp.o
                0x0000000008003828                update_legacy_AE
 .text.load_Fueling_Setup
                0x0000000008003b78       0x10 obj/Release/src/fueling/fueling_config.o
                0x0000000008003b78                load_Fueling_Setup
 .text.store_Fueling_Setup
                0x0000000008003b88       0x10 obj/Release/src/fueling/fueling_config.o
                0x0000000008003b88                store_Fueling_Setup
 .text.show_Fueling_Setup
                0x0000000008003b98      0x320 obj/Release/src/fueling/fueling_config.o
                0x0000000008003b98                show_Fueling_Setup
 .text.modify_Fueling_Setup
                0x0000000008003eb8       0x18 obj/Release/src/fueling/fueling_config.o
                0x0000000008003eb8                modify_Fueling_Setup
 .text.send_Fueling_Setup
                0x0000000008003ed0        0xc obj/Release/src/fueling/fueling_config.o
                0x0000000008003ed0                send_Fueling_Setup
 .text.load_AccelCompTableTPS
                0x0000000008003edc       0x10 obj/Release/src/fueling/fueling_config.o
                0x0000000008003edc                load_AccelCompTableTPS
 .text.store_AccelCompTableTPS
                0x0000000008003eec       0x10 obj/Release/src/fueling/fueling_config.o
                0x0000000008003eec                store_AccelCompTableTPS
 .text.show_AccelCompTableTPS
                0x0000000008003efc       0x20 obj/Release/src/fueling/fueling_config.o
                0x0000000008003efc                show_AccelCompTableTPS
 .text.modify_AccelCompTableTPS
                0x0000000008003f1c       0x10 obj/Release/src/fueling/fueling_config.o
                0x0000000008003f1c                modify_AccelCompTableTPS
 .text.send_AccelCompTableTPS
                0x0000000008003f2c        0xc obj/Release/src/fueling/fueling_config.o
                0x0000000008003f2c                send_AccelCompTableTPS
 .text.getValue_AccelCompTableTPS
                0x0000000008003f38        0xc obj/Release/src/fueling/fueling_config.o
                0x0000000008003f38                getValue_AccelCompTableTPS
 .text.load_AccelCompTableMAP
                0x0000000008003f44       0x10 obj/Release/src/fueling/fueling_config.o
                0x0000000008003f44                load_AccelCompTableMAP
 .text.store_AccelCompTableMAP
                0x0000000008003f54       0x10 obj/Release/src/fueling/fueling_config.o
                0x0000000008003f54                store_AccelCompTableMAP
 .text.show_AccelCompTableMAP
                0x0000000008003f64       0x20 obj/Release/src/fueling/fueling_config.o
                0x0000000008003f64                show_AccelCompTableMAP
 .text.modify_AccelCompTableMAP
                0x0000000008003f84       0x10 obj/Release/src/fueling/fueling_config.o
                0x0000000008003f84                modify_AccelCompTableMAP
 .text.send_AccelCompTableMAP
                0x0000000008003f94        0xc obj/Release/src/fueling/fueling_config.o
                0x0000000008003f94                send_AccelCompTableMAP
 .text.getValue_AccelCompTableMAP
                0x0000000008003fa0        0xc obj/Release/src/fueling/fueling_config.o
                0x0000000008003fa0                getValue_AccelCompTableMAP
 .text.load_WarmUpCompTable
                0x0000000008003fac       0x10 obj/Release/src/fueling/fueling_config.o
                0x0000000008003fac                load_WarmUpCompTable
 .text.store_WarmUpCompTable
                0x0000000008003fbc       0x10 obj/Release/src/fueling/fueling_config.o
                0x0000000008003fbc                store_WarmUpCompTable
 .text.show_WarmUpCompTable
                0x0000000008003fcc       0x20 obj/Release/src/fueling/fueling_config.o
                0x0000000008003fcc                show_WarmUpCompTable
 .text.modify_WarmUpCompTable
                0x0000000008003fec       0x10 obj/Release/src/fueling/fueling_config.o
                0x0000000008003fec                modify_WarmUpCompTable
 .text.send_WarmUpCompTable
                0x0000000008003ffc        0xc obj/Release/src/fueling/fueling_config.o
                0x0000000008003ffc                send_WarmUpCompTable
 .text.getValue_WarmUpCompTable
                0x0000000008004008       0x18 obj/Release/src/fueling/fueling_config.o
                0x0000000008004008                getValue_WarmUpCompTable
 .text.load_InjectorTimingTable
                0x0000000008004020       0x10 obj/Release/src/fueling/fueling_config.o
                0x0000000008004020                load_InjectorTimingTable
 .text.store_InjectorTimingTable
                0x0000000008004030       0x10 obj/Release/src/fueling/fueling_config.o
                0x0000000008004030                store_InjectorTimingTable
 .text.show_InjectorTimingTable
                0x0000000008004040       0x20 obj/Release/src/fueling/fueling_config.o
                0x0000000008004040                show_InjectorTimingTable
 .text.modify_InjectorTimingTable
                0x0000000008004060       0x10 obj/Release/src/fueling/fueling_config.o
                0x0000000008004060                modify_InjectorTimingTable
 .text.send_InjectorTimingTable
                0x0000000008004070        0xc obj/Release/src/fueling/fueling_config.o
                0x0000000008004070                send_InjectorTimingTable
 .text.getValue_InjectorTimingTable
                0x000000000800407c       0x18 obj/Release/src/fueling/fueling_config.o
                0x000000000800407c                getValue_InjectorTimingTable
 .text.load_CrankingFuelTable
                0x0000000008004094       0x10 obj/Release/src/fueling/fueling_config.o
                0x0000000008004094                load_CrankingFuelTable
 .text.show_CrankingFuelTable
                0x00000000080040a4       0x20 obj/Release/src/fueling/fueling_config.o
                0x00000000080040a4                show_CrankingFuelTable
 .text.modify_CrankingFuelTable
                0x00000000080040c4       0x10 obj/Release/src/fueling/fueling_config.o
                0x00000000080040c4                modify_CrankingFuelTable
 .text.send_CrankingFuelTable
                0x00000000080040d4        0xc obj/Release/src/fueling/fueling_config.o
                0x00000000080040d4                send_CrankingFuelTable
 .text.getValue_CrankingFuelTable
                0x00000000080040e0        0xc obj/Release/src/fueling/fueling_config.o
                0x00000000080040e0                getValue_CrankingFuelTable
 .text.load_BAROtable
                0x00000000080040ec       0x10 obj/Release/src/fueling/fueling_config.o
                0x00000000080040ec                load_BAROtable
 .text.store_BAROtable
                0x00000000080040fc       0x10 obj/Release/src/fueling/fueling_config.o
                0x00000000080040fc                store_BAROtable
 .text.show_BAROtable
                0x000000000800410c       0x20 obj/Release/src/fueling/fueling_config.o
                0x000000000800410c                show_BAROtable
 .text.modify_BAROtable
                0x000000000800412c       0x10 obj/Release/src/fueling/fueling_config.o
                0x000000000800412c                modify_BAROtable
 .text.send_BAROtable
                0x000000000800413c        0xc obj/Release/src/fueling/fueling_config.o
                0x000000000800413c                send_BAROtable
 .text.getValue_BAROtable
                0x0000000008004148       0x30 obj/Release/src/fueling/fueling_config.o
                0x0000000008004148                getValue_BAROtable
 .text.load_ChargeTempMap
                0x0000000008004178       0x10 obj/Release/src/fueling/fueling_config.o
                0x0000000008004178                load_ChargeTempMap
 .text.load_Fueling_Config
                0x0000000008004188       0x88 obj/Release/src/fueling/fueling_config.o
                0x0000000008004188                load_Fueling_Config
 .text.store_ChargeTempMap
                0x0000000008004210       0x10 obj/Release/src/fueling/fueling_config.o
                0x0000000008004210                store_ChargeTempMap
 .text.show_ChargeTempMap
                0x0000000008004220       0x20 obj/Release/src/fueling/fueling_config.o
                0x0000000008004220                show_ChargeTempMap
 .text.modify_ChargeTempMap
                0x0000000008004240       0x10 obj/Release/src/fueling/fueling_config.o
                0x0000000008004240                modify_ChargeTempMap
 .text.send_ChargeTempMap
                0x0000000008004250        0xc obj/Release/src/fueling/fueling_config.o
                0x0000000008004250                send_ChargeTempMap
 .text.getValue_ChargeTempMap
                0x000000000800425c       0x3c obj/Release/src/fueling/fueling_config.o
                0x000000000800425c                getValue_ChargeTempMap
 .text.update_fuel_mass_afterstart_correction
                0x0000000008004298       0xa0 obj/Release/src/fueling/fueling_corrections.o
                0x0000000008004298                update_fuel_mass_afterstart_correction
 .text.update_fuel_mass_warmup_correction
                0x0000000008004338       0x5c obj/Release/src/fueling/fueling_corrections.o
                0x0000000008004338                update_fuel_mass_warmup_correction
 .text.update_fuel_mass_barometric_correction
                0x0000000008004394       0x98 obj/Release/src/fueling/fueling_corrections.o
                0x0000000008004394                update_fuel_mass_barometric_correction
 .text.update_fuel_mass_corrections
                0x000000000800442c       0x1c obj/Release/src/fueling/fueling_corrections.o
                0x000000000800442c                update_fuel_mass_corrections
 .text.fueling_diag_log_event
                0x0000000008004448       0x28 obj/Release/src/fueling/fueling_diag.o
                0x0000000008004448                fueling_diag_log_event
 .text.print_fueling_diag
                0x0000000008004470       0x68 obj/Release/src/fueling/fueling_diag.o
                0x0000000008004470                print_fueling_diag
 .text.set_injector1_powered
                0x00000000080044d8       0x2c obj/Release/src/fueling/fueling_hw.o
                0x00000000080044d8                set_injector1_powered
 .text.set_injector1_unpowered
                0x0000000008004504       0x2c obj/Release/src/fueling/fueling_hw.o
                0x0000000008004504                set_injector1_unpowered
 .text.set_injector2_powered
                0x0000000008004530       0x2c obj/Release/src/fueling/fueling_hw.o
                0x0000000008004530                set_injector2_powered
 .text.set_injector2_unpowered
                0x000000000800455c       0x2c obj/Release/src/fueling/fueling_hw.o
                0x000000000800455c                set_injector2_unpowered
 .text.set_fuel_pump_powered
                0x0000000008004588       0x2c obj/Release/src/fueling/fueling_hw.o
                0x0000000008004588                set_fuel_pump_powered
 .text.set_fuel_pump_unpowered
                0x00000000080045b4       0x24 obj/Release/src/fueling/fueling_hw.o
                0x00000000080045b4                set_fuel_pump_unpowered
 .text.set_injector1
                0x00000000080045d8       0x34 obj/Release/src/fueling/fueling_hw.o
                0x00000000080045d8                set_injector1
 .text.set_injector2
                0x000000000800460c       0x34 obj/Release/src/fueling/fueling_hw.o
                0x000000000800460c                set_injector2
 .text.set_fuel_pump
                0x0000000008004640        0xc obj/Release/src/fueling/fueling_hw.o
                0x0000000008004640                set_fuel_pump
 .text.init_fueling_hw
                0x000000000800464c       0x5c obj/Release/src/fueling/fueling_hw.o
                0x000000000800464c                init_fueling_hw
 .text.update_injector_deadtime
                0x00000000080046a8       0x38 obj/Release/src/fueling/injector_parameters.o
                0x00000000080046a8                update_injector_deadtime
 .text.update_injector_intervals_sequential
                0x00000000080046e0       0xfc obj/Release/src/fueling/injector_parameters.o
                0x00000000080046e0                update_injector_intervals_sequential
 .text.update_injector_intervals_batch
                0x00000000080047dc       0xf8 obj/Release/src/fueling/injector_parameters.o
                0x00000000080047dc                update_injector_intervals_batch
 .text.init_Fueling
                0x00000000080048d4       0x54 obj/Release/src/fueling/Tuareg_fueling.o
                0x00000000080048d4                init_Fueling
 .text.Tuareg_fueling_update_crankpos_handler
                0x0000000008004928      0x100 obj/Release/src/fueling/Tuareg_fueling.o
                0x0000000008004928                Tuareg_fueling_update_crankpos_handler
 .text.invalid_fueling_controls
                0x0000000008004a28       0x2e obj/Release/src/fueling/Tuareg_fueling_controls.o
                0x0000000008004a28                invalid_fueling_controls
 *fill*         0x0000000008004a56        0x2 
 .text.update_air_flow
                0x0000000008004a58       0xdc obj/Release/src/fueling/Tuareg_fueling_controls.o
                0x0000000008004a58                update_air_flow
 .text.update_fuel_mass_cranking
                0x0000000008004b34       0x74 obj/Release/src/fueling/Tuareg_fueling_controls.o
                0x0000000008004b34                update_fuel_mass_cranking
 .text.update_base_fuel_mass
                0x0000000008004ba8       0x5c obj/Release/src/fueling/Tuareg_fueling_controls.o
                0x0000000008004ba8                update_base_fuel_mass
 .text.update_target_fuel_mass
                0x0000000008004c04      0x120 obj/Release/src/fueling/Tuareg_fueling_controls.o
                0x0000000008004c04                update_target_fuel_mass
 .text.Tuareg_update_fueling_controls
                0x0000000008004d24      0x134 obj/Release/src/fueling/Tuareg_fueling_controls.o
                0x0000000008004d24                Tuareg_update_fueling_controls
 .text.load_Ignition_Config
                0x0000000008004e58       0x4c obj/Release/src/ignition/ignition_config.o
                0x0000000008004e58                load_Ignition_Config
 .text.store_Ignition_Setup
                0x0000000008004ea4       0x10 obj/Release/src/ignition/ignition_config.o
                0x0000000008004ea4                store_Ignition_Setup
 .text.show_Ignition_Setup
                0x0000000008004eb4      0x148 obj/Release/src/ignition/ignition_config.o
                0x0000000008004eb4                show_Ignition_Setup
 .text.modify_Ignition_Setup
                0x0000000008004ffc       0x18 obj/Release/src/ignition/ignition_config.o
                0x0000000008004ffc                modify_Ignition_Setup
 .text.send_Ignition_Setup
                0x0000000008005014        0xc obj/Release/src/ignition/ignition_config.o
                0x0000000008005014                send_Ignition_Setup
 .text.store_ignDwellTable
                0x0000000008005020       0x10 obj/Release/src/ignition/ignition_config.o
                0x0000000008005020                store_ignDwellTable
 .text.show_ignDwellTable
                0x0000000008005030       0x20 obj/Release/src/ignition/ignition_config.o
                0x0000000008005030                show_ignDwellTable
 .text.modify_ignDwellTable
                0x0000000008005050       0x10 obj/Release/src/ignition/ignition_config.o
                0x0000000008005050                modify_ignDwellTable
 .text.send_ignDwellTable
                0x0000000008005060        0xc obj/Release/src/ignition/ignition_config.o
                0x0000000008005060                send_ignDwellTable
 .text.getValue_ignDwellTable
                0x000000000800506c       0x14 obj/Release/src/ignition/ignition_config.o
                0x000000000800506c                getValue_ignDwellTable
 .text.ignition_diag_log_event
                0x0000000008005080       0x28 obj/Release/src/ignition/ignition_diag.o
                0x0000000008005080                ignition_diag_log_event
 .text.print_ignition_diag
                0x00000000080050a8       0x68 obj/Release/src/ignition/ignition_diag.o
                0x00000000080050a8                print_ignition_diag
 .text.set_coil1_powered
                0x0000000008005110       0x2c obj/Release/src/ignition/ignition_hw.o
                0x0000000008005110                set_coil1_powered
 .text.set_coil1_unpowered
                0x000000000800513c       0x24 obj/Release/src/ignition/ignition_hw.o
                0x000000000800513c                set_coil1_unpowered
 .text.set_coil2_powered
                0x0000000008005160       0x2c obj/Release/src/ignition/ignition_hw.o
                0x0000000008005160                set_coil2_powered
 .text.set_coil2_unpowered
                0x000000000800518c       0x24 obj/Release/src/ignition/ignition_hw.o
                0x000000000800518c                set_coil2_unpowered
 .text.set_ignition_ch1
                0x00000000080051b0       0x34 obj/Release/src/ignition/ignition_hw.o
                0x00000000080051b0                set_ignition_ch1
 .text.set_ignition_ch2
                0x00000000080051e4       0x34 obj/Release/src/ignition/ignition_hw.o
                0x00000000080051e4                set_ignition_ch2
 .text.init_ignition_hw
                0x0000000008005218       0x3c obj/Release/src/ignition/ignition_hw.o
                0x0000000008005218                init_ignition_hw
 .text.init_Ignition
                0x0000000008005254       0x5c obj/Release/src/ignition/Tuareg_ignition.o
                0x0000000008005254                init_Ignition
 .text.Tuareg_ignition_update_crankpos_handler
                0x00000000080052b0      0x188 obj/Release/src/ignition/Tuareg_ignition.o
                0x00000000080052b0                Tuareg_ignition_update_crankpos_handler
 .text.clear_ignition_controls
                0x0000000008005438       0x16 obj/Release/src/ignition/Tuareg_ignition_controls.o
                0x0000000008005438                clear_ignition_controls
 *fill*         0x000000000800544e        0x2 
 .text.cranking_ignition_controls
                0x0000000008005450       0x44 obj/Release/src/ignition/Tuareg_ignition_controls.o
                0x0000000008005450                cranking_ignition_controls
 .text.dynamic_ignition_controls
                0x0000000008005494      0x254 obj/Release/src/ignition/Tuareg_ignition_controls.o
                0x0000000008005494                dynamic_ignition_controls
 .text.Tuareg_update_ignition_controls
                0x00000000080056e8       0x4c obj/Release/src/ignition/Tuareg_ignition_controls.o
                0x00000000080056e8                Tuareg_update_ignition_controls
 .text.startup.main
                0x0000000008005734       0x78 obj/Release/src/main/main.o
                0x0000000008005734                main
 .text.EXTI2_IRQHandler
                0x00000000080057ac       0x94 obj/Release/src/main/main.o
                0x00000000080057ac                EXTI2_IRQHandler
 .text.Tuareg_load_config
                0x0000000008005840       0x4c obj/Release/src/main/Tuareg.o
                0x0000000008005840                Tuareg_load_config
 .text.Tuareg_Init
                0x000000000800588c       0xd0 obj/Release/src/main/Tuareg.o
                0x000000000800588c                Tuareg_Init
 .text.Tuareg_update_run_allow
                0x000000000800595c      0x170 obj/Release/src/main/Tuareg.o
                0x000000000800595c                Tuareg_update_run_allow
 .text.Tuareg_update_limited_op
                0x0000000008005acc       0x50 obj/Release/src/main/Tuareg.o
                0x0000000008005acc                Tuareg_update_limited_op
 .text.Tuareg_update_rev_limiter
                0x0000000008005b1c       0x68 obj/Release/src/main/Tuareg.o
                0x0000000008005b1c                Tuareg_update_rev_limiter
 .text.Tuareg_update_standby
                0x0000000008005b84       0x30 obj/Release/src/main/Tuareg.o
                0x0000000008005b84                Tuareg_update_standby
 .text.Tuareg_update_cranking
                0x0000000008005bb4       0x74 obj/Release/src/main/Tuareg.o
                0x0000000008005bb4                Tuareg_update_cranking
 .text.Tuareg_update_fuel_pump_control
                0x0000000008005c28       0x64 obj/Release/src/main/Tuareg.o
                0x0000000008005c28                Tuareg_update_fuel_pump_control
 .text.Tuareg_deactivate_vital_actors
                0x0000000008005c8c       0x50 obj/Release/src/main/Tuareg.o
                0x0000000008005c8c                Tuareg_deactivate_vital_actors
 .text.Tuareg_update_systick
                0x0000000008005cdc       0x68 obj/Release/src/main/Tuareg.o
                0x0000000008005cdc                Tuareg_update_systick
 .text.store_Tuareg_Setup
                0x0000000008005d44       0x10 obj/Release/src/main/Tuareg_config.o
                0x0000000008005d44                store_Tuareg_Setup
 .text.show_Tuareg_Setup
                0x0000000008005d54      0x1e0 obj/Release/src/main/Tuareg_config.o
                0x0000000008005d54                show_Tuareg_Setup
 .text.modify_Tuareg_Setup
                0x0000000008005f34       0x18 obj/Release/src/main/Tuareg_config.o
                0x0000000008005f34                modify_Tuareg_Setup
 .text.send_Tuareg_Setup
                0x0000000008005f4c        0xc obj/Release/src/main/Tuareg_config.o
                0x0000000008005f4c                send_Tuareg_Setup
 .text.load_TachTable
                0x0000000008005f58       0x10 obj/Release/src/main/Tuareg_config.o
                0x0000000008005f58                load_TachTable
 .text.load_Tuareg_Config
                0x0000000008005f68       0x38 obj/Release/src/main/Tuareg_config.o
                0x0000000008005f68                load_Tuareg_Config
 .text.store_TachTable
                0x0000000008005fa0       0x10 obj/Release/src/main/Tuareg_config.o
                0x0000000008005fa0                store_TachTable
 .text.show_TachTable
                0x0000000008005fb0       0x20 obj/Release/src/main/Tuareg_config.o
                0x0000000008005fb0                show_TachTable
 .text.modify_TachTable
                0x0000000008005fd0       0x10 obj/Release/src/main/Tuareg_config.o
                0x0000000008005fd0                modify_TachTable
 .text.send_TachTable
                0x0000000008005fe0        0xc obj/Release/src/main/Tuareg_config.o
                0x0000000008005fe0                send_TachTable
 .text.getValue_TachTable
                0x0000000008005fec       0x20 obj/Release/src/main/Tuareg_config.o
                0x0000000008005fec                getValue_TachTable
 .text.tuareg_diag_log_event
                0x000000000800600c       0x28 obj/Release/src/main/Tuareg_diag.o
                0x000000000800600c                tuareg_diag_log_event
 .text.print_tuareg_diag
                0x0000000008006034       0x68 obj/Release/src/main/Tuareg_diag.o
                0x0000000008006034                print_tuareg_diag
 .text.Fatal    0x000000000800609c       0x74 obj/Release/src/main/Tuareg_errors.o
                0x000000000800609c                Fatal
 .text.VitalAssert
                0x0000000008006110        0xe obj/Release/src/main/Tuareg_errors.o
                0x0000000008006110                VitalAssert
 *fill*         0x000000000800611e        0x2 
 .text.Limp     0x0000000008006120       0x50 obj/Release/src/main/Tuareg_errors.o
                0x0000000008006120                Limp
 .text.print_Tuareg_ID_label
                0x0000000008006170       0x30 obj/Release/src/main/Tuareg_ID.o
                0x0000000008006170                print_Tuareg_ID_label
 .text.Tuareg_update_process_data
                0x00000000080061a0      0x16c obj/Release/src/main/Tuareg_process_data.o
                0x00000000080061a0                Tuareg_update_process_data
 .text.Tuareg_update_consumption_data
                0x000000000800630c       0xa0 obj/Release/src/main/Tuareg_process_data.o
                0x000000000800630c                Tuareg_update_consumption_data
 .text.Tuareg_update_trip
                0x00000000080063ac       0x30 obj/Release/src/main/Tuareg_process_data.o
                0x00000000080063ac                Tuareg_update_trip
 .text.Tuareg_update_runtime
                0x00000000080063dc       0x58 obj/Release/src/main/Tuareg_process_data.o
                0x00000000080063dc                Tuareg_update_runtime
 .text.request_service_mode
                0x0000000008006434       0x2c obj/Release/src/main/Tuareg_service_functions.o
                0x0000000008006434                request_service_mode
 .text.activate_fuel_pump
                0x0000000008006460       0x5c obj/Release/src/main/Tuareg_service_functions.o
                0x0000000008006460                activate_fuel_pump
 .text.deactivate_fuel_pump
                0x00000000080064bc       0x28 obj/Release/src/main/Tuareg_service_functions.o
                0x00000000080064bc                deactivate_fuel_pump
 .text.fuel_pump_periodic_update
                0x00000000080064e4       0x1c obj/Release/src/main/Tuareg_service_functions.o
                0x00000000080064e4                fuel_pump_periodic_update
 .text.activate_injector1
                0x0000000008006500       0x6c obj/Release/src/main/Tuareg_service_functions.o
                0x0000000008006500                activate_injector1
 .text.deactivate_injector1
                0x000000000800656c       0x2c obj/Release/src/main/Tuareg_service_functions.o
                0x000000000800656c                deactivate_injector1
 .text.injector1_periodic_update
                0x0000000008006598       0x54 obj/Release/src/main/Tuareg_service_functions.o
                0x0000000008006598                injector1_periodic_update
 .text.activate_injector2
                0x00000000080065ec       0x6c obj/Release/src/main/Tuareg_service_functions.o
                0x00000000080065ec                activate_injector2
 .text.deactivate_injector2
                0x0000000008006658       0x2c obj/Release/src/main/Tuareg_service_functions.o
                0x0000000008006658                deactivate_injector2
 .text.injector2_periodic_update
                0x0000000008006684       0x54 obj/Release/src/main/Tuareg_service_functions.o
                0x0000000008006684                injector2_periodic_update
 .text.activate_coil1
                0x00000000080066d8       0x8c obj/Release/src/main/Tuareg_service_functions.o
                0x00000000080066d8                activate_coil1
 .text.deactivate_coil1
                0x0000000008006764       0x2c obj/Release/src/main/Tuareg_service_functions.o
                0x0000000008006764                deactivate_coil1
 .text.coil1_periodic_update
                0x0000000008006790       0x54 obj/Release/src/main/Tuareg_service_functions.o
                0x0000000008006790                coil1_periodic_update
 .text.activate_coil2
                0x00000000080067e4       0x8c obj/Release/src/main/Tuareg_service_functions.o
                0x00000000080067e4                activate_coil2
 .text.deactivate_coil2
                0x0000000008006870       0x2c obj/Release/src/main/Tuareg_service_functions.o
                0x0000000008006870                deactivate_coil2
 .text.coil2_periodic_update
                0x000000000800689c       0x54 obj/Release/src/main/Tuareg_service_functions.o
                0x000000000800689c                coil2_periodic_update
 .text.service_functions_periodic_update
                0x00000000080068f0       0x40 obj/Release/src/main/Tuareg_service_functions.o
                0x00000000080068f0                service_functions_periodic_update
 .text.activate_tachometer
                0x0000000008006930       0x38 obj/Release/src/main/Tuareg_service_functions.o
                0x0000000008006930                activate_tachometer
 .text.deactivate_tachometer
                0x0000000008006968       0x14 obj/Release/src/main/Tuareg_service_functions.o
                0x0000000008006968                deactivate_tachometer
 .text.request_service_activation
                0x000000000800697c       0xb4 obj/Release/src/main/Tuareg_service_functions.o
                0x000000000800697c                request_service_activation
 .text.update_process_table
                0x0000000008006a30       0xc0 obj/Release/src/process_table/process_table.o
                0x0000000008006a30                update_process_table
 .text.print_process_table
                0x0000000008006af0       0x9c obj/Release/src/process_table/process_table.o
                0x0000000008006af0                print_process_table
 .text.sensors_start_regular_group_conversion
                0x0000000008006b8c        0xc obj/Release/src/sensors/analog_sensors.o
                0x0000000008006b8c                sensors_start_regular_group_conversion
 .text.sensors_start_injected_group_conversion
                0x0000000008006b98        0xc obj/Release/src/sensors/analog_sensors.o
                0x0000000008006b98                sensors_start_injected_group_conversion
 .text.init_analog_sensors
                0x0000000008006ba4      0x2d8 obj/Release/src/sensors/analog_sensors.o
                0x0000000008006ba4                init_analog_sensors
 .text.update_analog_sensor
                0x0000000008006e7c       0xdc obj/Release/src/sensors/analog_sensors.o
                0x0000000008006e7c                update_analog_sensor
 .text.ADC_IRQHandler
                0x0000000008006f58       0x6c obj/Release/src/sensors/analog_sensors.o
                0x0000000008006f58                ADC_IRQHandler
 .text.DMA2_Stream0_IRQHandler
                0x0000000008006fc4       0x9c obj/Release/src/sensors/analog_sensors.o
                0x0000000008006fc4                DMA2_Stream0_IRQHandler
 .text.reset_dsensor_integrator
                0x0000000008007060       0x2c obj/Release/src/sensors/digital_sensors.o
                0x0000000008007060                reset_dsensor_integrator
 .text.init_digital_sensors
                0x000000000800708c       0x88 obj/Release/src/sensors/digital_sensors.o
                0x000000000800708c                init_digital_sensors
 .text.read_dsensors
                0x0000000008007114       0x64 obj/Release/src/sensors/digital_sensors.o
                0x0000000008007114                read_dsensors
 .text.update_digital_sensors
                0x0000000008007178       0x6c obj/Release/src/sensors/digital_sensors.o
                0x0000000008007178                update_digital_sensors
 .text.load_Sensor_Calibration
                0x00000000080071e4       0x2c obj/Release/src/sensors/sensor_calibration.o
                0x00000000080071e4                load_Sensor_Calibration
 .text.store_Sensor_Calibration
                0x0000000008007210       0x10 obj/Release/src/sensors/sensor_calibration.o
                0x0000000008007210                store_Sensor_Calibration
 .text.show_Sensor_Calibration
                0x0000000008007220       0x30 obj/Release/src/sensors/sensor_calibration.o
                0x0000000008007220                show_Sensor_Calibration
 .text.modify_Sensor_Calibration
                0x0000000008007250       0x18 obj/Release/src/sensors/sensor_calibration.o
                0x0000000008007250                modify_Sensor_Calibration
 .text.send_Sensor_Calibration
                0x0000000008007268        0xc obj/Release/src/sensors/sensor_calibration.o
                0x0000000008007268                send_Sensor_Calibration
 .text.store_InvTableCLT
                0x0000000008007274       0x10 obj/Release/src/sensors/sensor_calibration.o
                0x0000000008007274                store_InvTableCLT
 .text.show_InvTableCLT
                0x0000000008007284       0x20 obj/Release/src/sensors/sensor_calibration.o
                0x0000000008007284                show_InvTableCLT
 .text.modify_InvTableCLT
                0x00000000080072a4       0x10 obj/Release/src/sensors/sensor_calibration.o
                0x00000000080072a4                modify_InvTableCLT
 .text.send_InvTableCLT
                0x00000000080072b4        0xc obj/Release/src/sensors/sensor_calibration.o
                0x00000000080072b4                send_InvTableCLT
 .text.getValue_InvTableCLT
                0x00000000080072c0       0x18 obj/Release/src/sensors/sensor_calibration.o
                0x00000000080072c0                getValue_InvTableCLT
 .text.sensors_diag_log_event
                0x00000000080072d8       0x28 obj/Release/src/sensors/sensors_diag.o
                0x00000000080072d8                sensors_diag_log_event
 .text.print_sensors_diag
                0x0000000008007300       0x68 obj/Release/src/sensors/sensors_diag.o
                0x0000000008007300                print_sensors_diag
 .text.Tuareg_update_MAP_sensor
                0x0000000008007368       0x5c obj/Release/src/sensors/Tuareg_sensors.o
                0x0000000008007368                Tuareg_update_MAP_sensor
 .text.Tuareg_update_O2_sensor
                0x00000000080073c4       0x54 obj/Release/src/sensors/Tuareg_sensors.o
                0x00000000080073c4                Tuareg_update_O2_sensor
 .text.Tuareg_update_TPS_sensor
                0x0000000008007418       0x54 obj/Release/src/sensors/Tuareg_sensors.o
                0x0000000008007418                Tuareg_update_TPS_sensor
 .text.Tuareg_update_IAT_sensor
                0x000000000800746c       0x64 obj/Release/src/sensors/Tuareg_sensors.o
                0x000000000800746c                Tuareg_update_IAT_sensor
 .text.Tuareg_update_CLT_sensor
                0x00000000080074d0       0x68 obj/Release/src/sensors/Tuareg_sensors.o
                0x00000000080074d0                Tuareg_update_CLT_sensor
 .text.Tuareg_update_VBAT_sensor
                0x0000000008007538       0x58 obj/Release/src/sensors/Tuareg_sensors.o
                0x0000000008007538                Tuareg_update_VBAT_sensor
 .text.Tuareg_update_KNOCK_sensor
                0x0000000008007590       0x58 obj/Release/src/sensors/Tuareg_sensors.o
                0x0000000008007590                Tuareg_update_KNOCK_sensor
 .text.Tuareg_update_BARO_sensor
                0x00000000080075e8       0x5c obj/Release/src/sensors/Tuareg_sensors.o
                0x00000000080075e8                Tuareg_update_BARO_sensor
 .text.Tuareg_update_GEAR_sensor
                0x0000000008007644       0x74 obj/Release/src/sensors/Tuareg_sensors.o
                0x0000000008007644                Tuareg_update_GEAR_sensor
 .text.init_Sensors
                0x00000000080076b8       0xf0 obj/Release/src/sensors/Tuareg_sensors.o
                0x00000000080076b8                init_Sensors
 .text.adc_set_regular_group
                0x00000000080077a8       0x6e obj/Release/src/stm32_libs/stm32f4xx/boctok/stm32f4xx_adc_boctok.o
                0x00000000080077a8                adc_set_regular_group
 .text.adc_set_regular_group_length
                0x0000000008007816       0x18 obj/Release/src/stm32_libs/stm32f4xx/boctok/stm32f4xx_adc_boctok.o
                0x0000000008007816                adc_set_regular_group_length
 .text.adc_set_sample_time
                0x000000000800782e       0x3c obj/Release/src/stm32_libs/stm32f4xx/boctok/stm32f4xx_adc_boctok.o
                0x000000000800782e                adc_set_sample_time
 .text.adc_start_regular_group
                0x000000000800786a        0xa obj/Release/src/stm32_libs/stm32f4xx/boctok/stm32f4xx_adc_boctok.o
                0x000000000800786a                adc_start_regular_group
 .text.adc_start_injected_group
                0x0000000008007874        0xa obj/Release/src/stm32_libs/stm32f4xx/boctok/stm32f4xx_adc_boctok.o
                0x0000000008007874                adc_start_injected_group
 *fill*         0x000000000800787e        0x2 
 .text.getScbDump
                0x0000000008007880       0x24 obj/Release/src/stm32_libs/stm32f4xx/boctok/stm32f4xx_fault_handler_boctok.o
                0x0000000008007880                getScbDump
 .text.getStackRegisters
                0x00000000080078a4       0x30 obj/Release/src/stm32_libs/stm32f4xx/boctok/stm32f4xx_fault_handler_boctok.o
                0x00000000080078a4                getStackRegisters
 .text.HardFault_Handler
                0x00000000080078d4       0x28 obj/Release/src/stm32_libs/stm32f4xx/boctok/stm32f4xx_fault_handler_boctok.o
                0x00000000080078d4                HardFault_Handler
 .text.NMI_Handler
                0x00000000080078fc       0x28 obj/Release/src/stm32_libs/stm32f4xx/boctok/stm32f4xx_fault_handler_boctok.o
                0x00000000080078fc                NMI_Handler
 .text.MemManage_Handler
                0x0000000008007924       0x28 obj/Release/src/stm32_libs/stm32f4xx/boctok/stm32f4xx_fault_handler_boctok.o
                0x0000000008007924                MemManage_Handler
 .text.BusFault_Handler
                0x000000000800794c       0x28 obj/Release/src/stm32_libs/stm32f4xx/boctok/stm32f4xx_fault_handler_boctok.o
                0x000000000800794c                BusFault_Handler
 .text.UsageFault_Handler
                0x0000000008007974       0x28 obj/Release/src/stm32_libs/stm32f4xx/boctok/stm32f4xx_fault_handler_boctok.o
                0x0000000008007974                UsageFault_Handler
 .text.SVC_Handler
                0x000000000800799c       0x28 obj/Release/src/stm32_libs/stm32f4xx/boctok/stm32f4xx_fault_handler_boctok.o
                0x000000000800799c                SVC_Handler
 .text.DebugMon_Handler
                0x00000000080079c4       0x28 obj/Release/src/stm32_libs/stm32f4xx/boctok/stm32f4xx_fault_handler_boctok.o
                0x00000000080079c4                DebugMon_Handler
 .text.PendSV_Handler
                0x00000000080079ec       0x28 obj/Release/src/stm32_libs/stm32f4xx/boctok/stm32f4xx_fault_handler_boctok.o
                0x00000000080079ec                PendSV_Handler
 .text.WWDG_IRQHandler
                0x0000000008007a14       0x28 obj/Release/src/stm32_libs/stm32f4xx/boctok/stm32f4xx_fault_handler_boctok.o
                0x0000000008007a14                WWDG_IRQHandler
 .text.FPU_IRQHandler
                0x0000000008007a3c       0x28 obj/Release/src/stm32_libs/stm32f4xx/boctok/stm32f4xx_fault_handler_boctok.o
                0x0000000008007a3c                FPU_IRQHandler
 .text.GPIO_configure
                0x0000000008007a64       0x6c obj/Release/src/stm32_libs/stm32f4xx/boctok/stm32f4xx_gpio_boctok.o
                0x0000000008007a64                GPIO_configure
 .text.SYSCFG_map_EXTI
                0x0000000008007ad0       0x98 obj/Release/src/stm32_libs/stm32f4xx/boctok/stm32f4xx_gpio_boctok.o
                0x0000000008007ad0                SYSCFG_map_EXTI
 .text.gpio_set_pin
                0x0000000008007b68       0x36 obj/Release/src/stm32_libs/stm32f4xx/boctok/stm32f4xx_gpio_boctok.o
                0x0000000008007b68                gpio_set_pin
 .text.GPIO_SetAF
                0x0000000008007b9e       0x44 obj/Release/src/stm32_libs/stm32f4xx/boctok/stm32f4xx_gpio_boctok.o
                0x0000000008007b9e                GPIO_SetAF
 *fill*         0x0000000008007be2        0x2 
 .text.Reset_Handler
                0x0000000008007be4       0x50 obj/Release/src/stm32_libs/stm32f4xx/cmsis/startup_stm32f410xx.o
                0x0000000008007be4                Reset_Handler
 .text.Default_Handler
                0x0000000008007c34        0x2 obj/Release/src/stm32_libs/stm32f4xx/cmsis/startup_stm32f410xx.o
                0x0000000008007c34                RTC_Alarm_IRQHandler
                0x0000000008007c34                FMPI2C1_EV_IRQHandler
                0x0000000008007c34                TIM1_CC_IRQHandler
                0x0000000008007c34                DMA2_Stream5_IRQHandler
                0x0000000008007c34                DMA1_Stream5_IRQHandler
                0x0000000008007c34                PVD_IRQHandler
                0x0000000008007c34                TAMP_STAMP_IRQHandler
                0x0000000008007c34                EXTI3_IRQHandler
                0x0000000008007c34                I2C2_EV_IRQHandler
                0x0000000008007c34                DMA1_Stream2_IRQHandler
                0x0000000008007c34                DMA2_Stream2_IRQHandler
                0x0000000008007c34                SPI1_IRQHandler
                0x0000000008007c34                TIM6_DAC_IRQHandler
                0x0000000008007c34                DMA2_Stream3_IRQHandler
                0x0000000008007c34                USART6_IRQHandler
                0x0000000008007c34                I2C1_EV_IRQHandler
                0x0000000008007c34                DMA1_Stream6_IRQHandler
                0x0000000008007c34                DMA1_Stream1_IRQHandler
                0x0000000008007c34                RCC_IRQHandler
                0x0000000008007c34                Default_Handler
                0x0000000008007c34                EXTI15_10_IRQHandler
                0x0000000008007c34                DMA1_Stream7_IRQHandler
                0x0000000008007c34                SPI5_IRQHandler
                0x0000000008007c34                DMA2_Stream7_IRQHandler
                0x0000000008007c34                EXTI9_5_IRQHandler
                0x0000000008007c34                RTC_WKUP_IRQHandler
                0x0000000008007c34                SPI2_IRQHandler
                0x0000000008007c34                DMA1_Stream0_IRQHandler
                0x0000000008007c34                FMPI2C1_ER_IRQHandler
                0x0000000008007c34                EXTI4_IRQHandler
                0x0000000008007c34                RNG_IRQHandler
                0x0000000008007c34                TIM1_UP_IRQHandler
                0x0000000008007c34                TIM1_TRG_COM_TIM11_IRQHandler
                0x0000000008007c34                USART2_IRQHandler
                0x0000000008007c34                I2C2_ER_IRQHandler
                0x0000000008007c34                DMA2_Stream1_IRQHandler
                0x0000000008007c34                FLASH_IRQHandler
                0x0000000008007c34                DMA2_Stream4_IRQHandler
                0x0000000008007c34                DMA1_Stream4_IRQHandler
                0x0000000008007c34                I2C1_ER_IRQHandler
                0x0000000008007c34                LPTIM1_IRQHandler
                0x0000000008007c34                DMA2_Stream6_IRQHandler
                0x0000000008007c34                DMA1_Stream3_IRQHandler
 .text._init    0x0000000008007c36        0x2 obj/Release/src/stm32_libs/stm32f4xx/cmsis/system_hse100_stm32f410.o
                0x0000000008007c36                _init
 .text.SystemInit
                0x0000000008007c38       0xf0 obj/Release/src/stm32_libs/stm32f4xx/cmsis/system_hse100_stm32f410.o
                0x0000000008007c38                SystemInit
 .text.NVIC_PriorityGroupConfig
                0x0000000008007d28       0x14 obj/Release/src/stm32_libs/stm32f4xx/spl/misc.o
                0x0000000008007d28                NVIC_PriorityGroupConfig
 .text.DMA_Init
                0x0000000008007d3c       0x54 obj/Release/src/stm32_libs/stm32f4xx/spl/stm32f4xx_dma.o
                0x0000000008007d3c                DMA_Init
 .text.DMA_StructInit
                0x0000000008007d90       0x22 obj/Release/src/stm32_libs/stm32f4xx/spl/stm32f4xx_dma.o
                0x0000000008007d90                DMA_StructInit
 *fill*         0x0000000008007db2        0x2 
 .text.I2C_Init
                0x0000000008007db4       0xc8 obj/Release/src/stm32_libs/stm32f4xx/spl/stm32f4xx_i2c.o
                0x0000000008007db4                I2C_Init
 .text.I2C_Cmd  0x0000000008007e7c       0x16 obj/Release/src/stm32_libs/stm32f4xx/spl/stm32f4xx_i2c.o
                0x0000000008007e7c                I2C_Cmd
 .text.I2C_GenerateSTART
                0x0000000008007e92       0x16 obj/Release/src/stm32_libs/stm32f4xx/spl/stm32f4xx_i2c.o
                0x0000000008007e92                I2C_GenerateSTART
 .text.I2C_GenerateSTOP
                0x0000000008007ea8       0x16 obj/Release/src/stm32_libs/stm32f4xx/spl/stm32f4xx_i2c.o
                0x0000000008007ea8                I2C_GenerateSTOP
 .text.I2C_Send7bitAddress
                0x0000000008007ebe       0x12 obj/Release/src/stm32_libs/stm32f4xx/spl/stm32f4xx_i2c.o
                0x0000000008007ebe                I2C_Send7bitAddress
 .text.I2C_AcknowledgeConfig
                0x0000000008007ed0       0x16 obj/Release/src/stm32_libs/stm32f4xx/spl/stm32f4xx_i2c.o
                0x0000000008007ed0                I2C_AcknowledgeConfig
 .text.I2C_SendData
                0x0000000008007ee6        0x4 obj/Release/src/stm32_libs/stm32f4xx/spl/stm32f4xx_i2c.o
                0x0000000008007ee6                I2C_SendData
 .text.I2C_ReceiveData
                0x0000000008007eea        0x6 obj/Release/src/stm32_libs/stm32f4xx/spl/stm32f4xx_i2c.o
                0x0000000008007eea                I2C_ReceiveData
 .text.I2C_CheckEvent
                0x0000000008007ef0       0x16 obj/Release/src/stm32_libs/stm32f4xx/spl/stm32f4xx_i2c.o
                0x0000000008007ef0                I2C_CheckEvent
 .text.I2C_GetFlagStatus
                0x0000000008007f06       0x34 obj/Release/src/stm32_libs/stm32f4xx/spl/stm32f4xx_i2c.o
                0x0000000008007f06                I2C_GetFlagStatus
 .text.I2C_ClearFlag
                0x0000000008007f3a        0x8 obj/Release/src/stm32_libs/stm32f4xx/spl/stm32f4xx_i2c.o
                0x0000000008007f3a                I2C_ClearFlag
 *fill*         0x0000000008007f42        0x2 
 .text.RCC_GetClocksFreq
                0x0000000008007f44       0x88 obj/Release/src/stm32_libs/stm32f4xx/spl/stm32f4xx_rcc.o
                0x0000000008007f44                RCC_GetClocksFreq
 .text.USART_Init
                0x0000000008007fcc       0xb0 obj/Release/src/stm32_libs/stm32f4xx/spl/stm32f4xx_usart.o
                0x0000000008007fcc                USART_Init
 .text.USART_Cmd
                0x000000000800807c       0x16 obj/Release/src/stm32_libs/stm32f4xx/spl/stm32f4xx_usart.o
                0x000000000800807c                USART_Cmd
 .text.USART_ReceiveData
                0x0000000008008092        0x8 obj/Release/src/stm32_libs/stm32f4xx/spl/stm32f4xx_usart.o
                0x0000000008008092                USART_ReceiveData
 .text.USART_ITConfig
                0x000000000800809a       0x32 obj/Release/src/stm32_libs/stm32f4xx/spl/stm32f4xx_usart.o
                0x000000000800809a                USART_ITConfig
 .text.Eeprom_init
                0x00000000080080cc       0xa0 obj/Release/src/storage/eeprom.o
                0x00000000080080cc                Eeprom_init
 .text.eeprom_wait
                0x000000000800816c       0xb0 obj/Release/src/storage/eeprom.o
                0x000000000800816c                eeprom_wait
 .text.eeprom_write_byte
                0x000000000800821c      0x104 obj/Release/src/storage/eeprom.o
                0x000000000800821c                eeprom_write_byte
 .text.eeprom_read_byte
                0x0000000008008320      0x188 obj/Release/src/storage/eeprom.o
                0x0000000008008320                eeprom_read_byte
 .text.eeprom_update_byte
                0x00000000080084a8       0x58 obj/Release/src/storage/eeprom.o
                0x00000000080084a8                eeprom_update_byte
 .text.Eeprom_load_data
                0x0000000008008500       0x40 obj/Release/src/storage/eeprom.o
                0x0000000008008500                Eeprom_load_data
 .text.Eeprom_update_data
                0x0000000008008540       0x38 obj/Release/src/storage/eeprom.o
                0x0000000008008540                Eeprom_update_data
 .text.map_get_domain_x
                0x0000000008008578      0x15a obj/Release/src/storage/map.o
                0x0000000008008578                map_get_domain_x
 .text.map_get_domain_y
                0x00000000080086d2      0x15e obj/Release/src/storage/map.o
                0x00000000080086d2                map_get_domain_y
 .text.map_interpolate
                0x0000000008008830      0x136 obj/Release/src/storage/map.o
                0x0000000008008830                map_interpolate
 .text.map_get  0x0000000008008966       0x6a obj/Release/src/storage/map.o
                0x0000000008008966                map_get
 .text.map_load
                0x00000000080089d0        0xe obj/Release/src/storage/map.o
                0x00000000080089d0                map_load
 .text.map_store
                0x00000000080089de        0xe obj/Release/src/storage/map.o
                0x00000000080089de                map_store
 .text.map_modify
                0x00000000080089ec       0x10 obj/Release/src/storage/map.o
                0x00000000080089ec                map_modify
 .text.map_show_axes
                0x00000000080089fc       0xa0 obj/Release/src/storage/map.o
                0x00000000080089fc                map_show_axes
 .text.map_show
                0x0000000008008a9c        0x8 obj/Release/src/storage/map.o
                0x0000000008008a9c                map_show
 .text.map_send
                0x0000000008008aa4        0x8 obj/Release/src/storage/map.o
                0x0000000008008aa4                map_send
 .text.interpolate_t2D
                0x0000000008008aac       0xa8 obj/Release/src/storage/table.o
                0x0000000008008aac                interpolate_t2D
 .text.getValue_table
                0x0000000008008b54       0xbc obj/Release/src/storage/table.o
                0x0000000008008b54                getValue_table
 .text.load_table
                0x0000000008008c10        0xc obj/Release/src/storage/table.o
                0x0000000008008c10                load_table
 .text.store_table
                0x0000000008008c1c        0xc obj/Release/src/storage/table.o
                0x0000000008008c1c                store_table
 .text.show_table
                0x0000000008008c28       0x64 obj/Release/src/storage/table.o
                0x0000000008008c28                show_table
 .text.modify_table
                0x0000000008008c8c        0xe obj/Release/src/storage/table.o
                0x0000000008008c8c                modify_table
 .text.send_table
                0x0000000008008c9a        0x6 obj/Release/src/storage/table.o
                0x0000000008008c9a                send_table
 .text.allocate_timer_channel_1
                0x0000000008008ca0       0x3c obj/Release/src/timing/scheduler.o
                0x0000000008008ca0                allocate_timer_channel_1
 .text.reset_timer_channel_1
                0x0000000008008cdc       0x30 obj/Release/src/timing/scheduler.o
                0x0000000008008cdc                reset_timer_channel_1
 .text.allocate_timer_channel_2
                0x0000000008008d0c       0x3c obj/Release/src/timing/scheduler.o
                0x0000000008008d0c                allocate_timer_channel_2
 .text.reset_timer_channel_2
                0x0000000008008d48       0x30 obj/Release/src/timing/scheduler.o
                0x0000000008008d48                reset_timer_channel_2
 .text.allocate_timer_channel_3
                0x0000000008008d78       0x3c obj/Release/src/timing/scheduler.o
                0x0000000008008d78                allocate_timer_channel_3
 .text.reset_timer_channel_3
                0x0000000008008db4       0x30 obj/Release/src/timing/scheduler.o
                0x0000000008008db4                reset_timer_channel_3
 .text.allocate_timer_channel_4
                0x0000000008008de4       0x3c obj/Release/src/timing/scheduler.o
                0x0000000008008de4                allocate_timer_channel_4
 .text.reset_timer_channel_4
                0x0000000008008e20       0x30 obj/Release/src/timing/scheduler.o
                0x0000000008008e20                reset_timer_channel_4
 .text.init_Vital_Scheduler
                0x0000000008008e50       0xd0 obj/Release/src/timing/scheduler.o
                0x0000000008008e50                init_Vital_Scheduler
 .text.scheduler_reset_channel
                0x0000000008008f20       0x5c obj/Release/src/timing/scheduler.o
                0x0000000008008f20                scheduler_reset_channel
 .text.allocate_channel
                0x0000000008008f7c       0x8c obj/Release/src/timing/scheduler.o
                0x0000000008008f7c                allocate_channel
 .text.scheduler_set_channel
                0x0000000008009008      0x108 obj/Release/src/timing/scheduler.o
                0x0000000008009008                scheduler_set_channel
 .text.TIM5_IRQHandler
                0x0000000008009110      0x128 obj/Release/src/timing/scheduler.o
                0x0000000008009110                TIM5_IRQHandler
 .text.scheduler_diag_log_event
                0x0000000008009238       0x28 obj/Release/src/timing/scheduler_diag.o
                0x0000000008009238                scheduler_diag_log_event
 .text.print_scheduler_diag
                0x0000000008009260       0x68 obj/Release/src/timing/scheduler_diag.o
                0x0000000008009260                print_scheduler_diag
 .text.init_systick_timer
                0x00000000080092c8       0x24 obj/Release/src/timing/systick_timer.o
                0x00000000080092c8                init_systick_timer
 .text.get_timestamp_fraction_us
                0x00000000080092ec       0x24 obj/Release/src/timing/systick_timer.o
                0x00000000080092ec                get_timestamp_fraction_us
 .text.SysTick_Handler
                0x0000000008009310      0x100 obj/Release/src/timing/systick_timer.o
                0x0000000008009310                SysTick_Handler
 .text.calc_rot_duration_us
                0x0000000008009410        0xc obj/Release/src/utils/base_calc.o
                0x0000000008009410                calc_rot_duration_us
 .text.calc_rot_angle_deg
                0x000000000800941c       0x1c obj/Release/src/utils/base_calc.o
                0x000000000800941c                calc_rot_angle_deg
 .text.calc_rpm
                0x0000000008009438       0x20 obj/Release/src/utils/base_calc.o
                0x0000000008009438                calc_rpm
 .text.sub_VU32
                0x0000000008009458       0x14 obj/Release/src/utils/base_calc.o
                0x0000000008009458                sub_VU32
 .text.subtract_U32
                0x000000000800946c        0xa obj/Release/src/utils/base_calc.o
                0x000000000800946c                subtract_U32
 .text.divide_U32
                0x0000000008009476       0x18 obj/Release/src/utils/base_calc.o
                0x0000000008009476                divide_U32
 *fill*         0x000000000800948e        0x2 
 .text.divide_F32
                0x0000000008009490       0x2c obj/Release/src/utils/base_calc.o
                0x0000000008009490                divide_F32
 .text.divide_float
                0x00000000080094bc       0x2a obj/Release/src/utils/base_calc.o
                0x00000000080094bc                divide_float
 .text.crank_position_after
                0x00000000080094e6       0x14 obj/Release/src/utils/base_calc.o
                0x00000000080094e6                crank_position_after
 .text.opposite_phase
                0x00000000080094fa       0x10 obj/Release/src/utils/base_calc.o
                0x00000000080094fa                opposite_phase
 *fill*         0x000000000800950a        0x2 
 .text.solve_linear
                0x000000000800950c       0x28 obj/Release/src/utils/base_calc.o
                0x000000000800950c                solve_linear
 .text.calc_ema
                0x0000000008009534       0x42 obj/Release/src/utils/base_calc.o
                0x0000000008009534                calc_ema
 .text.update_ema_filter
                0x0000000008009576       0x1a obj/Release/src/utils/base_calc.o
                0x0000000008009576                update_ema_filter
 .text.calc_derivative_s
                0x0000000008009590       0x34 obj/Release/src/utils/base_calc.o
                0x0000000008009590                calc_derivative_s
 .text.abs_F32  0x00000000080095c4       0x2c obj/Release/src/utils/base_calc.o
                0x00000000080095c4                abs_F32
 .text.getBit_BF8
                0x00000000080095f0       0x26 obj/Release/src/utils/bitfields.o
                0x00000000080095f0                getBit_BF8
 *fill*         0x0000000008009616        0x2 
 .text.__libc_init_array
                0x0000000008009618       0x48 /opt/gcc-arm-none-eabi-7-2017-q4-major/bin/../lib/gcc/arm-none-eabi/7.2.1/../../../../arm-none-eabi/lib/thumb/v7e-m/fpv4-sp/hard/libc.a(lib_a-init.o)
                0x0000000008009618                __libc_init_array
 *(.rodata)
 .rodata        0x0000000008009660      0x208 obj/Release/src/decoder/decoder_diag.o
                0x0000000008009660                decoder_diag_legend
 .rodata        0x0000000008009868      0x32a obj/Release/src/fueling/fueling_diag.o
                0x0000000008009868                fueling_diag_legend
 .rodata        0x0000000008009b92      0x1a4 obj/Release/src/ignition/ignition_diag.o
                0x0000000008009b92                ignition_diag_legend
 .rodata        0x0000000008009d36       0x15 obj/Release/src/main/Tuareg.o
                0x0000000008009d36                Tuareg_Version
 .rodata        0x0000000008009d4b      0x258 obj/Release/src/main/Tuareg_diag.o
                0x0000000008009d4b                tuareg_diag_legend
 .rodata        0x0000000008009fa3      0x690 obj/Release/src/main/Tuareg_ID.o
                0x0000000008009fa3                Tuareg_ID_labels
 .rodata        0x000000000800a633       0x7d obj/Release/src/sensors/sensors_diag.o
                0x000000000800a633                sensors_diag_legend
 .rodata        0x000000000800a6b0      0x433 obj/Release/src/timing/scheduler_diag.o
                0x000000000800a6b0                scheduler_diag_legend
 *(.rodata*)
 .rodata.Tuareg_update_console.str1.1
                0x000000000800aae3       0x33 obj/Release/src/com/Tuareg_console.o
 .rodata.cli_show_help.str1.1
                0x000000000800ab16      0x165 obj/Release/src/com/Tuareg_console.o
 .rodata.cli_print_sensor_data.str1.1
                0x000000000800ac7b       0x8c obj/Release/src/com/TunerStudio_service.o
                                         0x8f (size before relaxing)
 .rodata.cli_show_debug_help.str1.1
                0x000000000800ad07      0x1b7 obj/Release/src/com/TunerStudio_service.o
 .rodata.cli_show_decoder_interface.str1.1
                0x000000000800aebe       0xbe obj/Release/src/com/TunerStudio_service.o
 .rodata.cli_show_fueling_controls.str1.1
                0x000000000800af7c      0x249 obj/Release/src/com/TunerStudio_service.o
 .rodata.cli_show_ignition_controls.str1.1
                0x000000000800b1c5       0x8a obj/Release/src/com/TunerStudio_service.o
 .rodata.cli_show_process_data.str1.1
                0x000000000800b24f       0xb9 obj/Release/src/com/TunerStudio_service.o
 .rodata.ts_debug_features.str1.1
                0x000000000800b308       0x2f obj/Release/src/com/TunerStudio_service.o
 .rodata.printf_U8hex.str1.1
                0x000000000800b337        0x3 obj/Release/src/com/uart_printf.o
 .rodata.printf_crkpos.str1.1
                0x000000000800b33a       0x1b obj/Release/src/com/uart_printf.o
 .rodata.printf_decoder_sensing.str1.1
                0x000000000800b355       0x1f obj/Release/src/com/uart_printf.o
 .rodata.printf_hex_digits
                0x000000000800b374       0x11 obj/Release/src/com/uart_printf.o
                0x000000000800b374                printf_hex_digits
 .rodata.printf_phase.str1.1
                0x000000000800b385        0x8 obj/Release/src/com/uart_printf.o
 .rodata.DebugMsg_Warning.str1.1
                0x000000000800b38d        0x6 obj/Release/src/debug/debug_port_messages.o
 .rodata.show_Decoder_Setup.str1.1
                0x000000000800b393      0x14e obj/Release/src/decoder/decoder_config.o
 .rodata.print_decoder_diag.str1.1
                0x000000000800b4e1       0x1c obj/Release/src/decoder/decoder_diag.o
                                         0x1f (size before relaxing)
 .rodata.show_Fault_Log.str1.1
                0x000000000800b4fd       0x30 obj/Release/src/diagnostics/fault_log.o
 .rodata.show_highspeedlog.str1.1
                0x000000000800b52d       0x71 obj/Release/src/diagnostics/highspeed_loggers.o
 .rodata.show_syslog.str1.1
                0x000000000800b59e       0x4a obj/Release/src/diagnostics/syslog.o
                                         0x54 (size before relaxing)
 .rodata.show_AccelCompTableMAP.str1.1
                0x000000000800b5e8       0x35 obj/Release/src/fueling/fueling_config.o
 .rodata.show_AccelCompTableTPS.str1.1
                0x000000000800b61d       0x35 obj/Release/src/fueling/fueling_config.o
 .rodata.show_BAROtable.str1.1
                0x000000000800b652       0x1d obj/Release/src/fueling/fueling_config.o
 .rodata.show_ChargeTempMap.str1.1
                0x000000000800b66f       0x24 obj/Release/src/fueling/fueling_config.o
 .rodata.show_CrankingFuelTable.str1.1
                0x000000000800b693       0x1f obj/Release/src/fueling/fueling_config.o
 .rodata.show_Fueling_Setup.str1.1
                0x000000000800b6b2      0x4aa obj/Release/src/fueling/fueling_config.o
                                        0x4b6 (size before relaxing)
 .rodata.show_InjectorTimingTable.str1.1
                0x000000000800bb5c       0x1d obj/Release/src/fueling/fueling_config.o
 .rodata.show_WarmUpCompTable.str1.1
                0x000000000800bb79       0x24 obj/Release/src/fueling/fueling_config.o
 .rodata.print_fueling_diag.str1.1
                0x000000000800bb9d       0x1c obj/Release/src/fueling/fueling_diag.o
                                         0x1f (size before relaxing)
 .rodata.show_Ignition_Setup.str1.1
                0x000000000800bbb9      0x16a obj/Release/src/ignition/ignition_config.o
                                        0x176 (size before relaxing)
 .rodata.show_ignDwellTable.str1.1
                0x000000000800bd23       0x1c obj/Release/src/ignition/ignition_config.o
 .rodata.print_ignition_diag.str1.1
                0x000000000800bd3f       0x1d obj/Release/src/ignition/ignition_diag.o
                                         0x20 (size before relaxing)
 .rodata.cTuareg_controls_update_pos
                0x000000000800bd5c        0x1 obj/Release/src/main/Tuareg.o
                0x000000000800bd5c                cTuareg_controls_update_pos
 .rodata.show_TachTable.str1.1
                0x000000000800bd5d       0x1f obj/Release/src/main/Tuareg_config.o
 .rodata.show_Tuareg_Setup.str1.1
                0x000000000800bd7c      0x170 obj/Release/src/main/Tuareg_config.o
                                        0x17c (size before relaxing)
 .rodata.cMax_Adv_val
                0x000000000800beec        0x4 obj/Release/src/main/Tuareg_controls.o
                0x000000000800beec                cMax_Adv_val
 .rodata.cMin_Adv_val
                0x000000000800bef0        0x4 obj/Release/src/main/Tuareg_controls.o
                0x000000000800bef0                cMin_Adv_val
 .rodata.print_tuareg_diag.str1.1