Archive member included to satisfy reference by file (symbol)

/opt/gcc-arm-none-eabi-7-2017-q4-major/bin/../lib/gcc/arm-none-eabi/7.2.1/../../../../arm-none-eabi/lib/thumb/v7e-m/fpv4-sp/hard/libc.a(lib_a-init.o)
                              obj/Release/src/stm32_libs/stm32f4xx/cmsis/startup_stm32f410xx.o (__libc_init_array)

Discarded input sections

 .text          0x0000000000000000        0x0 obj/Release/src/actors/act_hw.o
 .data          0x0000000000000000        0x0 obj/Release/src/actors/act_hw.o
 .bss           0x0000000000000000        0x0 obj/Release/src/actors/act_hw.o
 .text.set_act1
                0x0000000000000000       0x20 obj/Release/src/actors/act_hw.o
 .text.set_act2
                0x0000000000000000       0x20 obj/Release/src/actors/act_hw.o
 .text.init_act_hw
                0x0000000000000000       0x4c obj/Release/src/actors/act_hw.o
 .comment       0x0000000000000000       0x7f obj/Release/src/actors/act_hw.o
 .ARM.attributes
                0x0000000000000000       0x39 obj/Release/src/actors/act_hw.o
 .text          0x0000000000000000        0x0 obj/Release/src/actors/act_logic.o
 .data          0x0000000000000000        0x0 obj/Release/src/actors/act_logic.o
 .bss           0x0000000000000000        0x0 obj/Release/src/actors/act_logic.o
 .text.init_act_logic
                0x0000000000000000        0x2 obj/Release/src/actors/act_logic.o
 .comment       0x0000000000000000       0x7f obj/Release/src/actors/act_logic.o
 .ARM.attributes
                0x0000000000000000       0x39 obj/Release/src/actors/act_logic.o
 .text          0x0000000000000000        0x0 obj/Release/src/com/serial_buffer.o
 .data          0x0000000000000000        0x0 obj/Release/src/com/serial_buffer.o
 .bss           0x0000000000000000        0x0 obj/Release/src/com/serial_buffer.o
 .text          0x0000000000000000        0x0 obj/Release/src/com/serial_monitor.o
 .data          0x0000000000000000        0x0 obj/Release/src/com/serial_monitor.o
 .bss           0x0000000000000000        0x0 obj/Release/src/com/serial_monitor.o
 .comment       0x0000000000000000       0x7f obj/Release/src/com/serial_monitor.o
 .ARM.attributes
                0x0000000000000000       0x39 obj/Release/src/com/serial_monitor.o
 .text          0x0000000000000000        0x0 obj/Release/src/com/Tuareg_console.o
 .data          0x0000000000000000        0x0 obj/Release/src/com/Tuareg_console.o
 .bss           0x0000000000000000        0x0 obj/Release/src/com/Tuareg_console.o
 .rodata.cTSmaxChunkLen
                0x0000000000000000        0x4 obj/Release/src/com/Tuareg_console.o
 .rodata.cTSmaxOffset
                0x0000000000000000        0x4 obj/Release/src/com/Tuareg_console.o
 .text          0x0000000000000000        0x0 obj/Release/src/com/TunerStudio.o
 .data          0x0000000000000000        0x0 obj/Release/src/com/TunerStudio.o
 .bss           0x0000000000000000        0x0 obj/Release/src/com/TunerStudio.o
 .text          0x0000000000000000        0x0 obj/Release/src/com/TunerStudio_outChannel.o
 .data          0x0000000000000000        0x0 obj/Release/src/com/TunerStudio_outChannel.o
 .bss           0x0000000000000000        0x0 obj/Release/src/com/TunerStudio_outChannel.o
 .rodata.cOut_size
                0x0000000000000000        0x4 obj/Release/src/com/TunerStudio_outChannel.o
 .rodata.pOut_data
                0x0000000000000000        0x4 obj/Release/src/com/TunerStudio_outChannel.o
 .text          0x0000000000000000        0x0 obj/Release/src/com/TunerStudio_service.o
 .data          0x0000000000000000        0x0 obj/Release/src/com/TunerStudio_service.o
 .bss           0x0000000000000000        0x0 obj/Release/src/com/TunerStudio_service.o
 .text          0x0000000000000000        0x0 obj/Release/src/com/uart.o
 .data          0x0000000000000000        0x0 obj/Release/src/com/uart.o
 .bss           0x0000000000000000        0x0 obj/Release/src/com/uart.o
 .text.UART_listen
                0x0000000000000000        0xa obj/Release/src/com/uart.o
 .text.UART_nolisten
                0x0000000000000000        0xa obj/Release/src/com/uart.o
 .text          0x0000000000000000        0x0 obj/Release/src/com/uart_printf.o
 .data          0x0000000000000000        0x0 obj/Release/src/com/uart_printf.o
 .bss           0x0000000000000000        0x0 obj/Release/src/com/uart_printf.o
 .text.printf_S
                0x0000000000000000       0x20 obj/Release/src/com/uart_printf.o
 .text.printf_U8
                0x0000000000000000       0x42 obj/Release/src/com/uart_printf.o
 .text.printf_U32hex
                0x0000000000000000       0x30 obj/Release/src/com/uart_printf.o
 .text          0x0000000000000000        0x0 obj/Release/src/dash/dash_hw.o
 .data          0x0000000000000000        0x0 obj/Release/src/dash/dash_hw.o
 .bss           0x0000000000000000        0x0 obj/Release/src/dash/dash_hw.o
 .text          0x0000000000000000        0x0 obj/Release/src/dash/Tuareg_dash.o
[...]
Memory Configuration

Name             Origin             Length             Attributes
FLASH            0x0000000008000000 0x0000000000020000 xr
RAM              0x0000000020000000 0x0000000000008000 xrw
MEMORY_B1        0x0000000060000000 0x0000000000000000 xr
*default*        0x0000000000000000 0xffffffffffffffff

Linker script and memory map

LOAD obj/Release/src/actors/act_hw.o
LOAD obj/Release/src/actors/act_logic.o
LOAD obj/Release/src/com/serial_buffer.o
LOAD obj/Release/src/com/serial_monitor.o
LOAD obj/Release/src/com/Tuareg_console.o
LOAD obj/Release/src/com/TunerStudio.o
LOAD obj/Release/src/com/TunerStudio_outChannel.o
LOAD obj/Release/src/com/TunerStudio_service.o
LOAD obj/Release/src/com/uart.o
LOAD obj/Release/src/com/uart_printf.o
LOAD obj/Release/src/dash/dash_hw.o
LOAD obj/Release/src/dash/Tuareg_dash.o
LOAD obj/Release/src/debug/debug.o
LOAD obj/Release/src/debug/debug_port_messages.o
LOAD obj/Release/src/debug/dwt.o
LOAD obj/Release/src/decoder/decoder_cis.o
LOAD obj/Release/src/decoder/decoder_config.o
LOAD obj/Release/src/decoder/decoder_debug.o
LOAD obj/Release/src/decoder/decoder_diag.o
LOAD obj/Release/src/decoder/decoder_hw.o
LOAD obj/Release/src/decoder/decoder_logic.o
LOAD obj/Release/src/decoder/Tuareg_decoder.o
LOAD obj/Release/src/diagnostics/diagnostics.o
LOAD obj/Release/src/diagnostics/fault_log.o
LOAD obj/Release/src/diagnostics/highspeed_loggers.o
LOAD obj/Release/src/diagnostics/syslog.o
LOAD obj/Release/src/fueling/accel_comp.o
LOAD obj/Release/src/fueling/fueling_config.o
LOAD obj/Release/src/fueling/fueling_corrections.o
LOAD obj/Release/src/fueling/fueling_diag.o
LOAD obj/Release/src/fueling/fueling_hw.o
LOAD obj/Release/src/fueling/injector_parameters.o
LOAD obj/Release/src/fueling/Tuareg_fueling.o
LOAD obj/Release/src/fueling/Tuareg_fueling_controls.o
LOAD obj/Release/src/ignition/ignition_config.o
LOAD obj/Release/src/ignition/ignition_diag.o
LOAD obj/Release/src/ignition/ignition_hw.o
LOAD obj/Release/src/ignition/Tuareg_ignition.o
LOAD obj/Release/src/ignition/Tuareg_ignition_controls.o
LOAD obj/Release/src/main/main.o
LOAD obj/Release/src/main/Tuareg.o
LOAD obj/Release/src/main/Tuareg_config.o
LOAD obj/Release/src/main/Tuareg_diag.o
LOAD obj/Release/src/main/Tuareg_errors.o
LOAD obj/Release/src/main/Tuareg_ID.o
LOAD obj/Release/src/main/Tuareg_process_data.o
LOAD obj/Release/src/main/Tuareg_service_functions.o
LOAD obj/Release/src/main/Tuareg_types.o
LOAD obj/Release/src/module_test/module_test.o
LOAD obj/Release/src/process_table/process_table.o
LOAD obj/Release/src/sensors/analog_sensors.o
LOAD obj/Release/src/sensors/digital_sensors.o
LOAD obj/Release/src/sensors/knock_sensor.o
LOAD obj/Release/src/sensors/sensor_calibration.o
LOAD obj/Release/src/sensors/sensors_diag.o
LOAD obj/Release/src/sensors/Tuareg_sensors.o
LOAD obj/Release/src/stm32_libs/stm32f4xx/boctok/stm32f4xx_adc_boctok.o
LOAD obj/Release/src/stm32_libs/stm32f4xx/boctok/stm32f4xx_fault_handler_boctok.o
LOAD obj/Release/src/stm32_libs/stm32f4xx/boctok/stm32f4xx_gpio_boctok.o
LOAD obj/Release/src/stm32_libs/stm32f4xx/cmsis/startup_stm32f410xx.o
LOAD obj/Release/src/stm32_libs/stm32f4xx/cmsis/system_hse100_stm32f410.o
LOAD obj/Release/src/stm32_libs/stm32f4xx/spl/misc.o
LOAD obj/Release/src/stm32_libs/stm32f4xx/spl/stm32f4xx_dma.o
LOAD obj/Release/src/stm32_libs/stm32f4xx/spl/stm32f4xx_i2c.o
LOAD obj/Release/src/stm32_libs/stm32f4xx/spl/stm32f4xx_rcc.o
LOAD obj/Release/src/stm32_libs/stm32f4xx/spl/stm32f4xx_usart.o
LOAD obj/Release/src/storage/eeprom.o
LOAD obj/Release/src/storage/table.o
LOAD obj/Release/src/timing/lowprio_scheduler.o
LOAD obj/Release/src/timing/scheduler.o
LOAD obj/Release/src/timing/scheduler_diag.o
LOAD obj/Release/src/timing/systick_timer.o
LOAD obj/Release/src/utils/base_calc.o
LOAD obj/Release/src/utils/bitfields.o
LOAD obj/Release/src/utils/conversion.o
                0x0000000020008000                _estack = 0x20008000
                0x0000000000000000                _Min_Heap_Size = 0x0
                0x0000000000000100                _Min_Stack_Size = 0x100

.isr_vector     0x0000000008000000      0x1c8
                0x0000000008000000                . = ALIGN (0x4)
 *(.isr_vector)
 .isr_vector    0x0000000008000000      0x1c8 obj/Release/src/stm32_libs/stm32f4xx/cmsis/startup_stm32f410xx.o
                0x0000000008000000                g_pfnVectors
                0x00000000080001c8                . = ALIGN (0x4)

.text           0x00000000080001c8     0xbf34
                0x00000000080001c8                . = ALIGN (0x4)
 *(.text)
 *(.text*)
 .text.ComRx_Buffer_reset
                0x00000000080001c8       0x3c obj/Release/src/com/serial_buffer.o
                0x00000000080001c8                ComRx_Buffer_reset
 .text.ComRx_Buffer_avail
                0x0000000008000204        0xc obj/Release/src/com/serial_buffer.o
                0x0000000008000204                ComRx_Buffer_avail
 .text.ComRx_Buffer_push
                0x0000000008000210       0x50 obj/Release/src/com/serial_buffer.o
                0x0000000008000210                ComRx_Buffer_push
 .text.ComRx_Buffer_pull
                0x0000000008000260       0x44 obj/Release/src/com/serial_buffer.o
                0x0000000008000260                ComRx_Buffer_pull
 .text.ComRx_Buffer_pull_U16
                0x00000000080002a4       0x30 obj/Release/src/com/serial_buffer.o
                0x00000000080002a4                ComRx_Buffer_pull_U16
 .text.ComRx_Buffer_pull_U32
                0x00000000080002d4       0x56 obj/Release/src/com/serial_buffer.o
                0x00000000080002d4                ComRx_Buffer_pull_U32
 *fill*         0x000000000800032a        0x2 
 .text.cli_showPage
                0x000000000800032c       0xa0 obj/Release/src/com/Tuareg_console.o
                0x000000000800032c                cli_showPage
 .text.cli_setPermissions
                0x00000000080003cc      0x11c obj/Release/src/com/Tuareg_console.o
                0x00000000080003cc                cli_setPermissions
 .text.cli_show_help
                0x00000000080004e8       0x9c obj/Release/src/com/Tuareg_console.o
                0x00000000080004e8                cli_show_help
 .text.Tuareg_update_console
                0x0000000008000584      0x290 obj/Release/src/com/Tuareg_console.o
                0x0000000008000584                Tuareg_update_console
 .text.cli_cyclic_update
                0x0000000008000814       0x1c obj/Release/src/com/Tuareg_console.o
                0x0000000008000814                cli_cyclic_update
 .text.Tuareg_init_console
                0x0000000008000830       0x18 obj/Release/src/com/Tuareg_console.o
                0x0000000008000830                Tuareg_init_console
 .text.ts_readPage
                0x0000000008000848       0xac obj/Release/src/com/TunerStudio.o
                0x0000000008000848                ts_readPage
 .text.ts_valueWrite
                0x00000000080008f4      0x194 obj/Release/src/com/TunerStudio.o
                0x00000000080008f4                ts_valueWrite
 .text.ts_burnPage
                0x0000000008000a88       0xc0 obj/Release/src/com/TunerStudio.o
                0x0000000008000a88                ts_burnPage
 .text.ts_tuareg_bits
                0x0000000008000b48      0x1b4 obj/Release/src/com/TunerStudio_outChannel.o
                0x0000000008000b48                ts_tuareg_bits
 .text.ts_sendOutputChannels
                0x0000000008000cfc      0x128 obj/Release/src/com/TunerStudio_outChannel.o
                0x0000000008000cfc                ts_sendOutputChannels
 .text.ts_debug_features
                0x0000000008000e24       0xc4 obj/Release/src/com/TunerStudio_service.o
                0x0000000008000e24                ts_debug_features
 .text.cli_show_debug_help
                0x0000000008000ee8       0xc0 obj/Release/src/com/TunerStudio_service.o
                0x0000000008000ee8                cli_show_debug_help
 .text.cli_show_process_data
                0x0000000008000fa8      0x114 obj/Release/src/com/TunerStudio_service.o
                0x0000000008000fa8                cli_show_process_data
 .text.cli_show_ignition_controls
                0x00000000080010bc      0x108 obj/Release/src/com/TunerStudio_service.o
                0x00000000080010bc                cli_show_ignition_controls
 .text.cli_show_fueling_controls
                0x00000000080011c4      0x358 obj/Release/src/com/TunerStudio_service.o
                0x00000000080011c4                cli_show_fueling_controls
 .text.cli_show_decoder_interface
                0x000000000800151c      0x124 obj/Release/src/com/TunerStudio_service.o
                0x000000000800151c                cli_show_decoder_interface
 .text.cli_print_sensor_data
                0x0000000008001640      0x21c obj/Release/src/com/TunerStudio_service.o
                0x0000000008001640                cli_print_sensor_data
 .text.ts_debug_info
                0x000000000800185c       0xd8 obj/Release/src/com/TunerStudio_service.o
                0x000000000800185c                ts_debug_info
 .text.UART_TS_PORT_Init
                0x0000000008001934       0xa0 obj/Release/src/com/uart.o
                0x0000000008001934                UART_TS_PORT_Init
 .text.UART_DEBUG_PORT_Init
                0x00000000080019d4       0x68 obj/Release/src/com/uart.o
                0x00000000080019d4                UART_DEBUG_PORT_Init
 .text.UART_Tx  0x0000000008001a3c        0xc obj/Release/src/com/uart.o
                0x0000000008001a3c                UART_Tx
 .text.UART_send_data
                0x0000000008001a48       0x1a obj/Release/src/com/uart.o
                0x0000000008001a48                UART_send_data
 *fill*         0x0000000008001a62        0x2 
 .text.USART1_IRQHandler
                0x0000000008001a64       0x30 obj/Release/src/com/uart.o
                0x0000000008001a64                USART1_IRQHandler
 .text.printf_U
                0x0000000008001a94      0x164 obj/Release/src/com/uart_printf.o
                0x0000000008001a94                printf_U
 .text.printf_F32
                0x0000000008001bf8       0xcc obj/Release/src/com/uart_printf.o
                0x0000000008001bf8                printf_F32
 .text.printf_nib_hex
                0x0000000008001cc4       0x10 obj/Release/src/com/uart_printf.o
                0x0000000008001cc4                printf_nib_hex
 .text.print    0x0000000008001cd4       0x16 obj/Release/src/com/uart_printf.o
                0x0000000008001cd4                print
 *fill*         0x0000000008001cea        0x2 
 .text.printf_U8hex
                0x0000000008001cec       0x38 obj/Release/src/com/uart_printf.o
                0x0000000008001cec                printf_U8hex
 .text.printf_crkpos
                0x0000000008001d24       0x6c obj/Release/src/com/uart_printf.o
                0x0000000008001d24                printf_crkpos
 .text.printf_phase
                0x0000000008001d90       0x30 obj/Release/src/com/uart_printf.o
                0x0000000008001d90                printf_phase
 .text.printf_decoder_sensing
                0x0000000008001dc0       0x54 obj/Release/src/com/uart_printf.o
                0x0000000008001dc0                printf_decoder_sensing
 .text.print_flash
                0x0000000008001e14        0x4 obj/Release/src/com/uart_printf.o
                0x0000000008001e14                print_flash
 .text.set_mil_hw
                0x0000000008001e18       0x38 obj/Release/src/dash/dash_hw.o
                0x0000000008001e18                set_mil_hw
 .text.init_dash_hw
                0x0000000008001e50       0x78 obj/Release/src/dash/dash_hw.o
                0x0000000008001e50                init_dash_hw
 .text.set_tachometer_compare
                0x0000000008001ec8       0x28 obj/Release/src/dash/dash_hw.o
                0x0000000008001ec8                set_tachometer_compare
 .text.update_tachometer
                0x0000000008001ef0       0x38 obj/Release/src/dash/Tuareg_dash.o
                0x0000000008001ef0                update_tachometer
 .text.set_mil  0x0000000008001f28       0x58 obj/Release/src/dash/Tuareg_dash.o
                0x0000000008001f28                set_mil
 .text.update_mil
                0x0000000008001f80       0xa8 obj/Release/src/dash/Tuareg_dash.o
                0x0000000008001f80                update_mil
 .text.init_dash
                0x0000000008002028       0x10 obj/Release/src/dash/Tuareg_dash.o
                0x0000000008002028                init_dash
 .text.update_dash
                0x0000000008002038        0xe obj/Release/src/dash/Tuareg_dash.o
                0x0000000008002038                update_dash
 *fill*         0x0000000008002046        0x2 
 .text.DebugMsg_Warning
                0x0000000008002048       0x24 obj/Release/src/debug/debug_port_messages.o
                0x0000000008002048                DebugMsg_Warning
 .text.decoder_update_cis
                0x000000000800206c      0x17c obj/Release/src/decoder/decoder_cis.o
                0x000000000800206c                decoder_update_cis
 .text.decoder_cis_handler
                0x00000000080021e8       0x9c obj/Release/src/decoder/decoder_cis.o
                0x00000000080021e8                decoder_cis_handler
 .text.decoder_cis_noisefilter_handler
                0x0000000008002284        0x4 obj/Release/src/decoder/decoder_cis.o
                0x0000000008002284                decoder_cis_noisefilter_handler
 .text.enable_cis
                0x0000000008002288       0x4c obj/Release/src/decoder/decoder_cis.o
                0x0000000008002288                enable_cis
 .text.disable_cis
                0x00000000080022d4        0xe obj/Release/src/decoder/decoder_cis.o
                0x00000000080022d4                disable_cis
 *fill*         0x00000000080022e2        0x2 
 .text.load_Decoder_Setup
                0x00000000080022e4       0x1c obj/Release/src/decoder/decoder_config.o
                0x00000000080022e4                load_Decoder_Setup
 .text.load_essential_Decoder_Setup
                0x0000000008002300       0x3c obj/Release/src/decoder/decoder_config.o
                0x0000000008002300                load_essential_Decoder_Setup
 .text.store_Decoder_Setup
                0x000000000800233c       0x10 obj/Release/src/decoder/decoder_config.o
                0x000000000800233c                store_Decoder_Setup
 .text.show_Decoder_Setup
                0x000000000800234c      0x154 obj/Release/src/decoder/decoder_config.o
                0x000000000800234c                show_Decoder_Setup
 .text.modify_Decoder_Setup
                0x00000000080024a0       0x18 obj/Release/src/decoder/decoder_config.o
                0x00000000080024a0                modify_Decoder_Setup
 .text.send_Decoder_Setup
                0x00000000080024b8        0xc obj/Release/src/decoder/decoder_config.o
                0x00000000080024b8                send_Decoder_Setup
 .text.decoder_diag_log_event
                0x00000000080024c4       0x28 obj/Release/src/decoder/decoder_diag.o
                0x00000000080024c4                decoder_diag_log_event
 .text.print_decoder_diag
                0x00000000080024ec       0x68 obj/Release/src/decoder/decoder_diag.o
                0x00000000080024ec                print_decoder_diag
 .text.decoder_stop_timer
                0x0000000008002554       0x1c obj/Release/src/decoder/decoder_hw.o
                0x0000000008002554                decoder_stop_timer
 .text.update_crank_noisefilter
                0x0000000008002570       0x40 obj/Release/src/decoder/decoder_hw.o
                0x0000000008002570                update_crank_noisefilter
 .text.update_cam_noisefilter
                0x00000000080025b0       0x40 obj/Release/src/decoder/decoder_hw.o
                0x00000000080025b0                update_cam_noisefilter
 .text.decoder_mask_crank_irq
                0x00000000080025f0       0x10 obj/Release/src/decoder/decoder_hw.o
                0x00000000080025f0                decoder_mask_crank_irq
 .text.decoder_unmask_crank_irq
                0x0000000008002600       0x14 obj/Release/src/decoder/decoder_hw.o
                0x0000000008002600                decoder_unmask_crank_irq
 .text.decoder_mask_cis_irq
                0x0000000008002614       0x10 obj/Release/src/decoder/decoder_hw.o
                0x0000000008002614                decoder_mask_cis_irq
 .text.decoder_unmask_cis_irq
                0x0000000008002624       0x14 obj/Release/src/decoder/decoder_hw.o
                0x0000000008002624                decoder_unmask_cis_irq
 .text.set_crank_pickup_sensing_rise
                0x0000000008002638       0x24 obj/Release/src/decoder/decoder_hw.o
                0x0000000008002638                set_crank_pickup_sensing_rise
 .text.set_crank_pickup_sensing_fall
                0x000000000800265c       0x24 obj/Release/src/decoder/decoder_hw.o
                0x000000000800265c                set_crank_pickup_sensing_fall
 .text.set_crank_pickup_sensing_disabled
                0x0000000008002680       0x24 obj/Release/src/decoder/decoder_hw.o
                0x0000000008002680                set_crank_pickup_sensing_disabled
 .text.set_cis_sensing_rise
                0x00000000080026a4       0x24 obj/Release/src/decoder/decoder_hw.o
                0x00000000080026a4                set_cis_sensing_rise
 .text.set_cis_sensing_fall
                0x00000000080026c8       0x24 obj/Release/src/decoder/decoder_hw.o
                0x00000000080026c8                set_cis_sensing_fall
 .text.set_cis_sensing_disabled
                0x00000000080026ec       0x24 obj/Release/src/decoder/decoder_hw.o
                0x00000000080026ec                set_cis_sensing_disabled
 .text.decoder_set_crank_pickup_sensing
                0x0000000008002710       0x3c obj/Release/src/decoder/decoder_hw.o
                0x0000000008002710                decoder_set_crank_pickup_sensing
 .text.decoder_set_cis_sensing
                0x000000000800274c       0x3c obj/Release/src/decoder/decoder_hw.o
                0x000000000800274c                decoder_set_cis_sensing
 .text.trigger_decoder_irq
                0x0000000008002788       0x14 obj/Release/src/decoder/decoder_hw.o
                0x0000000008002788                trigger_decoder_irq
 .text.init_decoder_hw
                0x000000000800279c       0xcc obj/Release/src/decoder/decoder_hw.o
                0x000000000800279c                init_decoder_hw
 .text.decoder_get_timestamp
                0x0000000008002868        0xc obj/Release/src/decoder/decoder_hw.o
                0x0000000008002868                decoder_get_timestamp
 .text.decoder_set_timer_continuous_mode_on
                0x0000000008002874       0x1c obj/Release/src/decoder/decoder_hw.o
                0x0000000008002874                decoder_set_timer_continuous_mode_on
 .text.decoder_set_timer_continuous_mode_off
                0x0000000008002890       0x1c obj/Release/src/decoder/decoder_hw.o
                0x0000000008002890                decoder_set_timer_continuous_mode_off
 .text.decoder_start_timer
                0x00000000080028ac       0x5c obj/Release/src/decoder/decoder_hw.o
                0x00000000080028ac                decoder_start_timer
 .text.decoder_request_timer_reset
                0x0000000008002908       0x10 obj/Release/src/decoder/decoder_hw.o
                0x0000000008002908                decoder_request_timer_reset
 .text.disable_decoder_hw
                0x0000000008002918       0x3c obj/Release/src/decoder/decoder_hw.o
                0x0000000008002918                disable_decoder_hw
 .text.EXTI0_IRQHandler
                0x0000000008002954       0x60 obj/Release/src/decoder/decoder_hw.o
                0x0000000008002954                EXTI0_IRQHandler
 .text.TIM1_BRK_TIM9_IRQHandler
                0x00000000080029b4       0x74 obj/Release/src/decoder/decoder_hw.o
                0x00000000080029b4                TIM1_BRK_TIM9_IRQHandler
 .text.EXTI1_IRQHandler
                0x0000000008002a28       0x1c obj/Release/src/decoder/decoder_hw.o
                0x0000000008002a28                EXTI1_IRQHandler
 .text.reset_timeout_counter
                0x0000000008002a44       0x14 obj/Release/src/decoder/decoder_logic.o
                0x0000000008002a44                reset_timeout_counter
 .text.reset_timing_output
                0x0000000008002a58       0x2c obj/Release/src/decoder/decoder_logic.o
                0x0000000008002a58                reset_timing_output
 .text.reset_position_data
                0x0000000008002a84       0x30 obj/Release/src/decoder/decoder_logic.o
                0x0000000008002a84                reset_position_data
 .text.reset_internal_data
                0x0000000008002ab4       0x1c obj/Release/src/decoder/decoder_logic.o
                0x0000000008002ab4                reset_internal_data
 .text.decoder_set_state
                0x0000000008002ad0       0x24 obj/Release/src/decoder/decoder_logic.o
                0x0000000008002ad0                decoder_set_state
 .text.check_sync_ratio
                0x0000000008002af4       0x74 obj/Release/src/decoder/decoder_logic.o
                0x0000000008002af4                check_sync_ratio
 .text.check_sync_ratio_async
                0x0000000008002b68       0x5c obj/Release/src/decoder/decoder_logic.o
                0x0000000008002b68                check_sync_ratio_async
 .text.update_timing_data
                0x0000000008002bc4       0xec obj/Release/src/decoder/decoder_logic.o
                0x0000000008002bc4                update_timing_data
 .text.init_decoder_logic
                0x0000000008002cb0       0x24 obj/Release/src/decoder/decoder_logic.o
                0x0000000008002cb0                init_decoder_logic
 .text.disable_decoder_logic
                0x0000000008002cd4       0x18 obj/Release/src/decoder/decoder_logic.o
                0x0000000008002cd4                disable_decoder_logic
 .text.decoder_crank_handler
                0x0000000008002cec      0x140 obj/Release/src/decoder/decoder_logic.o
                0x0000000008002cec                decoder_crank_handler
 .text.decoder_crank_noisefilter_handler
                0x0000000008002e2c        0x4 obj/Release/src/decoder/decoder_logic.o
                0x0000000008002e2c                decoder_crank_noisefilter_handler
 .text.decoder_crank_timeout_handler
                0x0000000008002e30       0x3c obj/Release/src/decoder/decoder_logic.o
                0x0000000008002e30                decoder_crank_timeout_handler
 .text.init_Decoder
                0x0000000008002e6c       0x5c obj/Release/src/decoder/Tuareg_decoder.o
                0x0000000008002e6c                init_Decoder
 .text.disable_Decoder
                0x0000000008002ec8       0x24 obj/Release/src/decoder/Tuareg_decoder.o
                0x0000000008002ec8                disable_Decoder
 .text.decoder_get_position_data_age_us
                0x0000000008002eec       0x28 obj/Release/src/decoder/Tuareg_decoder.o
                0x0000000008002eec                decoder_get_position_data_age_us
 .text.copy_diag_data
                0x0000000008002f14       0x48 obj/Release/src/diagnostics/diagnostics.o
                0x0000000008002f14                copy_diag_data
 .text.get_diag_data
                0x0000000008002f5c       0x24 obj/Release/src/diagnostics/diagnostics.o
                0x0000000008002f5c                get_diag_data
 .text.release_diag_shadow
                0x0000000008002f80        0xc obj/Release/src/diagnostics/diagnostics.o
                0x0000000008002f80                release_diag_shadow
 .text.load_Fault_Log
                0x0000000008002f8c       0x1c obj/Release/src/diagnostics/fault_log.o
                0x0000000008002f8c                load_Fault_Log
 .text.load_void_Fault_Log
                0x0000000008002fa8       0x18 obj/Release/src/diagnostics/fault_log.o
                0x0000000008002fa8                load_void_Fault_Log
 .text.init_Fault_Log
                0x0000000008002fc0       0x44 obj/Release/src/diagnostics/fault_log.o
                0x0000000008002fc0                init_Fault_Log
 .text.store_Fault_Log
                0x0000000008003004       0x10 obj/Release/src/diagnostics/fault_log.o
                0x0000000008003004                store_Fault_Log
 .text.log_Fault
                0x0000000008003014       0x60 obj/Release/src/diagnostics/fault_log.o
                0x0000000008003014                log_Fault
 .text.show_Fault_Log
                0x0000000008003074       0x74 obj/Release/src/diagnostics/fault_log.o
                0x0000000008003074                show_Fault_Log
 .text.clear_Fault_Log
                0x00000000080030e8       0x18 obj/Release/src/diagnostics/fault_log.o
                0x00000000080030e8                clear_Fault_Log
 .text.Erase_Fault_Log
                0x0000000008003100       0x38 obj/Release/src/diagnostics/fault_log.o
                0x0000000008003100                Erase_Fault_Log
 .text.send_Fault_Log
                0x0000000008003138        0xc obj/Release/src/diagnostics/fault_log.o
                0x0000000008003138                send_Fault_Log
 .text.clear_highspeedlog
                0x0000000008003144       0x14 obj/Release/src/diagnostics/highspeed_loggers.o
                0x0000000008003144                clear_highspeedlog
 .text.highspeedlog_init
                0x0000000008003158       0x14 obj/Release/src/diagnostics/highspeed_loggers.o
                0x0000000008003158                highspeedlog_init
 .text.highspeedlog_register_error
                0x000000000800316c        0x2 obj/Release/src/diagnostics/highspeed_loggers.o
                0x000000000800316c                highspeedlog_register_error
 *fill*         0x000000000800316e        0x2 
 .text.highspeedlog_write
                0x0000000008003170       0xb8 obj/Release/src/diagnostics/highspeed_loggers.o
                0x0000000008003170                highspeedlog_write
 .text.highspeedlog_register_crankpos
                0x0000000008003228        0x6 obj/Release/src/diagnostics/highspeed_loggers.o
                0x0000000008003228                highspeedlog_register_crankpos
 *fill*         0x000000000800322e        0x2 
 .text.highspeedlog_register_cis_lobe_begin
                0x0000000008003230       0x10 obj/Release/src/diagnostics/highspeed_loggers.o
                0x0000000008003230                highspeedlog_register_cis_lobe_begin
 .text.highspeedlog_register_cis_lobe_end
                0x0000000008003240       0x10 obj/Release/src/diagnostics/highspeed_loggers.o
                0x0000000008003240                highspeedlog_register_cis_lobe_end
 .text.highspeedlog_register_coil1_power
                0x0000000008003250        0x6 obj/Release/src/diagnostics/highspeed_loggers.o
                0x0000000008003250                highspeedlog_register_coil1_power
 .text.highspeedlog_register_coil1_unpower
                0x0000000008003256        0x6 obj/Release/src/diagnostics/highspeed_loggers.o
                0x0000000008003256                highspeedlog_register_coil1_unpower
 .text.highspeedlog_register_coil2_power
                0x000000000800325c        0x6 obj/Release/src/diagnostics/highspeed_loggers.o
                0x000000000800325c                highspeedlog_register_coil2_power
 .text.highspeedlog_register_coil2_unpower
                0x0000000008003262        0x6 obj/Release/src/diagnostics/highspeed_loggers.o
                0x0000000008003262                highspeedlog_register_coil2_unpower
 .text.highspeedlog_register_injector1_power
                0x0000000008003268        0x6 obj/Release/src/diagnostics/highspeed_loggers.o
                0x0000000008003268                highspeedlog_register_injector1_power
 .text.highspeedlog_register_injector1_unpower
                0x000000000800326e        0x6 obj/Release/src/diagnostics/highspeed_loggers.o
                0x000000000800326e                highspeedlog_register_injector1_unpower
 .text.highspeedlog_register_injector2_power
                0x0000000008003274        0x6 obj/Release/src/diagnostics/highspeed_loggers.o
                0x0000000008003274                highspeedlog_register_injector2_power
 .text.highspeedlog_register_injector2_unpower
                0x000000000800327a        0x6 obj/Release/src/diagnostics/highspeed_loggers.o
                0x000000000800327a                highspeedlog_register_injector2_unpower
 .text.send_highspeedlog
                0x0000000008003280       0xc4 obj/Release/src/diagnostics/highspeed_loggers.o
                0x0000000008003280                send_highspeedlog
 .text.show_highspeedlog
                0x0000000008003344      0x150 obj/Release/src/diagnostics/highspeed_loggers.o
                0x0000000008003344                show_highspeedlog
 .text.clear_syslog
                0x0000000008003494       0x38 obj/Release/src/diagnostics/syslog.o
                0x0000000008003494                clear_syslog
 .text.Syslog_init
                0x00000000080034cc       0x18 obj/Release/src/diagnostics/syslog.o
                0x00000000080034cc                Syslog_init
 .text.Syslog_Error
                0x00000000080034e4       0x48 obj/Release/src/diagnostics/syslog.o
                0x00000000080034e4                Syslog_Error
 .text.Syslog_Fatal
                0x000000000800352c       0x38 obj/Release/src/diagnostics/syslog.o
                0x000000000800352c                Syslog_Fatal
 .text.Syslog_Warning
                0x0000000008003564       0x6c obj/Release/src/diagnostics/syslog.o
                0x0000000008003564                Syslog_Warning
 .text.Syslog_Info
                0x00000000080035d0       0x68 obj/Release/src/diagnostics/syslog.o
                0x00000000080035d0                Syslog_Info
 .text.show_syslog
                0x0000000008003638      0x130 obj/Release/src/diagnostics/syslog.o
                0x0000000008003638                show_syslog
 .text.send_syslog
                0x0000000008003768       0x20 obj/Release/src/diagnostics/syslog.o
                0x0000000008003768                send_syslog
 .text.update_load_transient_comp
                0x0000000008003788       0x16 obj/Release/src/fueling/accel_comp.o
                0x0000000008003788                update_load_transient_comp
 .text.disable_legacy_AE
                0x000000000800379e       0x46 obj/Release/src/fueling/accel_comp.o
                0x000000000800379e                disable_legacy_AE
 .text.update_legacy_AE
                0x00000000080037e4      0x350 obj/Release/src/fueling/accel_comp.o
                0x00000000080037e4                update_legacy_AE
 .text.load_Fueling_Setup
                0x0000000008003b34       0x10 obj/Release/src/fueling/fueling_config.o
                0x0000000008003b34                load_Fueling_Setup
 .text.store_Fueling_Setup
                0x0000000008003b44       0x10 obj/Release/src/fueling/fueling_config.o
                0x0000000008003b44                store_Fueling_Setup
 .text.show_Fueling_Setup
                0x0000000008003b54      0x350 obj/Release/src/fueling/fueling_config.o
                0x0000000008003b54                show_Fueling_Setup
 .text.modify_Fueling_Setup
                0x0000000008003ea4       0x18 obj/Release/src/fueling/fueling_config.o
                0x0000000008003ea4                modify_Fueling_Setup
 .text.send_Fueling_Setup
                0x0000000008003ebc        0xc obj/Release/src/fueling/fueling_config.o
                0x0000000008003ebc                send_Fueling_Setup
 .text.load_VeTable_TPS
                0x0000000008003ec8       0x10 obj/Release/src/fueling/fueling_config.o
                0x0000000008003ec8                load_VeTable_TPS
 .text.store_VeTable_TPS
                0x0000000008003ed8       0x10 obj/Release/src/fueling/fueling_config.o
                0x0000000008003ed8                store_VeTable_TPS
 .text.show_VeTable_TPS
                0x0000000008003ee8       0x20 obj/Release/src/fueling/fueling_config.o
                0x0000000008003ee8                show_VeTable_TPS
 .text.modify_VeTable_TPS
                0x0000000008003f08       0x10 obj/Release/src/fueling/fueling_config.o
                0x0000000008003f08                modify_VeTable_TPS
 .text.send_VeTable_TPS
                0x0000000008003f18        0xc obj/Release/src/fueling/fueling_config.o
                0x0000000008003f18                send_VeTable_TPS
 .text.getValue_VeTable_TPS
                0x0000000008003f24       0x24 obj/Release/src/fueling/fueling_config.o
                0x0000000008003f24                getValue_VeTable_TPS
 .text.load_VeTable_MAP
                0x0000000008003f48       0x10 obj/Release/src/fueling/fueling_config.o
                0x0000000008003f48                load_VeTable_MAP
 .text.store_VeTable_MAP
                0x0000000008003f58       0x10 obj/Release/src/fueling/fueling_config.o
                0x0000000008003f58                store_VeTable_MAP
 .text.show_VeTable_MAP
                0x0000000008003f68       0x20 obj/Release/src/fueling/fueling_config.o
                0x0000000008003f68                show_VeTable_MAP
 .text.modify_VeTable_MAP
                0x0000000008003f88       0x10 obj/Release/src/fueling/fueling_config.o
                0x0000000008003f88                modify_VeTable_MAP
 .text.send_VeTable_MAP
                0x0000000008003f98        0xc obj/Release/src/fueling/fueling_config.o
                0x0000000008003f98                send_VeTable_MAP
 .text.getValue_VeTable_MAP
                0x0000000008003fa4       0x24 obj/Release/src/fueling/fueling_config.o
                0x0000000008003fa4                getValue_VeTable_MAP
 .text.load_AfrTable_MAP
                0x0000000008003fc8       0x10 obj/Release/src/fueling/fueling_config.o
                0x0000000008003fc8                load_AfrTable_MAP
 .text.store_AfrTable_MAP
                0x0000000008003fd8       0x10 obj/Release/src/fueling/fueling_config.o
                0x0000000008003fd8                store_AfrTable_MAP
 .text.show_AfrTable_MAP
                0x0000000008003fe8       0x20 obj/Release/src/fueling/fueling_config.o
                0x0000000008003fe8                show_AfrTable_MAP
 .text.modify_AfrTable_MAP
                0x0000000008004008       0x10 obj/Release/src/fueling/fueling_config.o
                0x0000000008004008                modify_AfrTable_MAP
 .text.send_AfrTable_MAP
                0x0000000008004018        0xc obj/Release/src/fueling/fueling_config.o
                0x0000000008004018                send_AfrTable_MAP
 .text.getValue_AfrTable_MAP
                0x0000000008004024       0x20 obj/Release/src/fueling/fueling_config.o
                0x0000000008004024                getValue_AfrTable_MAP
 .text.load_AfrTable_TPS
                0x0000000008004044       0x10 obj/Release/src/fueling/fueling_config.o
                0x0000000008004044                load_AfrTable_TPS
 .text.store_AfrTable_TPS
                0x0000000008004054       0x10 obj/Release/src/fueling/fueling_config.o
                0x0000000008004054                store_AfrTable_TPS
 .text.show_AfrTable_TPS
                0x0000000008004064       0x20 obj/Release/src/fueling/fueling_config.o
                0x0000000008004064                show_AfrTable_TPS
 .text.modify_AfrTable_TPS
                0x0000000008004084       0x10 obj/Release/src/fueling/fueling_config.o
                0x0000000008004084                modify_AfrTable_TPS
 .text.send_AfrTable_TPS
                0x0000000008004094        0xc obj/Release/src/fueling/fueling_config.o
                0x0000000008004094                send_AfrTable_TPS
 .text.getValue_AfrTable_TPS
                0x00000000080040a0       0x20 obj/Release/src/fueling/fueling_config.o
                0x00000000080040a0                getValue_AfrTable_TPS
 .text.load_AccelCompTableTPS
                0x00000000080040c0       0x10 obj/Release/src/fueling/fueling_config.o
                0x00000000080040c0                load_AccelCompTableTPS
 .text.store_AccelCompTableTPS
                0x00000000080040d0       0x10 obj/Release/src/fueling/fueling_config.o
                0x00000000080040d0                store_AccelCompTableTPS
 .text.show_AccelCompTableTPS
                0x00000000080040e0       0x20 obj/Release/src/fueling/fueling_config.o
                0x00000000080040e0                show_AccelCompTableTPS
 .text.modify_AccelCompTableTPS
                0x0000000008004100       0x10 obj/Release/src/fueling/fueling_config.o
                0x0000000008004100                modify_AccelCompTableTPS
 .text.send_AccelCompTableTPS
                0x0000000008004110        0xc obj/Release/src/fueling/fueling_config.o
                0x0000000008004110                send_AccelCompTableTPS
 .text.getValue_AccelCompTableTPS
                0x000000000800411c       0x14 obj/Release/src/fueling/fueling_config.o
                0x000000000800411c                getValue_AccelCompTableTPS
 .text.load_AccelCompTableMAP
                0x0000000008004130       0x10 obj/Release/src/fueling/fueling_config.o
                0x0000000008004130                load_AccelCompTableMAP
 .text.store_AccelCompTableMAP
                0x0000000008004140       0x10 obj/Release/src/fueling/fueling_config.o
                0x0000000008004140                store_AccelCompTableMAP
 .text.show_AccelCompTableMAP
                0x0000000008004150       0x20 obj/Release/src/fueling/fueling_config.o
                0x0000000008004150                show_AccelCompTableMAP
 .text.modify_AccelCompTableMAP
                0x0000000008004170       0x10 obj/Release/src/fueling/fueling_config.o
                0x0000000008004170                modify_AccelCompTableMAP
 .text.send_AccelCompTableMAP
                0x0000000008004180        0xc obj/Release/src/fueling/fueling_config.o
                0x0000000008004180                send_AccelCompTableMAP
 .text.getValue_AccelCompTableMAP
                0x000000000800418c       0x14 obj/Release/src/fueling/fueling_config.o
                0x000000000800418c                getValue_AccelCompTableMAP
 .text.load_WarmUpCompTable
                0x00000000080041a0       0x10 obj/Release/src/fueling/fueling_config.o
                0x00000000080041a0                load_WarmUpCompTable
 .text.store_WarmUpCompTable
                0x00000000080041b0       0x10 obj/Release/src/fueling/fueling_config.o
                0x00000000080041b0                store_WarmUpCompTable
 .text.show_WarmUpCompTable
                0x00000000080041c0       0x20 obj/Release/src/fueling/fueling_config.o
                0x00000000080041c0                show_WarmUpCompTable
 .text.modify_WarmUpCompTable
                0x00000000080041e0       0x10 obj/Release/src/fueling/fueling_config.o
                0x00000000080041e0                modify_WarmUpCompTable
 .text.send_WarmUpCompTable
                0x00000000080041f0        0xc obj/Release/src/fueling/fueling_config.o
                0x00000000080041f0                send_WarmUpCompTable
 .text.getValue_WarmUpCompTable
                0x00000000080041fc       0x20 obj/Release/src/fueling/fueling_config.o
                0x00000000080041fc                getValue_WarmUpCompTable
 .text.load_InjectorTimingTable
                0x000000000800421c       0x10 obj/Release/src/fueling/fueling_config.o
                0x000000000800421c                load_InjectorTimingTable
 .text.store_InjectorTimingTable
                0x000000000800422c       0x10 obj/Release/src/fueling/fueling_config.o
                0x000000000800422c                store_InjectorTimingTable
 .text.show_InjectorTimingTable
                0x000000000800423c       0x20 obj/Release/src/fueling/fueling_config.o
                0x000000000800423c                show_InjectorTimingTable
 .text.modify_InjectorTimingTable
                0x000000000800425c       0x10 obj/Release/src/fueling/fueling_config.o
                0x000000000800425c                modify_InjectorTimingTable
 .text.send_InjectorTimingTable
                0x000000000800426c        0xc obj/Release/src/fueling/fueling_config.o
                0x000000000800426c                send_InjectorTimingTable
 .text.getValue_InjectorTimingTable
                0x0000000008004278       0x20 obj/Release/src/fueling/fueling_config.o
                0x0000000008004278                getValue_InjectorTimingTable
 .text.load_CrankingFuelTable
                0x0000000008004298       0x10 obj/Release/src/fueling/fueling_config.o
                0x0000000008004298                load_CrankingFuelTable
 .text.show_CrankingFuelTable
                0x00000000080042a8       0x20 obj/Release/src/fueling/fueling_config.o
                0x00000000080042a8                show_CrankingFuelTable
 .text.modify_CrankingFuelTable
                0x00000000080042c8       0x10 obj/Release/src/fueling/fueling_config.o
                0x00000000080042c8                modify_CrankingFuelTable
 .text.send_CrankingFuelTable
                0x00000000080042d8        0xc obj/Release/src/fueling/fueling_config.o
                0x00000000080042d8                send_CrankingFuelTable
 .text.getValue_CrankingFuelTable
                0x00000000080042e4       0x14 obj/Release/src/fueling/fueling_config.o
                0x00000000080042e4                getValue_CrankingFuelTable
 .text.load_BAROtable
                0x00000000080042f8       0x10 obj/Release/src/fueling/fueling_config.o
                0x00000000080042f8                load_BAROtable
 .text.store_BAROtable
                0x0000000008004308       0x10 obj/Release/src/fueling/fueling_config.o
                0x0000000008004308                store_BAROtable
 .text.show_BAROtable
                0x0000000008004318       0x20 obj/Release/src/fueling/fueling_config.o
                0x0000000008004318                show_BAROtable
 .text.modify_BAROtable
                0x0000000008004338       0x10 obj/Release/src/fueling/fueling_config.o
                0x0000000008004338                modify_BAROtable
 .text.send_BAROtable
                0x0000000008004348        0xc obj/Release/src/fueling/fueling_config.o
                0x0000000008004348                send_BAROtable
 .text.getValue_BAROtable
                0x0000000008004354       0x38 obj/Release/src/fueling/fueling_config.o
                0x0000000008004354                getValue_BAROtable
 .text.load_ChargeTempTable
                0x000000000800438c       0x10 obj/Release/src/fueling/fueling_config.o
                0x000000000800438c                load_ChargeTempTable
 .text.load_Fueling_Config
                0x000000000800439c       0xc8 obj/Release/src/fueling/fueling_config.o
                0x000000000800439c                load_Fueling_Config
 .text.store_ChargeTempTable
                0x0000000008004464       0x10 obj/Release/src/fueling/fueling_config.o
                0x0000000008004464                store_ChargeTempTable
 .text.show_ChargeTempTable
                0x0000000008004474       0x20 obj/Release/src/fueling/fueling_config.o
                0x0000000008004474                show_ChargeTempTable
 .text.modify_ChargeTempTable
                0x0000000008004494       0x10 obj/Release/src/fueling/fueling_config.o
                0x0000000008004494                modify_ChargeTempTable
 .text.send_ChargeTempTable
                0x00000000080044a4        0xc obj/Release/src/fueling/fueling_config.o
                0x00000000080044a4                send_ChargeTempTable
 .text.getValue_ChargeTempTable
                0x00000000080044b0       0x2c obj/Release/src/fueling/fueling_config.o
                0x00000000080044b0                getValue_ChargeTempTable
 .text.update_fuel_mass_afterstart_correction
                0x00000000080044dc       0x9c obj/Release/src/fueling/fueling_corrections.o
                0x00000000080044dc                update_fuel_mass_afterstart_correction
 .text.update_fuel_mass_warmup_correction
                0x0000000008004578       0x58 obj/Release/src/fueling/fueling_corrections.o
                0x0000000008004578                update_fuel_mass_warmup_correction
 .text.update_fuel_mass_barometric_correction
                0x00000000080045d0       0x94 obj/Release/src/fueling/fueling_corrections.o
                0x00000000080045d0                update_fuel_mass_barometric_correction
 .text.update_fuel_mass_corrections
                0x0000000008004664       0x1c obj/Release/src/fueling/fueling_corrections.o
                0x0000000008004664                update_fuel_mass_corrections
 .text.fueling_diag_log_event
                0x0000000008004680       0x28 obj/Release/src/fueling/fueling_diag.o
                0x0000000008004680                fueling_diag_log_event
 .text.print_fueling_diag
                0x00000000080046a8       0x68 obj/Release/src/fueling/fueling_diag.o
                0x00000000080046a8                print_fueling_diag
 .text.set_injector1_powered
                0x0000000008004710       0x28 obj/Release/src/fueling/fueling_hw.o
                0x0000000008004710                set_injector1_powered
 .text.set_injector1_unpowered
                0x0000000008004738       0x28 obj/Release/src/fueling/fueling_hw.o
                0x0000000008004738                set_injector1_unpowered
 .text.set_injector2_powered
                0x0000000008004760       0x28 obj/Release/src/fueling/fueling_hw.o
                0x0000000008004760                set_injector2_powered
 .text.set_injector2_unpowered
                0x0000000008004788       0x28 obj/Release/src/fueling/fueling_hw.o
                0x0000000008004788                set_injector2_unpowered
 .text.set_fuel_pump_powered
                0x00000000080047b0       0x28 obj/Release/src/fueling/fueling_hw.o
                0x00000000080047b0                set_fuel_pump_powered
 .text.set_fuel_pump_unpowered
                0x00000000080047d8       0x20 obj/Release/src/fueling/fueling_hw.o
                0x00000000080047d8                set_fuel_pump_unpowered
 .text.set_injector1
                0x00000000080047f8       0x30 obj/Release/src/fueling/fueling_hw.o
                0x00000000080047f8                set_injector1
 .text.set_injector2
                0x0000000008004828       0x30 obj/Release/src/fueling/fueling_hw.o
                0x0000000008004828                set_injector2
 .text.set_fuel_pump
                0x0000000008004858        0xc obj/Release/src/fueling/fueling_hw.o
                0x0000000008004858                set_fuel_pump
 .text.init_fueling_hw
                0x0000000008004864       0x5c obj/Release/src/fueling/fueling_hw.o
                0x0000000008004864                init_fueling_hw
 .text.update_injector_deadtime
                0x00000000080048c0       0x38 obj/Release/src/fueling/injector_parameters.o
                0x00000000080048c0                update_injector_deadtime
 .text.update_injector_intervals_sequential
                0x00000000080048f8      0x108 obj/Release/src/fueling/injector_parameters.o
                0x00000000080048f8                update_injector_intervals_sequential
 .text.update_injector_intervals_batch
                0x0000000008004a00      0x104 obj/Release/src/fueling/injector_parameters.o
                0x0000000008004a00                update_injector_intervals_batch
 .text.init_Fueling
                0x0000000008004b04       0x4c obj/Release/src/fueling/Tuareg_fueling.o
                0x0000000008004b04                init_Fueling
 .text.Tuareg_fueling_update_crankpos_handler
                0x0000000008004b50       0xfc obj/Release/src/fueling/Tuareg_fueling.o
                0x0000000008004b50                Tuareg_fueling_update_crankpos_handler
 .text.invalid_fueling_controls
                0x0000000008004c4c       0x34 obj/Release/src/fueling/Tuareg_fueling_controls.o
                0x0000000008004c4c                invalid_fueling_controls
 .text.update_air_flow
                0x0000000008004c80       0xb4 obj/Release/src/fueling/Tuareg_fueling_controls.o
                0x0000000008004c80                update_air_flow
 .text.update_AFR_target
                0x0000000008004d34       0x78 obj/Release/src/fueling/Tuareg_fueling_controls.o
                0x0000000008004d34                update_AFR_target
 .text.update_fuel_mass_cranking
                0x0000000008004dac       0x74 obj/Release/src/fueling/Tuareg_fueling_controls.o
                0x0000000008004dac                update_fuel_mass_cranking
 .text.update_base_fuel_mass
                0x0000000008004e20       0x48 obj/Release/src/fueling/Tuareg_fueling_controls.o
                0x0000000008004e20                update_base_fuel_mass
 .text.update_target_fuel_mass
                0x0000000008004e68      0x120 obj/Release/src/fueling/Tuareg_fueling_controls.o
                0x0000000008004e68                update_target_fuel_mass
 .text.Tuareg_update_fueling_controls
                0x0000000008004f88      0x1e8 obj/Release/src/fueling/Tuareg_fueling_controls.o
                0x0000000008004f88                Tuareg_update_fueling_controls
 .text.load_Ignition_Config
                0x0000000008005170       0x6c obj/Release/src/ignition/ignition_config.o
                0x0000000008005170                load_Ignition_Config
 .text.store_Ignition_Setup
                0x00000000080051dc       0x10 obj/Release/src/ignition/ignition_config.o
                0x00000000080051dc                store_Ignition_Setup
 .text.show_Ignition_Setup
                0x00000000080051ec      0x17c obj/Release/src/ignition/ignition_config.o
                0x00000000080051ec                show_Ignition_Setup
 .text.modify_Ignition_Setup
                0x0000000008005368       0x18 obj/Release/src/ignition/ignition_config.o
                0x0000000008005368                modify_Ignition_Setup
 .text.send_Ignition_Setup
                0x0000000008005380        0xc obj/Release/src/ignition/ignition_config.o
                0x0000000008005380                send_Ignition_Setup
 .text.store_ignAdvTable_TPS
                0x000000000800538c       0x10 obj/Release/src/ignition/ignition_config.o
                0x000000000800538c                store_ignAdvTable_TPS
 .text.show_ignAdvTable_TPS
                0x000000000800539c       0x20 obj/Release/src/ignition/ignition_config.o
                0x000000000800539c                show_ignAdvTable_TPS
 .text.modify_ignAdvTable_TPS
                0x00000000080053bc       0x10 obj/Release/src/ignition/ignition_config.o
                0x00000000080053bc                modify_ignAdvTable_TPS
 .text.send_ignAdvTable_TPS
                0x00000000080053cc        0xc obj/Release/src/ignition/ignition_config.o
                0x00000000080053cc                send_ignAdvTable_TPS
 .text.getValue_ignAdvTable_TPS
                0x00000000080053d8       0x20 obj/Release/src/ignition/ignition_config.o
                0x00000000080053d8                getValue_ignAdvTable_TPS
 .text.store_ignDwellTable
                0x00000000080053f8       0x10 obj/Release/src/ignition/ignition_config.o
                0x00000000080053f8                store_ignDwellTable
 .text.show_ignDwellTable
                0x0000000008005408       0x20 obj/Release/src/ignition/ignition_config.o
                0x0000000008005408                show_ignDwellTable
 .text.modify_ignDwellTable
                0x0000000008005428       0x10 obj/Release/src/ignition/ignition_config.o
                0x0000000008005428                modify_ignDwellTable
 .text.send_ignDwellTable
                0x0000000008005438        0xc obj/Release/src/ignition/ignition_config.o
                0x0000000008005438                send_ignDwellTable
 .text.getValue_ignDwellTable
                0x0000000008005444       0x18 obj/Release/src/ignition/ignition_config.o
                0x0000000008005444                getValue_ignDwellTable
 .text.ignition_diag_log_event
                0x000000000800545c       0x28 obj/Release/src/ignition/ignition_diag.o
                0x000000000800545c                ignition_diag_log_event
 .text.print_ignition_diag
                0x0000000008005484       0x68 obj/Release/src/ignition/ignition_diag.o
                0x0000000008005484                print_ignition_diag
 .text.set_coil1_powered
                0x00000000080054ec       0x28 obj/Release/src/ignition/ignition_hw.o
                0x00000000080054ec                set_coil1_powered
 .text.set_coil1_unpowered
                0x0000000008005514       0x20 obj/Release/src/ignition/ignition_hw.o
                0x0000000008005514                set_coil1_unpowered
 .text.set_coil2_powered
                0x0000000008005534       0x28 obj/Release/src/ignition/ignition_hw.o
                0x0000000008005534                set_coil2_powered
 .text.set_coil2_unpowered
                0x000000000800555c       0x20 obj/Release/src/ignition/ignition_hw.o
                0x000000000800555c                set_coil2_unpowered
 .text.set_ignition_ch1
                0x000000000800557c       0x30 obj/Release/src/ignition/ignition_hw.o
                0x000000000800557c                set_ignition_ch1
 .text.set_ignition_ch2
                0x00000000080055ac       0x30 obj/Release/src/ignition/ignition_hw.o
                0x00000000080055ac                set_ignition_ch2
 .text.init_ignition_hw
                0x00000000080055dc       0x3c obj/Release/src/ignition/ignition_hw.o
                0x00000000080055dc                init_ignition_hw
 .text.init_Ignition
                0x0000000008005618       0x50 obj/Release/src/ignition/Tuareg_ignition.o
                0x0000000008005618                init_Ignition
 .text.Tuareg_ignition_update_crankpos_handler
                0x0000000008005668      0x154 obj/Release/src/ignition/Tuareg_ignition.o
                0x0000000008005668                Tuareg_ignition_update_crankpos_handler
 .text.default_ignition_controls
                0x00000000080057bc       0x24 obj/Release/src/ignition/Tuareg_ignition_controls.o
                0x00000000080057bc                default_ignition_controls
 .text.revlimiter_ignition_controls
                0x00000000080057e0       0x1c obj/Release/src/ignition/Tuareg_ignition_controls.o
                0x00000000080057e0                revlimiter_ignition_controls
 .text.cranking_ignition_controls
                0x00000000080057fc       0x38 obj/Release/src/ignition/Tuareg_ignition_controls.o
                0x00000000080057fc                cranking_ignition_controls
 .text.dynamic_ignition_controls
                0x0000000008005834      0x184 obj/Release/src/ignition/Tuareg_ignition_controls.o
                0x0000000008005834                dynamic_ignition_controls
 .text.Tuareg_update_ignition_controls
                0x00000000080059b8       0xa8 obj/Release/src/ignition/Tuareg_ignition_controls.o
                0x00000000080059b8                Tuareg_update_ignition_controls
 .text.startup.main
                0x0000000008005a60       0x74 obj/Release/src/main/main.o
                0x0000000008005a60                main
 .text.EXTI2_IRQHandler
                0x0000000008005ad4       0x58 obj/Release/src/main/main.o
                0x0000000008005ad4                EXTI2_IRQHandler
 .text.Tuareg_load_config
                0x0000000008005b2c       0x44 obj/Release/src/main/Tuareg.o
                0x0000000008005b2c                Tuareg_load_config
 .text.Tuareg_Init
                0x0000000008005b70       0xb4 obj/Release/src/main/Tuareg.o
                0x0000000008005b70                Tuareg_Init
 .text.Tuareg_update_run_inhibit
                0x0000000008005c24      0x138 obj/Release/src/main/Tuareg.o
                0x0000000008005c24                Tuareg_update_run_inhibit
 .text.Tuareg_update_limited_op
                0x0000000008005d5c       0x58 obj/Release/src/main/Tuareg.o
                0x0000000008005d5c                Tuareg_update_limited_op
 .text.Tuareg_update_rev_limiter
                0x0000000008005db4       0x60 obj/Release/src/main/Tuareg.o
                0x0000000008005db4                Tuareg_update_rev_limiter
 .text.Tuareg_update_standby
                0x0000000008005e14       0xcc obj/Release/src/main/Tuareg.o
                0x0000000008005e14                Tuareg_update_standby
 .text.Tuareg_update_fuel_pump_control
                0x0000000008005ee0       0x54 obj/Release/src/main/Tuareg.o
                0x0000000008005ee0                Tuareg_update_fuel_pump_control
 .text.Tuareg_deactivate_vital_actors
                0x0000000008005f34       0x50 obj/Release/src/main/Tuareg.o
                0x0000000008005f34                Tuareg_deactivate_vital_actors
 .text.Tuareg_update
                0x0000000008005f84       0x58 obj/Release/src/main/Tuareg.o
                0x0000000008005f84                Tuareg_update
 .text.Tuareg_update_trip
                0x0000000008005fdc       0x30 obj/Release/src/main/Tuareg.o
                0x0000000008005fdc                Tuareg_update_trip
 .text.Tuareg_update_consumption_data
                0x000000000800600c       0xa4 obj/Release/src/main/Tuareg.o
                0x000000000800600c                Tuareg_update_consumption_data
 .text.store_Tuareg_Setup
                0x00000000080060b0       0x10 obj/Release/src/main/Tuareg_config.o
                0x00000000080060b0                store_Tuareg_Setup
 .text.show_Tuareg_Setup
                0x00000000080060c0      0x1e0 obj/Release/src/main/Tuareg_config.o
                0x00000000080060c0                show_Tuareg_Setup
 .text.modify_Tuareg_Setup
                0x00000000080062a0       0x18 obj/Release/src/main/Tuareg_config.o
                0x00000000080062a0                modify_Tuareg_Setup
 .text.send_Tuareg_Setup
                0x00000000080062b8        0xc obj/Release/src/main/Tuareg_config.o
                0x00000000080062b8                send_Tuareg_Setup
 .text.load_TachTable
                0x00000000080062c4       0x10 obj/Release/src/main/Tuareg_config.o
                0x00000000080062c4                load_TachTable
 .text.load_Tuareg_Config
                0x00000000080062d4       0x38 obj/Release/src/main/Tuareg_config.o
                0x00000000080062d4                load_Tuareg_Config
 .text.store_TachTable
                0x000000000800630c       0x10 obj/Release/src/main/Tuareg_config.o
                0x000000000800630c                store_TachTable
 .text.show_TachTable
                0x000000000800631c       0x20 obj/Release/src/main/Tuareg_config.o
                0x000000000800631c                show_TachTable
 .text.modify_TachTable
                0x000000000800633c       0x10 obj/Release/src/main/Tuareg_config.o
                0x000000000800633c                modify_TachTable
 .text.send_TachTable
                0x000000000800634c        0xc obj/Release/src/main/Tuareg_config.o
                0x000000000800634c                send_TachTable
 .text.getValue_TachTable
                0x0000000008006358       0x18 obj/Release/src/main/Tuareg_config.o
                0x0000000008006358                getValue_TachTable
 .text.tuareg_diag_log_event
                0x0000000008006370       0x28 obj/Release/src/main/Tuareg_diag.o
                0x0000000008006370                tuareg_diag_log_event
 .text.print_tuareg_diag
                0x0000000008006398       0x68 obj/Release/src/main/Tuareg_diag.o
                0x0000000008006398                print_tuareg_diag
 .text.Fatal    0x0000000008006400       0x5c obj/Release/src/main/Tuareg_errors.o
                0x0000000008006400                Fatal
 .text.VitalAssert
                0x000000000800645c        0xe obj/Release/src/main/Tuareg_errors.o
                0x000000000800645c                VitalAssert
 *fill*         0x000000000800646a        0x2 
 .text.Limp     0x000000000800646c       0x44 obj/Release/src/main/Tuareg_errors.o
                0x000000000800646c                Limp
 .text.print_Tuareg_ID_label
                0x00000000080064b0       0x30 obj/Release/src/main/Tuareg_ID.o
                0x00000000080064b0                print_Tuareg_ID_label
 .text.Tuareg_update_process_data
                0x00000000080064e0      0x160 obj/Release/src/main/Tuareg_process_data.o
                0x00000000080064e0                Tuareg_update_process_data
 .text.request_service_mode
                0x0000000008006640       0x28 obj/Release/src/main/Tuareg_service_functions.o
                0x0000000008006640                request_service_mode
 .text.activate_fuel_pump
                0x0000000008006668       0x5c obj/Release/src/main/Tuareg_service_functions.o
                0x0000000008006668                activate_fuel_pump
 .text.deactivate_fuel_pump
                0x00000000080066c4       0x28 obj/Release/src/main/Tuareg_service_functions.o
                0x00000000080066c4                deactivate_fuel_pump
 .text.fuel_pump_periodic_update
                0x00000000080066ec       0x1c obj/Release/src/main/Tuareg_service_functions.o
                0x00000000080066ec                fuel_pump_periodic_update
 .text.activate_injector1
                0x0000000008006708       0x6c obj/Release/src/main/Tuareg_service_functions.o
                0x0000000008006708                activate_injector1
 .text.deactivate_injector1
                0x0000000008006774       0x2c obj/Release/src/main/Tuareg_service_functions.o
                0x0000000008006774                deactivate_injector1
 .text.injector1_periodic_update
                0x00000000080067a0       0x54 obj/Release/src/main/Tuareg_service_functions.o
                0x00000000080067a0                injector1_periodic_update
 .text.activate_injector2
                0x00000000080067f4       0x6c obj/Release/src/main/Tuareg_service_functions.o
                0x00000000080067f4                activate_injector2
 .text.deactivate_injector2
                0x0000000008006860       0x2c obj/Release/src/main/Tuareg_service_functions.o
                0x0000000008006860                deactivate_injector2
 .text.injector2_periodic_update
                0x000000000800688c       0x54 obj/Release/src/main/Tuareg_service_functions.o
                0x000000000800688c                injector2_periodic_update
 .text.activate_coil1
                0x00000000080068e0       0x8c obj/Release/src/main/Tuareg_service_functions.o
                0x00000000080068e0                activate_coil1
 .text.deactivate_coil1
                0x000000000800696c       0x2c obj/Release/src/main/Tuareg_service_functions.o
                0x000000000800696c                deactivate_coil1
 .text.coil1_periodic_update
                0x0000000008006998       0x54 obj/Release/src/main/Tuareg_service_functions.o
                0x0000000008006998                coil1_periodic_update
 .text.activate_coil2
                0x00000000080069ec       0x8c obj/Release/src/main/Tuareg_service_functions.o
                0x00000000080069ec                activate_coil2
 .text.deactivate_coil2
                0x0000000008006a78       0x2c obj/Release/src/main/Tuareg_service_functions.o
                0x0000000008006a78                deactivate_coil2
 .text.coil2_periodic_update
                0x0000000008006aa4       0x54 obj/Release/src/main/Tuareg_service_functions.o
                0x0000000008006aa4                coil2_periodic_update
 .text.service_functions_periodic_update
                0x0000000008006af8       0x40 obj/Release/src/main/Tuareg_service_functions.o
                0x0000000008006af8                service_functions_periodic_update
 .text.activate_tachometer
                0x0000000008006b38       0x38 obj/Release/src/main/Tuareg_service_functions.o
                0x0000000008006b38                activate_tachometer
 .text.deactivate_tachometer
                0x0000000008006b70       0x14 obj/Release/src/main/Tuareg_service_functions.o
                0x0000000008006b70                deactivate_tachometer
 .text.request_service_activation
                0x0000000008006b84       0xb0 obj/Release/src/main/Tuareg_service_functions.o
                0x0000000008006b84                request_service_activation
 .text.update_process_table
                0x0000000008006c34       0xc0 obj/Release/src/process_table/process_table.o
                0x0000000008006c34                update_process_table
 .text.get_index_from_position
                0x0000000008006cf4       0x38 obj/Release/src/process_table/process_table.o
                0x0000000008006cf4                get_index_from_position
 .text.get_process_advance
                0x0000000008006d2c       0x34 obj/Release/src/process_table/process_table.o
                0x0000000008006d2c                get_process_advance
 .text.print_process_table
                0x0000000008006d60       0x9c obj/Release/src/process_table/process_table.o
                0x0000000008006d60                print_process_table
 .text.sensors_start_regular_group_conversion
                0x0000000008006dfc        0xc obj/Release/src/sensors/analog_sensors.o
                0x0000000008006dfc                sensors_start_regular_group_conversion
 .text.sensors_start_injected_group_conversion
                0x0000000008006e08        0xc obj/Release/src/sensors/analog_sensors.o
                0x0000000008006e08                sensors_start_injected_group_conversion
 .text.init_analog_sensors
                0x0000000008006e14      0x2d8 obj/Release/src/sensors/analog_sensors.o
                0x0000000008006e14                init_analog_sensors
 .text.update_analog_sensor
                0x00000000080070ec       0xdc obj/Release/src/sensors/analog_sensors.o
                0x00000000080070ec                update_analog_sensor
 .text.ADC_IRQHandler
                0x00000000080071c8       0x6c obj/Release/src/sensors/analog_sensors.o
                0x00000000080071c8                ADC_IRQHandler
 .text.DMA2_Stream0_IRQHandler
                0x0000000008007234       0x98 obj/Release/src/sensors/analog_sensors.o
                0x0000000008007234                DMA2_Stream0_IRQHandler
 .text.reset_dsensor_integrator
                0x00000000080072cc       0x2c obj/Release/src/sensors/digital_sensors.o
                0x00000000080072cc                reset_dsensor_integrator
 .text.init_digital_sensors
                0x00000000080072f8       0x88 obj/Release/src/sensors/digital_sensors.o
                0x00000000080072f8                init_digital_sensors
 .text.read_dsensors
                0x0000000008007380       0x64 obj/Release/src/sensors/digital_sensors.o
                0x0000000008007380                read_dsensors
 .text.update_digital_sensors
                0x00000000080073e4       0x6c obj/Release/src/sensors/digital_sensors.o
                0x00000000080073e4                update_digital_sensors
 .text.load_Sensor_Calibration
                0x0000000008007450       0x2c obj/Release/src/sensors/sensor_calibration.o
                0x0000000008007450                load_Sensor_Calibration
 .text.store_Sensor_Calibration
                0x000000000800747c       0x10 obj/Release/src/sensors/sensor_calibration.o
                0x000000000800747c                store_Sensor_Calibration
 .text.show_Sensor_Calibration
                0x000000000800748c       0x30 obj/Release/src/sensors/sensor_calibration.o
                0x000000000800748c                show_Sensor_Calibration
 .text.modify_Sensor_Calibration
                0x00000000080074bc       0x18 obj/Release/src/sensors/sensor_calibration.o
                0x00000000080074bc                modify_Sensor_Calibration
 .text.send_Sensor_Calibration
                0x00000000080074d4        0xc obj/Release/src/sensors/sensor_calibration.o
                0x00000000080074d4                send_Sensor_Calibration
 .text.store_InvTableCLT
                0x00000000080074e0       0x10 obj/Release/src/sensors/sensor_calibration.o
                0x00000000080074e0                store_InvTableCLT
 .text.show_InvTableCLT
                0x00000000080074f0       0x20 obj/Release/src/sensors/sensor_calibration.o
                0x00000000080074f0                show_InvTableCLT
 .text.modify_InvTableCLT
                0x0000000008007510       0x10 obj/Release/src/sensors/sensor_calibration.o
                0x0000000008007510                modify_InvTableCLT
 .text.send_InvTableCLT
                0x0000000008007520        0xc obj/Release/src/sensors/sensor_calibration.o
                0x0000000008007520                send_InvTableCLT
 .text.getValue_InvTableCLT
                0x000000000800752c       0x14 obj/Release/src/sensors/sensor_calibration.o
                0x000000000800752c                getValue_InvTableCLT
 .text.sensors_diag_log_event
                0x0000000008007540       0x28 obj/Release/src/sensors/sensors_diag.o
                0x0000000008007540                sensors_diag_log_event
 .text.print_sensors_diag
                0x0000000008007568       0x68 obj/Release/src/sensors/sensors_diag.o
                0x0000000008007568                print_sensors_diag
 .text.Tuareg_update_MAP_sensor
                0x00000000080075d0       0x50 obj/Release/src/sensors/Tuareg_sensors.o
                0x00000000080075d0                Tuareg_update_MAP_sensor
 .text.Tuareg_update_O2_sensor
                0x0000000008007620       0x4c obj/Release/src/sensors/Tuareg_sensors.o
                0x0000000008007620                Tuareg_update_O2_sensor
 .text.Tuareg_update_TPS_sensor
                0x000000000800766c       0x4c obj/Release/src/sensors/Tuareg_sensors.o
                0x000000000800766c                Tuareg_update_TPS_sensor
 .text.Tuareg_update_IAT_sensor
                0x00000000080076b8       0x58 obj/Release/src/sensors/Tuareg_sensors.o
                0x00000000080076b8                Tuareg_update_IAT_sensor
 .text.Tuareg_update_CLT_sensor
                0x0000000008007710       0x5c obj/Release/src/sensors/Tuareg_sensors.o
                0x0000000008007710                Tuareg_update_CLT_sensor
 .text.Tuareg_update_VBAT_sensor
                0x000000000800776c       0x50 obj/Release/src/sensors/Tuareg_sensors.o
                0x000000000800776c                Tuareg_update_VBAT_sensor
 .text.Tuareg_update_KNOCK_sensor
                0x00000000080077bc       0x50 obj/Release/src/sensors/Tuareg_sensors.o
                0x00000000080077bc                Tuareg_update_KNOCK_sensor
 .text.Tuareg_update_BARO_sensor
                0x000000000800780c       0x50 obj/Release/src/sensors/Tuareg_sensors.o
                0x000000000800780c                Tuareg_update_BARO_sensor
 .text.Tuareg_update_GEAR_sensor
                0x000000000800785c       0x68 obj/Release/src/sensors/Tuareg_sensors.o
                0x000000000800785c                Tuareg_update_GEAR_sensor
 .text.init_Sensors
                0x00000000080078c4       0xc0 obj/Release/src/sensors/Tuareg_sensors.o
                0x00000000080078c4                init_Sensors
 .text.adc_set_regular_group
                0x0000000008007984       0x6e obj/Release/src/stm32_libs/stm32f4xx/boctok/stm32f4xx_adc_boctok.o
                0x0000000008007984                adc_set_regular_group
 .text.adc_set_regular_group_length
                0x00000000080079f2       0x18 obj/Release/src/stm32_libs/stm32f4xx/boctok/stm32f4xx_adc_boctok.o
                0x00000000080079f2                adc_set_regular_group_length
 .text.adc_set_sample_time
                0x0000000008007a0a       0x3c obj/Release/src/stm32_libs/stm32f4xx/boctok/stm32f4xx_adc_boctok.o
                0x0000000008007a0a                adc_set_sample_time
 .text.adc_start_regular_group
                0x0000000008007a46        0xa obj/Release/src/stm32_libs/stm32f4xx/boctok/stm32f4xx_adc_boctok.o
                0x0000000008007a46                adc_start_regular_group
 .text.adc_start_injected_group
                0x0000000008007a50        0xa obj/Release/src/stm32_libs/stm32f4xx/boctok/stm32f4xx_adc_boctok.o
                0x0000000008007a50                adc_start_injected_group
 *fill*         0x0000000008007a5a        0x2 
 .text.getScbDump
                0x0000000008007a5c       0x24 obj/Release/src/stm32_libs/stm32f4xx/boctok/stm32f4xx_fault_handler_boctok.o
                0x0000000008007a5c                getScbDump
 .text.getStackRegisters
                0x0000000008007a80       0x30 obj/Release/src/stm32_libs/stm32f4xx/boctok/stm32f4xx_fault_handler_boctok.o
                0x0000000008007a80                getStackRegisters
 .text.HardFault_Handler
                0x0000000008007ab0       0x28 obj/Release/src/stm32_libs/stm32f4xx/boctok/stm32f4xx_fault_handler_boctok.o
                0x0000000008007ab0                HardFault_Handler
 .text.NMI_Handler
                0x0000000008007ad8       0x28 obj/Release/src/stm32_libs/stm32f4xx/boctok/stm32f4xx_fault_handler_boctok.o
                0x0000000008007ad8                NMI_Handler
 .text.MemManage_Handler
                0x0000000008007b00       0x28 obj/Release/src/stm32_libs/stm32f4xx/boctok/stm32f4xx_fault_handler_boctok.o
                0x0000000008007b00                MemManage_Handler
 .text.BusFault_Handler
                0x0000000008007b28       0x28 obj/Release/src/stm32_libs/stm32f4xx/boctok/stm32f4xx_fault_handler_boctok.o
                0x0000000008007b28                BusFault_Handler
 .text.UsageFault_Handler
                0x0000000008007b50       0x28 obj/Release/src/stm32_libs/stm32f4xx/boctok/stm32f4xx_fault_handler_boctok.o
                0x0000000008007b50                UsageFault_Handler
 .text.SVC_Handler
                0x0000000008007b78       0x28 obj/Release/src/stm32_libs/stm32f4xx/boctok/stm32f4xx_fault_handler_boctok.o
                0x0000000008007b78                SVC_Handler
 .text.DebugMon_Handler
                0x0000000008007ba0       0x28 obj/Release/src/stm32_libs/stm32f4xx/boctok/stm32f4xx_fault_handler_boctok.o
                0x0000000008007ba0                DebugMon_Handler
 .text.PendSV_Handler
                0x0000000008007bc8       0x28 obj/Release/src/stm32_libs/stm32f4xx/boctok/stm32f4xx_fault_handler_boctok.o
                0x0000000008007bc8                PendSV_Handler
 .text.WWDG_IRQHandler
                0x0000000008007bf0       0x28 obj/Release/src/stm32_libs/stm32f4xx/boctok/stm32f4xx_fault_handler_boctok.o
                0x0000000008007bf0                WWDG_IRQHandler
 .text.FPU_IRQHandler
                0x0000000008007c18       0x28 obj/Release/src/stm32_libs/stm32f4xx/boctok/stm32f4xx_fault_handler_boctok.o
                0x0000000008007c18                FPU_IRQHandler
 .text.GPIO_configure
                0x0000000008007c40       0x6c obj/Release/src/stm32_libs/stm32f4xx/boctok/stm32f4xx_gpio_boctok.o
                0x0000000008007c40                GPIO_configure
 .text.SYSCFG_map_EXTI
                0x0000000008007cac       0x98 obj/Release/src/stm32_libs/stm32f4xx/boctok/stm32f4xx_gpio_boctok.o
                0x0000000008007cac                SYSCFG_map_EXTI
 .text.gpio_set_pin
                0x0000000008007d44       0x36 obj/Release/src/stm32_libs/stm32f4xx/boctok/stm32f4xx_gpio_boctok.o
                0x0000000008007d44                gpio_set_pin
 .text.GPIO_SetAF
                0x0000000008007d7a       0x44 obj/Release/src/stm32_libs/stm32f4xx/boctok/stm32f4xx_gpio_boctok.o
                0x0000000008007d7a                GPIO_SetAF
 *fill*         0x0000000008007dbe        0x2 
 .text.Reset_Handler
                0x0000000008007dc0       0x50 obj/Release/src/stm32_libs/stm32f4xx/cmsis/startup_stm32f410xx.o
                0x0000000008007dc0                Reset_Handler
 .text.Default_Handler
                0x0000000008007e10        0x2 obj/Release/src/stm32_libs/stm32f4xx/cmsis/startup_stm32f410xx.o
                0x0000000008007e10                RTC_Alarm_IRQHandler
                0x0000000008007e10                FMPI2C1_EV_IRQHandler
                0x0000000008007e10                TIM1_CC_IRQHandler
                0x0000000008007e10                DMA2_Stream5_IRQHandler
                0x0000000008007e10                DMA1_Stream5_IRQHandler
                0x0000000008007e10                PVD_IRQHandler
                0x0000000008007e10                TAMP_STAMP_IRQHandler
                0x0000000008007e10                EXTI3_IRQHandler
                0x0000000008007e10                I2C2_EV_IRQHandler
                0x0000000008007e10                DMA1_Stream2_IRQHandler
                0x0000000008007e10                DMA2_Stream2_IRQHandler
                0x0000000008007e10                SPI1_IRQHandler
                0x0000000008007e10                TIM6_DAC_IRQHandler
                0x0000000008007e10                DMA2_Stream3_IRQHandler
                0x0000000008007e10                USART6_IRQHandler
                0x0000000008007e10                I2C1_EV_IRQHandler
                0x0000000008007e10                DMA1_Stream6_IRQHandler
                0x0000000008007e10                DMA1_Stream1_IRQHandler
                0x0000000008007e10                RCC_IRQHandler
                0x0000000008007e10                Default_Handler
                0x0000000008007e10                EXTI15_10_IRQHandler
                0x0000000008007e10                DMA1_Stream7_IRQHandler
                0x0000000008007e10                SPI5_IRQHandler
                0x0000000008007e10                DMA2_Stream7_IRQHandler
                0x0000000008007e10                EXTI9_5_IRQHandler
                0x0000000008007e10                RTC_WKUP_IRQHandler
                0x0000000008007e10                SPI2_IRQHandler
                0x0000000008007e10                DMA1_Stream0_IRQHandler
                0x0000000008007e10                FMPI2C1_ER_IRQHandler
                0x0000000008007e10                EXTI4_IRQHandler
                0x0000000008007e10                RNG_IRQHandler
                0x0000000008007e10                TIM1_UP_IRQHandler
                0x0000000008007e10                TIM1_TRG_COM_TIM11_IRQHandler
                0x0000000008007e10                USART2_IRQHandler
                0x0000000008007e10                I2C2_ER_IRQHandler
                0x0000000008007e10                DMA2_Stream1_IRQHandler
                0x0000000008007e10                FLASH_IRQHandler
                0x0000000008007e10                DMA2_Stream4_IRQHandler
                0x0000000008007e10                DMA1_Stream4_IRQHandler
                0x0000000008007e10                I2C1_ER_IRQHandler
                0x0000000008007e10                LPTIM1_IRQHandler
                0x0000000008007e10                DMA2_Stream6_IRQHandler
                0x0000000008007e10                DMA1_Stream3_IRQHandler
 .text._init    0x0000000008007e12        0x2 obj/Release/src/stm32_libs/stm32f4xx/cmsis/system_hse100_stm32f410.o
                0x0000000008007e12                _init
 .text.SystemInit
                0x0000000008007e14       0xf0 obj/Release/src/stm32_libs/stm32f4xx/cmsis/system_hse100_stm32f410.o
                0x0000000008007e14                SystemInit
 .text.NVIC_PriorityGroupConfig
                0x0000000008007f04       0x14 obj/Release/src/stm32_libs/stm32f4xx/spl/misc.o
                0x0000000008007f04                NVIC_PriorityGroupConfig
 .text.DMA_Init
                0x0000000008007f18       0x54 obj/Release/src/stm32_libs/stm32f4xx/spl/stm32f4xx_dma.o
                0x0000000008007f18                DMA_Init
 .text.DMA_StructInit
                0x0000000008007f6c       0x22 obj/Release/src/stm32_libs/stm32f4xx/spl/stm32f4xx_dma.o
                0x0000000008007f6c                DMA_StructInit
 *fill*         0x0000000008007f8e        0x2 
 .text.I2C_Init
                0x0000000008007f90       0xc8 obj/Release/src/stm32_libs/stm32f4xx/spl/stm32f4xx_i2c.o
                0x0000000008007f90                I2C_Init
 .text.I2C_Cmd  0x0000000008008058       0x16 obj/Release/src/stm32_libs/stm32f4xx/spl/stm32f4xx_i2c.o
                0x0000000008008058                I2C_Cmd
 .text.I2C_GenerateSTART
                0x000000000800806e       0x16 obj/Release/src/stm32_libs/stm32f4xx/spl/stm32f4xx_i2c.o
                0x000000000800806e                I2C_GenerateSTART
 .text.I2C_GenerateSTOP
                0x0000000008008084       0x16 obj/Release/src/stm32_libs/stm32f4xx/spl/stm32f4xx_i2c.o
                0x0000000008008084                I2C_GenerateSTOP
 .text.I2C_Send7bitAddress
                0x000000000800809a       0x12 obj/Release/src/stm32_libs/stm32f4xx/spl/stm32f4xx_i2c.o
                0x000000000800809a                I2C_Send7bitAddress
 .text.I2C_AcknowledgeConfig
                0x00000000080080ac       0x16 obj/Release/src/stm32_libs/stm32f4xx/spl/stm32f4xx_i2c.o
                0x00000000080080ac                I2C_AcknowledgeConfig
 .text.I2C_SendData
                0x00000000080080c2        0x4 obj/Release/src/stm32_libs/stm32f4xx/spl/stm32f4xx_i2c.o
                0x00000000080080c2                I2C_SendData
 .text.I2C_ReceiveData
                0x00000000080080c6        0x6 obj/Release/src/stm32_libs/stm32f4xx/spl/stm32f4xx_i2c.o
                0x00000000080080c6                I2C_ReceiveData
 .text.I2C_CheckEvent
                0x00000000080080cc       0x16 obj/Release/src/stm32_libs/stm32f4xx/spl/stm32f4xx_i2c.o
                0x00000000080080cc                I2C_CheckEvent
 .text.I2C_GetFlagStatus
                0x00000000080080e2       0x34 obj/Release/src/stm32_libs/stm32f4xx/spl/stm32f4xx_i2c.o
                0x00000000080080e2                I2C_GetFlagStatus
 .text.I2C_ClearFlag
                0x0000000008008116        0x8 obj/Release/src/stm32_libs/stm32f4xx/spl/stm32f4xx_i2c.o
                0x0000000008008116                I2C_ClearFlag
 *fill*         0x000000000800811e        0x2 
 .text.RCC_GetClocksFreq
                0x0000000008008120       0x88 obj/Release/src/stm32_libs/stm32f4xx/spl/stm32f4xx_rcc.o
                0x0000000008008120                RCC_GetClocksFreq
 .text.USART_Init
                0x00000000080081a8       0xb0 obj/Release/src/stm32_libs/stm32f4xx/spl/stm32f4xx_usart.o
                0x00000000080081a8                USART_Init
 .text.USART_Cmd
                0x0000000008008258       0x16 obj/Release/src/stm32_libs/stm32f4xx/spl/stm32f4xx_usart.o
                0x0000000008008258                USART_Cmd
 .text.USART_ReceiveData
                0x000000000800826e        0x8 obj/Release/src/stm32_libs/stm32f4xx/spl/stm32f4xx_usart.o
                0x000000000800826e                USART_ReceiveData
 .text.USART_ITConfig
                0x0000000008008276       0x32 obj/Release/src/stm32_libs/stm32f4xx/spl/stm32f4xx_usart.o
                0x0000000008008276                USART_ITConfig
 .text.Eeprom_init
                0x00000000080082a8       0xa0 obj/Release/src/storage/eeprom.o
                0x00000000080082a8                Eeprom_init
 .text.eeprom_wait
                0x0000000008008348       0xb0 obj/Release/src/storage/eeprom.o
                0x0000000008008348                eeprom_wait
 .text.eeprom_write_byte
                0x00000000080083f8      0x104 obj/Release/src/storage/eeprom.o
                0x00000000080083f8                eeprom_write_byte
 .text.eeprom_read_byte
                0x00000000080084fc      0x188 obj/Release/src/storage/eeprom.o
                0x00000000080084fc                eeprom_read_byte
 .text.eeprom_update_byte
                0x0000000008008684       0x58 obj/Release/src/storage/eeprom.o
                0x0000000008008684                eeprom_update_byte
 .text.Eeprom_load_data
                0x00000000080086dc       0x40 obj/Release/src/storage/eeprom.o
                0x00000000080086dc                Eeprom_load_data
 .text.Eeprom_update_data
                0x000000000800871c       0x38 obj/Release/src/storage/eeprom.o
                0x000000000800871c                Eeprom_update_data
 .text.getValue_t2D
                0x0000000008008754       0xbc obj/Release/src/storage/table.o
                0x0000000008008754                getValue_t2D
 .text.getValue_t3D
                0x0000000008008810      0x304 obj/Release/src/storage/table.o
                0x0000000008008810                getValue_t3D
 .text.load_t2D_data
                0x0000000008008b14        0xc obj/Release/src/storage/table.o
                0x0000000008008b14                load_t2D_data
 .text.load_t2D
                0x0000000008008b20        0xe obj/Release/src/storage/table.o
                0x0000000008008b20                load_t2D
 .text.load_t3D_data
                0x0000000008008b2e        0xe obj/Release/src/storage/table.o
                0x0000000008008b2e                load_t3D_data
 .text.store_t2D_data
                0x0000000008008b3c        0xc obj/Release/src/storage/table.o
                0x0000000008008b3c                store_t2D_data
 .text.store_t2D
                0x0000000008008b48        0xe obj/Release/src/storage/table.o
                0x0000000008008b48                store_t2D
 .text.store_t3D_data
                0x0000000008008b56        0xe obj/Release/src/storage/table.o
                0x0000000008008b56                store_t3D_data
 .text.show_t3D_data
                0x0000000008008b64       0xa4 obj/Release/src/storage/table.o
                0x0000000008008b64                show_t3D_data
 .text.show_t2D_data
                0x0000000008008c08       0x64 obj/Release/src/storage/table.o
                0x0000000008008c08                show_t2D_data
 .text.modify_t2D_data
                0x0000000008008c6c        0xe obj/Release/src/storage/table.o
                0x0000000008008c6c                modify_t2D_data
 .text.modify_t3D_data
                0x0000000008008c7a       0x10 obj/Release/src/storage/table.o
                0x0000000008008c7a                modify_t3D_data
 .text.send_t2D_data
                0x0000000008008c8a        0x6 obj/Release/src/storage/table.o
                0x0000000008008c8a                send_t2D_data
 .text.send_t3D_data
                0x0000000008008c90        0x8 obj/Release/src/storage/table.o
                0x0000000008008c90                send_t3D_data
 .text.allocate_timer_channel_1
                0x0000000008008c98       0x3c obj/Release/src/timing/scheduler.o
                0x0000000008008c98                allocate_timer_channel_1
 .text.reset_timer_channel_1
                0x0000000008008cd4       0x30 obj/Release/src/timing/scheduler.o
                0x0000000008008cd4                reset_timer_channel_1
 .text.allocate_timer_channel_2
                0x0000000008008d04       0x3c obj/Release/src/timing/scheduler.o
                0x0000000008008d04                allocate_timer_channel_2
 .text.reset_timer_channel_2
                0x0000000008008d40       0x30 obj/Release/src/timing/scheduler.o
                0x0000000008008d40                reset_timer_channel_2
 .text.allocate_timer_channel_3
                0x0000000008008d70       0x3c obj/Release/src/timing/scheduler.o
                0x0000000008008d70                allocate_timer_channel_3
 .text.reset_timer_channel_3
                0x0000000008008dac       0x30 obj/Release/src/timing/scheduler.o
                0x0000000008008dac                reset_timer_channel_3
 .text.allocate_timer_channel_4
                0x0000000008008ddc       0x3c obj/Release/src/timing/scheduler.o
                0x0000000008008ddc                allocate_timer_channel_4
 .text.reset_timer_channel_4
                0x0000000008008e18       0x30 obj/Release/src/timing/scheduler.o
                0x0000000008008e18                reset_timer_channel_4
 .text.init_Vital_Scheduler
                0x0000000008008e48       0xd0 obj/Release/src/timing/scheduler.o
                0x0000000008008e48                init_Vital_Scheduler
 .text.scheduler_reset_channel
                0x0000000008008f18       0x58 obj/Release/src/timing/scheduler.o
                0x0000000008008f18                scheduler_reset_channel
 .text.allocate_channel
                0x0000000008008f70       0x8c obj/Release/src/timing/scheduler.o
                0x0000000008008f70                allocate_channel
 .text.scheduler_set_channel
                0x0000000008008ffc      0x108 obj/Release/src/timing/scheduler.o
                0x0000000008008ffc                scheduler_set_channel
 .text.TIM5_IRQHandler
                0x0000000008009104      0x128 obj/Release/src/timing/scheduler.o
                0x0000000008009104                TIM5_IRQHandler
 .text.scheduler_diag_log_event
                0x000000000800922c       0x28 obj/Release/src/timing/scheduler_diag.o
                0x000000000800922c                scheduler_diag_log_event
 .text.print_scheduler_diag
                0x0000000008009254       0x68 obj/Release/src/timing/scheduler_diag.o
                0x0000000008009254                print_scheduler_diag
 .text.init_systick_timer
                0x00000000080092bc       0x24 obj/Release/src/timing/systick_timer.o
                0x00000000080092bc                init_systick_timer
 .text.get_timestamp_fraction_us
                0x00000000080092e0       0x24 obj/Release/src/timing/systick_timer.o
                0x00000000080092e0                get_timestamp_fraction_us
 .text.SysTick_Handler
                0x0000000008009304       0xf0 obj/Release/src/timing/systick_timer.o
                0x0000000008009304                SysTick_Handler
 .text.calc_rot_duration_us
                0x00000000080093f4        0xc obj/Release/src/utils/base_calc.o
                0x00000000080093f4                calc_rot_duration_us
 .text.calc_rot_angle_deg
                0x0000000008009400       0x1c obj/Release/src/utils/base_calc.o
                0x0000000008009400                calc_rot_angle_deg
 .text.calc_rpm
                0x000000000800941c       0x20 obj/Release/src/utils/base_calc.o
                0x000000000800941c                calc_rpm
 .text.sub_VU32
                0x000000000800943c       0x14 obj/Release/src/utils/base_calc.o
                0x000000000800943c                sub_VU32
 .text.subtract_U32
                0x0000000008009450        0xa obj/Release/src/utils/base_calc.o
                0x0000000008009450                subtract_U32
 .text.divide_U32
                0x000000000800945a       0x18 obj/Release/src/utils/base_calc.o
                0x000000000800945a                divide_U32
 *fill*         0x0000000008009472        0x2 
 .text.divide_F32
                0x0000000008009474       0x2c obj/Release/src/utils/base_calc.o
                0x0000000008009474                divide_F32
 .text.divide_float
                0x00000000080094a0       0x28 obj/Release/src/utils/base_calc.o
                0x00000000080094a0                divide_float
 .text.crank_position_after
                0x00000000080094c8       0x14 obj/Release/src/utils/base_calc.o
                0x00000000080094c8                crank_position_after
 .text.opposite_phase
                0x00000000080094dc       0x10 obj/Release/src/utils/base_calc.o
                0x00000000080094dc                opposite_phase
 .text.solve_linear
                0x00000000080094ec       0x28 obj/Release/src/utils/base_calc.o
                0x00000000080094ec                solve_linear
 .text.calc_ema
                0x0000000008009514       0x42 obj/Release/src/utils/base_calc.o
                0x0000000008009514                calc_ema
 .text.update_ema_filter
                0x0000000008009556       0x1a obj/Release/src/utils/base_calc.o
                0x0000000008009556                update_ema_filter
 .text.calc_derivative_s
                0x0000000008009570       0x34 obj/Release/src/utils/base_calc.o
                0x0000000008009570                calc_derivative_s
 .text.abs_F32  0x00000000080095a4       0x24 obj/Release/src/utils/base_calc.o
                0x00000000080095a4                abs_F32
 .text.getBit_BF8
                0x00000000080095c8       0x26 obj/Release/src/utils/bitfields.o
                0x00000000080095c8                getBit_BF8
 *fill*         0x00000000080095ee        0x2 
 .text.__libc_init_array
                0x00000000080095f0       0x48 /opt/gcc-arm-none-eabi-7-2017-q4-major/bin/../lib/gcc/arm-none-eabi/7.2.1/../../../../arm-none-eabi/lib/thumb/v7e-m/fpv4-sp/hard/libc.a(lib_a-init.o)
                0x00000000080095f0                __libc_init_array
 *(.rodata)
 .rodata        0x0000000008009638      0x208 obj/Release/src/decoder/decoder_diag.o
                0x0000000008009638                decoder_diag_legend
 .rodata        0x0000000008009840      0x32a obj/Release/src/fueling/fueling_diag.o
                0x0000000008009840                fueling_diag_legend
 .rodata        0x0000000008009b6a      0x1a4 obj/Release/src/ignition/ignition_diag.o
                0x0000000008009b6a                ignition_diag_legend
 .rodata        0x0000000008009d0e       0x15 obj/Release/src/main/Tuareg.o
                0x0000000008009d0e                Tuareg_Version
 .rodata        0x0000000008009d23      0x258 obj/Release/src/main/Tuareg_diag.o
                0x0000000008009d23                tuareg_diag_legend
 .rodata        0x0000000008009f7b      0x636 obj/Release/src/main/Tuareg_ID.o
                0x0000000008009f7b                Tuareg_ID_labels
 .rodata        0x000000000800a5b1       0x7d obj/Release/src/sensors/sensors_diag.o
                0x000000000800a5b1                sensors_diag_legend
 .rodata        0x000000000800a62e      0x433 obj/Release/src/timing/scheduler_diag.o
                0x000000000800a62e                scheduler_diag_legend
 *(.rodata*)
 .rodata.Tuareg_update_console.str1.1
                0x000000000800aa61       0x33 obj/Release/src/com/Tuareg_console.o
 .rodata.cli_show_help.str1.1
                0x000000000800aa94      0x165 obj/Release/src/com/Tuareg_console.o
 .rodata.cli_print_sensor_data.str1.1