Archive member included to satisfy reference by file (symbol)

/opt/gcc-arm-none-eabi-7-2017-q4-major/bin/../lib/gcc/arm-none-eabi/7.2.1/../../../../arm-none-eabi/lib/thumb/v7e-m/fpv4-sp/hard/libc.a(lib_a-init.o)
                              obj/Release/src/stm32_libs/stm32f4xx/cmsis/startup_stm32f410xx.o (__libc_init_array)

Discarded input sections

 .text          0x0000000000000000        0x0 obj/Release/src/actors/act_hw.o
 .data          0x0000000000000000        0x0 obj/Release/src/actors/act_hw.o
 .bss           0x0000000000000000        0x0 obj/Release/src/actors/act_hw.o
 .text.set_act1
                0x0000000000000000       0x20 obj/Release/src/actors/act_hw.o
 .text.set_act2
                0x0000000000000000       0x20 obj/Release/src/actors/act_hw.o
 .text.init_act_hw
                0x0000000000000000       0x4c obj/Release/src/actors/act_hw.o
 .comment       0x0000000000000000       0x7f obj/Release/src/actors/act_hw.o
 .ARM.attributes
                0x0000000000000000       0x39 obj/Release/src/actors/act_hw.o
 .text          0x0000000000000000        0x0 obj/Release/src/actors/act_logic.o
 .data          0x0000000000000000        0x0 obj/Release/src/actors/act_logic.o
 .bss           0x0000000000000000        0x0 obj/Release/src/actors/act_logic.o
 .text.init_act_logic
                0x0000000000000000        0x2 obj/Release/src/actors/act_logic.o
 .comment       0x0000000000000000       0x7f obj/Release/src/actors/act_logic.o
 .ARM.attributes
                0x0000000000000000       0x39 obj/Release/src/actors/act_logic.o
 .text          0x0000000000000000        0x0 obj/Release/src/com/serial_buffer.o
 .data          0x0000000000000000        0x0 obj/Release/src/com/serial_buffer.o
 .bss           0x0000000000000000        0x0 obj/Release/src/com/serial_buffer.o
 .text          0x0000000000000000        0x0 obj/Release/src/com/serial_monitor.o
 .data          0x0000000000000000        0x0 obj/Release/src/com/serial_monitor.o
 .bss           0x0000000000000000        0x0 obj/Release/src/com/serial_monitor.o
 .comment       0x0000000000000000       0x7f obj/Release/src/com/serial_monitor.o
 .ARM.attributes
                0x0000000000000000       0x39 obj/Release/src/com/serial_monitor.o
 .text          0x0000000000000000        0x0 obj/Release/src/com/Tuareg_console.o
 .data          0x0000000000000000        0x0 obj/Release/src/com/Tuareg_console.o
 .bss           0x0000000000000000        0x0 obj/Release/src/com/Tuareg_console.o
 .rodata.cTSmaxChunkLen
                0x0000000000000000        0x4 obj/Release/src/com/Tuareg_console.o
 .rodata.cTSmaxOffset
                0x0000000000000000        0x4 obj/Release/src/com/Tuareg_console.o
 .text          0x0000000000000000        0x0 obj/Release/src/com/TunerStudio.o
 .data          0x0000000000000000        0x0 obj/Release/src/com/TunerStudio.o
 .bss           0x0000000000000000        0x0 obj/Release/src/com/TunerStudio.o
 .text          0x0000000000000000        0x0 obj/Release/src/com/TunerStudio_outChannel.o
 .data          0x0000000000000000        0x0 obj/Release/src/com/TunerStudio_outChannel.o
 .bss           0x0000000000000000        0x0 obj/Release/src/com/TunerStudio_outChannel.o
 .rodata.cOut_size
                0x0000000000000000        0x4 obj/Release/src/com/TunerStudio_outChannel.o
 .rodata.pOut_data
                0x0000000000000000        0x4 obj/Release/src/com/TunerStudio_outChannel.o
 .text          0x0000000000000000        0x0 obj/Release/src/com/TunerStudio_service.o
 .data          0x0000000000000000        0x0 obj/Release/src/com/TunerStudio_service.o
 .bss           0x0000000000000000        0x0 obj/Release/src/com/TunerStudio_service.o
 .text          0x0000000000000000        0x0 obj/Release/src/com/uart.o
 .data          0x0000000000000000        0x0 obj/Release/src/com/uart.o
 .bss           0x0000000000000000        0x0 obj/Release/src/com/uart.o
 .text.UART_listen
                0x0000000000000000        0xa obj/Release/src/com/uart.o
 .text.UART_nolisten
                0x0000000000000000        0xa obj/Release/src/com/uart.o
 .text          0x0000000000000000        0x0 obj/Release/src/com/uart_printf.o
 .data          0x0000000000000000        0x0 obj/Release/src/com/uart_printf.o
 .bss           0x0000000000000000        0x0 obj/Release/src/com/uart_printf.o
 .text.printf_S
                0x0000000000000000       0x20 obj/Release/src/com/uart_printf.o
 .text.printf_U8
                0x0000000000000000       0x42 obj/Release/src/com/uart_printf.o
 .text.printf_U32hex
                0x0000000000000000       0x30 obj/Release/src/com/uart_printf.o
 .text          0x0000000000000000        0x0 obj/Release/src/dash/dash_hw.o
 .data          0x0000000000000000        0x0 obj/Release/src/dash/dash_hw.o
 .bss           0x0000000000000000        0x0 obj/Release/src/dash/dash_hw.o
 .text          0x0000000000000000        0x0 obj/Release/src/dash/Tuareg_dash.o
[...]
Memory Configuration

Name             Origin             Length             Attributes
FLASH            0x0000000008000000 0x0000000000020000 xr
RAM              0x0000000020000000 0x0000000000008000 xrw
MEMORY_B1        0x0000000060000000 0x0000000000000000 xr
*default*        0x0000000000000000 0xffffffffffffffff

Linker script and memory map

LOAD obj/Release/src/actors/act_hw.o
LOAD obj/Release/src/actors/act_logic.o
LOAD obj/Release/src/com/serial_buffer.o
LOAD obj/Release/src/com/serial_monitor.o
LOAD obj/Release/src/com/Tuareg_console.o
LOAD obj/Release/src/com/TunerStudio.o
LOAD obj/Release/src/com/TunerStudio_outChannel.o
LOAD obj/Release/src/com/TunerStudio_service.o
LOAD obj/Release/src/com/uart.o
LOAD obj/Release/src/com/uart_printf.o
LOAD obj/Release/src/dash/dash_hw.o
LOAD obj/Release/src/dash/Tuareg_dash.o
LOAD obj/Release/src/debug/debug.o
LOAD obj/Release/src/debug/debug_port_messages.o
LOAD obj/Release/src/debug/dwt.o
LOAD obj/Release/src/decoder/decoder_cis.o
LOAD obj/Release/src/decoder/decoder_config.o
LOAD obj/Release/src/decoder/decoder_debug.o
LOAD obj/Release/src/decoder/decoder_diag.o
LOAD obj/Release/src/decoder/decoder_hw.o
LOAD obj/Release/src/decoder/decoder_logic.o
LOAD obj/Release/src/decoder/Tuareg_decoder.o
LOAD obj/Release/src/diagnostics/diagnostics.o
LOAD obj/Release/src/diagnostics/fault_log.o
LOAD obj/Release/src/diagnostics/highspeed_loggers.o
LOAD obj/Release/src/diagnostics/syslog.o
LOAD obj/Release/src/fueling/accel_comp.o
LOAD obj/Release/src/fueling/fueling_config.o
LOAD obj/Release/src/fueling/fueling_corrections.o
LOAD obj/Release/src/fueling/fueling_diag.o
LOAD obj/Release/src/fueling/fueling_hw.o
LOAD obj/Release/src/fueling/injector_parameters.o
LOAD obj/Release/src/fueling/Tuareg_fueling.o
LOAD obj/Release/src/fueling/Tuareg_fueling_controls.o
LOAD obj/Release/src/ignition/ignition_config.o
LOAD obj/Release/src/ignition/ignition_diag.o
LOAD obj/Release/src/ignition/ignition_hw.o
LOAD obj/Release/src/ignition/Tuareg_ignition.o
LOAD obj/Release/src/ignition/Tuareg_ignition_controls.o
LOAD obj/Release/src/main/main.o
LOAD obj/Release/src/main/Tuareg.o
LOAD obj/Release/src/main/Tuareg_config.o
LOAD obj/Release/src/main/Tuareg_diag.o
LOAD obj/Release/src/main/Tuareg_errors.o
LOAD obj/Release/src/main/Tuareg_ID.o
LOAD obj/Release/src/main/Tuareg_process_data.o
LOAD obj/Release/src/main/Tuareg_service_functions.o
LOAD obj/Release/src/main/Tuareg_types.o
LOAD obj/Release/src/module_test/module_test.o
LOAD obj/Release/src/process_table/process_table.o
LOAD obj/Release/src/sensors/analog_sensors.o
LOAD obj/Release/src/sensors/digital_sensors.o
LOAD obj/Release/src/sensors/knock_sensor.o
LOAD obj/Release/src/sensors/sensor_calibration.o
LOAD obj/Release/src/sensors/sensors_diag.o
LOAD obj/Release/src/sensors/Tuareg_sensors.o
LOAD obj/Release/src/stm32_libs/stm32f4xx/boctok/stm32f4xx_adc_boctok.o
LOAD obj/Release/src/stm32_libs/stm32f4xx/boctok/stm32f4xx_fault_handler_boctok.o
LOAD obj/Release/src/stm32_libs/stm32f4xx/boctok/stm32f4xx_gpio_boctok.o
LOAD obj/Release/src/stm32_libs/stm32f4xx/cmsis/startup_stm32f410xx.o
LOAD obj/Release/src/stm32_libs/stm32f4xx/cmsis/system_hse100_stm32f410.o
LOAD obj/Release/src/stm32_libs/stm32f4xx/spl/misc.o
LOAD obj/Release/src/stm32_libs/stm32f4xx/spl/stm32f4xx_dma.o
LOAD obj/Release/src/stm32_libs/stm32f4xx/spl/stm32f4xx_i2c.o
LOAD obj/Release/src/stm32_libs/stm32f4xx/spl/stm32f4xx_rcc.o
LOAD obj/Release/src/stm32_libs/stm32f4xx/spl/stm32f4xx_usart.o
LOAD obj/Release/src/storage/eeprom.o
LOAD obj/Release/src/storage/table.o
LOAD obj/Release/src/timing/lowprio_scheduler.o
LOAD obj/Release/src/timing/scheduler.o
LOAD obj/Release/src/timing/scheduler_diag.o
LOAD obj/Release/src/timing/systick_timer.o
LOAD obj/Release/src/utils/base_calc.o
LOAD obj/Release/src/utils/bitfields.o
LOAD obj/Release/src/utils/conversion.o
                0x0000000020008000                _estack = 0x20008000
                0x0000000000000000                _Min_Heap_Size = 0x0
                0x0000000000000100                _Min_Stack_Size = 0x100

.isr_vector     0x0000000008000000      0x1c8
                0x0000000008000000                . = ALIGN (0x4)
 *(.isr_vector)
 .isr_vector    0x0000000008000000      0x1c8 obj/Release/src/stm32_libs/stm32f4xx/cmsis/startup_stm32f410xx.o
                0x0000000008000000                g_pfnVectors
                0x00000000080001c8                . = ALIGN (0x4)

.text           0x00000000080001c8     0xcdec
                0x00000000080001c8                . = ALIGN (0x4)
 *(.text)
 *(.text*)
 .text.ComRx_Buffer_reset
                0x00000000080001c8       0x3c obj/Release/src/com/serial_buffer.o
                0x00000000080001c8                ComRx_Buffer_reset
 .text.ComRx_Buffer_avail
                0x0000000008000204        0xc obj/Release/src/com/serial_buffer.o
                0x0000000008000204                ComRx_Buffer_avail
 .text.ComRx_Buffer_push
                0x0000000008000210       0x50 obj/Release/src/com/serial_buffer.o
                0x0000000008000210                ComRx_Buffer_push
 .text.ComRx_Buffer_pull
                0x0000000008000260       0x44 obj/Release/src/com/serial_buffer.o
                0x0000000008000260                ComRx_Buffer_pull
 .text.ComRx_Buffer_pull_U16
                0x00000000080002a4       0x30 obj/Release/src/com/serial_buffer.o
                0x00000000080002a4                ComRx_Buffer_pull_U16
 .text.ComRx_Buffer_pull_U32
                0x00000000080002d4       0x56 obj/Release/src/com/serial_buffer.o
                0x00000000080002d4                ComRx_Buffer_pull_U32
 *fill*         0x000000000800032a        0x2 
 .text.cli_showPage
                0x000000000800032c       0xa8 obj/Release/src/com/Tuareg_console.o
                0x000000000800032c                cli_showPage
 .text.cli_setPermissions
                0x00000000080003d4      0x11c obj/Release/src/com/Tuareg_console.o
                0x00000000080003d4                cli_setPermissions
 .text.cli_show_help
                0x00000000080004f0       0x9c obj/Release/src/com/Tuareg_console.o
                0x00000000080004f0                cli_show_help
 .text.Tuareg_update_console
                0x000000000800058c      0x290 obj/Release/src/com/Tuareg_console.o
                0x000000000800058c                Tuareg_update_console
 .text.cli_cyclic_update
                0x000000000800081c       0x1c obj/Release/src/com/Tuareg_console.o
                0x000000000800081c                cli_cyclic_update
 .text.Tuareg_init_console
                0x0000000008000838       0x18 obj/Release/src/com/Tuareg_console.o
                0x0000000008000838                Tuareg_init_console
 .text.ts_readPage
                0x0000000008000850       0xb4 obj/Release/src/com/TunerStudio.o
                0x0000000008000850                ts_readPage
 .text.ts_valueWrite
                0x0000000008000904      0x1a8 obj/Release/src/com/TunerStudio.o
                0x0000000008000904                ts_valueWrite
 .text.ts_burnPage
                0x0000000008000aac       0xcc obj/Release/src/com/TunerStudio.o
                0x0000000008000aac                ts_burnPage
 .text.ts_tuareg_bits
                0x0000000008000b78      0x1d4 obj/Release/src/com/TunerStudio_outChannel.o
                0x0000000008000b78                ts_tuareg_bits
 .text.ts_sendOutputChannels
                0x0000000008000d4c      0x12c obj/Release/src/com/TunerStudio_outChannel.o
                0x0000000008000d4c                ts_sendOutputChannels
 .text.ts_debug_features
                0x0000000008000e78      0x144 obj/Release/src/com/TunerStudio_service.o
                0x0000000008000e78                ts_debug_features
 .text.cli_show_debug_help
                0x0000000008000fbc       0xc0 obj/Release/src/com/TunerStudio_service.o
                0x0000000008000fbc                cli_show_debug_help
 .text.cli_show_process_data
                0x000000000800107c      0x114 obj/Release/src/com/TunerStudio_service.o
                0x000000000800107c                cli_show_process_data
 .text.cli_show_ignition_controls
                0x0000000008001190      0x108 obj/Release/src/com/TunerStudio_service.o
                0x0000000008001190                cli_show_ignition_controls
 .text.cli_show_fueling_controls
                0x0000000008001298      0x3b8 obj/Release/src/com/TunerStudio_service.o
                0x0000000008001298                cli_show_fueling_controls
 .text.cli_show_decoder_interface
                0x0000000008001650        0xc obj/Release/src/com/TunerStudio_service.o
                0x0000000008001650                cli_show_decoder_interface
 .text.cli_print_sensor_data
                0x000000000800165c      0x21c obj/Release/src/com/TunerStudio_service.o
                0x000000000800165c                cli_print_sensor_data
 .text.ts_debug_info
                0x0000000008001878       0xd8 obj/Release/src/com/TunerStudio_service.o
                0x0000000008001878                ts_debug_info
 .text.UART_TS_PORT_Init
                0x0000000008001950       0xa0 obj/Release/src/com/uart.o
                0x0000000008001950                UART_TS_PORT_Init
 .text.UART_DEBUG_PORT_Init
                0x00000000080019f0       0x68 obj/Release/src/com/uart.o
                0x00000000080019f0                UART_DEBUG_PORT_Init
 .text.UART_Tx  0x0000000008001a58        0xc obj/Release/src/com/uart.o
                0x0000000008001a58                UART_Tx
 .text.UART_send_data
                0x0000000008001a64       0x1a obj/Release/src/com/uart.o
                0x0000000008001a64                UART_send_data
 *fill*         0x0000000008001a7e        0x2 
 .text.USART1_IRQHandler
                0x0000000008001a80       0x30 obj/Release/src/com/uart.o
                0x0000000008001a80                USART1_IRQHandler
 .text.printf_U
                0x0000000008001ab0      0x164 obj/Release/src/com/uart_printf.o
                0x0000000008001ab0                printf_U
 .text.printf_F32
                0x0000000008001c14       0xcc obj/Release/src/com/uart_printf.o
                0x0000000008001c14                printf_F32
 .text.printf_nib_hex
                0x0000000008001ce0       0x10 obj/Release/src/com/uart_printf.o
                0x0000000008001ce0                printf_nib_hex
 .text.print    0x0000000008001cf0       0x16 obj/Release/src/com/uart_printf.o
                0x0000000008001cf0                print
 *fill*         0x0000000008001d06        0x2 
 .text.printf_U8hex
                0x0000000008001d08       0x38 obj/Release/src/com/uart_printf.o
                0x0000000008001d08                printf_U8hex
 .text.printf_crkpos
                0x0000000008001d40       0x6c obj/Release/src/com/uart_printf.o
                0x0000000008001d40                printf_crkpos
 .text.printf_phase
                0x0000000008001dac       0x30 obj/Release/src/com/uart_printf.o
                0x0000000008001dac                printf_phase
 .text.printf_decoder_sensing
                0x0000000008001ddc       0x54 obj/Release/src/com/uart_printf.o
                0x0000000008001ddc                printf_decoder_sensing
 .text.print_flash
                0x0000000008001e30        0x4 obj/Release/src/com/uart_printf.o
                0x0000000008001e30                print_flash
 .text.set_mil_hw
                0x0000000008001e34       0x38 obj/Release/src/dash/dash_hw.o
                0x0000000008001e34                set_mil_hw
 .text.init_dash_hw
                0x0000000008001e6c       0x78 obj/Release/src/dash/dash_hw.o
                0x0000000008001e6c                init_dash_hw
 .text.set_tachometer_compare
                0x0000000008001ee4       0x28 obj/Release/src/dash/dash_hw.o
                0x0000000008001ee4                set_tachometer_compare
 .text.update_tachometer
                0x0000000008001f0c       0x38 obj/Release/src/dash/Tuareg_dash.o
                0x0000000008001f0c                update_tachometer
 .text.set_mil  0x0000000008001f44       0x58 obj/Release/src/dash/Tuareg_dash.o
                0x0000000008001f44                set_mil
 .text.update_mil
                0x0000000008001f9c       0xac obj/Release/src/dash/Tuareg_dash.o
                0x0000000008001f9c                update_mil
 .text.init_dash
                0x0000000008002048       0x10 obj/Release/src/dash/Tuareg_dash.o
                0x0000000008002048                init_dash
 .text.update_dash
                0x0000000008002058        0xe obj/Release/src/dash/Tuareg_dash.o
                0x0000000008002058                update_dash
 *fill*         0x0000000008002066        0x2 
 .text.DebugMsg_Warning
                0x0000000008002068       0x24 obj/Release/src/debug/debug_port_messages.o
                0x0000000008002068                DebugMsg_Warning
 .text.decoder_update_cis
                0x000000000800208c      0x188 obj/Release/src/decoder/decoder_cis.o
                0x000000000800208c                decoder_update_cis
 .text.decoder_cis_handler
                0x0000000008002214       0x9c obj/Release/src/decoder/decoder_cis.o
                0x0000000008002214                decoder_cis_handler
 .text.decoder_cis_noisefilter_handler
                0x00000000080022b0        0x4 obj/Release/src/decoder/decoder_cis.o
                0x00000000080022b0                decoder_cis_noisefilter_handler
 .text.enable_cis
                0x00000000080022b4       0x4c obj/Release/src/decoder/decoder_cis.o
                0x00000000080022b4                enable_cis
 .text.disable_cis
                0x0000000008002300        0xe obj/Release/src/decoder/decoder_cis.o
                0x0000000008002300                disable_cis
 *fill*         0x000000000800230e        0x2 
 .text.load_Decoder_Setup
                0x0000000008002310       0x1c obj/Release/src/decoder/decoder_config.o
                0x0000000008002310                load_Decoder_Setup
 .text.load_essential_Decoder_Setup
                0x000000000800232c       0x3c obj/Release/src/decoder/decoder_config.o
                0x000000000800232c                load_essential_Decoder_Setup
 .text.store_Decoder_Setup
                0x0000000008002368       0x10 obj/Release/src/decoder/decoder_config.o
                0x0000000008002368                store_Decoder_Setup
 .text.show_Decoder_Setup
                0x0000000008002378      0x154 obj/Release/src/decoder/decoder_config.o
                0x0000000008002378                show_Decoder_Setup
 .text.modify_Decoder_Setup
                0x00000000080024cc       0x18 obj/Release/src/decoder/decoder_config.o
                0x00000000080024cc                modify_Decoder_Setup
 .text.send_Decoder_Setup
                0x00000000080024e4        0xc obj/Release/src/decoder/decoder_config.o
                0x00000000080024e4                send_Decoder_Setup
 .text.decoder_debug_show_internals
                0x00000000080024f0      0x58c obj/Release/src/decoder/decoder_debug.o
                0x00000000080024f0                decoder_debug_show_internals
 .text.init_decoder_debug
                0x0000000008002a7c      0x11c obj/Release/src/decoder/decoder_debug.o
                0x0000000008002a7c                init_decoder_debug
 .text.trigger_crk_irq_debug
                0x0000000008002b98        0xc obj/Release/src/decoder/decoder_debug.o
                0x0000000008002b98                trigger_crk_irq_debug
 .text.trigger_cam_irq_debug
                0x0000000008002ba4        0xc obj/Release/src/decoder/decoder_debug.o
                0x0000000008002ba4                trigger_cam_irq_debug
 .text.decoder_diag_log_event
                0x0000000008002bb0       0x28 obj/Release/src/decoder/decoder_diag.o
                0x0000000008002bb0                decoder_diag_log_event
 .text.print_decoder_diag
                0x0000000008002bd8       0x68 obj/Release/src/decoder/decoder_diag.o
                0x0000000008002bd8                print_decoder_diag
 .text.decoder_stop_timer
                0x0000000008002c40       0x1c obj/Release/src/decoder/decoder_hw.o
                0x0000000008002c40                decoder_stop_timer
 .text.update_crank_noisefilter
                0x0000000008002c5c       0x4c obj/Release/src/decoder/decoder_hw.o
                0x0000000008002c5c                update_crank_noisefilter
 .text.update_cam_noisefilter
                0x0000000008002ca8       0x4c obj/Release/src/decoder/decoder_hw.o
                0x0000000008002ca8                update_cam_noisefilter
 .text.decoder_mask_crank_irq
                0x0000000008002cf4       0x10 obj/Release/src/decoder/decoder_hw.o
                0x0000000008002cf4                decoder_mask_crank_irq
 .text.decoder_unmask_crank_irq
                0x0000000008002d04       0x14 obj/Release/src/decoder/decoder_hw.o
                0x0000000008002d04                decoder_unmask_crank_irq
 .text.decoder_mask_cis_irq
                0x0000000008002d18       0x10 obj/Release/src/decoder/decoder_hw.o
                0x0000000008002d18                decoder_mask_cis_irq
 .text.decoder_unmask_cis_irq
                0x0000000008002d28       0x14 obj/Release/src/decoder/decoder_hw.o
                0x0000000008002d28                decoder_unmask_cis_irq
 .text.set_crank_pickup_sensing_rise
                0x0000000008002d3c       0x24 obj/Release/src/decoder/decoder_hw.o
                0x0000000008002d3c                set_crank_pickup_sensing_rise
 .text.set_crank_pickup_sensing_fall
                0x0000000008002d60       0x24 obj/Release/src/decoder/decoder_hw.o
                0x0000000008002d60                set_crank_pickup_sensing_fall
 .text.set_crank_pickup_sensing_disabled
                0x0000000008002d84       0x24 obj/Release/src/decoder/decoder_hw.o
                0x0000000008002d84                set_crank_pickup_sensing_disabled
 .text.set_cis_sensing_rise
                0x0000000008002da8       0x24 obj/Release/src/decoder/decoder_hw.o
                0x0000000008002da8                set_cis_sensing_rise
 .text.set_cis_sensing_fall
                0x0000000008002dcc       0x24 obj/Release/src/decoder/decoder_hw.o
                0x0000000008002dcc                set_cis_sensing_fall
 .text.set_cis_sensing_disabled
                0x0000000008002df0       0x24 obj/Release/src/decoder/decoder_hw.o
                0x0000000008002df0                set_cis_sensing_disabled
 .text.decoder_set_crank_pickup_sensing
                0x0000000008002e14       0x4c obj/Release/src/decoder/decoder_hw.o
                0x0000000008002e14                decoder_set_crank_pickup_sensing
 .text.decoder_set_cis_sensing
                0x0000000008002e60       0x4c obj/Release/src/decoder/decoder_hw.o
                0x0000000008002e60                decoder_set_cis_sensing
 .text.trigger_decoder_irq
                0x0000000008002eac       0x14 obj/Release/src/decoder/decoder_hw.o
                0x0000000008002eac                trigger_decoder_irq
 .text.init_decoder_hw
                0x0000000008002ec0       0xcc obj/Release/src/decoder/decoder_hw.o
                0x0000000008002ec0                init_decoder_hw
 .text.decoder_get_timestamp
                0x0000000008002f8c        0xc obj/Release/src/decoder/decoder_hw.o
                0x0000000008002f8c                decoder_get_timestamp
 .text.decoder_set_timer_continuous_mode_on
                0x0000000008002f98       0x1c obj/Release/src/decoder/decoder_hw.o
                0x0000000008002f98                decoder_set_timer_continuous_mode_on
 .text.decoder_set_timer_continuous_mode_off
                0x0000000008002fb4       0x1c obj/Release/src/decoder/decoder_hw.o
                0x0000000008002fb4                decoder_set_timer_continuous_mode_off
 .text.decoder_start_timer
                0x0000000008002fd0       0x5c obj/Release/src/decoder/decoder_hw.o
                0x0000000008002fd0                decoder_start_timer
 .text.decoder_request_timer_reset
                0x000000000800302c       0x10 obj/Release/src/decoder/decoder_hw.o
                0x000000000800302c                decoder_request_timer_reset
 .text.disable_decoder_hw
                0x000000000800303c       0x3c obj/Release/src/decoder/decoder_hw.o
                0x000000000800303c                disable_decoder_hw
 .text.EXTI0_IRQHandler
                0x0000000008003078       0x68 obj/Release/src/decoder/decoder_hw.o
                0x0000000008003078                EXTI0_IRQHandler
 .text.TIM1_BRK_TIM9_IRQHandler
                0x00000000080030e0       0x74 obj/Release/src/decoder/decoder_hw.o
                0x00000000080030e0                TIM1_BRK_TIM9_IRQHandler
 .text.EXTI1_IRQHandler
                0x0000000008003154       0x1c obj/Release/src/decoder/decoder_hw.o
                0x0000000008003154                EXTI1_IRQHandler
 .text.reset_timeout_counter
                0x0000000008003170       0x14 obj/Release/src/decoder/decoder_logic.o
                0x0000000008003170                reset_timeout_counter
 .text.reset_timing_output
                0x0000000008003184       0x2c obj/Release/src/decoder/decoder_logic.o
                0x0000000008003184                reset_timing_output
 .text.reset_position_data
                0x00000000080031b0       0x34 obj/Release/src/decoder/decoder_logic.o
                0x00000000080031b0                reset_position_data
 .text.reset_internal_data
                0x00000000080031e4       0x1c obj/Release/src/decoder/decoder_logic.o
                0x00000000080031e4                reset_internal_data
 .text.decoder_set_state
                0x0000000008003200       0x24 obj/Release/src/decoder/decoder_logic.o
                0x0000000008003200                decoder_set_state
 .text.check_sync_ratio
                0x0000000008003224       0x74 obj/Release/src/decoder/decoder_logic.o
                0x0000000008003224                check_sync_ratio
 .text.check_sync_ratio_async
                0x0000000008003298       0x5c obj/Release/src/decoder/decoder_logic.o
                0x0000000008003298                check_sync_ratio_async
 .text.update_timing_data
                0x00000000080032f4       0xe0 obj/Release/src/decoder/decoder_logic.o
                0x00000000080032f4                update_timing_data
 .text.init_decoder_logic
                0x00000000080033d4       0x24 obj/Release/src/decoder/decoder_logic.o
                0x00000000080033d4                init_decoder_logic
 .text.disable_decoder_logic
                0x00000000080033f8       0x18 obj/Release/src/decoder/decoder_logic.o
                0x00000000080033f8                disable_decoder_logic
 .text.decoder_crank_handler
                0x0000000008003410      0x138 obj/Release/src/decoder/decoder_logic.o
                0x0000000008003410                decoder_crank_handler
 .text.decoder_crank_noisefilter_handler
                0x0000000008003548        0x4 obj/Release/src/decoder/decoder_logic.o
                0x0000000008003548                decoder_crank_noisefilter_handler
 .text.decoder_crank_timeout_handler
                0x000000000800354c       0x3c obj/Release/src/decoder/decoder_logic.o
                0x000000000800354c                decoder_crank_timeout_handler
 .text.init_Decoder
                0x0000000008003588       0x68 obj/Release/src/decoder/Tuareg_decoder.o
                0x0000000008003588                init_Decoder
 .text.disable_Decoder
                0x00000000080035f0       0x28 obj/Release/src/decoder/Tuareg_decoder.o
                0x00000000080035f0                disable_Decoder
 .text.decoder_get_position_data_age_us
                0x0000000008003618       0x28 obj/Release/src/decoder/Tuareg_decoder.o
                0x0000000008003618                decoder_get_position_data_age_us
 .text.copy_diag_data
                0x0000000008003640       0x48 obj/Release/src/diagnostics/diagnostics.o
                0x0000000008003640                copy_diag_data
 .text.get_diag_data
                0x0000000008003688       0x24 obj/Release/src/diagnostics/diagnostics.o
                0x0000000008003688                get_diag_data
 .text.release_diag_shadow
                0x00000000080036ac        0xc obj/Release/src/diagnostics/diagnostics.o
                0x00000000080036ac                release_diag_shadow
 .text.load_Fault_Log
                0x00000000080036b8       0x1c obj/Release/src/diagnostics/fault_log.o
                0x00000000080036b8                load_Fault_Log
 .text.load_void_Fault_Log
                0x00000000080036d4       0x18 obj/Release/src/diagnostics/fault_log.o
                0x00000000080036d4                load_void_Fault_Log
 .text.init_Fault_Log
                0x00000000080036ec       0x4c obj/Release/src/diagnostics/fault_log.o
                0x00000000080036ec                init_Fault_Log
 .text.store_Fault_Log
                0x0000000008003738       0x10 obj/Release/src/diagnostics/fault_log.o
                0x0000000008003738                store_Fault_Log
 .text.log_Fault
                0x0000000008003748       0x68 obj/Release/src/diagnostics/fault_log.o
                0x0000000008003748                log_Fault
 .text.show_Fault_Log
                0x00000000080037b0       0x74 obj/Release/src/diagnostics/fault_log.o
                0x00000000080037b0                show_Fault_Log
 .text.clear_Fault_Log
                0x0000000008003824       0x18 obj/Release/src/diagnostics/fault_log.o
                0x0000000008003824                clear_Fault_Log
 .text.Erase_Fault_Log
                0x000000000800383c       0x3c obj/Release/src/diagnostics/fault_log.o
                0x000000000800383c                Erase_Fault_Log
 .text.send_Fault_Log
                0x0000000008003878        0xc obj/Release/src/diagnostics/fault_log.o
                0x0000000008003878                send_Fault_Log
 .text.clear_highspeedlog
                0x0000000008003884       0x14 obj/Release/src/diagnostics/highspeed_loggers.o
                0x0000000008003884                clear_highspeedlog
 .text.highspeedlog_init
                0x0000000008003898       0x14 obj/Release/src/diagnostics/highspeed_loggers.o
                0x0000000008003898                highspeedlog_init
 .text.highspeedlog_register_error
                0x00000000080038ac        0x2 obj/Release/src/diagnostics/highspeed_loggers.o
                0x00000000080038ac                highspeedlog_register_error
 *fill*         0x00000000080038ae        0x2 
 .text.highspeedlog_write
                0x00000000080038b0       0xb8 obj/Release/src/diagnostics/highspeed_loggers.o
                0x00000000080038b0                highspeedlog_write
 .text.highspeedlog_register_crankpos
                0x0000000008003968        0x6 obj/Release/src/diagnostics/highspeed_loggers.o
                0x0000000008003968                highspeedlog_register_crankpos
 *fill*         0x000000000800396e        0x2 
 .text.highspeedlog_register_cis_lobe_begin
                0x0000000008003970       0x10 obj/Release/src/diagnostics/highspeed_loggers.o
                0x0000000008003970                highspeedlog_register_cis_lobe_begin
 .text.highspeedlog_register_cis_lobe_end
                0x0000000008003980       0x10 obj/Release/src/diagnostics/highspeed_loggers.o
                0x0000000008003980                highspeedlog_register_cis_lobe_end
 .text.highspeedlog_register_coil1_power
                0x0000000008003990        0x6 obj/Release/src/diagnostics/highspeed_loggers.o
                0x0000000008003990                highspeedlog_register_coil1_power
 .text.highspeedlog_register_coil1_unpower
                0x0000000008003996        0x6 obj/Release/src/diagnostics/highspeed_loggers.o
                0x0000000008003996                highspeedlog_register_coil1_unpower
 .text.highspeedlog_register_coil2_power
                0x000000000800399c        0x6 obj/Release/src/diagnostics/highspeed_loggers.o
                0x000000000800399c                highspeedlog_register_coil2_power
 .text.highspeedlog_register_coil2_unpower
                0x00000000080039a2        0x6 obj/Release/src/diagnostics/highspeed_loggers.o
                0x00000000080039a2                highspeedlog_register_coil2_unpower
 .text.highspeedlog_register_injector1_power
                0x00000000080039a8        0x6 obj/Release/src/diagnostics/highspeed_loggers.o
                0x00000000080039a8                highspeedlog_register_injector1_power
 .text.highspeedlog_register_injector1_unpower
                0x00000000080039ae        0x6 obj/Release/src/diagnostics/highspeed_loggers.o
                0x00000000080039ae                highspeedlog_register_injector1_unpower
 .text.highspeedlog_register_injector2_power
                0x00000000080039b4        0x6 obj/Release/src/diagnostics/highspeed_loggers.o
                0x00000000080039b4                highspeedlog_register_injector2_power
 .text.highspeedlog_register_injector2_unpower
                0x00000000080039ba        0x6 obj/Release/src/diagnostics/highspeed_loggers.o
                0x00000000080039ba                highspeedlog_register_injector2_unpower
 .text.send_highspeedlog
                0x00000000080039c0       0xc4 obj/Release/src/diagnostics/highspeed_loggers.o
                0x00000000080039c0                send_highspeedlog
 .text.show_highspeedlog
                0x0000000008003a84      0x150 obj/Release/src/diagnostics/highspeed_loggers.o
                0x0000000008003a84                show_highspeedlog
 .text.clear_syslog
                0x0000000008003bd4       0x38 obj/Release/src/diagnostics/syslog.o
                0x0000000008003bd4                clear_syslog
 .text.Syslog_init
                0x0000000008003c0c       0x10 obj/Release/src/diagnostics/syslog.o
                0x0000000008003c0c                Syslog_init
 .text.Syslog_Error
                0x0000000008003c1c       0x48 obj/Release/src/diagnostics/syslog.o
                0x0000000008003c1c                Syslog_Error
 .text.Syslog_Warning
                0x0000000008003c64       0x6c obj/Release/src/diagnostics/syslog.o
                0x0000000008003c64                Syslog_Warning
 .text.Syslog_Info
                0x0000000008003cd0       0x68 obj/Release/src/diagnostics/syslog.o
                0x0000000008003cd0                Syslog_Info
 .text.show_syslog
                0x0000000008003d38      0x11c obj/Release/src/diagnostics/syslog.o
                0x0000000008003d38                show_syslog
 .text.send_syslog
                0x0000000008003e54       0x20 obj/Release/src/diagnostics/syslog.o
                0x0000000008003e54                send_syslog
 .text.update_load_transient_comp
                0x0000000008003e74       0x16 obj/Release/src/fueling/accel_comp.o
                0x0000000008003e74                update_load_transient_comp
 .text.disable_legacy_AE
                0x0000000008003e8a       0x46 obj/Release/src/fueling/accel_comp.o
                0x0000000008003e8a                disable_legacy_AE
 .text.update_legacy_AE
                0x0000000008003ed0      0x328 obj/Release/src/fueling/accel_comp.o
                0x0000000008003ed0                update_legacy_AE
 .text.load_Fueling_Setup
                0x00000000080041f8       0x10 obj/Release/src/fueling/fueling_config.o
                0x00000000080041f8                load_Fueling_Setup
 .text.store_Fueling_Setup
                0x0000000008004208       0x10 obj/Release/src/fueling/fueling_config.o
                0x0000000008004208                store_Fueling_Setup
 .text.show_Fueling_Setup
                0x0000000008004218      0x350 obj/Release/src/fueling/fueling_config.o
                0x0000000008004218                show_Fueling_Setup
 .text.modify_Fueling_Setup
                0x0000000008004568       0x18 obj/Release/src/fueling/fueling_config.o
                0x0000000008004568                modify_Fueling_Setup
 .text.send_Fueling_Setup
                0x0000000008004580        0xc obj/Release/src/fueling/fueling_config.o
                0x0000000008004580                send_Fueling_Setup
 .text.load_VeTable_TPS
                0x000000000800458c       0x10 obj/Release/src/fueling/fueling_config.o
                0x000000000800458c                load_VeTable_TPS
 .text.store_VeTable_TPS
                0x000000000800459c       0x10 obj/Release/src/fueling/fueling_config.o
                0x000000000800459c                store_VeTable_TPS
 .text.show_VeTable_TPS
                0x00000000080045ac       0x20 obj/Release/src/fueling/fueling_config.o
                0x00000000080045ac                show_VeTable_TPS
 .text.modify_VeTable_TPS
                0x00000000080045cc       0x10 obj/Release/src/fueling/fueling_config.o
                0x00000000080045cc                modify_VeTable_TPS
 .text.send_VeTable_TPS
                0x00000000080045dc        0xc obj/Release/src/fueling/fueling_config.o
                0x00000000080045dc                send_VeTable_TPS
 .text.getValue_VeTable_TPS
                0x00000000080045e8       0x20 obj/Release/src/fueling/fueling_config.o
                0x00000000080045e8                getValue_VeTable_TPS
 .text.load_VeTable_MAP
                0x0000000008004608       0x10 obj/Release/src/fueling/fueling_config.o
                0x0000000008004608                load_VeTable_MAP
 .text.store_VeTable_MAP
                0x0000000008004618       0x10 obj/Release/src/fueling/fueling_config.o
                0x0000000008004618                store_VeTable_MAP
 .text.show_VeTable_MAP
                0x0000000008004628       0x20 obj/Release/src/fueling/fueling_config.o
                0x0000000008004628                show_VeTable_MAP
 .text.modify_VeTable_MAP
                0x0000000008004648       0x10 obj/Release/src/fueling/fueling_config.o
                0x0000000008004648                modify_VeTable_MAP
 .text.send_VeTable_MAP
                0x0000000008004658        0xc obj/Release/src/fueling/fueling_config.o
                0x0000000008004658                send_VeTable_MAP
 .text.getValue_VeTable_MAP
                0x0000000008004664       0x20 obj/Release/src/fueling/fueling_config.o
                0x0000000008004664                getValue_VeTable_MAP
 .text.load_AfrTable_MAP
                0x0000000008004684       0x10 obj/Release/src/fueling/fueling_config.o
                0x0000000008004684                load_AfrTable_MAP
 .text.store_AfrTable_MAP
                0x0000000008004694       0x10 obj/Release/src/fueling/fueling_config.o
                0x0000000008004694                store_AfrTable_MAP
 .text.show_AfrTable_MAP
                0x00000000080046a4       0x20 obj/Release/src/fueling/fueling_config.o
                0x00000000080046a4                show_AfrTable_MAP
 .text.modify_AfrTable_MAP
                0x00000000080046c4       0x10 obj/Release/src/fueling/fueling_config.o
                0x00000000080046c4                modify_AfrTable_MAP
 .text.send_AfrTable_MAP
                0x00000000080046d4        0xc obj/Release/src/fueling/fueling_config.o
                0x00000000080046d4                send_AfrTable_MAP
 .text.getValue_AfrTable_MAP
                0x00000000080046e0       0x20 obj/Release/src/fueling/fueling_config.o
                0x00000000080046e0                getValue_AfrTable_MAP
 .text.load_AfrTable_TPS
                0x0000000008004700       0x10 obj/Release/src/fueling/fueling_config.o
                0x0000000008004700                load_AfrTable_TPS
 .text.store_AfrTable_TPS
                0x0000000008004710       0x10 obj/Release/src/fueling/fueling_config.o
                0x0000000008004710                store_AfrTable_TPS
 .text.show_AfrTable_TPS
                0x0000000008004720       0x20 obj/Release/src/fueling/fueling_config.o
                0x0000000008004720                show_AfrTable_TPS
 .text.modify_AfrTable_TPS
                0x0000000008004740       0x10 obj/Release/src/fueling/fueling_config.o
                0x0000000008004740                modify_AfrTable_TPS
 .text.send_AfrTable_TPS
                0x0000000008004750        0xc obj/Release/src/fueling/fueling_config.o
                0x0000000008004750                send_AfrTable_TPS
 .text.getValue_AfrTable_TPS
                0x000000000800475c       0x20 obj/Release/src/fueling/fueling_config.o
                0x000000000800475c                getValue_AfrTable_TPS
 .text.load_AccelCompTableTPS
                0x000000000800477c       0x10 obj/Release/src/fueling/fueling_config.o
                0x000000000800477c                load_AccelCompTableTPS
 .text.store_AccelCompTableTPS
                0x000000000800478c       0x10 obj/Release/src/fueling/fueling_config.o
                0x000000000800478c                store_AccelCompTableTPS
 .text.show_AccelCompTableTPS
                0x000000000800479c       0x20 obj/Release/src/fueling/fueling_config.o
                0x000000000800479c                show_AccelCompTableTPS
 .text.modify_AccelCompTableTPS
                0x00000000080047bc       0x10 obj/Release/src/fueling/fueling_config.o
                0x00000000080047bc                modify_AccelCompTableTPS
 .text.send_AccelCompTableTPS
                0x00000000080047cc        0xc obj/Release/src/fueling/fueling_config.o
                0x00000000080047cc                send_AccelCompTableTPS
 .text.getValue_AccelCompTableTPS
                0x00000000080047d8       0x14 obj/Release/src/fueling/fueling_config.o
                0x00000000080047d8                getValue_AccelCompTableTPS
 .text.load_AccelCompTableMAP
                0x00000000080047ec       0x10 obj/Release/src/fueling/fueling_config.o
                0x00000000080047ec                load_AccelCompTableMAP
 .text.store_AccelCompTableMAP
                0x00000000080047fc       0x10 obj/Release/src/fueling/fueling_config.o
                0x00000000080047fc                store_AccelCompTableMAP
 .text.show_AccelCompTableMAP
                0x000000000800480c       0x20 obj/Release/src/fueling/fueling_config.o
                0x000000000800480c                show_AccelCompTableMAP
 .text.modify_AccelCompTableMAP
                0x000000000800482c       0x10 obj/Release/src/fueling/fueling_config.o
                0x000000000800482c                modify_AccelCompTableMAP
 .text.send_AccelCompTableMAP
                0x000000000800483c        0xc obj/Release/src/fueling/fueling_config.o
                0x000000000800483c                send_AccelCompTableMAP
 .text.getValue_AccelCompTableMAP
                0x0000000008004848       0x14 obj/Release/src/fueling/fueling_config.o
                0x0000000008004848                getValue_AccelCompTableMAP
 .text.load_WarmUpCompTable
                0x000000000800485c       0x10 obj/Release/src/fueling/fueling_config.o
                0x000000000800485c                load_WarmUpCompTable
 .text.store_WarmUpCompTable
                0x000000000800486c       0x10 obj/Release/src/fueling/fueling_config.o
                0x000000000800486c                store_WarmUpCompTable
 .text.show_WarmUpCompTable
                0x000000000800487c       0x20 obj/Release/src/fueling/fueling_config.o
                0x000000000800487c                show_WarmUpCompTable
 .text.modify_WarmUpCompTable
                0x000000000800489c       0x10 obj/Release/src/fueling/fueling_config.o
                0x000000000800489c                modify_WarmUpCompTable
 .text.send_WarmUpCompTable
                0x00000000080048ac        0xc obj/Release/src/fueling/fueling_config.o
                0x00000000080048ac                send_WarmUpCompTable
 .text.getValue_WarmUpCompTable
                0x00000000080048b8       0x20 obj/Release/src/fueling/fueling_config.o
                0x00000000080048b8                getValue_WarmUpCompTable
 .text.load_InjectorTimingTable
                0x00000000080048d8       0x10 obj/Release/src/fueling/fueling_config.o
                0x00000000080048d8                load_InjectorTimingTable
 .text.store_InjectorTimingTable
                0x00000000080048e8       0x10 obj/Release/src/fueling/fueling_config.o
                0x00000000080048e8                store_InjectorTimingTable
 .text.show_InjectorTimingTable
                0x00000000080048f8       0x20 obj/Release/src/fueling/fueling_config.o
                0x00000000080048f8                show_InjectorTimingTable
 .text.modify_InjectorTimingTable
                0x0000000008004918       0x10 obj/Release/src/fueling/fueling_config.o
                0x0000000008004918                modify_InjectorTimingTable
 .text.send_InjectorTimingTable
                0x0000000008004928        0xc obj/Release/src/fueling/fueling_config.o
                0x0000000008004928                send_InjectorTimingTable
 .text.getValue_InjectorTimingTable
                0x0000000008004934       0x20 obj/Release/src/fueling/fueling_config.o
                0x0000000008004934                getValue_InjectorTimingTable
 .text.load_CrankingFuelTable
                0x0000000008004954       0x10 obj/Release/src/fueling/fueling_config.o
                0x0000000008004954                load_CrankingFuelTable
 .text.store_CrankingFuelTable
                0x0000000008004964       0x10 obj/Release/src/fueling/fueling_config.o
                0x0000000008004964                store_CrankingFuelTable
 .text.show_CrankingFuelTable
                0x0000000008004974       0x20 obj/Release/src/fueling/fueling_config.o
                0x0000000008004974                show_CrankingFuelTable
 .text.modify_CrankingFuelTable
                0x0000000008004994       0x10 obj/Release/src/fueling/fueling_config.o
                0x0000000008004994                modify_CrankingFuelTable
 .text.send_CrankingFuelTable
                0x00000000080049a4        0xc obj/Release/src/fueling/fueling_config.o
                0x00000000080049a4                send_CrankingFuelTable
 .text.getValue_CrankingFuelTable
                0x00000000080049b0       0x14 obj/Release/src/fueling/fueling_config.o
                0x00000000080049b0                getValue_CrankingFuelTable
 .text.load_InjectorPhaseTable
                0x00000000080049c4       0x10 obj/Release/src/fueling/fueling_config.o
                0x00000000080049c4                load_InjectorPhaseTable
 .text.store_InjectorPhaseTable
                0x00000000080049d4       0x10 obj/Release/src/fueling/fueling_config.o
                0x00000000080049d4                store_InjectorPhaseTable
 .text.show_InjectorPhaseTable
                0x00000000080049e4       0x20 obj/Release/src/fueling/fueling_config.o
                0x00000000080049e4                show_InjectorPhaseTable
 .text.modify_InjectorPhaseTable
                0x0000000008004a04       0x10 obj/Release/src/fueling/fueling_config.o
                0x0000000008004a04                modify_InjectorPhaseTable
 .text.send_InjectorPhaseTable
                0x0000000008004a14        0xc obj/Release/src/fueling/fueling_config.o
                0x0000000008004a14                send_InjectorPhaseTable
 .text.getValue_InjectorPhaseTable
                0x0000000008004a20        0xc obj/Release/src/fueling/fueling_config.o
                0x0000000008004a20                getValue_InjectorPhaseTable
 .text.load_BAROtable
                0x0000000008004a2c       0x10 obj/Release/src/fueling/fueling_config.o
                0x0000000008004a2c                load_BAROtable
 .text.store_BAROtable
                0x0000000008004a3c       0x10 obj/Release/src/fueling/fueling_config.o
                0x0000000008004a3c                store_BAROtable
 .text.show_BAROtable
                0x0000000008004a4c       0x20 obj/Release/src/fueling/fueling_config.o
                0x0000000008004a4c                show_BAROtable
 .text.modify_BAROtable
                0x0000000008004a6c       0x10 obj/Release/src/fueling/fueling_config.o
                0x0000000008004a6c                modify_BAROtable
 .text.send_BAROtable
                0x0000000008004a7c        0xc obj/Release/src/fueling/fueling_config.o
                0x0000000008004a7c                send_BAROtable
 .text.getValue_BAROtable
                0x0000000008004a88       0x38 obj/Release/src/fueling/fueling_config.o
                0x0000000008004a88                getValue_BAROtable
 .text.load_ChargeTempTable
                0x0000000008004ac0       0x10 obj/Release/src/fueling/fueling_config.o
                0x0000000008004ac0                load_ChargeTempTable
 .text.load_Fueling_Config
                0x0000000008004ad0       0xd8 obj/Release/src/fueling/fueling_config.o
                0x0000000008004ad0                load_Fueling_Config
 .text.store_ChargeTempTable
                0x0000000008004ba8       0x10 obj/Release/src/fueling/fueling_config.o
                0x0000000008004ba8                store_ChargeTempTable
 .text.show_ChargeTempTable
                0x0000000008004bb8       0x20 obj/Release/src/fueling/fueling_config.o
                0x0000000008004bb8                show_ChargeTempTable
 .text.modify_ChargeTempTable
                0x0000000008004bd8       0x10 obj/Release/src/fueling/fueling_config.o
                0x0000000008004bd8                modify_ChargeTempTable
 .text.send_ChargeTempTable
                0x0000000008004be8        0xc obj/Release/src/fueling/fueling_config.o
                0x0000000008004be8                send_ChargeTempTable
 .text.getValue_ChargeTempTable
                0x0000000008004bf4       0x2c obj/Release/src/fueling/fueling_config.o
                0x0000000008004bf4                getValue_ChargeTempTable
 .text.update_fuel_mass_afterstart_correction
                0x0000000008004c20       0xa0 obj/Release/src/fueling/fueling_corrections.o
                0x0000000008004c20                update_fuel_mass_afterstart_correction
 .text.update_fuel_mass_warmup_correction
                0x0000000008004cc0       0x5c obj/Release/src/fueling/fueling_corrections.o
                0x0000000008004cc0                update_fuel_mass_warmup_correction
 .text.update_fuel_mass_barometric_correction
                0x0000000008004d1c       0x98 obj/Release/src/fueling/fueling_corrections.o
                0x0000000008004d1c                update_fuel_mass_barometric_correction
 .text.update_fuel_mass_corrections
                0x0000000008004db4       0x1c obj/Release/src/fueling/fueling_corrections.o
                0x0000000008004db4                update_fuel_mass_corrections
 .text.fueling_diag_log_event
                0x0000000008004dd0       0x28 obj/Release/src/fueling/fueling_diag.o
                0x0000000008004dd0                fueling_diag_log_event
 .text.print_fueling_diag
                0x0000000008004df8       0x68 obj/Release/src/fueling/fueling_diag.o
                0x0000000008004df8                print_fueling_diag
 .text.set_injector1_powered
                0x0000000008004e60       0x28 obj/Release/src/fueling/fueling_hw.o
                0x0000000008004e60                set_injector1_powered
 .text.set_injector1_unpowered
                0x0000000008004e88       0x28 obj/Release/src/fueling/fueling_hw.o
                0x0000000008004e88                set_injector1_unpowered
 .text.set_injector2_powered
                0x0000000008004eb0       0x28 obj/Release/src/fueling/fueling_hw.o
                0x0000000008004eb0                set_injector2_powered
 .text.set_injector2_unpowered
                0x0000000008004ed8       0x28 obj/Release/src/fueling/fueling_hw.o
                0x0000000008004ed8                set_injector2_unpowered
 .text.set_fuel_pump_powered
                0x0000000008004f00       0x28 obj/Release/src/fueling/fueling_hw.o
                0x0000000008004f00                set_fuel_pump_powered
 .text.set_fuel_pump_unpowered
                0x0000000008004f28       0x20 obj/Release/src/fueling/fueling_hw.o
                0x0000000008004f28                set_fuel_pump_unpowered
 .text.set_injector1
                0x0000000008004f48       0x30 obj/Release/src/fueling/fueling_hw.o
                0x0000000008004f48                set_injector1
 .text.set_injector2
                0x0000000008004f78       0x30 obj/Release/src/fueling/fueling_hw.o
                0x0000000008004f78                set_injector2
 .text.set_fuel_pump
                0x0000000008004fa8        0xc obj/Release/src/fueling/fueling_hw.o
                0x0000000008004fa8                set_fuel_pump
 .text.init_fueling_hw
                0x0000000008004fb4       0x5c obj/Release/src/fueling/fueling_hw.o
                0x0000000008004fb4                init_fueling_hw
 .text.update_injector_deadtime
                0x0000000008005010       0x50 obj/Release/src/fueling/injector_parameters.o
                0x0000000008005010                update_injector_deadtime
 .text.update_injector_intervals_sequential
                0x0000000008005060       0xf8 obj/Release/src/fueling/injector_parameters.o
                0x0000000008005060                update_injector_intervals_sequential
 .text.update_injector_intervals_batch
                0x0000000008005158       0xf4 obj/Release/src/fueling/injector_parameters.o
                0x0000000008005158                update_injector_intervals_batch
 .text.update_injection_begin_batch
                0x000000000800524c       0x34 obj/Release/src/fueling/injector_parameters.o
                0x000000000800524c                update_injection_begin_batch
 .text.update_injection_begin_sequential
                0x0000000008005280       0xf0 obj/Release/src/fueling/injector_parameters.o
                0x0000000008005280                update_injection_begin_sequential
 .text.init_Fueling
                0x0000000008005370       0x54 obj/Release/src/fueling/Tuareg_fueling.o
                0x0000000008005370                init_Fueling
 .text.Tuareg_fueling_update_crankpos_handler
                0x00000000080053c4      0x198 obj/Release/src/fueling/Tuareg_fueling.o
                0x00000000080053c4                Tuareg_fueling_update_crankpos_handler
 .text.invalid_fueling_controls
                0x000000000800555c       0x48 obj/Release/src/fueling/Tuareg_fueling_controls.o
                0x000000000800555c                invalid_fueling_controls
 .text.update_air_flow
                0x00000000080055a4       0xb0 obj/Release/src/fueling/Tuareg_fueling_controls.o
                0x00000000080055a4                update_air_flow
 .text.update_AFR_target
                0x0000000008005654       0x78 obj/Release/src/fueling/Tuareg_fueling_controls.o
                0x0000000008005654                update_AFR_target
 .text.update_fuel_mass_cranking
                0x00000000080056cc       0x74 obj/Release/src/fueling/Tuareg_fueling_controls.o
                0x00000000080056cc                update_fuel_mass_cranking
 .text.update_base_fuel_mass
                0x0000000008005740       0x48 obj/Release/src/fueling/Tuareg_fueling_controls.o
                0x0000000008005740                update_base_fuel_mass
 .text.update_target_fuel_mass
                0x0000000008005788      0x120 obj/Release/src/fueling/Tuareg_fueling_controls.o
                0x0000000008005788                update_target_fuel_mass
 .text.Tuareg_update_fueling_controls
                0x00000000080058a8      0x22c obj/Release/src/fueling/Tuareg_fueling_controls.o
                0x00000000080058a8                Tuareg_update_fueling_controls
 .text.load_Ignition_Config
                0x0000000008005ad4       0x6c obj/Release/src/ignition/ignition_config.o
                0x0000000008005ad4                load_Ignition_Config
 .text.store_Ignition_Setup
                0x0000000008005b40       0x10 obj/Release/src/ignition/ignition_config.o
                0x0000000008005b40                store_Ignition_Setup
 .text.show_Ignition_Setup
                0x0000000008005b50      0x17c obj/Release/src/ignition/ignition_config.o
                0x0000000008005b50                show_Ignition_Setup
 .text.modify_Ignition_Setup
                0x0000000008005ccc       0x18 obj/Release/src/ignition/ignition_config.o
                0x0000000008005ccc                modify_Ignition_Setup
 .text.send_Ignition_Setup
                0x0000000008005ce4        0xc obj/Release/src/ignition/ignition_config.o
                0x0000000008005ce4                send_Ignition_Setup
 .text.store_ignAdvTable_TPS
                0x0000000008005cf0       0x10 obj/Release/src/ignition/ignition_config.o
                0x0000000008005cf0                store_ignAdvTable_TPS
 .text.show_ignAdvTable_TPS
                0x0000000008005d00       0x20 obj/Release/src/ignition/ignition_config.o
                0x0000000008005d00                show_ignAdvTable_TPS
 .text.modify_ignAdvTable_TPS
                0x0000000008005d20       0x10 obj/Release/src/ignition/ignition_config.o
                0x0000000008005d20                modify_ignAdvTable_TPS
 .text.send_ignAdvTable_TPS
                0x0000000008005d30        0xc obj/Release/src/ignition/ignition_config.o
                0x0000000008005d30                send_ignAdvTable_TPS
 .text.getValue_ignAdvTable_TPS
                0x0000000008005d3c       0x20 obj/Release/src/ignition/ignition_config.o
                0x0000000008005d3c                getValue_ignAdvTable_TPS
 .text.store_ignDwellTable
                0x0000000008005d5c       0x10 obj/Release/src/ignition/ignition_config.o
                0x0000000008005d5c                store_ignDwellTable
 .text.show_ignDwellTable
                0x0000000008005d6c       0x20 obj/Release/src/ignition/ignition_config.o
                0x0000000008005d6c                show_ignDwellTable
 .text.modify_ignDwellTable
                0x0000000008005d8c       0x10 obj/Release/src/ignition/ignition_config.o
                0x0000000008005d8c                modify_ignDwellTable
 .text.send_ignDwellTable
                0x0000000008005d9c        0xc obj/Release/src/ignition/ignition_config.o
                0x0000000008005d9c                send_ignDwellTable
 .text.getValue_ignDwellTable
                0x0000000008005da8       0x18 obj/Release/src/ignition/ignition_config.o
                0x0000000008005da8                getValue_ignDwellTable
 .text.ignition_diag_log_event
                0x0000000008005dc0       0x28 obj/Release/src/ignition/ignition_diag.o
                0x0000000008005dc0                ignition_diag_log_event
 .text.print_ignition_diag
                0x0000000008005de8       0x68 obj/Release/src/ignition/ignition_diag.o
                0x0000000008005de8                print_ignition_diag
 .text.set_coil1_powered
                0x0000000008005e50       0x28 obj/Release/src/ignition/ignition_hw.o
                0x0000000008005e50                set_coil1_powered
 .text.set_coil1_unpowered
                0x0000000008005e78       0x20 obj/Release/src/ignition/ignition_hw.o
                0x0000000008005e78                set_coil1_unpowered
 .text.set_coil2_powered
                0x0000000008005e98       0x28 obj/Release/src/ignition/ignition_hw.o
                0x0000000008005e98                set_coil2_powered
 .text.set_coil2_unpowered
                0x0000000008005ec0       0x20 obj/Release/src/ignition/ignition_hw.o
                0x0000000008005ec0                set_coil2_unpowered
 .text.set_ignition_ch1
                0x0000000008005ee0       0x30 obj/Release/src/ignition/ignition_hw.o
                0x0000000008005ee0                set_ignition_ch1
 .text.set_ignition_ch2
                0x0000000008005f10       0x30 obj/Release/src/ignition/ignition_hw.o
                0x0000000008005f10                set_ignition_ch2
 .text.init_ignition_hw
                0x0000000008005f40       0x3c obj/Release/src/ignition/ignition_hw.o
                0x0000000008005f40                init_ignition_hw
 .text.init_Ignition
                0x0000000008005f7c       0x58 obj/Release/src/ignition/Tuareg_ignition.o
                0x0000000008005f7c                init_Ignition
 .text.Tuareg_ignition_update_crankpos_handler
                0x0000000008005fd4      0x154 obj/Release/src/ignition/Tuareg_ignition.o
                0x0000000008005fd4                Tuareg_ignition_update_crankpos_handler
 .text.default_ignition_controls
                0x0000000008006128       0x24 obj/Release/src/ignition/Tuareg_ignition_controls.o
                0x0000000008006128                default_ignition_controls
 .text.revlimiter_ignition_controls
                0x000000000800614c       0x1c obj/Release/src/ignition/Tuareg_ignition_controls.o
                0x000000000800614c                revlimiter_ignition_controls
 .text.cranking_ignition_controls
                0x0000000008006168       0x38 obj/Release/src/ignition/Tuareg_ignition_controls.o
                0x0000000008006168                cranking_ignition_controls
 .text.dynamic_ignition_controls
                0x00000000080061a0      0x188 obj/Release/src/ignition/Tuareg_ignition_controls.o
                0x00000000080061a0                dynamic_ignition_controls
 .text.Tuareg_update_ignition_controls
                0x0000000008006328       0xa8 obj/Release/src/ignition/Tuareg_ignition_controls.o
                0x0000000008006328                Tuareg_update_ignition_controls
 .text.startup.main
                0x00000000080063d0       0x78 obj/Release/src/main/main.o
                0x00000000080063d0                main
 .text.EXTI2_IRQHandler
                0x0000000008006448       0x5c obj/Release/src/main/main.o
                0x0000000008006448                EXTI2_IRQHandler
 .text.Tuareg_load_config
                0x00000000080064a4       0x4c obj/Release/src/main/Tuareg.o
                0x00000000080064a4                Tuareg_load_config
 .text.Tuareg_Init
                0x00000000080064f0       0xc0 obj/Release/src/main/Tuareg.o
                0x00000000080064f0                Tuareg_Init
 .text.Tuareg_update_run_inhibit
                0x00000000080065b0      0x140 obj/Release/src/main/Tuareg.o
                0x00000000080065b0                Tuareg_update_run_inhibit
 .text.Tuareg_update_limited_op
                0x00000000080066f0       0x38 obj/Release/src/main/Tuareg.o
                0x00000000080066f0                Tuareg_update_limited_op
 .text.Tuareg_update_rev_limiter
                0x0000000008006728       0x60 obj/Release/src/main/Tuareg.o
                0x0000000008006728                Tuareg_update_rev_limiter
 .text.Tuareg_update_standby
                0x0000000008006788       0xcc obj/Release/src/main/Tuareg.o
                0x0000000008006788                Tuareg_update_standby
 .text.Tuareg_update_fuel_pump_control
                0x0000000008006854       0x54 obj/Release/src/main/Tuareg.o
                0x0000000008006854                Tuareg_update_fuel_pump_control
 .text.Tuareg_deactivate_vital_actors
                0x00000000080068a8       0x50 obj/Release/src/main/Tuareg.o
                0x00000000080068a8                Tuareg_deactivate_vital_actors
 .text.Tuareg_update
                0x00000000080068f8       0x58 obj/Release/src/main/Tuareg.o
                0x00000000080068f8                Tuareg_update
 .text.Tuareg_update_trip
                0x0000000008006950       0x30 obj/Release/src/main/Tuareg.o
                0x0000000008006950                Tuareg_update_trip
 .text.Tuareg_update_consumption_data
                0x0000000008006980       0xa0 obj/Release/src/main/Tuareg.o
                0x0000000008006980                Tuareg_update_consumption_data
 .text.store_Tuareg_Setup
                0x0000000008006a20       0x10 obj/Release/src/main/Tuareg_config.o
                0x0000000008006a20                store_Tuareg_Setup
 .text.show_Tuareg_Setup
                0x0000000008006a30      0x1e0 obj/Release/src/main/Tuareg_config.o
                0x0000000008006a30                show_Tuareg_Setup
 .text.modify_Tuareg_Setup
                0x0000000008006c10       0x18 obj/Release/src/main/Tuareg_config.o
                0x0000000008006c10                modify_Tuareg_Setup
 .text.send_Tuareg_Setup
                0x0000000008006c28        0xc obj/Release/src/main/Tuareg_config.o
                0x0000000008006c28                send_Tuareg_Setup
 .text.load_TachTable
                0x0000000008006c34       0x10 obj/Release/src/main/Tuareg_config.o
                0x0000000008006c34                load_TachTable
 .text.load_Tuareg_Config
                0x0000000008006c44       0x38 obj/Release/src/main/Tuareg_config.o
                0x0000000008006c44                load_Tuareg_Config
 .text.store_TachTable
                0x0000000008006c7c       0x10 obj/Release/src/main/Tuareg_config.o
                0x0000000008006c7c                store_TachTable
 .text.show_TachTable
                0x0000000008006c8c       0x20 obj/Release/src/main/Tuareg_config.o
                0x0000000008006c8c                show_TachTable
 .text.modify_TachTable
                0x0000000008006cac       0x10 obj/Release/src/main/Tuareg_config.o
                0x0000000008006cac                modify_TachTable
 .text.send_TachTable
                0x0000000008006cbc        0xc obj/Release/src/main/Tuareg_config.o
                0x0000000008006cbc                send_TachTable
 .text.getValue_TachTable
                0x0000000008006cc8       0x18 obj/Release/src/main/Tuareg_config.o
                0x0000000008006cc8                getValue_TachTable
 .text.tuareg_diag_log_event
                0x0000000008006ce0       0x28 obj/Release/src/main/Tuareg_diag.o
                0x0000000008006ce0                tuareg_diag_log_event
 .text.print_tuareg_diag
                0x0000000008006d08       0x68 obj/Release/src/main/Tuareg_diag.o
                0x0000000008006d08                print_tuareg_diag
 .text.Fatal    0x0000000008006d70       0x68 obj/Release/src/main/Tuareg_errors.o
                0x0000000008006d70                Fatal
 .text.VitalAssert
                0x0000000008006dd8        0xe obj/Release/src/main/Tuareg_errors.o
                0x0000000008006dd8                VitalAssert
 *fill*         0x0000000008006de6        0x2 
 .text.Limp     0x0000000008006de8       0x44 obj/Release/src/main/Tuareg_errors.o
                0x0000000008006de8                Limp
 .text.print_Tuareg_ID_label
                0x0000000008006e2c       0x30 obj/Release/src/main/Tuareg_ID.o
                0x0000000008006e2c                print_Tuareg_ID_label
 .text.Tuareg_update_process_data
                0x0000000008006e5c      0x168 obj/Release/src/main/Tuareg_process_data.o
                0x0000000008006e5c                Tuareg_update_process_data
 .text.request_service_mode
                0x0000000008006fc4       0x28 obj/Release/src/main/Tuareg_service_functions.o
                0x0000000008006fc4                request_service_mode
 .text.activate_fuel_pump
                0x0000000008006fec       0x5c obj/Release/src/main/Tuareg_service_functions.o
                0x0000000008006fec                activate_fuel_pump
 .text.deactivate_fuel_pump
                0x0000000008007048       0x28 obj/Release/src/main/Tuareg_service_functions.o
                0x0000000008007048                deactivate_fuel_pump
 .text.fuel_pump_periodic_update
                0x0000000008007070       0x1c obj/Release/src/main/Tuareg_service_functions.o
                0x0000000008007070                fuel_pump_periodic_update
 .text.activate_injector1
                0x000000000800708c       0x6c obj/Release/src/main/Tuareg_service_functions.o
                0x000000000800708c                activate_injector1
 .text.deactivate_injector1
                0x00000000080070f8       0x2c obj/Release/src/main/Tuareg_service_functions.o
                0x00000000080070f8                deactivate_injector1
 .text.injector1_periodic_update
                0x0000000008007124       0x54 obj/Release/src/main/Tuareg_service_functions.o
                0x0000000008007124                injector1_periodic_update
 .text.activate_injector2
                0x0000000008007178       0x6c obj/Release/src/main/Tuareg_service_functions.o
                0x0000000008007178                activate_injector2
 .text.deactivate_injector2
                0x00000000080071e4       0x2c obj/Release/src/main/Tuareg_service_functions.o
                0x00000000080071e4                deactivate_injector2
 .text.injector2_periodic_update
                0x0000000008007210       0x54 obj/Release/src/main/Tuareg_service_functions.o
                0x0000000008007210                injector2_periodic_update
 .text.activate_coil1
                0x0000000008007264       0x8c obj/Release/src/main/Tuareg_service_functions.o
                0x0000000008007264                activate_coil1
 .text.deactivate_coil1
                0x00000000080072f0       0x2c obj/Release/src/main/Tuareg_service_functions.o
                0x00000000080072f0                deactivate_coil1
 .text.coil1_periodic_update
                0x000000000800731c       0x54 obj/Release/src/main/Tuareg_service_functions.o
                0x000000000800731c                coil1_periodic_update
 .text.activate_coil2
                0x0000000008007370       0x8c obj/Release/src/main/Tuareg_service_functions.o
                0x0000000008007370                activate_coil2
 .text.deactivate_coil2
                0x00000000080073fc       0x2c obj/Release/src/main/Tuareg_service_functions.o
                0x00000000080073fc                deactivate_coil2
 .text.coil2_periodic_update
                0x0000000008007428       0x54 obj/Release/src/main/Tuareg_service_functions.o
                0x0000000008007428                coil2_periodic_update
 .text.service_functions_periodic_update
                0x000000000800747c       0x40 obj/Release/src/main/Tuareg_service_functions.o
                0x000000000800747c                service_functions_periodic_update
 .text.activate_tachometer
                0x00000000080074bc       0x38 obj/Release/src/main/Tuareg_service_functions.o
                0x00000000080074bc                activate_tachometer
 .text.deactivate_tachometer
                0x00000000080074f4       0x14 obj/Release/src/main/Tuareg_service_functions.o
                0x00000000080074f4                deactivate_tachometer
 .text.request_service_activation
                0x0000000008007508       0xb0 obj/Release/src/main/Tuareg_service_functions.o
                0x0000000008007508                request_service_activation
 .text.update_process_table
                0x00000000080075b8       0xc0 obj/Release/src/process_table/process_table.o
                0x00000000080075b8                update_process_table
 .text.get_position_from_index
                0x0000000008007678       0x5c obj/Release/src/process_table/process_table.o
                0x0000000008007678                get_position_from_index
 .text.get_index_from_position
                0x00000000080076d4       0x38 obj/Release/src/process_table/process_table.o
                0x00000000080076d4                get_index_from_position
 .text.find_process_position_before
                0x000000000800770c       0x4c obj/Release/src/process_table/process_table.o
                0x000000000800770c                find_process_position_before
 .text.get_process_advance
                0x0000000008007758       0x34 obj/Release/src/process_table/process_table.o
                0x0000000008007758                get_process_advance
 .text.print_process_table
                0x000000000800778c       0x9c obj/Release/src/process_table/process_table.o
                0x000000000800778c                print_process_table
 .text.sensors_start_regular_group_conversion
                0x0000000008007828        0xc obj/Release/src/sensors/analog_sensors.o
                0x0000000008007828                sensors_start_regular_group_conversion
 .text.sensors_start_injected_group_conversion
                0x0000000008007834        0xc obj/Release/src/sensors/analog_sensors.o
                0x0000000008007834                sensors_start_injected_group_conversion
 .text.init_analog_sensors
                0x0000000008007840      0x2d8 obj/Release/src/sensors/analog_sensors.o
                0x0000000008007840                init_analog_sensors
 .text.update_analog_sensor
                0x0000000008007b18       0xdc obj/Release/src/sensors/analog_sensors.o
                0x0000000008007b18                update_analog_sensor
 .text.ADC_IRQHandler
                0x0000000008007bf4       0x6c obj/Release/src/sensors/analog_sensors.o
                0x0000000008007bf4                ADC_IRQHandler
 .text.DMA2_Stream0_IRQHandler
                0x0000000008007c60       0x9c obj/Release/src/sensors/analog_sensors.o
                0x0000000008007c60                DMA2_Stream0_IRQHandler
 .text.reset_dsensor_integrator
                0x0000000008007cfc       0x2c obj/Release/src/sensors/digital_sensors.o
                0x0000000008007cfc                reset_dsensor_integrator
 .text.init_digital_sensors
                0x0000000008007d28       0x88 obj/Release/src/sensors/digital_sensors.o
                0x0000000008007d28                init_digital_sensors
 .text.read_dsensors
                0x0000000008007db0       0x64 obj/Release/src/sensors/digital_sensors.o
                0x0000000008007db0                read_dsensors
 .text.update_digital_sensors
                0x0000000008007e14       0x6c obj/Release/src/sensors/digital_sensors.o
                0x0000000008007e14                update_digital_sensors
 .text.load_Sensor_Calibration
                0x0000000008007e80       0x2c obj/Release/src/sensors/sensor_calibration.o
                0x0000000008007e80                load_Sensor_Calibration
 .text.store_Sensor_Calibration
                0x0000000008007eac       0x10 obj/Release/src/sensors/sensor_calibration.o
                0x0000000008007eac                store_Sensor_Calibration
 .text.show_Sensor_Calibration
                0x0000000008007ebc       0x30 obj/Release/src/sensors/sensor_calibration.o
                0x0000000008007ebc                show_Sensor_Calibration
 .text.modify_Sensor_Calibration
                0x0000000008007eec       0x18 obj/Release/src/sensors/sensor_calibration.o
                0x0000000008007eec                modify_Sensor_Calibration
 .text.send_Sensor_Calibration
                0x0000000008007f04        0xc obj/Release/src/sensors/sensor_calibration.o
                0x0000000008007f04                send_Sensor_Calibration
 .text.store_InvTableCLT
                0x0000000008007f10       0x10 obj/Release/src/sensors/sensor_calibration.o
                0x0000000008007f10                store_InvTableCLT
 .text.show_InvTableCLT
                0x0000000008007f20       0x20 obj/Release/src/sensors/sensor_calibration.o
                0x0000000008007f20                show_InvTableCLT
 .text.modify_InvTableCLT
                0x0000000008007f40       0x10 obj/Release/src/sensors/sensor_calibration.o
                0x0000000008007f40                modify_InvTableCLT
 .text.send_InvTableCLT
                0x0000000008007f50        0xc obj/Release/src/sensors/sensor_calibration.o
                0x0000000008007f50                send_InvTableCLT
 .text.getValue_InvTableCLT
                0x0000000008007f5c       0x14 obj/Release/src/sensors/sensor_calibration.o
                0x0000000008007f5c                getValue_InvTableCLT
 .text.sensors_diag_log_event
                0x0000000008007f70       0x28 obj/Release/src/sensors/sensors_diag.o
                0x0000000008007f70                sensors_diag_log_event
 .text.print_sensors_diag
                0x0000000008007f98       0x68 obj/Release/src/sensors/sensors_diag.o
                0x0000000008007f98                print_sensors_diag
 .text.Tuareg_update_MAP_sensor
                0x0000000008008000       0x5c obj/Release/src/sensors/Tuareg_sensors.o
                0x0000000008008000                Tuareg_update_MAP_sensor
 .text.Tuareg_update_O2_sensor
                0x000000000800805c       0x54 obj/Release/src/sensors/Tuareg_sensors.o
                0x000000000800805c                Tuareg_update_O2_sensor
 .text.Tuareg_update_TPS_sensor
                0x00000000080080b0       0x54 obj/Release/src/sensors/Tuareg_sensors.o
                0x00000000080080b0                Tuareg_update_TPS_sensor
 .text.Tuareg_update_IAT_sensor
                0x0000000008008104       0x64 obj/Release/src/sensors/Tuareg_sensors.o
                0x0000000008008104                Tuareg_update_IAT_sensor
 .text.Tuareg_update_CLT_sensor
                0x0000000008008168       0x68 obj/Release/src/sensors/Tuareg_sensors.o
                0x0000000008008168                Tuareg_update_CLT_sensor
 .text.Tuareg_update_VBAT_sensor
                0x00000000080081d0       0x58 obj/Release/src/sensors/Tuareg_sensors.o
                0x00000000080081d0                Tuareg_update_VBAT_sensor
 .text.Tuareg_update_KNOCK_sensor
                0x0000000008008228       0x58 obj/Release/src/sensors/Tuareg_sensors.o
                0x0000000008008228                Tuareg_update_KNOCK_sensor
 .text.Tuareg_update_BARO_sensor
                0x0000000008008280       0x5c obj/Release/src/sensors/Tuareg_sensors.o
                0x0000000008008280                Tuareg_update_BARO_sensor
 .text.Tuareg_update_GEAR_sensor
                0x00000000080082dc       0x74 obj/Release/src/sensors/Tuareg_sensors.o
                0x00000000080082dc                Tuareg_update_GEAR_sensor
 .text.init_Sensors
                0x0000000008008350       0xf0 obj/Release/src/sensors/Tuareg_sensors.o
                0x0000000008008350                init_Sensors
 .text.adc_set_regular_group
                0x0000000008008440       0x6e obj/Release/src/stm32_libs/stm32f4xx/boctok/stm32f4xx_adc_boctok.o
                0x0000000008008440                adc_set_regular_group
 .text.adc_set_regular_group_length
                0x00000000080084ae       0x18 obj/Release/src/stm32_libs/stm32f4xx/boctok/stm32f4xx_adc_boctok.o
                0x00000000080084ae                adc_set_regular_group_length
 .text.adc_set_sample_time
                0x00000000080084c6       0x3c obj/Release/src/stm32_libs/stm32f4xx/boctok/stm32f4xx_adc_boctok.o
                0x00000000080084c6                adc_set_sample_time
 .text.adc_start_regular_group
                0x0000000008008502        0xa obj/Release/src/stm32_libs/stm32f4xx/boctok/stm32f4xx_adc_boctok.o
                0x0000000008008502                adc_start_regular_group
 .text.adc_start_injected_group
                0x000000000800850c        0xa obj/Release/src/stm32_libs/stm32f4xx/boctok/stm32f4xx_adc_boctok.o
                0x000000000800850c                adc_start_injected_group
 *fill*         0x0000000008008516        0x2 
 .text.getScbDump
                0x0000000008008518       0x24 obj/Release/src/stm32_libs/stm32f4xx/boctok/stm32f4xx_fault_handler_boctok.o
                0x0000000008008518                getScbDump
 .text.getStackRegisters
                0x000000000800853c       0x30 obj/Release/src/stm32_libs/stm32f4xx/boctok/stm32f4xx_fault_handler_boctok.o
                0x000000000800853c                getStackRegisters
 .text.HardFault_Handler
                0x000000000800856c       0x28 obj/Release/src/stm32_libs/stm32f4xx/boctok/stm32f4xx_fault_handler_boctok.o
                0x000000000800856c                HardFault_Handler
 .text.NMI_Handler
                0x0000000008008594       0x28 obj/Release/src/stm32_libs/stm32f4xx/boctok/stm32f4xx_fault_handler_boctok.o
                0x0000000008008594                NMI_Handler
 .text.MemManage_Handler
                0x00000000080085bc       0x28 obj/Release/src/stm32_libs/stm32f4xx/boctok/stm32f4xx_fault_handler_boctok.o
                0x00000000080085bc                MemManage_Handler
 .text.BusFault_Handler
                0x00000000080085e4       0x28 obj/Release/src/stm32_libs/stm32f4xx/boctok/stm32f4xx_fault_handler_boctok.o
                0x00000000080085e4                BusFault_Handler
 .text.UsageFault_Handler
                0x000000000800860c       0x28 obj/Release/src/stm32_libs/stm32f4xx/boctok/stm32f4xx_fault_handler_boctok.o
                0x000000000800860c                UsageFault_Handler
 .text.SVC_Handler
                0x0000000008008634       0x28 obj/Release/src/stm32_libs/stm32f4xx/boctok/stm32f4xx_fault_handler_boctok.o
                0x0000000008008634                SVC_Handler
 .text.DebugMon_Handler
                0x000000000800865c       0x28 obj/Release/src/stm32_libs/stm32f4xx/boctok/stm32f4xx_fault_handler_boctok.o
                0x000000000800865c                DebugMon_Handler
 .text.PendSV_Handler
                0x0000000008008684       0x28 obj/Release/src/stm32_libs/stm32f4xx/boctok/stm32f4xx_fault_handler_boctok.o
                0x0000000008008684                PendSV_Handler
 .text.WWDG_IRQHandler
                0x00000000080086ac       0x28 obj/Release/src/stm32_libs/stm32f4xx/boctok/stm32f4xx_fault_handler_boctok.o
                0x00000000080086ac                WWDG_IRQHandler
 .text.FPU_IRQHandler
                0x00000000080086d4       0x28 obj/Release/src/stm32_libs/stm32f4xx/boctok/stm32f4xx_fault_handler_boctok.o
                0x00000000080086d4                FPU_IRQHandler
 .text.GPIO_configure
                0x00000000080086fc       0x6c obj/Release/src/stm32_libs/stm32f4xx/boctok/stm32f4xx_gpio_boctok.o
                0x00000000080086fc                GPIO_configure
 .text.SYSCFG_map_EXTI
                0x0000000008008768       0x98 obj/Release/src/stm32_libs/stm32f4xx/boctok/stm32f4xx_gpio_boctok.o
                0x0000000008008768                SYSCFG_map_EXTI
 .text.gpio_set_pin
                0x0000000008008800       0x36 obj/Release/src/stm32_libs/stm32f4xx/boctok/stm32f4xx_gpio_boctok.o
                0x0000000008008800                gpio_set_pin
 .text.GPIO_SetAF
                0x0000000008008836       0x44 obj/Release/src/stm32_libs/stm32f4xx/boctok/stm32f4xx_gpio_boctok.o
                0x0000000008008836                GPIO_SetAF
 *fill*         0x000000000800887a        0x2 
 .text.Reset_Handler
                0x000000000800887c       0x50 obj/Release/src/stm32_libs/stm32f4xx/cmsis/startup_stm32f410xx.o
                0x000000000800887c                Reset_Handler
 .text.Default_Handler
                0x00000000080088cc        0x2 obj/Release/src/stm32_libs/stm32f4xx/cmsis/startup_stm32f410xx.o
                0x00000000080088cc                RTC_Alarm_IRQHandler
                0x00000000080088cc                FMPI2C1_EV_IRQHandler
                0x00000000080088cc                TIM1_CC_IRQHandler
                0x00000000080088cc                DMA2_Stream5_IRQHandler
                0x00000000080088cc                DMA1_Stream5_IRQHandler
                0x00000000080088cc                PVD_IRQHandler
                0x00000000080088cc                TAMP_STAMP_IRQHandler
                0x00000000080088cc                EXTI3_IRQHandler
                0x00000000080088cc                I2C2_EV_IRQHandler
                0x00000000080088cc                DMA1_Stream2_IRQHandler
                0x00000000080088cc                DMA2_Stream2_IRQHandler
                0x00000000080088cc                SPI1_IRQHandler
                0x00000000080088cc                TIM6_DAC_IRQHandler
                0x00000000080088cc                DMA2_Stream3_IRQHandler
                0x00000000080088cc                USART6_IRQHandler
                0x00000000080088cc                I2C1_EV_IRQHandler
                0x00000000080088cc                DMA1_Stream6_IRQHandler
                0x00000000080088cc                DMA1_Stream1_IRQHandler
                0x00000000080088cc                RCC_IRQHandler
                0x00000000080088cc                Default_Handler
                0x00000000080088cc                EXTI15_10_IRQHandler
                0x00000000080088cc                DMA1_Stream7_IRQHandler
                0x00000000080088cc                SPI5_IRQHandler
                0x00000000080088cc                DMA2_Stream7_IRQHandler
                0x00000000080088cc                EXTI9_5_IRQHandler
                0x00000000080088cc                RTC_WKUP_IRQHandler
                0x00000000080088cc                SPI2_IRQHandler
                0x00000000080088cc                DMA1_Stream0_IRQHandler
                0x00000000080088cc                FMPI2C1_ER_IRQHandler
                0x00000000080088cc                EXTI4_IRQHandler
                0x00000000080088cc                RNG_IRQHandler
                0x00000000080088cc                TIM1_UP_IRQHandler
                0x00000000080088cc                TIM1_TRG_COM_TIM11_IRQHandler
                0x00000000080088cc                USART2_IRQHandler
                0x00000000080088cc                I2C2_ER_IRQHandler
                0x00000000080088cc                DMA2_Stream1_IRQHandler
                0x00000000080088cc                FLASH_IRQHandler
                0x00000000080088cc                DMA2_Stream4_IRQHandler
                0x00000000080088cc                DMA1_Stream4_IRQHandler
                0x00000000080088cc                I2C1_ER_IRQHandler
                0x00000000080088cc                LPTIM1_IRQHandler
                0x00000000080088cc                DMA2_Stream6_IRQHandler
                0x00000000080088cc                DMA1_Stream3_IRQHandler
 .text._init    0x00000000080088ce        0x2 obj/Release/src/stm32_libs/stm32f4xx/cmsis/system_hse100_stm32f410.o
                0x00000000080088ce                _init
 .text.SystemInit
                0x00000000080088d0       0xf0 obj/Release/src/stm32_libs/stm32f4xx/cmsis/system_hse100_stm32f410.o
                0x00000000080088d0                SystemInit
 .text.NVIC_PriorityGroupConfig
                0x00000000080089c0       0x14 obj/Release/src/stm32_libs/stm32f4xx/spl/misc.o
                0x00000000080089c0                NVIC_PriorityGroupConfig
 .text.DMA_Init
                0x00000000080089d4       0x54 obj/Release/src/stm32_libs/stm32f4xx/spl/stm32f4xx_dma.o
                0x00000000080089d4                DMA_Init
 .text.DMA_StructInit
                0x0000000008008a28       0x22 obj/Release/src/stm32_libs/stm32f4xx/spl/stm32f4xx_dma.o
                0x0000000008008a28                DMA_StructInit
 *fill*         0x0000000008008a4a        0x2 
 .text.I2C_Init
                0x0000000008008a4c       0xc8 obj/Release/src/stm32_libs/stm32f4xx/spl/stm32f4xx_i2c.o
                0x0000000008008a4c                I2C_Init
 .text.I2C_Cmd  0x0000000008008b14       0x16 obj/Release/src/stm32_libs/stm32f4xx/spl/stm32f4xx_i2c.o
                0x0000000008008b14                I2C_Cmd
 .text.I2C_GenerateSTART
                0x0000000008008b2a       0x16 obj/Release/src/stm32_libs/stm32f4xx/spl/stm32f4xx_i2c.o
                0x0000000008008b2a                I2C_GenerateSTART
 .text.I2C_GenerateSTOP
                0x0000000008008b40       0x16 obj/Release/src/stm32_libs/stm32f4xx/spl/stm32f4xx_i2c.o
                0x0000000008008b40                I2C_GenerateSTOP
 .text.I2C_Send7bitAddress
                0x0000000008008b56       0x12 obj/Release/src/stm32_libs/stm32f4xx/spl/stm32f4xx_i2c.o
                0x0000000008008b56                I2C_Send7bitAddress
 .text.I2C_AcknowledgeConfig
                0x0000000008008b68       0x16 obj/Release/src/stm32_libs/stm32f4xx/spl/stm32f4xx_i2c.o
                0x0000000008008b68                I2C_AcknowledgeConfig
 .text.I2C_SendData
                0x0000000008008b7e        0x4 obj/Release/src/stm32_libs/stm32f4xx/spl/stm32f4xx_i2c.o
                0x0000000008008b7e                I2C_SendData
 .text.I2C_ReceiveData
                0x0000000008008b82        0x6 obj/Release/src/stm32_libs/stm32f4xx/spl/stm32f4xx_i2c.o
                0x0000000008008b82                I2C_ReceiveData
 .text.I2C_CheckEvent
                0x0000000008008b88       0x16 obj/Release/src/stm32_libs/stm32f4xx/spl/stm32f4xx_i2c.o
                0x0000000008008b88                I2C_CheckEvent
 .text.I2C_GetFlagStatus
                0x0000000008008b9e       0x34 obj/Release/src/stm32_libs/stm32f4xx/spl/stm32f4xx_i2c.o
                0x0000000008008b9e                I2C_GetFlagStatus
 .text.I2C_ClearFlag
                0x0000000008008bd2        0x8 obj/Release/src/stm32_libs/stm32f4xx/spl/stm32f4xx_i2c.o
                0x0000000008008bd2                I2C_ClearFlag
 *fill*         0x0000000008008bda        0x2 
 .text.RCC_GetClocksFreq
                0x0000000008008bdc       0x88 obj/Release/src/stm32_libs/stm32f4xx/spl/stm32f4xx_rcc.o
                0x0000000008008bdc                RCC_GetClocksFreq
 .text.USART_Init
                0x0000000008008c64       0xb0 obj/Release/src/stm32_libs/stm32f4xx/spl/stm32f4xx_usart.o
                0x0000000008008c64                USART_Init
 .text.USART_Cmd
                0x0000000008008d14       0x16 obj/Release/src/stm32_libs/stm32f4xx/spl/stm32f4xx_usart.o
                0x0000000008008d14                USART_Cmd
 .text.USART_ReceiveData
                0x0000000008008d2a        0x8 obj/Release/src/stm32_libs/stm32f4xx/spl/stm32f4xx_usart.o
                0x0000000008008d2a                USART_ReceiveData
 .text.USART_ITConfig
                0x0000000008008d32       0x32 obj/Release/src/stm32_libs/stm32f4xx/spl/stm32f4xx_usart.o
                0x0000000008008d32                USART_ITConfig
 .text.Eeprom_init
                0x0000000008008d64       0xa0 obj/Release/src/storage/eeprom.o
                0x0000000008008d64                Eeprom_init
 .text.eeprom_wait
                0x0000000008008e04       0xb0 obj/Release/src/storage/eeprom.o
                0x0000000008008e04                eeprom_wait
 .text.eeprom_write_byte
                0x0000000008008eb4      0x104 obj/Release/src/storage/eeprom.o
                0x0000000008008eb4                eeprom_write_byte
 .text.eeprom_read_byte
                0x0000000008008fb8      0x188 obj/Release/src/storage/eeprom.o
                0x0000000008008fb8                eeprom_read_byte
 .text.eeprom_update_byte
                0x0000000008009140       0x58 obj/Release/src/storage/eeprom.o
                0x0000000008009140                eeprom_update_byte
 .text.Eeprom_load_data
                0x0000000008009198       0x40 obj/Release/src/storage/eeprom.o
                0x0000000008009198                Eeprom_load_data
 .text.Eeprom_update_data
                0x00000000080091d8       0x38 obj/Release/src/storage/eeprom.o
                0x00000000080091d8                Eeprom_update_data
 .text.getValue_t2D
                0x0000000008009210       0xbc obj/Release/src/storage/table.o
                0x0000000008009210                getValue_t2D
 .text.getValue_t3D
                0x00000000080092cc      0x304 obj/Release/src/storage/table.o
                0x00000000080092cc                getValue_t3D
 .text.load_t2D_data
                0x00000000080095d0        0xc obj/Release/src/storage/table.o
                0x00000000080095d0                load_t2D_data
 .text.load_t2D
                0x00000000080095dc        0xe obj/Release/src/storage/table.o
                0x00000000080095dc                load_t2D
 .text.load_t3D_data
                0x00000000080095ea        0xe obj/Release/src/storage/table.o
                0x00000000080095ea                load_t3D_data
 .text.store_t2D_data
                0x00000000080095f8        0xc obj/Release/src/storage/table.o
                0x00000000080095f8                store_t2D_data
 .text.store_t2D
                0x0000000008009604        0xe obj/Release/src/storage/table.o
                0x0000000008009604                store_t2D
 .text.store_t3D_data
                0x0000000008009612        0xe obj/Release/src/storage/table.o
                0x0000000008009612                store_t3D_data
 .text.show_t3D_data
                0x0000000008009620       0xa4 obj/Release/src/storage/table.o
                0x0000000008009620                show_t3D_data
 .text.show_t2D_data
                0x00000000080096c4       0x64 obj/Release/src/storage/table.o
                0x00000000080096c4                show_t2D_data
 .text.modify_t2D_data
                0x0000000008009728        0xe obj/Release/src/storage/table.o
                0x0000000008009728                modify_t2D_data
 .text.modify_t3D_data
                0x0000000008009736       0x10 obj/Release/src/storage/table.o
                0x0000000008009736                modify_t3D_data
 .text.send_t2D_data
                0x0000000008009746        0x6 obj/Release/src/storage/table.o
                0x0000000008009746                send_t2D_data
 .text.send_t3D_data
                0x000000000800974c        0x8 obj/Release/src/storage/table.o
                0x000000000800974c                send_t3D_data
 .text.allocate_timer_channel_1
                0x0000000008009754       0x3c obj/Release/src/timing/scheduler.o
                0x0000000008009754                allocate_timer_channel_1
 .text.reset_timer_channel_1
                0x0000000008009790       0x30 obj/Release/src/timing/scheduler.o
                0x0000000008009790                reset_timer_channel_1
 .text.allocate_timer_channel_2
                0x00000000080097c0       0x3c obj/Release/src/timing/scheduler.o
                0x00000000080097c0                allocate_timer_channel_2
 .text.reset_timer_channel_2
                0x00000000080097fc       0x30 obj/Release/src/timing/scheduler.o
                0x00000000080097fc                reset_timer_channel_2
 .text.allocate_timer_channel_3
                0x000000000800982c       0x3c obj/Release/src/timing/scheduler.o
                0x000000000800982c                allocate_timer_channel_3
 .text.reset_timer_channel_3
                0x0000000008009868       0x30 obj/Release/src/timing/scheduler.o
                0x0000000008009868                reset_timer_channel_3
 .text.allocate_timer_channel_4
                0x0000000008009898       0x3c obj/Release/src/timing/scheduler.o
                0x0000000008009898                allocate_timer_channel_4
 .text.reset_timer_channel_4
                0x00000000080098d4       0x30 obj/Release/src/timing/scheduler.o
                0x00000000080098d4                reset_timer_channel_4
 .text.init_Vital_Scheduler
                0x0000000008009904       0xd0 obj/Release/src/timing/scheduler.o
                0x0000000008009904                init_Vital_Scheduler
 .text.scheduler_reset_channel
                0x00000000080099d4       0x5c obj/Release/src/timing/scheduler.o
                0x00000000080099d4                scheduler_reset_channel
 .text.allocate_channel
                0x0000000008009a30       0x8c obj/Release/src/timing/scheduler.o
                0x0000000008009a30                allocate_channel
 .text.scheduler_set_channel
                0x0000000008009abc      0x108 obj/Release/src/timing/scheduler.o
                0x0000000008009abc                scheduler_set_channel
 .text.TIM5_IRQHandler
                0x0000000008009bc4      0x128 obj/Release/src/timing/scheduler.o
                0x0000000008009bc4                TIM5_IRQHandler
 .text.scheduler_diag_log_event
                0x0000000008009cec       0x28 obj/Release/src/timing/scheduler_diag.o
                0x0000000008009cec                scheduler_diag_log_event
 .text.print_scheduler_diag
                0x0000000008009d14       0x68 obj/Release/src/timing/scheduler_diag.o
                0x0000000008009d14                print_scheduler_diag
 .text.init_systick_timer
                0x0000000008009d7c       0x24 obj/Release/src/timing/systick_timer.o
                0x0000000008009d7c                init_systick_timer
 .text.get_timestamp_fraction_us
                0x0000000008009da0       0x24 obj/Release/src/timing/systick_timer.o
                0x0000000008009da0                get_timestamp_fraction_us
 .text.SysTick_Handler
                0x0000000008009dc4       0xf4 obj/Release/src/timing/systick_timer.o
                0x0000000008009dc4                SysTick_Handler
 .text.calc_rot_duration_us
                0x0000000008009eb8        0xc obj/Release/src/utils/base_calc.o
                0x0000000008009eb8                calc_rot_duration_us
 .text.calc_rot_angle_deg
                0x0000000008009ec4       0x20 obj/Release/src/utils/base_calc.o
                0x0000000008009ec4                calc_rot_angle_deg
 .text.calc_rpm
                0x0000000008009ee4       0x20 obj/Release/src/utils/base_calc.o
                0x0000000008009ee4                calc_rpm
 .text.sub_VU32
                0x0000000008009f04       0x14 obj/Release/src/utils/base_calc.o
                0x0000000008009f04                sub_VU32
 .text.subtract_U32
                0x0000000008009f18        0xa obj/Release/src/utils/base_calc.o
                0x0000000008009f18                subtract_U32
 .text.divide_U32
                0x0000000008009f22       0x18 obj/Release/src/utils/base_calc.o
                0x0000000008009f22                divide_U32
 *fill*         0x0000000008009f3a        0x2 
 .text.divide_F32
                0x0000000008009f3c       0x2c obj/Release/src/utils/base_calc.o
                0x0000000008009f3c                divide_F32
 .text.divide_float
                0x0000000008009f68       0x28 obj/Release/src/utils/base_calc.o
                0x0000000008009f68                divide_float
 .text.crank_position_after
                0x0000000008009f90       0x14 obj/Release/src/utils/base_calc.o
                0x0000000008009f90                crank_position_after
 .text.opposite_phase
                0x0000000008009fa4       0x10 obj/Release/src/utils/base_calc.o
                0x0000000008009fa4                opposite_phase
 .text.solve_linear