Archive member included to satisfy reference by file (symbol)

/opt/gcc-arm-none-eabi-7-2017-q4-major/bin/../lib/gcc/arm-none-eabi/7.2.1/../../../../arm-none-eabi/lib/thumb/v7e-m/fpv4-sp/hard/libc.a(lib_a-init.o)
                              obj/Release/src/stm32_libs/stm32f4xx/cmsis/startup_stm32f410xx.o (__libc_init_array)

Discarded input sections

 .text          0x0000000000000000        0x0 obj/Release/src/actors/act_hw.o
 .data          0x0000000000000000        0x0 obj/Release/src/actors/act_hw.o
 .bss           0x0000000000000000        0x0 obj/Release/src/actors/act_hw.o
 .text.set_act1
                0x0000000000000000       0x20 obj/Release/src/actors/act_hw.o
 .text.set_act2
                0x0000000000000000       0x20 obj/Release/src/actors/act_hw.o
 .text.init_act_hw
                0x0000000000000000       0x4c obj/Release/src/actors/act_hw.o
 .comment       0x0000000000000000       0x7f obj/Release/src/actors/act_hw.o
 .ARM.attributes
                0x0000000000000000       0x39 obj/Release/src/actors/act_hw.o
 .text          0x0000000000000000        0x0 obj/Release/src/actors/act_logic.o
 .data          0x0000000000000000        0x0 obj/Release/src/actors/act_logic.o
 .bss           0x0000000000000000        0x0 obj/Release/src/actors/act_logic.o
 .text.init_act_logic
                0x0000000000000000        0x2 obj/Release/src/actors/act_logic.o
 .comment       0x0000000000000000       0x7f obj/Release/src/actors/act_logic.o
 .ARM.attributes
                0x0000000000000000       0x39 obj/Release/src/actors/act_logic.o
 .text          0x0000000000000000        0x0 obj/Release/src/com/serial_buffer.o
 .data          0x0000000000000000        0x0 obj/Release/src/com/serial_buffer.o
 .bss           0x0000000000000000        0x0 obj/Release/src/com/serial_buffer.o
 .text          0x0000000000000000        0x0 obj/Release/src/com/serial_monitor.o
 .data          0x0000000000000000        0x0 obj/Release/src/com/serial_monitor.o
 .bss           0x0000000000000000        0x0 obj/Release/src/com/serial_monitor.o
 .comment       0x0000000000000000       0x7f obj/Release/src/com/serial_monitor.o
 .ARM.attributes
                0x0000000000000000       0x39 obj/Release/src/com/serial_monitor.o
 .text          0x0000000000000000        0x0 obj/Release/src/com/Tuareg_console.o
 .data          0x0000000000000000        0x0 obj/Release/src/com/Tuareg_console.o
 .bss           0x0000000000000000        0x0 obj/Release/src/com/Tuareg_console.o
 .rodata.cTSmaxChunkLen
                0x0000000000000000        0x4 obj/Release/src/com/Tuareg_console.o
 .rodata.cTSmaxOffset
                0x0000000000000000        0x4 obj/Release/src/com/Tuareg_console.o
 .text          0x0000000000000000        0x0 obj/Release/src/com/TunerStudio.o
 .data          0x0000000000000000        0x0 obj/Release/src/com/TunerStudio.o
 .bss           0x0000000000000000        0x0 obj/Release/src/com/TunerStudio.o
 .text          0x0000000000000000        0x0 obj/Release/src/com/TunerStudio_outChannel.o
 .data          0x0000000000000000        0x0 obj/Release/src/com/TunerStudio_outChannel.o
 .bss           0x0000000000000000        0x0 obj/Release/src/com/TunerStudio_outChannel.o
 .rodata.cOut_size
                0x0000000000000000        0x4 obj/Release/src/com/TunerStudio_outChannel.o
 .rodata.pOut_data
                0x0000000000000000        0x4 obj/Release/src/com/TunerStudio_outChannel.o
 .text          0x0000000000000000        0x0 obj/Release/src/com/TunerStudio_service.o
 .data          0x0000000000000000        0x0 obj/Release/src/com/TunerStudio_service.o
 .bss           0x0000000000000000        0x0 obj/Release/src/com/TunerStudio_service.o
 .text          0x0000000000000000        0x0 obj/Release/src/com/uart.o
 .data          0x0000000000000000        0x0 obj/Release/src/com/uart.o
 .bss           0x0000000000000000        0x0 obj/Release/src/com/uart.o
 .text.UART_listen
                0x0000000000000000        0xa obj/Release/src/com/uart.o
 .text.UART_nolisten
                0x0000000000000000        0xa obj/Release/src/com/uart.o
 .text          0x0000000000000000        0x0 obj/Release/src/com/uart_printf.o
 .data          0x0000000000000000        0x0 obj/Release/src/com/uart_printf.o
 .bss           0x0000000000000000        0x0 obj/Release/src/com/uart_printf.o
 .text.printf_S
                0x0000000000000000       0x20 obj/Release/src/com/uart_printf.o
 .text.printf_U8
                0x0000000000000000       0x42 obj/Release/src/com/uart_printf.o
 .text.printf_U32hex
                0x0000000000000000       0x30 obj/Release/src/com/uart_printf.o
 .text          0x0000000000000000        0x0 obj/Release/src/dash/dash_hw.o
 .data          0x0000000000000000        0x0 obj/Release/src/dash/dash_hw.o
 .bss           0x0000000000000000        0x0 obj/Release/src/dash/dash_hw.o
 .text          0x0000000000000000        0x0 obj/Release/src/dash/Tuareg_dash.o
[...]
Memory Configuration

Name             Origin             Length             Attributes
FLASH            0x0000000008000000 0x0000000000020000 xr
RAM              0x0000000020000000 0x0000000000008000 xrw
MEMORY_B1        0x0000000060000000 0x0000000000000000 xr
*default*        0x0000000000000000 0xffffffffffffffff

Linker script and memory map

LOAD obj/Release/src/actors/act_hw.o
LOAD obj/Release/src/actors/act_logic.o
LOAD obj/Release/src/com/serial_buffer.o
LOAD obj/Release/src/com/serial_monitor.o
LOAD obj/Release/src/com/Tuareg_console.o
LOAD obj/Release/src/com/TunerStudio.o
LOAD obj/Release/src/com/TunerStudio_outChannel.o
LOAD obj/Release/src/com/TunerStudio_service.o
LOAD obj/Release/src/com/uart.o
LOAD obj/Release/src/com/uart_printf.o
LOAD obj/Release/src/dash/dash_hw.o
LOAD obj/Release/src/dash/Tuareg_dash.o
LOAD obj/Release/src/debug/debug.o
LOAD obj/Release/src/debug/debug_port_messages.o
LOAD obj/Release/src/debug/dwt.o
LOAD obj/Release/src/decoder/decoder_cis.o
LOAD obj/Release/src/decoder/decoder_config.o
LOAD obj/Release/src/decoder/decoder_debug.o
LOAD obj/Release/src/decoder/decoder_diag.o
LOAD obj/Release/src/decoder/decoder_hw.o
LOAD obj/Release/src/decoder/decoder_logic.o
LOAD obj/Release/src/decoder/Tuareg_decoder.o
LOAD obj/Release/src/diagnostics/diagnostics.o
LOAD obj/Release/src/diagnostics/fault_log.o
LOAD obj/Release/src/diagnostics/highspeed_loggers.o
LOAD obj/Release/src/diagnostics/syslog.o
LOAD obj/Release/src/fueling/accel_comp.o
LOAD obj/Release/src/fueling/fueling_config.o
LOAD obj/Release/src/fueling/fueling_corrections.o
LOAD obj/Release/src/fueling/fueling_diag.o
LOAD obj/Release/src/fueling/fueling_hw.o
LOAD obj/Release/src/fueling/injector_parameters.o
LOAD obj/Release/src/fueling/Tuareg_fueling.o
LOAD obj/Release/src/fueling/Tuareg_fueling_controls.o
LOAD obj/Release/src/ignition/ignition_config.o
LOAD obj/Release/src/ignition/ignition_diag.o
LOAD obj/Release/src/ignition/ignition_hw.o
LOAD obj/Release/src/ignition/Tuareg_ignition.o
LOAD obj/Release/src/ignition/Tuareg_ignition_controls.o
LOAD obj/Release/src/main/main.o
LOAD obj/Release/src/main/Tuareg.o
LOAD obj/Release/src/main/Tuareg_config.o
LOAD obj/Release/src/main/Tuareg_diag.o
LOAD obj/Release/src/main/Tuareg_errors.o
LOAD obj/Release/src/main/Tuareg_ID.o
LOAD obj/Release/src/main/Tuareg_process_data.o
LOAD obj/Release/src/main/Tuareg_service_functions.o
LOAD obj/Release/src/main/Tuareg_types.o
LOAD obj/Release/src/module_test/module_test.o
LOAD obj/Release/src/process_table/process_table.o
LOAD obj/Release/src/sensors/analog_sensors.o
LOAD obj/Release/src/sensors/digital_sensors.o
LOAD obj/Release/src/sensors/knock_sensor.o
LOAD obj/Release/src/sensors/sensor_calibration.o
LOAD obj/Release/src/sensors/sensors_diag.o
LOAD obj/Release/src/sensors/Tuareg_sensors.o
LOAD obj/Release/src/stm32_libs/stm32f4xx/boctok/stm32f4xx_adc_boctok.o
LOAD obj/Release/src/stm32_libs/stm32f4xx/boctok/stm32f4xx_fault_handler_boctok.o
LOAD obj/Release/src/stm32_libs/stm32f4xx/boctok/stm32f4xx_gpio_boctok.o
LOAD obj/Release/src/stm32_libs/stm32f4xx/cmsis/startup_stm32f410xx.o
LOAD obj/Release/src/stm32_libs/stm32f4xx/cmsis/system_hse100_stm32f410.o
LOAD obj/Release/src/stm32_libs/stm32f4xx/spl/misc.o
LOAD obj/Release/src/stm32_libs/stm32f4xx/spl/stm32f4xx_dma.o
LOAD obj/Release/src/stm32_libs/stm32f4xx/spl/stm32f4xx_i2c.o
LOAD obj/Release/src/stm32_libs/stm32f4xx/spl/stm32f4xx_rcc.o
LOAD obj/Release/src/stm32_libs/stm32f4xx/spl/stm32f4xx_usart.o
LOAD obj/Release/src/storage/eeprom.o
LOAD obj/Release/src/storage/table.o
LOAD obj/Release/src/timing/lowprio_scheduler.o
LOAD obj/Release/src/timing/scheduler.o
LOAD obj/Release/src/timing/scheduler_diag.o
LOAD obj/Release/src/timing/systick_timer.o
LOAD obj/Release/src/utils/base_calc.o
LOAD obj/Release/src/utils/bitfields.o
LOAD obj/Release/src/utils/conversion.o
                0x0000000020008000                _estack = 0x20008000
                0x0000000000000000                _Min_Heap_Size = 0x0
                0x0000000000000100                _Min_Stack_Size = 0x100

.isr_vector     0x0000000008000000      0x1c8
                0x0000000008000000                . = ALIGN (0x4)
 *(.isr_vector)
 .isr_vector    0x0000000008000000      0x1c8 obj/Release/src/stm32_libs/stm32f4xx/cmsis/startup_stm32f410xx.o
                0x0000000008000000                g_pfnVectors
                0x00000000080001c8                . = ALIGN (0x4)

.text           0x00000000080001c8     0xc234
                0x00000000080001c8                . = ALIGN (0x4)
 *(.text)
 *(.text*)
 .text.ComRx_Buffer_reset
                0x00000000080001c8       0x3c obj/Release/src/com/serial_buffer.o
                0x00000000080001c8                ComRx_Buffer_reset
 .text.ComRx_Buffer_avail
                0x0000000008000204        0xc obj/Release/src/com/serial_buffer.o
                0x0000000008000204                ComRx_Buffer_avail
 .text.ComRx_Buffer_push
                0x0000000008000210       0x50 obj/Release/src/com/serial_buffer.o
                0x0000000008000210                ComRx_Buffer_push
 .text.ComRx_Buffer_pull
                0x0000000008000260       0x44 obj/Release/src/com/serial_buffer.o
                0x0000000008000260                ComRx_Buffer_pull
 .text.ComRx_Buffer_pull_U16
                0x00000000080002a4       0x30 obj/Release/src/com/serial_buffer.o
                0x00000000080002a4                ComRx_Buffer_pull_U16
 .text.ComRx_Buffer_pull_U32
                0x00000000080002d4       0x56 obj/Release/src/com/serial_buffer.o
                0x00000000080002d4                ComRx_Buffer_pull_U32
 *fill*         0x000000000800032a        0x2 
 .text.cli_showPage
                0x000000000800032c       0xa8 obj/Release/src/com/Tuareg_console.o
                0x000000000800032c                cli_showPage
 .text.cli_setPermissions
                0x00000000080003d4      0x11c obj/Release/src/com/Tuareg_console.o
                0x00000000080003d4                cli_setPermissions
 .text.cli_show_help
                0x00000000080004f0       0x9c obj/Release/src/com/Tuareg_console.o
                0x00000000080004f0                cli_show_help
 .text.Tuareg_update_console
                0x000000000800058c      0x290 obj/Release/src/com/Tuareg_console.o
                0x000000000800058c                Tuareg_update_console
 .text.cli_cyclic_update
                0x000000000800081c       0x1c obj/Release/src/com/Tuareg_console.o
                0x000000000800081c                cli_cyclic_update
 .text.Tuareg_init_console
                0x0000000008000838       0x18 obj/Release/src/com/Tuareg_console.o
                0x0000000008000838                Tuareg_init_console
 .text.ts_readPage
                0x0000000008000850       0xb4 obj/Release/src/com/TunerStudio.o
                0x0000000008000850                ts_readPage
 .text.ts_valueWrite
                0x0000000008000904      0x1a8 obj/Release/src/com/TunerStudio.o
                0x0000000008000904                ts_valueWrite
 .text.ts_burnPage
                0x0000000008000aac       0xcc obj/Release/src/com/TunerStudio.o
                0x0000000008000aac                ts_burnPage
 .text.ts_tuareg_bits
                0x0000000008000b78      0x1d4 obj/Release/src/com/TunerStudio_outChannel.o
                0x0000000008000b78                ts_tuareg_bits
 .text.ts_sendOutputChannels
                0x0000000008000d4c      0x12c obj/Release/src/com/TunerStudio_outChannel.o
                0x0000000008000d4c                ts_sendOutputChannels
 .text.ts_debug_features
                0x0000000008000e78       0xc4 obj/Release/src/com/TunerStudio_service.o
                0x0000000008000e78                ts_debug_features
 .text.cli_show_debug_help
                0x0000000008000f3c       0xc0 obj/Release/src/com/TunerStudio_service.o
                0x0000000008000f3c                cli_show_debug_help
 .text.cli_show_process_data
                0x0000000008000ffc      0x114 obj/Release/src/com/TunerStudio_service.o
                0x0000000008000ffc                cli_show_process_data
 .text.cli_show_ignition_controls
                0x0000000008001110      0x108 obj/Release/src/com/TunerStudio_service.o
                0x0000000008001110                cli_show_ignition_controls
 .text.cli_show_fueling_controls
                0x0000000008001218      0x3b8 obj/Release/src/com/TunerStudio_service.o
                0x0000000008001218                cli_show_fueling_controls
 .text.cli_show_decoder_interface
                0x00000000080015d0      0x124 obj/Release/src/com/TunerStudio_service.o
                0x00000000080015d0                cli_show_decoder_interface
 .text.cli_print_sensor_data
                0x00000000080016f4      0x21c obj/Release/src/com/TunerStudio_service.o
                0x00000000080016f4                cli_print_sensor_data
 .text.ts_debug_info
                0x0000000008001910       0xd8 obj/Release/src/com/TunerStudio_service.o
                0x0000000008001910                ts_debug_info
 .text.UART_TS_PORT_Init
                0x00000000080019e8       0xa0 obj/Release/src/com/uart.o
                0x00000000080019e8                UART_TS_PORT_Init
 .text.UART_DEBUG_PORT_Init
                0x0000000008001a88       0x68 obj/Release/src/com/uart.o
                0x0000000008001a88                UART_DEBUG_PORT_Init
 .text.UART_Tx  0x0000000008001af0        0xc obj/Release/src/com/uart.o
                0x0000000008001af0                UART_Tx
 .text.UART_send_data
                0x0000000008001afc       0x1a obj/Release/src/com/uart.o
                0x0000000008001afc                UART_send_data
 *fill*         0x0000000008001b16        0x2 
 .text.USART1_IRQHandler
                0x0000000008001b18       0x30 obj/Release/src/com/uart.o
                0x0000000008001b18                USART1_IRQHandler
 .text.printf_U
                0x0000000008001b48      0x164 obj/Release/src/com/uart_printf.o
                0x0000000008001b48                printf_U
 .text.printf_F32
                0x0000000008001cac       0xcc obj/Release/src/com/uart_printf.o
                0x0000000008001cac                printf_F32
 .text.printf_nib_hex
                0x0000000008001d78       0x10 obj/Release/src/com/uart_printf.o
                0x0000000008001d78                printf_nib_hex
 .text.print    0x0000000008001d88       0x16 obj/Release/src/com/uart_printf.o
                0x0000000008001d88                print
 *fill*         0x0000000008001d9e        0x2 
 .text.printf_U8hex
                0x0000000008001da0       0x38 obj/Release/src/com/uart_printf.o
                0x0000000008001da0                printf_U8hex
 .text.printf_crkpos
                0x0000000008001dd8       0x6c obj/Release/src/com/uart_printf.o
                0x0000000008001dd8                printf_crkpos
 .text.printf_phase
                0x0000000008001e44       0x30 obj/Release/src/com/uart_printf.o
                0x0000000008001e44                printf_phase
 .text.printf_decoder_sensing
                0x0000000008001e74       0x54 obj/Release/src/com/uart_printf.o
                0x0000000008001e74                printf_decoder_sensing
 .text.print_flash
                0x0000000008001ec8        0x4 obj/Release/src/com/uart_printf.o
                0x0000000008001ec8                print_flash
 .text.set_mil_hw
                0x0000000008001ecc       0x38 obj/Release/src/dash/dash_hw.o
                0x0000000008001ecc                set_mil_hw
 .text.init_dash_hw
                0x0000000008001f04       0x78 obj/Release/src/dash/dash_hw.o
                0x0000000008001f04                init_dash_hw
 .text.set_tachometer_compare
                0x0000000008001f7c       0x28 obj/Release/src/dash/dash_hw.o
                0x0000000008001f7c                set_tachometer_compare
 .text.update_tachometer
                0x0000000008001fa4       0x38 obj/Release/src/dash/Tuareg_dash.o
                0x0000000008001fa4                update_tachometer
 .text.set_mil  0x0000000008001fdc       0x58 obj/Release/src/dash/Tuareg_dash.o
                0x0000000008001fdc                set_mil
 .text.update_mil
                0x0000000008002034       0xac obj/Release/src/dash/Tuareg_dash.o
                0x0000000008002034                update_mil
 .text.init_dash
                0x00000000080020e0       0x10 obj/Release/src/dash/Tuareg_dash.o
                0x00000000080020e0                init_dash
 .text.update_dash
                0x00000000080020f0        0xe obj/Release/src/dash/Tuareg_dash.o
                0x00000000080020f0                update_dash
 *fill*         0x00000000080020fe        0x2 
 .text.DebugMsg_Warning
                0x0000000008002100       0x24 obj/Release/src/debug/debug_port_messages.o
                0x0000000008002100                DebugMsg_Warning
 .text.decoder_update_cis
                0x0000000008002124      0x188 obj/Release/src/decoder/decoder_cis.o
                0x0000000008002124                decoder_update_cis
 .text.decoder_cis_handler
                0x00000000080022ac       0x9c obj/Release/src/decoder/decoder_cis.o
                0x00000000080022ac                decoder_cis_handler
 .text.decoder_cis_noisefilter_handler
                0x0000000008002348        0x4 obj/Release/src/decoder/decoder_cis.o
                0x0000000008002348                decoder_cis_noisefilter_handler
 .text.enable_cis
                0x000000000800234c       0x4c obj/Release/src/decoder/decoder_cis.o
                0x000000000800234c                enable_cis
 .text.disable_cis
                0x0000000008002398        0xe obj/Release/src/decoder/decoder_cis.o
                0x0000000008002398                disable_cis
 *fill*         0x00000000080023a6        0x2 
 .text.load_Decoder_Setup
                0x00000000080023a8       0x1c obj/Release/src/decoder/decoder_config.o
                0x00000000080023a8                load_Decoder_Setup
 .text.load_essential_Decoder_Setup
                0x00000000080023c4       0x3c obj/Release/src/decoder/decoder_config.o
                0x00000000080023c4                load_essential_Decoder_Setup
 .text.store_Decoder_Setup
                0x0000000008002400       0x10 obj/Release/src/decoder/decoder_config.o
                0x0000000008002400                store_Decoder_Setup
 .text.show_Decoder_Setup
                0x0000000008002410      0x154 obj/Release/src/decoder/decoder_config.o
                0x0000000008002410                show_Decoder_Setup
 .text.modify_Decoder_Setup
                0x0000000008002564       0x18 obj/Release/src/decoder/decoder_config.o
                0x0000000008002564                modify_Decoder_Setup
 .text.send_Decoder_Setup
                0x000000000800257c        0xc obj/Release/src/decoder/decoder_config.o
                0x000000000800257c                send_Decoder_Setup
 .text.decoder_diag_log_event
                0x0000000008002588       0x28 obj/Release/src/decoder/decoder_diag.o
                0x0000000008002588                decoder_diag_log_event
 .text.print_decoder_diag
                0x00000000080025b0       0x68 obj/Release/src/decoder/decoder_diag.o
                0x00000000080025b0                print_decoder_diag
 .text.decoder_stop_timer
                0x0000000008002618       0x1c obj/Release/src/decoder/decoder_hw.o
                0x0000000008002618                decoder_stop_timer
 .text.update_crank_noisefilter
                0x0000000008002634       0x40 obj/Release/src/decoder/decoder_hw.o
                0x0000000008002634                update_crank_noisefilter
 .text.update_cam_noisefilter
                0x0000000008002674       0x40 obj/Release/src/decoder/decoder_hw.o
                0x0000000008002674                update_cam_noisefilter
 .text.decoder_mask_crank_irq
                0x00000000080026b4       0x10 obj/Release/src/decoder/decoder_hw.o
                0x00000000080026b4                decoder_mask_crank_irq
 .text.decoder_unmask_crank_irq
                0x00000000080026c4       0x14 obj/Release/src/decoder/decoder_hw.o
                0x00000000080026c4                decoder_unmask_crank_irq
 .text.decoder_mask_cis_irq
                0x00000000080026d8       0x10 obj/Release/src/decoder/decoder_hw.o
                0x00000000080026d8                decoder_mask_cis_irq
 .text.decoder_unmask_cis_irq
                0x00000000080026e8       0x14 obj/Release/src/decoder/decoder_hw.o
                0x00000000080026e8                decoder_unmask_cis_irq
 .text.set_crank_pickup_sensing_rise
                0x00000000080026fc       0x24 obj/Release/src/decoder/decoder_hw.o
                0x00000000080026fc                set_crank_pickup_sensing_rise
 .text.set_crank_pickup_sensing_fall
                0x0000000008002720       0x24 obj/Release/src/decoder/decoder_hw.o
                0x0000000008002720                set_crank_pickup_sensing_fall
 .text.set_crank_pickup_sensing_disabled
                0x0000000008002744       0x24 obj/Release/src/decoder/decoder_hw.o
                0x0000000008002744                set_crank_pickup_sensing_disabled
 .text.set_cis_sensing_rise
                0x0000000008002768       0x24 obj/Release/src/decoder/decoder_hw.o
                0x0000000008002768                set_cis_sensing_rise
 .text.set_cis_sensing_fall
                0x000000000800278c       0x24 obj/Release/src/decoder/decoder_hw.o
                0x000000000800278c                set_cis_sensing_fall
 .text.set_cis_sensing_disabled
                0x00000000080027b0       0x24 obj/Release/src/decoder/decoder_hw.o
                0x00000000080027b0                set_cis_sensing_disabled
 .text.decoder_set_crank_pickup_sensing
                0x00000000080027d4       0x3c obj/Release/src/decoder/decoder_hw.o
                0x00000000080027d4                decoder_set_crank_pickup_sensing
 .text.decoder_set_cis_sensing
                0x0000000008002810       0x3c obj/Release/src/decoder/decoder_hw.o
                0x0000000008002810                decoder_set_cis_sensing
 .text.trigger_decoder_irq
                0x000000000800284c       0x14 obj/Release/src/decoder/decoder_hw.o
                0x000000000800284c                trigger_decoder_irq
 .text.init_decoder_hw
                0x0000000008002860       0xcc obj/Release/src/decoder/decoder_hw.o
                0x0000000008002860                init_decoder_hw
 .text.decoder_get_timestamp
                0x000000000800292c        0xc obj/Release/src/decoder/decoder_hw.o
                0x000000000800292c                decoder_get_timestamp
 .text.decoder_set_timer_continuous_mode_on
                0x0000000008002938       0x1c obj/Release/src/decoder/decoder_hw.o
                0x0000000008002938                decoder_set_timer_continuous_mode_on
 .text.decoder_set_timer_continuous_mode_off
                0x0000000008002954       0x1c obj/Release/src/decoder/decoder_hw.o
                0x0000000008002954                decoder_set_timer_continuous_mode_off
 .text.decoder_start_timer
                0x0000000008002970       0x5c obj/Release/src/decoder/decoder_hw.o
                0x0000000008002970                decoder_start_timer
 .text.decoder_request_timer_reset
                0x00000000080029cc       0x10 obj/Release/src/decoder/decoder_hw.o
                0x00000000080029cc                decoder_request_timer_reset
 .text.disable_decoder_hw
                0x00000000080029dc       0x3c obj/Release/src/decoder/decoder_hw.o
                0x00000000080029dc                disable_decoder_hw
 .text.EXTI0_IRQHandler
                0x0000000008002a18       0x60 obj/Release/src/decoder/decoder_hw.o
                0x0000000008002a18                EXTI0_IRQHandler
 .text.TIM1_BRK_TIM9_IRQHandler
                0x0000000008002a78       0x74 obj/Release/src/decoder/decoder_hw.o
                0x0000000008002a78                TIM1_BRK_TIM9_IRQHandler
 .text.EXTI1_IRQHandler
                0x0000000008002aec       0x1c obj/Release/src/decoder/decoder_hw.o
                0x0000000008002aec                EXTI1_IRQHandler
 .text.reset_timeout_counter
                0x0000000008002b08       0x14 obj/Release/src/decoder/decoder_logic.o
                0x0000000008002b08                reset_timeout_counter
 .text.reset_timing_output
                0x0000000008002b1c       0x2c obj/Release/src/decoder/decoder_logic.o
                0x0000000008002b1c                reset_timing_output
 .text.reset_position_data
                0x0000000008002b48       0x34 obj/Release/src/decoder/decoder_logic.o
                0x0000000008002b48                reset_position_data
 .text.reset_internal_data
                0x0000000008002b7c       0x18 obj/Release/src/decoder/decoder_logic.o
                0x0000000008002b7c                reset_internal_data
 .text.decoder_set_state
                0x0000000008002b94       0x20 obj/Release/src/decoder/decoder_logic.o
                0x0000000008002b94                decoder_set_state
 .text.check_sync_ratio
                0x0000000008002bb4       0x74 obj/Release/src/decoder/decoder_logic.o
                0x0000000008002bb4                check_sync_ratio
 .text.check_sync_ratio_async
                0x0000000008002c28       0x5c obj/Release/src/decoder/decoder_logic.o
                0x0000000008002c28                check_sync_ratio_async
 .text.update_timing_data
                0x0000000008002c84       0xc0 obj/Release/src/decoder/decoder_logic.o
                0x0000000008002c84                update_timing_data
 .text.init_decoder_logic
                0x0000000008002d44       0x24 obj/Release/src/decoder/decoder_logic.o
                0x0000000008002d44                init_decoder_logic
 .text.disable_decoder_logic
                0x0000000008002d68       0x18 obj/Release/src/decoder/decoder_logic.o
                0x0000000008002d68                disable_decoder_logic
 .text.decoder_crank_handler
                0x0000000008002d80      0x138 obj/Release/src/decoder/decoder_logic.o
                0x0000000008002d80                decoder_crank_handler
 .text.decoder_crank_noisefilter_handler
                0x0000000008002eb8        0x4 obj/Release/src/decoder/decoder_logic.o
                0x0000000008002eb8                decoder_crank_noisefilter_handler
 .text.decoder_crank_timeout_handler
                0x0000000008002ebc       0x3c obj/Release/src/decoder/decoder_logic.o
                0x0000000008002ebc                decoder_crank_timeout_handler
 .text.init_Decoder
                0x0000000008002ef8       0x68 obj/Release/src/decoder/Tuareg_decoder.o
                0x0000000008002ef8                init_Decoder
 .text.disable_Decoder
                0x0000000008002f60       0x28 obj/Release/src/decoder/Tuareg_decoder.o
                0x0000000008002f60                disable_Decoder
 .text.decoder_get_position_data_age_us
                0x0000000008002f88       0x28 obj/Release/src/decoder/Tuareg_decoder.o
                0x0000000008002f88                decoder_get_position_data_age_us
 .text.copy_diag_data
                0x0000000008002fb0       0x48 obj/Release/src/diagnostics/diagnostics.o
                0x0000000008002fb0                copy_diag_data
 .text.get_diag_data
                0x0000000008002ff8       0x24 obj/Release/src/diagnostics/diagnostics.o
                0x0000000008002ff8                get_diag_data
 .text.release_diag_shadow
                0x000000000800301c        0xc obj/Release/src/diagnostics/diagnostics.o
                0x000000000800301c                release_diag_shadow
 .text.load_Fault_Log
                0x0000000008003028       0x1c obj/Release/src/diagnostics/fault_log.o
                0x0000000008003028                load_Fault_Log
 .text.load_void_Fault_Log
                0x0000000008003044       0x18 obj/Release/src/diagnostics/fault_log.o
                0x0000000008003044                load_void_Fault_Log
 .text.init_Fault_Log
                0x000000000800305c       0x4c obj/Release/src/diagnostics/fault_log.o
                0x000000000800305c                init_Fault_Log
 .text.store_Fault_Log
                0x00000000080030a8       0x10 obj/Release/src/diagnostics/fault_log.o
                0x00000000080030a8                store_Fault_Log
 .text.log_Fault
                0x00000000080030b8       0x68 obj/Release/src/diagnostics/fault_log.o
                0x00000000080030b8                log_Fault
 .text.show_Fault_Log
                0x0000000008003120       0x74 obj/Release/src/diagnostics/fault_log.o
                0x0000000008003120                show_Fault_Log
 .text.clear_Fault_Log
                0x0000000008003194       0x18 obj/Release/src/diagnostics/fault_log.o
                0x0000000008003194                clear_Fault_Log
 .text.Erase_Fault_Log
                0x00000000080031ac       0x3c obj/Release/src/diagnostics/fault_log.o
                0x00000000080031ac                Erase_Fault_Log
 .text.send_Fault_Log
                0x00000000080031e8        0xc obj/Release/src/diagnostics/fault_log.o
                0x00000000080031e8                send_Fault_Log
 .text.clear_highspeedlog
                0x00000000080031f4       0x14 obj/Release/src/diagnostics/highspeed_loggers.o
                0x00000000080031f4                clear_highspeedlog
 .text.highspeedlog_init
                0x0000000008003208       0x14 obj/Release/src/diagnostics/highspeed_loggers.o
                0x0000000008003208                highspeedlog_init
 .text.highspeedlog_register_error
                0x000000000800321c        0x2 obj/Release/src/diagnostics/highspeed_loggers.o
                0x000000000800321c                highspeedlog_register_error
 *fill*         0x000000000800321e        0x2 
 .text.highspeedlog_write
                0x0000000008003220       0xb8 obj/Release/src/diagnostics/highspeed_loggers.o
                0x0000000008003220                highspeedlog_write
 .text.highspeedlog_register_crankpos
                0x00000000080032d8        0x6 obj/Release/src/diagnostics/highspeed_loggers.o
                0x00000000080032d8                highspeedlog_register_crankpos
 *fill*         0x00000000080032de        0x2 
 .text.highspeedlog_register_cis_lobe_begin
                0x00000000080032e0       0x10 obj/Release/src/diagnostics/highspeed_loggers.o
                0x00000000080032e0                highspeedlog_register_cis_lobe_begin
 .text.highspeedlog_register_cis_lobe_end
                0x00000000080032f0       0x10 obj/Release/src/diagnostics/highspeed_loggers.o
                0x00000000080032f0                highspeedlog_register_cis_lobe_end
 .text.highspeedlog_register_coil1_power
                0x0000000008003300        0x6 obj/Release/src/diagnostics/highspeed_loggers.o
                0x0000000008003300                highspeedlog_register_coil1_power
 .text.highspeedlog_register_coil1_unpower
                0x0000000008003306        0x6 obj/Release/src/diagnostics/highspeed_loggers.o
                0x0000000008003306                highspeedlog_register_coil1_unpower
 .text.highspeedlog_register_coil2_power
                0x000000000800330c        0x6 obj/Release/src/diagnostics/highspeed_loggers.o
                0x000000000800330c                highspeedlog_register_coil2_power
 .text.highspeedlog_register_coil2_unpower
                0x0000000008003312        0x6 obj/Release/src/diagnostics/highspeed_loggers.o
                0x0000000008003312                highspeedlog_register_coil2_unpower
 .text.highspeedlog_register_injector1_power
                0x0000000008003318        0x6 obj/Release/src/diagnostics/highspeed_loggers.o
                0x0000000008003318                highspeedlog_register_injector1_power
 .text.highspeedlog_register_injector1_unpower
                0x000000000800331e        0x6 obj/Release/src/diagnostics/highspeed_loggers.o
                0x000000000800331e                highspeedlog_register_injector1_unpower
 .text.highspeedlog_register_injector2_power
                0x0000000008003324        0x6 obj/Release/src/diagnostics/highspeed_loggers.o
                0x0000000008003324                highspeedlog_register_injector2_power
 .text.highspeedlog_register_injector2_unpower
                0x000000000800332a        0x6 obj/Release/src/diagnostics/highspeed_loggers.o
                0x000000000800332a                highspeedlog_register_injector2_unpower
 .text.send_highspeedlog
                0x0000000008003330       0xc4 obj/Release/src/diagnostics/highspeed_loggers.o
                0x0000000008003330                send_highspeedlog
 .text.show_highspeedlog
                0x00000000080033f4      0x150 obj/Release/src/diagnostics/highspeed_loggers.o
                0x00000000080033f4                show_highspeedlog
 .text.clear_syslog
                0x0000000008003544       0x38 obj/Release/src/diagnostics/syslog.o
                0x0000000008003544                clear_syslog
 .text.Syslog_init
                0x000000000800357c       0x10 obj/Release/src/diagnostics/syslog.o
                0x000000000800357c                Syslog_init
 .text.Syslog_Error
                0x000000000800358c       0x48 obj/Release/src/diagnostics/syslog.o
                0x000000000800358c                Syslog_Error
 .text.Syslog_Warning
                0x00000000080035d4       0x6c obj/Release/src/diagnostics/syslog.o
                0x00000000080035d4                Syslog_Warning
 .text.Syslog_Info
                0x0000000008003640       0x68 obj/Release/src/diagnostics/syslog.o
                0x0000000008003640                Syslog_Info
 .text.show_syslog
                0x00000000080036a8      0x11c obj/Release/src/diagnostics/syslog.o
                0x00000000080036a8                show_syslog
 .text.send_syslog
                0x00000000080037c4       0x20 obj/Release/src/diagnostics/syslog.o
                0x00000000080037c4                send_syslog
 .text.update_load_transient_comp
                0x00000000080037e4       0x16 obj/Release/src/fueling/accel_comp.o
                0x00000000080037e4                update_load_transient_comp
 .text.disable_legacy_AE
                0x00000000080037fa       0x46 obj/Release/src/fueling/accel_comp.o
                0x00000000080037fa                disable_legacy_AE
 .text.update_legacy_AE
                0x0000000008003840      0x31c obj/Release/src/fueling/accel_comp.o
                0x0000000008003840                update_legacy_AE
 .text.load_Fueling_Setup
                0x0000000008003b5c       0x10 obj/Release/src/fueling/fueling_config.o
                0x0000000008003b5c                load_Fueling_Setup
 .text.store_Fueling_Setup
                0x0000000008003b6c       0x10 obj/Release/src/fueling/fueling_config.o
                0x0000000008003b6c                store_Fueling_Setup
 .text.show_Fueling_Setup
                0x0000000008003b7c      0x30c obj/Release/src/fueling/fueling_config.o
                0x0000000008003b7c                show_Fueling_Setup
 .text.modify_Fueling_Setup
                0x0000000008003e88       0x18 obj/Release/src/fueling/fueling_config.o
                0x0000000008003e88                modify_Fueling_Setup
 .text.send_Fueling_Setup
                0x0000000008003ea0        0xc obj/Release/src/fueling/fueling_config.o
                0x0000000008003ea0                send_Fueling_Setup
 .text.load_VeTable_TPS
                0x0000000008003eac       0x10 obj/Release/src/fueling/fueling_config.o
                0x0000000008003eac                load_VeTable_TPS
 .text.store_VeTable_TPS
                0x0000000008003ebc       0x10 obj/Release/src/fueling/fueling_config.o
                0x0000000008003ebc                store_VeTable_TPS
 .text.show_VeTable_TPS
                0x0000000008003ecc       0x20 obj/Release/src/fueling/fueling_config.o
                0x0000000008003ecc                show_VeTable_TPS
 .text.modify_VeTable_TPS
                0x0000000008003eec       0x10 obj/Release/src/fueling/fueling_config.o
                0x0000000008003eec                modify_VeTable_TPS
 .text.send_VeTable_TPS
                0x0000000008003efc        0xc obj/Release/src/fueling/fueling_config.o
                0x0000000008003efc                send_VeTable_TPS
 .text.getValue_VeTable_TPS
                0x0000000008003f08       0x14 obj/Release/src/fueling/fueling_config.o
                0x0000000008003f08                getValue_VeTable_TPS
 .text.load_VeTable_MAP
                0x0000000008003f1c       0x10 obj/Release/src/fueling/fueling_config.o
                0x0000000008003f1c                load_VeTable_MAP
 .text.store_VeTable_MAP
                0x0000000008003f2c       0x10 obj/Release/src/fueling/fueling_config.o
                0x0000000008003f2c                store_VeTable_MAP
 .text.show_VeTable_MAP
                0x0000000008003f3c       0x20 obj/Release/src/fueling/fueling_config.o
                0x0000000008003f3c                show_VeTable_MAP
 .text.modify_VeTable_MAP
                0x0000000008003f5c       0x10 obj/Release/src/fueling/fueling_config.o
                0x0000000008003f5c                modify_VeTable_MAP
 .text.send_VeTable_MAP
                0x0000000008003f6c        0xc obj/Release/src/fueling/fueling_config.o
                0x0000000008003f6c                send_VeTable_MAP
 .text.getValue_VeTable_MAP
                0x0000000008003f78       0x14 obj/Release/src/fueling/fueling_config.o
                0x0000000008003f78                getValue_VeTable_MAP
 .text.load_AfrTable_MAP
                0x0000000008003f8c       0x10 obj/Release/src/fueling/fueling_config.o
                0x0000000008003f8c                load_AfrTable_MAP
 .text.store_AfrTable_MAP
                0x0000000008003f9c       0x10 obj/Release/src/fueling/fueling_config.o
                0x0000000008003f9c                store_AfrTable_MAP
 .text.show_AfrTable_MAP
                0x0000000008003fac       0x20 obj/Release/src/fueling/fueling_config.o
                0x0000000008003fac                show_AfrTable_MAP
 .text.modify_AfrTable_MAP
                0x0000000008003fcc       0x10 obj/Release/src/fueling/fueling_config.o
                0x0000000008003fcc                modify_AfrTable_MAP
 .text.send_AfrTable_MAP
                0x0000000008003fdc        0xc obj/Release/src/fueling/fueling_config.o
                0x0000000008003fdc                send_AfrTable_MAP
 .text.getValue_AfrTable_MAP
                0x0000000008003fe8       0x20 obj/Release/src/fueling/fueling_config.o
                0x0000000008003fe8                getValue_AfrTable_MAP
 .text.load_AfrTable_TPS
                0x0000000008004008       0x10 obj/Release/src/fueling/fueling_config.o
                0x0000000008004008                load_AfrTable_TPS
 .text.store_AfrTable_TPS
                0x0000000008004018       0x10 obj/Release/src/fueling/fueling_config.o
                0x0000000008004018                store_AfrTable_TPS
 .text.show_AfrTable_TPS
                0x0000000008004028       0x20 obj/Release/src/fueling/fueling_config.o
                0x0000000008004028                show_AfrTable_TPS
 .text.modify_AfrTable_TPS
                0x0000000008004048       0x10 obj/Release/src/fueling/fueling_config.o
                0x0000000008004048                modify_AfrTable_TPS
 .text.send_AfrTable_TPS
                0x0000000008004058        0xc obj/Release/src/fueling/fueling_config.o
                0x0000000008004058                send_AfrTable_TPS
 .text.getValue_AfrTable_TPS
                0x0000000008004064       0x20 obj/Release/src/fueling/fueling_config.o
                0x0000000008004064                getValue_AfrTable_TPS
 .text.load_AccelCompTableTPS
                0x0000000008004084       0x10 obj/Release/src/fueling/fueling_config.o
                0x0000000008004084                load_AccelCompTableTPS
 .text.store_AccelCompTableTPS
                0x0000000008004094       0x10 obj/Release/src/fueling/fueling_config.o
                0x0000000008004094                store_AccelCompTableTPS
 .text.show_AccelCompTableTPS
                0x00000000080040a4       0x20 obj/Release/src/fueling/fueling_config.o
                0x00000000080040a4                show_AccelCompTableTPS
 .text.modify_AccelCompTableTPS
                0x00000000080040c4       0x10 obj/Release/src/fueling/fueling_config.o
                0x00000000080040c4                modify_AccelCompTableTPS
 .text.send_AccelCompTableTPS
                0x00000000080040d4        0xc obj/Release/src/fueling/fueling_config.o
                0x00000000080040d4                send_AccelCompTableTPS
 .text.getValue_AccelCompTableTPS
                0x00000000080040e0       0x14 obj/Release/src/fueling/fueling_config.o
                0x00000000080040e0                getValue_AccelCompTableTPS
 .text.load_AccelCompTableMAP
                0x00000000080040f4       0x10 obj/Release/src/fueling/fueling_config.o
                0x00000000080040f4                load_AccelCompTableMAP
 .text.store_AccelCompTableMAP
                0x0000000008004104       0x10 obj/Release/src/fueling/fueling_config.o
                0x0000000008004104                store_AccelCompTableMAP
 .text.show_AccelCompTableMAP
                0x0000000008004114       0x20 obj/Release/src/fueling/fueling_config.o
                0x0000000008004114                show_AccelCompTableMAP
 .text.modify_AccelCompTableMAP
                0x0000000008004134       0x10 obj/Release/src/fueling/fueling_config.o
                0x0000000008004134                modify_AccelCompTableMAP
 .text.send_AccelCompTableMAP
                0x0000000008004144        0xc obj/Release/src/fueling/fueling_config.o
                0x0000000008004144                send_AccelCompTableMAP
 .text.getValue_AccelCompTableMAP
                0x0000000008004150       0x14 obj/Release/src/fueling/fueling_config.o
                0x0000000008004150                getValue_AccelCompTableMAP
 .text.load_WarmUpCompTable
                0x0000000008004164       0x10 obj/Release/src/fueling/fueling_config.o
                0x0000000008004164                load_WarmUpCompTable
 .text.store_WarmUpCompTable
                0x0000000008004174       0x10 obj/Release/src/fueling/fueling_config.o
                0x0000000008004174                store_WarmUpCompTable
 .text.show_WarmUpCompTable
                0x0000000008004184       0x20 obj/Release/src/fueling/fueling_config.o
                0x0000000008004184                show_WarmUpCompTable
 .text.modify_WarmUpCompTable
                0x00000000080041a4       0x10 obj/Release/src/fueling/fueling_config.o
                0x00000000080041a4                modify_WarmUpCompTable
 .text.send_WarmUpCompTable
                0x00000000080041b4        0xc obj/Release/src/fueling/fueling_config.o
                0x00000000080041b4                send_WarmUpCompTable
 .text.getValue_WarmUpCompTable
                0x00000000080041c0       0x20 obj/Release/src/fueling/fueling_config.o
                0x00000000080041c0                getValue_WarmUpCompTable
 .text.load_InjectorTimingTable
                0x00000000080041e0       0x10 obj/Release/src/fueling/fueling_config.o
                0x00000000080041e0                load_InjectorTimingTable
 .text.store_InjectorTimingTable
                0x00000000080041f0       0x10 obj/Release/src/fueling/fueling_config.o
                0x00000000080041f0                store_InjectorTimingTable
 .text.show_InjectorTimingTable
                0x0000000008004200       0x20 obj/Release/src/fueling/fueling_config.o
                0x0000000008004200                show_InjectorTimingTable
 .text.modify_InjectorTimingTable
                0x0000000008004220       0x10 obj/Release/src/fueling/fueling_config.o
                0x0000000008004220                modify_InjectorTimingTable
 .text.send_InjectorTimingTable
                0x0000000008004230        0xc obj/Release/src/fueling/fueling_config.o
                0x0000000008004230                send_InjectorTimingTable
 .text.getValue_InjectorTimingTable
                0x000000000800423c       0x20 obj/Release/src/fueling/fueling_config.o
                0x000000000800423c                getValue_InjectorTimingTable
 .text.load_CrankingFuelTable
                0x000000000800425c       0x10 obj/Release/src/fueling/fueling_config.o
                0x000000000800425c                load_CrankingFuelTable
 .text.store_CrankingFuelTable
                0x000000000800426c       0x10 obj/Release/src/fueling/fueling_config.o
                0x000000000800426c                store_CrankingFuelTable
 .text.show_CrankingFuelTable
                0x000000000800427c       0x20 obj/Release/src/fueling/fueling_config.o
                0x000000000800427c                show_CrankingFuelTable
 .text.modify_CrankingFuelTable
                0x000000000800429c       0x10 obj/Release/src/fueling/fueling_config.o
                0x000000000800429c                modify_CrankingFuelTable
 .text.send_CrankingFuelTable
                0x00000000080042ac        0xc obj/Release/src/fueling/fueling_config.o
                0x00000000080042ac                send_CrankingFuelTable
 .text.getValue_CrankingFuelTable
                0x00000000080042b8       0x14 obj/Release/src/fueling/fueling_config.o
                0x00000000080042b8                getValue_CrankingFuelTable
 .text.load_InjectorPhaseTable
                0x00000000080042cc       0x10 obj/Release/src/fueling/fueling_config.o
                0x00000000080042cc                load_InjectorPhaseTable
 .text.store_InjectorPhaseTable
                0x00000000080042dc       0x10 obj/Release/src/fueling/fueling_config.o
                0x00000000080042dc                store_InjectorPhaseTable
 .text.show_InjectorPhaseTable
                0x00000000080042ec       0x20 obj/Release/src/fueling/fueling_config.o
                0x00000000080042ec                show_InjectorPhaseTable
 .text.modify_InjectorPhaseTable
                0x000000000800430c       0x10 obj/Release/src/fueling/fueling_config.o
                0x000000000800430c                modify_InjectorPhaseTable
 .text.send_InjectorPhaseTable
                0x000000000800431c        0xc obj/Release/src/fueling/fueling_config.o
                0x000000000800431c                send_InjectorPhaseTable
 .text.getValue_InjectorPhaseTable
                0x0000000008004328        0xc obj/Release/src/fueling/fueling_config.o
                0x0000000008004328                getValue_InjectorPhaseTable
 .text.load_BAROtable
                0x0000000008004334       0x10 obj/Release/src/fueling/fueling_config.o
                0x0000000008004334                load_BAROtable
 .text.store_BAROtable
                0x0000000008004344       0x10 obj/Release/src/fueling/fueling_config.o
                0x0000000008004344                store_BAROtable
 .text.show_BAROtable
                0x0000000008004354       0x20 obj/Release/src/fueling/fueling_config.o
                0x0000000008004354                show_BAROtable
 .text.modify_BAROtable
                0x0000000008004374       0x10 obj/Release/src/fueling/fueling_config.o
                0x0000000008004374                modify_BAROtable
 .text.send_BAROtable
                0x0000000008004384        0xc obj/Release/src/fueling/fueling_config.o
                0x0000000008004384                send_BAROtable
 .text.getValue_BAROtable
                0x0000000008004390       0x38 obj/Release/src/fueling/fueling_config.o
                0x0000000008004390                getValue_BAROtable
 .text.load_ChargeTempTable
                0x00000000080043c8       0x10 obj/Release/src/fueling/fueling_config.o
                0x00000000080043c8                load_ChargeTempTable
 .text.load_Fueling_Config
                0x00000000080043d8       0xd8 obj/Release/src/fueling/fueling_config.o
                0x00000000080043d8                load_Fueling_Config
 .text.store_ChargeTempTable
                0x00000000080044b0       0x10 obj/Release/src/fueling/fueling_config.o
                0x00000000080044b0                store_ChargeTempTable
 .text.show_ChargeTempTable
                0x00000000080044c0       0x20 obj/Release/src/fueling/fueling_config.o
                0x00000000080044c0                show_ChargeTempTable
 .text.modify_ChargeTempTable
                0x00000000080044e0       0x10 obj/Release/src/fueling/fueling_config.o
                0x00000000080044e0                modify_ChargeTempTable
 .text.send_ChargeTempTable
                0x00000000080044f0        0xc obj/Release/src/fueling/fueling_config.o
                0x00000000080044f0                send_ChargeTempTable
 .text.getValue_ChargeTempTable
                0x00000000080044fc       0x2c obj/Release/src/fueling/fueling_config.o
                0x00000000080044fc                getValue_ChargeTempTable
 .text.update_fuel_mass_afterstart_correction
                0x0000000008004528       0xa4 obj/Release/src/fueling/fueling_corrections.o
                0x0000000008004528                update_fuel_mass_afterstart_correction
 .text.update_fuel_mass_warmup_correction
                0x00000000080045cc       0x5c obj/Release/src/fueling/fueling_corrections.o
                0x00000000080045cc                update_fuel_mass_warmup_correction
 .text.update_fuel_mass_barometric_correction
                0x0000000008004628       0x98 obj/Release/src/fueling/fueling_corrections.o
                0x0000000008004628                update_fuel_mass_barometric_correction
 .text.update_fuel_mass_corrections
                0x00000000080046c0       0x1c obj/Release/src/fueling/fueling_corrections.o
                0x00000000080046c0                update_fuel_mass_corrections
 .text.fueling_diag_log_event
                0x00000000080046dc       0x28 obj/Release/src/fueling/fueling_diag.o
                0x00000000080046dc                fueling_diag_log_event
 .text.print_fueling_diag
                0x0000000008004704       0x68 obj/Release/src/fueling/fueling_diag.o
                0x0000000008004704                print_fueling_diag
 .text.set_injector1_powered
                0x000000000800476c       0x28 obj/Release/src/fueling/fueling_hw.o
                0x000000000800476c                set_injector1_powered
 .text.set_injector1_unpowered
                0x0000000008004794       0x28 obj/Release/src/fueling/fueling_hw.o
                0x0000000008004794                set_injector1_unpowered
 .text.set_injector2_powered
                0x00000000080047bc       0x28 obj/Release/src/fueling/fueling_hw.o
                0x00000000080047bc                set_injector2_powered
 .text.set_injector2_unpowered
                0x00000000080047e4       0x28 obj/Release/src/fueling/fueling_hw.o
                0x00000000080047e4                set_injector2_unpowered
 .text.set_fuel_pump_powered
                0x000000000800480c       0x28 obj/Release/src/fueling/fueling_hw.o
                0x000000000800480c                set_fuel_pump_powered
 .text.set_fuel_pump_unpowered
                0x0000000008004834       0x20 obj/Release/src/fueling/fueling_hw.o
                0x0000000008004834                set_fuel_pump_unpowered
 .text.set_injector1
                0x0000000008004854       0x30 obj/Release/src/fueling/fueling_hw.o
                0x0000000008004854                set_injector1
 .text.set_injector2
                0x0000000008004884       0x30 obj/Release/src/fueling/fueling_hw.o
                0x0000000008004884                set_injector2
 .text.set_fuel_pump
                0x00000000080048b4        0xc obj/Release/src/fueling/fueling_hw.o
                0x00000000080048b4                set_fuel_pump
 .text.init_fueling_hw
                0x00000000080048c0       0x5c obj/Release/src/fueling/fueling_hw.o
                0x00000000080048c0                init_fueling_hw
 .text.update_injector_deadtime
                0x000000000800491c       0x50 obj/Release/src/fueling/injector_parameters.o
                0x000000000800491c                update_injector_deadtime
 .text.update_injector_intervals_sequential
                0x000000000800496c       0xf8 obj/Release/src/fueling/injector_parameters.o
                0x000000000800496c                update_injector_intervals_sequential
 .text.update_injector_intervals_batch
                0x0000000008004a64       0xf4 obj/Release/src/fueling/injector_parameters.o
                0x0000000008004a64                update_injector_intervals_batch
 .text.update_injection_begin_batch
                0x0000000008004b58       0x34 obj/Release/src/fueling/injector_parameters.o
                0x0000000008004b58                update_injection_begin_batch
 .text.update_injection_begin_sequential
                0x0000000008004b8c       0xf0 obj/Release/src/fueling/injector_parameters.o
                0x0000000008004b8c                update_injection_begin_sequential
 .text.init_Fueling
                0x0000000008004c7c       0x54 obj/Release/src/fueling/Tuareg_fueling.o
                0x0000000008004c7c                init_Fueling
 .text.Tuareg_fueling_update_crankpos_handler
                0x0000000008004cd0      0x198 obj/Release/src/fueling/Tuareg_fueling.o
                0x0000000008004cd0                Tuareg_fueling_update_crankpos_handler
 .text.invalid_fueling_controls
                0x0000000008004e68       0x48 obj/Release/src/fueling/Tuareg_fueling_controls.o
                0x0000000008004e68                invalid_fueling_controls
 .text.update_air_flow
                0x0000000008004eb0       0x94 obj/Release/src/fueling/Tuareg_fueling_controls.o
                0x0000000008004eb0                update_air_flow
 .text.update_AFR_target
                0x0000000008004f44       0x78 obj/Release/src/fueling/Tuareg_fueling_controls.o
                0x0000000008004f44                update_AFR_target
 .text.update_fuel_mass_cranking
                0x0000000008004fbc       0x74 obj/Release/src/fueling/Tuareg_fueling_controls.o
                0x0000000008004fbc                update_fuel_mass_cranking
 .text.update_base_fuel_mass
                0x0000000008005030       0x48 obj/Release/src/fueling/Tuareg_fueling_controls.o
                0x0000000008005030                update_base_fuel_mass
 .text.update_target_fuel_mass
                0x0000000008005078      0x120 obj/Release/src/fueling/Tuareg_fueling_controls.o
                0x0000000008005078                update_target_fuel_mass
 .text.Tuareg_update_fueling_controls
                0x0000000008005198      0x234 obj/Release/src/fueling/Tuareg_fueling_controls.o
                0x0000000008005198                Tuareg_update_fueling_controls
 .text.load_Ignition_Config
                0x00000000080053cc       0x6c obj/Release/src/ignition/ignition_config.o
                0x00000000080053cc                load_Ignition_Config
 .text.store_Ignition_Setup
                0x0000000008005438       0x10 obj/Release/src/ignition/ignition_config.o
                0x0000000008005438                store_Ignition_Setup
 .text.show_Ignition_Setup
                0x0000000008005448      0x17c obj/Release/src/ignition/ignition_config.o
                0x0000000008005448                show_Ignition_Setup
 .text.modify_Ignition_Setup
                0x00000000080055c4       0x18 obj/Release/src/ignition/ignition_config.o
                0x00000000080055c4                modify_Ignition_Setup
 .text.send_Ignition_Setup
                0x00000000080055dc        0xc obj/Release/src/ignition/ignition_config.o
                0x00000000080055dc                send_Ignition_Setup
 .text.store_ignAdvTable_TPS
                0x00000000080055e8       0x10 obj/Release/src/ignition/ignition_config.o
                0x00000000080055e8                store_ignAdvTable_TPS
 .text.show_ignAdvTable_TPS
                0x00000000080055f8       0x20 obj/Release/src/ignition/ignition_config.o
                0x00000000080055f8                show_ignAdvTable_TPS
 .text.modify_ignAdvTable_TPS
                0x0000000008005618       0x10 obj/Release/src/ignition/ignition_config.o
                0x0000000008005618                modify_ignAdvTable_TPS
 .text.send_ignAdvTable_TPS
                0x0000000008005628        0xc obj/Release/src/ignition/ignition_config.o
                0x0000000008005628                send_ignAdvTable_TPS
 .text.getValue_ignAdvTable_TPS
                0x0000000008005634       0x20 obj/Release/src/ignition/ignition_config.o
                0x0000000008005634                getValue_ignAdvTable_TPS
 .text.store_ignDwellTable
                0x0000000008005654       0x10 obj/Release/src/ignition/ignition_config.o
                0x0000000008005654                store_ignDwellTable
 .text.show_ignDwellTable
                0x0000000008005664       0x20 obj/Release/src/ignition/ignition_config.o
                0x0000000008005664                show_ignDwellTable
 .text.modify_ignDwellTable
                0x0000000008005684       0x10 obj/Release/src/ignition/ignition_config.o
                0x0000000008005684                modify_ignDwellTable
 .text.send_ignDwellTable
                0x0000000008005694        0xc obj/Release/src/ignition/ignition_config.o
                0x0000000008005694                send_ignDwellTable
 .text.getValue_ignDwellTable
                0x00000000080056a0       0x18 obj/Release/src/ignition/ignition_config.o
                0x00000000080056a0                getValue_ignDwellTable
 .text.ignition_diag_log_event
                0x00000000080056b8       0x28 obj/Release/src/ignition/ignition_diag.o
                0x00000000080056b8                ignition_diag_log_event
 .text.print_ignition_diag
                0x00000000080056e0       0x68 obj/Release/src/ignition/ignition_diag.o
                0x00000000080056e0                print_ignition_diag
 .text.set_coil1_powered
                0x0000000008005748       0x28 obj/Release/src/ignition/ignition_hw.o
                0x0000000008005748                set_coil1_powered
 .text.set_coil1_unpowered
                0x0000000008005770       0x20 obj/Release/src/ignition/ignition_hw.o
                0x0000000008005770                set_coil1_unpowered
 .text.set_coil2_powered
                0x0000000008005790       0x28 obj/Release/src/ignition/ignition_hw.o
                0x0000000008005790                set_coil2_powered
 .text.set_coil2_unpowered
                0x00000000080057b8       0x20 obj/Release/src/ignition/ignition_hw.o
                0x00000000080057b8                set_coil2_unpowered
 .text.set_ignition_ch1
                0x00000000080057d8       0x30 obj/Release/src/ignition/ignition_hw.o
                0x00000000080057d8                set_ignition_ch1
 .text.set_ignition_ch2
                0x0000000008005808       0x30 obj/Release/src/ignition/ignition_hw.o
                0x0000000008005808                set_ignition_ch2
 .text.init_ignition_hw
                0x0000000008005838       0x3c obj/Release/src/ignition/ignition_hw.o
                0x0000000008005838                init_ignition_hw
 .text.init_Ignition
                0x0000000008005874       0x58 obj/Release/src/ignition/Tuareg_ignition.o
                0x0000000008005874                init_Ignition
 .text.Tuareg_ignition_update_crankpos_handler
                0x00000000080058cc      0x154 obj/Release/src/ignition/Tuareg_ignition.o
                0x00000000080058cc                Tuareg_ignition_update_crankpos_handler
 .text.default_ignition_controls
                0x0000000008005a20       0x24 obj/Release/src/ignition/Tuareg_ignition_controls.o
                0x0000000008005a20                default_ignition_controls
 .text.revlimiter_ignition_controls
                0x0000000008005a44       0x1c obj/Release/src/ignition/Tuareg_ignition_controls.o
                0x0000000008005a44                revlimiter_ignition_controls
 .text.cranking_ignition_controls
                0x0000000008005a60       0x38 obj/Release/src/ignition/Tuareg_ignition_controls.o
                0x0000000008005a60                cranking_ignition_controls
 .text.dynamic_ignition_controls
                0x0000000008005a98      0x188 obj/Release/src/ignition/Tuareg_ignition_controls.o
                0x0000000008005a98                dynamic_ignition_controls
 .text.Tuareg_update_ignition_controls
                0x0000000008005c20       0xa8 obj/Release/src/ignition/Tuareg_ignition_controls.o
                0x0000000008005c20                Tuareg_update_ignition_controls
 .text.startup.main
                0x0000000008005cc8       0x78 obj/Release/src/main/main.o
                0x0000000008005cc8                main
 .text.EXTI2_IRQHandler
                0x0000000008005d40       0x5c obj/Release/src/main/main.o
                0x0000000008005d40                EXTI2_IRQHandler
 .text.Tuareg_load_config
                0x0000000008005d9c       0x4c obj/Release/src/main/Tuareg.o
                0x0000000008005d9c                Tuareg_load_config
 .text.Tuareg_Init
                0x0000000008005de8       0xc0 obj/Release/src/main/Tuareg.o
                0x0000000008005de8                Tuareg_Init
 .text.Tuareg_update_run_inhibit
                0x0000000008005ea8      0x140 obj/Release/src/main/Tuareg.o
                0x0000000008005ea8                Tuareg_update_run_inhibit
 .text.Tuareg_update_limited_op
                0x0000000008005fe8       0x38 obj/Release/src/main/Tuareg.o
                0x0000000008005fe8                Tuareg_update_limited_op
 .text.Tuareg_update_rev_limiter
                0x0000000008006020       0x60 obj/Release/src/main/Tuareg.o
                0x0000000008006020                Tuareg_update_rev_limiter
 .text.Tuareg_update_standby
                0x0000000008006080       0xcc obj/Release/src/main/Tuareg.o
                0x0000000008006080                Tuareg_update_standby
 .text.Tuareg_update_fuel_pump_control
                0x000000000800614c       0x54 obj/Release/src/main/Tuareg.o
                0x000000000800614c                Tuareg_update_fuel_pump_control
 .text.Tuareg_deactivate_vital_actors
                0x00000000080061a0       0x50 obj/Release/src/main/Tuareg.o
                0x00000000080061a0                Tuareg_deactivate_vital_actors
 .text.Tuareg_update
                0x00000000080061f0       0x58 obj/Release/src/main/Tuareg.o
                0x00000000080061f0                Tuareg_update
 .text.Tuareg_update_trip
                0x0000000008006248       0x2c obj/Release/src/main/Tuareg.o
                0x0000000008006248                Tuareg_update_trip
 .text.Tuareg_update_consumption_data
                0x0000000008006274       0x50 obj/Release/src/main/Tuareg.o
                0x0000000008006274                Tuareg_update_consumption_data
 .text.store_Tuareg_Setup
                0x00000000080062c4       0x10 obj/Release/src/main/Tuareg_config.o
                0x00000000080062c4                store_Tuareg_Setup
 .text.show_Tuareg_Setup
                0x00000000080062d4      0x1e0 obj/Release/src/main/Tuareg_config.o
                0x00000000080062d4                show_Tuareg_Setup
 .text.modify_Tuareg_Setup
                0x00000000080064b4       0x18 obj/Release/src/main/Tuareg_config.o
                0x00000000080064b4                modify_Tuareg_Setup
 .text.send_Tuareg_Setup
                0x00000000080064cc        0xc obj/Release/src/main/Tuareg_config.o
                0x00000000080064cc                send_Tuareg_Setup
 .text.load_TachTable
                0x00000000080064d8       0x10 obj/Release/src/main/Tuareg_config.o
                0x00000000080064d8                load_TachTable
 .text.load_Tuareg_Config
                0x00000000080064e8       0x38 obj/Release/src/main/Tuareg_config.o
                0x00000000080064e8                load_Tuareg_Config
 .text.store_TachTable
                0x0000000008006520       0x10 obj/Release/src/main/Tuareg_config.o
                0x0000000008006520                store_TachTable
 .text.show_TachTable
                0x0000000008006530       0x20 obj/Release/src/main/Tuareg_config.o
                0x0000000008006530                show_TachTable
 .text.modify_TachTable
                0x0000000008006550       0x10 obj/Release/src/main/Tuareg_config.o
                0x0000000008006550                modify_TachTable
 .text.send_TachTable
                0x0000000008006560        0xc obj/Release/src/main/Tuareg_config.o
                0x0000000008006560                send_TachTable
 .text.getValue_TachTable
                0x000000000800656c       0x18 obj/Release/src/main/Tuareg_config.o
                0x000000000800656c                getValue_TachTable
 .text.tuareg_diag_log_event
                0x0000000008006584       0x28 obj/Release/src/main/Tuareg_diag.o
                0x0000000008006584                tuareg_diag_log_event
 .text.print_tuareg_diag
                0x00000000080065ac       0x68 obj/Release/src/main/Tuareg_diag.o
                0x00000000080065ac                print_tuareg_diag
 .text.Fatal    0x0000000008006614       0x68 obj/Release/src/main/Tuareg_errors.o
                0x0000000008006614                Fatal
 .text.VitalAssert
                0x000000000800667c        0xe obj/Release/src/main/Tuareg_errors.o
                0x000000000800667c                VitalAssert
 *fill*         0x000000000800668a        0x2 
 .text.Limp     0x000000000800668c       0x44 obj/Release/src/main/Tuareg_errors.o
                0x000000000800668c                Limp
 .text.print_Tuareg_ID_label
                0x00000000080066d0       0x30 obj/Release/src/main/Tuareg_ID.o
                0x00000000080066d0                print_Tuareg_ID_label
 .text.Tuareg_update_process_data
                0x0000000008006700      0x168 obj/Release/src/main/Tuareg_process_data.o
                0x0000000008006700                Tuareg_update_process_data
 .text.request_service_mode
                0x0000000008006868       0x28 obj/Release/src/main/Tuareg_service_functions.o
                0x0000000008006868                request_service_mode
 .text.activate_fuel_pump
                0x0000000008006890       0x5c obj/Release/src/main/Tuareg_service_functions.o
                0x0000000008006890                activate_fuel_pump
 .text.deactivate_fuel_pump
                0x00000000080068ec       0x28 obj/Release/src/main/Tuareg_service_functions.o
                0x00000000080068ec                deactivate_fuel_pump
 .text.fuel_pump_periodic_update
                0x0000000008006914       0x1c obj/Release/src/main/Tuareg_service_functions.o
                0x0000000008006914                fuel_pump_periodic_update
 .text.activate_injector1
                0x0000000008006930       0x6c obj/Release/src/main/Tuareg_service_functions.o
                0x0000000008006930                activate_injector1
 .text.deactivate_injector1
                0x000000000800699c       0x2c obj/Release/src/main/Tuareg_service_functions.o
                0x000000000800699c                deactivate_injector1
 .text.injector1_periodic_update
                0x00000000080069c8       0x54 obj/Release/src/main/Tuareg_service_functions.o
                0x00000000080069c8                injector1_periodic_update
 .text.activate_injector2
                0x0000000008006a1c       0x6c obj/Release/src/main/Tuareg_service_functions.o
                0x0000000008006a1c                activate_injector2
 .text.deactivate_injector2
                0x0000000008006a88       0x2c obj/Release/src/main/Tuareg_service_functions.o
                0x0000000008006a88                deactivate_injector2
 .text.injector2_periodic_update
                0x0000000008006ab4       0x54 obj/Release/src/main/Tuareg_service_functions.o
                0x0000000008006ab4                injector2_periodic_update
 .text.activate_coil1
                0x0000000008006b08       0x8c obj/Release/src/main/Tuareg_service_functions.o
                0x0000000008006b08                activate_coil1
 .text.deactivate_coil1
                0x0000000008006b94       0x2c obj/Release/src/main/Tuareg_service_functions.o
                0x0000000008006b94                deactivate_coil1
 .text.coil1_periodic_update
                0x0000000008006bc0       0x54 obj/Release/src/main/Tuareg_service_functions.o
                0x0000000008006bc0                coil1_periodic_update
 .text.activate_coil2
                0x0000000008006c14       0x8c obj/Release/src/main/Tuareg_service_functions.o
                0x0000000008006c14                activate_coil2
 .text.deactivate_coil2
                0x0000000008006ca0       0x2c obj/Release/src/main/Tuareg_service_functions.o
                0x0000000008006ca0                deactivate_coil2
 .text.coil2_periodic_update
                0x0000000008006ccc       0x54 obj/Release/src/main/Tuareg_service_functions.o
                0x0000000008006ccc                coil2_periodic_update
 .text.service_functions_periodic_update
                0x0000000008006d20       0x40 obj/Release/src/main/Tuareg_service_functions.o
                0x0000000008006d20                service_functions_periodic_update
 .text.activate_tachometer
                0x0000000008006d60       0x38 obj/Release/src/main/Tuareg_service_functions.o
                0x0000000008006d60                activate_tachometer
 .text.deactivate_tachometer
                0x0000000008006d98       0x14 obj/Release/src/main/Tuareg_service_functions.o
                0x0000000008006d98                deactivate_tachometer
 .text.request_service_activation
                0x0000000008006dac       0xb0 obj/Release/src/main/Tuareg_service_functions.o
                0x0000000008006dac                request_service_activation
 .text.update_process_table
                0x0000000008006e5c       0xc0 obj/Release/src/process_table/process_table.o
                0x0000000008006e5c                update_process_table
 .text.get_position_from_index
                0x0000000008006f1c       0x5c obj/Release/src/process_table/process_table.o
                0x0000000008006f1c                get_position_from_index
 .text.get_index_from_position
                0x0000000008006f78       0x38 obj/Release/src/process_table/process_table.o
                0x0000000008006f78                get_index_from_position
 .text.find_process_position_before
                0x0000000008006fb0       0x4c obj/Release/src/process_table/process_table.o
                0x0000000008006fb0                find_process_position_before
 .text.get_process_advance
                0x0000000008006ffc       0x34 obj/Release/src/process_table/process_table.o
                0x0000000008006ffc                get_process_advance
 .text.print_process_table
                0x0000000008007030       0x9c obj/Release/src/process_table/process_table.o
                0x0000000008007030                print_process_table
 .text.sensors_start_regular_group_conversion
                0x00000000080070cc        0xc obj/Release/src/sensors/analog_sensors.o
                0x00000000080070cc                sensors_start_regular_group_conversion
 .text.sensors_start_injected_group_conversion
                0x00000000080070d8        0xc obj/Release/src/sensors/analog_sensors.o
                0x00000000080070d8                sensors_start_injected_group_conversion
 .text.init_analog_sensors
                0x00000000080070e4      0x2d8 obj/Release/src/sensors/analog_sensors.o
                0x00000000080070e4                init_analog_sensors
 .text.update_analog_sensor
                0x00000000080073bc       0xdc obj/Release/src/sensors/analog_sensors.o
                0x00000000080073bc                update_analog_sensor
 .text.ADC_IRQHandler
                0x0000000008007498       0x6c obj/Release/src/sensors/analog_sensors.o
                0x0000000008007498                ADC_IRQHandler
 .text.DMA2_Stream0_IRQHandler
                0x0000000008007504       0x9c obj/Release/src/sensors/analog_sensors.o
                0x0000000008007504                DMA2_Stream0_IRQHandler
 .text.reset_dsensor_integrator
                0x00000000080075a0       0x2c obj/Release/src/sensors/digital_sensors.o
                0x00000000080075a0                reset_dsensor_integrator
 .text.init_digital_sensors
                0x00000000080075cc       0x88 obj/Release/src/sensors/digital_sensors.o
                0x00000000080075cc                init_digital_sensors
 .text.read_dsensors
                0x0000000008007654       0x64 obj/Release/src/sensors/digital_sensors.o
                0x0000000008007654                read_dsensors
 .text.update_digital_sensors
                0x00000000080076b8       0x6c obj/Release/src/sensors/digital_sensors.o
                0x00000000080076b8                update_digital_sensors
 .text.load_Sensor_Calibration
                0x0000000008007724       0x2c obj/Release/src/sensors/sensor_calibration.o
                0x0000000008007724                load_Sensor_Calibration
 .text.store_Sensor_Calibration
                0x0000000008007750       0x10 obj/Release/src/sensors/sensor_calibration.o
                0x0000000008007750                store_Sensor_Calibration
 .text.show_Sensor_Calibration
                0x0000000008007760       0x30 obj/Release/src/sensors/sensor_calibration.o
                0x0000000008007760                show_Sensor_Calibration
 .text.modify_Sensor_Calibration
                0x0000000008007790       0x18 obj/Release/src/sensors/sensor_calibration.o
                0x0000000008007790                modify_Sensor_Calibration
 .text.send_Sensor_Calibration
                0x00000000080077a8        0xc obj/Release/src/sensors/sensor_calibration.o
                0x00000000080077a8                send_Sensor_Calibration
 .text.store_InvTableCLT
                0x00000000080077b4       0x10 obj/Release/src/sensors/sensor_calibration.o
                0x00000000080077b4                store_InvTableCLT
 .text.show_InvTableCLT
                0x00000000080077c4       0x20 obj/Release/src/sensors/sensor_calibration.o
                0x00000000080077c4                show_InvTableCLT
 .text.modify_InvTableCLT
                0x00000000080077e4       0x10 obj/Release/src/sensors/sensor_calibration.o
                0x00000000080077e4                modify_InvTableCLT
 .text.send_InvTableCLT
                0x00000000080077f4        0xc obj/Release/src/sensors/sensor_calibration.o
                0x00000000080077f4                send_InvTableCLT
 .text.getValue_InvTableCLT
                0x0000000008007800       0x14 obj/Release/src/sensors/sensor_calibration.o
                0x0000000008007800                getValue_InvTableCLT
 .text.sensors_diag_log_event
                0x0000000008007814       0x28 obj/Release/src/sensors/sensors_diag.o
                0x0000000008007814                sensors_diag_log_event
 .text.print_sensors_diag
                0x000000000800783c       0x68 obj/Release/src/sensors/sensors_diag.o
                0x000000000800783c                print_sensors_diag
 .text.Tuareg_update_MAP_sensor
                0x00000000080078a4       0x5c obj/Release/src/sensors/Tuareg_sensors.o
                0x00000000080078a4                Tuareg_update_MAP_sensor
 .text.Tuareg_update_O2_sensor
                0x0000000008007900       0x54 obj/Release/src/sensors/Tuareg_sensors.o
                0x0000000008007900                Tuareg_update_O2_sensor
 .text.Tuareg_update_TPS_sensor
                0x0000000008007954       0x54 obj/Release/src/sensors/Tuareg_sensors.o
                0x0000000008007954                Tuareg_update_TPS_sensor
 .text.Tuareg_update_IAT_sensor
                0x00000000080079a8       0x64 obj/Release/src/sensors/Tuareg_sensors.o
                0x00000000080079a8                Tuareg_update_IAT_sensor
 .text.Tuareg_update_CLT_sensor
                0x0000000008007a0c       0x68 obj/Release/src/sensors/Tuareg_sensors.o
                0x0000000008007a0c                Tuareg_update_CLT_sensor
 .text.Tuareg_update_VBAT_sensor
                0x0000000008007a74       0x58 obj/Release/src/sensors/Tuareg_sensors.o
                0x0000000008007a74                Tuareg_update_VBAT_sensor
 .text.Tuareg_update_KNOCK_sensor
                0x0000000008007acc       0x58 obj/Release/src/sensors/Tuareg_sensors.o
                0x0000000008007acc                Tuareg_update_KNOCK_sensor
 .text.Tuareg_update_BARO_sensor
                0x0000000008007b24       0x5c obj/Release/src/sensors/Tuareg_sensors.o
                0x0000000008007b24                Tuareg_update_BARO_sensor
 .text.Tuareg_update_GEAR_sensor
                0x0000000008007b80       0x74 obj/Release/src/sensors/Tuareg_sensors.o
                0x0000000008007b80                Tuareg_update_GEAR_sensor
 .text.init_Sensors
                0x0000000008007bf4       0xf0 obj/Release/src/sensors/Tuareg_sensors.o
                0x0000000008007bf4                init_Sensors
 .text.adc_set_regular_group
                0x0000000008007ce4       0x6e obj/Release/src/stm32_libs/stm32f4xx/boctok/stm32f4xx_adc_boctok.o
                0x0000000008007ce4                adc_set_regular_group
 .text.adc_set_regular_group_length
                0x0000000008007d52       0x18 obj/Release/src/stm32_libs/stm32f4xx/boctok/stm32f4xx_adc_boctok.o
                0x0000000008007d52                adc_set_regular_group_length
 .text.adc_set_sample_time
                0x0000000008007d6a       0x3c obj/Release/src/stm32_libs/stm32f4xx/boctok/stm32f4xx_adc_boctok.o
                0x0000000008007d6a                adc_set_sample_time
 .text.adc_start_regular_group
                0x0000000008007da6        0xa obj/Release/src/stm32_libs/stm32f4xx/boctok/stm32f4xx_adc_boctok.o
                0x0000000008007da6                adc_start_regular_group
 .text.adc_start_injected_group
                0x0000000008007db0        0xa obj/Release/src/stm32_libs/stm32f4xx/boctok/stm32f4xx_adc_boctok.o
                0x0000000008007db0                adc_start_injected_group
 *fill*         0x0000000008007dba        0x2 
 .text.getScbDump
                0x0000000008007dbc       0x24 obj/Release/src/stm32_libs/stm32f4xx/boctok/stm32f4xx_fault_handler_boctok.o
                0x0000000008007dbc                getScbDump
 .text.getStackRegisters
                0x0000000008007de0       0x30 obj/Release/src/stm32_libs/stm32f4xx/boctok/stm32f4xx_fault_handler_boctok.o
                0x0000000008007de0                getStackRegisters
 .text.HardFault_Handler
                0x0000000008007e10       0x28 obj/Release/src/stm32_libs/stm32f4xx/boctok/stm32f4xx_fault_handler_boctok.o
                0x0000000008007e10                HardFault_Handler
 .text.NMI_Handler
                0x0000000008007e38       0x28 obj/Release/src/stm32_libs/stm32f4xx/boctok/stm32f4xx_fault_handler_boctok.o
                0x0000000008007e38                NMI_Handler
 .text.MemManage_Handler
                0x0000000008007e60       0x28 obj/Release/src/stm32_libs/stm32f4xx/boctok/stm32f4xx_fault_handler_boctok.o
                0x0000000008007e60                MemManage_Handler
 .text.BusFault_Handler
                0x0000000008007e88       0x28 obj/Release/src/stm32_libs/stm32f4xx/boctok/stm32f4xx_fault_handler_boctok.o
                0x0000000008007e88                BusFault_Handler
 .text.UsageFault_Handler
                0x0000000008007eb0       0x28 obj/Release/src/stm32_libs/stm32f4xx/boctok/stm32f4xx_fault_handler_boctok.o
                0x0000000008007eb0                UsageFault_Handler
 .text.SVC_Handler
                0x0000000008007ed8       0x28 obj/Release/src/stm32_libs/stm32f4xx/boctok/stm32f4xx_fault_handler_boctok.o
                0x0000000008007ed8                SVC_Handler
 .text.DebugMon_Handler
                0x0000000008007f00       0x28 obj/Release/src/stm32_libs/stm32f4xx/boctok/stm32f4xx_fault_handler_boctok.o
                0x0000000008007f00                DebugMon_Handler
 .text.PendSV_Handler
                0x0000000008007f28       0x28 obj/Release/src/stm32_libs/stm32f4xx/boctok/stm32f4xx_fault_handler_boctok.o
                0x0000000008007f28                PendSV_Handler
 .text.WWDG_IRQHandler
                0x0000000008007f50       0x28 obj/Release/src/stm32_libs/stm32f4xx/boctok/stm32f4xx_fault_handler_boctok.o
                0x0000000008007f50                WWDG_IRQHandler
 .text.FPU_IRQHandler
                0x0000000008007f78       0x28 obj/Release/src/stm32_libs/stm32f4xx/boctok/stm32f4xx_fault_handler_boctok.o
                0x0000000008007f78                FPU_IRQHandler
 .text.GPIO_configure
                0x0000000008007fa0       0x6c obj/Release/src/stm32_libs/stm32f4xx/boctok/stm32f4xx_gpio_boctok.o
                0x0000000008007fa0                GPIO_configure
 .text.SYSCFG_map_EXTI
                0x000000000800800c       0x98 obj/Release/src/stm32_libs/stm32f4xx/boctok/stm32f4xx_gpio_boctok.o
                0x000000000800800c                SYSCFG_map_EXTI
 .text.gpio_set_pin
                0x00000000080080a4       0x36 obj/Release/src/stm32_libs/stm32f4xx/boctok/stm32f4xx_gpio_boctok.o
                0x00000000080080a4                gpio_set_pin
 .text.GPIO_SetAF
                0x00000000080080da       0x44 obj/Release/src/stm32_libs/stm32f4xx/boctok/stm32f4xx_gpio_boctok.o
                0x00000000080080da                GPIO_SetAF
 *fill*         0x000000000800811e        0x2 
 .text.Reset_Handler
                0x0000000008008120       0x50 obj/Release/src/stm32_libs/stm32f4xx/cmsis/startup_stm32f410xx.o
                0x0000000008008120                Reset_Handler
 .text.Default_Handler
                0x0000000008008170        0x2 obj/Release/src/stm32_libs/stm32f4xx/cmsis/startup_stm32f410xx.o
                0x0000000008008170                RTC_Alarm_IRQHandler
                0x0000000008008170                FMPI2C1_EV_IRQHandler
                0x0000000008008170                TIM1_CC_IRQHandler
                0x0000000008008170                DMA2_Stream5_IRQHandler
                0x0000000008008170                DMA1_Stream5_IRQHandler
                0x0000000008008170                PVD_IRQHandler
                0x0000000008008170                TAMP_STAMP_IRQHandler
                0x0000000008008170                EXTI3_IRQHandler
                0x0000000008008170                I2C2_EV_IRQHandler
                0x0000000008008170                DMA1_Stream2_IRQHandler
                0x0000000008008170                DMA2_Stream2_IRQHandler
                0x0000000008008170                SPI1_IRQHandler
                0x0000000008008170                TIM6_DAC_IRQHandler
                0x0000000008008170                DMA2_Stream3_IRQHandler
                0x0000000008008170                USART6_IRQHandler
                0x0000000008008170                I2C1_EV_IRQHandler
                0x0000000008008170                DMA1_Stream6_IRQHandler
                0x0000000008008170                DMA1_Stream1_IRQHandler
                0x0000000008008170                RCC_IRQHandler
                0x0000000008008170                Default_Handler
                0x0000000008008170                EXTI15_10_IRQHandler
                0x0000000008008170                DMA1_Stream7_IRQHandler
                0x0000000008008170                SPI5_IRQHandler
                0x0000000008008170                DMA2_Stream7_IRQHandler
                0x0000000008008170                EXTI9_5_IRQHandler
                0x0000000008008170                RTC_WKUP_IRQHandler
                0x0000000008008170                SPI2_IRQHandler
                0x0000000008008170                DMA1_Stream0_IRQHandler
                0x0000000008008170                FMPI2C1_ER_IRQHandler
                0x0000000008008170                EXTI4_IRQHandler
                0x0000000008008170                RNG_IRQHandler
                0x0000000008008170                TIM1_UP_IRQHandler
                0x0000000008008170                TIM1_TRG_COM_TIM11_IRQHandler
                0x0000000008008170                USART2_IRQHandler
                0x0000000008008170                I2C2_ER_IRQHandler
                0x0000000008008170                DMA2_Stream1_IRQHandler
                0x0000000008008170                FLASH_IRQHandler
                0x0000000008008170                DMA2_Stream4_IRQHandler
                0x0000000008008170                DMA1_Stream4_IRQHandler
                0x0000000008008170                I2C1_ER_IRQHandler
                0x0000000008008170                LPTIM1_IRQHandler
                0x0000000008008170                DMA2_Stream6_IRQHandler
                0x0000000008008170                DMA1_Stream3_IRQHandler
 .text._init    0x0000000008008172        0x2 obj/Release/src/stm32_libs/stm32f4xx/cmsis/system_hse100_stm32f410.o
                0x0000000008008172                _init
 .text.SystemInit
                0x0000000008008174       0xf0 obj/Release/src/stm32_libs/stm32f4xx/cmsis/system_hse100_stm32f410.o
                0x0000000008008174                SystemInit
 .text.NVIC_PriorityGroupConfig
                0x0000000008008264       0x14 obj/Release/src/stm32_libs/stm32f4xx/spl/misc.o
                0x0000000008008264                NVIC_PriorityGroupConfig
 .text.DMA_Init
                0x0000000008008278       0x54 obj/Release/src/stm32_libs/stm32f4xx/spl/stm32f4xx_dma.o
                0x0000000008008278                DMA_Init
 .text.DMA_StructInit
                0x00000000080082cc       0x22 obj/Release/src/stm32_libs/stm32f4xx/spl/stm32f4xx_dma.o
                0x00000000080082cc                DMA_StructInit
 *fill*         0x00000000080082ee        0x2 
 .text.I2C_Init
                0x00000000080082f0       0xc8 obj/Release/src/stm32_libs/stm32f4xx/spl/stm32f4xx_i2c.o
                0x00000000080082f0                I2C_Init
 .text.I2C_Cmd  0x00000000080083b8       0x16 obj/Release/src/stm32_libs/stm32f4xx/spl/stm32f4xx_i2c.o
                0x00000000080083b8                I2C_Cmd
 .text.I2C_GenerateSTART
                0x00000000080083ce       0x16 obj/Release/src/stm32_libs/stm32f4xx/spl/stm32f4xx_i2c.o
                0x00000000080083ce                I2C_GenerateSTART
 .text.I2C_GenerateSTOP
                0x00000000080083e4       0x16 obj/Release/src/stm32_libs/stm32f4xx/spl/stm32f4xx_i2c.o
                0x00000000080083e4                I2C_GenerateSTOP
 .text.I2C_Send7bitAddress
                0x00000000080083fa       0x12 obj/Release/src/stm32_libs/stm32f4xx/spl/stm32f4xx_i2c.o
                0x00000000080083fa                I2C_Send7bitAddress
 .text.I2C_AcknowledgeConfig
                0x000000000800840c       0x16 obj/Release/src/stm32_libs/stm32f4xx/spl/stm32f4xx_i2c.o
                0x000000000800840c                I2C_AcknowledgeConfig
 .text.I2C_SendData
                0x0000000008008422        0x4 obj/Release/src/stm32_libs/stm32f4xx/spl/stm32f4xx_i2c.o
                0x0000000008008422                I2C_SendData
 .text.I2C_ReceiveData
                0x0000000008008426        0x6 obj/Release/src/stm32_libs/stm32f4xx/spl/stm32f4xx_i2c.o
                0x0000000008008426                I2C_ReceiveData
 .text.I2C_CheckEvent
                0x000000000800842c       0x16 obj/Release/src/stm32_libs/stm32f4xx/spl/stm32f4xx_i2c.o
                0x000000000800842c                I2C_CheckEvent
 .text.I2C_GetFlagStatus
                0x0000000008008442       0x34 obj/Release/src/stm32_libs/stm32f4xx/spl/stm32f4xx_i2c.o
                0x0000000008008442                I2C_GetFlagStatus
 .text.I2C_ClearFlag
                0x0000000008008476        0x8 obj/Release/src/stm32_libs/stm32f4xx/spl/stm32f4xx_i2c.o
                0x0000000008008476                I2C_ClearFlag
 *fill*         0x000000000800847e        0x2 
 .text.RCC_GetClocksFreq
                0x0000000008008480       0x88 obj/Release/src/stm32_libs/stm32f4xx/spl/stm32f4xx_rcc.o
                0x0000000008008480                RCC_GetClocksFreq
 .text.USART_Init
                0x0000000008008508       0xb0 obj/Release/src/stm32_libs/stm32f4xx/spl/stm32f4xx_usart.o
                0x0000000008008508                USART_Init
 .text.USART_Cmd
                0x00000000080085b8       0x16 obj/Release/src/stm32_libs/stm32f4xx/spl/stm32f4xx_usart.o
                0x00000000080085b8                USART_Cmd
 .text.USART_ReceiveData
                0x00000000080085ce        0x8 obj/Release/src/stm32_libs/stm32f4xx/spl/stm32f4xx_usart.o
                0x00000000080085ce                USART_ReceiveData
 .text.USART_ITConfig
                0x00000000080085d6       0x32 obj/Release/src/stm32_libs/stm32f4xx/spl/stm32f4xx_usart.o
                0x00000000080085d6                USART_ITConfig
 .text.Eeprom_init
                0x0000000008008608       0xa0 obj/Release/src/storage/eeprom.o
                0x0000000008008608                Eeprom_init
 .text.eeprom_wait
                0x00000000080086a8       0xb0 obj/Release/src/storage/eeprom.o
                0x00000000080086a8                eeprom_wait
 .text.eeprom_write_byte
                0x0000000008008758      0x104 obj/Release/src/storage/eeprom.o
                0x0000000008008758                eeprom_write_byte
 .text.eeprom_read_byte
                0x000000000800885c      0x188 obj/Release/src/storage/eeprom.o
                0x000000000800885c                eeprom_read_byte
 .text.eeprom_update_byte
                0x00000000080089e4       0x58 obj/Release/src/storage/eeprom.o
                0x00000000080089e4                eeprom_update_byte
 .text.Eeprom_load_data
                0x0000000008008a3c       0x40 obj/Release/src/storage/eeprom.o
                0x0000000008008a3c                Eeprom_load_data
 .text.Eeprom_update_data
                0x0000000008008a7c       0x38 obj/Release/src/storage/eeprom.o
                0x0000000008008a7c                Eeprom_update_data
 .text.getValue_t2D
                0x0000000008008ab4       0xbc obj/Release/src/storage/table.o
                0x0000000008008ab4                getValue_t2D
 .text.getValue_t3D
                0x0000000008008b70      0x2c6 obj/Release/src/storage/table.o
                0x0000000008008b70                getValue_t3D
 .text.load_t2D_data
                0x0000000008008e36        0xc obj/Release/src/storage/table.o
                0x0000000008008e36                load_t2D_data
 .text.load_t2D
                0x0000000008008e42        0xe obj/Release/src/storage/table.o
                0x0000000008008e42                load_t2D
 .text.load_t3D_data
                0x0000000008008e50        0xe obj/Release/src/storage/table.o
                0x0000000008008e50                load_t3D_data
 .text.store_t2D_data
                0x0000000008008e5e        0xc obj/Release/src/storage/table.o
                0x0000000008008e5e                store_t2D_data
 .text.store_t2D
                0x0000000008008e6a        0xe obj/Release/src/storage/table.o
                0x0000000008008e6a                store_t2D
 .text.store_t3D_data
                0x0000000008008e78        0xe obj/Release/src/storage/table.o
                0x0000000008008e78                store_t3D_data
 *fill*         0x0000000008008e86        0x2 
 .text.show_t3D_data
                0x0000000008008e88       0xa4 obj/Release/src/storage/table.o
                0x0000000008008e88                show_t3D_data
 .text.show_t2D_data
                0x0000000008008f2c       0x64 obj/Release/src/storage/table.o
                0x0000000008008f2c                show_t2D_data
 .text.modify_t2D_data
                0x0000000008008f90        0xe obj/Release/src/storage/table.o
                0x0000000008008f90                modify_t2D_data
 .text.modify_t3D_data
                0x0000000008008f9e       0x10 obj/Release/src/storage/table.o
                0x0000000008008f9e                modify_t3D_data
 .text.send_t2D_data
                0x0000000008008fae        0x6 obj/Release/src/storage/table.o
                0x0000000008008fae                send_t2D_data
 .text.send_t3D_data
                0x0000000008008fb4        0x8 obj/Release/src/storage/table.o
                0x0000000008008fb4                send_t3D_data
 .text.allocate_timer_channel_1
                0x0000000008008fbc       0x3c obj/Release/src/timing/scheduler.o
                0x0000000008008fbc                allocate_timer_channel_1
 .text.reset_timer_channel_1
                0x0000000008008ff8       0x30 obj/Release/src/timing/scheduler.o
                0x0000000008008ff8                reset_timer_channel_1
 .text.allocate_timer_channel_2
                0x0000000008009028       0x3c obj/Release/src/timing/scheduler.o
                0x0000000008009028                allocate_timer_channel_2
 .text.reset_timer_channel_2
                0x0000000008009064       0x30 obj/Release/src/timing/scheduler.o
                0x0000000008009064                reset_timer_channel_2
 .text.allocate_timer_channel_3
                0x0000000008009094       0x3c obj/Release/src/timing/scheduler.o
                0x0000000008009094                allocate_timer_channel_3
 .text.reset_timer_channel_3
                0x00000000080090d0       0x30 obj/Release/src/timing/scheduler.o
                0x00000000080090d0                reset_timer_channel_3
 .text.allocate_timer_channel_4
                0x0000000008009100       0x3c obj/Release/src/timing/scheduler.o
                0x0000000008009100                allocate_timer_channel_4
 .text.reset_timer_channel_4
                0x000000000800913c       0x30 obj/Release/src/timing/scheduler.o
                0x000000000800913c                reset_timer_channel_4
 .text.init_Vital_Scheduler
                0x000000000800916c       0xd0 obj/Release/src/timing/scheduler.o
                0x000000000800916c                init_Vital_Scheduler
 .text.scheduler_reset_channel
                0x000000000800923c       0x5c obj/Release/src/timing/scheduler.o
                0x000000000800923c                scheduler_reset_channel
 .text.allocate_channel
                0x0000000008009298       0x8c obj/Release/src/timing/scheduler.o
                0x0000000008009298                allocate_channel
 .text.scheduler_set_channel
                0x0000000008009324      0x108 obj/Release/src/timing/scheduler.o
                0x0000000008009324                scheduler_set_channel
 .text.TIM5_IRQHandler
                0x000000000800942c      0x128 obj/Release/src/timing/scheduler.o
                0x000000000800942c                TIM5_IRQHandler
 .text.scheduler_diag_log_event
                0x0000000008009554       0x28 obj/Release/src/timing/scheduler_diag.o
                0x0000000008009554                scheduler_diag_log_event
 .text.print_scheduler_diag
                0x000000000800957c       0x68 obj/Release/src/timing/scheduler_diag.o
                0x000000000800957c                print_scheduler_diag
 .text.init_systick_timer
                0x00000000080095e4       0x24 obj/Release/src/timing/systick_timer.o
                0x00000000080095e4                init_systick_timer
 .text.get_timestamp_fraction_us
                0x0000000008009608       0x24 obj/Release/src/timing/systick_timer.o
                0x0000000008009608                get_timestamp_fraction_us
 .text.SysTick_Handler
                0x000000000800962c       0xf4 obj/Release/src/timing/systick_timer.o
                0x000000000800962c                SysTick_Handler
 .text.calc_rot_duration_us
                0x0000000008009720        0xc obj/Release/src/utils/base_calc.o
                0x0000000008009720                calc_rot_duration_us
 .text.calc_rot_angle_deg
                0x000000000800972c       0x20 obj/Release/src/utils/base_calc.o
                0x000000000800972c                calc_rot_angle_deg
 .text.calc_rpm
                0x000000000800974c       0x20 obj/Release/src/utils/base_calc.o
                0x000000000800974c                calc_rpm
 .text.sub_VU32
                0x000000000800976c       0x14 obj/Release/src/utils/base_calc.o
                0x000000000800976c                sub_VU32
 .text.subtract_U32
                0x0000000008009780        0xa obj/Release/src/utils/base_calc.o
                0x0000000008009780                subtract_U32
 .text.divide_U32
                0x000000000800978a       0x18 obj/Release/src/utils/base_calc.o
                0x000000000800978a                divide_U32
 *fill*         0x00000000080097a2        0x2 
 .text.divide_F32
                0x00000000080097a4       0x2c obj/Release/src/utils/base_calc.o
                0x00000000080097a4                divide_F32
 .text.divide_float
                0x00000000080097d0       0x28 obj/Release/src/utils/base_calc.o
                0x00000000080097d0                divide_float
 .text.crank_position_after
                0x00000000080097f8       0x14 obj/Release/src/utils/base_calc.o
                0x00000000080097f8                crank_position_after
 .text.opposite_phase
                0x000000000800980c       0x10 obj/Release/src/utils/base_calc.o
                0x000000000800980c                opposite_phase
 .text.solve_linear
                0x000000000800981c       0x48 obj/Release/src/utils/base_calc.o
                0x000000000800981c                solve_linear
 .text.calc_ema
                0x0000000008009864       0x42 obj/Release/src/utils/base_calc.o
                0x0000000008009864                calc_ema
 *fill*         0x00000000080098a6        0x2 
 .text.calc_derivative_s
                0x00000000080098a8       0x44 obj/Release/src/utils/base_calc.o
                0x00000000080098a8                calc_derivative_s
 .text.abs_F32  0x00000000080098ec       0x24 obj/Release/src/utils/base_calc.o
                0x00000000080098ec                abs_F32
 .text.getBit_BF8
                0x0000000008009910       0x26 obj/Release/src/utils/bitfields.o