Archive member included to satisfy reference by file (symbol)

/opt/gcc-arm-none-eabi-7-2017-q4-major/bin/../lib/gcc/arm-none-eabi/7.2.1/../../../../arm-none-eabi/lib/thumb/v7e-m/fpv4-sp/hard/libc.a(lib_a-init.o)
                              obj/Release/src/stm32_libs/stm32f4xx/cmsis/startup_stm32f410xx.o (__libc_init_array)

Discarded input sections

 .text          0x0000000000000000        0x0 obj/Release/src/actors/act_hw.o
 .data          0x0000000000000000        0x0 obj/Release/src/actors/act_hw.o
 .bss           0x0000000000000000        0x0 obj/Release/src/actors/act_hw.o
 .text.set_act1
                0x0000000000000000       0x20 obj/Release/src/actors/act_hw.o
 .text.set_act2
                0x0000000000000000       0x20 obj/Release/src/actors/act_hw.o
 .text.init_act_hw
                0x0000000000000000       0x4c obj/Release/src/actors/act_hw.o
 .comment       0x0000000000000000       0x7f obj/Release/src/actors/act_hw.o
 .ARM.attributes
                0x0000000000000000       0x39 obj/Release/src/actors/act_hw.o
 .text          0x0000000000000000        0x0 obj/Release/src/actors/act_logic.o
 .data          0x0000000000000000        0x0 obj/Release/src/actors/act_logic.o
 .bss           0x0000000000000000        0x0 obj/Release/src/actors/act_logic.o
 .text.init_act_logic
                0x0000000000000000        0x2 obj/Release/src/actors/act_logic.o
 .comment       0x0000000000000000       0x7f obj/Release/src/actors/act_logic.o
 .ARM.attributes
                0x0000000000000000       0x39 obj/Release/src/actors/act_logic.o
 .text          0x0000000000000000        0x0 obj/Release/src/com/serial_buffer.o
 .data          0x0000000000000000        0x0 obj/Release/src/com/serial_buffer.o
 .bss           0x0000000000000000        0x0 obj/Release/src/com/serial_buffer.o
 .text          0x0000000000000000        0x0 obj/Release/src/com/serial_monitor.o
 .data          0x0000000000000000        0x0 obj/Release/src/com/serial_monitor.o
 .bss           0x0000000000000000        0x0 obj/Release/src/com/serial_monitor.o
 .comment       0x0000000000000000       0x7f obj/Release/src/com/serial_monitor.o
 .ARM.attributes
                0x0000000000000000       0x39 obj/Release/src/com/serial_monitor.o
 .text          0x0000000000000000        0x0 obj/Release/src/com/Tuareg_console.o
 .data          0x0000000000000000        0x0 obj/Release/src/com/Tuareg_console.o
 .bss           0x0000000000000000        0x0 obj/Release/src/com/Tuareg_console.o
 .rodata.cTSmaxChunkLen
                0x0000000000000000        0x4 obj/Release/src/com/Tuareg_console.o
 .rodata.cTSmaxOffset
                0x0000000000000000        0x4 obj/Release/src/com/Tuareg_console.o
 .text          0x0000000000000000        0x0 obj/Release/src/com/TunerStudio.o
 .data          0x0000000000000000        0x0 obj/Release/src/com/TunerStudio.o
 .bss           0x0000000000000000        0x0 obj/Release/src/com/TunerStudio.o
 .text          0x0000000000000000        0x0 obj/Release/src/com/TunerStudio_outChannel.o
 .data          0x0000000000000000        0x0 obj/Release/src/com/TunerStudio_outChannel.o
 .bss           0x0000000000000000        0x0 obj/Release/src/com/TunerStudio_outChannel.o
 .rodata.cOut_size
                0x0000000000000000        0x4 obj/Release/src/com/TunerStudio_outChannel.o
 .rodata.pOut_data
                0x0000000000000000        0x4 obj/Release/src/com/TunerStudio_outChannel.o
 .text          0x0000000000000000        0x0 obj/Release/src/com/TunerStudio_service.o
 .data          0x0000000000000000        0x0 obj/Release/src/com/TunerStudio_service.o
 .bss           0x0000000000000000        0x0 obj/Release/src/com/TunerStudio_service.o
 .text          0x0000000000000000        0x0 obj/Release/src/com/uart.o
 .data          0x0000000000000000        0x0 obj/Release/src/com/uart.o
 .bss           0x0000000000000000        0x0 obj/Release/src/com/uart.o
 .text.UART_listen
                0x0000000000000000        0xa obj/Release/src/com/uart.o
 .text.UART_nolisten
                0x0000000000000000        0xa obj/Release/src/com/uart.o
 .text          0x0000000000000000        0x0 obj/Release/src/com/uart_printf.o
 .data          0x0000000000000000        0x0 obj/Release/src/com/uart_printf.o
 .bss           0x0000000000000000        0x0 obj/Release/src/com/uart_printf.o
 .text.printf_S
                0x0000000000000000       0x20 obj/Release/src/com/uart_printf.o
 .text.printf_U8
                0x0000000000000000       0x42 obj/Release/src/com/uart_printf.o
 .text.printf_U32hex
                0x0000000000000000       0x30 obj/Release/src/com/uart_printf.o
 .text          0x0000000000000000        0x0 obj/Release/src/dash/dash_hw.o
 .data          0x0000000000000000        0x0 obj/Release/src/dash/dash_hw.o
 .bss           0x0000000000000000        0x0 obj/Release/src/dash/dash_hw.o
 .text          0x0000000000000000        0x0 obj/Release/src/dash/Tuareg_dash.o
[...]
Memory Configuration

Name             Origin             Length             Attributes
FLASH            0x0000000008000000 0x0000000000020000 xr
RAM              0x0000000020000000 0x0000000000008000 xrw
MEMORY_B1        0x0000000060000000 0x0000000000000000 xr
*default*        0x0000000000000000 0xffffffffffffffff

Linker script and memory map

LOAD obj/Release/src/actors/act_hw.o
LOAD obj/Release/src/actors/act_logic.o
LOAD obj/Release/src/com/serial_buffer.o
LOAD obj/Release/src/com/serial_monitor.o
LOAD obj/Release/src/com/Tuareg_console.o
LOAD obj/Release/src/com/TunerStudio.o
LOAD obj/Release/src/com/TunerStudio_outChannel.o
LOAD obj/Release/src/com/TunerStudio_service.o
LOAD obj/Release/src/com/uart.o
LOAD obj/Release/src/com/uart_printf.o
LOAD obj/Release/src/dash/dash_hw.o
LOAD obj/Release/src/dash/Tuareg_dash.o
LOAD obj/Release/src/debug/debug.o
LOAD obj/Release/src/debug/debug_port_messages.o
LOAD obj/Release/src/debug/dwt.o
LOAD obj/Release/src/decoder/decoder_cis.o
LOAD obj/Release/src/decoder/decoder_config.o
LOAD obj/Release/src/decoder/decoder_debug.o
LOAD obj/Release/src/decoder/decoder_diag.o
LOAD obj/Release/src/decoder/decoder_hw.o
LOAD obj/Release/src/decoder/decoder_logic.o
LOAD obj/Release/src/decoder/Tuareg_decoder.o
LOAD obj/Release/src/diagnostics/diagnostics.o
LOAD obj/Release/src/diagnostics/fault_log.o
LOAD obj/Release/src/diagnostics/highspeed_loggers.o
LOAD obj/Release/src/diagnostics/syslog.o
LOAD obj/Release/src/fueling/accel_comp.o
LOAD obj/Release/src/fueling/fueling_config.o
LOAD obj/Release/src/fueling/fueling_corrections.o
LOAD obj/Release/src/fueling/fueling_diag.o
LOAD obj/Release/src/fueling/fueling_hw.o
LOAD obj/Release/src/fueling/injector_parameters.o
LOAD obj/Release/src/fueling/Tuareg_fueling.o
LOAD obj/Release/src/fueling/Tuareg_fueling_controls.o
LOAD obj/Release/src/ignition/ignition_config.o
LOAD obj/Release/src/ignition/ignition_diag.o
LOAD obj/Release/src/ignition/ignition_hw.o
LOAD obj/Release/src/ignition/Tuareg_ignition.o
LOAD obj/Release/src/ignition/Tuareg_ignition_controls.o
LOAD obj/Release/src/main/main.o
LOAD obj/Release/src/main/Tuareg.o
LOAD obj/Release/src/main/Tuareg_config.o
LOAD obj/Release/src/main/Tuareg_diag.o
LOAD obj/Release/src/main/Tuareg_errors.o
LOAD obj/Release/src/main/Tuareg_ID.o
LOAD obj/Release/src/main/Tuareg_process_data.o
LOAD obj/Release/src/main/Tuareg_service_functions.o
LOAD obj/Release/src/main/Tuareg_types.o
LOAD obj/Release/src/module_test/module_test.o
LOAD obj/Release/src/process_table/process_table.o
LOAD obj/Release/src/sensors/analog_sensors.o
LOAD obj/Release/src/sensors/digital_sensors.o
LOAD obj/Release/src/sensors/knock_sensor.o
LOAD obj/Release/src/sensors/sensor_calibration.o
LOAD obj/Release/src/sensors/sensors_diag.o
LOAD obj/Release/src/sensors/Tuareg_sensors.o
LOAD obj/Release/src/stm32_libs/stm32f4xx/boctok/stm32f4xx_adc_boctok.o
LOAD obj/Release/src/stm32_libs/stm32f4xx/boctok/stm32f4xx_fault_handler_boctok.o
LOAD obj/Release/src/stm32_libs/stm32f4xx/boctok/stm32f4xx_gpio_boctok.o
LOAD obj/Release/src/stm32_libs/stm32f4xx/cmsis/startup_stm32f410xx.o
LOAD obj/Release/src/stm32_libs/stm32f4xx/cmsis/system_hse100_stm32f410.o
LOAD obj/Release/src/stm32_libs/stm32f4xx/spl/misc.o
LOAD obj/Release/src/stm32_libs/stm32f4xx/spl/stm32f4xx_dma.o
LOAD obj/Release/src/stm32_libs/stm32f4xx/spl/stm32f4xx_i2c.o
LOAD obj/Release/src/stm32_libs/stm32f4xx/spl/stm32f4xx_rcc.o
LOAD obj/Release/src/stm32_libs/stm32f4xx/spl/stm32f4xx_usart.o
LOAD obj/Release/src/storage/eeprom.o
LOAD obj/Release/src/storage/table.o
LOAD obj/Release/src/timing/lowprio_scheduler.o
LOAD obj/Release/src/timing/scheduler.o
LOAD obj/Release/src/timing/scheduler_diag.o
LOAD obj/Release/src/timing/systick_timer.o
LOAD obj/Release/src/utils/base_calc.o
LOAD obj/Release/src/utils/bitfields.o
LOAD obj/Release/src/utils/conversion.o
                0x0000000020008000                _estack = 0x20008000
                0x0000000000000000                _Min_Heap_Size = 0x0
                0x0000000000000100                _Min_Stack_Size = 0x100

.isr_vector     0x0000000008000000      0x1c8
                0x0000000008000000                . = ALIGN (0x4)
 *(.isr_vector)
 .isr_vector    0x0000000008000000      0x1c8 obj/Release/src/stm32_libs/stm32f4xx/cmsis/startup_stm32f410xx.o
                0x0000000008000000                g_pfnVectors
                0x00000000080001c8                . = ALIGN (0x4)

.text           0x00000000080001c8     0xcc54
                0x00000000080001c8                . = ALIGN (0x4)
 *(.text)
 *(.text*)
 .text.ComRx_Buffer_reset
                0x00000000080001c8       0x3c obj/Release/src/com/serial_buffer.o
                0x00000000080001c8                ComRx_Buffer_reset
 .text.ComRx_Buffer_avail
                0x0000000008000204        0xc obj/Release/src/com/serial_buffer.o
                0x0000000008000204                ComRx_Buffer_avail
 .text.ComRx_Buffer_push
                0x0000000008000210       0x50 obj/Release/src/com/serial_buffer.o
                0x0000000008000210                ComRx_Buffer_push
 .text.ComRx_Buffer_pull
                0x0000000008000260       0x44 obj/Release/src/com/serial_buffer.o
                0x0000000008000260                ComRx_Buffer_pull
 .text.ComRx_Buffer_pull_U16
                0x00000000080002a4       0x30 obj/Release/src/com/serial_buffer.o
                0x00000000080002a4                ComRx_Buffer_pull_U16
 .text.ComRx_Buffer_pull_U32
                0x00000000080002d4       0x56 obj/Release/src/com/serial_buffer.o
                0x00000000080002d4                ComRx_Buffer_pull_U32
 *fill*         0x000000000800032a        0x2 
 .text.cli_showPage
                0x000000000800032c       0xa8 obj/Release/src/com/Tuareg_console.o
                0x000000000800032c                cli_showPage
 .text.cli_setPermissions
                0x00000000080003d4      0x11c obj/Release/src/com/Tuareg_console.o
                0x00000000080003d4                cli_setPermissions
 .text.cli_show_help
                0x00000000080004f0       0x9c obj/Release/src/com/Tuareg_console.o
                0x00000000080004f0                cli_show_help
 .text.Tuareg_update_console
                0x000000000800058c      0x290 obj/Release/src/com/Tuareg_console.o
                0x000000000800058c                Tuareg_update_console
 .text.cli_cyclic_update
                0x000000000800081c       0x1c obj/Release/src/com/Tuareg_console.o
                0x000000000800081c                cli_cyclic_update
 .text.Tuareg_init_console
                0x0000000008000838       0x18 obj/Release/src/com/Tuareg_console.o
                0x0000000008000838                Tuareg_init_console
 .text.ts_readPage
                0x0000000008000850       0xb4 obj/Release/src/com/TunerStudio.o
                0x0000000008000850                ts_readPage
 .text.ts_valueWrite
                0x0000000008000904      0x1a8 obj/Release/src/com/TunerStudio.o
                0x0000000008000904                ts_valueWrite
 .text.ts_burnPage
                0x0000000008000aac       0xcc obj/Release/src/com/TunerStudio.o
                0x0000000008000aac                ts_burnPage
 .text.ts_tuareg_bits
                0x0000000008000b78      0x1d4 obj/Release/src/com/TunerStudio_outChannel.o
                0x0000000008000b78                ts_tuareg_bits
 .text.ts_sendOutputChannels
                0x0000000008000d4c      0x12c obj/Release/src/com/TunerStudio_outChannel.o
                0x0000000008000d4c                ts_sendOutputChannels
 .text.ts_debug_features
                0x0000000008000e78       0xe0 obj/Release/src/com/TunerStudio_service.o
                0x0000000008000e78                ts_debug_features
 .text.cli_show_debug_help
                0x0000000008000f58       0xc0 obj/Release/src/com/TunerStudio_service.o
                0x0000000008000f58                cli_show_debug_help
 .text.cli_show_process_data
                0x0000000008001018      0x114 obj/Release/src/com/TunerStudio_service.o
                0x0000000008001018                cli_show_process_data
 .text.cli_show_ignition_controls
                0x000000000800112c      0x108 obj/Release/src/com/TunerStudio_service.o
                0x000000000800112c                cli_show_ignition_controls
 .text.cli_show_fueling_controls
                0x0000000008001234      0x3b8 obj/Release/src/com/TunerStudio_service.o
                0x0000000008001234                cli_show_fueling_controls
 .text.cli_show_decoder_interface
                0x00000000080015ec        0xc obj/Release/src/com/TunerStudio_service.o
                0x00000000080015ec                cli_show_decoder_interface
 .text.cli_print_sensor_data
                0x00000000080015f8      0x21c obj/Release/src/com/TunerStudio_service.o
                0x00000000080015f8                cli_print_sensor_data
 .text.ts_debug_info
                0x0000000008001814       0xd8 obj/Release/src/com/TunerStudio_service.o
                0x0000000008001814                ts_debug_info
 .text.UART_TS_PORT_Init
                0x00000000080018ec       0xa0 obj/Release/src/com/uart.o
                0x00000000080018ec                UART_TS_PORT_Init
 .text.UART_DEBUG_PORT_Init
                0x000000000800198c       0x68 obj/Release/src/com/uart.o
                0x000000000800198c                UART_DEBUG_PORT_Init
 .text.UART_Tx  0x00000000080019f4        0xc obj/Release/src/com/uart.o
                0x00000000080019f4                UART_Tx
 .text.UART_send_data
                0x0000000008001a00       0x1a obj/Release/src/com/uart.o
                0x0000000008001a00                UART_send_data
 *fill*         0x0000000008001a1a        0x2 
 .text.USART1_IRQHandler
                0x0000000008001a1c       0x30 obj/Release/src/com/uart.o
                0x0000000008001a1c                USART1_IRQHandler
 .text.printf_U
                0x0000000008001a4c      0x164 obj/Release/src/com/uart_printf.o
                0x0000000008001a4c                printf_U
 .text.printf_F32
                0x0000000008001bb0       0xcc obj/Release/src/com/uart_printf.o
                0x0000000008001bb0                printf_F32
 .text.printf_nib_hex
                0x0000000008001c7c       0x10 obj/Release/src/com/uart_printf.o
                0x0000000008001c7c                printf_nib_hex
 .text.print    0x0000000008001c8c       0x16 obj/Release/src/com/uart_printf.o
                0x0000000008001c8c                print
 *fill*         0x0000000008001ca2        0x2 
 .text.printf_U8hex
                0x0000000008001ca4       0x38 obj/Release/src/com/uart_printf.o
                0x0000000008001ca4                printf_U8hex
 .text.printf_crkpos
                0x0000000008001cdc       0x6c obj/Release/src/com/uart_printf.o
                0x0000000008001cdc                printf_crkpos
 .text.printf_phase
                0x0000000008001d48       0x30 obj/Release/src/com/uart_printf.o
                0x0000000008001d48                printf_phase
 .text.printf_decoder_sensing
                0x0000000008001d78       0x54 obj/Release/src/com/uart_printf.o
                0x0000000008001d78                printf_decoder_sensing
 .text.print_flash
                0x0000000008001dcc        0x4 obj/Release/src/com/uart_printf.o
                0x0000000008001dcc                print_flash
 .text.set_mil_hw
                0x0000000008001dd0       0x38 obj/Release/src/dash/dash_hw.o
                0x0000000008001dd0                set_mil_hw
 .text.init_dash_hw
                0x0000000008001e08       0x78 obj/Release/src/dash/dash_hw.o
                0x0000000008001e08                init_dash_hw
 .text.set_tachometer_compare
                0x0000000008001e80       0x28 obj/Release/src/dash/dash_hw.o
                0x0000000008001e80                set_tachometer_compare
 .text.update_tachometer
                0x0000000008001ea8       0x38 obj/Release/src/dash/Tuareg_dash.o
                0x0000000008001ea8                update_tachometer
 .text.set_mil  0x0000000008001ee0       0x58 obj/Release/src/dash/Tuareg_dash.o
                0x0000000008001ee0                set_mil
 .text.update_mil
                0x0000000008001f38       0xac obj/Release/src/dash/Tuareg_dash.o
                0x0000000008001f38                update_mil
 .text.init_dash
                0x0000000008001fe4       0x10 obj/Release/src/dash/Tuareg_dash.o
                0x0000000008001fe4                init_dash
 .text.update_dash
                0x0000000008001ff4        0xe obj/Release/src/dash/Tuareg_dash.o
                0x0000000008001ff4                update_dash
 *fill*         0x0000000008002002        0x2 
 .text.DebugMsg_Warning
                0x0000000008002004       0x24 obj/Release/src/debug/debug_port_messages.o
                0x0000000008002004                DebugMsg_Warning
 .text.decoder_update_cis
                0x0000000008002028      0x188 obj/Release/src/decoder/decoder_cis.o
                0x0000000008002028                decoder_update_cis
 .text.decoder_cis_handler
                0x00000000080021b0       0x9c obj/Release/src/decoder/decoder_cis.o
                0x00000000080021b0                decoder_cis_handler
 .text.decoder_cis_noisefilter_handler
                0x000000000800224c        0x4 obj/Release/src/decoder/decoder_cis.o
                0x000000000800224c                decoder_cis_noisefilter_handler
 .text.enable_cis
                0x0000000008002250       0x4c obj/Release/src/decoder/decoder_cis.o
                0x0000000008002250                enable_cis
 .text.disable_cis
                0x000000000800229c        0xe obj/Release/src/decoder/decoder_cis.o
                0x000000000800229c                disable_cis
 *fill*         0x00000000080022aa        0x2 
 .text.load_Decoder_Setup
                0x00000000080022ac       0x1c obj/Release/src/decoder/decoder_config.o
                0x00000000080022ac                load_Decoder_Setup
 .text.load_essential_Decoder_Setup
                0x00000000080022c8       0x3c obj/Release/src/decoder/decoder_config.o
                0x00000000080022c8                load_essential_Decoder_Setup
 .text.store_Decoder_Setup
                0x0000000008002304       0x10 obj/Release/src/decoder/decoder_config.o
                0x0000000008002304                store_Decoder_Setup
 .text.show_Decoder_Setup
                0x0000000008002314      0x154 obj/Release/src/decoder/decoder_config.o
                0x0000000008002314                show_Decoder_Setup
 .text.modify_Decoder_Setup
                0x0000000008002468       0x18 obj/Release/src/decoder/decoder_config.o
                0x0000000008002468                modify_Decoder_Setup
 .text.send_Decoder_Setup
                0x0000000008002480        0xc obj/Release/src/decoder/decoder_config.o
                0x0000000008002480                send_Decoder_Setup
 .text.decoder_debug_show_internals
                0x000000000800248c      0x58c obj/Release/src/decoder/decoder_debug.o
                0x000000000800248c                decoder_debug_show_internals
 .text.decoder_diag_log_event
                0x0000000008002a18       0x28 obj/Release/src/decoder/decoder_diag.o
                0x0000000008002a18                decoder_diag_log_event
 .text.print_decoder_diag
                0x0000000008002a40       0x68 obj/Release/src/decoder/decoder_diag.o
                0x0000000008002a40                print_decoder_diag
 .text.decoder_stop_timer
                0x0000000008002aa8       0x1c obj/Release/src/decoder/decoder_hw.o
                0x0000000008002aa8                decoder_stop_timer
 .text.update_crank_noisefilter
                0x0000000008002ac4       0x4c obj/Release/src/decoder/decoder_hw.o
                0x0000000008002ac4                update_crank_noisefilter
 .text.update_cam_noisefilter
                0x0000000008002b10       0x4c obj/Release/src/decoder/decoder_hw.o
                0x0000000008002b10                update_cam_noisefilter
 .text.decoder_mask_crank_irq
                0x0000000008002b5c       0x10 obj/Release/src/decoder/decoder_hw.o
                0x0000000008002b5c                decoder_mask_crank_irq
 .text.decoder_unmask_crank_irq
                0x0000000008002b6c       0x14 obj/Release/src/decoder/decoder_hw.o
                0x0000000008002b6c                decoder_unmask_crank_irq
 .text.decoder_mask_cis_irq
                0x0000000008002b80       0x10 obj/Release/src/decoder/decoder_hw.o
                0x0000000008002b80                decoder_mask_cis_irq
 .text.decoder_unmask_cis_irq
                0x0000000008002b90       0x14 obj/Release/src/decoder/decoder_hw.o
                0x0000000008002b90                decoder_unmask_cis_irq
 .text.set_crank_pickup_sensing_rise
                0x0000000008002ba4       0x24 obj/Release/src/decoder/decoder_hw.o
                0x0000000008002ba4                set_crank_pickup_sensing_rise
 .text.set_crank_pickup_sensing_fall
                0x0000000008002bc8       0x24 obj/Release/src/decoder/decoder_hw.o
                0x0000000008002bc8                set_crank_pickup_sensing_fall
 .text.set_crank_pickup_sensing_disabled
                0x0000000008002bec       0x24 obj/Release/src/decoder/decoder_hw.o
                0x0000000008002bec                set_crank_pickup_sensing_disabled
 .text.set_cis_sensing_rise
                0x0000000008002c10       0x24 obj/Release/src/decoder/decoder_hw.o
                0x0000000008002c10                set_cis_sensing_rise
 .text.set_cis_sensing_fall
                0x0000000008002c34       0x24 obj/Release/src/decoder/decoder_hw.o
                0x0000000008002c34                set_cis_sensing_fall
 .text.set_cis_sensing_disabled
                0x0000000008002c58       0x24 obj/Release/src/decoder/decoder_hw.o
                0x0000000008002c58                set_cis_sensing_disabled
 .text.decoder_set_crank_pickup_sensing
                0x0000000008002c7c       0x4c obj/Release/src/decoder/decoder_hw.o
                0x0000000008002c7c                decoder_set_crank_pickup_sensing
 .text.decoder_set_cis_sensing
                0x0000000008002cc8       0x4c obj/Release/src/decoder/decoder_hw.o
                0x0000000008002cc8                decoder_set_cis_sensing
 .text.trigger_decoder_irq
                0x0000000008002d14       0x14 obj/Release/src/decoder/decoder_hw.o
                0x0000000008002d14                trigger_decoder_irq
 .text.init_decoder_hw
                0x0000000008002d28       0xcc obj/Release/src/decoder/decoder_hw.o
                0x0000000008002d28                init_decoder_hw
 .text.decoder_get_timestamp
                0x0000000008002df4        0xc obj/Release/src/decoder/decoder_hw.o
                0x0000000008002df4                decoder_get_timestamp
 .text.decoder_set_timer_continuous_mode_on
                0x0000000008002e00       0x1c obj/Release/src/decoder/decoder_hw.o
                0x0000000008002e00                decoder_set_timer_continuous_mode_on
 .text.decoder_set_timer_continuous_mode_off
                0x0000000008002e1c       0x1c obj/Release/src/decoder/decoder_hw.o
                0x0000000008002e1c                decoder_set_timer_continuous_mode_off
 .text.decoder_start_timer
                0x0000000008002e38       0x5c obj/Release/src/decoder/decoder_hw.o
                0x0000000008002e38                decoder_start_timer
 .text.decoder_request_timer_reset
                0x0000000008002e94       0x10 obj/Release/src/decoder/decoder_hw.o
                0x0000000008002e94                decoder_request_timer_reset
 .text.disable_decoder_hw
                0x0000000008002ea4       0x3c obj/Release/src/decoder/decoder_hw.o
                0x0000000008002ea4                disable_decoder_hw
 .text.EXTI0_IRQHandler
                0x0000000008002ee0       0x68 obj/Release/src/decoder/decoder_hw.o
                0x0000000008002ee0                EXTI0_IRQHandler
 .text.TIM1_BRK_TIM9_IRQHandler
                0x0000000008002f48       0x74 obj/Release/src/decoder/decoder_hw.o
                0x0000000008002f48                TIM1_BRK_TIM9_IRQHandler
 .text.EXTI1_IRQHandler
                0x0000000008002fbc       0x1c obj/Release/src/decoder/decoder_hw.o
                0x0000000008002fbc                EXTI1_IRQHandler
 .text.reset_timeout_counter
                0x0000000008002fd8       0x14 obj/Release/src/decoder/decoder_logic.o
                0x0000000008002fd8                reset_timeout_counter
 .text.reset_timing_output
                0x0000000008002fec       0x2c obj/Release/src/decoder/decoder_logic.o
                0x0000000008002fec                reset_timing_output
 .text.reset_position_data
                0x0000000008003018       0x34 obj/Release/src/decoder/decoder_logic.o
                0x0000000008003018                reset_position_data
 .text.reset_internal_data
                0x000000000800304c       0x1c obj/Release/src/decoder/decoder_logic.o
                0x000000000800304c                reset_internal_data
 .text.decoder_set_state
                0x0000000008003068       0x24 obj/Release/src/decoder/decoder_logic.o
                0x0000000008003068                decoder_set_state
 .text.check_sync_ratio
                0x000000000800308c       0x74 obj/Release/src/decoder/decoder_logic.o
                0x000000000800308c                check_sync_ratio
 .text.check_sync_ratio_async
                0x0000000008003100       0x5c obj/Release/src/decoder/decoder_logic.o
                0x0000000008003100                check_sync_ratio_async
 .text.update_timing_data
                0x000000000800315c       0xe0 obj/Release/src/decoder/decoder_logic.o
                0x000000000800315c                update_timing_data
 .text.init_decoder_logic
                0x000000000800323c       0x24 obj/Release/src/decoder/decoder_logic.o
                0x000000000800323c                init_decoder_logic
 .text.disable_decoder_logic
                0x0000000008003260       0x18 obj/Release/src/decoder/decoder_logic.o
                0x0000000008003260                disable_decoder_logic
 .text.decoder_crank_handler
                0x0000000008003278      0x138 obj/Release/src/decoder/decoder_logic.o
                0x0000000008003278                decoder_crank_handler
 .text.decoder_crank_noisefilter_handler
                0x00000000080033b0        0x4 obj/Release/src/decoder/decoder_logic.o
                0x00000000080033b0                decoder_crank_noisefilter_handler
 .text.decoder_crank_timeout_handler
                0x00000000080033b4       0x3c obj/Release/src/decoder/decoder_logic.o
                0x00000000080033b4                decoder_crank_timeout_handler
 .text.init_Decoder
                0x00000000080033f0       0x68 obj/Release/src/decoder/Tuareg_decoder.o
                0x00000000080033f0                init_Decoder
 .text.disable_Decoder
                0x0000000008003458       0x28 obj/Release/src/decoder/Tuareg_decoder.o
                0x0000000008003458                disable_Decoder
 .text.decoder_get_position_data_age_us
                0x0000000008003480       0x28 obj/Release/src/decoder/Tuareg_decoder.o
                0x0000000008003480                decoder_get_position_data_age_us
 .text.copy_diag_data
                0x00000000080034a8       0x48 obj/Release/src/diagnostics/diagnostics.o
                0x00000000080034a8                copy_diag_data
 .text.get_diag_data
                0x00000000080034f0       0x24 obj/Release/src/diagnostics/diagnostics.o
                0x00000000080034f0                get_diag_data
 .text.release_diag_shadow
                0x0000000008003514        0xc obj/Release/src/diagnostics/diagnostics.o
                0x0000000008003514                release_diag_shadow
 .text.load_Fault_Log
                0x0000000008003520       0x1c obj/Release/src/diagnostics/fault_log.o
                0x0000000008003520                load_Fault_Log
 .text.load_void_Fault_Log
                0x000000000800353c       0x18 obj/Release/src/diagnostics/fault_log.o
                0x000000000800353c                load_void_Fault_Log
 .text.init_Fault_Log
                0x0000000008003554       0x4c obj/Release/src/diagnostics/fault_log.o
                0x0000000008003554                init_Fault_Log
 .text.store_Fault_Log
                0x00000000080035a0       0x10 obj/Release/src/diagnostics/fault_log.o
                0x00000000080035a0                store_Fault_Log
 .text.log_Fault
                0x00000000080035b0       0x68 obj/Release/src/diagnostics/fault_log.o
                0x00000000080035b0                log_Fault
 .text.show_Fault_Log
                0x0000000008003618       0x74 obj/Release/src/diagnostics/fault_log.o
                0x0000000008003618                show_Fault_Log
 .text.clear_Fault_Log
                0x000000000800368c       0x18 obj/Release/src/diagnostics/fault_log.o
                0x000000000800368c                clear_Fault_Log
 .text.Erase_Fault_Log
                0x00000000080036a4       0x3c obj/Release/src/diagnostics/fault_log.o
                0x00000000080036a4                Erase_Fault_Log
 .text.send_Fault_Log
                0x00000000080036e0        0xc obj/Release/src/diagnostics/fault_log.o
                0x00000000080036e0                send_Fault_Log
 .text.clear_highspeedlog
                0x00000000080036ec       0x14 obj/Release/src/diagnostics/highspeed_loggers.o
                0x00000000080036ec                clear_highspeedlog
 .text.highspeedlog_init
                0x0000000008003700       0x14 obj/Release/src/diagnostics/highspeed_loggers.o
                0x0000000008003700                highspeedlog_init
 .text.highspeedlog_register_error
                0x0000000008003714        0x2 obj/Release/src/diagnostics/highspeed_loggers.o
                0x0000000008003714                highspeedlog_register_error
 *fill*         0x0000000008003716        0x2 
 .text.highspeedlog_write
                0x0000000008003718       0xb8 obj/Release/src/diagnostics/highspeed_loggers.o
                0x0000000008003718                highspeedlog_write
 .text.highspeedlog_register_crankpos
                0x00000000080037d0        0x6 obj/Release/src/diagnostics/highspeed_loggers.o
                0x00000000080037d0                highspeedlog_register_crankpos
 *fill*         0x00000000080037d6        0x2 
 .text.highspeedlog_register_cis_lobe_begin
                0x00000000080037d8       0x10 obj/Release/src/diagnostics/highspeed_loggers.o
                0x00000000080037d8                highspeedlog_register_cis_lobe_begin
 .text.highspeedlog_register_cis_lobe_end
                0x00000000080037e8       0x10 obj/Release/src/diagnostics/highspeed_loggers.o
                0x00000000080037e8                highspeedlog_register_cis_lobe_end
 .text.highspeedlog_register_coil1_power
                0x00000000080037f8        0x6 obj/Release/src/diagnostics/highspeed_loggers.o
                0x00000000080037f8                highspeedlog_register_coil1_power
 .text.highspeedlog_register_coil1_unpower
                0x00000000080037fe        0x6 obj/Release/src/diagnostics/highspeed_loggers.o
                0x00000000080037fe                highspeedlog_register_coil1_unpower
 .text.highspeedlog_register_coil2_power
                0x0000000008003804        0x6 obj/Release/src/diagnostics/highspeed_loggers.o
                0x0000000008003804                highspeedlog_register_coil2_power
 .text.highspeedlog_register_coil2_unpower
                0x000000000800380a        0x6 obj/Release/src/diagnostics/highspeed_loggers.o
                0x000000000800380a                highspeedlog_register_coil2_unpower
 .text.highspeedlog_register_injector1_power
                0x0000000008003810        0x6 obj/Release/src/diagnostics/highspeed_loggers.o
                0x0000000008003810                highspeedlog_register_injector1_power
 .text.highspeedlog_register_injector1_unpower
                0x0000000008003816        0x6 obj/Release/src/diagnostics/highspeed_loggers.o
                0x0000000008003816                highspeedlog_register_injector1_unpower
 .text.highspeedlog_register_injector2_power
                0x000000000800381c        0x6 obj/Release/src/diagnostics/highspeed_loggers.o
                0x000000000800381c                highspeedlog_register_injector2_power
 .text.highspeedlog_register_injector2_unpower
                0x0000000008003822        0x6 obj/Release/src/diagnostics/highspeed_loggers.o
                0x0000000008003822                highspeedlog_register_injector2_unpower
 .text.send_highspeedlog
                0x0000000008003828       0xc4 obj/Release/src/diagnostics/highspeed_loggers.o
                0x0000000008003828                send_highspeedlog
 .text.show_highspeedlog
                0x00000000080038ec      0x150 obj/Release/src/diagnostics/highspeed_loggers.o
                0x00000000080038ec                show_highspeedlog
 .text.clear_syslog
                0x0000000008003a3c       0x38 obj/Release/src/diagnostics/syslog.o
                0x0000000008003a3c                clear_syslog
 .text.Syslog_init
                0x0000000008003a74       0x10 obj/Release/src/diagnostics/syslog.o
                0x0000000008003a74                Syslog_init
 .text.Syslog_Error
                0x0000000008003a84       0x48 obj/Release/src/diagnostics/syslog.o
                0x0000000008003a84                Syslog_Error
 .text.Syslog_Warning
                0x0000000008003acc       0x6c obj/Release/src/diagnostics/syslog.o
                0x0000000008003acc                Syslog_Warning
 .text.Syslog_Info
                0x0000000008003b38       0x68 obj/Release/src/diagnostics/syslog.o
                0x0000000008003b38                Syslog_Info
 .text.show_syslog
                0x0000000008003ba0      0x11c obj/Release/src/diagnostics/syslog.o
                0x0000000008003ba0                show_syslog
 .text.send_syslog
                0x0000000008003cbc       0x20 obj/Release/src/diagnostics/syslog.o
                0x0000000008003cbc                send_syslog
 .text.update_load_transient_comp
                0x0000000008003cdc       0x16 obj/Release/src/fueling/accel_comp.o
                0x0000000008003cdc                update_load_transient_comp
 .text.disable_legacy_AE
                0x0000000008003cf2       0x46 obj/Release/src/fueling/accel_comp.o
                0x0000000008003cf2                disable_legacy_AE
 .text.update_legacy_AE
                0x0000000008003d38      0x328 obj/Release/src/fueling/accel_comp.o
                0x0000000008003d38                update_legacy_AE
 .text.load_Fueling_Setup
                0x0000000008004060       0x10 obj/Release/src/fueling/fueling_config.o
                0x0000000008004060                load_Fueling_Setup
 .text.store_Fueling_Setup
                0x0000000008004070       0x10 obj/Release/src/fueling/fueling_config.o
                0x0000000008004070                store_Fueling_Setup
 .text.show_Fueling_Setup
                0x0000000008004080      0x350 obj/Release/src/fueling/fueling_config.o
                0x0000000008004080                show_Fueling_Setup
 .text.modify_Fueling_Setup
                0x00000000080043d0       0x18 obj/Release/src/fueling/fueling_config.o
                0x00000000080043d0                modify_Fueling_Setup
 .text.send_Fueling_Setup
                0x00000000080043e8        0xc obj/Release/src/fueling/fueling_config.o
                0x00000000080043e8                send_Fueling_Setup
 .text.load_VeTable_TPS
                0x00000000080043f4       0x10 obj/Release/src/fueling/fueling_config.o
                0x00000000080043f4                load_VeTable_TPS
 .text.store_VeTable_TPS
                0x0000000008004404       0x10 obj/Release/src/fueling/fueling_config.o
                0x0000000008004404                store_VeTable_TPS
 .text.show_VeTable_TPS
                0x0000000008004414       0x20 obj/Release/src/fueling/fueling_config.o
                0x0000000008004414                show_VeTable_TPS
 .text.modify_VeTable_TPS
                0x0000000008004434       0x10 obj/Release/src/fueling/fueling_config.o
                0x0000000008004434                modify_VeTable_TPS
 .text.send_VeTable_TPS
                0x0000000008004444        0xc obj/Release/src/fueling/fueling_config.o
                0x0000000008004444                send_VeTable_TPS
 .text.getValue_VeTable_TPS
                0x0000000008004450       0x20 obj/Release/src/fueling/fueling_config.o
                0x0000000008004450                getValue_VeTable_TPS
 .text.load_VeTable_MAP
                0x0000000008004470       0x10 obj/Release/src/fueling/fueling_config.o
                0x0000000008004470                load_VeTable_MAP
 .text.store_VeTable_MAP
                0x0000000008004480       0x10 obj/Release/src/fueling/fueling_config.o
                0x0000000008004480                store_VeTable_MAP
 .text.show_VeTable_MAP
                0x0000000008004490       0x20 obj/Release/src/fueling/fueling_config.o
                0x0000000008004490                show_VeTable_MAP
 .text.modify_VeTable_MAP
                0x00000000080044b0       0x10 obj/Release/src/fueling/fueling_config.o
                0x00000000080044b0                modify_VeTable_MAP
 .text.send_VeTable_MAP
                0x00000000080044c0        0xc obj/Release/src/fueling/fueling_config.o
                0x00000000080044c0                send_VeTable_MAP
 .text.getValue_VeTable_MAP
                0x00000000080044cc       0x20 obj/Release/src/fueling/fueling_config.o
                0x00000000080044cc                getValue_VeTable_MAP
 .text.load_AfrTable_MAP
                0x00000000080044ec       0x10 obj/Release/src/fueling/fueling_config.o
                0x00000000080044ec                load_AfrTable_MAP
 .text.store_AfrTable_MAP
                0x00000000080044fc       0x10 obj/Release/src/fueling/fueling_config.o
                0x00000000080044fc                store_AfrTable_MAP
 .text.show_AfrTable_MAP
                0x000000000800450c       0x20 obj/Release/src/fueling/fueling_config.o
                0x000000000800450c                show_AfrTable_MAP
 .text.modify_AfrTable_MAP
                0x000000000800452c       0x10 obj/Release/src/fueling/fueling_config.o
                0x000000000800452c                modify_AfrTable_MAP
 .text.send_AfrTable_MAP
                0x000000000800453c        0xc obj/Release/src/fueling/fueling_config.o
                0x000000000800453c                send_AfrTable_MAP
 .text.getValue_AfrTable_MAP
                0x0000000008004548       0x20 obj/Release/src/fueling/fueling_config.o
                0x0000000008004548                getValue_AfrTable_MAP
 .text.load_AfrTable_TPS
                0x0000000008004568       0x10 obj/Release/src/fueling/fueling_config.o
                0x0000000008004568                load_AfrTable_TPS
 .text.store_AfrTable_TPS
                0x0000000008004578       0x10 obj/Release/src/fueling/fueling_config.o
                0x0000000008004578                store_AfrTable_TPS
 .text.show_AfrTable_TPS
                0x0000000008004588       0x20 obj/Release/src/fueling/fueling_config.o
                0x0000000008004588                show_AfrTable_TPS
 .text.modify_AfrTable_TPS
                0x00000000080045a8       0x10 obj/Release/src/fueling/fueling_config.o
                0x00000000080045a8                modify_AfrTable_TPS
 .text.send_AfrTable_TPS
                0x00000000080045b8        0xc obj/Release/src/fueling/fueling_config.o
                0x00000000080045b8                send_AfrTable_TPS
 .text.getValue_AfrTable_TPS
                0x00000000080045c4       0x20 obj/Release/src/fueling/fueling_config.o
                0x00000000080045c4                getValue_AfrTable_TPS
 .text.load_AccelCompTableTPS
                0x00000000080045e4       0x10 obj/Release/src/fueling/fueling_config.o
                0x00000000080045e4                load_AccelCompTableTPS
 .text.store_AccelCompTableTPS
                0x00000000080045f4       0x10 obj/Release/src/fueling/fueling_config.o
                0x00000000080045f4                store_AccelCompTableTPS
 .text.show_AccelCompTableTPS
                0x0000000008004604       0x20 obj/Release/src/fueling/fueling_config.o
                0x0000000008004604                show_AccelCompTableTPS
 .text.modify_AccelCompTableTPS
                0x0000000008004624       0x10 obj/Release/src/fueling/fueling_config.o
                0x0000000008004624                modify_AccelCompTableTPS
 .text.send_AccelCompTableTPS
                0x0000000008004634        0xc obj/Release/src/fueling/fueling_config.o
                0x0000000008004634                send_AccelCompTableTPS
 .text.getValue_AccelCompTableTPS
                0x0000000008004640       0x14 obj/Release/src/fueling/fueling_config.o
                0x0000000008004640                getValue_AccelCompTableTPS
 .text.load_AccelCompTableMAP
                0x0000000008004654       0x10 obj/Release/src/fueling/fueling_config.o
                0x0000000008004654                load_AccelCompTableMAP
 .text.store_AccelCompTableMAP
                0x0000000008004664       0x10 obj/Release/src/fueling/fueling_config.o
                0x0000000008004664                store_AccelCompTableMAP
 .text.show_AccelCompTableMAP
                0x0000000008004674       0x20 obj/Release/src/fueling/fueling_config.o
                0x0000000008004674                show_AccelCompTableMAP
 .text.modify_AccelCompTableMAP
                0x0000000008004694       0x10 obj/Release/src/fueling/fueling_config.o
                0x0000000008004694                modify_AccelCompTableMAP
 .text.send_AccelCompTableMAP
                0x00000000080046a4        0xc obj/Release/src/fueling/fueling_config.o
                0x00000000080046a4                send_AccelCompTableMAP
 .text.getValue_AccelCompTableMAP
                0x00000000080046b0       0x14 obj/Release/src/fueling/fueling_config.o
                0x00000000080046b0                getValue_AccelCompTableMAP
 .text.load_WarmUpCompTable
                0x00000000080046c4       0x10 obj/Release/src/fueling/fueling_config.o
                0x00000000080046c4                load_WarmUpCompTable
 .text.store_WarmUpCompTable
                0x00000000080046d4       0x10 obj/Release/src/fueling/fueling_config.o
                0x00000000080046d4                store_WarmUpCompTable
 .text.show_WarmUpCompTable
                0x00000000080046e4       0x20 obj/Release/src/fueling/fueling_config.o
                0x00000000080046e4                show_WarmUpCompTable
 .text.modify_WarmUpCompTable
                0x0000000008004704       0x10 obj/Release/src/fueling/fueling_config.o
                0x0000000008004704                modify_WarmUpCompTable
 .text.send_WarmUpCompTable
                0x0000000008004714        0xc obj/Release/src/fueling/fueling_config.o
                0x0000000008004714                send_WarmUpCompTable
 .text.getValue_WarmUpCompTable
                0x0000000008004720       0x20 obj/Release/src/fueling/fueling_config.o
                0x0000000008004720                getValue_WarmUpCompTable
 .text.load_InjectorTimingTable
                0x0000000008004740       0x10 obj/Release/src/fueling/fueling_config.o
                0x0000000008004740                load_InjectorTimingTable
 .text.store_InjectorTimingTable
                0x0000000008004750       0x10 obj/Release/src/fueling/fueling_config.o
                0x0000000008004750                store_InjectorTimingTable
 .text.show_InjectorTimingTable
                0x0000000008004760       0x20 obj/Release/src/fueling/fueling_config.o
                0x0000000008004760                show_InjectorTimingTable
 .text.modify_InjectorTimingTable
                0x0000000008004780       0x10 obj/Release/src/fueling/fueling_config.o
                0x0000000008004780                modify_InjectorTimingTable
 .text.send_InjectorTimingTable
                0x0000000008004790        0xc obj/Release/src/fueling/fueling_config.o
                0x0000000008004790                send_InjectorTimingTable
 .text.getValue_InjectorTimingTable
                0x000000000800479c       0x20 obj/Release/src/fueling/fueling_config.o
                0x000000000800479c                getValue_InjectorTimingTable
 .text.load_CrankingFuelTable
                0x00000000080047bc       0x10 obj/Release/src/fueling/fueling_config.o
                0x00000000080047bc                load_CrankingFuelTable
 .text.store_CrankingFuelTable
                0x00000000080047cc       0x10 obj/Release/src/fueling/fueling_config.o
                0x00000000080047cc                store_CrankingFuelTable
 .text.show_CrankingFuelTable
                0x00000000080047dc       0x20 obj/Release/src/fueling/fueling_config.o
                0x00000000080047dc                show_CrankingFuelTable
 .text.modify_CrankingFuelTable
                0x00000000080047fc       0x10 obj/Release/src/fueling/fueling_config.o
                0x00000000080047fc                modify_CrankingFuelTable
 .text.send_CrankingFuelTable
                0x000000000800480c        0xc obj/Release/src/fueling/fueling_config.o
                0x000000000800480c                send_CrankingFuelTable
 .text.getValue_CrankingFuelTable
                0x0000000008004818       0x14 obj/Release/src/fueling/fueling_config.o
                0x0000000008004818                getValue_CrankingFuelTable
 .text.load_InjectorPhaseTable
                0x000000000800482c       0x10 obj/Release/src/fueling/fueling_config.o
                0x000000000800482c                load_InjectorPhaseTable
 .text.store_InjectorPhaseTable
                0x000000000800483c       0x10 obj/Release/src/fueling/fueling_config.o
                0x000000000800483c                store_InjectorPhaseTable
 .text.show_InjectorPhaseTable
                0x000000000800484c       0x20 obj/Release/src/fueling/fueling_config.o
                0x000000000800484c                show_InjectorPhaseTable
 .text.modify_InjectorPhaseTable
                0x000000000800486c       0x10 obj/Release/src/fueling/fueling_config.o
                0x000000000800486c                modify_InjectorPhaseTable
 .text.send_InjectorPhaseTable
                0x000000000800487c        0xc obj/Release/src/fueling/fueling_config.o
                0x000000000800487c                send_InjectorPhaseTable
 .text.getValue_InjectorPhaseTable
                0x0000000008004888        0xc obj/Release/src/fueling/fueling_config.o
                0x0000000008004888                getValue_InjectorPhaseTable
 .text.load_BAROtable
                0x0000000008004894       0x10 obj/Release/src/fueling/fueling_config.o
                0x0000000008004894                load_BAROtable
 .text.store_BAROtable
                0x00000000080048a4       0x10 obj/Release/src/fueling/fueling_config.o
                0x00000000080048a4                store_BAROtable
 .text.show_BAROtable
                0x00000000080048b4       0x20 obj/Release/src/fueling/fueling_config.o
                0x00000000080048b4                show_BAROtable
 .text.modify_BAROtable
                0x00000000080048d4       0x10 obj/Release/src/fueling/fueling_config.o
                0x00000000080048d4                modify_BAROtable
 .text.send_BAROtable
                0x00000000080048e4        0xc obj/Release/src/fueling/fueling_config.o
                0x00000000080048e4                send_BAROtable
 .text.getValue_BAROtable
                0x00000000080048f0       0x38 obj/Release/src/fueling/fueling_config.o
                0x00000000080048f0                getValue_BAROtable
 .text.load_ChargeTempTable
                0x0000000008004928       0x10 obj/Release/src/fueling/fueling_config.o
                0x0000000008004928                load_ChargeTempTable
 .text.load_Fueling_Config
                0x0000000008004938       0xd8 obj/Release/src/fueling/fueling_config.o
                0x0000000008004938                load_Fueling_Config
 .text.store_ChargeTempTable
                0x0000000008004a10       0x10 obj/Release/src/fueling/fueling_config.o
                0x0000000008004a10                store_ChargeTempTable
 .text.show_ChargeTempTable
                0x0000000008004a20       0x20 obj/Release/src/fueling/fueling_config.o
                0x0000000008004a20                show_ChargeTempTable
 .text.modify_ChargeTempTable
                0x0000000008004a40       0x10 obj/Release/src/fueling/fueling_config.o
                0x0000000008004a40                modify_ChargeTempTable
 .text.send_ChargeTempTable
                0x0000000008004a50        0xc obj/Release/src/fueling/fueling_config.o
                0x0000000008004a50                send_ChargeTempTable
 .text.getValue_ChargeTempTable
                0x0000000008004a5c       0x2c obj/Release/src/fueling/fueling_config.o
                0x0000000008004a5c                getValue_ChargeTempTable
 .text.update_fuel_mass_afterstart_correction
                0x0000000008004a88       0xa0 obj/Release/src/fueling/fueling_corrections.o
                0x0000000008004a88                update_fuel_mass_afterstart_correction
 .text.update_fuel_mass_warmup_correction
                0x0000000008004b28       0x5c obj/Release/src/fueling/fueling_corrections.o
                0x0000000008004b28                update_fuel_mass_warmup_correction
 .text.update_fuel_mass_barometric_correction
                0x0000000008004b84       0x98 obj/Release/src/fueling/fueling_corrections.o
                0x0000000008004b84                update_fuel_mass_barometric_correction
 .text.update_fuel_mass_corrections
                0x0000000008004c1c       0x1c obj/Release/src/fueling/fueling_corrections.o
                0x0000000008004c1c                update_fuel_mass_corrections
 .text.fueling_diag_log_event
                0x0000000008004c38       0x28 obj/Release/src/fueling/fueling_diag.o
                0x0000000008004c38                fueling_diag_log_event
 .text.print_fueling_diag
                0x0000000008004c60       0x68 obj/Release/src/fueling/fueling_diag.o
                0x0000000008004c60                print_fueling_diag
 .text.set_injector1_powered
                0x0000000008004cc8       0x28 obj/Release/src/fueling/fueling_hw.o
                0x0000000008004cc8                set_injector1_powered
 .text.set_injector1_unpowered
                0x0000000008004cf0       0x28 obj/Release/src/fueling/fueling_hw.o
                0x0000000008004cf0                set_injector1_unpowered
 .text.set_injector2_powered
                0x0000000008004d18       0x28 obj/Release/src/fueling/fueling_hw.o
                0x0000000008004d18                set_injector2_powered
 .text.set_injector2_unpowered
                0x0000000008004d40       0x28 obj/Release/src/fueling/fueling_hw.o
                0x0000000008004d40                set_injector2_unpowered
 .text.set_fuel_pump_powered
                0x0000000008004d68       0x28 obj/Release/src/fueling/fueling_hw.o
                0x0000000008004d68                set_fuel_pump_powered
 .text.set_fuel_pump_unpowered
                0x0000000008004d90       0x20 obj/Release/src/fueling/fueling_hw.o
                0x0000000008004d90                set_fuel_pump_unpowered
 .text.set_injector1
                0x0000000008004db0       0x30 obj/Release/src/fueling/fueling_hw.o
                0x0000000008004db0                set_injector1
 .text.set_injector2
                0x0000000008004de0       0x30 obj/Release/src/fueling/fueling_hw.o
                0x0000000008004de0                set_injector2
 .text.set_fuel_pump
                0x0000000008004e10        0xc obj/Release/src/fueling/fueling_hw.o
                0x0000000008004e10                set_fuel_pump
 .text.init_fueling_hw
                0x0000000008004e1c       0x5c obj/Release/src/fueling/fueling_hw.o
                0x0000000008004e1c                init_fueling_hw
 .text.update_injector_deadtime
                0x0000000008004e78       0x50 obj/Release/src/fueling/injector_parameters.o
                0x0000000008004e78                update_injector_deadtime
 .text.update_injector_intervals_sequential
                0x0000000008004ec8       0xf8 obj/Release/src/fueling/injector_parameters.o
                0x0000000008004ec8                update_injector_intervals_sequential
 .text.update_injector_intervals_batch
                0x0000000008004fc0       0xf4 obj/Release/src/fueling/injector_parameters.o
                0x0000000008004fc0                update_injector_intervals_batch
 .text.update_injection_begin_batch
                0x00000000080050b4       0x34 obj/Release/src/fueling/injector_parameters.o
                0x00000000080050b4                update_injection_begin_batch
 .text.update_injection_begin_sequential
                0x00000000080050e8       0xf0 obj/Release/src/fueling/injector_parameters.o
                0x00000000080050e8                update_injection_begin_sequential
 .text.init_Fueling
                0x00000000080051d8       0x54 obj/Release/src/fueling/Tuareg_fueling.o
                0x00000000080051d8                init_Fueling
 .text.Tuareg_fueling_update_crankpos_handler
                0x000000000800522c      0x198 obj/Release/src/fueling/Tuareg_fueling.o
                0x000000000800522c                Tuareg_fueling_update_crankpos_handler
 .text.invalid_fueling_controls
                0x00000000080053c4       0x48 obj/Release/src/fueling/Tuareg_fueling_controls.o
                0x00000000080053c4                invalid_fueling_controls
 .text.update_air_flow
                0x000000000800540c       0xb0 obj/Release/src/fueling/Tuareg_fueling_controls.o
                0x000000000800540c                update_air_flow
 .text.update_AFR_target
                0x00000000080054bc       0x78 obj/Release/src/fueling/Tuareg_fueling_controls.o
                0x00000000080054bc                update_AFR_target
 .text.update_fuel_mass_cranking
                0x0000000008005534       0x74 obj/Release/src/fueling/Tuareg_fueling_controls.o
                0x0000000008005534                update_fuel_mass_cranking
 .text.update_base_fuel_mass
                0x00000000080055a8       0x48 obj/Release/src/fueling/Tuareg_fueling_controls.o
                0x00000000080055a8                update_base_fuel_mass
 .text.update_target_fuel_mass
                0x00000000080055f0      0x120 obj/Release/src/fueling/Tuareg_fueling_controls.o
                0x00000000080055f0                update_target_fuel_mass
 .text.Tuareg_update_fueling_controls
                0x0000000008005710      0x22c obj/Release/src/fueling/Tuareg_fueling_controls.o
                0x0000000008005710                Tuareg_update_fueling_controls
 .text.load_Ignition_Config
                0x000000000800593c       0x6c obj/Release/src/ignition/ignition_config.o
                0x000000000800593c                load_Ignition_Config
 .text.store_Ignition_Setup
                0x00000000080059a8       0x10 obj/Release/src/ignition/ignition_config.o
                0x00000000080059a8                store_Ignition_Setup
 .text.show_Ignition_Setup
                0x00000000080059b8      0x17c obj/Release/src/ignition/ignition_config.o
                0x00000000080059b8                show_Ignition_Setup
 .text.modify_Ignition_Setup
                0x0000000008005b34       0x18 obj/Release/src/ignition/ignition_config.o
                0x0000000008005b34                modify_Ignition_Setup
 .text.send_Ignition_Setup
                0x0000000008005b4c        0xc obj/Release/src/ignition/ignition_config.o
                0x0000000008005b4c                send_Ignition_Setup
 .text.store_ignAdvTable_TPS
                0x0000000008005b58       0x10 obj/Release/src/ignition/ignition_config.o
                0x0000000008005b58                store_ignAdvTable_TPS
 .text.show_ignAdvTable_TPS
                0x0000000008005b68       0x20 obj/Release/src/ignition/ignition_config.o
                0x0000000008005b68                show_ignAdvTable_TPS
 .text.modify_ignAdvTable_TPS
                0x0000000008005b88       0x10 obj/Release/src/ignition/ignition_config.o
                0x0000000008005b88                modify_ignAdvTable_TPS
 .text.send_ignAdvTable_TPS
                0x0000000008005b98        0xc obj/Release/src/ignition/ignition_config.o
                0x0000000008005b98                send_ignAdvTable_TPS
 .text.getValue_ignAdvTable_TPS
                0x0000000008005ba4       0x20 obj/Release/src/ignition/ignition_config.o
                0x0000000008005ba4                getValue_ignAdvTable_TPS
 .text.store_ignDwellTable
                0x0000000008005bc4       0x10 obj/Release/src/ignition/ignition_config.o
                0x0000000008005bc4                store_ignDwellTable
 .text.show_ignDwellTable
                0x0000000008005bd4       0x20 obj/Release/src/ignition/ignition_config.o
                0x0000000008005bd4                show_ignDwellTable
 .text.modify_ignDwellTable
                0x0000000008005bf4       0x10 obj/Release/src/ignition/ignition_config.o
                0x0000000008005bf4                modify_ignDwellTable
 .text.send_ignDwellTable
                0x0000000008005c04        0xc obj/Release/src/ignition/ignition_config.o
                0x0000000008005c04                send_ignDwellTable
 .text.getValue_ignDwellTable
                0x0000000008005c10       0x18 obj/Release/src/ignition/ignition_config.o
                0x0000000008005c10                getValue_ignDwellTable
 .text.ignition_diag_log_event
                0x0000000008005c28       0x28 obj/Release/src/ignition/ignition_diag.o
                0x0000000008005c28                ignition_diag_log_event
 .text.print_ignition_diag
                0x0000000008005c50       0x68 obj/Release/src/ignition/ignition_diag.o
                0x0000000008005c50                print_ignition_diag
 .text.set_coil1_powered
                0x0000000008005cb8       0x28 obj/Release/src/ignition/ignition_hw.o
                0x0000000008005cb8                set_coil1_powered
 .text.set_coil1_unpowered
                0x0000000008005ce0       0x20 obj/Release/src/ignition/ignition_hw.o
                0x0000000008005ce0                set_coil1_unpowered
 .text.set_coil2_powered
                0x0000000008005d00       0x28 obj/Release/src/ignition/ignition_hw.o
                0x0000000008005d00                set_coil2_powered
 .text.set_coil2_unpowered
                0x0000000008005d28       0x20 obj/Release/src/ignition/ignition_hw.o
                0x0000000008005d28                set_coil2_unpowered
 .text.set_ignition_ch1
                0x0000000008005d48       0x30 obj/Release/src/ignition/ignition_hw.o
                0x0000000008005d48                set_ignition_ch1
 .text.set_ignition_ch2
                0x0000000008005d78       0x30 obj/Release/src/ignition/ignition_hw.o
                0x0000000008005d78                set_ignition_ch2
 .text.init_ignition_hw
                0x0000000008005da8       0x3c obj/Release/src/ignition/ignition_hw.o
                0x0000000008005da8                init_ignition_hw
 .text.init_Ignition
                0x0000000008005de4       0x58 obj/Release/src/ignition/Tuareg_ignition.o
                0x0000000008005de4                init_Ignition
 .text.Tuareg_ignition_update_crankpos_handler
                0x0000000008005e3c      0x154 obj/Release/src/ignition/Tuareg_ignition.o
                0x0000000008005e3c                Tuareg_ignition_update_crankpos_handler
 .text.default_ignition_controls
                0x0000000008005f90       0x24 obj/Release/src/ignition/Tuareg_ignition_controls.o
                0x0000000008005f90                default_ignition_controls
 .text.revlimiter_ignition_controls
                0x0000000008005fb4       0x1c obj/Release/src/ignition/Tuareg_ignition_controls.o
                0x0000000008005fb4                revlimiter_ignition_controls
 .text.cranking_ignition_controls
                0x0000000008005fd0       0x38 obj/Release/src/ignition/Tuareg_ignition_controls.o
                0x0000000008005fd0                cranking_ignition_controls
 .text.dynamic_ignition_controls
                0x0000000008006008      0x188 obj/Release/src/ignition/Tuareg_ignition_controls.o
                0x0000000008006008                dynamic_ignition_controls
 .text.Tuareg_update_ignition_controls
                0x0000000008006190       0xa8 obj/Release/src/ignition/Tuareg_ignition_controls.o
                0x0000000008006190                Tuareg_update_ignition_controls
 .text.startup.main
                0x0000000008006238       0x78 obj/Release/src/main/main.o
                0x0000000008006238                main
 .text.EXTI2_IRQHandler
                0x00000000080062b0       0x5c obj/Release/src/main/main.o
                0x00000000080062b0                EXTI2_IRQHandler
 .text.Tuareg_load_config
                0x000000000800630c       0x4c obj/Release/src/main/Tuareg.o
                0x000000000800630c                Tuareg_load_config
 .text.Tuareg_Init
                0x0000000008006358       0xc0 obj/Release/src/main/Tuareg.o
                0x0000000008006358                Tuareg_Init
 .text.Tuareg_update_run_inhibit
                0x0000000008006418      0x140 obj/Release/src/main/Tuareg.o
                0x0000000008006418                Tuareg_update_run_inhibit
 .text.Tuareg_update_limited_op
                0x0000000008006558       0x38 obj/Release/src/main/Tuareg.o
                0x0000000008006558                Tuareg_update_limited_op
 .text.Tuareg_update_rev_limiter
                0x0000000008006590       0x60 obj/Release/src/main/Tuareg.o
                0x0000000008006590                Tuareg_update_rev_limiter
 .text.Tuareg_update_standby
                0x00000000080065f0       0xcc obj/Release/src/main/Tuareg.o
                0x00000000080065f0                Tuareg_update_standby
 .text.Tuareg_update_fuel_pump_control
                0x00000000080066bc       0x54 obj/Release/src/main/Tuareg.o
                0x00000000080066bc                Tuareg_update_fuel_pump_control
 .text.Tuareg_deactivate_vital_actors
                0x0000000008006710       0x50 obj/Release/src/main/Tuareg.o
                0x0000000008006710                Tuareg_deactivate_vital_actors
 .text.Tuareg_update
                0x0000000008006760       0x58 obj/Release/src/main/Tuareg.o
                0x0000000008006760                Tuareg_update
 .text.Tuareg_update_trip
                0x00000000080067b8       0x30 obj/Release/src/main/Tuareg.o
                0x00000000080067b8                Tuareg_update_trip
 .text.Tuareg_update_consumption_data
                0x00000000080067e8       0xa0 obj/Release/src/main/Tuareg.o
                0x00000000080067e8                Tuareg_update_consumption_data
 .text.store_Tuareg_Setup
                0x0000000008006888       0x10 obj/Release/src/main/Tuareg_config.o
                0x0000000008006888                store_Tuareg_Setup
 .text.show_Tuareg_Setup
                0x0000000008006898      0x1e0 obj/Release/src/main/Tuareg_config.o
                0x0000000008006898                show_Tuareg_Setup
 .text.modify_Tuareg_Setup
                0x0000000008006a78       0x18 obj/Release/src/main/Tuareg_config.o
                0x0000000008006a78                modify_Tuareg_Setup
 .text.send_Tuareg_Setup
                0x0000000008006a90        0xc obj/Release/src/main/Tuareg_config.o
                0x0000000008006a90                send_Tuareg_Setup
 .text.load_TachTable
                0x0000000008006a9c       0x10 obj/Release/src/main/Tuareg_config.o
                0x0000000008006a9c                load_TachTable
 .text.load_Tuareg_Config
                0x0000000008006aac       0x38 obj/Release/src/main/Tuareg_config.o
                0x0000000008006aac                load_Tuareg_Config
 .text.store_TachTable
                0x0000000008006ae4       0x10 obj/Release/src/main/Tuareg_config.o
                0x0000000008006ae4                store_TachTable
 .text.show_TachTable
                0x0000000008006af4       0x20 obj/Release/src/main/Tuareg_config.o
                0x0000000008006af4                show_TachTable
 .text.modify_TachTable
                0x0000000008006b14       0x10 obj/Release/src/main/Tuareg_config.o
                0x0000000008006b14                modify_TachTable
 .text.send_TachTable
                0x0000000008006b24        0xc obj/Release/src/main/Tuareg_config.o
                0x0000000008006b24                send_TachTable
 .text.getValue_TachTable
                0x0000000008006b30       0x18 obj/Release/src/main/Tuareg_config.o
                0x0000000008006b30                getValue_TachTable
 .text.tuareg_diag_log_event
                0x0000000008006b48       0x28 obj/Release/src/main/Tuareg_diag.o
                0x0000000008006b48                tuareg_diag_log_event
 .text.print_tuareg_diag
                0x0000000008006b70       0x68 obj/Release/src/main/Tuareg_diag.o
                0x0000000008006b70                print_tuareg_diag
 .text.Fatal    0x0000000008006bd8       0x68 obj/Release/src/main/Tuareg_errors.o
                0x0000000008006bd8                Fatal
 .text.VitalAssert
                0x0000000008006c40        0xe obj/Release/src/main/Tuareg_errors.o
                0x0000000008006c40                VitalAssert
 *fill*         0x0000000008006c4e        0x2 
 .text.Limp     0x0000000008006c50       0x44 obj/Release/src/main/Tuareg_errors.o
                0x0000000008006c50                Limp
 .text.print_Tuareg_ID_label
                0x0000000008006c94       0x30 obj/Release/src/main/Tuareg_ID.o
                0x0000000008006c94                print_Tuareg_ID_label
 .text.Tuareg_update_process_data
                0x0000000008006cc4      0x168 obj/Release/src/main/Tuareg_process_data.o
                0x0000000008006cc4                Tuareg_update_process_data
 .text.request_service_mode
                0x0000000008006e2c       0x28 obj/Release/src/main/Tuareg_service_functions.o
                0x0000000008006e2c                request_service_mode
 .text.activate_fuel_pump
                0x0000000008006e54       0x5c obj/Release/src/main/Tuareg_service_functions.o
                0x0000000008006e54                activate_fuel_pump
 .text.deactivate_fuel_pump
                0x0000000008006eb0       0x28 obj/Release/src/main/Tuareg_service_functions.o
                0x0000000008006eb0                deactivate_fuel_pump
 .text.fuel_pump_periodic_update
                0x0000000008006ed8       0x1c obj/Release/src/main/Tuareg_service_functions.o
                0x0000000008006ed8                fuel_pump_periodic_update
 .text.activate_injector1
                0x0000000008006ef4       0x6c obj/Release/src/main/Tuareg_service_functions.o
                0x0000000008006ef4                activate_injector1
 .text.deactivate_injector1
                0x0000000008006f60       0x2c obj/Release/src/main/Tuareg_service_functions.o
                0x0000000008006f60                deactivate_injector1
 .text.injector1_periodic_update
                0x0000000008006f8c       0x54 obj/Release/src/main/Tuareg_service_functions.o
                0x0000000008006f8c                injector1_periodic_update
 .text.activate_injector2
                0x0000000008006fe0       0x6c obj/Release/src/main/Tuareg_service_functions.o
                0x0000000008006fe0                activate_injector2
 .text.deactivate_injector2
                0x000000000800704c       0x2c obj/Release/src/main/Tuareg_service_functions.o
                0x000000000800704c                deactivate_injector2
 .text.injector2_periodic_update
                0x0000000008007078       0x54 obj/Release/src/main/Tuareg_service_functions.o
                0x0000000008007078                injector2_periodic_update
 .text.activate_coil1
                0x00000000080070cc       0x8c obj/Release/src/main/Tuareg_service_functions.o
                0x00000000080070cc                activate_coil1
 .text.deactivate_coil1
                0x0000000008007158       0x2c obj/Release/src/main/Tuareg_service_functions.o
                0x0000000008007158                deactivate_coil1
 .text.coil1_periodic_update
                0x0000000008007184       0x54 obj/Release/src/main/Tuareg_service_functions.o
                0x0000000008007184                coil1_periodic_update
 .text.activate_coil2
                0x00000000080071d8       0x8c obj/Release/src/main/Tuareg_service_functions.o
                0x00000000080071d8                activate_coil2
 .text.deactivate_coil2
                0x0000000008007264       0x2c obj/Release/src/main/Tuareg_service_functions.o
                0x0000000008007264                deactivate_coil2
 .text.coil2_periodic_update
                0x0000000008007290       0x54 obj/Release/src/main/Tuareg_service_functions.o
                0x0000000008007290                coil2_periodic_update
 .text.service_functions_periodic_update
                0x00000000080072e4       0x40 obj/Release/src/main/Tuareg_service_functions.o
                0x00000000080072e4                service_functions_periodic_update
 .text.activate_tachometer
                0x0000000008007324       0x38 obj/Release/src/main/Tuareg_service_functions.o
                0x0000000008007324                activate_tachometer
 .text.deactivate_tachometer
                0x000000000800735c       0x14 obj/Release/src/main/Tuareg_service_functions.o
                0x000000000800735c                deactivate_tachometer
 .text.request_service_activation
                0x0000000008007370       0xb0 obj/Release/src/main/Tuareg_service_functions.o
                0x0000000008007370                request_service_activation
 .text.update_process_table
                0x0000000008007420       0xc0 obj/Release/src/process_table/process_table.o
                0x0000000008007420                update_process_table
 .text.get_position_from_index
                0x00000000080074e0       0x5c obj/Release/src/process_table/process_table.o
                0x00000000080074e0                get_position_from_index
 .text.get_index_from_position
                0x000000000800753c       0x38 obj/Release/src/process_table/process_table.o
                0x000000000800753c                get_index_from_position
 .text.find_process_position_before
                0x0000000008007574       0x4c obj/Release/src/process_table/process_table.o
                0x0000000008007574                find_process_position_before
 .text.get_process_advance
                0x00000000080075c0       0x34 obj/Release/src/process_table/process_table.o
                0x00000000080075c0                get_process_advance
 .text.print_process_table
                0x00000000080075f4       0x9c obj/Release/src/process_table/process_table.o
                0x00000000080075f4                print_process_table
 .text.sensors_start_regular_group_conversion
                0x0000000008007690        0xc obj/Release/src/sensors/analog_sensors.o
                0x0000000008007690                sensors_start_regular_group_conversion
 .text.sensors_start_injected_group_conversion
                0x000000000800769c        0xc obj/Release/src/sensors/analog_sensors.o
                0x000000000800769c                sensors_start_injected_group_conversion
 .text.init_analog_sensors
                0x00000000080076a8      0x2d8 obj/Release/src/sensors/analog_sensors.o
                0x00000000080076a8                init_analog_sensors
 .text.update_analog_sensor
                0x0000000008007980       0xdc obj/Release/src/sensors/analog_sensors.o
                0x0000000008007980                update_analog_sensor
 .text.ADC_IRQHandler
                0x0000000008007a5c       0x6c obj/Release/src/sensors/analog_sensors.o
                0x0000000008007a5c                ADC_IRQHandler
 .text.DMA2_Stream0_IRQHandler
                0x0000000008007ac8       0x9c obj/Release/src/sensors/analog_sensors.o
                0x0000000008007ac8                DMA2_Stream0_IRQHandler
 .text.reset_dsensor_integrator
                0x0000000008007b64       0x2c obj/Release/src/sensors/digital_sensors.o
                0x0000000008007b64                reset_dsensor_integrator
 .text.init_digital_sensors
                0x0000000008007b90       0x88 obj/Release/src/sensors/digital_sensors.o
                0x0000000008007b90                init_digital_sensors
 .text.read_dsensors
                0x0000000008007c18       0x64 obj/Release/src/sensors/digital_sensors.o
                0x0000000008007c18                read_dsensors
 .text.update_digital_sensors
                0x0000000008007c7c       0x6c obj/Release/src/sensors/digital_sensors.o
                0x0000000008007c7c                update_digital_sensors
 .text.load_Sensor_Calibration
                0x0000000008007ce8       0x2c obj/Release/src/sensors/sensor_calibration.o
                0x0000000008007ce8                load_Sensor_Calibration
 .text.store_Sensor_Calibration
                0x0000000008007d14       0x10 obj/Release/src/sensors/sensor_calibration.o
                0x0000000008007d14                store_Sensor_Calibration
 .text.show_Sensor_Calibration
                0x0000000008007d24       0x30 obj/Release/src/sensors/sensor_calibration.o
                0x0000000008007d24                show_Sensor_Calibration
 .text.modify_Sensor_Calibration
                0x0000000008007d54       0x18 obj/Release/src/sensors/sensor_calibration.o
                0x0000000008007d54                modify_Sensor_Calibration
 .text.send_Sensor_Calibration
                0x0000000008007d6c        0xc obj/Release/src/sensors/sensor_calibration.o
                0x0000000008007d6c                send_Sensor_Calibration
 .text.store_InvTableCLT
                0x0000000008007d78       0x10 obj/Release/src/sensors/sensor_calibration.o
                0x0000000008007d78                store_InvTableCLT
 .text.show_InvTableCLT
                0x0000000008007d88       0x20 obj/Release/src/sensors/sensor_calibration.o
                0x0000000008007d88                show_InvTableCLT
 .text.modify_InvTableCLT
                0x0000000008007da8       0x10 obj/Release/src/sensors/sensor_calibration.o
                0x0000000008007da8                modify_InvTableCLT
 .text.send_InvTableCLT
                0x0000000008007db8        0xc obj/Release/src/sensors/sensor_calibration.o
                0x0000000008007db8                send_InvTableCLT
 .text.getValue_InvTableCLT
                0x0000000008007dc4       0x14 obj/Release/src/sensors/sensor_calibration.o
                0x0000000008007dc4                getValue_InvTableCLT
 .text.sensors_diag_log_event
                0x0000000008007dd8       0x28 obj/Release/src/sensors/sensors_diag.o
                0x0000000008007dd8                sensors_diag_log_event
 .text.print_sensors_diag
                0x0000000008007e00       0x68 obj/Release/src/sensors/sensors_diag.o
                0x0000000008007e00                print_sensors_diag
 .text.Tuareg_update_MAP_sensor
                0x0000000008007e68       0x5c obj/Release/src/sensors/Tuareg_sensors.o
                0x0000000008007e68                Tuareg_update_MAP_sensor
 .text.Tuareg_update_O2_sensor
                0x0000000008007ec4       0x54 obj/Release/src/sensors/Tuareg_sensors.o
                0x0000000008007ec4                Tuareg_update_O2_sensor
 .text.Tuareg_update_TPS_sensor
                0x0000000008007f18       0x54 obj/Release/src/sensors/Tuareg_sensors.o
                0x0000000008007f18                Tuareg_update_TPS_sensor
 .text.Tuareg_update_IAT_sensor
                0x0000000008007f6c       0x64 obj/Release/src/sensors/Tuareg_sensors.o
                0x0000000008007f6c                Tuareg_update_IAT_sensor
 .text.Tuareg_update_CLT_sensor
                0x0000000008007fd0       0x68 obj/Release/src/sensors/Tuareg_sensors.o
                0x0000000008007fd0                Tuareg_update_CLT_sensor
 .text.Tuareg_update_VBAT_sensor
                0x0000000008008038       0x58 obj/Release/src/sensors/Tuareg_sensors.o
                0x0000000008008038                Tuareg_update_VBAT_sensor
 .text.Tuareg_update_KNOCK_sensor
                0x0000000008008090       0x58 obj/Release/src/sensors/Tuareg_sensors.o
                0x0000000008008090                Tuareg_update_KNOCK_sensor
 .text.Tuareg_update_BARO_sensor
                0x00000000080080e8       0x5c obj/Release/src/sensors/Tuareg_sensors.o
                0x00000000080080e8                Tuareg_update_BARO_sensor
 .text.Tuareg_update_GEAR_sensor
                0x0000000008008144       0x74 obj/Release/src/sensors/Tuareg_sensors.o
                0x0000000008008144                Tuareg_update_GEAR_sensor
 .text.init_Sensors
                0x00000000080081b8       0xf0 obj/Release/src/sensors/Tuareg_sensors.o
                0x00000000080081b8                init_Sensors
 .text.adc_set_regular_group
                0x00000000080082a8       0x6e obj/Release/src/stm32_libs/stm32f4xx/boctok/stm32f4xx_adc_boctok.o
                0x00000000080082a8                adc_set_regular_group
 .text.adc_set_regular_group_length
                0x0000000008008316       0x18 obj/Release/src/stm32_libs/stm32f4xx/boctok/stm32f4xx_adc_boctok.o
                0x0000000008008316                adc_set_regular_group_length
 .text.adc_set_sample_time
                0x000000000800832e       0x3c obj/Release/src/stm32_libs/stm32f4xx/boctok/stm32f4xx_adc_boctok.o
                0x000000000800832e                adc_set_sample_time
 .text.adc_start_regular_group
                0x000000000800836a        0xa obj/Release/src/stm32_libs/stm32f4xx/boctok/stm32f4xx_adc_boctok.o
                0x000000000800836a                adc_start_regular_group
 .text.adc_start_injected_group
                0x0000000008008374        0xa obj/Release/src/stm32_libs/stm32f4xx/boctok/stm32f4xx_adc_boctok.o
                0x0000000008008374                adc_start_injected_group
 *fill*         0x000000000800837e        0x2 
 .text.getScbDump
                0x0000000008008380       0x24 obj/Release/src/stm32_libs/stm32f4xx/boctok/stm32f4xx_fault_handler_boctok.o
                0x0000000008008380                getScbDump
 .text.getStackRegisters
                0x00000000080083a4       0x30 obj/Release/src/stm32_libs/stm32f4xx/boctok/stm32f4xx_fault_handler_boctok.o
                0x00000000080083a4                getStackRegisters
 .text.HardFault_Handler
                0x00000000080083d4       0x28 obj/Release/src/stm32_libs/stm32f4xx/boctok/stm32f4xx_fault_handler_boctok.o
                0x00000000080083d4                HardFault_Handler
 .text.NMI_Handler
                0x00000000080083fc       0x28 obj/Release/src/stm32_libs/stm32f4xx/boctok/stm32f4xx_fault_handler_boctok.o
                0x00000000080083fc                NMI_Handler
 .text.MemManage_Handler
                0x0000000008008424       0x28 obj/Release/src/stm32_libs/stm32f4xx/boctok/stm32f4xx_fault_handler_boctok.o
                0x0000000008008424                MemManage_Handler
 .text.BusFault_Handler
                0x000000000800844c       0x28 obj/Release/src/stm32_libs/stm32f4xx/boctok/stm32f4xx_fault_handler_boctok.o
                0x000000000800844c                BusFault_Handler
 .text.UsageFault_Handler
                0x0000000008008474       0x28 obj/Release/src/stm32_libs/stm32f4xx/boctok/stm32f4xx_fault_handler_boctok.o
                0x0000000008008474                UsageFault_Handler
 .text.SVC_Handler
                0x000000000800849c       0x28 obj/Release/src/stm32_libs/stm32f4xx/boctok/stm32f4xx_fault_handler_boctok.o
                0x000000000800849c                SVC_Handler
 .text.DebugMon_Handler
                0x00000000080084c4       0x28 obj/Release/src/stm32_libs/stm32f4xx/boctok/stm32f4xx_fault_handler_boctok.o
                0x00000000080084c4                DebugMon_Handler
 .text.PendSV_Handler
                0x00000000080084ec       0x28 obj/Release/src/stm32_libs/stm32f4xx/boctok/stm32f4xx_fault_handler_boctok.o
                0x00000000080084ec                PendSV_Handler
 .text.WWDG_IRQHandler
                0x0000000008008514       0x28 obj/Release/src/stm32_libs/stm32f4xx/boctok/stm32f4xx_fault_handler_boctok.o
                0x0000000008008514                WWDG_IRQHandler
 .text.FPU_IRQHandler
                0x000000000800853c       0x28 obj/Release/src/stm32_libs/stm32f4xx/boctok/stm32f4xx_fault_handler_boctok.o
                0x000000000800853c                FPU_IRQHandler
 .text.GPIO_configure
                0x0000000008008564       0x6c obj/Release/src/stm32_libs/stm32f4xx/boctok/stm32f4xx_gpio_boctok.o
                0x0000000008008564                GPIO_configure
 .text.SYSCFG_map_EXTI
                0x00000000080085d0       0x98 obj/Release/src/stm32_libs/stm32f4xx/boctok/stm32f4xx_gpio_boctok.o
                0x00000000080085d0                SYSCFG_map_EXTI
 .text.gpio_set_pin
                0x0000000008008668       0x36 obj/Release/src/stm32_libs/stm32f4xx/boctok/stm32f4xx_gpio_boctok.o
                0x0000000008008668                gpio_set_pin
 .text.GPIO_SetAF
                0x000000000800869e       0x44 obj/Release/src/stm32_libs/stm32f4xx/boctok/stm32f4xx_gpio_boctok.o
                0x000000000800869e                GPIO_SetAF
 *fill*         0x00000000080086e2        0x2 
 .text.Reset_Handler
                0x00000000080086e4       0x50 obj/Release/src/stm32_libs/stm32f4xx/cmsis/startup_stm32f410xx.o
                0x00000000080086e4                Reset_Handler
 .text.Default_Handler
                0x0000000008008734        0x2 obj/Release/src/stm32_libs/stm32f4xx/cmsis/startup_stm32f410xx.o
                0x0000000008008734                RTC_Alarm_IRQHandler
                0x0000000008008734                FMPI2C1_EV_IRQHandler
                0x0000000008008734                TIM1_CC_IRQHandler
                0x0000000008008734                DMA2_Stream5_IRQHandler
                0x0000000008008734                DMA1_Stream5_IRQHandler
                0x0000000008008734                PVD_IRQHandler
                0x0000000008008734                TAMP_STAMP_IRQHandler
                0x0000000008008734                EXTI3_IRQHandler
                0x0000000008008734                I2C2_EV_IRQHandler
                0x0000000008008734                DMA1_Stream2_IRQHandler
                0x0000000008008734                DMA2_Stream2_IRQHandler
                0x0000000008008734                SPI1_IRQHandler
                0x0000000008008734                TIM6_DAC_IRQHandler
                0x0000000008008734                DMA2_Stream3_IRQHandler
                0x0000000008008734                USART6_IRQHandler
                0x0000000008008734                I2C1_EV_IRQHandler
                0x0000000008008734                DMA1_Stream6_IRQHandler
                0x0000000008008734                DMA1_Stream1_IRQHandler
                0x0000000008008734                RCC_IRQHandler
                0x0000000008008734                Default_Handler
                0x0000000008008734                EXTI15_10_IRQHandler
                0x0000000008008734                DMA1_Stream7_IRQHandler
                0x0000000008008734                SPI5_IRQHandler
                0x0000000008008734                DMA2_Stream7_IRQHandler
                0x0000000008008734                EXTI9_5_IRQHandler
                0x0000000008008734                RTC_WKUP_IRQHandler
                0x0000000008008734                SPI2_IRQHandler
                0x0000000008008734                DMA1_Stream0_IRQHandler
                0x0000000008008734                FMPI2C1_ER_IRQHandler
                0x0000000008008734                EXTI4_IRQHandler
                0x0000000008008734                RNG_IRQHandler
                0x0000000008008734                TIM1_UP_IRQHandler
                0x0000000008008734                TIM1_TRG_COM_TIM11_IRQHandler
                0x0000000008008734                USART2_IRQHandler
                0x0000000008008734                I2C2_ER_IRQHandler
                0x0000000008008734                DMA2_Stream1_IRQHandler
                0x0000000008008734                FLASH_IRQHandler
                0x0000000008008734                DMA2_Stream4_IRQHandler
                0x0000000008008734                DMA1_Stream4_IRQHandler
                0x0000000008008734                I2C1_ER_IRQHandler
                0x0000000008008734                LPTIM1_IRQHandler
                0x0000000008008734                DMA2_Stream6_IRQHandler
                0x0000000008008734                DMA1_Stream3_IRQHandler
 .text._init    0x0000000008008736        0x2 obj/Release/src/stm32_libs/stm32f4xx/cmsis/system_hse100_stm32f410.o
                0x0000000008008736                _init
 .text.SystemInit
                0x0000000008008738       0xf0 obj/Release/src/stm32_libs/stm32f4xx/cmsis/system_hse100_stm32f410.o
                0x0000000008008738                SystemInit
 .text.NVIC_PriorityGroupConfig
                0x0000000008008828       0x14 obj/Release/src/stm32_libs/stm32f4xx/spl/misc.o
                0x0000000008008828                NVIC_PriorityGroupConfig
 .text.DMA_Init
                0x000000000800883c       0x54 obj/Release/src/stm32_libs/stm32f4xx/spl/stm32f4xx_dma.o
                0x000000000800883c                DMA_Init
 .text.DMA_StructInit
                0x0000000008008890       0x22 obj/Release/src/stm32_libs/stm32f4xx/spl/stm32f4xx_dma.o
                0x0000000008008890                DMA_StructInit
 *fill*         0x00000000080088b2        0x2 
 .text.I2C_Init
                0x00000000080088b4       0xc8 obj/Release/src/stm32_libs/stm32f4xx/spl/stm32f4xx_i2c.o
                0x00000000080088b4                I2C_Init
 .text.I2C_Cmd  0x000000000800897c       0x16 obj/Release/src/stm32_libs/stm32f4xx/spl/stm32f4xx_i2c.o
                0x000000000800897c                I2C_Cmd
 .text.I2C_GenerateSTART
                0x0000000008008992       0x16 obj/Release/src/stm32_libs/stm32f4xx/spl/stm32f4xx_i2c.o
                0x0000000008008992                I2C_GenerateSTART
 .text.I2C_GenerateSTOP
                0x00000000080089a8       0x16 obj/Release/src/stm32_libs/stm32f4xx/spl/stm32f4xx_i2c.o
                0x00000000080089a8                I2C_GenerateSTOP
 .text.I2C_Send7bitAddress
                0x00000000080089be       0x12 obj/Release/src/stm32_libs/stm32f4xx/spl/stm32f4xx_i2c.o
                0x00000000080089be                I2C_Send7bitAddress
 .text.I2C_AcknowledgeConfig
                0x00000000080089d0       0x16 obj/Release/src/stm32_libs/stm32f4xx/spl/stm32f4xx_i2c.o
                0x00000000080089d0                I2C_AcknowledgeConfig
 .text.I2C_SendData
                0x00000000080089e6        0x4 obj/Release/src/stm32_libs/stm32f4xx/spl/stm32f4xx_i2c.o
                0x00000000080089e6                I2C_SendData
 .text.I2C_ReceiveData
                0x00000000080089ea        0x6 obj/Release/src/stm32_libs/stm32f4xx/spl/stm32f4xx_i2c.o
                0x00000000080089ea                I2C_ReceiveData
 .text.I2C_CheckEvent
                0x00000000080089f0       0x16 obj/Release/src/stm32_libs/stm32f4xx/spl/stm32f4xx_i2c.o
                0x00000000080089f0                I2C_CheckEvent
 .text.I2C_GetFlagStatus
                0x0000000008008a06       0x34 obj/Release/src/stm32_libs/stm32f4xx/spl/stm32f4xx_i2c.o
                0x0000000008008a06                I2C_GetFlagStatus
 .text.I2C_ClearFlag
                0x0000000008008a3a        0x8 obj/Release/src/stm32_libs/stm32f4xx/spl/stm32f4xx_i2c.o
                0x0000000008008a3a                I2C_ClearFlag
 *fill*         0x0000000008008a42        0x2 
 .text.RCC_GetClocksFreq
                0x0000000008008a44       0x88 obj/Release/src/stm32_libs/stm32f4xx/spl/stm32f4xx_rcc.o
                0x0000000008008a44                RCC_GetClocksFreq
 .text.USART_Init
                0x0000000008008acc       0xb0 obj/Release/src/stm32_libs/stm32f4xx/spl/stm32f4xx_usart.o
                0x0000000008008acc                USART_Init
 .text.USART_Cmd
                0x0000000008008b7c       0x16 obj/Release/src/stm32_libs/stm32f4xx/spl/stm32f4xx_usart.o
                0x0000000008008b7c                USART_Cmd
 .text.USART_ReceiveData
                0x0000000008008b92        0x8 obj/Release/src/stm32_libs/stm32f4xx/spl/stm32f4xx_usart.o
                0x0000000008008b92                USART_ReceiveData
 .text.USART_ITConfig
                0x0000000008008b9a       0x32 obj/Release/src/stm32_libs/stm32f4xx/spl/stm32f4xx_usart.o
                0x0000000008008b9a                USART_ITConfig
 .text.Eeprom_init
                0x0000000008008bcc       0xa0 obj/Release/src/storage/eeprom.o
                0x0000000008008bcc                Eeprom_init
 .text.eeprom_wait
                0x0000000008008c6c       0xb0 obj/Release/src/storage/eeprom.o
                0x0000000008008c6c                eeprom_wait
 .text.eeprom_write_byte
                0x0000000008008d1c      0x104 obj/Release/src/storage/eeprom.o
                0x0000000008008d1c                eeprom_write_byte
 .text.eeprom_read_byte
                0x0000000008008e20      0x188 obj/Release/src/storage/eeprom.o
                0x0000000008008e20                eeprom_read_byte
 .text.eeprom_update_byte
                0x0000000008008fa8       0x58 obj/Release/src/storage/eeprom.o
                0x0000000008008fa8                eeprom_update_byte
 .text.Eeprom_load_data
                0x0000000008009000       0x40 obj/Release/src/storage/eeprom.o
                0x0000000008009000                Eeprom_load_data
 .text.Eeprom_update_data
                0x0000000008009040       0x38 obj/Release/src/storage/eeprom.o
                0x0000000008009040                Eeprom_update_data
 .text.getValue_t2D
                0x0000000008009078       0xbc obj/Release/src/storage/table.o
                0x0000000008009078                getValue_t2D
 .text.getValue_t3D
                0x0000000008009134      0x304 obj/Release/src/storage/table.o
                0x0000000008009134                getValue_t3D
 .text.load_t2D_data
                0x0000000008009438        0xc obj/Release/src/storage/table.o
                0x0000000008009438                load_t2D_data
 .text.load_t2D
                0x0000000008009444        0xe obj/Release/src/storage/table.o
                0x0000000008009444                load_t2D
 .text.load_t3D_data
                0x0000000008009452        0xe obj/Release/src/storage/table.o
                0x0000000008009452                load_t3D_data
 .text.store_t2D_data
                0x0000000008009460        0xc obj/Release/src/storage/table.o
                0x0000000008009460                store_t2D_data
 .text.store_t2D
                0x000000000800946c        0xe obj/Release/src/storage/table.o
                0x000000000800946c                store_t2D
 .text.store_t3D_data
                0x000000000800947a        0xe obj/Release/src/storage/table.o
                0x000000000800947a                store_t3D_data
 .text.show_t3D_data
                0x0000000008009488       0xa4 obj/Release/src/storage/table.o
                0x0000000008009488                show_t3D_data
 .text.show_t2D_data
                0x000000000800952c       0x64 obj/Release/src/storage/table.o
                0x000000000800952c                show_t2D_data
 .text.modify_t2D_data
                0x0000000008009590        0xe obj/Release/src/storage/table.o
                0x0000000008009590                modify_t2D_data
 .text.modify_t3D_data
                0x000000000800959e       0x10 obj/Release/src/storage/table.o
                0x000000000800959e                modify_t3D_data
 .text.send_t2D_data
                0x00000000080095ae        0x6 obj/Release/src/storage/table.o
                0x00000000080095ae                send_t2D_data
 .text.send_t3D_data
                0x00000000080095b4        0x8 obj/Release/src/storage/table.o
                0x00000000080095b4                send_t3D_data
 .text.allocate_timer_channel_1
                0x00000000080095bc       0x3c obj/Release/src/timing/scheduler.o
                0x00000000080095bc                allocate_timer_channel_1
 .text.reset_timer_channel_1
                0x00000000080095f8       0x30 obj/Release/src/timing/scheduler.o
                0x00000000080095f8                reset_timer_channel_1
 .text.allocate_timer_channel_2
                0x0000000008009628       0x3c obj/Release/src/timing/scheduler.o
                0x0000000008009628                allocate_timer_channel_2
 .text.reset_timer_channel_2
                0x0000000008009664       0x30 obj/Release/src/timing/scheduler.o
                0x0000000008009664                reset_timer_channel_2
 .text.allocate_timer_channel_3
                0x0000000008009694       0x3c obj/Release/src/timing/scheduler.o
                0x0000000008009694                allocate_timer_channel_3
 .text.reset_timer_channel_3
                0x00000000080096d0       0x30 obj/Release/src/timing/scheduler.o
                0x00000000080096d0                reset_timer_channel_3
 .text.allocate_timer_channel_4
                0x0000000008009700       0x3c obj/Release/src/timing/scheduler.o
                0x0000000008009700                allocate_timer_channel_4
 .text.reset_timer_channel_4
                0x000000000800973c       0x30 obj/Release/src/timing/scheduler.o
                0x000000000800973c                reset_timer_channel_4
 .text.init_Vital_Scheduler
                0x000000000800976c       0xd0 obj/Release/src/timing/scheduler.o
                0x000000000800976c                init_Vital_Scheduler
 .text.scheduler_reset_channel
                0x000000000800983c       0x5c obj/Release/src/timing/scheduler.o
                0x000000000800983c                scheduler_reset_channel
 .text.allocate_channel
                0x0000000008009898       0x8c obj/Release/src/timing/scheduler.o
                0x0000000008009898                allocate_channel
 .text.scheduler_set_channel
                0x0000000008009924      0x108 obj/Release/src/timing/scheduler.o
                0x0000000008009924                scheduler_set_channel
 .text.TIM5_IRQHandler
                0x0000000008009a2c      0x128 obj/Release/src/timing/scheduler.o
                0x0000000008009a2c                TIM5_IRQHandler
 .text.scheduler_diag_log_event
                0x0000000008009b54       0x28 obj/Release/src/timing/scheduler_diag.o
                0x0000000008009b54                scheduler_diag_log_event
 .text.print_scheduler_diag
                0x0000000008009b7c       0x68 obj/Release/src/timing/scheduler_diag.o
                0x0000000008009b7c                print_scheduler_diag
 .text.init_systick_timer
                0x0000000008009be4       0x24 obj/Release/src/timing/systick_timer.o
                0x0000000008009be4                init_systick_timer
 .text.get_timestamp_fraction_us
                0x0000000008009c08       0x24 obj/Release/src/timing/systick_timer.o
                0x0000000008009c08                get_timestamp_fraction_us
 .text.SysTick_Handler
                0x0000000008009c2c       0xf4 obj/Release/src/timing/systick_timer.o
                0x0000000008009c2c                SysTick_Handler
 .text.calc_rot_duration_us
                0x0000000008009d20        0xc obj/Release/src/utils/base_calc.o
                0x0000000008009d20                calc_rot_duration_us
 .text.calc_rot_angle_deg
                0x0000000008009d2c       0x20 obj/Release/src/utils/base_calc.o
                0x0000000008009d2c                calc_rot_angle_deg
 .text.calc_rpm
                0x0000000008009d4c       0x20 obj/Release/src/utils/base_calc.o
                0x0000000008009d4c                calc_rpm
 .text.sub_VU32
                0x0000000008009d6c       0x14 obj/Release/src/utils/base_calc.o
                0x0000000008009d6c                sub_VU32
 .text.subtract_U32
                0x0000000008009d80        0xa obj/Release/src/utils/base_calc.o
                0x0000000008009d80                subtract_U32
 .text.divide_U32
                0x0000000008009d8a       0x18 obj/Release/src/utils/base_calc.o
                0x0000000008009d8a                divide_U32
 *fill*         0x0000000008009da2        0x2 
 .text.divide_F32
                0x0000000008009da4       0x2c obj/Release/src/utils/base_calc.o
                0x0000000008009da4                divide_F32
 .text.divide_float
                0x0000000008009dd0       0x28 obj/Release/src/utils/base_calc.o
                0x0000000008009dd0                divide_float
 .text.crank_position_after
                0x0000000008009df8       0x14 obj/Release/src/utils/base_calc.o
                0x0000000008009df8                crank_position_after
 .text.opposite_phase
                0x0000000008009e0c       0x10 obj/Release/src/utils/base_calc.o
                0x0000000008009e0c                opposite_phase
 .text.solve_linear
                0x0000000008009e1c       0x48 obj/Release/src/utils/base_calc.o
                0x0000000008009e1c                solve_linear
 .text.calc_ema
                0x0000000008009e64       0x42 obj/Release/src/utils/base_calc.o
                0x0000000008009e64                calc_ema
 .text.update_ema_filter
                0x0000000008009ea6       0x1a obj/Release/src/utils/base_calc.o
                0x0000000008009ea6                update_ema_filter
 .text.calc_derivative_s
                0x0000000008009ec0       0x44 obj/Release/src/utils/base_calc.o