Archive member included to satisfy reference by file (symbol)

/opt/gcc-arm-none-eabi-7-2017-q4-major/bin/../lib/gcc/arm-none-eabi/7.2.1/../../../../arm-none-eabi/lib/thumb/v7e-m/fpv4-sp/hard/libc.a(lib_a-init.o)
                              obj/Release/src/stm32_libs/stm32f4xx/cmsis/startup_stm32f410xx.o (__libc_init_array)

Discarded input sections

 .text          0x0000000000000000        0x0 obj/Release/src/actors/act_hw.o
 .data          0x0000000000000000        0x0 obj/Release/src/actors/act_hw.o
 .bss           0x0000000000000000        0x0 obj/Release/src/actors/act_hw.o
 .text.set_act1
                0x0000000000000000       0x20 obj/Release/src/actors/act_hw.o
 .text.set_act2
                0x0000000000000000       0x20 obj/Release/src/actors/act_hw.o
 .text.init_act_hw
                0x0000000000000000       0x4c obj/Release/src/actors/act_hw.o
 .comment       0x0000000000000000       0x7f obj/Release/src/actors/act_hw.o
 .ARM.attributes
                0x0000000000000000       0x39 obj/Release/src/actors/act_hw.o
 .text          0x0000000000000000        0x0 obj/Release/src/actors/act_logic.o
 .data          0x0000000000000000        0x0 obj/Release/src/actors/act_logic.o
 .bss           0x0000000000000000        0x0 obj/Release/src/actors/act_logic.o
 .text.init_act_logic
                0x0000000000000000        0x2 obj/Release/src/actors/act_logic.o
 .comment       0x0000000000000000       0x7f obj/Release/src/actors/act_logic.o
 .ARM.attributes
                0x0000000000000000       0x39 obj/Release/src/actors/act_logic.o
 .text          0x0000000000000000        0x0 obj/Release/src/com/serial_buffer.o
 .data          0x0000000000000000        0x0 obj/Release/src/com/serial_buffer.o
 .bss           0x0000000000000000        0x0 obj/Release/src/com/serial_buffer.o
 .text          0x0000000000000000        0x0 obj/Release/src/com/serial_monitor.o
 .data          0x0000000000000000        0x0 obj/Release/src/com/serial_monitor.o
 .bss           0x0000000000000000        0x0 obj/Release/src/com/serial_monitor.o
 .comment       0x0000000000000000       0x7f obj/Release/src/com/serial_monitor.o
 .ARM.attributes
                0x0000000000000000       0x39 obj/Release/src/com/serial_monitor.o
 .text          0x0000000000000000        0x0 obj/Release/src/com/Tuareg_console.o
 .data          0x0000000000000000        0x0 obj/Release/src/com/Tuareg_console.o
 .bss           0x0000000000000000        0x0 obj/Release/src/com/Tuareg_console.o
 .rodata.cTSmaxChunkLen
                0x0000000000000000        0x4 obj/Release/src/com/Tuareg_console.o
 .rodata.cTSmaxOffset
                0x0000000000000000        0x4 obj/Release/src/com/Tuareg_console.o
 .text          0x0000000000000000        0x0 obj/Release/src/com/TunerStudio.o
 .data          0x0000000000000000        0x0 obj/Release/src/com/TunerStudio.o
 .bss           0x0000000000000000        0x0 obj/Release/src/com/TunerStudio.o
 .text          0x0000000000000000        0x0 obj/Release/src/com/TunerStudio_outChannel.o
 .data          0x0000000000000000        0x0 obj/Release/src/com/TunerStudio_outChannel.o
 .bss           0x0000000000000000        0x0 obj/Release/src/com/TunerStudio_outChannel.o
 .rodata.cOut_size
                0x0000000000000000        0x4 obj/Release/src/com/TunerStudio_outChannel.o
 .rodata.pOut_data
                0x0000000000000000        0x4 obj/Release/src/com/TunerStudio_outChannel.o
 .text          0x0000000000000000        0x0 obj/Release/src/com/TunerStudio_service.o
 .data          0x0000000000000000        0x0 obj/Release/src/com/TunerStudio_service.o
 .bss           0x0000000000000000        0x0 obj/Release/src/com/TunerStudio_service.o
 .text          0x0000000000000000        0x0 obj/Release/src/com/uart.o
 .data          0x0000000000000000        0x0 obj/Release/src/com/uart.o
 .bss           0x0000000000000000        0x0 obj/Release/src/com/uart.o
 .text.UART_listen
                0x0000000000000000        0xa obj/Release/src/com/uart.o
 .text.UART_nolisten
                0x0000000000000000        0xa obj/Release/src/com/uart.o
 .text          0x0000000000000000        0x0 obj/Release/src/com/uart_printf.o
 .data          0x0000000000000000        0x0 obj/Release/src/com/uart_printf.o
 .bss           0x0000000000000000        0x0 obj/Release/src/com/uart_printf.o
 .text.printf_S
                0x0000000000000000       0x20 obj/Release/src/com/uart_printf.o
 .text.printf_U8
                0x0000000000000000       0x42 obj/Release/src/com/uart_printf.o
 .text.printf_U32hex
                0x0000000000000000       0x30 obj/Release/src/com/uart_printf.o
 .text          0x0000000000000000        0x0 obj/Release/src/dash/dash_hw.o
 .data          0x0000000000000000        0x0 obj/Release/src/dash/dash_hw.o
 .bss           0x0000000000000000        0x0 obj/Release/src/dash/dash_hw.o
 .text          0x0000000000000000        0x0 obj/Release/src/dash/Tuareg_dash.o
[...]
Memory Configuration

Name             Origin             Length             Attributes
FLASH            0x0000000008000000 0x0000000000020000 xr
RAM              0x0000000020000000 0x0000000000008000 xrw
MEMORY_B1        0x0000000060000000 0x0000000000000000 xr
*default*        0x0000000000000000 0xffffffffffffffff

Linker script and memory map

LOAD obj/Release/src/actors/act_hw.o
LOAD obj/Release/src/actors/act_logic.o
LOAD obj/Release/src/com/serial_buffer.o
LOAD obj/Release/src/com/serial_monitor.o
LOAD obj/Release/src/com/Tuareg_console.o
LOAD obj/Release/src/com/TunerStudio.o
LOAD obj/Release/src/com/TunerStudio_outChannel.o
LOAD obj/Release/src/com/TunerStudio_service.o
LOAD obj/Release/src/com/uart.o
LOAD obj/Release/src/com/uart_printf.o
LOAD obj/Release/src/dash/dash_hw.o
LOAD obj/Release/src/dash/Tuareg_dash.o
LOAD obj/Release/src/debug/debug.o
LOAD obj/Release/src/debug/debug_port_messages.o
LOAD obj/Release/src/debug/dwt.o
LOAD obj/Release/src/decoder/decoder_cis.o
LOAD obj/Release/src/decoder/decoder_config.o
LOAD obj/Release/src/decoder/decoder_debug.o
LOAD obj/Release/src/decoder/decoder_diag.o
LOAD obj/Release/src/decoder/decoder_hw.o
LOAD obj/Release/src/decoder/decoder_logic.o
LOAD obj/Release/src/decoder/Tuareg_decoder.o
LOAD obj/Release/src/diagnostics/diagnostics.o
LOAD obj/Release/src/diagnostics/fault_log.o
LOAD obj/Release/src/diagnostics/highspeed_loggers.o
LOAD obj/Release/src/diagnostics/syslog.o
LOAD obj/Release/src/fueling/accel_comp.o
LOAD obj/Release/src/fueling/fueling_config.o
LOAD obj/Release/src/fueling/fueling_corrections.o
LOAD obj/Release/src/fueling/fueling_diag.o
LOAD obj/Release/src/fueling/fueling_hw.o
LOAD obj/Release/src/fueling/injector_parameters.o
LOAD obj/Release/src/fueling/Tuareg_fueling.o
LOAD obj/Release/src/fueling/Tuareg_fueling_controls.o
LOAD obj/Release/src/ignition/ignition_config.o
LOAD obj/Release/src/ignition/ignition_diag.o
LOAD obj/Release/src/ignition/ignition_hw.o
LOAD obj/Release/src/ignition/Tuareg_ignition.o
LOAD obj/Release/src/ignition/Tuareg_ignition_controls.o
LOAD obj/Release/src/main/main.o
LOAD obj/Release/src/main/Tuareg.o
LOAD obj/Release/src/main/Tuareg_atomic.o
LOAD obj/Release/src/main/Tuareg_config.o
LOAD obj/Release/src/main/Tuareg_diag.o
LOAD obj/Release/src/main/Tuareg_errors.o
LOAD obj/Release/src/main/Tuareg_ID.o
LOAD obj/Release/src/main/Tuareg_process_data.o
LOAD obj/Release/src/main/Tuareg_service_functions.o
LOAD obj/Release/src/main/Tuareg_types.o
LOAD obj/Release/src/module_test/module_test.o
LOAD obj/Release/src/process_table/process_table.o
LOAD obj/Release/src/sensors/analog_sensors.o
LOAD obj/Release/src/sensors/digital_sensors.o
LOAD obj/Release/src/sensors/knock_sensor.o
LOAD obj/Release/src/sensors/sensor_calibration.o
LOAD obj/Release/src/sensors/sensors_diag.o
LOAD obj/Release/src/sensors/Tuareg_sensors.o
LOAD obj/Release/src/stm32_libs/stm32f4xx/boctok/stm32f4xx_adc_boctok.o
LOAD obj/Release/src/stm32_libs/stm32f4xx/boctok/stm32f4xx_fault_handler_boctok.o
LOAD obj/Release/src/stm32_libs/stm32f4xx/boctok/stm32f4xx_gpio_boctok.o
LOAD obj/Release/src/stm32_libs/stm32f4xx/cmsis/startup_stm32f410xx.o
LOAD obj/Release/src/stm32_libs/stm32f4xx/cmsis/system_hse100_stm32f410.o
LOAD obj/Release/src/stm32_libs/stm32f4xx/spl/misc.o
LOAD obj/Release/src/stm32_libs/stm32f4xx/spl/stm32f4xx_dma.o
LOAD obj/Release/src/stm32_libs/stm32f4xx/spl/stm32f4xx_i2c.o
LOAD obj/Release/src/stm32_libs/stm32f4xx/spl/stm32f4xx_rcc.o
LOAD obj/Release/src/stm32_libs/stm32f4xx/spl/stm32f4xx_usart.o
LOAD obj/Release/src/storage/eeprom.o
LOAD obj/Release/src/storage/table.o
LOAD obj/Release/src/timing/lowprio_scheduler.o
LOAD obj/Release/src/timing/scheduler.o
LOAD obj/Release/src/timing/scheduler_diag.o
LOAD obj/Release/src/timing/systick_timer.o
LOAD obj/Release/src/utils/base_calc.o
LOAD obj/Release/src/utils/bitfields.o
LOAD obj/Release/src/utils/conversion.o
                0x0000000020008000                _estack = 0x20008000
                0x0000000000000000                _Min_Heap_Size = 0x0
                0x0000000000000100                _Min_Stack_Size = 0x100

.isr_vector     0x0000000008000000      0x1c8
                0x0000000008000000                . = ALIGN (0x4)
 *(.isr_vector)
 .isr_vector    0x0000000008000000      0x1c8 obj/Release/src/stm32_libs/stm32f4xx/cmsis/startup_stm32f410xx.o
                0x0000000008000000                g_pfnVectors
                0x00000000080001c8                . = ALIGN (0x4)

.text           0x00000000080001c8     0xceec
                0x00000000080001c8                . = ALIGN (0x4)
 *(.text)
 *(.text*)
 .text.ComRx_Buffer_reset
                0x00000000080001c8       0x3c obj/Release/src/com/serial_buffer.o
                0x00000000080001c8                ComRx_Buffer_reset
 .text.ComRx_Buffer_avail
                0x0000000008000204        0xc obj/Release/src/com/serial_buffer.o
                0x0000000008000204                ComRx_Buffer_avail
 .text.ComRx_Buffer_push
                0x0000000008000210       0x50 obj/Release/src/com/serial_buffer.o
                0x0000000008000210                ComRx_Buffer_push
 .text.ComRx_Buffer_pull
                0x0000000008000260       0x44 obj/Release/src/com/serial_buffer.o
                0x0000000008000260                ComRx_Buffer_pull
 .text.ComRx_Buffer_pull_U16
                0x00000000080002a4       0x30 obj/Release/src/com/serial_buffer.o
                0x00000000080002a4                ComRx_Buffer_pull_U16
 .text.ComRx_Buffer_pull_U32
                0x00000000080002d4       0x56 obj/Release/src/com/serial_buffer.o
                0x00000000080002d4                ComRx_Buffer_pull_U32
 *fill*         0x000000000800032a        0x2 
 .text.cli_showPage
                0x000000000800032c       0xa8 obj/Release/src/com/Tuareg_console.o
                0x000000000800032c                cli_showPage
 .text.cli_setPermissions
                0x00000000080003d4      0x11c obj/Release/src/com/Tuareg_console.o
                0x00000000080003d4                cli_setPermissions
 .text.cli_show_help
                0x00000000080004f0       0x9c obj/Release/src/com/Tuareg_console.o
                0x00000000080004f0                cli_show_help
 .text.Tuareg_update_console
                0x000000000800058c      0x290 obj/Release/src/com/Tuareg_console.o
                0x000000000800058c                Tuareg_update_console
 .text.cli_cyclic_update
                0x000000000800081c       0x1c obj/Release/src/com/Tuareg_console.o
                0x000000000800081c                cli_cyclic_update
 .text.Tuareg_init_console
                0x0000000008000838       0x18 obj/Release/src/com/Tuareg_console.o
                0x0000000008000838                Tuareg_init_console
 .text.ts_readPage
                0x0000000008000850       0xb4 obj/Release/src/com/TunerStudio.o
                0x0000000008000850                ts_readPage
 .text.ts_valueWrite
                0x0000000008000904      0x1a8 obj/Release/src/com/TunerStudio.o
                0x0000000008000904                ts_valueWrite
 .text.ts_burnPage
                0x0000000008000aac       0xcc obj/Release/src/com/TunerStudio.o
                0x0000000008000aac                ts_burnPage
 .text.ts_tuareg_bits
                0x0000000008000b78      0x1d4 obj/Release/src/com/TunerStudio_outChannel.o
                0x0000000008000b78                ts_tuareg_bits
 .text.ts_sendOutputChannels
                0x0000000008000d4c      0x12c obj/Release/src/com/TunerStudio_outChannel.o
                0x0000000008000d4c                ts_sendOutputChannels
 .text.ts_debug_features
                0x0000000008000e78      0x144 obj/Release/src/com/TunerStudio_service.o
                0x0000000008000e78                ts_debug_features
 .text.cli_show_debug_help
                0x0000000008000fbc       0xc0 obj/Release/src/com/TunerStudio_service.o
                0x0000000008000fbc                cli_show_debug_help
 .text.cli_show_process_data
                0x000000000800107c      0x114 obj/Release/src/com/TunerStudio_service.o
                0x000000000800107c                cli_show_process_data
 .text.cli_show_ignition_controls
                0x0000000008001190      0x108 obj/Release/src/com/TunerStudio_service.o
                0x0000000008001190                cli_show_ignition_controls
 .text.cli_show_fueling_controls
                0x0000000008001298      0x3b8 obj/Release/src/com/TunerStudio_service.o
                0x0000000008001298                cli_show_fueling_controls
 .text.cli_show_decoder_interface
                0x0000000008001650        0xc obj/Release/src/com/TunerStudio_service.o
                0x0000000008001650                cli_show_decoder_interface
 .text.cli_print_sensor_data
                0x000000000800165c      0x21c obj/Release/src/com/TunerStudio_service.o
                0x000000000800165c                cli_print_sensor_data
 .text.ts_debug_info
                0x0000000008001878       0xd8 obj/Release/src/com/TunerStudio_service.o
                0x0000000008001878                ts_debug_info
 .text.UART_TS_PORT_Init
                0x0000000008001950       0xa0 obj/Release/src/com/uart.o
                0x0000000008001950                UART_TS_PORT_Init
 .text.UART_DEBUG_PORT_Init
                0x00000000080019f0       0x68 obj/Release/src/com/uart.o
                0x00000000080019f0                UART_DEBUG_PORT_Init
 .text.UART_Tx  0x0000000008001a58        0xc obj/Release/src/com/uart.o
                0x0000000008001a58                UART_Tx
 .text.UART_send_data
                0x0000000008001a64       0x1a obj/Release/src/com/uart.o
                0x0000000008001a64                UART_send_data
 *fill*         0x0000000008001a7e        0x2 
 .text.USART1_IRQHandler
                0x0000000008001a80       0x30 obj/Release/src/com/uart.o
                0x0000000008001a80                USART1_IRQHandler
 .text.printf_U
                0x0000000008001ab0      0x164 obj/Release/src/com/uart_printf.o
                0x0000000008001ab0                printf_U
 .text.printf_F32
                0x0000000008001c14       0xcc obj/Release/src/com/uart_printf.o
                0x0000000008001c14                printf_F32
 .text.printf_nib_hex
                0x0000000008001ce0       0x10 obj/Release/src/com/uart_printf.o
                0x0000000008001ce0                printf_nib_hex
 .text.print    0x0000000008001cf0       0x16 obj/Release/src/com/uart_printf.o
                0x0000000008001cf0                print
 *fill*         0x0000000008001d06        0x2 
 .text.printf_U8hex
                0x0000000008001d08       0x38 obj/Release/src/com/uart_printf.o
                0x0000000008001d08                printf_U8hex
 .text.printf_crkpos
                0x0000000008001d40       0x6c obj/Release/src/com/uart_printf.o
                0x0000000008001d40                printf_crkpos
 .text.printf_phase
                0x0000000008001dac       0x30 obj/Release/src/com/uart_printf.o
                0x0000000008001dac                printf_phase
 .text.printf_decoder_sensing
                0x0000000008001ddc       0x54 obj/Release/src/com/uart_printf.o
                0x0000000008001ddc                printf_decoder_sensing
 .text.print_flash
                0x0000000008001e30        0x4 obj/Release/src/com/uart_printf.o
                0x0000000008001e30                print_flash
 .text.set_mil_hw
                0x0000000008001e34       0x38 obj/Release/src/dash/dash_hw.o
                0x0000000008001e34                set_mil_hw
 .text.init_dash_hw
                0x0000000008001e6c       0x78 obj/Release/src/dash/dash_hw.o
                0x0000000008001e6c                init_dash_hw
 .text.set_tachometer_compare
                0x0000000008001ee4       0x28 obj/Release/src/dash/dash_hw.o
                0x0000000008001ee4                set_tachometer_compare
 .text.update_tachometer
                0x0000000008001f0c       0x38 obj/Release/src/dash/Tuareg_dash.o
                0x0000000008001f0c                update_tachometer
 .text.set_mil  0x0000000008001f44       0x58 obj/Release/src/dash/Tuareg_dash.o
                0x0000000008001f44                set_mil
 .text.update_mil
                0x0000000008001f9c       0xac obj/Release/src/dash/Tuareg_dash.o
                0x0000000008001f9c                update_mil
 .text.init_dash
                0x0000000008002048       0x10 obj/Release/src/dash/Tuareg_dash.o
                0x0000000008002048                init_dash
 .text.update_dash
                0x0000000008002058        0xe obj/Release/src/dash/Tuareg_dash.o
                0x0000000008002058                update_dash
 *fill*         0x0000000008002066        0x2 
 .text.DebugMsg_Warning
                0x0000000008002068       0x24 obj/Release/src/debug/debug_port_messages.o
                0x0000000008002068                DebugMsg_Warning
 .text.decoder_update_cis
                0x000000000800208c      0x188 obj/Release/src/decoder/decoder_cis.o
                0x000000000800208c                decoder_update_cis
 .text.decoder_cis_handler
                0x0000000008002214       0x9c obj/Release/src/decoder/decoder_cis.o
                0x0000000008002214                decoder_cis_handler
 .text.decoder_cis_noisefilter_handler
                0x00000000080022b0        0x4 obj/Release/src/decoder/decoder_cis.o
                0x00000000080022b0                decoder_cis_noisefilter_handler
 .text.enable_cis
                0x00000000080022b4       0x4c obj/Release/src/decoder/decoder_cis.o
                0x00000000080022b4                enable_cis
 .text.disable_cis
                0x0000000008002300        0xe obj/Release/src/decoder/decoder_cis.o
                0x0000000008002300                disable_cis
 *fill*         0x000000000800230e        0x2 
 .text.load_Decoder_Setup
                0x0000000008002310       0x1c obj/Release/src/decoder/decoder_config.o
                0x0000000008002310                load_Decoder_Setup
 .text.load_essential_Decoder_Setup
                0x000000000800232c       0x3c obj/Release/src/decoder/decoder_config.o
                0x000000000800232c                load_essential_Decoder_Setup
 .text.store_Decoder_Setup
                0x0000000008002368       0x10 obj/Release/src/decoder/decoder_config.o
                0x0000000008002368                store_Decoder_Setup
 .text.show_Decoder_Setup
                0x0000000008002378      0x154 obj/Release/src/decoder/decoder_config.o
                0x0000000008002378                show_Decoder_Setup
 .text.modify_Decoder_Setup
                0x00000000080024cc       0x18 obj/Release/src/decoder/decoder_config.o
                0x00000000080024cc                modify_Decoder_Setup
 .text.send_Decoder_Setup
                0x00000000080024e4        0xc obj/Release/src/decoder/decoder_config.o
                0x00000000080024e4                send_Decoder_Setup
 .text.decoder_debug_show_internals
                0x00000000080024f0      0x5f8 obj/Release/src/decoder/decoder_debug.o
                0x00000000080024f0                decoder_debug_show_internals
 .text.init_decoder_debug
                0x0000000008002ae8      0x11c obj/Release/src/decoder/decoder_debug.o
                0x0000000008002ae8                init_decoder_debug
 .text.trigger_crk_irq_debug
                0x0000000008002c04        0xc obj/Release/src/decoder/decoder_debug.o
                0x0000000008002c04                trigger_crk_irq_debug
 .text.trigger_cam_irq_debug
                0x0000000008002c10        0xc obj/Release/src/decoder/decoder_debug.o
                0x0000000008002c10                trigger_cam_irq_debug
 .text.decoder_diag_log_event
                0x0000000008002c1c       0x28 obj/Release/src/decoder/decoder_diag.o
                0x0000000008002c1c                decoder_diag_log_event
 .text.print_decoder_diag
                0x0000000008002c44       0x68 obj/Release/src/decoder/decoder_diag.o
                0x0000000008002c44                print_decoder_diag
 .text.decoder_stop_timer
                0x0000000008002cac       0x18 obj/Release/src/decoder/decoder_hw.o
                0x0000000008002cac                decoder_stop_timer
 .text.update_crank_noisefilter
                0x0000000008002cc4       0x48 obj/Release/src/decoder/decoder_hw.o
                0x0000000008002cc4                update_crank_noisefilter
 .text.update_cam_noisefilter
                0x0000000008002d0c       0x48 obj/Release/src/decoder/decoder_hw.o
                0x0000000008002d0c                update_cam_noisefilter
 .text.decoder_unmask_crank_irq
                0x0000000008002d54       0x14 obj/Release/src/decoder/decoder_hw.o
                0x0000000008002d54                decoder_unmask_crank_irq
 .text.decoder_mask_cis_irq
                0x0000000008002d68        0xc obj/Release/src/decoder/decoder_hw.o
                0x0000000008002d68                decoder_mask_cis_irq
 .text.decoder_unmask_cis_irq
                0x0000000008002d74       0x18 obj/Release/src/decoder/decoder_hw.o
                0x0000000008002d74                decoder_unmask_cis_irq
 .text.set_crank_pickup_sensing_rise
                0x0000000008002d8c       0x1c obj/Release/src/decoder/decoder_hw.o
                0x0000000008002d8c                set_crank_pickup_sensing_rise
 .text.set_crank_pickup_sensing_fall
                0x0000000008002da8       0x1c obj/Release/src/decoder/decoder_hw.o
                0x0000000008002da8                set_crank_pickup_sensing_fall
 .text.set_crank_pickup_sensing_disabled
                0x0000000008002dc4       0x18 obj/Release/src/decoder/decoder_hw.o
                0x0000000008002dc4                set_crank_pickup_sensing_disabled
 .text.set_cis_sensing_rise
                0x0000000008002ddc       0x1c obj/Release/src/decoder/decoder_hw.o
                0x0000000008002ddc                set_cis_sensing_rise
 .text.set_cis_sensing_fall
                0x0000000008002df8       0x1c obj/Release/src/decoder/decoder_hw.o
                0x0000000008002df8                set_cis_sensing_fall
 .text.set_cis_sensing_disabled
                0x0000000008002e14       0x18 obj/Release/src/decoder/decoder_hw.o
                0x0000000008002e14                set_cis_sensing_disabled
 .text.decoder_set_crank_pickup_sensing
                0x0000000008002e2c       0x54 obj/Release/src/decoder/decoder_hw.o
                0x0000000008002e2c                decoder_set_crank_pickup_sensing
 .text.decoder_set_cis_sensing
                0x0000000008002e80       0x54 obj/Release/src/decoder/decoder_hw.o
                0x0000000008002e80                decoder_set_cis_sensing
 .text.trigger_decoder_irq
                0x0000000008002ed4       0x14 obj/Release/src/decoder/decoder_hw.o
                0x0000000008002ed4                trigger_decoder_irq
 .text.init_decoder_hw
                0x0000000008002ee8       0xcc obj/Release/src/decoder/decoder_hw.o
                0x0000000008002ee8                init_decoder_hw
 .text.decoder_get_timestamp
                0x0000000008002fb4        0xc obj/Release/src/decoder/decoder_hw.o
                0x0000000008002fb4                decoder_get_timestamp
 .text.decoder_set_timer_continuous_mode_on
                0x0000000008002fc0       0x1c obj/Release/src/decoder/decoder_hw.o
                0x0000000008002fc0                decoder_set_timer_continuous_mode_on
 .text.decoder_set_timer_continuous_mode_off
                0x0000000008002fdc       0x1c obj/Release/src/decoder/decoder_hw.o
                0x0000000008002fdc                decoder_set_timer_continuous_mode_off
 .text.decoder_start_timer
                0x0000000008002ff8       0x5c obj/Release/src/decoder/decoder_hw.o
                0x0000000008002ff8                decoder_start_timer
 .text.decoder_request_timer_reset
                0x0000000008003054       0x10 obj/Release/src/decoder/decoder_hw.o
                0x0000000008003054                decoder_request_timer_reset
 .text.disable_decoder_hw
                0x0000000008003064       0x44 obj/Release/src/decoder/decoder_hw.o
                0x0000000008003064                disable_decoder_hw
 .text.EXTI0_IRQHandler
                0x00000000080030a8       0x68 obj/Release/src/decoder/decoder_hw.o
                0x00000000080030a8                EXTI0_IRQHandler
 .text.TIM1_BRK_TIM9_IRQHandler
                0x0000000008003110       0x80 obj/Release/src/decoder/decoder_hw.o
                0x0000000008003110                TIM1_BRK_TIM9_IRQHandler
 .text.EXTI1_IRQHandler
                0x0000000008003190       0x1c obj/Release/src/decoder/decoder_hw.o
                0x0000000008003190                EXTI1_IRQHandler
 .text.reset_timeout_counter
                0x00000000080031ac       0x14 obj/Release/src/decoder/decoder_logic.o
                0x00000000080031ac                reset_timeout_counter
 .text.reset_timing_output
                0x00000000080031c0       0x2c obj/Release/src/decoder/decoder_logic.o
                0x00000000080031c0                reset_timing_output
 .text.reset_position_data
                0x00000000080031ec       0x34 obj/Release/src/decoder/decoder_logic.o
                0x00000000080031ec                reset_position_data
 .text.reset_internal_data
                0x0000000008003220       0x1c obj/Release/src/decoder/decoder_logic.o
                0x0000000008003220                reset_internal_data
 .text.decoder_set_state
                0x000000000800323c       0x24 obj/Release/src/decoder/decoder_logic.o
                0x000000000800323c                decoder_set_state
 .text.check_sync_ratio
                0x0000000008003260       0x74 obj/Release/src/decoder/decoder_logic.o
                0x0000000008003260                check_sync_ratio
 .text.check_sync_ratio_async
                0x00000000080032d4       0x5c obj/Release/src/decoder/decoder_logic.o
                0x00000000080032d4                check_sync_ratio_async
 .text.update_timing_data
                0x0000000008003330       0xe0 obj/Release/src/decoder/decoder_logic.o
                0x0000000008003330                update_timing_data
 .text.init_decoder_logic
                0x0000000008003410       0x24 obj/Release/src/decoder/decoder_logic.o
                0x0000000008003410                init_decoder_logic
 .text.disable_decoder_logic
                0x0000000008003434       0x18 obj/Release/src/decoder/decoder_logic.o
                0x0000000008003434                disable_decoder_logic
 .text.decoder_crank_handler
                0x000000000800344c      0x140 obj/Release/src/decoder/decoder_logic.o
                0x000000000800344c                decoder_crank_handler
 .text.decoder_crank_noisefilter_handler
                0x000000000800358c        0x4 obj/Release/src/decoder/decoder_logic.o
                0x000000000800358c                decoder_crank_noisefilter_handler
 .text.decoder_crank_timeout_handler
                0x0000000008003590       0x3c obj/Release/src/decoder/decoder_logic.o
                0x0000000008003590                decoder_crank_timeout_handler
 .text.init_Decoder
                0x00000000080035cc       0x68 obj/Release/src/decoder/Tuareg_decoder.o
                0x00000000080035cc                init_Decoder
 .text.disable_Decoder
                0x0000000008003634       0x28 obj/Release/src/decoder/Tuareg_decoder.o
                0x0000000008003634                disable_Decoder
 .text.decoder_get_position_data_age_us
                0x000000000800365c       0x28 obj/Release/src/decoder/Tuareg_decoder.o
                0x000000000800365c                decoder_get_position_data_age_us
 .text.copy_diag_data
                0x0000000008003684       0x48 obj/Release/src/diagnostics/diagnostics.o
                0x0000000008003684                copy_diag_data
 .text.get_diag_data
                0x00000000080036cc       0x24 obj/Release/src/diagnostics/diagnostics.o
                0x00000000080036cc                get_diag_data
 .text.release_diag_shadow
                0x00000000080036f0        0xc obj/Release/src/diagnostics/diagnostics.o
                0x00000000080036f0                release_diag_shadow
 .text.load_Fault_Log
                0x00000000080036fc       0x1c obj/Release/src/diagnostics/fault_log.o
                0x00000000080036fc                load_Fault_Log
 .text.load_void_Fault_Log
                0x0000000008003718       0x18 obj/Release/src/diagnostics/fault_log.o
                0x0000000008003718                load_void_Fault_Log
 .text.init_Fault_Log
                0x0000000008003730       0x4c obj/Release/src/diagnostics/fault_log.o
                0x0000000008003730                init_Fault_Log
 .text.store_Fault_Log
                0x000000000800377c       0x10 obj/Release/src/diagnostics/fault_log.o
                0x000000000800377c                store_Fault_Log
 .text.log_Fault
                0x000000000800378c       0x68 obj/Release/src/diagnostics/fault_log.o
                0x000000000800378c                log_Fault
 .text.show_Fault_Log
                0x00000000080037f4       0x74 obj/Release/src/diagnostics/fault_log.o
                0x00000000080037f4                show_Fault_Log
 .text.clear_Fault_Log
                0x0000000008003868       0x18 obj/Release/src/diagnostics/fault_log.o
                0x0000000008003868                clear_Fault_Log
 .text.Erase_Fault_Log
                0x0000000008003880       0x3c obj/Release/src/diagnostics/fault_log.o
                0x0000000008003880                Erase_Fault_Log
 .text.send_Fault_Log
                0x00000000080038bc        0xc obj/Release/src/diagnostics/fault_log.o
                0x00000000080038bc                send_Fault_Log
 .text.clear_highspeedlog
                0x00000000080038c8       0x14 obj/Release/src/diagnostics/highspeed_loggers.o
                0x00000000080038c8                clear_highspeedlog
 .text.highspeedlog_init
                0x00000000080038dc       0x14 obj/Release/src/diagnostics/highspeed_loggers.o
                0x00000000080038dc                highspeedlog_init
 .text.highspeedlog_register_error
                0x00000000080038f0        0x2 obj/Release/src/diagnostics/highspeed_loggers.o
                0x00000000080038f0                highspeedlog_register_error
 *fill*         0x00000000080038f2        0x2 
 .text.highspeedlog_write
                0x00000000080038f4       0xb8 obj/Release/src/diagnostics/highspeed_loggers.o
                0x00000000080038f4                highspeedlog_write
 .text.highspeedlog_register_crankpos
                0x00000000080039ac        0x6 obj/Release/src/diagnostics/highspeed_loggers.o
                0x00000000080039ac                highspeedlog_register_crankpos
 *fill*         0x00000000080039b2        0x2 
 .text.highspeedlog_register_cis_lobe_begin
                0x00000000080039b4       0x10 obj/Release/src/diagnostics/highspeed_loggers.o
                0x00000000080039b4                highspeedlog_register_cis_lobe_begin
 .text.highspeedlog_register_cis_lobe_end
                0x00000000080039c4       0x10 obj/Release/src/diagnostics/highspeed_loggers.o
                0x00000000080039c4                highspeedlog_register_cis_lobe_end
 .text.highspeedlog_register_coil1_power
                0x00000000080039d4        0x6 obj/Release/src/diagnostics/highspeed_loggers.o
                0x00000000080039d4                highspeedlog_register_coil1_power
 .text.highspeedlog_register_coil1_unpower
                0x00000000080039da        0x6 obj/Release/src/diagnostics/highspeed_loggers.o
                0x00000000080039da                highspeedlog_register_coil1_unpower
 .text.highspeedlog_register_coil2_power
                0x00000000080039e0        0x6 obj/Release/src/diagnostics/highspeed_loggers.o
                0x00000000080039e0                highspeedlog_register_coil2_power
 .text.highspeedlog_register_coil2_unpower
                0x00000000080039e6        0x6 obj/Release/src/diagnostics/highspeed_loggers.o
                0x00000000080039e6                highspeedlog_register_coil2_unpower
 .text.highspeedlog_register_injector1_power
                0x00000000080039ec        0x6 obj/Release/src/diagnostics/highspeed_loggers.o
                0x00000000080039ec                highspeedlog_register_injector1_power
 .text.highspeedlog_register_injector1_unpower
                0x00000000080039f2        0x6 obj/Release/src/diagnostics/highspeed_loggers.o
                0x00000000080039f2                highspeedlog_register_injector1_unpower
 .text.highspeedlog_register_injector2_power
                0x00000000080039f8        0x6 obj/Release/src/diagnostics/highspeed_loggers.o
                0x00000000080039f8                highspeedlog_register_injector2_power
 .text.highspeedlog_register_injector2_unpower
                0x00000000080039fe        0x6 obj/Release/src/diagnostics/highspeed_loggers.o
                0x00000000080039fe                highspeedlog_register_injector2_unpower
 .text.send_highspeedlog
                0x0000000008003a04       0xc4 obj/Release/src/diagnostics/highspeed_loggers.o
                0x0000000008003a04                send_highspeedlog
 .text.show_highspeedlog
                0x0000000008003ac8      0x150 obj/Release/src/diagnostics/highspeed_loggers.o
                0x0000000008003ac8                show_highspeedlog
 .text.clear_syslog
                0x0000000008003c18       0x38 obj/Release/src/diagnostics/syslog.o
                0x0000000008003c18                clear_syslog
 .text.Syslog_init
                0x0000000008003c50       0x10 obj/Release/src/diagnostics/syslog.o
                0x0000000008003c50                Syslog_init
 .text.Syslog_Error
                0x0000000008003c60       0x48 obj/Release/src/diagnostics/syslog.o
                0x0000000008003c60                Syslog_Error
 .text.Syslog_Warning
                0x0000000008003ca8       0x6c obj/Release/src/diagnostics/syslog.o
                0x0000000008003ca8                Syslog_Warning
 .text.Syslog_Info
                0x0000000008003d14       0x68 obj/Release/src/diagnostics/syslog.o
                0x0000000008003d14                Syslog_Info
 .text.show_syslog
                0x0000000008003d7c      0x11c obj/Release/src/diagnostics/syslog.o
                0x0000000008003d7c                show_syslog
 .text.send_syslog
                0x0000000008003e98       0x20 obj/Release/src/diagnostics/syslog.o
                0x0000000008003e98                send_syslog
 .text.update_load_transient_comp
                0x0000000008003eb8       0x16 obj/Release/src/fueling/accel_comp.o
                0x0000000008003eb8                update_load_transient_comp
 .text.disable_legacy_AE
                0x0000000008003ece       0x46 obj/Release/src/fueling/accel_comp.o
                0x0000000008003ece                disable_legacy_AE
 .text.update_legacy_AE
                0x0000000008003f14      0x328 obj/Release/src/fueling/accel_comp.o
                0x0000000008003f14                update_legacy_AE
 .text.load_Fueling_Setup
                0x000000000800423c       0x10 obj/Release/src/fueling/fueling_config.o
                0x000000000800423c                load_Fueling_Setup
 .text.store_Fueling_Setup
                0x000000000800424c       0x10 obj/Release/src/fueling/fueling_config.o
                0x000000000800424c                store_Fueling_Setup
 .text.show_Fueling_Setup
                0x000000000800425c      0x350 obj/Release/src/fueling/fueling_config.o
                0x000000000800425c                show_Fueling_Setup
 .text.modify_Fueling_Setup
                0x00000000080045ac       0x18 obj/Release/src/fueling/fueling_config.o
                0x00000000080045ac                modify_Fueling_Setup
 .text.send_Fueling_Setup
                0x00000000080045c4        0xc obj/Release/src/fueling/fueling_config.o
                0x00000000080045c4                send_Fueling_Setup
 .text.load_VeTable_TPS
                0x00000000080045d0       0x10 obj/Release/src/fueling/fueling_config.o
                0x00000000080045d0                load_VeTable_TPS
 .text.store_VeTable_TPS
                0x00000000080045e0       0x10 obj/Release/src/fueling/fueling_config.o
                0x00000000080045e0                store_VeTable_TPS
 .text.show_VeTable_TPS
                0x00000000080045f0       0x20 obj/Release/src/fueling/fueling_config.o
                0x00000000080045f0                show_VeTable_TPS
 .text.modify_VeTable_TPS
                0x0000000008004610       0x10 obj/Release/src/fueling/fueling_config.o
                0x0000000008004610                modify_VeTable_TPS
 .text.send_VeTable_TPS
                0x0000000008004620        0xc obj/Release/src/fueling/fueling_config.o
                0x0000000008004620                send_VeTable_TPS
 .text.getValue_VeTable_TPS
                0x000000000800462c       0x20 obj/Release/src/fueling/fueling_config.o
                0x000000000800462c                getValue_VeTable_TPS
 .text.load_VeTable_MAP
                0x000000000800464c       0x10 obj/Release/src/fueling/fueling_config.o
                0x000000000800464c                load_VeTable_MAP
 .text.store_VeTable_MAP
                0x000000000800465c       0x10 obj/Release/src/fueling/fueling_config.o
                0x000000000800465c                store_VeTable_MAP
 .text.show_VeTable_MAP
                0x000000000800466c       0x20 obj/Release/src/fueling/fueling_config.o
                0x000000000800466c                show_VeTable_MAP
 .text.modify_VeTable_MAP
                0x000000000800468c       0x10 obj/Release/src/fueling/fueling_config.o
                0x000000000800468c                modify_VeTable_MAP
 .text.send_VeTable_MAP
                0x000000000800469c        0xc obj/Release/src/fueling/fueling_config.o
                0x000000000800469c                send_VeTable_MAP
 .text.getValue_VeTable_MAP
                0x00000000080046a8       0x20 obj/Release/src/fueling/fueling_config.o
                0x00000000080046a8                getValue_VeTable_MAP
 .text.load_AfrTable_MAP
                0x00000000080046c8       0x10 obj/Release/src/fueling/fueling_config.o
                0x00000000080046c8                load_AfrTable_MAP
 .text.store_AfrTable_MAP
                0x00000000080046d8       0x10 obj/Release/src/fueling/fueling_config.o
                0x00000000080046d8                store_AfrTable_MAP
 .text.show_AfrTable_MAP
                0x00000000080046e8       0x20 obj/Release/src/fueling/fueling_config.o
                0x00000000080046e8                show_AfrTable_MAP
 .text.modify_AfrTable_MAP
                0x0000000008004708       0x10 obj/Release/src/fueling/fueling_config.o
                0x0000000008004708                modify_AfrTable_MAP
 .text.send_AfrTable_MAP
                0x0000000008004718        0xc obj/Release/src/fueling/fueling_config.o
                0x0000000008004718                send_AfrTable_MAP
 .text.getValue_AfrTable_MAP
                0x0000000008004724       0x20 obj/Release/src/fueling/fueling_config.o
                0x0000000008004724                getValue_AfrTable_MAP
 .text.load_AfrTable_TPS
                0x0000000008004744       0x10 obj/Release/src/fueling/fueling_config.o
                0x0000000008004744                load_AfrTable_TPS
 .text.store_AfrTable_TPS
                0x0000000008004754       0x10 obj/Release/src/fueling/fueling_config.o
                0x0000000008004754                store_AfrTable_TPS
 .text.show_AfrTable_TPS
                0x0000000008004764       0x20 obj/Release/src/fueling/fueling_config.o
                0x0000000008004764                show_AfrTable_TPS
 .text.modify_AfrTable_TPS
                0x0000000008004784       0x10 obj/Release/src/fueling/fueling_config.o
                0x0000000008004784                modify_AfrTable_TPS
 .text.send_AfrTable_TPS
                0x0000000008004794        0xc obj/Release/src/fueling/fueling_config.o
                0x0000000008004794                send_AfrTable_TPS
 .text.getValue_AfrTable_TPS
                0x00000000080047a0       0x20 obj/Release/src/fueling/fueling_config.o
                0x00000000080047a0                getValue_AfrTable_TPS
 .text.load_AccelCompTableTPS
                0x00000000080047c0       0x10 obj/Release/src/fueling/fueling_config.o
                0x00000000080047c0                load_AccelCompTableTPS
 .text.store_AccelCompTableTPS
                0x00000000080047d0       0x10 obj/Release/src/fueling/fueling_config.o
                0x00000000080047d0                store_AccelCompTableTPS
 .text.show_AccelCompTableTPS
                0x00000000080047e0       0x20 obj/Release/src/fueling/fueling_config.o
                0x00000000080047e0                show_AccelCompTableTPS
 .text.modify_AccelCompTableTPS
                0x0000000008004800       0x10 obj/Release/src/fueling/fueling_config.o
                0x0000000008004800                modify_AccelCompTableTPS
 .text.send_AccelCompTableTPS
                0x0000000008004810        0xc obj/Release/src/fueling/fueling_config.o
                0x0000000008004810                send_AccelCompTableTPS
 .text.getValue_AccelCompTableTPS
                0x000000000800481c       0x14 obj/Release/src/fueling/fueling_config.o
                0x000000000800481c                getValue_AccelCompTableTPS
 .text.load_AccelCompTableMAP
                0x0000000008004830       0x10 obj/Release/src/fueling/fueling_config.o
                0x0000000008004830                load_AccelCompTableMAP
 .text.store_AccelCompTableMAP
                0x0000000008004840       0x10 obj/Release/src/fueling/fueling_config.o
                0x0000000008004840                store_AccelCompTableMAP
 .text.show_AccelCompTableMAP
                0x0000000008004850       0x20 obj/Release/src/fueling/fueling_config.o
                0x0000000008004850                show_AccelCompTableMAP
 .text.modify_AccelCompTableMAP
                0x0000000008004870       0x10 obj/Release/src/fueling/fueling_config.o
                0x0000000008004870                modify_AccelCompTableMAP
 .text.send_AccelCompTableMAP
                0x0000000008004880        0xc obj/Release/src/fueling/fueling_config.o
                0x0000000008004880                send_AccelCompTableMAP
 .text.getValue_AccelCompTableMAP
                0x000000000800488c       0x14 obj/Release/src/fueling/fueling_config.o
                0x000000000800488c                getValue_AccelCompTableMAP
 .text.load_WarmUpCompTable
                0x00000000080048a0       0x10 obj/Release/src/fueling/fueling_config.o
                0x00000000080048a0                load_WarmUpCompTable
 .text.store_WarmUpCompTable
                0x00000000080048b0       0x10 obj/Release/src/fueling/fueling_config.o
                0x00000000080048b0                store_WarmUpCompTable
 .text.show_WarmUpCompTable
                0x00000000080048c0       0x20 obj/Release/src/fueling/fueling_config.o
                0x00000000080048c0                show_WarmUpCompTable
 .text.modify_WarmUpCompTable
                0x00000000080048e0       0x10 obj/Release/src/fueling/fueling_config.o
                0x00000000080048e0                modify_WarmUpCompTable
 .text.send_WarmUpCompTable
                0x00000000080048f0        0xc obj/Release/src/fueling/fueling_config.o
                0x00000000080048f0                send_WarmUpCompTable
 .text.getValue_WarmUpCompTable
                0x00000000080048fc       0x20 obj/Release/src/fueling/fueling_config.o
                0x00000000080048fc                getValue_WarmUpCompTable
 .text.load_InjectorTimingTable
                0x000000000800491c       0x10 obj/Release/src/fueling/fueling_config.o
                0x000000000800491c                load_InjectorTimingTable
 .text.store_InjectorTimingTable
                0x000000000800492c       0x10 obj/Release/src/fueling/fueling_config.o
                0x000000000800492c                store_InjectorTimingTable
 .text.show_InjectorTimingTable
                0x000000000800493c       0x20 obj/Release/src/fueling/fueling_config.o
                0x000000000800493c                show_InjectorTimingTable
 .text.modify_InjectorTimingTable
                0x000000000800495c       0x10 obj/Release/src/fueling/fueling_config.o
                0x000000000800495c                modify_InjectorTimingTable
 .text.send_InjectorTimingTable
                0x000000000800496c        0xc obj/Release/src/fueling/fueling_config.o
                0x000000000800496c                send_InjectorTimingTable
 .text.getValue_InjectorTimingTable
                0x0000000008004978       0x20 obj/Release/src/fueling/fueling_config.o
                0x0000000008004978                getValue_InjectorTimingTable
 .text.load_CrankingFuelTable
                0x0000000008004998       0x10 obj/Release/src/fueling/fueling_config.o
                0x0000000008004998                load_CrankingFuelTable
 .text.store_CrankingFuelTable
                0x00000000080049a8       0x10 obj/Release/src/fueling/fueling_config.o
                0x00000000080049a8                store_CrankingFuelTable
 .text.show_CrankingFuelTable
                0x00000000080049b8       0x20 obj/Release/src/fueling/fueling_config.o
                0x00000000080049b8                show_CrankingFuelTable
 .text.modify_CrankingFuelTable
                0x00000000080049d8       0x10 obj/Release/src/fueling/fueling_config.o
                0x00000000080049d8                modify_CrankingFuelTable
 .text.send_CrankingFuelTable
                0x00000000080049e8        0xc obj/Release/src/fueling/fueling_config.o
                0x00000000080049e8                send_CrankingFuelTable
 .text.getValue_CrankingFuelTable
                0x00000000080049f4       0x14 obj/Release/src/fueling/fueling_config.o
                0x00000000080049f4                getValue_CrankingFuelTable
 .text.load_InjectorPhaseTable
                0x0000000008004a08       0x10 obj/Release/src/fueling/fueling_config.o
                0x0000000008004a08                load_InjectorPhaseTable
 .text.store_InjectorPhaseTable
                0x0000000008004a18       0x10 obj/Release/src/fueling/fueling_config.o
                0x0000000008004a18                store_InjectorPhaseTable
 .text.show_InjectorPhaseTable
                0x0000000008004a28       0x20 obj/Release/src/fueling/fueling_config.o
                0x0000000008004a28                show_InjectorPhaseTable
 .text.modify_InjectorPhaseTable
                0x0000000008004a48       0x10 obj/Release/src/fueling/fueling_config.o
                0x0000000008004a48                modify_InjectorPhaseTable
 .text.send_InjectorPhaseTable
                0x0000000008004a58        0xc obj/Release/src/fueling/fueling_config.o
                0x0000000008004a58                send_InjectorPhaseTable
 .text.getValue_InjectorPhaseTable
                0x0000000008004a64        0xc obj/Release/src/fueling/fueling_config.o
                0x0000000008004a64                getValue_InjectorPhaseTable
 .text.load_BAROtable
                0x0000000008004a70       0x10 obj/Release/src/fueling/fueling_config.o
                0x0000000008004a70                load_BAROtable
 .text.store_BAROtable
                0x0000000008004a80       0x10 obj/Release/src/fueling/fueling_config.o
                0x0000000008004a80                store_BAROtable
 .text.show_BAROtable
                0x0000000008004a90       0x20 obj/Release/src/fueling/fueling_config.o
                0x0000000008004a90                show_BAROtable
 .text.modify_BAROtable
                0x0000000008004ab0       0x10 obj/Release/src/fueling/fueling_config.o
                0x0000000008004ab0                modify_BAROtable
 .text.send_BAROtable
                0x0000000008004ac0        0xc obj/Release/src/fueling/fueling_config.o
                0x0000000008004ac0                send_BAROtable
 .text.getValue_BAROtable
                0x0000000008004acc       0x38 obj/Release/src/fueling/fueling_config.o
                0x0000000008004acc                getValue_BAROtable
 .text.load_ChargeTempTable
                0x0000000008004b04       0x10 obj/Release/src/fueling/fueling_config.o
                0x0000000008004b04                load_ChargeTempTable
 .text.load_Fueling_Config
                0x0000000008004b14       0xd8 obj/Release/src/fueling/fueling_config.o
                0x0000000008004b14                load_Fueling_Config
 .text.store_ChargeTempTable
                0x0000000008004bec       0x10 obj/Release/src/fueling/fueling_config.o
                0x0000000008004bec                store_ChargeTempTable
 .text.show_ChargeTempTable
                0x0000000008004bfc       0x20 obj/Release/src/fueling/fueling_config.o
                0x0000000008004bfc                show_ChargeTempTable
 .text.modify_ChargeTempTable
                0x0000000008004c1c       0x10 obj/Release/src/fueling/fueling_config.o
                0x0000000008004c1c                modify_ChargeTempTable
 .text.send_ChargeTempTable
                0x0000000008004c2c        0xc obj/Release/src/fueling/fueling_config.o
                0x0000000008004c2c                send_ChargeTempTable
 .text.getValue_ChargeTempTable
                0x0000000008004c38       0x2c obj/Release/src/fueling/fueling_config.o
                0x0000000008004c38                getValue_ChargeTempTable
 .text.update_fuel_mass_afterstart_correction
                0x0000000008004c64       0xa0 obj/Release/src/fueling/fueling_corrections.o
                0x0000000008004c64                update_fuel_mass_afterstart_correction
 .text.update_fuel_mass_warmup_correction
                0x0000000008004d04       0x5c obj/Release/src/fueling/fueling_corrections.o
                0x0000000008004d04                update_fuel_mass_warmup_correction
 .text.update_fuel_mass_barometric_correction
                0x0000000008004d60       0x98 obj/Release/src/fueling/fueling_corrections.o
                0x0000000008004d60                update_fuel_mass_barometric_correction
 .text.update_fuel_mass_corrections
                0x0000000008004df8       0x1c obj/Release/src/fueling/fueling_corrections.o
                0x0000000008004df8                update_fuel_mass_corrections
 .text.fueling_diag_log_event
                0x0000000008004e14       0x28 obj/Release/src/fueling/fueling_diag.o
                0x0000000008004e14                fueling_diag_log_event
 .text.print_fueling_diag
                0x0000000008004e3c       0x68 obj/Release/src/fueling/fueling_diag.o
                0x0000000008004e3c                print_fueling_diag
 .text.set_injector1_powered
                0x0000000008004ea4       0x28 obj/Release/src/fueling/fueling_hw.o
                0x0000000008004ea4                set_injector1_powered
 .text.set_injector1_unpowered
                0x0000000008004ecc       0x28 obj/Release/src/fueling/fueling_hw.o
                0x0000000008004ecc                set_injector1_unpowered
 .text.set_injector2_powered
                0x0000000008004ef4       0x28 obj/Release/src/fueling/fueling_hw.o
                0x0000000008004ef4                set_injector2_powered
 .text.set_injector2_unpowered
                0x0000000008004f1c       0x28 obj/Release/src/fueling/fueling_hw.o
                0x0000000008004f1c                set_injector2_unpowered
 .text.set_fuel_pump_powered
                0x0000000008004f44       0x28 obj/Release/src/fueling/fueling_hw.o
                0x0000000008004f44                set_fuel_pump_powered
 .text.set_fuel_pump_unpowered
                0x0000000008004f6c       0x20 obj/Release/src/fueling/fueling_hw.o
                0x0000000008004f6c                set_fuel_pump_unpowered
 .text.set_injector1
                0x0000000008004f8c       0x30 obj/Release/src/fueling/fueling_hw.o
                0x0000000008004f8c                set_injector1
 .text.set_injector2
                0x0000000008004fbc       0x30 obj/Release/src/fueling/fueling_hw.o
                0x0000000008004fbc                set_injector2
 .text.set_fuel_pump
                0x0000000008004fec        0xc obj/Release/src/fueling/fueling_hw.o
                0x0000000008004fec                set_fuel_pump
 .text.init_fueling_hw
                0x0000000008004ff8       0x5c obj/Release/src/fueling/fueling_hw.o
                0x0000000008004ff8                init_fueling_hw
 .text.update_injector_deadtime
                0x0000000008005054       0x50 obj/Release/src/fueling/injector_parameters.o
                0x0000000008005054                update_injector_deadtime
 .text.update_injector_intervals_sequential
                0x00000000080050a4       0xf8 obj/Release/src/fueling/injector_parameters.o
                0x00000000080050a4                update_injector_intervals_sequential
 .text.update_injector_intervals_batch
                0x000000000800519c       0xf4 obj/Release/src/fueling/injector_parameters.o
                0x000000000800519c                update_injector_intervals_batch
 .text.update_injection_begin_batch
                0x0000000008005290       0x34 obj/Release/src/fueling/injector_parameters.o
                0x0000000008005290                update_injection_begin_batch
 .text.update_injection_begin_sequential
                0x00000000080052c4       0xf0 obj/Release/src/fueling/injector_parameters.o
                0x00000000080052c4                update_injection_begin_sequential
 .text.init_Fueling
                0x00000000080053b4       0x54 obj/Release/src/fueling/Tuareg_fueling.o
                0x00000000080053b4                init_Fueling
 .text.Tuareg_fueling_update_crankpos_handler
                0x0000000008005408      0x198 obj/Release/src/fueling/Tuareg_fueling.o
                0x0000000008005408                Tuareg_fueling_update_crankpos_handler
 .text.invalid_fueling_controls
                0x00000000080055a0       0x48 obj/Release/src/fueling/Tuareg_fueling_controls.o
                0x00000000080055a0                invalid_fueling_controls
 .text.update_air_flow
                0x00000000080055e8       0xb0 obj/Release/src/fueling/Tuareg_fueling_controls.o
                0x00000000080055e8                update_air_flow
 .text.update_AFR_target
                0x0000000008005698       0x78 obj/Release/src/fueling/Tuareg_fueling_controls.o
                0x0000000008005698                update_AFR_target
 .text.update_fuel_mass_cranking
                0x0000000008005710       0x74 obj/Release/src/fueling/Tuareg_fueling_controls.o
                0x0000000008005710                update_fuel_mass_cranking
 .text.update_base_fuel_mass
                0x0000000008005784       0x48 obj/Release/src/fueling/Tuareg_fueling_controls.o
                0x0000000008005784                update_base_fuel_mass
 .text.update_target_fuel_mass
                0x00000000080057cc      0x120 obj/Release/src/fueling/Tuareg_fueling_controls.o
                0x00000000080057cc                update_target_fuel_mass
 .text.Tuareg_update_fueling_controls
                0x00000000080058ec      0x22c obj/Release/src/fueling/Tuareg_fueling_controls.o
                0x00000000080058ec                Tuareg_update_fueling_controls
 .text.load_Ignition_Config
                0x0000000008005b18       0x6c obj/Release/src/ignition/ignition_config.o
                0x0000000008005b18                load_Ignition_Config
 .text.store_Ignition_Setup
                0x0000000008005b84       0x10 obj/Release/src/ignition/ignition_config.o
                0x0000000008005b84                store_Ignition_Setup
 .text.show_Ignition_Setup
                0x0000000008005b94      0x17c obj/Release/src/ignition/ignition_config.o
                0x0000000008005b94                show_Ignition_Setup
 .text.modify_Ignition_Setup
                0x0000000008005d10       0x18 obj/Release/src/ignition/ignition_config.o
                0x0000000008005d10                modify_Ignition_Setup
 .text.send_Ignition_Setup
                0x0000000008005d28        0xc obj/Release/src/ignition/ignition_config.o
                0x0000000008005d28                send_Ignition_Setup
 .text.store_ignAdvTable_TPS
                0x0000000008005d34       0x10 obj/Release/src/ignition/ignition_config.o
                0x0000000008005d34                store_ignAdvTable_TPS
 .text.show_ignAdvTable_TPS
                0x0000000008005d44       0x20 obj/Release/src/ignition/ignition_config.o
                0x0000000008005d44                show_ignAdvTable_TPS
 .text.modify_ignAdvTable_TPS
                0x0000000008005d64       0x10 obj/Release/src/ignition/ignition_config.o
                0x0000000008005d64                modify_ignAdvTable_TPS
 .text.send_ignAdvTable_TPS
                0x0000000008005d74        0xc obj/Release/src/ignition/ignition_config.o
                0x0000000008005d74                send_ignAdvTable_TPS
 .text.getValue_ignAdvTable_TPS
                0x0000000008005d80       0x20 obj/Release/src/ignition/ignition_config.o
                0x0000000008005d80                getValue_ignAdvTable_TPS
 .text.store_ignDwellTable
                0x0000000008005da0       0x10 obj/Release/src/ignition/ignition_config.o
                0x0000000008005da0                store_ignDwellTable
 .text.show_ignDwellTable
                0x0000000008005db0       0x20 obj/Release/src/ignition/ignition_config.o
                0x0000000008005db0                show_ignDwellTable
 .text.modify_ignDwellTable
                0x0000000008005dd0       0x10 obj/Release/src/ignition/ignition_config.o
                0x0000000008005dd0                modify_ignDwellTable
 .text.send_ignDwellTable
                0x0000000008005de0        0xc obj/Release/src/ignition/ignition_config.o
                0x0000000008005de0                send_ignDwellTable
 .text.getValue_ignDwellTable
                0x0000000008005dec       0x18 obj/Release/src/ignition/ignition_config.o
                0x0000000008005dec                getValue_ignDwellTable
 .text.ignition_diag_log_event
                0x0000000008005e04       0x28 obj/Release/src/ignition/ignition_diag.o
                0x0000000008005e04                ignition_diag_log_event
 .text.print_ignition_diag
                0x0000000008005e2c       0x68 obj/Release/src/ignition/ignition_diag.o
                0x0000000008005e2c                print_ignition_diag
 .text.set_coil1_powered
                0x0000000008005e94       0x28 obj/Release/src/ignition/ignition_hw.o
                0x0000000008005e94                set_coil1_powered
 .text.set_coil1_unpowered
                0x0000000008005ebc       0x20 obj/Release/src/ignition/ignition_hw.o
                0x0000000008005ebc                set_coil1_unpowered
 .text.set_coil2_powered
                0x0000000008005edc       0x28 obj/Release/src/ignition/ignition_hw.o
                0x0000000008005edc                set_coil2_powered
 .text.set_coil2_unpowered
                0x0000000008005f04       0x20 obj/Release/src/ignition/ignition_hw.o
                0x0000000008005f04                set_coil2_unpowered
 .text.set_ignition_ch1
                0x0000000008005f24       0x30 obj/Release/src/ignition/ignition_hw.o
                0x0000000008005f24                set_ignition_ch1
 .text.set_ignition_ch2
                0x0000000008005f54       0x30 obj/Release/src/ignition/ignition_hw.o
                0x0000000008005f54                set_ignition_ch2
 .text.init_ignition_hw
                0x0000000008005f84       0x3c obj/Release/src/ignition/ignition_hw.o
                0x0000000008005f84                init_ignition_hw
 .text.init_Ignition
                0x0000000008005fc0       0x58 obj/Release/src/ignition/Tuareg_ignition.o
                0x0000000008005fc0                init_Ignition
 .text.Tuareg_ignition_update_crankpos_handler
                0x0000000008006018      0x154 obj/Release/src/ignition/Tuareg_ignition.o
                0x0000000008006018                Tuareg_ignition_update_crankpos_handler
 .text.default_ignition_controls
                0x000000000800616c       0x24 obj/Release/src/ignition/Tuareg_ignition_controls.o
                0x000000000800616c                default_ignition_controls
 .text.revlimiter_ignition_controls
                0x0000000008006190       0x1c obj/Release/src/ignition/Tuareg_ignition_controls.o
                0x0000000008006190                revlimiter_ignition_controls
 .text.cranking_ignition_controls
                0x00000000080061ac       0x38 obj/Release/src/ignition/Tuareg_ignition_controls.o
                0x00000000080061ac                cranking_ignition_controls
 .text.dynamic_ignition_controls
                0x00000000080061e4      0x188 obj/Release/src/ignition/Tuareg_ignition_controls.o
                0x00000000080061e4                dynamic_ignition_controls
 .text.Tuareg_update_ignition_controls
                0x000000000800636c       0xa8 obj/Release/src/ignition/Tuareg_ignition_controls.o
                0x000000000800636c                Tuareg_update_ignition_controls
 .text.startup.main
                0x0000000008006414       0x78 obj/Release/src/main/main.o
                0x0000000008006414                main
 .text.EXTI2_IRQHandler
                0x000000000800648c       0x5c obj/Release/src/main/main.o
                0x000000000800648c                EXTI2_IRQHandler
 .text.Tuareg_load_config
                0x00000000080064e8       0x4c obj/Release/src/main/Tuareg.o
                0x00000000080064e8                Tuareg_load_config
 .text.Tuareg_Init
                0x0000000008006534       0xc4 obj/Release/src/main/Tuareg.o
                0x0000000008006534                Tuareg_Init
 .text.Tuareg_update_run_inhibit
                0x00000000080065f8      0x140 obj/Release/src/main/Tuareg.o
                0x00000000080065f8                Tuareg_update_run_inhibit
 .text.Tuareg_update_limited_op
                0x0000000008006738       0x38 obj/Release/src/main/Tuareg.o
                0x0000000008006738                Tuareg_update_limited_op
 .text.Tuareg_update_rev_limiter
                0x0000000008006770       0x60 obj/Release/src/main/Tuareg.o
                0x0000000008006770                Tuareg_update_rev_limiter
 .text.Tuareg_update_standby
                0x00000000080067d0       0xcc obj/Release/src/main/Tuareg.o
                0x00000000080067d0                Tuareg_update_standby
 .text.Tuareg_update_fuel_pump_control
                0x000000000800689c       0x54 obj/Release/src/main/Tuareg.o
                0x000000000800689c                Tuareg_update_fuel_pump_control
 .text.Tuareg_deactivate_vital_actors
                0x00000000080068f0       0x50 obj/Release/src/main/Tuareg.o
                0x00000000080068f0                Tuareg_deactivate_vital_actors
 .text.Tuareg_update
                0x0000000008006940       0x58 obj/Release/src/main/Tuareg.o
                0x0000000008006940                Tuareg_update
 .text.Tuareg_update_trip
                0x0000000008006998       0x30 obj/Release/src/main/Tuareg.o
                0x0000000008006998                Tuareg_update_trip
 .text.Tuareg_update_consumption_data
                0x00000000080069c8       0xa0 obj/Release/src/main/Tuareg.o
                0x00000000080069c8                Tuareg_update_consumption_data
 .text.Atomic_Begin
                0x0000000008006a68       0x24 obj/Release/src/main/Tuareg_atomic.o
                0x0000000008006a68                Atomic_Begin
 .text.Atomic_End
                0x0000000008006a8c       0x2c obj/Release/src/main/Tuareg_atomic.o
                0x0000000008006a8c                Atomic_End
 .text.store_Tuareg_Setup
                0x0000000008006ab8       0x10 obj/Release/src/main/Tuareg_config.o
                0x0000000008006ab8                store_Tuareg_Setup
 .text.show_Tuareg_Setup
                0x0000000008006ac8      0x1e0 obj/Release/src/main/Tuareg_config.o
                0x0000000008006ac8                show_Tuareg_Setup
 .text.modify_Tuareg_Setup
                0x0000000008006ca8       0x18 obj/Release/src/main/Tuareg_config.o
                0x0000000008006ca8                modify_Tuareg_Setup
 .text.send_Tuareg_Setup
                0x0000000008006cc0        0xc obj/Release/src/main/Tuareg_config.o
                0x0000000008006cc0                send_Tuareg_Setup
 .text.load_TachTable
                0x0000000008006ccc       0x10 obj/Release/src/main/Tuareg_config.o
                0x0000000008006ccc                load_TachTable
 .text.load_Tuareg_Config
                0x0000000008006cdc       0x38 obj/Release/src/main/Tuareg_config.o
                0x0000000008006cdc                load_Tuareg_Config
 .text.store_TachTable
                0x0000000008006d14       0x10 obj/Release/src/main/Tuareg_config.o
                0x0000000008006d14                store_TachTable
 .text.show_TachTable
                0x0000000008006d24       0x20 obj/Release/src/main/Tuareg_config.o
                0x0000000008006d24                show_TachTable
 .text.modify_TachTable
                0x0000000008006d44       0x10 obj/Release/src/main/Tuareg_config.o
                0x0000000008006d44                modify_TachTable
 .text.send_TachTable
                0x0000000008006d54        0xc obj/Release/src/main/Tuareg_config.o
                0x0000000008006d54                send_TachTable
 .text.getValue_TachTable
                0x0000000008006d60       0x18 obj/Release/src/main/Tuareg_config.o
                0x0000000008006d60                getValue_TachTable
 .text.tuareg_diag_log_event
                0x0000000008006d78       0x28 obj/Release/src/main/Tuareg_diag.o
                0x0000000008006d78                tuareg_diag_log_event
 .text.print_tuareg_diag
                0x0000000008006da0       0x68 obj/Release/src/main/Tuareg_diag.o
                0x0000000008006da0                print_tuareg_diag
 .text.Fatal    0x0000000008006e08       0x68 obj/Release/src/main/Tuareg_errors.o
                0x0000000008006e08                Fatal
 .text.VitalAssert
                0x0000000008006e70        0xe obj/Release/src/main/Tuareg_errors.o
                0x0000000008006e70                VitalAssert
 *fill*         0x0000000008006e7e        0x2 
 .text.Limp     0x0000000008006e80       0x44 obj/Release/src/main/Tuareg_errors.o
                0x0000000008006e80                Limp
 .text.print_Tuareg_ID_label
                0x0000000008006ec4       0x30 obj/Release/src/main/Tuareg_ID.o
                0x0000000008006ec4                print_Tuareg_ID_label
 .text.Tuareg_update_process_data
                0x0000000008006ef4      0x168 obj/Release/src/main/Tuareg_process_data.o
                0x0000000008006ef4                Tuareg_update_process_data
 .text.request_service_mode
                0x000000000800705c       0x28 obj/Release/src/main/Tuareg_service_functions.o
                0x000000000800705c                request_service_mode
 .text.activate_fuel_pump
                0x0000000008007084       0x5c obj/Release/src/main/Tuareg_service_functions.o
                0x0000000008007084                activate_fuel_pump
 .text.deactivate_fuel_pump
                0x00000000080070e0       0x28 obj/Release/src/main/Tuareg_service_functions.o
                0x00000000080070e0                deactivate_fuel_pump
 .text.fuel_pump_periodic_update
                0x0000000008007108       0x1c obj/Release/src/main/Tuareg_service_functions.o
                0x0000000008007108                fuel_pump_periodic_update
 .text.activate_injector1
                0x0000000008007124       0x6c obj/Release/src/main/Tuareg_service_functions.o
                0x0000000008007124                activate_injector1
 .text.deactivate_injector1
                0x0000000008007190       0x2c obj/Release/src/main/Tuareg_service_functions.o
                0x0000000008007190                deactivate_injector1
 .text.injector1_periodic_update
                0x00000000080071bc       0x54 obj/Release/src/main/Tuareg_service_functions.o
                0x00000000080071bc                injector1_periodic_update
 .text.activate_injector2
                0x0000000008007210       0x6c obj/Release/src/main/Tuareg_service_functions.o
                0x0000000008007210                activate_injector2
 .text.deactivate_injector2
                0x000000000800727c       0x2c obj/Release/src/main/Tuareg_service_functions.o
                0x000000000800727c                deactivate_injector2
 .text.injector2_periodic_update
                0x00000000080072a8       0x54 obj/Release/src/main/Tuareg_service_functions.o
                0x00000000080072a8                injector2_periodic_update
 .text.activate_coil1
                0x00000000080072fc       0x8c obj/Release/src/main/Tuareg_service_functions.o
                0x00000000080072fc                activate_coil1
 .text.deactivate_coil1
                0x0000000008007388       0x2c obj/Release/src/main/Tuareg_service_functions.o
                0x0000000008007388                deactivate_coil1
 .text.coil1_periodic_update
                0x00000000080073b4       0x54 obj/Release/src/main/Tuareg_service_functions.o
                0x00000000080073b4                coil1_periodic_update
 .text.activate_coil2
                0x0000000008007408       0x8c obj/Release/src/main/Tuareg_service_functions.o
                0x0000000008007408                activate_coil2
 .text.deactivate_coil2
                0x0000000008007494       0x2c obj/Release/src/main/Tuareg_service_functions.o
                0x0000000008007494                deactivate_coil2
 .text.coil2_periodic_update
                0x00000000080074c0       0x54 obj/Release/src/main/Tuareg_service_functions.o
                0x00000000080074c0                coil2_periodic_update
 .text.service_functions_periodic_update
                0x0000000008007514       0x40 obj/Release/src/main/Tuareg_service_functions.o
                0x0000000008007514                service_functions_periodic_update
 .text.activate_tachometer
                0x0000000008007554       0x38 obj/Release/src/main/Tuareg_service_functions.o
                0x0000000008007554                activate_tachometer
 .text.deactivate_tachometer
                0x000000000800758c       0x14 obj/Release/src/main/Tuareg_service_functions.o
                0x000000000800758c                deactivate_tachometer
 .text.request_service_activation
                0x00000000080075a0       0xb0 obj/Release/src/main/Tuareg_service_functions.o
                0x00000000080075a0                request_service_activation
 .text.update_process_table
                0x0000000008007650       0xc0 obj/Release/src/process_table/process_table.o
                0x0000000008007650                update_process_table
 .text.get_position_from_index
                0x0000000008007710       0x5c obj/Release/src/process_table/process_table.o
                0x0000000008007710                get_position_from_index
 .text.get_index_from_position
                0x000000000800776c       0x38 obj/Release/src/process_table/process_table.o
                0x000000000800776c                get_index_from_position
 .text.find_process_position_before
                0x00000000080077a4       0x4c obj/Release/src/process_table/process_table.o
                0x00000000080077a4                find_process_position_before
 .text.get_process_advance
                0x00000000080077f0       0x34 obj/Release/src/process_table/process_table.o
                0x00000000080077f0                get_process_advance
 .text.print_process_table
                0x0000000008007824       0x9c obj/Release/src/process_table/process_table.o
                0x0000000008007824                print_process_table
 .text.init_analog_sensors
                0x00000000080078c0      0x2e4 obj/Release/src/sensors/analog_sensors.o
                0x00000000080078c0                init_analog_sensors
 .text.sensors_start_regular_group_conversion
                0x0000000008007ba4        0xc obj/Release/src/sensors/analog_sensors.o
                0x0000000008007ba4                sensors_start_regular_group_conversion
 .text.sensors_start_injected_group_conversion
                0x0000000008007bb0        0xc obj/Release/src/sensors/analog_sensors.o
                0x0000000008007bb0                sensors_start_injected_group_conversion
 .text.update_analog_sensor
                0x0000000008007bbc       0xdc obj/Release/src/sensors/analog_sensors.o
                0x0000000008007bbc                update_analog_sensor
 .text.ADC_IRQHandler
                0x0000000008007c98       0x7c obj/Release/src/sensors/analog_sensors.o
                0x0000000008007c98                ADC_IRQHandler
 .text.DMA2_Stream0_IRQHandler
                0x0000000008007d14       0xac obj/Release/src/sensors/analog_sensors.o
                0x0000000008007d14                DMA2_Stream0_IRQHandler
 .text.reset_dsensor_integrator
                0x0000000008007dc0       0x2c obj/Release/src/sensors/digital_sensors.o
                0x0000000008007dc0                reset_dsensor_integrator
 .text.init_digital_sensors
                0x0000000008007dec       0x88 obj/Release/src/sensors/digital_sensors.o
                0x0000000008007dec                init_digital_sensors
 .text.read_dsensors
                0x0000000008007e74       0x64 obj/Release/src/sensors/digital_sensors.o
                0x0000000008007e74                read_dsensors
 .text.update_digital_sensors
                0x0000000008007ed8       0x6c obj/Release/src/sensors/digital_sensors.o
                0x0000000008007ed8                update_digital_sensors
 .text.load_Sensor_Calibration
                0x0000000008007f44       0x2c obj/Release/src/sensors/sensor_calibration.o
                0x0000000008007f44                load_Sensor_Calibration
 .text.store_Sensor_Calibration
                0x0000000008007f70       0x10 obj/Release/src/sensors/sensor_calibration.o
                0x0000000008007f70                store_Sensor_Calibration
 .text.show_Sensor_Calibration
                0x0000000008007f80       0x30 obj/Release/src/sensors/sensor_calibration.o
                0x0000000008007f80                show_Sensor_Calibration
 .text.modify_Sensor_Calibration
                0x0000000008007fb0       0x18 obj/Release/src/sensors/sensor_calibration.o
                0x0000000008007fb0                modify_Sensor_Calibration
 .text.send_Sensor_Calibration
                0x0000000008007fc8        0xc obj/Release/src/sensors/sensor_calibration.o
                0x0000000008007fc8                send_Sensor_Calibration
 .text.store_InvTableCLT
                0x0000000008007fd4       0x10 obj/Release/src/sensors/sensor_calibration.o
                0x0000000008007fd4                store_InvTableCLT
 .text.show_InvTableCLT
                0x0000000008007fe4       0x20 obj/Release/src/sensors/sensor_calibration.o
                0x0000000008007fe4                show_InvTableCLT
 .text.modify_InvTableCLT
                0x0000000008008004       0x10 obj/Release/src/sensors/sensor_calibration.o
                0x0000000008008004                modify_InvTableCLT
 .text.send_InvTableCLT
                0x0000000008008014        0xc obj/Release/src/sensors/sensor_calibration.o
                0x0000000008008014                send_InvTableCLT
 .text.getValue_InvTableCLT
                0x0000000008008020       0x14 obj/Release/src/sensors/sensor_calibration.o
                0x0000000008008020                getValue_InvTableCLT
 .text.sensors_diag_log_event
                0x0000000008008034       0x28 obj/Release/src/sensors/sensors_diag.o
                0x0000000008008034                sensors_diag_log_event
 .text.print_sensors_diag
                0x000000000800805c       0x68 obj/Release/src/sensors/sensors_diag.o
                0x000000000800805c                print_sensors_diag
 .text.Tuareg_update_MAP_sensor
                0x00000000080080c4       0x5c obj/Release/src/sensors/Tuareg_sensors.o
                0x00000000080080c4                Tuareg_update_MAP_sensor
 .text.Tuareg_update_O2_sensor
                0x0000000008008120       0x54 obj/Release/src/sensors/Tuareg_sensors.o
                0x0000000008008120                Tuareg_update_O2_sensor
 .text.Tuareg_update_TPS_sensor
                0x0000000008008174       0x54 obj/Release/src/sensors/Tuareg_sensors.o
                0x0000000008008174                Tuareg_update_TPS_sensor
 .text.Tuareg_update_IAT_sensor
                0x00000000080081c8       0x64 obj/Release/src/sensors/Tuareg_sensors.o
                0x00000000080081c8                Tuareg_update_IAT_sensor
 .text.Tuareg_update_CLT_sensor
                0x000000000800822c       0x68 obj/Release/src/sensors/Tuareg_sensors.o
                0x000000000800822c                Tuareg_update_CLT_sensor
 .text.Tuareg_update_VBAT_sensor
                0x0000000008008294       0x58 obj/Release/src/sensors/Tuareg_sensors.o
                0x0000000008008294                Tuareg_update_VBAT_sensor
 .text.Tuareg_update_KNOCK_sensor
                0x00000000080082ec       0x58 obj/Release/src/sensors/Tuareg_sensors.o
                0x00000000080082ec                Tuareg_update_KNOCK_sensor
 .text.Tuareg_update_BARO_sensor
                0x0000000008008344       0x5c obj/Release/src/sensors/Tuareg_sensors.o
                0x0000000008008344                Tuareg_update_BARO_sensor
 .text.Tuareg_update_GEAR_sensor
                0x00000000080083a0       0x74 obj/Release/src/sensors/Tuareg_sensors.o
                0x00000000080083a0                Tuareg_update_GEAR_sensor
 .text.init_Sensors
                0x0000000008008414       0xf0 obj/Release/src/sensors/Tuareg_sensors.o
                0x0000000008008414                init_Sensors
 .text.adc_set_regular_group
                0x0000000008008504       0x6e obj/Release/src/stm32_libs/stm32f4xx/boctok/stm32f4xx_adc_boctok.o
                0x0000000008008504                adc_set_regular_group
 .text.adc_set_regular_group_length
                0x0000000008008572       0x18 obj/Release/src/stm32_libs/stm32f4xx/boctok/stm32f4xx_adc_boctok.o
                0x0000000008008572                adc_set_regular_group_length
 .text.adc_set_sample_time
                0x000000000800858a       0x3c obj/Release/src/stm32_libs/stm32f4xx/boctok/stm32f4xx_adc_boctok.o
                0x000000000800858a                adc_set_sample_time
 .text.adc_start_injected_group
                0x00000000080085c6        0xa obj/Release/src/stm32_libs/stm32f4xx/boctok/stm32f4xx_adc_boctok.o
                0x00000000080085c6                adc_start_injected_group
 .text.getScbDump
                0x00000000080085d0       0x24 obj/Release/src/stm32_libs/stm32f4xx/boctok/stm32f4xx_fault_handler_boctok.o
                0x00000000080085d0                getScbDump
 .text.getStackRegisters
                0x00000000080085f4       0x30 obj/Release/src/stm32_libs/stm32f4xx/boctok/stm32f4xx_fault_handler_boctok.o
                0x00000000080085f4                getStackRegisters
 .text.HardFault_Handler
                0x0000000008008624       0x28 obj/Release/src/stm32_libs/stm32f4xx/boctok/stm32f4xx_fault_handler_boctok.o
                0x0000000008008624                HardFault_Handler
 .text.NMI_Handler
                0x000000000800864c       0x28 obj/Release/src/stm32_libs/stm32f4xx/boctok/stm32f4xx_fault_handler_boctok.o
                0x000000000800864c                NMI_Handler
 .text.MemManage_Handler
                0x0000000008008674       0x28 obj/Release/src/stm32_libs/stm32f4xx/boctok/stm32f4xx_fault_handler_boctok.o
                0x0000000008008674                MemManage_Handler
 .text.BusFault_Handler
                0x000000000800869c       0x28 obj/Release/src/stm32_libs/stm32f4xx/boctok/stm32f4xx_fault_handler_boctok.o
                0x000000000800869c                BusFault_Handler
 .text.UsageFault_Handler
                0x00000000080086c4       0x28 obj/Release/src/stm32_libs/stm32f4xx/boctok/stm32f4xx_fault_handler_boctok.o
                0x00000000080086c4                UsageFault_Handler
 .text.SVC_Handler
                0x00000000080086ec       0x28 obj/Release/src/stm32_libs/stm32f4xx/boctok/stm32f4xx_fault_handler_boctok.o
                0x00000000080086ec                SVC_Handler
 .text.DebugMon_Handler
                0x0000000008008714       0x28 obj/Release/src/stm32_libs/stm32f4xx/boctok/stm32f4xx_fault_handler_boctok.o
                0x0000000008008714                DebugMon_Handler
 .text.PendSV_Handler
                0x000000000800873c       0x28 obj/Release/src/stm32_libs/stm32f4xx/boctok/stm32f4xx_fault_handler_boctok.o
                0x000000000800873c                PendSV_Handler
 .text.WWDG_IRQHandler
                0x0000000008008764       0x28 obj/Release/src/stm32_libs/stm32f4xx/boctok/stm32f4xx_fault_handler_boctok.o
                0x0000000008008764                WWDG_IRQHandler
 .text.FPU_IRQHandler
                0x000000000800878c       0x28 obj/Release/src/stm32_libs/stm32f4xx/boctok/stm32f4xx_fault_handler_boctok.o
                0x000000000800878c                FPU_IRQHandler
 .text.GPIO_configure
                0x00000000080087b4       0x6c obj/Release/src/stm32_libs/stm32f4xx/boctok/stm32f4xx_gpio_boctok.o
                0x00000000080087b4                GPIO_configure
 .text.SYSCFG_map_EXTI
                0x0000000008008820       0x98 obj/Release/src/stm32_libs/stm32f4xx/boctok/stm32f4xx_gpio_boctok.o
                0x0000000008008820                SYSCFG_map_EXTI
 .text.gpio_set_pin
                0x00000000080088b8       0x36 obj/Release/src/stm32_libs/stm32f4xx/boctok/stm32f4xx_gpio_boctok.o
                0x00000000080088b8                gpio_set_pin
 .text.GPIO_SetAF
                0x00000000080088ee       0x44 obj/Release/src/stm32_libs/stm32f4xx/boctok/stm32f4xx_gpio_boctok.o
                0x00000000080088ee                GPIO_SetAF
 *fill*         0x0000000008008932        0x2 
 .text.Reset_Handler
                0x0000000008008934       0x50 obj/Release/src/stm32_libs/stm32f4xx/cmsis/startup_stm32f410xx.o
                0x0000000008008934                Reset_Handler
 .text.Default_Handler
                0x0000000008008984        0x2 obj/Release/src/stm32_libs/stm32f4xx/cmsis/startup_stm32f410xx.o
                0x0000000008008984                RTC_Alarm_IRQHandler
                0x0000000008008984                FMPI2C1_EV_IRQHandler
                0x0000000008008984                TIM1_CC_IRQHandler
                0x0000000008008984                DMA2_Stream5_IRQHandler
                0x0000000008008984                DMA1_Stream5_IRQHandler
                0x0000000008008984                PVD_IRQHandler
                0x0000000008008984                TAMP_STAMP_IRQHandler
                0x0000000008008984                EXTI3_IRQHandler
                0x0000000008008984                I2C2_EV_IRQHandler
                0x0000000008008984                DMA1_Stream2_IRQHandler
                0x0000000008008984                DMA2_Stream2_IRQHandler
                0x0000000008008984                SPI1_IRQHandler
                0x0000000008008984                TIM6_DAC_IRQHandler
                0x0000000008008984                DMA2_Stream3_IRQHandler
                0x0000000008008984                USART6_IRQHandler
                0x0000000008008984                I2C1_EV_IRQHandler
                0x0000000008008984                DMA1_Stream6_IRQHandler
                0x0000000008008984                DMA1_Stream1_IRQHandler
                0x0000000008008984                RCC_IRQHandler
                0x0000000008008984                Default_Handler
                0x0000000008008984                EXTI15_10_IRQHandler
                0x0000000008008984                DMA1_Stream7_IRQHandler
                0x0000000008008984                SPI5_IRQHandler
                0x0000000008008984                DMA2_Stream7_IRQHandler
                0x0000000008008984                EXTI9_5_IRQHandler
                0x0000000008008984                RTC_WKUP_IRQHandler
                0x0000000008008984                SPI2_IRQHandler
                0x0000000008008984                DMA1_Stream0_IRQHandler
                0x0000000008008984                FMPI2C1_ER_IRQHandler
                0x0000000008008984                EXTI4_IRQHandler
                0x0000000008008984                RNG_IRQHandler
                0x0000000008008984                TIM1_UP_IRQHandler
                0x0000000008008984                TIM1_TRG_COM_TIM11_IRQHandler
                0x0000000008008984                USART2_IRQHandler
                0x0000000008008984                I2C2_ER_IRQHandler
                0x0000000008008984                DMA2_Stream1_IRQHandler
                0x0000000008008984                FLASH_IRQHandler
                0x0000000008008984                DMA2_Stream4_IRQHandler
                0x0000000008008984                DMA1_Stream4_IRQHandler
                0x0000000008008984                I2C1_ER_IRQHandler
                0x0000000008008984                LPTIM1_IRQHandler
                0x0000000008008984                DMA2_Stream6_IRQHandler
                0x0000000008008984                DMA1_Stream3_IRQHandler
 .text._init    0x0000000008008986        0x2 obj/Release/src/stm32_libs/stm32f4xx/cmsis/system_hse100_stm32f410.o
                0x0000000008008986                _init
 .text.SystemInit
                0x0000000008008988       0xf0 obj/Release/src/stm32_libs/stm32f4xx/cmsis/system_hse100_stm32f410.o
                0x0000000008008988                SystemInit
 .text.NVIC_PriorityGroupConfig
                0x0000000008008a78       0x14 obj/Release/src/stm32_libs/stm32f4xx/spl/misc.o
                0x0000000008008a78                NVIC_PriorityGroupConfig
 .text.DMA_Init
                0x0000000008008a8c       0x54 obj/Release/src/stm32_libs/stm32f4xx/spl/stm32f4xx_dma.o
                0x0000000008008a8c                DMA_Init
 .text.DMA_StructInit
                0x0000000008008ae0       0x22 obj/Release/src/stm32_libs/stm32f4xx/spl/stm32f4xx_dma.o
                0x0000000008008ae0                DMA_StructInit
 *fill*         0x0000000008008b02        0x2 
 .text.I2C_Init
                0x0000000008008b04       0xc8 obj/Release/src/stm32_libs/stm32f4xx/spl/stm32f4xx_i2c.o
                0x0000000008008b04                I2C_Init
 .text.I2C_Cmd  0x0000000008008bcc       0x16 obj/Release/src/stm32_libs/stm32f4xx/spl/stm32f4xx_i2c.o
                0x0000000008008bcc                I2C_Cmd
 .text.I2C_GenerateSTART
                0x0000000008008be2       0x16 obj/Release/src/stm32_libs/stm32f4xx/spl/stm32f4xx_i2c.o
                0x0000000008008be2                I2C_GenerateSTART
 .text.I2C_GenerateSTOP
                0x0000000008008bf8       0x16 obj/Release/src/stm32_libs/stm32f4xx/spl/stm32f4xx_i2c.o
                0x0000000008008bf8                I2C_GenerateSTOP
 .text.I2C_Send7bitAddress
                0x0000000008008c0e       0x12 obj/Release/src/stm32_libs/stm32f4xx/spl/stm32f4xx_i2c.o
                0x0000000008008c0e                I2C_Send7bitAddress
 .text.I2C_AcknowledgeConfig
                0x0000000008008c20       0x16 obj/Release/src/stm32_libs/stm32f4xx/spl/stm32f4xx_i2c.o
                0x0000000008008c20                I2C_AcknowledgeConfig
 .text.I2C_SendData
                0x0000000008008c36        0x4 obj/Release/src/stm32_libs/stm32f4xx/spl/stm32f4xx_i2c.o
                0x0000000008008c36                I2C_SendData
 .text.I2C_ReceiveData
                0x0000000008008c3a        0x6 obj/Release/src/stm32_libs/stm32f4xx/spl/stm32f4xx_i2c.o
                0x0000000008008c3a                I2C_ReceiveData
 .text.I2C_CheckEvent
                0x0000000008008c40       0x16 obj/Release/src/stm32_libs/stm32f4xx/spl/stm32f4xx_i2c.o
                0x0000000008008c40                I2C_CheckEvent
 .text.I2C_GetFlagStatus
                0x0000000008008c56       0x34 obj/Release/src/stm32_libs/stm32f4xx/spl/stm32f4xx_i2c.o
                0x0000000008008c56                I2C_GetFlagStatus
 .text.I2C_ClearFlag
                0x0000000008008c8a        0x8 obj/Release/src/stm32_libs/stm32f4xx/spl/stm32f4xx_i2c.o
                0x0000000008008c8a                I2C_ClearFlag
 *fill*         0x0000000008008c92        0x2 
 .text.RCC_GetClocksFreq
                0x0000000008008c94       0x88 obj/Release/src/stm32_libs/stm32f4xx/spl/stm32f4xx_rcc.o
                0x0000000008008c94                RCC_GetClocksFreq
 .text.USART_Init
                0x0000000008008d1c       0xb0 obj/Release/src/stm32_libs/stm32f4xx/spl/stm32f4xx_usart.o
                0x0000000008008d1c                USART_Init
 .text.USART_Cmd
                0x0000000008008dcc       0x16 obj/Release/src/stm32_libs/stm32f4xx/spl/stm32f4xx_usart.o
                0x0000000008008dcc                USART_Cmd
 .text.USART_ReceiveData
                0x0000000008008de2        0x8 obj/Release/src/stm32_libs/stm32f4xx/spl/stm32f4xx_usart.o
                0x0000000008008de2                USART_ReceiveData
 .text.USART_ITConfig
                0x0000000008008dea       0x32 obj/Release/src/stm32_libs/stm32f4xx/spl/stm32f4xx_usart.o
                0x0000000008008dea                USART_ITConfig
 .text.Eeprom_init
                0x0000000008008e1c       0xa0 obj/Release/src/storage/eeprom.o
                0x0000000008008e1c                Eeprom_init
 .text.eeprom_wait
                0x0000000008008ebc       0xb0 obj/Release/src/storage/eeprom.o
                0x0000000008008ebc                eeprom_wait
 .text.eeprom_write_byte
                0x0000000008008f6c      0x104 obj/Release/src/storage/eeprom.o
                0x0000000008008f6c                eeprom_write_byte
 .text.eeprom_read_byte
                0x0000000008009070      0x188 obj/Release/src/storage/eeprom.o
                0x0000000008009070                eeprom_read_byte
 .text.eeprom_update_byte
                0x00000000080091f8       0x58 obj/Release/src/storage/eeprom.o
                0x00000000080091f8                eeprom_update_byte
 .text.Eeprom_load_data
                0x0000000008009250       0x40 obj/Release/src/storage/eeprom.o
                0x0000000008009250                Eeprom_load_data
 .text.Eeprom_update_data
                0x0000000008009290       0x38 obj/Release/src/storage/eeprom.o
                0x0000000008009290                Eeprom_update_data
 .text.getValue_t2D
                0x00000000080092c8       0xbc obj/Release/src/storage/table.o
                0x00000000080092c8                getValue_t2D
 .text.getValue_t3D
                0x0000000008009384      0x304 obj/Release/src/storage/table.o
                0x0000000008009384                getValue_t3D
 .text.load_t2D_data
                0x0000000008009688        0xc obj/Release/src/storage/table.o
                0x0000000008009688                load_t2D_data
 .text.load_t2D
                0x0000000008009694        0xe obj/Release/src/storage/table.o
                0x0000000008009694                load_t2D
 .text.load_t3D_data
                0x00000000080096a2        0xe obj/Release/src/storage/table.o
                0x00000000080096a2                load_t3D_data
 .text.store_t2D_data
                0x00000000080096b0        0xc obj/Release/src/storage/table.o
                0x00000000080096b0                store_t2D_data
 .text.store_t2D
                0x00000000080096bc        0xe obj/Release/src/storage/table.o
                0x00000000080096bc                store_t2D
 .text.store_t3D_data
                0x00000000080096ca        0xe obj/Release/src/storage/table.o
                0x00000000080096ca                store_t3D_data
 .text.show_t3D_data
                0x00000000080096d8       0xa4 obj/Release/src/storage/table.o
                0x00000000080096d8                show_t3D_data
 .text.show_t2D_data
                0x000000000800977c       0x64 obj/Release/src/storage/table.o
                0x000000000800977c                show_t2D_data
 .text.modify_t2D_data
                0x00000000080097e0        0xe obj/Release/src/storage/table.o
                0x00000000080097e0                modify_t2D_data
 .text.modify_t3D_data
                0x00000000080097ee       0x10 obj/Release/src/storage/table.o
                0x00000000080097ee                modify_t3D_data
 .text.send_t2D_data
                0x00000000080097fe        0x6 obj/Release/src/storage/table.o
                0x00000000080097fe                send_t2D_data
 .text.send_t3D_data
                0x0000000008009804        0x8 obj/Release/src/storage/table.o
                0x0000000008009804                send_t3D_data
 .text.allocate_timer_channel_1
                0x000000000800980c       0x3c obj/Release/src/timing/scheduler.o
                0x000000000800980c                allocate_timer_channel_1
 .text.reset_timer_channel_1
                0x0000000008009848       0x30 obj/Release/src/timing/scheduler.o
                0x0000000008009848                reset_timer_channel_1
 .text.allocate_timer_channel_2
                0x0000000008009878       0x3c obj/Release/src/timing/scheduler.o
                0x0000000008009878                allocate_timer_channel_2
 .text.reset_timer_channel_2
                0x00000000080098b4       0x30 obj/Release/src/timing/scheduler.o
                0x00000000080098b4                reset_timer_channel_2
 .text.allocate_timer_channel_3
                0x00000000080098e4       0x3c obj/Release/src/timing/scheduler.o
                0x00000000080098e4                allocate_timer_channel_3
 .text.reset_timer_channel_3
                0x0000000008009920       0x30 obj/Release/src/timing/scheduler.o
                0x0000000008009920                reset_timer_channel_3
 .text.allocate_timer_channel_4
                0x0000000008009950       0x3c obj/Release/src/timing/scheduler.o
                0x0000000008009950                allocate_timer_channel_4
 .text.reset_timer_channel_4
                0x000000000800998c       0x30 obj/Release/src/timing/scheduler.o
                0x000000000800998c                reset_timer_channel_4
 .text.init_Vital_Scheduler
                0x00000000080099bc       0xd0 obj/Release/src/timing/scheduler.o
                0x00000000080099bc                init_Vital_Scheduler
 .text.scheduler_reset_channel
                0x0000000008009a8c       0x5c obj/Release/src/timing/scheduler.o
                0x0000000008009a8c                scheduler_reset_channel
 .text.allocate_channel
                0x0000000008009ae8       0x8c obj/Release/src/timing/scheduler.o
                0x0000000008009ae8                allocate_channel
 .text.scheduler_set_channel
                0x0000000008009b74      0x108 obj/Release/src/timing/scheduler.o
                0x0000000008009b74                scheduler_set_channel
 .text.TIM5_IRQHandler
                0x0000000008009c7c      0x128 obj/Release/src/timing/scheduler.o
                0x0000000008009c7c                TIM5_IRQHandler
 .text.scheduler_diag_log_event
                0x0000000008009da4       0x28 obj/Release/src/timing/scheduler_diag.o
                0x0000000008009da4                scheduler_diag_log_event
 .text.print_scheduler_diag
                0x0000000008009dcc       0x68 obj/Release/src/timing/scheduler_diag.o
                0x0000000008009dcc                print_scheduler_diag
 .text.init_systick_timer
                0x0000000008009e34       0x24 obj/Release/src/timing/systick_timer.o
                0x0000000008009e34                init_systick_timer
 .text.get_timestamp_fraction_us
                0x0000000008009e58       0x24 obj/Release/src/timing/systick_timer.o
                0x0000000008009e58                get_timestamp_fraction_us
 .text.SysTick_Handler
                0x0000000008009e7c       0xf4 obj/Release/src/timing/systick_timer.o
                0x0000000008009e7c                SysTick_Handler
 .text.calc_rot_duration_us
                0x0000000008009f70        0xc obj/Release/src/utils/base_calc.o
                0x0000000008009f70                calc_rot_duration_us
 .text.calc_rot_angle_deg
                0x0000000008009f7c       0x20 obj/Release/src/utils/base_calc.o
                0x0000000008009f7c                calc_rot_angle_deg
 .text.calc_rpm
                0x0000000008009f9c       0x20 obj/Release/src/utils/base_calc.o
                0x0000000008009f9c                calc_rpm
 .text.sub_VU32
                0x0000000008009fbc       0x14 obj/Release/src/utils/base_calc.o
                0x0000000008009fbc                sub_VU32
 .text.subtract_U32
                0x0000000008009fd0        0xa obj/Release/src/utils/base_calc.o
                0x0000000008009fd0                subtract_U32
 .text.divide_U32
                0x0000000008009fda       0x18 obj/Release/src/utils/base_calc.o
                0x0000000008009fda                divide_U32
 *fill*         0x0000000008009ff2        0x2 
 .text.divide_F32
                0x0000000008009ff4       0x2c obj/Release/src/utils/base_calc.o
                0x0000000008009ff4                divide_F32
 .text.divide_float
                0x000000000800a020       0x28 obj/Release/src/utils/base_calc.o
                0x000000000800a020                divide_float
 .text.crank_position_after
                0x000000000800a048       0x14 obj/Release/src/utils/base_calc.o
                0x000000000800a048                crank_position_after
 .text.opposite_phase
                0x000000000800a05c       0x10 obj/Release/src/utils/base_calc.o
                0x000000000800a05c                opposite_phase
 .text.solve_linear
                0x000000000800a06c       0x48 obj/Release/src/utils/base_calc.o